DEBUG: (test/bstree_tests.c :177 :main) -----RUNNING :././test/bstree_tests
DEBUG: (test/bstree_tests.c :169 :all_tests) 
------test_create
DEBUG: (test/bstree_tests.c :170 :all_tests) 
------test_get_set
DEBUG: (test/bstree_tests.c :171 :all_tests) 
------test_traverse
DEBUG: (test/bstree_tests.c :17 :traverse_good_cb) Key: test data 3
DEBUG: (test/bstree_tests.c :17 :traverse_good_cb) Key: test data 2
DEBUG: (test/bstree_tests.c :17 :traverse_good_cb) Key: test data 1
DEBUG: (test/bstree_tests.c :34 :traverse_fail_cb) Key: test data 3 
DEBUG: (test/bstree_tests.c :34 :traverse_fail_cb) Key: test data 2 
DEBUG: (test/bstree_tests.c :172 :all_tests) 
------test_delete
DEBUG: (src/bstree.c :284 :AVLTree_get) wow wtf
DEBUG: (test/bstree_tests.c :173 :all_tests) 
------test_destroy
DEBUG: (test/bstree_tests.c :174 :all_tests) 
------test_fuzzing
DEBUG: (src/bstree.c :140 :rotate) 3:88987410
DEBUG: (src/bstree.c :142 :rotate) 4:889877d0
DEBUG: (src/bstree.c :127 :rotate) 1:88987230
DEBUG: (src/bstree.c :129 :rotate) 2:889878c0
DEBUG: (src/bstree.c :140 :rotate) 3:889875f0
DEBUG: (src/bstree.c :142 :rotate) 4:88987140
DEBUG: (src/bstree.c :140 :rotate) 3:889876e0
DEBUG: (src/bstree.c :142 :rotate) 4:88987f50
DEBUG: (src/bstree.c :140 :rotate) 3:889879b0
DEBUG: (src/bstree.c :142 :rotate) 4:88988220
DEBUG: (src/bstree.c :140 :rotate) 3:88988e50
DEBUG: (src/bstree.c :142 :rotate) 4:88988f40
DEBUG: (src/bstree.c :140 :rotate) 3:88989120
DEBUG: (src/bstree.c :142 :rotate) 4:889894e0
DEBUG: (src/bstree.c :127 :rotate) 1:889895d0
DEBUG: (src/bstree.c :129 :rotate) 2:889896c0
DEBUG: (src/bstree.c :140 :rotate) 3:88988220
DEBUG: (src/bstree.c :142 :rotate) 4:889889a0
DEBUG: (src/bstree.c :140 :rotate) 3:88989990
DEBUG: (src/bstree.c :142 :rotate) 4:88989f30
DEBUG: (src/bstree.c :140 :rotate) 3:88988310
DEBUG: (src/bstree.c :142 :rotate) 4:88986ba0
DEBUG: (src/bstree.c :140 :rotate) 3:88986e70
DEBUG: (src/bstree.c :142 :rotate) 4:8898a2f0
DEBUG: (src/bstree.c :140 :rotate) 3:88989030
DEBUG: (src/bstree.c :142 :rotate) 4:8898ad40
DEBUG: (src/bstree.c :140 :rotate) 3:8898a890
DEBUG: (src/bstree.c :142 :rotate) 4:8898ae30
DEBUG: (src/bstree.c :140 :rotate) 3:88989a80
DEBUG: (src/bstree.c :142 :rotate) 4:8898b4c0
DEBUG: (src/bstree.c :127 :rotate) 1:8898b100
DEBUG: (src/bstree.c :129 :rotate) 2:8898b6a0
DEBUG: (src/bstree.c :127 :rotate) 1:8898aa70
DEBUG: (src/bstree.c :129 :rotate) 2:8898b6a0
DEBUG: (src/bstree.c :127 :rotate) 1:8898ae30
DEBUG: (src/bstree.c :129 :rotate) 2:8898a890
DEBUG: (src/bstree.c :127 :rotate) 1:88989e40
DEBUG: (src/bstree.c :129 :rotate) 2:8898b010
DEBUG: (test/bstree_tests.c :17 :traverse_good_cb) Key: 966340680
DEBUG: (test/bstree_tests.c :17 :traverse_good_cb) Key: 993787055
DEBUG: (test/bstree_tests.c :17 :traverse_good_cb) Key: 889899630
DEBUG: (test/bstree_tests.c :17 :traverse_good_cb) Key: 85670016
DEBUG: (test/bstree_tests.c :17 :traverse_good_cb) Key: 778401830
DEBUG: (test/bstree_tests.c :17 :traverse_good_cb) Key: 787712743
DEBUG: (test/bstree_tests.c :17 :traverse_good_cb) Key: 79585490
DEBUG: (test/bstree_tests.c :17 :traverse_good_cb) Key: 856351596
DEBUG: (test/bstree_tests.c :17 :traverse_good_cb) Key: 964039531
DEBUG: (test/bstree_tests.c :17 :traverse_good_cb) Key: 671625607
DEBUG: (test/bstree_tests.c :17 :traverse_good_cb) Key: 718044214
DEBUG: (test/bstree_tests.c :17 :traverse_good_cb) Key: 636149441
DEBUG: (test/bstree_tests.c :17 :traverse_good_cb) Key: 666501426
DEBUG: (test/bstree_tests.c :17 :traverse_good_cb) Key: 601686193
DEBUG: (test/bstree_tests.c :17 :traverse_good_cb) Key: 604470037
DEBUG: (test/bstree_tests.c :17 :traverse_good_cb) Key: 598669602
DEBUG: (test/bstree_tests.c :17 :traverse_good_cb) Key: 551330905
DEBUG: (test/bstree_tests.c :17 :traverse_good_cb) Key: 562173349
DEBUG: (test/bstree_tests.c :17 :traverse_good_cb) Key: 629463076
DEBUG: (test/bstree_tests.c :17 :traverse_good_cb) Key: 517235456
DEBUG: (test/bstree_tests.c :17 :traverse_good_cb) Key: 525539260
DEBUG: (test/bstree_tests.c :17 :traverse_good_cb) Key: 502519320
DEBUG: (test/bstree_tests.c :17 :traverse_good_cb) Key: 546349244
DEBUG: (test/bstree_tests.c :17 :traverse_good_cb) Key: 777925199
DEBUG: (test/bstree_tests.c :17 :traverse_good_cb) Key: 48735432
DEBUG: (test/bstree_tests.c :17 :traverse_good_cb) Key: 495993955
DEBUG: (test/bstree_tests.c :17 :traverse_good_cb) Key: 499087303
DEBUG: (test/bstree_tests.c :17 :traverse_good_cb) Key: 364654487
DEBUG: (test/bstree_tests.c :17 :traverse_good_cb) Key: 369637546
DEBUG: (test/bstree_tests.c :17 :traverse_good_cb) Key: 372664174
DEBUG: (test/bstree_tests.c :17 :traverse_good_cb) Key: 343473942
DEBUG: (test/bstree_tests.c :17 :traverse_good_cb) Key: 321022306
DEBUG: (test/bstree_tests.c :17 :traverse_good_cb) Key: 342423588
DEBUG: (test/bstree_tests.c :17 :traverse_good_cb) Key: 286994158
DEBUG: (test/bstree_tests.c :17 :traverse_good_cb) Key: 260579806
DEBUG: (test/bstree_tests.c :17 :traverse_good_cb) Key: 359874699
DEBUG: (test/bstree_tests.c :17 :traverse_good_cb) Key: 2138172734
DEBUG: (test/bstree_tests.c :17 :traverse_good_cb) Key: 2126622718
DEBUG: (test/bstree_tests.c :17 :traverse_good_cb) Key: 2139621191
DEBUG: (test/bstree_tests.c :17 :traverse_good_cb) Key: 2126082366
DEBUG: (test/bstree_tests.c :17 :traverse_good_cb) Key: 2097128359
DEBUG: (test/bstree_tests.c :17 :traverse_good_cb) Key: 2072679870
DEBUG: (test/bstree_tests.c :17 :traverse_good_cb) Key: 2077544234
DEBUG: (test/bstree_tests.c :17 :traverse_good_cb) Key: 431565439
DEBUG: (test/bstree_tests.c :17 :traverse_good_cb) Key: 460186890
DEBUG: (test/bstree_tests.c :17 :traverse_good_cb) Key: 2027778492
DEBUG: (test/bstree_tests.c :17 :traverse_good_cb) Key: 1964605432
DEBUG: (test/bstree_tests.c :17 :traverse_good_cb) Key: 2010421510
DEBUG: (test/bstree_tests.c :17 :traverse_good_cb) Key: 1930035249
DEBUG: (test/bstree_tests.c :17 :traverse_good_cb) Key: 1908938546
DEBUG: (test/bstree_tests.c :17 :traverse_good_cb) Key: 1922670366
DEBUG: (test/bstree_tests.c :17 :traverse_good_cb) Key: 19584125
DEBUG: (test/bstree_tests.c :17 :traverse_good_cb) Key: 1886487553
DEBUG: (test/bstree_tests.c :17 :traverse_good_cb) Key: 1855231471
DEBUG: (test/bstree_tests.c :17 :traverse_good_cb) Key: 1889801654
DEBUG: (test/bstree_tests.c :17 :traverse_good_cb) Key: 1840512527
DEBUG: (test/bstree_tests.c :17 :traverse_good_cb) Key: 185247244
DEBUG: (test/bstree_tests.c :17 :traverse_good_cb) Key: 1771863022
DEBUG: (test/bstree_tests.c :17 :traverse_good_cb) Key: 1768535188
DEBUG: (test/bstree_tests.c :17 :traverse_good_cb) Key: 1739706781
DEBUG: (test/bstree_tests.c :17 :traverse_good_cb) Key: 1758166630
DEBUG: (test/bstree_tests.c :17 :traverse_good_cb) Key: 1648358740
DEBUG: (test/bstree_tests.c :17 :traverse_good_cb) Key: 1636853086
DEBUG: (test/bstree_tests.c :17 :traverse_good_cb) Key: 1678581140
DEBUG: (test/bstree_tests.c :17 :traverse_good_cb) Key: 1584093421
DEBUG: (test/bstree_tests.c :17 :traverse_good_cb) Key: 1597549477
DEBUG: (test/bstree_tests.c :17 :traverse_good_cb) Key: 1615992157
DEBUG: (test/bstree_tests.c :17 :traverse_good_cb) Key: 1627221564
DEBUG: (test/bstree_tests.c :17 :traverse_good_cb) Key: 155870865
DEBUG: (test/bstree_tests.c :17 :traverse_good_cb) Key: 1570160550
DEBUG: (test/bstree_tests.c :17 :traverse_good_cb) Key: 1627668471
DEBUG: (test/bstree_tests.c :17 :traverse_good_cb) Key: 1519490221
DEBUG: (test/bstree_tests.c :17 :traverse_good_cb) Key: 1540891502
DEBUG: (test/bstree_tests.c :17 :traverse_good_cb) Key: 1628399536
DEBUG: (test/bstree_tests.c :17 :traverse_good_cb) Key: 1707614404
DEBUG: (test/bstree_tests.c :17 :traverse_good_cb) Key: 1707987026
DEBUG: (test/bstree_tests.c :17 :traverse_good_cb) Key: 1789846034
DEBUG: (test/bstree_tests.c :17 :traverse_good_cb) Key: 1460033486
DEBUG: (test/bstree_tests.c :17 :traverse_good_cb) Key: 141313624
DEBUG: (test/bstree_tests.c :17 :traverse_good_cb) Key: 1351908447
DEBUG: (test/bstree_tests.c :17 :traverse_good_cb) Key: 128320922
DEBUG: (test/bstree_tests.c :17 :traverse_good_cb) Key: 1219891604
DEBUG: (test/bstree_tests.c :17 :traverse_good_cb) Key: 1240619478
DEBUG: (test/bstree_tests.c :17 :traverse_good_cb) Key: 1188171849
DEBUG: (test/bstree_tests.c :17 :traverse_good_cb) Key: 1299619034
DEBUG: (test/bstree_tests.c :17 :traverse_good_cb) Key: 1408038152
DEBUG: (test/bstree_tests.c :17 :traverse_good_cb) Key: 1462689563
DEBUG: (test/bstree_tests.c :17 :traverse_good_cb) Key: 1166661203
DEBUG: (test/bstree_tests.c :17 :traverse_good_cb) Key: 1119232708
DEBUG: (test/bstree_tests.c :17 :traverse_good_cb) Key: 1127095165
DEBUG: (test/bstree_tests.c :17 :traverse_good_cb) Key: 1109986108
DEBUG: (test/bstree_tests.c :17 :traverse_good_cb) Key: 1047324860
DEBUG: (test/bstree_tests.c :17 :traverse_good_cb) Key: 110127063
DEBUG: (test/bstree_tests.c :17 :traverse_good_cb) Key: 1128581168
DEBUG: (test/bstree_tests.c :17 :traverse_good_cb) Key: 1007390010
DEBUG: (test/bstree_tests.c :17 :traverse_good_cb) Key: 1024664168
DEBUG: (test/bstree_tests.c :17 :traverse_good_cb) Key: 1025347579
DEBUG: (test/bstree_tests.c :17 :traverse_good_cb) Key: 1178811164
DEBUG: (test/bstree_tests.c :17 :traverse_good_cb) Key: 1906211180
DEBUG: (test/bstree_tests.c :17 :traverse_good_cb) Key: 50181604
DEBUG: (test/bstree_tests.c :140 :test_fuzzing) 100
DEBUG: (test/bstree_tests.c :22 :traverse_good_cb1) Key : 1007390010
DEBUG: (test/bstree_tests.c :25 :traverse_good_cb1) left
DEBUG: (test/bstree_tests.c :22 :traverse_good_cb1) Key : 1047324860
DEBUG: (test/bstree_tests.c :27 :traverse_good_cb1) right
DEBUG: (test/bstree_tests.c :22 :traverse_good_cb1) Key : 1025347579
DEBUG: (test/bstree_tests.c :27 :traverse_good_cb1) right
DEBUG: (test/bstree_tests.c :22 :traverse_good_cb1) Key : 1024664168
DEBUG: (test/bstree_tests.c :25 :traverse_good_cb1) left
DEBUG: (test/bstree_tests.c :22 :traverse_good_cb1) Key : 1109986108
DEBUG: (test/bstree_tests.c :25 :traverse_good_cb1) left
DEBUG: (test/bstree_tests.c :22 :traverse_good_cb1) Key : 1127095165
DEBUG: (test/bstree_tests.c :27 :traverse_good_cb1) right
DEBUG: (test/bstree_tests.c :22 :traverse_good_cb1) Key : 1119232708
DEBUG: (test/bstree_tests.c :25 :traverse_good_cb1) left
DEBUG: (test/bstree_tests.c :22 :traverse_good_cb1) Key : 1166661203
DEBUG: (test/bstree_tests.c :27 :traverse_good_cb1) right
DEBUG: (test/bstree_tests.c :22 :traverse_good_cb1) Key : 1128581168
DEBUG: (test/bstree_tests.c :27 :traverse_good_cb1) right
DEBUG: (test/bstree_tests.c :22 :traverse_good_cb1) Key : 110127063
DEBUG: (test/bstree_tests.c :25 :traverse_good_cb1) left
DEBUG: (test/bstree_tests.c :22 :traverse_good_cb1) Key : 1188171849
DEBUG: (test/bstree_tests.c :25 :traverse_good_cb1) left
DEBUG: (test/bstree_tests.c :22 :traverse_good_cb1) Key : 1219891604
DEBUG: (test/bstree_tests.c :25 :traverse_good_cb1) left
DEBUG: (test/bstree_tests.c :22 :traverse_good_cb1) Key : 128320922
DEBUG: (test/bstree_tests.c :25 :traverse_good_cb1) left
DEBUG: (test/bstree_tests.c :22 :traverse_good_cb1) Key : 1351908447
DEBUG: (test/bstree_tests.c :27 :traverse_good_cb1) right
DEBUG: (test/bstree_tests.c :22 :traverse_good_cb1) Key : 1299619034
DEBUG: (test/bstree_tests.c :27 :traverse_good_cb1) right
DEBUG: (test/bstree_tests.c :22 :traverse_good_cb1) Key : 1240619478
DEBUG: (test/bstree_tests.c :25 :traverse_good_cb1) left
DEBUG: (test/bstree_tests.c :22 :traverse_good_cb1) Key : 1460033486
DEBUG: (test/bstree_tests.c :27 :traverse_good_cb1) right
DEBUG: (test/bstree_tests.c :22 :traverse_good_cb1) Key : 141313624
DEBUG: (test/bstree_tests.c :27 :traverse_good_cb1) right
DEBUG: (test/bstree_tests.c :22 :traverse_good_cb1) Key : 1408038152
DEBUG: (test/bstree_tests.c :27 :traverse_good_cb1) right
DEBUG: (test/bstree_tests.c :22 :traverse_good_cb1) Key : 1178811164
DEBUG: (test/bstree_tests.c :25 :traverse_good_cb1) left
DEBUG: (test/bstree_tests.c :22 :traverse_good_cb1) Key : 1519490221
DEBUG: (test/bstree_tests.c :25 :traverse_good_cb1) left
DEBUG: (test/bstree_tests.c :22 :traverse_good_cb1) Key : 155870865
DEBUG: (test/bstree_tests.c :27 :traverse_good_cb1) right
DEBUG: (test/bstree_tests.c :22 :traverse_good_cb1) Key : 1540891502
DEBUG: (test/bstree_tests.c :25 :traverse_good_cb1) left
DEBUG: (test/bstree_tests.c :22 :traverse_good_cb1) Key : 1584093421
DEBUG: (test/bstree_tests.c :25 :traverse_good_cb1) left
DEBUG: (test/bstree_tests.c :22 :traverse_good_cb1) Key : 1615992157
DEBUG: (test/bstree_tests.c :27 :traverse_good_cb1) right
DEBUG: (test/bstree_tests.c :22 :traverse_good_cb1) Key : 1597549477
DEBUG: (test/bstree_tests.c :25 :traverse_good_cb1) left
DEBUG: (test/bstree_tests.c :22 :traverse_good_cb1) Key : 1627668471
DEBUG: (test/bstree_tests.c :27 :traverse_good_cb1) right
DEBUG: (test/bstree_tests.c :22 :traverse_good_cb1) Key : 1627221564
DEBUG: (test/bstree_tests.c :27 :traverse_good_cb1) right
DEBUG: (test/bstree_tests.c :22 :traverse_good_cb1) Key : 1570160550
DEBUG: (test/bstree_tests.c :25 :traverse_good_cb1) left
DEBUG: (test/bstree_tests.c :22 :traverse_good_cb1) Key : 1636853086
DEBUG: (test/bstree_tests.c :25 :traverse_good_cb1) left
DEBUG: (test/bstree_tests.c :22 :traverse_good_cb1) Key : 1678581140
DEBUG: (test/bstree_tests.c :27 :traverse_good_cb1) right
DEBUG: (test/bstree_tests.c :22 :traverse_good_cb1) Key : 1648358740
DEBUG: (test/bstree_tests.c :25 :traverse_good_cb1) left
DEBUG: (test/bstree_tests.c :22 :traverse_good_cb1) Key : 1739706781
DEBUG: (test/bstree_tests.c :27 :traverse_good_cb1) right
DEBUG: (test/bstree_tests.c :22 :traverse_good_cb1) Key : 1707987026
DEBUG: (test/bstree_tests.c :27 :traverse_good_cb1) right
DEBUG: (test/bstree_tests.c :22 :traverse_good_cb1) Key : 1707614404
DEBUG: (test/bstree_tests.c :25 :traverse_good_cb1) left
DEBUG: (test/bstree_tests.c :22 :traverse_good_cb1) Key : 1771863022
DEBUG: (test/bstree_tests.c :27 :traverse_good_cb1) right
DEBUG: (test/bstree_tests.c :22 :traverse_good_cb1) Key : 1768535188
DEBUG: (test/bstree_tests.c :25 :traverse_good_cb1) left
DEBUG: (test/bstree_tests.c :22 :traverse_good_cb1) Key : 1840512527
DEBUG: (test/bstree_tests.c :25 :traverse_good_cb1) left
DEBUG: (test/bstree_tests.c :22 :traverse_good_cb1) Key : 185247244
DEBUG: (test/bstree_tests.c :25 :traverse_good_cb1) left
DEBUG: (test/bstree_tests.c :22 :traverse_good_cb1) Key : 1886487553
DEBUG: (test/bstree_tests.c :25 :traverse_good_cb1) left
DEBUG: (test/bstree_tests.c :22 :traverse_good_cb1) Key : 1889801654
DEBUG: (test/bstree_tests.c :27 :traverse_good_cb1) right
DEBUG: (test/bstree_tests.c :22 :traverse_good_cb1) Key : 1855231471
DEBUG: (test/bstree_tests.c :27 :traverse_good_cb1) right
DEBUG: (test/bstree_tests.c :22 :traverse_good_cb1) Key : 1789846034
DEBUG: (test/bstree_tests.c :27 :traverse_good_cb1) right
DEBUG: (test/bstree_tests.c :22 :traverse_good_cb1) Key : 1758166630
DEBUG: (test/bstree_tests.c :27 :traverse_good_cb1) right
DEBUG: (test/bstree_tests.c :22 :traverse_good_cb1) Key : 1628399536
DEBUG: (test/bstree_tests.c :27 :traverse_good_cb1) right
DEBUG: (test/bstree_tests.c :22 :traverse_good_cb1) Key : 1462689563
DEBUG: (test/bstree_tests.c :25 :traverse_good_cb1) left
DEBUG: (test/bstree_tests.c :22 :traverse_good_cb1) Key : 1908938546
DEBUG: (test/bstree_tests.c :25 :traverse_good_cb1) left
DEBUG: (test/bstree_tests.c :22 :traverse_good_cb1) Key : 1930035249
DEBUG: (test/bstree_tests.c :27 :traverse_good_cb1) right
DEBUG: (test/bstree_tests.c :22 :traverse_good_cb1) Key : 1922670366
DEBUG: (test/bstree_tests.c :25 :traverse_good_cb1) left
DEBUG: (test/bstree_tests.c :22 :traverse_good_cb1) Key : 1964605432
DEBUG: (test/bstree_tests.c :27 :traverse_good_cb1) right
DEBUG: (test/bstree_tests.c :22 :traverse_good_cb1) Key : 19584125
DEBUG: (test/bstree_tests.c :25 :traverse_good_cb1) left
DEBUG: (test/bstree_tests.c :22 :traverse_good_cb1) Key : 2072679870
DEBUG: (test/bstree_tests.c :27 :traverse_good_cb1) right
DEBUG: (test/bstree_tests.c :22 :traverse_good_cb1) Key : 2027778492
DEBUG: (test/bstree_tests.c :27 :traverse_good_cb1) right
DEBUG: (test/bstree_tests.c :22 :traverse_good_cb1) Key : 2010421510
DEBUG: (test/bstree_tests.c :25 :traverse_good_cb1) left
DEBUG: (test/bstree_tests.c :22 :traverse_good_cb1) Key : 2097128359
DEBUG: (test/bstree_tests.c :25 :traverse_good_cb1) left
DEBUG: (test/bstree_tests.c :22 :traverse_good_cb1) Key : 2126082366
DEBUG: (test/bstree_tests.c :25 :traverse_good_cb1) left
DEBUG: (test/bstree_tests.c :22 :traverse_good_cb1) Key : 2138172734
DEBUG: (test/bstree_tests.c :25 :traverse_good_cb1) left
DEBUG: (test/bstree_tests.c :22 :traverse_good_cb1) Key : 260579806
DEBUG: (test/bstree_tests.c :27 :traverse_good_cb1) right
DEBUG: (test/bstree_tests.c :22 :traverse_good_cb1) Key : 2139621191
DEBUG: (test/bstree_tests.c :27 :traverse_good_cb1) right
DEBUG: (test/bstree_tests.c :22 :traverse_good_cb1) Key : 2126622718
DEBUG: (test/bstree_tests.c :25 :traverse_good_cb1) left
DEBUG: (test/bstree_tests.c :22 :traverse_good_cb1) Key : 321022306
DEBUG: (test/bstree_tests.c :25 :traverse_good_cb1) left
DEBUG: (test/bstree_tests.c :22 :traverse_good_cb1) Key : 343473942
DEBUG: (test/bstree_tests.c :27 :traverse_good_cb1) right
DEBUG: (test/bstree_tests.c :22 :traverse_good_cb1) Key : 342423588
DEBUG: (test/bstree_tests.c :25 :traverse_good_cb1) left
DEBUG: (test/bstree_tests.c :22 :traverse_good_cb1) Key : 364654487
DEBUG: (test/bstree_tests.c :25 :traverse_good_cb1) left
DEBUG: (test/bstree_tests.c :22 :traverse_good_cb1) Key : 372664174
DEBUG: (test/bstree_tests.c :27 :traverse_good_cb1) right
DEBUG: (test/bstree_tests.c :22 :traverse_good_cb1) Key : 369637546
DEBUG: (test/bstree_tests.c :27 :traverse_good_cb1) right
DEBUG: (test/bstree_tests.c :22 :traverse_good_cb1) Key : 359874699
DEBUG: (test/bstree_tests.c :25 :traverse_good_cb1) left
DEBUG: (test/bstree_tests.c :22 :traverse_good_cb1) Key : 48735432
DEBUG: (test/bstree_tests.c :27 :traverse_good_cb1) right
DEBUG: (test/bstree_tests.c :22 :traverse_good_cb1) Key : 460186890
DEBUG: (test/bstree_tests.c :25 :traverse_good_cb1) left
DEBUG: (test/bstree_tests.c :22 :traverse_good_cb1) Key : 499087303
DEBUG: (test/bstree_tests.c :27 :traverse_good_cb1) right
DEBUG: (test/bstree_tests.c :22 :traverse_good_cb1) Key : 495993955
DEBUG: (test/bstree_tests.c :27 :traverse_good_cb1) right
DEBUG: (test/bstree_tests.c :22 :traverse_good_cb1) Key : 431565439
DEBUG: (test/bstree_tests.c :27 :traverse_good_cb1) right
DEBUG: (test/bstree_tests.c :22 :traverse_good_cb1) Key : 286994158
DEBUG: (test/bstree_tests.c :27 :traverse_good_cb1) right
DEBUG: (test/bstree_tests.c :22 :traverse_good_cb1) Key : 2077544234
DEBUG: (test/bstree_tests.c :25 :traverse_good_cb1) left
DEBUG: (test/bstree_tests.c :22 :traverse_good_cb1) Key : 502519320
DEBUG: (test/bstree_tests.c :25 :traverse_good_cb1) left
DEBUG: (test/bstree_tests.c :22 :traverse_good_cb1) Key : 525539260
DEBUG: (test/bstree_tests.c :27 :traverse_good_cb1) right
DEBUG: (test/bstree_tests.c :22 :traverse_good_cb1) Key : 517235456
DEBUG: (test/bstree_tests.c :25 :traverse_good_cb1) left
DEBUG: (test/bstree_tests.c :22 :traverse_good_cb1) Key : 551330905
DEBUG: (test/bstree_tests.c :25 :traverse_good_cb1) left
DEBUG: (test/bstree_tests.c :22 :traverse_good_cb1) Key : 562173349
DEBUG: (test/bstree_tests.c :25 :traverse_good_cb1) left
DEBUG: (test/bstree_tests.c :22 :traverse_good_cb1) Key : 601686193
DEBUG: (test/bstree_tests.c :25 :traverse_good_cb1) left
DEBUG: (test/bstree_tests.c :22 :traverse_good_cb1) Key : 604470037
DEBUG: (test/bstree_tests.c :27 :traverse_good_cb1) right
DEBUG: (test/bstree_tests.c :22 :traverse_good_cb1) Key : 598669602
DEBUG: (test/bstree_tests.c :27 :traverse_good_cb1) right
DEBUG: (test/bstree_tests.c :22 :traverse_good_cb1) Key : 546349244
DEBUG: (test/bstree_tests.c :25 :traverse_good_cb1) left
DEBUG: (test/bstree_tests.c :22 :traverse_good_cb1) Key : 636149441
DEBUG: (test/bstree_tests.c :25 :traverse_good_cb1) left
DEBUG: (test/bstree_tests.c :22 :traverse_good_cb1) Key : 671625607
DEBUG: (test/bstree_tests.c :25 :traverse_good_cb1) left
DEBUG: (test/bstree_tests.c :22 :traverse_good_cb1) Key : 718044214
DEBUG: (test/bstree_tests.c :27 :traverse_good_cb1) right
DEBUG: (test/bstree_tests.c :22 :traverse_good_cb1) Key : 666501426
DEBUG: (test/bstree_tests.c :25 :traverse_good_cb1) left
DEBUG: (test/bstree_tests.c :22 :traverse_good_cb1) Key : 778401830
DEBUG: (test/bstree_tests.c :25 :traverse_good_cb1) left
DEBUG: (test/bstree_tests.c :22 :traverse_good_cb1) Key : 79585490
DEBUG: (test/bstree_tests.c :27 :traverse_good_cb1) right
DEBUG: (test/bstree_tests.c :22 :traverse_good_cb1) Key : 787712743
DEBUG: (test/bstree_tests.c :25 :traverse_good_cb1) left
DEBUG: (test/bstree_tests.c :22 :traverse_good_cb1) Key : 889899630
DEBUG: (test/bstree_tests.c :27 :traverse_good_cb1) right
DEBUG: (test/bstree_tests.c :22 :traverse_good_cb1) Key : 85670016
DEBUG: (test/bstree_tests.c :25 :traverse_good_cb1) left
DEBUG: (test/bstree_tests.c :22 :traverse_good_cb1) Key : 966340680
DEBUG: (test/bstree_tests.c :25 :traverse_good_cb1) left
DEBUG: (test/bstree_tests.c :22 :traverse_good_cb1) Key : 993787055
DEBUG: (test/bstree_tests.c :27 :traverse_good_cb1) right
DEBUG: (test/bstree_tests.c :22 :traverse_good_cb1) Key : 964039531
DEBUG: (test/bstree_tests.c :27 :traverse_good_cb1) right
DEBUG: (test/bstree_tests.c :22 :traverse_good_cb1) Key : 856351596
DEBUG: (test/bstree_tests.c :27 :traverse_good_cb1) right
DEBUG: (test/bstree_tests.c :22 :traverse_good_cb1) Key : 777925199
DEBUG: (test/bstree_tests.c :27 :traverse_good_cb1) right
DEBUG: (test/bstree_tests.c :22 :traverse_good_cb1) Key : 629463076
DEBUG: (test/bstree_tests.c :27 :traverse_good_cb1) right
DEBUG: (test/bstree_tests.c :22 :traverse_good_cb1) Key : 50181604
DEBUG: (test/bstree_tests.c :27 :traverse_good_cb1) right
DEBUG: (test/bstree_tests.c :22 :traverse_good_cb1) Key : 1906211180
DEBUG: (test/bstree_tests.c :143 :test_fuzzing) 100
DEBUG: (test/bstring_tests.c :50 :main) -----RUNNING :././test/bstring_tests
DEBUG: (test/bstring_tests.c :47 :all_tests) 
------test_string
DEBUG: (test/bstring_tests.c :20 :test_string) conwow
DEBUG: (test/bstring_tests.c :27 :test_string) 1
DEBUG: (test/bstring_tests.c :31 :test_string) 3
DEBUG: (test/bstring_tests.c :33 :test_string) d
DEBUG: (test/bstring_tests.c :34 :test_string) mwowvai
DEBUG: (test/bstring_tests.c :35 :test_string) alon
DEBUG: (test/bstring_tests.c :36 :test_string) 3 4
DEBUG: (test/bstring_tests.c :41 :test_string) 123 SSS
DEBUG: (test/darray_algos_tests.c :65 :main) -----RUNNING :././test/darray_algos_tests
DEBUG: (test/darray_algos_tests.c :59 :all_tests) 
------test_qsort
DEBUG: (test/darray_algos_tests.c :20 :is_sorted) unsorted numbers: xasd 123: 1 
DEBUG: (test/darray_algos_tests.c :29 :run_sort_test) ------------------testing sorting algo: qsort
DEBUG: (src/darray_algos.c :20 :quicksort) start 0 -end 4
DEBUG: (src/darray_algos.c :21 :quicksort) piv_location: 2, pivot XXX,same XXX
DEBUG: (src/darray_algos.c :20 :quicksort) start 0 -end 1
DEBUG: (src/darray_algos.c :21 :quicksort) piv_location: 1, pivot Qerf,same Qerf
DEBUG: (src/darray_algos.c :20 :quicksort) start 3 -end 4
DEBUG: (src/darray_algos.c :21 :quicksort) piv_location: 3, pivot qwe,same qwe
DEBUG: (test/darray_algos_tests.c :60 :all_tests) 
------test_heapsort
DEBUG: (test/darray_algos_tests.c :20 :is_sorted) unsorted numbers: xasd 123: 1 
DEBUG: (test/darray_algos_tests.c :29 :run_sort_test) ------------------testing sorting algo: heapsort
DEBUG: (test/darray_algos_tests.c :61 :all_tests) 
------test_mergesort
DEBUG: (test/darray_algos_tests.c :20 :is_sorted) unsorted numbers: xasd 123: 1 
DEBUG: (test/darray_algos_tests.c :29 :run_sort_test) ------------------testing sorting algo: mergesort
DEBUG: (src/darray_algos.c :108 :mergesort) sorting array: 557d49f586a0 count 5
DEBUG: (src/darray_algos.c :108 :mergesort) sorting array: 557d49f59030 count 2
DEBUG: (src/darray_algos.c :122 :mergesort) left and right and count 557d49f59070 ,557d49f59090,2
DEBUG: (src/darray_algos.c :108 :mergesort) sorting array: 557d49f59050 count 3
DEBUG: (src/darray_algos.c :108 :mergesort) sorting array: 557d49f590f0 count 2
DEBUG: (src/darray_algos.c :122 :mergesort) left and right and count 557d49f59110 ,557d49f59130,2
DEBUG: (src/darray_algos.c :122 :mergesort) left and right and count 557d49f590d0 ,557d49f59150,3
DEBUG: (src/darray_algos.c :122 :mergesort) left and right and count 557d49f590b0 ,557d49f59170,5
DEBUG: (test/darray_algos_tests.c :62 :all_tests) 
------test_define
DEBUG: (test/darray_algos_tests.c :20 :is_sorted) unsorted numbers: xasd 123: 1 
DEBUG: (test/darray_algos_tests.c :49 :test_define) --------------------------test all
DEBUG: (src/darray_algos.c :20 :quicksort) start 0 -end 4
DEBUG: (src/darray_algos.c :21 :quicksort) piv_location: 2, pivot XXX,same XXX
DEBUG: (src/darray_algos.c :20 :quicksort) start 0 -end 1
DEBUG: (src/darray_algos.c :21 :quicksort) piv_location: 1, pivot Qerf,same Qerf
DEBUG: (src/darray_algos.c :20 :quicksort) start 3 -end 4
DEBUG: (src/darray_algos.c :21 :quicksort) piv_location: 3, pivot qwe,same qwe
DEBUG: (test/darray_tests.c :87 :main) -----RUNNING :././test/darray_tests
DEBUG: (test/darray_tests.c :77 :all_tests) 
------test_create
DEBUG: (test/darray_tests.c :78 :all_tests) 
------test_new
DEBUG: (test/darray_tests.c :79 :all_tests) 
------test_set
DEBUG: (test/darray_tests.c :80 :all_tests) 
------test_get
DEBUG: (test/darray_tests.c :81 :all_tests) 
------test_remove
DEBUG: (test/darray_tests.c :82 :all_tests) 
------test_expand_contract
DEBUG: (test/darray_tests.c :83 :all_tests) 
------test_push_pop
DEBUG: (test/darray_tests.c :84 :all_tests) 
------test_destroy
DEBUG: (test/hashmap_algos_tests.c :104 :main) -----RUNNING :././test/hashmap_algos_tests
DEBUG: (test/hashmap_algos_tests.c :98 :all_tests) 
------test_fnv1a
DEBUG: (test/hashmap_algos_tests.c :99 :all_tests) 
------test_adler32
DEBUG: (test/hashmap_algos_tests.c :100 :all_tests) 
------test_djb
DEBUG: (test/hashmap_algos_tests.c :101 :all_tests) 
------test_distribution
DEBUG: (test/hashmap_perf_tests.c :32 :main) okkkkkkkks
DEBUG: (src/hashmap.c :94 :Hashmap_get_node) start end mid bucketmax 0 0 0 50
DEBUG: (src/hashmap.c :96 :Hashmap_get_node) key: _}Bp¯…b"’| vs «‡d!8\Ér 
DEBUG: (src/hashmap.c :103 :Hashmap_get_node) start end 1 0
DEBUG: (src/hashmap.c :94 :Hashmap_get_node) start end mid bucketmax 0 0 0 50
DEBUG: (src/hashmap.c :96 :Hashmap_get_node) key: *`øØL«šÌÜ vs "IM;R`\ÖÙ 
DEBUG: (src/hashmap.c :103 :Hashmap_get_node) start end 1 0
DEBUG: (src/hashmap.c :94 :Hashmap_get_node) start end mid bucketmax 0 0 0 50
DEBUG: (src/hashmap.c :96 :Hashmap_get_node) key: Ûô´8J vs Ëiëñ0FI¬ 
DEBUG: (src/hashmap.c :103 :Hashmap_get_node) start end 1 0
DEBUG: (src/hashmap.c :94 :Hashmap_get_node) start end mid bucketmax 0 1 0 50
DEBUG: (src/hashmap.c :96 :Hashmap_get_node) key: Ù‰,>˜ vs «‡d!8\Ér 
DEBUG: (src/hashmap.c :103 :Hashmap_get_node) start end 1 1
DEBUG: (src/hashmap.c :94 :Hashmap_get_node) start end mid bucketmax 1 1 1 50
DEBUG: (src/hashmap.c :96 :Hashmap_get_node) key: Ù‰,>˜ vs _}Bp¯…b"’| 
DEBUG: (src/hashmap.c :103 :Hashmap_get_node) start end 1 0
DEBUG: (src/hashmap.c :94 :Hashmap_get_node) start end mid bucketmax 0 1 0 50
DEBUG: (src/hashmap.c :96 :Hashmap_get_node) key: J[OºUiÂ	`  vs "IM;R`\ÖÙ 
DEBUG: (src/hashmap.c :103 :Hashmap_get_node) start end 1 1
DEBUG: (src/hashmap.c :94 :Hashmap_get_node) start end mid bucketmax 1 1 1 50
DEBUG: (src/hashmap.c :96 :Hashmap_get_node) key: J[OºUiÂ	`  vs *`øØL«šÌÜ 
DEBUG: (src/hashmap.c :103 :Hashmap_get_node) start end 2 1
DEBUG: (src/hashmap.c :94 :Hashmap_get_node) start end mid bucketmax 0 1 0 50
DEBUG: (src/hashmap.c :96 :Hashmap_get_node) key: 
—
“ÞþVbÂ vs Ëiëñ0FI¬ 
DEBUG: (src/hashmap.c :103 :Hashmap_get_node) start end 1 1
DEBUG: (src/hashmap.c :94 :Hashmap_get_node) start end mid bucketmax 1 1 1 50
DEBUG: (src/hashmap.c :96 :Hashmap_get_node) key: 
—
“ÞþVbÂ vs Ûô´8J 
DEBUG: (src/hashmap.c :103 :Hashmap_get_node) start end 1 0
DEBUG: (src/hashmap.c :94 :Hashmap_get_node) start end mid bucketmax 0 2 1 50
DEBUG: (src/hashmap.c :96 :Hashmap_get_node) key: èzÁæÞïþÓæ vs Ù‰,>˜ 
DEBUG: (src/hashmap.c :103 :Hashmap_get_node) start end 0 0
DEBUG: (src/hashmap.c :94 :Hashmap_get_node) start end mid bucketmax 0 0 0 50
DEBUG: (src/hashmap.c :96 :Hashmap_get_node) key: èzÁæÞïþÓæ vs «‡d!8\Ér 
DEBUG: (src/hashmap.c :103 :Hashmap_get_node) start end 0 -1
DEBUG: (src/hashmap.c :94 :Hashmap_get_node) start end mid bucketmax 0 0 0 50
DEBUG: (src/hashmap.c :96 :Hashmap_get_node) key: ÝrV„™yaï$ vs Ú¯/Bûï3¼q 
DEBUG: (src/hashmap.c :103 :Hashmap_get_node) start end 1 0
DEBUG: (src/hashmap.c :94 :Hashmap_get_node) start end mid bucketmax 0 0 0 50
DEBUG: (src/hashmap.c :96 :Hashmap_get_node) key: YÏÇ3ÙQÃ7$ vs âñÛé@,b2š 
DEBUG: (src/hashmap.c :103 :Hashmap_get_node) start end 1 0
DEBUG: (src/hashmap.c :94 :Hashmap_get_node) start end mid bucketmax 0 2 1 50
DEBUG: (src/hashmap.c :96 :Hashmap_get_node) key: ù˜—	ZX¡ vs *`øØL«šÌÜ 
DEBUG: (src/hashmap.c :103 :Hashmap_get_node) start end 0 0
DEBUG: (src/hashmap.c :94 :Hashmap_get_node) start end mid bucketmax 0 0 0 50
DEBUG: (src/hashmap.c :96 :Hashmap_get_node) key: ù˜—	ZX¡ vs "IM;R`\ÖÙ 
DEBUG: (src/hashmap.c :103 :Hashmap_get_node) start end 1 0
DEBUG: (src/hashmap.c :94 :Hashmap_get_node) start end mid bucketmax 0 0 0 50
DEBUG: (src/hashmap.c :96 :Hashmap_get_node) key: ÍÖæ¯>FÖb€\ vs (ò«Oü<Ìé« 
DEBUG: (src/hashmap.c :103 :Hashmap_get_node) start end 0 -1
DEBUG: (test/hashmap_perf_tests.c :37 :main) okkkkkkkk
DEBUG: (src/hashmap.c :129 :Hashmap_get) 74ff76a0
DEBUG: (src/hashmap.c :94 :Hashmap_get_node) start end mid bucketmax 0 3 1 50
DEBUG: (src/hashmap.c :96 :Hashmap_get_node) key: "IM;R`\ÖÙ vs ù˜—	ZX¡ 
DEBUG: (src/hashmap.c :103 :Hashmap_get_node) start end 0 0
DEBUG: (src/hashmap.c :94 :Hashmap_get_node) start end mid bucketmax 0 0 0 50
DEBUG: (src/hashmap.c :96 :Hashmap_get_node) key: "IM;R`\ÖÙ vs "IM;R`\ÖÙ 
DEBUG: (src/hashmap.c :132 :Hashmap_get) 0
DEBUG: (src/hashmap.c :129 :Hashmap_get) 74ff7890
DEBUG: (src/hashmap.c :94 :Hashmap_get_node) start end mid bucketmax 0 0 0 50
DEBUG: (src/hashmap.c :96 :Hashmap_get_node) key: É‡ÌÊ Ý¤û vs É‡ÌÊ Ý¤û 
DEBUG: (src/hashmap.c :132 :Hashmap_get) 0
DEBUG: (src/hashmap.c :129 :Hashmap_get) 74ff7a80
DEBUG: (src/hashmap.c :94 :Hashmap_get_node) start end mid bucketmax 0 1 0 50
DEBUG: (src/hashmap.c :96 :Hashmap_get_node) key: Ú¯/Bûï3¼q vs Ú¯/Bûï3¼q 
DEBUG: (src/hashmap.c :132 :Hashmap_get) 0
DEBUG: (src/hashmap.c :129 :Hashmap_get) 74ff7c70
DEBUG: (src/hashmap.c :94 :Hashmap_get_node) start end mid bucketmax 0 2 1 50
DEBUG: (src/hashmap.c :96 :Hashmap_get_node) key: Ëiëñ0FI¬ vs 
—
“ÞþVbÂ 
DEBUG: (src/hashmap.c :103 :Hashmap_get_node) start end 0 0
DEBUG: (src/hashmap.c :94 :Hashmap_get_node) start end mid bucketmax 0 0 0 50
DEBUG: (src/hashmap.c :96 :Hashmap_get_node) key: Ëiëñ0FI¬ vs Ëiëñ0FI¬ 
DEBUG: (src/hashmap.c :132 :Hashmap_get) 0
DEBUG: (src/hashmap.c :129 :Hashmap_get) 74ff7e60
DEBUG: (src/hashmap.c :94 :Hashmap_get_node) start end mid bucketmax 0 3 1 50
DEBUG: (src/hashmap.c :96 :Hashmap_get_node) key: «‡d!8\Ér vs «‡d!8\Ér 
DEBUG: (src/hashmap.c :132 :Hashmap_get) 1
DEBUG: (src/hashmap.c :129 :Hashmap_get) 74ff7e60
DEBUG: (src/hashmap.c :94 :Hashmap_get_node) start end mid bucketmax 0 3 1 50
DEBUG: (src/hashmap.c :96 :Hashmap_get_node) key: _}Bp¯…b"’| vs «‡d!8\Ér 
DEBUG: (src/hashmap.c :103 :Hashmap_get_node) start end 2 3
DEBUG: (src/hashmap.c :94 :Hashmap_get_node) start end mid bucketmax 2 3 2 50
DEBUG: (src/hashmap.c :96 :Hashmap_get_node) key: _}Bp¯…b"’| vs Ù‰,>˜ 
DEBUG: (src/hashmap.c :103 :Hashmap_get_node) start end 3 3
DEBUG: (src/hashmap.c :94 :Hashmap_get_node) start end mid bucketmax 3 3 3 50
DEBUG: (src/hashmap.c :96 :Hashmap_get_node) key: _}Bp¯…b"’| vs _}Bp¯…b"’| 
DEBUG: (src/hashmap.c :132 :Hashmap_get) 3
DEBUG: (src/hashmap.c :129 :Hashmap_get) 74ff76a0
DEBUG: (src/hashmap.c :94 :Hashmap_get_node) start end mid bucketmax 0 3 1 50
DEBUG: (src/hashmap.c :96 :Hashmap_get_node) key: *`øØL«šÌÜ vs ù˜—	ZX¡ 
DEBUG: (src/hashmap.c :103 :Hashmap_get_node) start end 2 3
DEBUG: (src/hashmap.c :94 :Hashmap_get_node) start end mid bucketmax 2 3 2 50
DEBUG: (src/hashmap.c :96 :Hashmap_get_node) key: *`øØL«šÌÜ vs *`øØL«šÌÜ 
DEBUG: (src/hashmap.c :132 :Hashmap_get) 2
DEBUG: (src/hashmap.c :129 :Hashmap_get) 74ff7c70
DEBUG: (src/hashmap.c :94 :Hashmap_get_node) start end mid bucketmax 0 2 1 50
DEBUG: (src/hashmap.c :96 :Hashmap_get_node) key: Ûô´8J vs 
—
“ÞþVbÂ 
DEBUG: (src/hashmap.c :103 :Hashmap_get_node) start end 2 2
DEBUG: (src/hashmap.c :94 :Hashmap_get_node) start end mid bucketmax 2 2 2 50
DEBUG: (src/hashmap.c :96 :Hashmap_get_node) key: Ûô´8J vs Ûô´8J 
DEBUG: (src/hashmap.c :132 :Hashmap_get) 2
DEBUG: (src/hashmap.c :129 :Hashmap_get) 74ff80b0
DEBUG: (src/hashmap.c :94 :Hashmap_get_node) start end mid bucketmax 0 0 0 50
DEBUG: (src/hashmap.c :96 :Hashmap_get_node) key: ¤Kû€áàkÎð vs ¤Kû€áàkÎð 
DEBUG: (src/hashmap.c :132 :Hashmap_get) 0
DEBUG: (src/hashmap.c :129 :Hashmap_get) 74ff7e60
DEBUG: (src/hashmap.c :94 :Hashmap_get_node) start end mid bucketmax 0 3 1 50
DEBUG: (src/hashmap.c :96 :Hashmap_get_node) key: Ù‰,>˜ vs «‡d!8\Ér 
DEBUG: (src/hashmap.c :103 :Hashmap_get_node) start end 2 3
DEBUG: (src/hashmap.c :94 :Hashmap_get_node) start end mid bucketmax 2 3 2 50
DEBUG: (src/hashmap.c :96 :Hashmap_get_node) key: Ù‰,>˜ vs Ù‰,>˜ 
DEBUG: (src/hashmap.c :132 :Hashmap_get) 2
DEBUG: (src/hashmap.c :129 :Hashmap_get) 74ff82c0
DEBUG: (src/hashmap.c :94 :Hashmap_get_node) start end mid bucketmax 0 1 0 50
DEBUG: (src/hashmap.c :96 :Hashmap_get_node) key: (ò«Oü<Ìé« vs ÍÖæ¯>FÖb€\ 
DEBUG: (src/hashmap.c :103 :Hashmap_get_node) start end 1 1
DEBUG: (src/hashmap.c :94 :Hashmap_get_node) start end mid bucketmax 1 1 1 50
DEBUG: (src/hashmap.c :96 :Hashmap_get_node) key: (ò«Oü<Ìé« vs (ò«Oü<Ìé« 
DEBUG: (src/hashmap.c :132 :Hashmap_get) 1
DEBUG: (src/hashmap.c :129 :Hashmap_get) 74ff76a0
DEBUG: (src/hashmap.c :94 :Hashmap_get_node) start end mid bucketmax 0 3 1 50
DEBUG: (src/hashmap.c :96 :Hashmap_get_node) key: J[OºUiÂ	`  vs ù˜—	ZX¡ 
DEBUG: (src/hashmap.c :103 :Hashmap_get_node) start end 2 3
DEBUG: (src/hashmap.c :94 :Hashmap_get_node) start end mid bucketmax 2 3 2 50
DEBUG: (src/hashmap.c :96 :Hashmap_get_node) key: J[OºUiÂ	`  vs *`øØL«šÌÜ 
DEBUG: (src/hashmap.c :103 :Hashmap_get_node) start end 3 3
DEBUG: (src/hashmap.c :94 :Hashmap_get_node) start end mid bucketmax 3 3 3 50
DEBUG: (src/hashmap.c :96 :Hashmap_get_node) key: J[OºUiÂ	`  vs J[OºUiÂ	`  
DEBUG: (src/hashmap.c :132 :Hashmap_get) 3
DEBUG: (src/hashmap.c :129 :Hashmap_get) 74ff7c70
DEBUG: (src/hashmap.c :94 :Hashmap_get_node) start end mid bucketmax 0 2 1 50
DEBUG: (src/hashmap.c :96 :Hashmap_get_node) key: 
—
“ÞþVbÂ vs 
—
“ÞþVbÂ 
DEBUG: (src/hashmap.c :132 :Hashmap_get) 1
DEBUG: (src/hashmap.c :129 :Hashmap_get) 74ff84f0
DEBUG: (src/hashmap.c :94 :Hashmap_get_node) start end mid bucketmax 0 0 0 50
DEBUG: (src/hashmap.c :96 :Hashmap_get_node) key: Óˆ™“ÒÿŠ3| vs Óˆ™“ÒÿŠ3| 
DEBUG: (src/hashmap.c :132 :Hashmap_get) 0
DEBUG: (src/hashmap.c :129 :Hashmap_get) 74ff7e60
DEBUG: (src/hashmap.c :94 :Hashmap_get_node) start end mid bucketmax 0 3 1 50
DEBUG: (src/hashmap.c :96 :Hashmap_get_node) key: èzÁæÞïþÓæ vs «‡d!8\Ér 
DEBUG: (src/hashmap.c :103 :Hashmap_get_node) start end 0 0
DEBUG: (src/hashmap.c :94 :Hashmap_get_node) start end mid bucketmax 0 0 0 50
DEBUG: (src/hashmap.c :96 :Hashmap_get_node) key: èzÁæÞïþÓæ vs èzÁæÞïþÓæ 
DEBUG: (src/hashmap.c :132 :Hashmap_get) 0
DEBUG: (src/hashmap.c :129 :Hashmap_get) 74ff8700
DEBUG: (src/hashmap.c :94 :Hashmap_get_node) start end mid bucketmax 0 1 0 50
DEBUG: (src/hashmap.c :96 :Hashmap_get_node) key: âñÛé@,b2š vs âñÛé@,b2š 
DEBUG: (src/hashmap.c :132 :Hashmap_get) 0
DEBUG: (src/hashmap.c :129 :Hashmap_get) 74ff7a80
DEBUG: (src/hashmap.c :94 :Hashmap_get_node) start end mid bucketmax 0 1 0 50
DEBUG: (src/hashmap.c :96 :Hashmap_get_node) key: ÝrV„™yaï$ vs Ú¯/Bûï3¼q 
DEBUG: (src/hashmap.c :103 :Hashmap_get_node) start end 1 1
DEBUG: (src/hashmap.c :94 :Hashmap_get_node) start end mid bucketmax 1 1 1 50
DEBUG: (src/hashmap.c :96 :Hashmap_get_node) key: ÝrV„™yaï$ vs ÝrV„™yaï$ 
DEBUG: (src/hashmap.c :132 :Hashmap_get) 1
DEBUG: (src/hashmap.c :129 :Hashmap_get) 74ff8700
DEBUG: (src/hashmap.c :94 :Hashmap_get_node) start end mid bucketmax 0 1 0 50
DEBUG: (src/hashmap.c :96 :Hashmap_get_node) key: YÏÇ3ÙQÃ7$ vs âñÛé@,b2š 
DEBUG: (src/hashmap.c :103 :Hashmap_get_node) start end 1 1
DEBUG: (src/hashmap.c :94 :Hashmap_get_node) start end mid bucketmax 1 1 1 50
DEBUG: (src/hashmap.c :96 :Hashmap_get_node) key: YÏÇ3ÙQÃ7$ vs YÏÇ3ÙQÃ7$ 
DEBUG: (src/hashmap.c :132 :Hashmap_get) 1
DEBUG: (src/hashmap.c :129 :Hashmap_get) 74ff76a0
DEBUG: (src/hashmap.c :94 :Hashmap_get_node) start end mid bucketmax 0 3 1 50
DEBUG: (src/hashmap.c :96 :Hashmap_get_node) key: ù˜—	ZX¡ vs ù˜—	ZX¡ 
DEBUG: (src/hashmap.c :132 :Hashmap_get) 1
DEBUG: (src/hashmap.c :129 :Hashmap_get) 74ff82c0
DEBUG: (src/hashmap.c :94 :Hashmap_get_node) start end mid bucketmax 0 1 0 50
DEBUG: (src/hashmap.c :96 :Hashmap_get_node) key: ÍÖæ¯>FÖb€\ vs ÍÖæ¯>FÖb€\ 
DEBUG: (src/hashmap.c :132 :Hashmap_get) 0
DEBUG: (test/hashmap_perf_tests.c :42 :main) time1: 519.000000 2:1079.000000
DEBUG: (test/hashmap_tests.c :88 :main) -----RUNNING :././test/hashmap_tests
DEBUG: (test/hashmap_tests.c :81 :all_tests) 
------test_create
DEBUG: (test/hashmap_tests.c :82 :all_tests) 
------test_get_set
DEBUG: (src/hashmap.c :129 :Hashmap_get) 7af58720
DEBUG: (src/hashmap.c :94 :Hashmap_get_node) start end mid bucketmax 0 0 0 50
DEBUG: (src/hashmap.c :96 :Hashmap_get_node) key: test data1 vs test data1 
DEBUG: (src/hashmap.c :132 :Hashmap_get) 0
DEBUG: (src/hashmap.c :129 :Hashmap_get) 7af58910
DEBUG: (src/hashmap.c :94 :Hashmap_get_node) start end mid bucketmax 0 0 0 50
DEBUG: (src/hashmap.c :96 :Hashmap_get_node) key: test data2 vs test data2 
DEBUG: (src/hashmap.c :132 :Hashmap_get) 0
DEBUG: (src/hashmap.c :94 :Hashmap_get_node) start end mid bucketmax 0 0 0 50
DEBUG: (src/hashmap.c :96 :Hashmap_get_node) key: test data3 vs test data1 
DEBUG: (src/hashmap.c :103 :Hashmap_get_node) start end 1 0
DEBUG: (src/hashmap.c :129 :Hashmap_get) 7af58720
DEBUG: (src/hashmap.c :94 :Hashmap_get_node) start end mid bucketmax 0 1 0 50
DEBUG: (src/hashmap.c :96 :Hashmap_get_node) key: test data3 vs test data1 
DEBUG: (src/hashmap.c :103 :Hashmap_get_node) start end 1 1
DEBUG: (src/hashmap.c :94 :Hashmap_get_node) start end mid bucketmax 1 1 1 50
DEBUG: (src/hashmap.c :96 :Hashmap_get_node) key: test data3 vs test data3 
DEBUG: (src/hashmap.c :132 :Hashmap_get) 1
DEBUG: (test/hashmap_tests.c :83 :all_tests) 
------test_traverse
DEBUG: (test/hashmap_tests.c :15 :traverse_good_cb) Key test data1
DEBUG: (test/hashmap_tests.c :15 :traverse_good_cb) Key test data3
DEBUG: (test/hashmap_tests.c :15 :traverse_good_cb) Key test data2
DEBUG: (test/hashmap_tests.c :20 :traverse_fail_cb) KEY: test data1
DEBUG: (test/hashmap_tests.c :20 :traverse_fail_cb) KEY: test data3
DEBUG: (test/hashmap_tests.c :84 :all_tests) 
------test_delete
DEBUG: (src/hashmap.c :94 :Hashmap_get_node) start end mid bucketmax 0 1 0 50
DEBUG: (src/hashmap.c :96 :Hashmap_get_node) key: test data1 vs test data1 
DEBUG: (src/hashmap.c :129 :Hashmap_get) 7af58720
DEBUG: (src/hashmap.c :94 :Hashmap_get_node) start end mid bucketmax 0 0 0 50
DEBUG: (src/hashmap.c :96 :Hashmap_get_node) key: test data1 vs test data3 
DEBUG: (src/hashmap.c :103 :Hashmap_get_node) start end 0 -1
DEBUG: (src/hashmap.c :132 :Hashmap_get) -1
DEBUG: (src/hashmap.c :94 :Hashmap_get_node) start end mid bucketmax 0 0 0 50
DEBUG: (src/hashmap.c :96 :Hashmap_get_node) key: test data2 vs test data2 
DEBUG: (src/hashmap.c :129 :Hashmap_get) 7af58910
DEBUG: (src/hashmap.c :132 :Hashmap_get) -1
DEBUG: (src/hashmap.c :94 :Hashmap_get_node) start end mid bucketmax 0 0 0 50
DEBUG: (src/hashmap.c :96 :Hashmap_get_node) key: test data3 vs test data3 
DEBUG: (src/hashmap.c :129 :Hashmap_get) 7af58720
DEBUG: (src/hashmap.c :132 :Hashmap_get) -1
DEBUG: (test/hashmap_tests.c :85 :all_tests) 
------test_destroy
DEBUG: (test/list_algos_tests.c :94 :main) -----RUNNING :././test/list_algos_tests
DEBUG: (test/list_algos_tests.c :88 :all_tests) 
------test_bubble_sort
DEBUG: (src/list.c :87 :List_push) gay shit
DEBUG: (src/list.c :87 :List_push) gay shit
DEBUG: (src/list.c :87 :List_push) gay shit
DEBUG: (src/list.c :87 :List_push) gay shit
DEBUG: (src/list.c :87 :List_push) gay shit
DEBUG: (test/list_algos_tests.c :89 :all_tests) 
------test_merge_sort
DEBUG: (src/list.c :87 :List_push) gay shit
DEBUG: (src/list.c :87 :List_push) gay shit
DEBUG: (src/list.c :87 :List_push) gay shit
DEBUG: (src/list.c :87 :List_push) gay shit
DEBUG: (src/list.c :87 :List_push) gay shit
DEBUG: (src/list.c :87 :List_push) gay shit
DEBUG: (test/list_algos_tests.c :90 :all_tests) 
------test_speed
DEBUG: (src/list.c :87 :List_push) gay shit
DEBUG: (src/list.c :87 :List_push) gay shit
DEBUG: (src/list.c :87 :List_push) gay shit
DEBUG: (src/list.c :87 :List_push) gay shit
DEBUG: (src/list.c :87 :List_push) gay shit
DEBUG: (src/list.c :87 :List_push) gay shit
DEBUG: (src/list.c :87 :List_push) gay shit
DEBUG: (src/list.c :87 :List_push) gay shit
DEBUG: (src/list.c :87 :List_push) gay shit
DEBUG: (src/list.c :87 :List_push) gay shit
DEBUG: (src/list.c :87 :List_push) gay shit
DEBUG: (src/list.c :87 :List_push) gay shit
DEBUG: (src/list.c :87 :List_push) gay shit
DEBUG: (src/list.c :87 :List_push) gay shit
DEBUG: (src/list.c :87 :List_push) gay shit
DEBUG: (src/list.c :87 :List_push) gay shit
DEBUG: (src/list.c :87 :List_push) gay shit
DEBUG: (src/list.c :87 :List_push) gay shit
DEBUG: (src/list.c :87 :List_push) gay shit
DEBUG: (src/list.c :87 :List_push) gay shit
DEBUG: (src/list.c :87 :List_push) gay shit
DEBUG: (src/list.c :87 :List_push) gay shit
DEBUG: (src/list.c :87 :List_push) gay shit
DEBUG: (src/list.c :87 :List_push) gay shit
DEBUG: (src/list.c :87 :List_push) gay shit
DEBUG: (src/list.c :87 :List_push) gay shit
DEBUG: (src/list.c :87 :List_push) gay shit
DEBUG: (src/list.c :87 :List_push) gay shit
DEBUG: (src/list.c :87 :List_push) gay shit
DEBUG: (src/list.c :87 :List_push) gay shit
DEBUG: (src/list.c :87 :List_push) gay shit
DEBUG: (src/list.c :87 :List_push) gay shit
DEBUG: (src/list.c :87 :List_push) gay shit
DEBUG: (src/list.c :87 :List_push) gay shit
DEBUG: (src/list.c :87 :List_push) gay shit
DEBUG: (src/list.c :87 :List_push) gay shit
DEBUG: (src/list.c :87 :List_push) gay shit
DEBUG: (src/list.c :87 :List_push) gay shit
DEBUG: (src/list.c :87 :List_push) gay shit
DEBUG: (src/list.c :87 :List_push) gay shit
DEBUG: (src/list.c :87 :List_push) gay shit
DEBUG: (src/list.c :87 :List_push) gay shit
DEBUG: (src/list.c :87 :List_push) gay shit
DEBUG: (src/list.c :87 :List_push) gay shit
DEBUG: (src/list.c :87 :List_push) gay shit
DEBUG: (src/list.c :87 :List_push) gay shit
DEBUG: (src/list.c :87 :List_push) gay shit
DEBUG: (src/list.c :87 :List_push) gay shit
DEBUG: (src/list.c :87 :List_push) gay shit
DEBUG: (src/list.c :87 :List_push) gay shit
DEBUG: (src/list.c :87 :List_push) gay shit
DEBUG: (src/list.c :87 :List_push) gay shit
DEBUG: (src/list.c :87 :List_push) gay shit
DEBUG: (src/list.c :87 :List_push) gay shit
DEBUG: (src/list.c :87 :List_push) gay shit
DEBUG: (src/list.c :87 :List_push) gay shit
DEBUG: (src/list.c :87 :List_push) gay shit
DEBUG: (src/list.c :87 :List_push) gay shit
DEBUG: (src/list.c :87 :List_push) gay shit
DEBUG: (src/list.c :87 :List_push) gay shit
DEBUG: (src/list.c :87 :List_push) gay shit
DEBUG: (src/list.c :87 :List_push) gay shit
DEBUG: (src/list.c :87 :List_push) gay shit
DEBUG: (src/list.c :87 :List_push) gay shit
DEBUG: (src/list.c :87 :List_push) gay shit
DEBUG: (src/list.c :87 :List_push) gay shit
DEBUG: (src/list.c :87 :List_push) gay shit
DEBUG: (src/list.c :87 :List_push) gay shit
DEBUG: (src/list.c :87 :List_push) gay shit
DEBUG: (src/list.c :87 :List_push) gay shit
DEBUG: (src/list.c :87 :List_push) gay shit
DEBUG: (src/list.c :87 :List_push) gay shit
DEBUG: (src/list.c :87 :List_push) gay shit
DEBUG: (src/list.c :87 :List_push) gay shit
DEBUG: (src/list.c :87 :List_push) gay shit
DEBUG: (src/list.c :87 :List_push) gay shit
DEBUG: (src/list.c :87 :List_push) gay shit
DEBUG: (src/list.c :87 :List_push) gay shit
DEBUG: (src/list.c :87 :List_push) gay shit
DEBUG: (src/list.c :87 :List_push) gay shit
DEBUG: (src/list.c :87 :List_push) gay shit
DEBUG: (src/list.c :87 :List_push) gay shit
DEBUG: (src/list.c :87 :List_push) gay shit
DEBUG: (src/list.c :87 :List_push) gay shit
DEBUG: (src/list.c :87 :List_push) gay shit
DEBUG: (src/list.c :87 :List_push) gay shit
DEBUG: (src/list.c :87 :List_push) gay shit
DEBUG: (src/list.c :87 :List_push) gay shit
DEBUG: (src/list.c :87 :List_push) gay shit
DEBUG: (src/list.c :87 :List_push) gay shit
DEBUG: (src/list.c :87 :List_push) gay shit
DEBUG: (src/list.c :87 :List_push) gay shit
DEBUG: (src/list.c :87 :List_push) gay shit
DEBUG: (src/list.c :87 :List_push) gay shit
DEBUG: (src/list.c :87 :List_push) gay shit
DEBUG: (src/list.c :87 :List_push) gay shit
DEBUG: (src/list.c :87 :List_push) gay shit
DEBUG: (src/list.c :87 :List_push) gay shit
DEBUG: (src/list.c :87 :List_push) gay shit
DEBUG: (src/list.c :87 :List_push) gay shit
DEBUG: (src/list.c :87 :List_push) gay shit
DEBUG: (src/list.c :87 :List_push) gay shit
DEBUG: (src/list.c :87 :List_push) gay shit
DEBUG: (src/list.c :87 :List_push) gay shit
DEBUG: (src/list.c :87 :List_push) gay shit
DEBUG: (src/list.c :87 :List_push) gay shit
DEBUG: (src/list.c :87 :List_push) gay shit
DEBUG: (src/list.c :87 :List_push) gay shit
DEBUG: (src/list.c :87 :List_push) gay shit
DEBUG: (src/list.c :87 :List_push) gay shit
DEBUG: (src/list.c :87 :List_push) gay shit
DEBUG: (src/list.c :87 :List_push) gay shit
DEBUG: (src/list.c :87 :List_push) gay shit
DEBUG: (src/list.c :87 :List_push) gay shit
DEBUG: (src/list.c :87 :List_push) gay shit
DEBUG: (src/list.c :87 :List_push) gay shit
DEBUG: (src/list.c :87 :List_push) gay shit
DEBUG: (src/list.c :87 :List_push) gay shit
DEBUG: (src/list.c :87 :List_push) gay shit
DEBUG: (src/list.c :87 :List_push) gay shit
DEBUG: (src/list.c :87 :List_push) gay shit
DEBUG: (src/list.c :87 :List_push) gay shit
DEBUG: (src/list.c :87 :List_push) gay shit
DEBUG: (src/list.c :87 :List_push) gay shit
DEBUG: (src/list.c :87 :List_push) gay shit
DEBUG: (src/list.c :87 :List_push) gay shit
DEBUG: (src/list.c :87 :List_push) gay shit
DEBUG: (src/list.c :87 :List_push) gay shit
DEBUG: (src/list.c :87 :List_push) gay shit
DEBUG: (src/list.c :87 :List_push) gay shit
DEBUG: (src/list.c :87 :List_push) gay shit
DEBUG: (src/list.c :87 :List_push) gay shit
DEBUG: (src/list.c :87 :List_push) gay shit
DEBUG: (src/list.c :87 :List_push) gay shit
DEBUG: (src/list.c :87 :List_push) gay shit
DEBUG: (src/list.c :87 :List_push) gay shit
DEBUG: (src/list.c :87 :List_push) gay shit
DEBUG: (src/list.c :87 :List_push) gay shit
DEBUG: (src/list.c :87 :List_push) gay shit
DEBUG: (src/list.c :87 :List_push) gay shit
DEBUG: (src/list.c :87 :List_push) gay shit
DEBUG: (src/list.c :87 :List_push) gay shit
DEBUG: (src/list.c :87 :List_push) gay shit
DEBUG: (src/list.c :87 :List_push) gay shit
DEBUG: (src/list.c :87 :List_push) gay shit
DEBUG: (src/list.c :87 :List_push) gay shit
DEBUG: (src/list.c :87 :List_push) gay shit
DEBUG: (src/list.c :87 :List_push) gay shit
DEBUG: (src/list.c :87 :List_push) gay shit
DEBUG: (src/list.c :87 :List_push) gay shit
DEBUG: (src/list.c :87 :List_push) gay shit
DEBUG: (src/list.c :87 :List_push) gay shit
DEBUG: (src/list.c :87 :List_push) gay shit
DEBUG: (src/list.c :87 :List_push) gay shit
DEBUG: (src/list.c :87 :List_push) gay shit
DEBUG: (src/list.c :87 :List_push) gay shit
DEBUG: (src/list.c :87 :List_push) gay shit
DEBUG: (src/list.c :87 :List_push) gay shit
DEBUG: (src/list.c :87 :List_push) gay shit
DEBUG: (src/list.c :87 :List_push) gay shit
DEBUG: (src/list.c :87 :List_push) gay shit
DEBUG: (src/list.c :87 :List_push) gay shit
DEBUG: (src/list.c :87 :List_push) gay shit
DEBUG: (src/list.c :87 :List_push) gay shit
DEBUG: (src/list.c :87 :List_push) gay shit
DEBUG: (src/list.c :87 :List_push) gay shit
DEBUG: (src/list.c :87 :List_push) gay shit
DEBUG: (src/list.c :87 :List_push) gay shit
DEBUG: (src/list.c :87 :List_push) gay shit
DEBUG: (src/list.c :87 :List_push) gay shit
DEBUG: (src/list.c :87 :List_push) gay shit
DEBUG: (src/list.c :87 :List_push) gay shit
DEBUG: (src/list.c :87 :List_push) gay shit
DEBUG: (src/list.c :87 :List_push) gay shit
DEBUG: (src/list.c :87 :List_push) gay shit
DEBUG: (src/list.c :87 :List_push) gay shit
DEBUG: (src/list.c :87 :List_push) gay shit
DEBUG: (src/list.c :87 :List_push) gay shit
DEBUG: (src/list.c :87 :List_push) gay shit
DEBUG: (src/list.c :87 :List_push) gay shit
DEBUG: (src/list.c :87 :List_push) gay shit
DEBUG: (src/list.c :87 :List_push) gay shit
DEBUG: (src/list.c :87 :List_push) gay shit
DEBUG: (src/list.c :87 :List_push) gay shit
DEBUG: (src/list.c :87 :List_push) gay shit
DEBUG: (src/list.c :87 :List_push) gay shit
DEBUG: (src/list.c :87 :List_push) gay shit
DEBUG: (src/list.c :87 :List_push) gay shit
DEBUG: (src/list.c :87 :List_push) gay shit
DEBUG: (src/list.c :87 :List_push) gay shit
DEBUG: (src/list.c :87 :List_push) gay shit
DEBUG: (src/list.c :87 :List_push) gay shit
DEBUG: (src/list.c :87 :List_push) gay shit
DEBUG: (src/list.c :87 :List_push) gay shit
DEBUG: (src/list.c :87 :List_push) gay shit
DEBUG: (src/list.c :87 :List_push) gay shit
DEBUG: (src/list.c :87 :List_push) gay shit
DEBUG: (src/list.c :87 :List_push) gay shit
DEBUG: (src/list.c :87 :List_push) gay shit
DEBUG: (src/list.c :87 :List_push) gay shit
DEBUG: (src/list.c :87 :List_push) gay shit
DEBUG: (src/list.c :87 :List_push) gay shit
DEBUG: (src/list.c :87 :List_push) gay shit
DEBUG: (src/list.c :87 :List_push) gay shit
DEBUG: (src/list.c :87 :List_push) gay shit
DEBUG: (src/list.c :87 :List_push) gay shit
DEBUG: (src/list.c :87 :List_push) gay shit
DEBUG: (src/list.c :87 :List_push) gay shit
DEBUG: (src/list.c :87 :List_push) gay shit
DEBUG: (src/list.c :87 :List_push) gay shit
DEBUG: (src/list.c :87 :List_push) gay shit
DEBUG: (src/list.c :87 :List_push) gay shit
DEBUG: (src/list.c :87 :List_push) gay shit
DEBUG: (src/list.c :87 :List_push) gay shit
DEBUG: (src/list.c :87 :List_push) gay shit
DEBUG: (src/list.c :87 :List_push) gay shit
DEBUG: (src/list.c :87 :List_push) gay shit
DEBUG: (src/list.c :87 :List_push) gay shit
DEBUG: (src/list.c :87 :List_push) gay shit
DEBUG: (src/list.c :87 :List_push) gay shit
DEBUG: (src/list.c :87 :List_push) gay shit
DEBUG: (src/list.c :87 :List_push) gay shit
DEBUG: (src/list.c :87 :List_push) gay shit
DEBUG: (src/list.c :87 :List_push) gay shit
DEBUG: (src/list.c :87 :List_push) gay shit
DEBUG: (src/list.c :87 :List_push) gay shit
DEBUG: (src/list.c :87 :List_push) gay shit
DEBUG: (src/list.c :87 :List_push) gay shit
DEBUG: (src/list.c :87 :List_push) gay shit
DEBUG: (src/list.c :87 :List_push) gay shit
DEBUG: (src/list.c :87 :List_push) gay shit
DEBUG: (src/list.c :87 :List_push) gay shit
DEBUG: (src/list.c :87 :List_push) gay shit
DEBUG: (src/list.c :87 :List_push) gay shit
DEBUG: (src/list.c :87 :List_push) gay shit
DEBUG: (src/list.c :87 :List_push) gay shit
DEBUG: (src/list.c :87 :List_push) gay shit
DEBUG: (src/list.c :87 :List_push) gay shit
DEBUG: (src/list.c :87 :List_push) gay shit
DEBUG: (src/list.c :87 :List_push) gay shit
DEBUG: (src/list.c :87 :List_push) gay shit
DEBUG: (src/list.c :87 :List_push) gay shit
DEBUG: (src/list.c :87 :List_push) gay shit
DEBUG: (src/list.c :87 :List_push) gay shit
DEBUG: (src/list.c :87 :List_push) gay shit
DEBUG: (src/list.c :87 :List_push) gay shit
DEBUG: (src/list.c :87 :List_push) gay shit
DEBUG: (src/list.c :87 :List_push) gay shit
DEBUG: (src/list.c :87 :List_push) gay shit
DEBUG: (src/list.c :87 :List_push) gay shit
DEBUG: (src/list.c :87 :List_push) gay shit
DEBUG: (src/list.c :87 :List_push) gay shit
DEBUG: (src/list.c :87 :List_push) gay shit
DEBUG: (src/list.c :87 :List_push) gay shit
DEBUG: (src/list.c :87 :List_push) gay shit
DEBUG: (src/list.c :87 :List_push) gay shit
DEBUG: (src/list.c :87 :List_push) gay shit
DEBUG: (src/list.c :87 :List_push) gay shit
DEBUG: (src/list.c :87 :List_push) gay shit
DEBUG: (src/list.c :87 :List_push) gay shit
DEBUG: (src/list.c :87 :List_push) gay shit
DEBUG: (src/list.c :87 :List_push) gay shit
DEBUG: (src/list.c :87 :List_push) gay shit
DEBUG: (src/list.c :87 :List_push) gay shit
DEBUG: (src/list.c :87 :List_push) gay shit
DEBUG: (src/list.c :87 :List_push) gay shit
DEBUG: (src/list.c :87 :List_push) gay shit
DEBUG: (src/list.c :87 :List_push) gay shit
DEBUG: (src/list.c :87 :List_push) gay shit
DEBUG: (src/list.c :87 :List_push) gay shit
DEBUG: (src/list.c :87 :List_push) gay shit
DEBUG: (src/list.c :87 :List_push) gay shit
DEBUG: (src/list.c :87 :List_push) gay shit
DEBUG: (src/list.c :87 :List_push) gay shit
DEBUG: (src/list.c :87 :List_push) gay shit
DEBUG: (src/list.c :87 :List_push) gay shit
DEBUG: (src/list.c :87 :List_push) gay shit
DEBUG: (src/list.c :87 :List_push) gay shit
DEBUG: (src/list.c :87 :List_push) gay shit
DEBUG: (src/list.c :87 :List_push) gay shit
DEBUG: (src/list.c :87 :List_push) gay shit
DEBUG: (src/list.c :87 :List_push) gay shit
DEBUG: (src/list.c :87 :List_push) gay shit
DEBUG: (src/list.c :87 :List_push) gay shit
DEBUG: (src/list.c :87 :List_push) gay shit
DEBUG: (src/list.c :87 :List_push) gay shit
DEBUG: (src/list.c :87 :List_push) gay shit
DEBUG: (src/list.c :87 :List_push) gay shit
DEBUG: (src/list.c :87 :List_push) gay shit
DEBUG: (src/list.c :87 :List_push) gay shit
DEBUG: (src/list.c :87 :List_push) gay shit
DEBUG: (src/list.c :87 :List_push) gay shit
DEBUG: (src/list.c :87 :List_push) gay shit
DEBUG: (src/list.c :87 :List_push) gay shit
DEBUG: (src/list.c :87 :List_push) gay shit
DEBUG: (src/list.c :87 :List_push) gay shit
DEBUG: (src/list.c :87 :List_push) gay shit
DEBUG: (src/list.c :87 :List_push) gay shit
DEBUG: (src/list.c :87 :List_push) gay shit
DEBUG: (src/list.c :87 :List_push) gay shit
DEBUG: (src/list.c :87 :List_push) gay shit
DEBUG: (src/list.c :87 :List_push) gay shit
DEBUG: (src/list.c :87 :List_push) gay shit
DEBUG: (src/list.c :87 :List_push) gay shit
DEBUG: (src/list.c :87 :List_push) gay shit
DEBUG: (src/list.c :87 :List_push) gay shit
DEBUG: (src/list.c :87 :List_push) gay shit
DEBUG: (src/list.c :87 :List_push) gay shit
DEBUG: (src/list.c :87 :List_push) gay shit
DEBUG: (src/list.c :87 :List_push) gay shit
DEBUG: (src/list.c :87 :List_push) gay shit
DEBUG: (src/list.c :87 :List_push) gay shit
DEBUG: (src/list.c :87 :List_push) gay shit
DEBUG: (src/list.c :87 :List_push) gay shit
DEBUG: (src/list.c :87 :List_push) gay shit
DEBUG: (src/list.c :87 :List_push) gay shit
DEBUG: (src/list.c :87 :List_push) gay shit
DEBUG: (src/list.c :87 :List_push) gay shit
DEBUG: (src/list.c :87 :List_push) gay shit
DEBUG: (src/list.c :87 :List_push) gay shit
DEBUG: (src/list.c :87 :List_push) gay shit
DEBUG: (src/list.c :87 :List_push) gay shit
DEBUG: (src/list.c :87 :List_push) gay shit
DEBUG: (src/list.c :87 :List_push) gay shit
DEBUG: (src/list.c :87 :List_push) gay shit
DEBUG: (src/list.c :87 :List_push) gay shit
DEBUG: (src/list.c :87 :List_push) gay shit
DEBUG: (src/list.c :87 :List_push) gay shit
DEBUG: (src/list.c :87 :List_push) gay shit
DEBUG: (src/list.c :87 :List_push) gay shit
DEBUG: (src/list.c :87 :List_push) gay shit
DEBUG: (src/list.c :87 :List_push) gay shit
DEBUG: (src/list.c :87 :List_push) gay shit
DEBUG: (src/list.c :87 :List_push) gay shit
DEBUG: (src/list.c :87 :List_push) gay shit
DEBUG: (src/list.c :87 :List_push) gay shit
DEBUG: (src/list.c :87 :List_push) gay shit
DEBUG: (src/list.c :87 :List_push) gay shit
DEBUG: (src/list.c :87 :List_push) gay shit
DEBUG: (src/list.c :87 :List_push) gay shit
DEBUG: (src/list.c :87 :List_push) gay shit
DEBUG: (src/list.c :87 :List_push) gay shit
DEBUG: (src/list.c :87 :List_push) gay shit
DEBUG: (src/list.c :87 :List_push) gay shit
DEBUG: (src/list.c :87 :List_push) gay shit
DEBUG: (src/list.c :87 :List_push) gay shit
DEBUG: (src/list.c :87 :List_push) gay shit
DEBUG: (src/list.c :87 :List_push) gay shit
DEBUG: (src/list.c :87 :List_push) gay shit
DEBUG: (src/list.c :87 :List_push) gay shit
DEBUG: (src/list.c :87 :List_push) gay shit
DEBUG: (src/list.c :87 :List_push) gay shit
DEBUG: (src/list.c :87 :List_push) gay shit
DEBUG: (src/list.c :87 :List_push) gay shit
DEBUG: (src/list.c :87 :List_push) gay shit
DEBUG: (src/list.c :87 :List_push) gay shit
DEBUG: (src/list.c :87 :List_push) gay shit
DEBUG: (src/list.c :87 :List_push) gay shit
DEBUG: (src/list.c :87 :List_push) gay shit
DEBUG: (src/list.c :87 :List_push) gay shit
DEBUG: (src/list.c :87 :List_push) gay shit
DEBUG: (src/list.c :87 :List_push) gay shit
DEBUG: (src/list.c :87 :List_push) gay shit
DEBUG: (src/list.c :87 :List_push) gay shit
DEBUG: (src/list.c :87 :List_push) gay shit
DEBUG: (src/list.c :87 :List_push) gay shit
DEBUG: (src/list.c :87 :List_push) gay shit
DEBUG: (src/list.c :87 :List_push) gay shit
DEBUG: (src/list.c :87 :List_push) gay shit
DEBUG: (src/list.c :87 :List_push) gay shit
DEBUG: (src/list.c :87 :List_push) gay shit
DEBUG: (src/list.c :87 :List_push) gay shit
DEBUG: (src/list.c :87 :List_push) gay shit
DEBUG: (src/list.c :87 :List_push) gay shit
DEBUG: (src/list.c :87 :List_push) gay shit
DEBUG: (src/list.c :87 :List_push) gay shit
DEBUG: (src/list.c :87 :List_push) gay shit
DEBUG: (src/list.c :87 :List_push) gay shit
DEBUG: (src/list.c :87 :List_push) gay shit
DEBUG: (src/list.c :87 :List_push) gay shit
DEBUG: (src/list.c :87 :List_push) gay shit
DEBUG: (src/list.c :87 :List_push) gay shit
DEBUG: (src/list.c :87 :List_push) gay shit
DEBUG: (src/list.c :87 :List_push) gay shit
DEBUG: (src/list.c :87 :List_push) gay shit
DEBUG: (src/list.c :87 :List_push) gay shit
DEBUG: (src/list.c :87 :List_push) gay shit
DEBUG: (src/list.c :87 :List_push) gay shit
DEBUG: (src/list.c :87 :List_push) gay shit
DEBUG: (src/list.c :87 :List_push) gay shit
DEBUG: (src/list.c :87 :List_push) gay shit
DEBUG: (src/list.c :87 :List_push) gay shit
DEBUG: (src/list.c :87 :List_push) gay shit
DEBUG: (src/list.c :87 :List_push) gay shit
DEBUG: (src/list.c :87 :List_push) gay shit
DEBUG: (src/list.c :87 :List_push) gay shit
DEBUG: (src/list.c :87 :List_push) gay shit
DEBUG: (src/list.c :87 :List_push) gay shit
DEBUG: (src/list.c :87 :List_push) gay shit
DEBUG: (src/list.c :87 :List_push) gay shit
DEBUG: (src/list.c :87 :List_push) gay shit
DEBUG: (src/list.c :87 :List_push) gay shit
DEBUG: (src/list.c :87 :List_push) gay shit
DEBUG: (src/list.c :87 :List_push) gay shit
DEBUG: (src/list.c :87 :List_push) gay shit
DEBUG: (src/list.c :87 :List_push) gay shit
DEBUG: (src/list.c :87 :List_push) gay shit
DEBUG: (src/list.c :87 :List_push) gay shit
DEBUG: (src/list.c :87 :List_push) gay shit
DEBUG: (src/list.c :87 :List_push) gay shit
DEBUG: (src/list.c :87 :List_push) gay shit
DEBUG: (src/list.c :87 :List_push) gay shit
DEBUG: (src/list.c :87 :List_push) gay shit
DEBUG: (src/list.c :87 :List_push) gay shit
DEBUG: (src/list.c :87 :List_push) gay shit
DEBUG: (src/list.c :87 :List_push) gay shit
DEBUG: (src/list.c :87 :List_push) gay shit
DEBUG: (src/list.c :87 :List_push) gay shit
DEBUG: (src/list.c :87 :List_push) gay shit
DEBUG: (src/list.c :87 :List_push) gay shit
DEBUG: (src/list.c :87 :List_push) gay shit
DEBUG: (src/list.c :87 :List_push) gay shit
DEBUG: (src/list.c :87 :List_push) gay shit
DEBUG: (src/list.c :87 :List_push) gay shit
DEBUG: (src/list.c :87 :List_push) gay shit
DEBUG: (src/list.c :87 :List_push) gay shit
DEBUG: (src/list.c :87 :List_push) gay shit
DEBUG: (src/list.c :87 :List_push) gay shit
DEBUG: (src/list.c :87 :List_push) gay shit
DEBUG: (src/list.c :87 :List_push) gay shit
DEBUG: (src/list.c :87 :List_push) gay shit
DEBUG: (src/list.c :87 :List_push) gay shit
DEBUG: (src/list.c :87 :List_push) gay shit
DEBUG: (src/list.c :87 :List_push) gay shit
DEBUG: (src/list.c :87 :List_push) gay shit
DEBUG: (src/list.c :87 :List_push) gay shit
DEBUG: (src/list.c :87 :List_push) gay shit
DEBUG: (src/list.c :87 :List_push) gay shit
DEBUG: (src/list.c :87 :List_push) gay shit
DEBUG: (src/list.c :87 :List_push) gay shit
DEBUG: (src/list.c :87 :List_push) gay shit
DEBUG: (src/list.c :87 :List_push) gay shit
DEBUG: (src/list.c :87 :List_push) gay shit
DEBUG: (src/list.c :87 :List_push) gay shit
DEBUG: (src/list.c :87 :List_push) gay shit
DEBUG: (src/list.c :87 :List_push) gay shit
DEBUG: (src/list.c :87 :List_push) gay shit
DEBUG: (src/list.c :87 :List_push) gay shit
DEBUG: (src/list.c :87 :List_push) gay shit
DEBUG: (src/list.c :87 :List_push) gay shit
DEBUG: (src/list.c :87 :List_push) gay shit
DEBUG: (src/list.c :87 :List_push) gay shit
DEBUG: (src/list.c :87 :List_push) gay shit
DEBUG: (src/list.c :87 :List_push) gay shit
DEBUG: (src/list.c :87 :List_push) gay shit
DEBUG: (src/list.c :87 :List_push) gay shit
DEBUG: (src/list.c :87 :List_push) gay shit
DEBUG: (src/list.c :87 :List_push) gay shit
DEBUG: (src/list.c :87 :List_push) gay shit
DEBUG: (src/list.c :87 :List_push) gay shit
DEBUG: (src/list.c :87 :List_push) gay shit
DEBUG: (src/list.c :87 :List_push) gay shit
DEBUG: (src/list.c :87 :List_push) gay shit
DEBUG: (src/list.c :87 :List_push) gay shit
DEBUG: (src/list.c :87 :List_push) gay shit
DEBUG: (src/list.c :87 :List_push) gay shit
DEBUG: (src/list.c :87 :List_push) gay shit
DEBUG: (src/list.c :87 :List_push) gay shit
DEBUG: (src/list.c :87 :List_push) gay shit
DEBUG: (src/list.c :87 :List_push) gay shit
DEBUG: (src/list.c :87 :List_push) gay shit
DEBUG: (src/list.c :87 :List_push) gay shit
DEBUG: (src/list.c :87 :List_push) gay shit
DEBUG: (src/list.c :87 :List_push) gay shit
DEBUG: (src/list.c :87 :List_push) gay shit
DEBUG: (src/list.c :87 :List_push) gay shit
DEBUG: (src/list.c :87 :List_push) gay shit
DEBUG: (src/list.c :87 :List_push) gay shit
DEBUG: (src/list.c :87 :List_push) gay shit
DEBUG: (src/list.c :87 :List_push) gay shit
DEBUG: (src/list.c :87 :List_push) gay shit
DEBUG: (src/list.c :87 :List_push) gay shit
DEBUG: (src/list.c :87 :List_push) gay shit
DEBUG: (src/list.c :87 :List_push) gay shit
DEBUG: (src/list.c :87 :List_push) gay shit
DEBUG: (src/list.c :87 :List_push) gay shit
DEBUG: (src/list.c :87 :List_push) gay shit
DEBUG: (src/list.c :87 :List_push) gay shit
DEBUG: (src/list.c :87 :List_push) gay shit
DEBUG: (src/list.c :87 :List_push) gay shit
DEBUG: (src/list.c :87 :List_push) gay shit
DEBUG: (src/list.c :87 :List_push) gay shit
DEBUG: (src/list.c :87 :List_push) gay shit
DEBUG: (src/list.c :87 :List_push) gay shit
DEBUG: (src/list.c :87 :List_push) gay shit
DEBUG: (src/list.c :87 :List_push) gay shit
DEBUG: (src/list.c :87 :List_push) gay shit
DEBUG: (src/list.c :87 :List_push) gay shit
DEBUG: (src/list.c :87 :List_push) gay shit
DEBUG: (src/list.c :87 :List_push) gay shit
DEBUG: (src/list.c :87 :List_push) gay shit
DEBUG: (src/list.c :87 :List_push) gay shit
DEBUG: (src/list.c :87 :List_push) gay shit
DEBUG: (src/list.c :87 :List_push) gay shit
DEBUG: (src/list.c :87 :List_push) gay shit
DEBUG: (src/list.c :87 :List_push) gay shit
DEBUG: (src/list.c :87 :List_push) gay shit
DEBUG: (src/list.c :87 :List_push) gay shit
DEBUG: (src/list.c :87 :List_push) gay shit
DEBUG: (src/list.c :87 :List_push) gay shit
DEBUG: (src/list.c :87 :List_push) gay shit
DEBUG: (src/list.c :87 :List_push) gay shit
DEBUG: (src/list.c :87 :List_push) gay shit
DEBUG: (src/list.c :87 :List_push) gay shit
DEBUG: (src/list.c :87 :List_push) gay shit
DEBUG: (src/list.c :87 :List_push) gay shit
DEBUG: (src/list.c :87 :List_push) gay shit
DEBUG: (src/list.c :87 :List_push) gay shit
DEBUG: (src/list.c :87 :List_push) gay shit
DEBUG: (src/list.c :87 :List_push) gay shit
DEBUG: (src/list.c :87 :List_push) gay shit
DEBUG: (src/list.c :87 :List_push) gay shit
DEBUG: (src/list.c :87 :List_push) gay shit
DEBUG: (src/list.c :87 :List_push) gay shit
DEBUG: (src/list.c :87 :List_push) gay shit
DEBUG: (src/list.c :87 :List_push) gay shit
DEBUG: (src/list.c :87 :List_push) gay shit
DEBUG: (src/list.c :87 :List_push) gay shit
DEBUG: (src/list.c :87 :List_push) gay shit
DEBUG: (src/list.c :87 :List_push) gay shit
DEBUG: (src/list.c :87 :List_push) gay shit
DEBUG: (src/list.c :87 :List_push) gay shit
DEBUG: (src/list.c :87 :List_push) gay shit
DEBUG: (src/list.c :87 :List_push) gay shit
DEBUG: (src/list.c :87 :List_push) gay shit
DEBUG: (src/list.c :87 :List_push) gay shit
DEBUG: (src/list.c :87 :List_push) gay shit
DEBUG: (src/list.c :87 :List_push) gay shit
DEBUG: (src/list.c :87 :List_push) gay shit
DEBUG: (src/list.c :87 :List_push) gay shit
DEBUG: (src/list.c :87 :List_push) gay shit
DEBUG: (src/list.c :87 :List_push) gay shit
DEBUG: (src/list.c :87 :List_push) gay shit
DEBUG: (src/list.c :87 :List_push) gay shit
DEBUG: (src/list.c :87 :List_push) gay shit
DEBUG: (src/list.c :87 :List_push) gay shit
DEBUG: (src/list.c :87 :List_push) gay shit
DEBUG: (src/list.c :87 :List_push) gay shit
DEBUG: (src/list.c :87 :List_push) gay shit
DEBUG: (src/list.c :87 :List_push) gay shit
DEBUG: (src/list.c :87 :List_push) gay shit
DEBUG: (src/list.c :87 :List_push) gay shit
DEBUG: (src/list.c :87 :List_push) gay shit
DEBUG: (src/list.c :87 :List_push) gay shit
DEBUG: (src/list.c :87 :List_push) gay shit
DEBUG: (src/list.c :87 :List_push) gay shit
DEBUG: (src/list.c :87 :List_push) gay shit
DEBUG: (src/list.c :87 :List_push) gay shit
DEBUG: (src/list.c :87 :List_push) gay shit
DEBUG: (src/list.c :87 :List_push) gay shit
DEBUG: (src/list.c :87 :List_push) gay shit
DEBUG: (src/list.c :87 :List_push) gay shit
DEBUG: (src/list.c :87 :List_push) gay shit
DEBUG: (src/list.c :87 :List_push) gay shit
DEBUG: (src/list.c :87 :List_push) gay shit
DEBUG: (src/list.c :87 :List_push) gay shit
DEBUG: (src/list.c :87 :List_push) gay shit
DEBUG: (src/list.c :87 :List_push) gay shit
DEBUG: (src/list.c :87 :List_push) gay shit
DEBUG: (src/list.c :87 :List_push) gay shit
DEBUG: (src/list.c :87 :List_push) gay shit
DEBUG: (src/list.c :87 :List_push) gay shit
DEBUG: (src/list.c :87 :List_push) gay shit
DEBUG: (src/list.c :87 :List_push) gay shit
DEBUG: (src/list.c :87 :List_push) gay shit
DEBUG: (src/list.c :87 :List_push) gay shit
DEBUG: (src/list.c :87 :List_push) gay shit
DEBUG: (src/list.c :87 :List_push) gay shit
DEBUG: (src/list.c :87 :List_push) gay shit
DEBUG: (src/list.c :87 :List_push) gay shit
DEBUG: (src/list.c :87 :List_push) gay shit
DEBUG: (src/list.c :87 :List_push) gay shit
DEBUG: (src/list.c :87 :List_push) gay shit
DEBUG: (src/list.c :87 :List_push) gay shit
DEBUG: (src/list.c :87 :List_push) gay shit
DEBUG: (src/list.c :87 :List_push) gay shit
DEBUG: (src/list.c :87 :List_push) gay shit
DEBUG: (src/list.c :87 :List_push) gay shit
DEBUG: (src/list.c :87 :List_push) gay shit
DEBUG: (src/list.c :87 :List_push) gay shit
DEBUG: (src/list.c :87 :List_push) gay shit
DEBUG: (src/list.c :87 :List_push) gay shit
DEBUG: (src/list.c :87 :List_push) gay shit
DEBUG: (src/list.c :87 :List_push) gay shit
DEBUG: (src/list.c :87 :List_push) gay shit
DEBUG: (src/list.c :87 :List_push) gay shit
DEBUG: (src/list.c :87 :List_push) gay shit
DEBUG: (src/list.c :87 :List_push) gay shit
DEBUG: (src/list.c :87 :List_push) gay shit
DEBUG: (src/list.c :87 :List_push) gay shit
DEBUG: (src/list.c :87 :List_push) gay shit
DEBUG: (src/list.c :87 :List_push) gay shit
DEBUG: (src/list.c :87 :List_push) gay shit
DEBUG: (src/list.c :87 :List_push) gay shit
DEBUG: (src/list.c :87 :List_push) gay shit
DEBUG: (src/list.c :87 :List_push) gay shit
DEBUG: (src/list.c :87 :List_push) gay shit
DEBUG: (src/list.c :87 :List_push) gay shit
DEBUG: (src/list.c :87 :List_push) gay shit
DEBUG: (src/list.c :87 :List_push) gay shit
DEBUG: (src/list.c :87 :List_push) gay shit
DEBUG: (src/list.c :87 :List_push) gay shit
DEBUG: (src/list.c :87 :List_push) gay shit
DEBUG: (src/list.c :87 :List_push) gay shit
DEBUG: (src/list.c :87 :List_push) gay shit
DEBUG: (src/list.c :87 :List_push) gay shit
DEBUG: (src/list.c :87 :List_push) gay shit
DEBUG: (src/list.c :87 :List_push) gay shit
DEBUG: (src/list.c :87 :List_push) gay shit
DEBUG: (src/list.c :87 :List_push) gay shit
DEBUG: (src/list.c :87 :List_push) gay shit
DEBUG: (src/list.c :87 :List_push) gay shit
DEBUG: (src/list.c :87 :List_push) gay shit
DEBUG: (src/list.c :87 :List_push) gay shit
DEBUG: (src/list.c :87 :List_push) gay shit
DEBUG: (src/list.c :87 :List_push) gay shit
DEBUG: (src/list.c :87 :List_push) gay shit
DEBUG: (src/list.c :87 :List_push) gay shit
DEBUG: (src/list.c :87 :List_push) gay shit
DEBUG: (src/list.c :87 :List_push) gay shit
DEBUG: (src/list.c :87 :List_push) gay shit
DEBUG: (src/list.c :87 :List_push) gay shit
DEBUG: (src/list.c :87 :List_push) gay shit
DEBUG: (src/list.c :87 :List_push) gay shit
DEBUG: (src/list.c :87 :List_push) gay shit
DEBUG: (src/list.c :87 :List_push) gay shit
DEBUG: (src/list.c :87 :List_push) gay shit
DEBUG: (src/list.c :87 :List_push) gay shit
DEBUG: (src/list.c :87 :List_push) gay shit
DEBUG: (src/list.c :87 :List_push) gay shit
DEBUG: (src/list.c :87 :List_push) gay shit
DEBUG: (src/list.c :87 :List_push) gay shit
DEBUG: (src/list.c :87 :List_push) gay shit
DEBUG: (src/list.c :87 :List_push) gay shit
DEBUG: (src/list.c :87 :List_push) gay shit
DEBUG: (src/list.c :87 :List_push) gay shit
DEBUG: (src/list.c :87 :List_push) gay shit
DEBUG: (src/list.c :87 :List_push) gay shit
DEBUG: (src/list.c :87 :List_push) gay shit
DEBUG: (src/list.c :87 :List_push) gay shit
DEBUG: (src/list.c :87 :List_push) gay shit
DEBUG: (src/list.c :87 :List_push) gay shit
DEBUG: (src/list.c :87 :List_push) gay shit
DEBUG: (src/list.c :87 :List_push) gay shit
DEBUG: (src/list.c :87 :List_push) gay shit
DEBUG: (src/list.c :87 :List_push) gay shit
DEBUG: (src/list.c :87 :List_push) gay shit
DEBUG: (src/list.c :87 :List_push) gay shit
DEBUG: (src/list.c :87 :List_push) gay shit
DEBUG: (src/list.c :87 :List_push) gay shit
DEBUG: (src/list.c :87 :List_push) gay shit
DEBUG: (src/list.c :87 :List_push) gay shit
DEBUG: (src/list.c :87 :List_push) gay shit
DEBUG: (src/list.c :87 :List_push) gay shit
DEBUG: (src/list.c :87 :List_push) gay shit
DEBUG: (src/list.c :87 :List_push) gay shit
DEBUG: (src/list.c :87 :List_push) gay shit
DEBUG: (src/list.c :87 :List_push) gay shit
DEBUG: (src/list.c :87 :List_push) gay shit
DEBUG: (src/list.c :87 :List_push) gay shit
DEBUG: (src/list.c :87 :List_push) gay shit
DEBUG: (src/list.c :87 :List_push) gay shit
DEBUG: (src/list.c :87 :List_push) gay shit
DEBUG: (src/list.c :87 :List_push) gay shit
DEBUG: (src/list.c :87 :List_push) gay shit
DEBUG: (src/list.c :87 :List_push) gay shit
DEBUG: (src/list.c :87 :List_push) gay shit
DEBUG: (src/list.c :87 :List_push) gay shit
DEBUG: (src/list.c :87 :List_push) gay shit
DEBUG: (src/list.c :87 :List_push) gay shit
DEBUG: (src/list.c :87 :List_push) gay shit
DEBUG: (src/list.c :87 :List_push) gay shit
DEBUG: (src/list.c :87 :List_push) gay shit
DEBUG: (src/list.c :87 :List_push) gay shit
DEBUG: (src/list.c :87 :List_push) gay shit
DEBUG: (src/list.c :87 :List_push) gay shit
DEBUG: (src/list.c :87 :List_push) gay shit
DEBUG: (src/list.c :87 :List_push) gay shit
DEBUG: (src/list.c :87 :List_push) gay shit
DEBUG: (src/list.c :87 :List_push) gay shit
DEBUG: (src/list.c :87 :List_push) gay shit
DEBUG: (src/list.c :87 :List_push) gay shit
DEBUG: (src/list.c :87 :List_push) gay shit
DEBUG: (src/list.c :87 :List_push) gay shit
DEBUG: (src/list.c :87 :List_push) gay shit
DEBUG: (src/list.c :87 :List_push) gay shit
DEBUG: (src/list.c :87 :List_push) gay shit
DEBUG: (src/list.c :87 :List_push) gay shit
DEBUG: (src/list.c :87 :List_push) gay shit
DEBUG: (src/list.c :87 :List_push) gay shit
DEBUG: (src/list.c :87 :List_push) gay shit
DEBUG: (src/list.c :87 :List_push) gay shit
DEBUG: (src/list.c :87 :List_push) gay shit
DEBUG: (src/list.c :87 :List_push) gay shit
DEBUG: (src/list.c :87 :List_push) gay shit
DEBUG: (src/list.c :87 :List_push) gay shit
DEBUG: (src/list.c :87 :List_push) gay shit
DEBUG: (src/list.c :87 :List_push) gay shit
DEBUG: (src/list.c :87 :List_push) gay shit
DEBUG: (src/list.c :87 :List_push) gay shit
DEBUG: (src/list.c :87 :List_push) gay shit
DEBUG: (src/list.c :87 :List_push) gay shit
DEBUG: (src/list.c :87 :List_push) gay shit
DEBUG: (src/list.c :87 :List_push) gay shit
DEBUG: (src/list.c :87 :List_push) gay shit
DEBUG: (src/list.c :87 :List_push) gay shit
DEBUG: (src/list.c :87 :List_push) gay shit
DEBUG: (src/list.c :87 :List_push) gay shit
DEBUG: (src/list.c :87 :List_push) gay shit
DEBUG: (src/list.c :87 :List_push) gay shit
DEBUG: (src/list.c :87 :List_push) gay shit
DEBUG: (src/list.c :87 :List_push) gay shit
DEBUG: (src/list.c :87 :List_push) gay shit
DEBUG: (src/list.c :87 :List_push) gay shit
DEBUG: (src/list.c :87 :List_push) gay shit
DEBUG: (src/list.c :87 :List_push) gay shit
DEBUG: (src/list.c :87 :List_push) gay shit
DEBUG: (src/list.c :87 :List_push) gay shit
DEBUG: (src/list.c :87 :List_push) gay shit
DEBUG: (src/list.c :87 :List_push) gay shit
DEBUG: (src/list.c :87 :List_push) gay shit
DEBUG: (src/list.c :87 :List_push) gay shit
DEBUG: (src/list.c :87 :List_push) gay shit
DEBUG: (src/list.c :87 :List_push) gay shit
DEBUG: (src/list.c :87 :List_push) gay shit
DEBUG: (src/list.c :87 :List_push) gay shit
DEBUG: (src/list.c :87 :List_push) gay shit
DEBUG: (src/list.c :87 :List_push) gay shit
DEBUG: (src/list.c :87 :List_push) gay shit
DEBUG: (src/list.c :87 :List_push) gay shit
DEBUG: (src/list.c :87 :List_push) gay shit
DEBUG: (src/list.c :87 :List_push) gay shit
DEBUG: (src/list.c :87 :List_push) gay shit
DEBUG: (src/list.c :87 :List_push) gay shit
DEBUG: (src/list.c :87 :List_push) gay shit
DEBUG: (src/list.c :87 :List_push) gay shit
DEBUG: (src/list.c :87 :List_push) gay shit
DEBUG: (src/list.c :87 :List_push) gay shit
DEBUG: (src/list.c :87 :List_push) gay shit
DEBUG: (src/list.c :87 :List_push) gay shit
DEBUG: (src/list.c :87 :List_push) gay shit
DEBUG: (src/list.c :87 :List_push) gay shit
DEBUG: (src/list.c :87 :List_push) gay shit
DEBUG: (src/list.c :87 :List_push) gay shit
DEBUG: (src/list.c :87 :List_push) gay shit
DEBUG: (src/list.c :87 :List_push) gay shit
DEBUG: (src/list.c :87 :List_push) gay shit
DEBUG: (src/list.c :87 :List_push) gay shit
DEBUG: (src/list.c :87 :List_push) gay shit
DEBUG: (src/list.c :87 :List_push) gay shit
DEBUG: (src/list.c :87 :List_push) gay shit
DEBUG: (src/list.c :87 :List_push) gay shit
DEBUG: (src/list.c :87 :List_push) gay shit
DEBUG: (src/list.c :87 :List_push) gay shit
DEBUG: (src/list.c :87 :List_push) gay shit
DEBUG: (src/list.c :87 :List_push) gay shit
DEBUG: (src/list.c :87 :List_push) gay shit
DEBUG: (src/list.c :87 :List_push) gay shit
DEBUG: (src/list.c :87 :List_push) gay shit
DEBUG: (src/list.c :87 :List_push) gay shit
DEBUG: (src/list.c :87 :List_push) gay shit
DEBUG: (src/list.c :87 :List_push) gay shit
DEBUG: (src/list.c :87 :List_push) gay shit
DEBUG: (src/list.c :87 :List_push) gay shit
DEBUG: (src/list.c :87 :List_push) gay shit
DEBUG: (src/list.c :87 :List_push) gay shit
DEBUG: (src/list.c :87 :List_push) gay shit
DEBUG: (src/list.c :87 :List_push) gay shit
DEBUG: (src/list.c :87 :List_push) gay shit
DEBUG: (src/list.c :87 :List_push) gay shit
DEBUG: (src/list.c :87 :List_push) gay shit
DEBUG: (src/list.c :87 :List_push) gay shit
DEBUG: (src/list.c :87 :List_push) gay shit
DEBUG: (src/list.c :87 :List_push) gay shit
DEBUG: (src/list.c :87 :List_push) gay shit
DEBUG: (src/list.c :87 :List_push) gay shit
DEBUG: (src/list.c :87 :List_push) gay shit
DEBUG: (src/list.c :87 :List_push) gay shit
DEBUG: (src/list.c :87 :List_push) gay shit
DEBUG: (src/list.c :87 :List_push) gay shit
DEBUG: (src/list.c :87 :List_push) gay shit
DEBUG: (src/list.c :87 :List_push) gay shit
DEBUG: (src/list.c :87 :List_push) gay shit
DEBUG: (src/list.c :87 :List_push) gay shit
DEBUG: (src/list.c :87 :List_push) gay shit
DEBUG: (src/list.c :87 :List_push) gay shit
DEBUG: (src/list.c :87 :List_push) gay shit
DEBUG: (src/list.c :87 :List_push) gay shit
DEBUG: (src/list.c :87 :List_push) gay shit
DEBUG: (src/list.c :87 :List_push) gay shit
DEBUG: (src/list.c :87 :List_push) gay shit
DEBUG: (src/list.c :87 :List_push) gay shit
DEBUG: (src/list.c :87 :List_push) gay shit
DEBUG: (src/list.c :87 :List_push) gay shit
DEBUG: (src/list.c :87 :List_push) gay shit
DEBUG: (src/list.c :87 :List_push) gay shit
DEBUG: (src/list.c :87 :List_push) gay shit
DEBUG: (src/list.c :87 :List_push) gay shit
DEBUG: (src/list.c :87 :List_push) gay shit
DEBUG: (src/list.c :87 :List_push) gay shit
DEBUG: (src/list.c :87 :List_push) gay shit
DEBUG: (src/list.c :87 :List_push) gay shit
DEBUG: (src/list.c :87 :List_push) gay shit
DEBUG: (src/list.c :87 :List_push) gay shit
DEBUG: (src/list.c :87 :List_push) gay shit
DEBUG: (src/list.c :87 :List_push) gay shit
DEBUG: (src/list.c :87 :List_push) gay shit
DEBUG: (src/list.c :87 :List_push) gay shit
DEBUG: (src/list.c :87 :List_push) gay shit
DEBUG: (src/list.c :87 :List_push) gay shit
DEBUG: (src/list.c :87 :List_push) gay shit
DEBUG: (src/list.c :87 :List_push) gay shit
DEBUG: (src/list.c :87 :List_push) gay shit
DEBUG: (src/list.c :87 :List_push) gay shit
DEBUG: (src/list.c :87 :List_push) gay shit
DEBUG: (src/list.c :87 :List_push) gay shit
DEBUG: (src/list.c :87 :List_push) gay shit
DEBUG: (src/list.c :87 :List_push) gay shit
DEBUG: (src/list.c :87 :List_push) gay shit
DEBUG: (src/list.c :87 :List_push) gay shit
DEBUG: (src/list.c :87 :List_push) gay shit
DEBUG: (src/list.c :87 :List_push) gay shit
DEBUG: (src/list.c :87 :List_push) gay shit
DEBUG: (src/list.c :87 :List_push) gay shit
DEBUG: (src/list.c :87 :List_push) gay shit
DEBUG: (src/list.c :87 :List_push) gay shit
DEBUG: (src/list.c :87 :List_push) gay shit
DEBUG: (src/list.c :87 :List_push) gay shit
DEBUG: (src/list.c :87 :List_push) gay shit
DEBUG: (src/list.c :87 :List_push) gay shit
DEBUG: (src/list.c :87 :List_push) gay shit
DEBUG: (src/list.c :87 :List_push) gay shit
DEBUG: (src/list.c :87 :List_push) gay shit
DEBUG: (src/list.c :87 :List_push) gay shit
DEBUG: (src/list.c :87 :List_push) gay shit
DEBUG: (src/list.c :87 :List_push) gay shit
DEBUG: (src/list.c :87 :List_push) gay shit
DEBUG: (src/list.c :87 :List_push) gay shit
DEBUG: (src/list.c :87 :List_push) gay shit
DEBUG: (src/list.c :87 :List_push) gay shit
DEBUG: (src/list.c :87 :List_push) gay shit
DEBUG: (src/list.c :87 :List_push) gay shit
DEBUG: (src/list.c :87 :List_push) gay shit
DEBUG: (src/list.c :87 :List_push) gay shit
DEBUG: (src/list.c :87 :List_push) gay shit
DEBUG: (src/list.c :87 :List_push) gay shit
DEBUG: (src/list.c :87 :List_push) gay shit
DEBUG: (src/list.c :87 :List_push) gay shit
DEBUG: (src/list.c :87 :List_push) gay shit
DEBUG: (src/list.c :87 :List_push) gay shit
DEBUG: (src/list.c :87 :List_push) gay shit
DEBUG: (src/list.c :87 :List_push) gay shit
DEBUG: (src/list.c :87 :List_push) gay shit
DEBUG: (src/list.c :87 :List_push) gay shit
DEBUG: (src/list.c :87 :List_push) gay shit
DEBUG: (src/list.c :87 :List_push) gay shit
DEBUG: (src/list.c :87 :List_push) gay shit
DEBUG: (src/list.c :87 :List_push) gay shit
DEBUG: (src/list.c :87 :List_push) gay shit
DEBUG: (src/list.c :87 :List_push) gay shit
DEBUG: (src/list.c :87 :List_push) gay shit
DEBUG: (src/list.c :87 :List_push) gay shit
DEBUG: (src/list.c :87 :List_push) gay shit
DEBUG: (src/list.c :87 :List_push) gay shit
DEBUG: (src/list.c :87 :List_push) gay shit
DEBUG: (src/list.c :87 :List_push) gay shit
DEBUG: (src/list.c :87 :List_push) gay shit
DEBUG: (src/list.c :87 :List_push) gay shit
DEBUG: (src/list.c :87 :List_push) gay shit
DEBUG: (src/list.c :87 :List_push) gay shit
DEBUG: (src/list.c :87 :List_push) gay shit
DEBUG: (src/list.c :87 :List_push) gay shit
DEBUG: (src/list.c :87 :List_push) gay shit
DEBUG: (src/list.c :87 :List_push) gay shit
DEBUG: (src/list.c :87 :List_push) gay shit
DEBUG: (src/list.c :87 :List_push) gay shit
DEBUG: (src/list.c :87 :List_push) gay shit
DEBUG: (src/list.c :87 :List_push) gay shit
DEBUG: (src/list.c :87 :List_push) gay shit
DEBUG: (src/list.c :87 :List_push) gay shit
DEBUG: (src/list.c :87 :List_push) gay shit
DEBUG: (src/list.c :87 :List_push) gay shit
DEBUG: (src/list.c :87 :List_push) gay shit
DEBUG: (src/list.c :87 :List_push) gay shit
DEBUG: (src/list.c :87 :List_push) gay shit
DEBUG: (src/list.c :87 :List_push) gay shit
DEBUG: (src/list.c :87 :List_push) gay shit
DEBUG: (src/list.c :87 :List_push) gay shit
DEBUG: (src/list.c :87 :List_push) gay shit
DEBUG: (src/list.c :87 :List_push) gay shit
DEBUG: (src/list.c :87 :List_push) gay shit
DEBUG: (src/list.c :87 :List_push) gay shit
DEBUG: (src/list.c :87 :List_push) gay shit
DEBUG: (src/list.c :87 :List_push) gay shit
DEBUG: (src/list.c :87 :List_push) gay shit
DEBUG: (src/list.c :87 :List_push) gay shit
DEBUG: (src/list.c :87 :List_push) gay shit
DEBUG: (src/list.c :87 :List_push) gay shit
DEBUG: (src/list.c :87 :List_push) gay shit
DEBUG: (src/list.c :87 :List_push) gay shit
DEBUG: (src/list.c :87 :List_push) gay shit
DEBUG: (src/list.c :87 :List_push) gay shit
DEBUG: (src/list.c :87 :List_push) gay shit
DEBUG: (src/list.c :87 :List_push) gay shit
DEBUG: (src/list.c :87 :List_push) gay shit
DEBUG: (src/list.c :87 :List_push) gay shit
DEBUG: (src/list.c :87 :List_push) gay shit
DEBUG: (src/list.c :87 :List_push) gay shit
DEBUG: (src/list.c :87 :List_push) gay shit
DEBUG: (src/list.c :87 :List_push) gay shit
DEBUG: (src/list.c :87 :List_push) gay shit
DEBUG: (src/list.c :87 :List_push) gay shit
DEBUG: (src/list.c :87 :List_push) gay shit
DEBUG: (src/list.c :87 :List_push) gay shit
DEBUG: (src/list.c :87 :List_push) gay shit
DEBUG: (src/list.c :87 :List_push) gay shit
DEBUG: (src/list.c :87 :List_push) gay shit
DEBUG: (src/list.c :87 :List_push) gay shit
DEBUG: (src/list.c :87 :List_push) gay shit
DEBUG: (src/list.c :87 :List_push) gay shit
DEBUG: (src/list.c :87 :List_push) gay shit
DEBUG: (src/list.c :87 :List_push) gay shit
DEBUG: (src/list.c :87 :List_push) gay shit
DEBUG: (src/list.c :87 :List_push) gay shit
DEBUG: (src/list.c :87 :List_push) gay shit
DEBUG: (src/list.c :87 :List_push) gay shit
DEBUG: (src/list.c :87 :List_push) gay shit
DEBUG: (src/list.c :87 :List_push) gay shit
DEBUG: (src/list.c :87 :List_push) gay shit
DEBUG: (src/list.c :87 :List_push) gay shit
DEBUG: (src/list.c :87 :List_push) gay shit
DEBUG: (src/list.c :87 :List_push) gay shit
DEBUG: (src/list.c :87 :List_push) gay shit
DEBUG: (src/list.c :87 :List_push) gay shit
DEBUG: (src/list.c :87 :List_push) gay shit
DEBUG: (src/list.c :87 :List_push) gay shit
DEBUG: (src/list.c :87 :List_push) gay shit
DEBUG: (src/list.c :87 :List_push) gay shit
DEBUG: (src/list.c :87 :List_push) gay shit
DEBUG: (src/list.c :87 :List_push) gay shit
DEBUG: (src/list.c :87 :List_push) gay shit
DEBUG: (src/list.c :87 :List_push) gay shit
DEBUG: (src/list.c :87 :List_push) gay shit
DEBUG: (src/list.c :87 :List_push) gay shit
DEBUG: (src/list.c :87 :List_push) gay shit
DEBUG: (src/list.c :87 :List_push) gay shit
DEBUG: (src/list.c :87 :List_push) gay shit
DEBUG: (src/list.c :87 :List_push) gay shit
DEBUG: (src/list.c :87 :List_push) gay shit
DEBUG: (src/list.c :87 :List_push) gay shit
DEBUG: (src/list.c :87 :List_push) gay shit
DEBUG: (src/list.c :87 :List_push) gay shit
DEBUG: (src/list.c :87 :List_push) gay shit
DEBUG: (src/list.c :87 :List_push) gay shit
DEBUG: (src/list.c :87 :List_push) gay shit
DEBUG: (src/list.c :87 :List_push) gay shit
DEBUG: (src/list.c :87 :List_push) gay shit
DEBUG: (src/list.c :87 :List_push) gay shit
DEBUG: (src/list.c :87 :List_push) gay shit
DEBUG: (src/list.c :87 :List_push) gay shit
DEBUG: (src/list.c :87 :List_push) gay shit
DEBUG: (src/list.c :87 :List_push) gay shit
DEBUG: (src/list.c :87 :List_push) gay shit
DEBUG: (src/list.c :87 :List_push) gay shit
DEBUG: (src/list.c :87 :List_push) gay shit
DEBUG: (src/list.c :87 :List_push) gay shit
DEBUG: (src/list.c :87 :List_push) gay shit
DEBUG: (src/list.c :87 :List_push) gay shit
DEBUG: (src/list.c :87 :List_push) gay shit
DEBUG: (src/list.c :87 :List_push) gay shit
DEBUG: (src/list.c :87 :List_push) gay shit
DEBUG: (src/list.c :87 :List_push) gay shit
DEBUG: (src/list.c :87 :List_push) gay shit
DEBUG: (src/list.c :87 :List_push) gay shit
DEBUG: (src/list.c :87 :List_push) gay shit
DEBUG: (src/list.c :87 :List_push) gay shit
DEBUG: (src/list.c :87 :List_push) gay shit
DEBUG: (src/list.c :87 :List_push) gay shit
DEBUG: (src/list.c :87 :List_push) gay shit
DEBUG: (src/list.c :87 :List_push) gay shit
DEBUG: (src/list.c :87 :List_push) gay shit
DEBUG: (src/list.c :87 :List_push) gay shit
DEBUG: (src/list.c :87 :List_push) gay shit
DEBUG: (src/list.c :87 :List_push) gay shit
DEBUG: (src/list.c :87 :List_push) gay shit
DEBUG: (src/list.c :87 :List_push) gay shit
DEBUG: (src/list.c :87 :List_push) gay shit
DEBUG: (src/list.c :87 :List_push) gay shit
DEBUG: (src/list.c :87 :List_push) gay shit
DEBUG: (src/list.c :87 :List_push) gay shit
DEBUG: (src/list.c :87 :List_push) gay shit
DEBUG: (src/list.c :87 :List_push) gay shit
DEBUG: (src/list.c :87 :List_push) gay shit
DEBUG: (src/list.c :87 :List_push) gay shit
DEBUG: (src/list.c :87 :List_push) gay shit
DEBUG: (src/list.c :87 :List_push) gay shit
DEBUG: (src/list.c :87 :List_push) gay shit
DEBUG: (src/list.c :87 :List_push) gay shit
DEBUG: (src/list.c :87 :List_push) gay shit
DEBUG: (src/list.c :87 :List_push) gay shit
DEBUG: (src/list.c :87 :List_push) gay shit
DEBUG: (src/list.c :87 :List_push) gay shit
DEBUG: (src/list.c :87 :List_push) gay shit
DEBUG: (src/list.c :87 :List_push) gay shit
DEBUG: (src/list.c :87 :List_push) gay shit
DEBUG: (src/list.c :87 :List_push) gay shit
DEBUG: (src/list.c :87 :List_push) gay shit
DEBUG: (src/list.c :87 :List_push) gay shit
DEBUG: (src/list.c :87 :List_push) gay shit
DEBUG: (src/list.c :87 :List_push) gay shit
DEBUG: (src/list.c :87 :List_push) gay shit
DEBUG: (src/list.c :87 :List_push) gay shit
DEBUG: (src/list.c :87 :List_push) gay shit
DEBUG: (src/list.c :87 :List_push) gay shit
DEBUG: (src/list.c :87 :List_push) gay shit
DEBUG: (src/list.c :87 :List_push) gay shit
DEBUG: (src/list.c :87 :List_push) gay shit
DEBUG: (src/list.c :87 :List_push) gay shit
DEBUG: (src/list.c :87 :List_push) gay shit
DEBUG: (src/list.c :87 :List_push) gay shit
DEBUG: (src/list.c :87 :List_push) gay shit
DEBUG: (src/list.c :87 :List_push) gay shit
DEBUG: (src/list.c :87 :List_push) gay shit
DEBUG: (src/list.c :87 :List_push) gay shit
DEBUG: (src/list.c :87 :List_push) gay shit
DEBUG: (src/list.c :87 :List_push) gay shit
DEBUG: (src/list.c :87 :List_push) gay shit
DEBUG: (src/list.c :87 :List_push) gay shit
DEBUG: (src/list.c :87 :List_push) gay shit
DEBUG: (src/list.c :87 :List_push) gay shit
DEBUG: (src/list.c :87 :List_push) gay shit
DEBUG: (src/list.c :87 :List_push) gay shit
DEBUG: (src/list.c :87 :List_push) gay shit
DEBUG: (src/list.c :87 :List_push) gay shit
DEBUG: (src/list.c :87 :List_push) gay shit
DEBUG: (src/list.c :87 :List_push) gay shit
DEBUG: (src/list.c :87 :List_push) gay shit
DEBUG: (src/list.c :87 :List_push) gay shit
DEBUG: (src/list.c :87 :List_push) gay shit
DEBUG: (src/list.c :87 :List_push) gay shit
DEBUG: (src/list.c :87 :List_push) gay shit
DEBUG: (src/list.c :87 :List_push) gay shit
DEBUG: (src/list.c :87 :List_push) gay shit
DEBUG: (src/list.c :87 :List_push) gay shit
DEBUG: (src/list.c :87 :List_push) gay shit
DEBUG: (src/list.c :87 :List_push) gay shit
DEBUG: (src/list.c :87 :List_push) gay shit
DEBUG: (src/list.c :87 :List_push) gay shit
DEBUG: (src/list.c :87 :List_push) gay shit
DEBUG: (src/list.c :87 :List_push) gay shit
DEBUG: (src/list.c :87 :List_push) gay shit
DEBUG: (src/list.c :87 :List_push) gay shit
DEBUG: (src/list.c :87 :List_push) gay shit
DEBUG: (src/list.c :87 :List_push) gay shit
DEBUG: (src/list.c :87 :List_push) gay shit
DEBUG: (src/list.c :87 :List_push) gay shit
DEBUG: (src/list.c :87 :List_push) gay shit
DEBUG: (src/list.c :87 :List_push) gay shit
DEBUG: (src/list.c :87 :List_push) gay shit
DEBUG: (src/list.c :87 :List_push) gay shit
DEBUG: (src/list.c :87 :List_push) gay shit
DEBUG: (src/list.c :87 :List_push) gay shit
DEBUG: (src/list.c :87 :List_push) gay shit
DEBUG: (src/list.c :87 :List_push) gay shit
DEBUG: (src/list.c :87 :List_push) gay shit
DEBUG: (src/list.c :87 :List_push) gay shit
DEBUG: (src/list.c :87 :List_push) gay shit
DEBUG: (src/list.c :87 :List_push) gay shit
DEBUG: (src/list.c :87 :List_push) gay shit
DEBUG: (src/list.c :87 :List_push) gay shit
DEBUG: (src/list.c :87 :List_push) gay shit
DEBUG: (src/list.c :87 :List_push) gay shit
DEBUG: (src/list.c :87 :List_push) gay shit
DEBUG: (src/list.c :87 :List_push) gay shit
DEBUG: (src/list.c :87 :List_push) gay shit
DEBUG: (src/list.c :87 :List_push) gay shit
DEBUG: (src/list.c :87 :List_push) gay shit
DEBUG: (src/list.c :87 :List_push) gay shit
DEBUG: (src/list.c :87 :List_push) gay shit
DEBUG: (src/list.c :87 :List_push) gay shit
DEBUG: (src/list.c :87 :List_push) gay shit
DEBUG: (src/list.c :87 :List_push) gay shit
DEBUG: (src/list.c :87 :List_push) gay shit
DEBUG: (src/list.c :87 :List_push) gay shit
DEBUG: (src/list.c :87 :List_push) gay shit
DEBUG: (src/list.c :87 :List_push) gay shit
DEBUG: (src/list.c :87 :List_push) gay shit
DEBUG: (src/list.c :87 :List_push) gay shit
DEBUG: (src/list.c :87 :List_push) gay shit
DEBUG: (src/list.c :87 :List_push) gay shit
DEBUG: (src/list.c :87 :List_push) gay shit
DEBUG: (src/list.c :87 :List_push) gay shit
DEBUG: (src/list.c :87 :List_push) gay shit
DEBUG: (src/list.c :87 :List_push) gay shit
DEBUG: (src/list.c :87 :List_push) gay shit
DEBUG: (src/list.c :87 :List_push) gay shit
DEBUG: (src/list.c :87 :List_push) gay shit
DEBUG: (src/list.c :87 :List_push) gay shit
DEBUG: (src/list.c :87 :List_push) gay shit
DEBUG: (src/list.c :87 :List_push) gay shit
DEBUG: (src/list.c :87 :List_push) gay shit
DEBUG: (src/list.c :87 :List_push) gay shit
DEBUG: (src/list.c :87 :List_push) gay shit
DEBUG: (src/list.c :87 :List_push) gay shit
DEBUG: (src/list.c :87 :List_push) gay shit
DEBUG: (src/list.c :87 :List_push) gay shit
DEBUG: (src/list.c :87 :List_push) gay shit
DEBUG: (src/list.c :87 :List_push) gay shit
DEBUG: (src/list.c :87 :List_push) gay shit
DEBUG: (src/list.c :87 :List_push) gay shit
DEBUG: (src/list.c :87 :List_push) gay shit
DEBUG: (src/list.c :87 :List_push) gay shit
DEBUG: (src/list.c :87 :List_push) gay shit
DEBUG: (src/list.c :87 :List_push) gay shit
DEBUG: (src/list.c :87 :List_push) gay shit
DEBUG: (src/list.c :87 :List_push) gay shit
DEBUG: (src/list.c :87 :List_push) gay shit
DEBUG: (src/list.c :87 :List_push) gay shit
DEBUG: (src/list.c :87 :List_push) gay shit
DEBUG: (src/list.c :87 :List_push) gay shit
DEBUG: (src/list.c :87 :List_push) gay shit
DEBUG: (src/list.c :87 :List_push) gay shit
DEBUG: (src/list.c :87 :List_push) gay shit
DEBUG: (src/list.c :87 :List_push) gay shit
DEBUG: (src/list.c :87 :List_push) gay shit
DEBUG: (src/list.c :87 :List_push) gay shit
DEBUG: (src/list.c :87 :List_push) gay shit
DEBUG: (src/list.c :87 :List_push) gay shit
DEBUG: (src/list.c :87 :List_push) gay shit
DEBUG: (src/list.c :87 :List_push) gay shit
DEBUG: (src/list.c :87 :List_push) gay shit
DEBUG: (src/list.c :87 :List_push) gay shit
DEBUG: (src/list.c :87 :List_push) gay shit
DEBUG: (src/list.c :87 :List_push) gay shit
DEBUG: (src/list.c :87 :List_push) gay shit
DEBUG: (src/list.c :87 :List_push) gay shit
DEBUG: (src/list.c :87 :List_push) gay shit
DEBUG: (src/list.c :87 :List_push) gay shit
DEBUG: (src/list.c :87 :List_push) gay shit
DEBUG: (src/list.c :87 :List_push) gay shit
DEBUG: (src/list.c :87 :List_push) gay shit
DEBUG: (src/list.c :87 :List_push) gay shit
DEBUG: (src/list.c :87 :List_push) gay shit
DEBUG: (src/list.c :87 :List_push) gay shit
DEBUG: (src/list.c :87 :List_push) gay shit
DEBUG: (src/list.c :87 :List_push) gay shit
DEBUG: (src/list.c :87 :List_push) gay shit
DEBUG: (src/list.c :87 :List_push) gay shit
DEBUG: (src/list.c :87 :List_push) gay shit
DEBUG: (src/list.c :87 :List_push) gay shit
DEBUG: (src/list.c :87 :List_push) gay shit
DEBUG: (src/list.c :87 :List_push) gay shit
DEBUG: (src/list.c :87 :List_push) gay shit
DEBUG: (src/list.c :87 :List_push) gay shit
DEBUG: (src/list.c :87 :List_push) gay shit
DEBUG: (src/list.c :87 :List_push) gay shit
DEBUG: (src/list.c :87 :List_push) gay shit
DEBUG: (src/list.c :87 :List_push) gay shit
DEBUG: (src/list.c :87 :List_push) gay shit
DEBUG: (src/list.c :87 :List_push) gay shit
DEBUG: (src/list.c :87 :List_push) gay shit
DEBUG: (src/list.c :87 :List_push) gay shit
DEBUG: (src/list.c :87 :List_push) gay shit
DEBUG: (src/list.c :87 :List_push) gay shit
DEBUG: (src/list.c :87 :List_push) gay shit
DEBUG: (src/list.c :87 :List_push) gay shit
DEBUG: (src/list.c :87 :List_push) gay shit
DEBUG: (src/list.c :87 :List_push) gay shit
DEBUG: (src/list.c :87 :List_push) gay shit
DEBUG: (src/list.c :87 :List_push) gay shit
DEBUG: (src/list.c :87 :List_push) gay shit
DEBUG: (src/list.c :87 :List_push) gay shit
DEBUG: (src/list.c :87 :List_push) gay shit
DEBUG: (src/list.c :87 :List_push) gay shit
DEBUG: (src/list.c :87 :List_push) gay shit
DEBUG: (src/list.c :87 :List_push) gay shit
DEBUG: (src/list.c :87 :List_push) gay shit
DEBUG: (src/list.c :87 :List_push) gay shit
DEBUG: (src/list.c :87 :List_push) gay shit
DEBUG: (src/list.c :87 :List_push) gay shit
DEBUG: (src/list.c :87 :List_push) gay shit
DEBUG: (src/list.c :87 :List_push) gay shit
DEBUG: (src/list.c :87 :List_push) gay shit
DEBUG: (src/list.c :87 :List_push) gay shit
DEBUG: (src/list.c :87 :List_push) gay shit
DEBUG: (src/list.c :87 :List_push) gay shit
DEBUG: (src/list.c :87 :List_push) gay shit
DEBUG: (src/list.c :87 :List_push) gay shit
DEBUG: (src/list.c :87 :List_push) gay shit
DEBUG: (src/list.c :87 :List_push) gay shit
DEBUG: (src/list.c :87 :List_push) gay shit
DEBUG: (src/list.c :87 :List_push) gay shit
DEBUG: (src/list.c :87 :List_push) gay shit
DEBUG: (src/list.c :87 :List_push) gay shit
DEBUG: (src/list.c :87 :List_push) gay shit
DEBUG: (src/list.c :87 :List_push) gay shit
DEBUG: (src/list.c :87 :List_push) gay shit
DEBUG: (src/list.c :87 :List_push) gay shit
DEBUG: (src/list.c :87 :List_push) gay shit
DEBUG: (src/list.c :87 :List_push) gay shit
DEBUG: (src/list.c :87 :List_push) gay shit
DEBUG: (src/list.c :87 :List_push) gay shit
DEBUG: (src/list.c :87 :List_push) gay shit
DEBUG: (src/list.c :87 :List_push) gay shit
DEBUG: (src/list.c :87 :List_push) gay shit
DEBUG: (src/list.c :87 :List_push) gay shit
DEBUG: (src/list.c :87 :List_push) gay shit
DEBUG: (src/list.c :87 :List_push) gay shit
DEBUG: (src/list.c :87 :List_push) gay shit
DEBUG: (src/list.c :87 :List_push) gay shit
DEBUG: (src/list.c :87 :List_push) gay shit
DEBUG: (src/list.c :87 :List_push) gay shit
DEBUG: (src/list.c :87 :List_push) gay shit
DEBUG: (src/list.c :87 :List_push) gay shit
DEBUG: (src/list.c :87 :List_push) gay shit
DEBUG: (src/list.c :87 :List_push) gay shit
DEBUG: (src/list.c :87 :List_push) gay shit
DEBUG: (src/list.c :87 :List_push) gay shit
DEBUG: (src/list.c :87 :List_push) gay shit
DEBUG: (src/list.c :87 :List_push) gay shit
DEBUG: (src/list.c :87 :List_push) gay shit
DEBUG: (src/list.c :87 :List_push) gay shit
DEBUG: (src/list.c :87 :List_push) gay shit
DEBUG: (src/list.c :87 :List_push) gay shit
DEBUG: (src/list.c :87 :List_push) gay shit
DEBUG: (src/list.c :87 :List_push) gay shit
DEBUG: (src/list.c :87 :List_push) gay shit
DEBUG: (src/list.c :87 :List_push) gay shit
DEBUG: (src/list.c :87 :List_push) gay shit
DEBUG: (src/list.c :87 :List_push) gay shit
DEBUG: (src/list.c :87 :List_push) gay shit
DEBUG: (src/list.c :87 :List_push) gay shit
DEBUG: (src/list.c :87 :List_push) gay shit
DEBUG: (src/list.c :87 :List_push) gay shit
DEBUG: (src/list.c :87 :List_push) gay shit
DEBUG: (src/list.c :87 :List_push) gay shit
DEBUG: (src/list.c :87 :List_push) gay shit
DEBUG: (src/list.c :87 :List_push) gay shit
DEBUG: (src/list.c :87 :List_push) gay shit
DEBUG: (src/list.c :87 :List_push) gay shit
DEBUG: (src/list.c :87 :List_push) gay shit
DEBUG: (src/list.c :87 :List_push) gay shit
DEBUG: (src/list.c :87 :List_push) gay shit
DEBUG: (src/list.c :87 :List_push) gay shit
DEBUG: (src/list.c :87 :List_push) gay shit
DEBUG: (src/list.c :87 :List_push) gay shit
DEBUG: (src/list.c :87 :List_push) gay shit
DEBUG: (src/list.c :87 :List_push) gay shit
DEBUG: (src/list.c :87 :List_push) gay shit
DEBUG: (src/list.c :87 :List_push) gay shit
DEBUG: (src/list.c :87 :List_push) gay shit
DEBUG: (src/list.c :87 :List_push) gay shit
DEBUG: (src/list.c :87 :List_push) gay shit
DEBUG: (src/list.c :87 :List_push) gay shit
DEBUG: (src/list.c :87 :List_push) gay shit
DEBUG: (src/list.c :87 :List_push) gay shit
DEBUG: (src/list.c :87 :List_push) gay shit
DEBUG: (src/list.c :87 :List_push) gay shit
DEBUG: (src/list.c :87 :List_push) gay shit
DEBUG: (src/list.c :87 :List_push) gay shit
DEBUG: (src/list.c :87 :List_push) gay shit
DEBUG: (src/list.c :87 :List_push) gay shit
DEBUG: (src/list.c :87 :List_push) gay shit
DEBUG: (src/list.c :87 :List_push) gay shit
DEBUG: (src/list.c :87 :List_push) gay shit
DEBUG: (src/list.c :87 :List_push) gay shit
DEBUG: (src/list.c :87 :List_push) gay shit
DEBUG: (src/list.c :87 :List_push) gay shit
DEBUG: (src/list.c :87 :List_push) gay shit
DEBUG: (src/list.c :87 :List_push) gay shit
DEBUG: (src/list.c :87 :List_push) gay shit
DEBUG: (src/list.c :87 :List_push) gay shit
DEBUG: (src/list.c :87 :List_push) gay shit
DEBUG: (src/list.c :87 :List_push) gay shit
DEBUG: (src/list.c :87 :List_push) gay shit
DEBUG: (src/list.c :87 :List_push) gay shit
DEBUG: (src/list.c :87 :List_push) gay shit
DEBUG: (src/list.c :87 :List_push) gay shit
DEBUG: (src/list.c :87 :List_push) gay shit
DEBUG: (src/list.c :87 :List_push) gay shit
DEBUG: (src/list.c :87 :List_push) gay shit
DEBUG: (src/list.c :87 :List_push) gay shit
DEBUG: (src/list.c :87 :List_push) gay shit
DEBUG: (src/list.c :87 :List_push) gay shit
DEBUG: (src/list.c :87 :List_push) gay shit
DEBUG: (src/list.c :87 :List_push) gay shit
DEBUG: (src/list.c :87 :List_push) gay shit
DEBUG: (src/list.c :87 :List_push) gay shit
DEBUG: (src/list.c :87 :List_push) gay shit
DEBUG: (src/list.c :87 :List_push) gay shit
DEBUG: (src/list.c :87 :List_push) gay shit
DEBUG: (src/list.c :87 :List_push) gay shit
DEBUG: (src/list.c :87 :List_push) gay shit
DEBUG: (src/list.c :87 :List_push) gay shit
DEBUG: (src/list.c :87 :List_push) gay shit
DEBUG: (src/list.c :87 :List_push) gay shit
DEBUG: (src/list.c :87 :List_push) gay shit
DEBUG: (src/list.c :87 :List_push) gay shit
DEBUG: (src/list.c :87 :List_push) gay shit
DEBUG: (src/list.c :87 :List_push) gay shit
DEBUG: (src/list.c :87 :List_push) gay shit
DEBUG: (src/list.c :87 :List_push) gay shit
DEBUG: (src/list.c :87 :List_push) gay shit
DEBUG: (src/list.c :87 :List_push) gay shit
DEBUG: (src/list.c :87 :List_push) gay shit
DEBUG: (src/list.c :87 :List_push) gay shit
DEBUG: (src/list.c :87 :List_push) gay shit
DEBUG: (src/list.c :87 :List_push) gay shit
DEBUG: (src/list.c :87 :List_push) gay shit
DEBUG: (src/list.c :87 :List_push) gay shit
DEBUG: (src/list.c :87 :List_push) gay shit
DEBUG: (src/list.c :87 :List_push) gay shit
DEBUG: (src/list.c :87 :List_push) gay shit
DEBUG: (src/list.c :87 :List_push) gay shit
DEBUG: (src/list.c :87 :List_push) gay shit
DEBUG: (src/list.c :87 :List_push) gay shit
DEBUG: (src/list.c :87 :List_push) gay shit
DEBUG: (src/list.c :87 :List_push) gay shit
DEBUG: (src/list.c :87 :List_push) gay shit
DEBUG: (src/list.c :87 :List_push) gay shit
DEBUG: (src/list.c :87 :List_push) gay shit
DEBUG: (src/list.c :87 :List_push) gay shit
DEBUG: (src/list.c :87 :List_push) gay shit
DEBUG: (src/list.c :87 :List_push) gay shit
DEBUG: (src/list.c :87 :List_push) gay shit
DEBUG: (src/list.c :87 :List_push) gay shit
DEBUG: (src/list.c :87 :List_push) gay shit
DEBUG: (src/list.c :87 :List_push) gay shit
DEBUG: (src/list.c :87 :List_push) gay shit
DEBUG: (src/list.c :87 :List_push) gay shit
DEBUG: (src/list.c :87 :List_push) gay shit
DEBUG: (src/list.c :87 :List_push) gay shit
DEBUG: (src/list.c :87 :List_push) gay shit
DEBUG: (src/list.c :87 :List_push) gay shit
DEBUG: (src/list.c :87 :List_push) gay shit
DEBUG: (src/list.c :87 :List_push) gay shit
DEBUG: (src/list.c :87 :List_push) gay shit
DEBUG: (src/list.c :87 :List_push) gay shit
DEBUG: (src/list.c :87 :List_push) gay shit
DEBUG: (src/list.c :87 :List_push) gay shit
DEBUG: (src/list.c :87 :List_push) gay shit
DEBUG: (src/list.c :87 :List_push) gay shit
DEBUG: (src/list.c :87 :List_push) gay shit
DEBUG: (src/list.c :87 :List_push) gay shit
DEBUG: (src/list.c :87 :List_push) gay shit
DEBUG: (src/list.c :87 :List_push) gay shit
DEBUG: (src/list.c :87 :List_push) gay shit
DEBUG: (src/list.c :87 :List_push) gay shit
DEBUG: (src/list.c :87 :List_push) gay shit
DEBUG: (src/list.c :87 :List_push) gay shit
DEBUG: (src/list.c :87 :List_push) gay shit
DEBUG: (src/list.c :87 :List_push) gay shit
DEBUG: (src/list.c :87 :List_push) gay shit
DEBUG: (src/list.c :87 :List_push) gay shit
DEBUG: (src/list.c :87 :List_push) gay shit
DEBUG: (src/list.c :87 :List_push) gay shit
DEBUG: (src/list.c :87 :List_push) gay shit
DEBUG: (src/list.c :87 :List_push) gay shit
DEBUG: (src/list.c :87 :List_push) gay shit
DEBUG: (src/list.c :87 :List_push) gay shit
DEBUG: (src/list.c :87 :List_push) gay shit
DEBUG: (src/list.c :87 :List_push) gay shit
DEBUG: (src/list.c :87 :List_push) gay shit
DEBUG: (src/list.c :87 :List_push) gay shit
DEBUG: (src/list.c :87 :List_push) gay shit
DEBUG: (src/list.c :87 :List_push) gay shit
DEBUG: (src/list.c :87 :List_push) gay shit
DEBUG: (src/list.c :87 :List_push) gay shit
DEBUG: (src/list.c :87 :List_push) gay shit
DEBUG: (src/list.c :87 :List_push) gay shit
DEBUG: (src/list.c :87 :List_push) gay shit
DEBUG: (src/list.c :87 :List_push) gay shit
DEBUG: (src/list.c :87 :List_push) gay shit
DEBUG: (src/list.c :87 :List_push) gay shit
DEBUG: (src/list.c :87 :List_push) gay shit
DEBUG: (src/list.c :87 :List_push) gay shit
DEBUG: (src/list.c :87 :List_push) gay shit
DEBUG: (src/list.c :87 :List_push) gay shit
DEBUG: (src/list.c :87 :List_push) gay shit
DEBUG: (src/list.c :87 :List_push) gay shit
DEBUG: (src/list.c :87 :List_push) gay shit
DEBUG: (src/list.c :87 :List_push) gay shit
DEBUG: (src/list.c :87 :List_push) gay shit
DEBUG: (src/list.c :87 :List_push) gay shit
DEBUG: (src/list.c :87 :List_push) gay shit
DEBUG: (src/list.c :87 :List_push) gay shit
DEBUG: (src/list.c :87 :List_push) gay shit
DEBUG: (src/list.c :87 :List_push) gay shit
DEBUG: (src/list.c :87 :List_push) gay shit
DEBUG: (src/list.c :87 :List_push) gay shit
DEBUG: (src/list.c :87 :List_push) gay shit
DEBUG: (src/list.c :87 :List_push) gay shit
DEBUG: (src/list.c :87 :List_push) gay shit
DEBUG: (src/list.c :87 :List_push) gay shit
DEBUG: (src/list.c :87 :List_push) gay shit
DEBUG: (src/list.c :87 :List_push) gay shit
DEBUG: (src/list.c :87 :List_push) gay shit
DEBUG: (src/list.c :87 :List_push) gay shit
DEBUG: (src/list.c :87 :List_push) gay shit
DEBUG: (src/list.c :87 :List_push) gay shit
DEBUG: (src/list.c :87 :List_push) gay shit
DEBUG: (src/list.c :87 :List_push) gay shit
DEBUG: (src/list.c :87 :List_push) gay shit
DEBUG: (src/list.c :87 :List_push) gay shit
DEBUG: (src/list.c :87 :List_push) gay shit
DEBUG: (src/list.c :87 :List_push) gay shit
DEBUG: (src/list.c :87 :List_push) gay shit
DEBUG: (src/list.c :87 :List_push) gay shit
DEBUG: (src/list.c :87 :List_push) gay shit
DEBUG: (src/list.c :87 :List_push) gay shit
DEBUG: (src/list.c :87 :List_push) gay shit
DEBUG: (src/list.c :87 :List_push) gay shit
DEBUG: (src/list.c :87 :List_push) gay shit
DEBUG: (src/list.c :87 :List_push) gay shit
DEBUG: (src/list.c :87 :List_push) gay shit
DEBUG: (src/list.c :87 :List_push) gay shit
DEBUG: (src/list.c :87 :List_push) gay shit
DEBUG: (src/list.c :87 :List_push) gay shit
DEBUG: (src/list.c :87 :List_push) gay shit
DEBUG: (src/list.c :87 :List_push) gay shit
DEBUG: (src/list.c :87 :List_push) gay shit
DEBUG: (src/list.c :87 :List_push) gay shit
DEBUG: (src/list.c :87 :List_push) gay shit
DEBUG: (src/list.c :87 :List_push) gay shit
DEBUG: (src/list.c :87 :List_push) gay shit
DEBUG: (src/list.c :87 :List_push) gay shit
DEBUG: (src/list.c :87 :List_push) gay shit
DEBUG: (src/list.c :87 :List_push) gay shit
DEBUG: (src/list.c :87 :List_push) gay shit
DEBUG: (src/list.c :87 :List_push) gay shit
DEBUG: (src/list.c :87 :List_push) gay shit
DEBUG: (src/list.c :87 :List_push) gay shit
DEBUG: (src/list.c :87 :List_push) gay shit
DEBUG: (src/list.c :87 :List_push) gay shit
DEBUG: (src/list.c :87 :List_push) gay shit
DEBUG: (src/list.c :87 :List_push) gay shit
DEBUG: (src/list.c :87 :List_push) gay shit
DEBUG: (src/list.c :87 :List_push) gay shit
DEBUG: (src/list.c :87 :List_push) gay shit
DEBUG: (src/list.c :87 :List_push) gay shit
DEBUG: (src/list.c :87 :List_push) gay shit
DEBUG: (src/list.c :87 :List_push) gay shit
DEBUG: (src/list.c :87 :List_push) gay shit
DEBUG: (src/list.c :87 :List_push) gay shit
DEBUG: (src/list.c :87 :List_push) gay shit
DEBUG: (src/list.c :87 :List_push) gay shit
DEBUG: (src/list.c :87 :List_push) gay shit
DEBUG: (src/list.c :87 :List_push) gay shit
DEBUG: (src/list.c :87 :List_push) gay shit
DEBUG: (src/list.c :87 :List_push) gay shit
DEBUG: (src/list.c :87 :List_push) gay shit
DEBUG: (src/list.c :87 :List_push) gay shit
DEBUG: (src/list.c :87 :List_push) gay shit
DEBUG: (src/list.c :87 :List_push) gay shit
DEBUG: (src/list.c :87 :List_push) gay shit
DEBUG: (src/list.c :87 :List_push) gay shit
DEBUG: (src/list.c :87 :List_push) gay shit
DEBUG: (src/list.c :87 :List_push) gay shit
DEBUG: (src/list.c :87 :List_push) gay shit
DEBUG: (src/list.c :87 :List_push) gay shit
DEBUG: (src/list.c :87 :List_push) gay shit
DEBUG: (src/list.c :87 :List_push) gay shit
DEBUG: (src/list.c :87 :List_push) gay shit
DEBUG: (src/list.c :87 :List_push) gay shit
DEBUG: (src/list.c :87 :List_push) gay shit
DEBUG: (src/list.c :87 :List_push) gay shit
DEBUG: (src/list.c :87 :List_push) gay shit
DEBUG: (src/list.c :87 :List_push) gay shit
DEBUG: (src/list.c :87 :List_push) gay shit
DEBUG: (src/list.c :87 :List_push) gay shit
DEBUG: (src/list.c :87 :List_push) gay shit
DEBUG: (src/list.c :87 :List_push) gay shit
DEBUG: (src/list.c :87 :List_push) gay shit
DEBUG: (src/list.c :87 :List_push) gay shit
DEBUG: (src/list.c :87 :List_push) gay shit
DEBUG: (src/list.c :87 :List_push) gay shit
DEBUG: (src/list.c :87 :List_push) gay shit
DEBUG: (src/list.c :87 :List_push) gay shit
DEBUG: (src/list.c :87 :List_push) gay shit
DEBUG: (src/list.c :87 :List_push) gay shit
DEBUG: (src/list.c :87 :List_push) gay shit
DEBUG: (src/list.c :87 :List_push) gay shit
DEBUG: (src/list.c :87 :List_push) gay shit
DEBUG: (src/list.c :87 :List_push) gay shit
DEBUG: (src/list.c :87 :List_push) gay shit
DEBUG: (src/list.c :87 :List_push) gay shit
DEBUG: (src/list.c :87 :List_push) gay shit
DEBUG: (src/list.c :87 :List_push) gay shit
DEBUG: (src/list.c :87 :List_push) gay shit
DEBUG: (src/list.c :87 :List_push) gay shit
DEBUG: (src/list.c :87 :List_push) gay shit
DEBUG: (src/list.c :87 :List_push) gay shit
DEBUG: (src/list.c :87 :List_push) gay shit
DEBUG: (src/list.c :87 :List_push) gay shit
DEBUG: (src/list.c :87 :List_push) gay shit
DEBUG: (src/list.c :87 :List_push) gay shit
DEBUG: (src/list.c :87 :List_push) gay shit
DEBUG: (src/list.c :87 :List_push) gay shit
DEBUG: (src/list.c :87 :List_push) gay shit
DEBUG: (src/list.c :87 :List_push) gay shit
DEBUG: (src/list.c :87 :List_push) gay shit
DEBUG: (src/list.c :87 :List_push) gay shit
DEBUG: (src/list.c :87 :List_push) gay shit
DEBUG: (src/list.c :87 :List_push) gay shit
DEBUG: (src/list.c :87 :List_push) gay shit
DEBUG: (src/list.c :87 :List_push) gay shit
DEBUG: (src/list.c :87 :List_push) gay shit
DEBUG: (src/list.c :87 :List_push) gay shit
DEBUG: (src/list.c :87 :List_push) gay shit
DEBUG: (src/list.c :87 :List_push) gay shit
DEBUG: (src/list.c :87 :List_push) gay shit
DEBUG: (src/list.c :87 :List_push) gay shit
DEBUG: (src/list.c :87 :List_push) gay shit
DEBUG: (src/list.c :87 :List_push) gay shit
DEBUG: (src/list.c :87 :List_push) gay shit
DEBUG: (src/list.c :87 :List_push) gay shit
DEBUG: (src/list.c :87 :List_push) gay shit
DEBUG: (src/list.c :87 :List_push) gay shit
DEBUG: (src/list.c :87 :List_push) gay shit
DEBUG: (src/list.c :87 :List_push) gay shit
DEBUG: (src/list.c :87 :List_push) gay shit
DEBUG: (src/list.c :87 :List_push) gay shit
DEBUG: (src/list.c :87 :List_push) gay shit
DEBUG: (src/list.c :87 :List_push) gay shit
DEBUG: (src/list.c :87 :List_push) gay shit
DEBUG: (src/list.c :87 :List_push) gay shit
DEBUG: (src/list.c :87 :List_push) gay shit
DEBUG: (src/list.c :87 :List_push) gay shit
DEBUG: (src/list.c :87 :List_push) gay shit
DEBUG: (src/list.c :87 :List_push) gay shit
DEBUG: (src/list.c :87 :List_push) gay shit
DEBUG: (src/list.c :87 :List_push) gay shit
DEBUG: (src/list.c :87 :List_push) gay shit
DEBUG: (src/list.c :87 :List_push) gay shit
DEBUG: (src/list.c :87 :List_push) gay shit
DEBUG: (src/list.c :87 :List_push) gay shit
DEBUG: (src/list.c :87 :List_push) gay shit
DEBUG: (src/list.c :87 :List_push) gay shit
DEBUG: (src/list.c :87 :List_push) gay shit
DEBUG: (src/list.c :87 :List_push) gay shit
DEBUG: (src/list.c :87 :List_push) gay shit
DEBUG: (src/list.c :87 :List_push) gay shit
DEBUG: (src/list.c :87 :List_push) gay shit
DEBUG: (src/list.c :87 :List_push) gay shit
DEBUG: (src/list.c :87 :List_push) gay shit
DEBUG: (src/list.c :87 :List_push) gay shit
DEBUG: (src/list.c :87 :List_push) gay shit
DEBUG: (src/list.c :87 :List_push) gay shit
DEBUG: (src/list.c :87 :List_push) gay shit
DEBUG: (src/list.c :87 :List_push) gay shit
DEBUG: (src/list.c :87 :List_push) gay shit
DEBUG: (src/list.c :87 :List_push) gay shit
DEBUG: (src/list.c :87 :List_push) gay shit
DEBUG: (src/list.c :87 :List_push) gay shit
DEBUG: (src/list.c :87 :List_push) gay shit
DEBUG: (src/list.c :87 :List_push) gay shit
DEBUG: (src/list.c :87 :List_push) gay shit
DEBUG: (src/list.c :87 :List_push) gay shit
DEBUG: (src/list.c :87 :List_push) gay shit
DEBUG: (src/list.c :87 :List_push) gay shit
DEBUG: (src/list.c :87 :List_push) gay shit
DEBUG: (src/list.c :87 :List_push) gay shit
DEBUG: (src/list.c :87 :List_push) gay shit
DEBUG: (src/list.c :87 :List_push) gay shit
DEBUG: (src/list.c :87 :List_push) gay shit
DEBUG: (src/list.c :87 :List_push) gay shit
DEBUG: (src/list.c :87 :List_push) gay shit
DEBUG: (src/list.c :87 :List_push) gay shit
DEBUG: (src/list.c :87 :List_push) gay shit
DEBUG: (src/list.c :87 :List_push) gay shit
DEBUG: (src/list.c :87 :List_push) gay shit
DEBUG: (src/list.c :87 :List_push) gay shit
DEBUG: (src/list.c :87 :List_push) gay shit
DEBUG: (src/list.c :87 :List_push) gay shit
DEBUG: (src/list.c :87 :List_push) gay shit
DEBUG: (src/list.c :87 :List_push) gay shit
DEBUG: (src/list.c :87 :List_push) gay shit
DEBUG: (src/list.c :87 :List_push) gay shit
DEBUG: (src/list.c :87 :List_push) gay shit
DEBUG: (src/list.c :87 :List_push) gay shit
DEBUG: (src/list.c :87 :List_push) gay shit
DEBUG: (src/list.c :87 :List_push) gay shit
DEBUG: (src/list.c :87 :List_push) gay shit
DEBUG: (src/list.c :87 :List_push) gay shit
DEBUG: (src/list.c :87 :List_push) gay shit
DEBUG: (src/list.c :87 :List_push) gay shit
DEBUG: (src/list.c :87 :List_push) gay shit
DEBUG: (src/list.c :87 :List_push) gay shit
DEBUG: (src/list.c :87 :List_push) gay shit
DEBUG: (src/list.c :87 :List_push) gay shit
DEBUG: (src/list.c :87 :List_push) gay shit
DEBUG: (src/list.c :87 :List_push) gay shit
DEBUG: (src/list.c :87 :List_push) gay shit
DEBUG: (src/list.c :87 :List_push) gay shit
DEBUG: (src/list.c :87 :List_push) gay shit
DEBUG: (src/list.c :87 :List_push) gay shit
DEBUG: (src/list.c :87 :List_push) gay shit
DEBUG: (src/list.c :87 :List_push) gay shit
DEBUG: (src/list.c :87 :List_push) gay shit
DEBUG: (src/list.c :87 :List_push) gay shit
DEBUG: (src/list.c :87 :List_push) gay shit
DEBUG: (src/list.c :87 :List_push) gay shit
DEBUG: (src/list.c :87 :List_push) gay shit
DEBUG: (src/list.c :87 :List_push) gay shit
DEBUG: (src/list.c :87 :List_push) gay shit
DEBUG: (src/list.c :87 :List_push) gay shit
DEBUG: (src/list.c :87 :List_push) gay shit
DEBUG: (src/list.c :87 :List_push) gay shit
DEBUG: (src/list.c :87 :List_push) gay shit
DEBUG: (src/list.c :87 :List_push) gay shit
DEBUG: (src/list.c :87 :List_push) gay shit
DEBUG: (src/list.c :87 :List_push) gay shit
DEBUG: (src/list.c :87 :List_push) gay shit
DEBUG: (src/list.c :87 :List_push) gay shit
DEBUG: (src/list.c :87 :List_push) gay shit
DEBUG: (src/list.c :87 :List_push) gay shit
DEBUG: (src/list.c :87 :List_push) gay shit
DEBUG: (src/list.c :87 :List_push) gay shit
DEBUG: (src/list.c :87 :List_push) gay shit
DEBUG: (src/list.c :87 :List_push) gay shit
DEBUG: (src/list.c :87 :List_push) gay shit
DEBUG: (src/list.c :87 :List_push) gay shit
DEBUG: (src/list.c :87 :List_push) gay shit
DEBUG: (src/list.c :87 :List_push) gay shit
DEBUG: (src/list.c :87 :List_push) gay shit
DEBUG: (src/list.c :87 :List_push) gay shit
DEBUG: (src/list.c :87 :List_push) gay shit
DEBUG: (src/list.c :87 :List_push) gay shit
DEBUG: (src/list.c :87 :List_push) gay shit
DEBUG: (src/list.c :87 :List_push) gay shit
DEBUG: (src/list.c :87 :List_push) gay shit
DEBUG: (src/list.c :87 :List_push) gay shit
DEBUG: (src/list.c :87 :List_push) gay shit
DEBUG: (src/list.c :87 :List_push) gay shit
DEBUG: (src/list.c :87 :List_push) gay shit
DEBUG: (src/list.c :87 :List_push) gay shit
DEBUG: (src/list.c :87 :List_push) gay shit
DEBUG: (src/list.c :87 :List_push) gay shit
DEBUG: (src/list.c :87 :List_push) gay shit
DEBUG: (src/list.c :87 :List_push) gay shit
DEBUG: (src/list.c :87 :List_push) gay shit
DEBUG: (src/list.c :87 :List_push) gay shit
DEBUG: (src/list.c :87 :List_push) gay shit
DEBUG: (src/list.c :87 :List_push) gay shit
DEBUG: (src/list.c :87 :List_push) gay shit
DEBUG: (src/list.c :87 :List_push) gay shit
DEBUG: (src/list.c :87 :List_push) gay shit
DEBUG: (src/list.c :87 :List_push) gay shit
DEBUG: (src/list.c :87 :List_push) gay shit
DEBUG: (src/list.c :87 :List_push) gay shit
DEBUG: (src/list.c :87 :List_push) gay shit
DEBUG: (src/list.c :87 :List_push) gay shit
DEBUG: (src/list.c :87 :List_push) gay shit
DEBUG: (src/list.c :87 :List_push) gay shit
DEBUG: (src/list.c :87 :List_push) gay shit
DEBUG: (src/list.c :87 :List_push) gay shit
DEBUG: (src/list.c :87 :List_push) gay shit
DEBUG: (src/list.c :87 :List_push) gay shit
DEBUG: (src/list.c :87 :List_push) gay shit
DEBUG: (src/list.c :87 :List_push) gay shit
DEBUG: (src/list.c :87 :List_push) gay shit
DEBUG: (src/list.c :87 :List_push) gay shit
DEBUG: (src/list.c :87 :List_push) gay shit
DEBUG: (src/list.c :87 :List_push) gay shit
DEBUG: (src/list.c :87 :List_push) gay shit
DEBUG: (src/list.c :87 :List_push) gay shit
DEBUG: (src/list.c :87 :List_push) gay shit
DEBUG: (src/list.c :87 :List_push) gay shit
DEBUG: (src/list.c :87 :List_push) gay shit
DEBUG: (src/list.c :87 :List_push) gay shit
DEBUG: (src/list.c :87 :List_push) gay shit
DEBUG: (src/list.c :87 :List_push) gay shit
DEBUG: (src/list.c :87 :List_push) gay shit
DEBUG: (src/list.c :87 :List_push) gay shit
DEBUG: (src/list.c :87 :List_push) gay shit
DEBUG: (src/list.c :87 :List_push) gay shit
DEBUG: (src/list.c :87 :List_push) gay shit
DEBUG: (src/list.c :87 :List_push) gay shit
DEBUG: (src/list.c :87 :List_push) gay shit
DEBUG: (src/list.c :87 :List_push) gay shit
DEBUG: (src/list.c :87 :List_push) gay shit
DEBUG: (src/list.c :87 :List_push) gay shit
DEBUG: (src/list.c :87 :List_push) gay shit
DEBUG: (src/list.c :87 :List_push) gay shit
DEBUG: (src/list.c :87 :List_push) gay shit
DEBUG: (src/list.c :87 :List_push) gay shit
DEBUG: (src/list.c :87 :List_push) gay shit
DEBUG: (src/list.c :87 :List_push) gay shit
DEBUG: (src/list.c :87 :List_push) gay shit
DEBUG: (src/list.c :87 :List_push) gay shit
DEBUG: (src/list.c :87 :List_push) gay shit
DEBUG: (src/list.c :87 :List_push) gay shit
DEBUG: (src/list.c :87 :List_push) gay shit
DEBUG: (src/list.c :87 :List_push) gay shit
DEBUG: (src/list.c :87 :List_push) gay shit
DEBUG: (src/list.c :87 :List_push) gay shit
DEBUG: (src/list.c :87 :List_push) gay shit
DEBUG: (src/list.c :87 :List_push) gay shit
DEBUG: (src/list.c :87 :List_push) gay shit
DEBUG: (src/list.c :87 :List_push) gay shit
DEBUG: (src/list.c :87 :List_push) gay shit
DEBUG: (src/list.c :87 :List_push) gay shit
DEBUG: (src/list.c :87 :List_push) gay shit
DEBUG: (src/list.c :87 :List_push) gay shit
DEBUG: (src/list.c :87 :List_push) gay shit
DEBUG: (src/list.c :87 :List_push) gay shit
DEBUG: (src/list.c :87 :List_push) gay shit
DEBUG: (src/list.c :87 :List_push) gay shit
DEBUG: (src/list.c :87 :List_push) gay shit
DEBUG: (src/list.c :87 :List_push) gay shit
DEBUG: (src/list.c :87 :List_push) gay shit
DEBUG: (src/list.c :87 :List_push) gay shit
DEBUG: (src/list.c :87 :List_push) gay shit
DEBUG: (src/list.c :87 :List_push) gay shit
DEBUG: (src/list.c :87 :List_push) gay shit
DEBUG: (src/list.c :87 :List_push) gay shit
DEBUG: (src/list.c :87 :List_push) gay shit
DEBUG: (src/list.c :87 :List_push) gay shit
DEBUG: (src/list.c :87 :List_push) gay shit
DEBUG: (src/list.c :87 :List_push) gay shit
DEBUG: (src/list.c :87 :List_push) gay shit
DEBUG: (src/list.c :87 :List_push) gay shit
DEBUG: (src/list.c :87 :List_push) gay shit
DEBUG: (src/list.c :87 :List_push) gay shit
DEBUG: (src/list.c :87 :List_push) gay shit
DEBUG: (src/list.c :87 :List_push) gay shit
DEBUG: (src/list.c :87 :List_push) gay shit
DEBUG: (src/list.c :87 :List_push) gay shit
DEBUG: (src/list.c :87 :List_push) gay shit
DEBUG: (src/list.c :87 :List_push) gay shit
DEBUG: (src/list.c :87 :List_push) gay shit
DEBUG: (src/list.c :87 :List_push) gay shit
DEBUG: (src/list.c :87 :List_push) gay shit
DEBUG: (src/list.c :87 :List_push) gay shit
DEBUG: (src/list.c :87 :List_push) gay shit
DEBUG: (src/list.c :87 :List_push) gay shit
DEBUG: (src/list.c :87 :List_push) gay shit
DEBUG: (src/list.c :87 :List_push) gay shit
DEBUG: (src/list.c :87 :List_push) gay shit
DEBUG: (src/list.c :87 :List_push) gay shit
DEBUG: (src/list.c :87 :List_push) gay shit
DEBUG: (src/list.c :87 :List_push) gay shit
DEBUG: (src/list.c :87 :List_push) gay shit
DEBUG: (src/list.c :87 :List_push) gay shit
DEBUG: (src/list.c :87 :List_push) gay shit
DEBUG: (src/list.c :87 :List_push) gay shit
DEBUG: (src/list.c :87 :List_push) gay shit
DEBUG: (src/list.c :87 :List_push) gay shit
DEBUG: (src/list.c :87 :List_push) gay shit
DEBUG: (src/list.c :87 :List_push) gay shit
DEBUG: (src/list.c :87 :List_push) gay shit
DEBUG: (src/list.c :87 :List_push) gay shit
DEBUG: (src/list.c :87 :List_push) gay shit
DEBUG: (src/list.c :87 :List_push) gay shit
DEBUG: (src/list.c :87 :List_push) gay shit
DEBUG: (src/list.c :87 :List_push) gay shit
DEBUG: (src/list.c :87 :List_push) gay shit
DEBUG: (src/list.c :87 :List_push) gay shit
DEBUG: (src/list.c :87 :List_push) gay shit
DEBUG: (src/list.c :87 :List_push) gay shit
DEBUG: (src/list.c :87 :List_push) gay shit
DEBUG: (src/list.c :87 :List_push) gay shit
DEBUG: (src/list.c :87 :List_push) gay shit
DEBUG: (src/list.c :87 :List_push) gay shit
DEBUG: (src/list.c :87 :List_push) gay shit
DEBUG: (src/list.c :87 :List_push) gay shit
DEBUG: (src/list.c :87 :List_push) gay shit
DEBUG: (src/list.c :87 :List_push) gay shit
DEBUG: (src/list.c :87 :List_push) gay shit
DEBUG: (src/list.c :87 :List_push) gay shit
DEBUG: (src/list.c :87 :List_push) gay shit
DEBUG: (src/list.c :87 :List_push) gay shit
DEBUG: (src/list.c :87 :List_push) gay shit
DEBUG: (src/list.c :87 :List_push) gay shit
DEBUG: (src/list.c :87 :List_push) gay shit
DEBUG: (src/list.c :87 :List_push) gay shit
DEBUG: (src/list.c :87 :List_push) gay shit
DEBUG: (src/list.c :87 :List_push) gay shit
DEBUG: (src/list.c :87 :List_push) gay shit
DEBUG: (src/list.c :87 :List_push) gay shit
DEBUG: (src/list.c :87 :List_push) gay shit
DEBUG: (src/list.c :87 :List_push) gay shit
DEBUG: (src/list.c :87 :List_push) gay shit
DEBUG: (src/list.c :87 :List_push) gay shit
DEBUG: (src/list.c :87 :List_push) gay shit
DEBUG: (src/list.c :87 :List_push) gay shit
DEBUG: (src/list.c :87 :List_push) gay shit
DEBUG: (src/list.c :87 :List_push) gay shit
DEBUG: (src/list.c :87 :List_push) gay shit
DEBUG: (src/list.c :87 :List_push) gay shit
DEBUG: (src/list.c :87 :List_push) gay shit
DEBUG: (src/list.c :87 :List_push) gay shit
DEBUG: (src/list.c :87 :List_push) gay shit
DEBUG: (src/list.c :87 :List_push) gay shit
DEBUG: (src/list.c :87 :List_push) gay shit
DEBUG: (src/list.c :87 :List_push) gay shit
DEBUG: (src/list.c :87 :List_push) gay shit
DEBUG: (src/list.c :87 :List_push) gay shit
DEBUG: (src/list.c :87 :List_push) gay shit
DEBUG: (src/list.c :87 :List_push) gay shit
DEBUG: (src/list.c :87 :List_push) gay shit
DEBUG: (src/list.c :87 :List_push) gay shit
DEBUG: (src/list.c :87 :List_push) gay shit
DEBUG: (src/list.c :87 :List_push) gay shit
DEBUG: (src/list.c :87 :List_push) gay shit
DEBUG: (src/list.c :87 :List_push) gay shit
DEBUG: (src/list.c :87 :List_push) gay shit
DEBUG: (src/list.c :87 :List_push) gay shit
DEBUG: (src/list.c :87 :List_push) gay shit
DEBUG: (src/list.c :87 :List_push) gay shit
DEBUG: (src/list.c :87 :List_push) gay shit
DEBUG: (src/list.c :87 :List_push) gay shit
DEBUG: (src/list.c :87 :List_push) gay shit
DEBUG: (src/list.c :87 :List_push) gay shit
DEBUG: (src/list.c :87 :List_push) gay shit
DEBUG: (src/list.c :87 :List_push) gay shit
DEBUG: (src/list.c :87 :List_push) gay shit
DEBUG: (src/list.c :87 :List_push) gay shit
DEBUG: (src/list.c :87 :List_push) gay shit
DEBUG: (src/list.c :87 :List_push) gay shit
DEBUG: (src/list.c :87 :List_push) gay shit
DEBUG: (src/list.c :87 :List_push) gay shit
DEBUG: (src/list.c :87 :List_push) gay shit
DEBUG: (src/list.c :87 :List_push) gay shit
DEBUG: (src/list.c :87 :List_push) gay shit
DEBUG: (src/list.c :87 :List_push) gay shit
DEBUG: (src/list.c :87 :List_push) gay shit
DEBUG: (src/list.c :87 :List_push) gay shit
DEBUG: (src/list.c :87 :List_push) gay shit
DEBUG: (src/list.c :87 :List_push) gay shit
DEBUG: (src/list.c :87 :List_push) gay shit
DEBUG: (src/list.c :87 :List_push) gay shit
DEBUG: (src/list.c :87 :List_push) gay shit
DEBUG: (src/list.c :87 :List_push) gay shit
DEBUG: (src/list.c :87 :List_push) gay shit
DEBUG: (src/list.c :87 :List_push) gay shit
DEBUG: (src/list.c :87 :List_push) gay shit
DEBUG: (src/list.c :87 :List_push) gay shit
DEBUG: (src/list.c :87 :List_push) gay shit
DEBUG: (src/list.c :87 :List_push) gay shit
DEBUG: (src/list.c :87 :List_push) gay shit
DEBUG: (src/list.c :87 :List_push) gay shit
DEBUG: (src/list.c :87 :List_push) gay shit
DEBUG: (src/list.c :87 :List_push) gay shit
DEBUG: (src/list.c :87 :List_push) gay shit
DEBUG: (src/list.c :87 :List_push) gay shit
DEBUG: (src/list.c :87 :List_push) gay shit
DEBUG: (src/list.c :87 :List_push) gay shit
DEBUG: (src/list.c :87 :List_push) gay shit
DEBUG: (src/list.c :87 :List_push) gay shit
DEBUG: (src/list.c :87 :List_push) gay shit
DEBUG: (src/list.c :87 :List_push) gay shit
DEBUG: (src/list.c :87 :List_push) gay shit
DEBUG: (src/list.c :87 :List_push) gay shit
DEBUG: (src/list.c :87 :List_push) gay shit
DEBUG: (src/list.c :87 :List_push) gay shit
DEBUG: (src/list.c :87 :List_push) gay shit
DEBUG: (src/list.c :87 :List_push) gay shit
DEBUG: (src/list.c :87 :List_push) gay shit
DEBUG: (src/list.c :87 :List_push) gay shit
DEBUG: (src/list.c :87 :List_push) gay shit
DEBUG: (src/list.c :87 :List_push) gay shit
DEBUG: (src/list.c :87 :List_push) gay shit
DEBUG: (src/list.c :87 :List_push) gay shit
DEBUG: (src/list.c :87 :List_push) gay shit
DEBUG: (src/list.c :87 :List_push) gay shit
DEBUG: (src/list.c :87 :List_push) gay shit
DEBUG: (src/list.c :87 :List_push) gay shit
DEBUG: (src/list.c :87 :List_push) gay shit
DEBUG: (src/list.c :87 :List_push) gay shit
DEBUG: (src/list.c :87 :List_push) gay shit
DEBUG: (src/list.c :87 :List_push) gay shit
DEBUG: (src/list.c :87 :List_push) gay shit
DEBUG: (src/list.c :87 :List_push) gay shit
DEBUG: (src/list.c :87 :List_push) gay shit
DEBUG: (src/list.c :87 :List_push) gay shit
DEBUG: (src/list.c :87 :List_push) gay shit
DEBUG: (src/list.c :87 :List_push) gay shit
DEBUG: (src/list.c :87 :List_push) gay shit
DEBUG: (src/list.c :87 :List_push) gay shit
DEBUG: (src/list.c :87 :List_push) gay shit
DEBUG: (src/list.c :87 :List_push) gay shit
DEBUG: (src/list.c :87 :List_push) gay shit
DEBUG: (src/list.c :87 :List_push) gay shit
DEBUG: (src/list.c :87 :List_push) gay shit
DEBUG: (src/list.c :87 :List_push) gay shit
DEBUG: (src/list.c :87 :List_push) gay shit
DEBUG: (src/list.c :87 :List_push) gay shit
DEBUG: (src/list.c :87 :List_push) gay shit
DEBUG: (src/list.c :87 :List_push) gay shit
DEBUG: (src/list.c :87 :List_push) gay shit
DEBUG: (src/list.c :87 :List_push) gay shit
DEBUG: (src/list.c :87 :List_push) gay shit
DEBUG: (src/list.c :87 :List_push) gay shit
DEBUG: (src/list.c :87 :List_push) gay shit
DEBUG: (src/list.c :87 :List_push) gay shit
DEBUG: (src/list.c :87 :List_push) gay shit
DEBUG: (src/list.c :87 :List_push) gay shit
DEBUG: (src/list.c :87 :List_push) gay shit
DEBUG: (src/list.c :87 :List_push) gay shit
DEBUG: (src/list.c :87 :List_push) gay shit
DEBUG: (src/list.c :87 :List_push) gay shit
DEBUG: (src/list.c :87 :List_push) gay shit
DEBUG: (src/list.c :87 :List_push) gay shit
DEBUG: (src/list.c :87 :List_push) gay shit
DEBUG: (src/list.c :87 :List_push) gay shit
DEBUG: (src/list.c :87 :List_push) gay shit
DEBUG: (src/list.c :87 :List_push) gay shit
DEBUG: (src/list.c :87 :List_push) gay shit
DEBUG: (src/list.c :87 :List_push) gay shit
DEBUG: (src/list.c :87 :List_push) gay shit
DEBUG: (src/list.c :87 :List_push) gay shit
DEBUG: (src/list.c :87 :List_push) gay shit
DEBUG: (src/list.c :87 :List_push) gay shit
DEBUG: (src/list.c :87 :List_push) gay shit
DEBUG: (src/list.c :87 :List_push) gay shit
DEBUG: (src/list.c :87 :List_push) gay shit
DEBUG: (src/list.c :87 :List_push) gay shit
DEBUG: (src/list.c :87 :List_push) gay shit
DEBUG: (src/list.c :87 :List_push) gay shit
DEBUG: (src/list.c :87 :List_push) gay shit
DEBUG: (src/list.c :87 :List_push) gay shit
DEBUG: (src/list.c :87 :List_push) gay shit
DEBUG: (src/list.c :87 :List_push) gay shit
DEBUG: (src/list.c :87 :List_push) gay shit
DEBUG: (src/list.c :87 :List_push) gay shit
DEBUG: (src/list.c :87 :List_push) gay shit
DEBUG: (src/list.c :87 :List_push) gay shit
DEBUG: (src/list.c :87 :List_push) gay shit
DEBUG: (src/list.c :87 :List_push) gay shit
DEBUG: (src/list.c :87 :List_push) gay shit
DEBUG: (src/list.c :87 :List_push) gay shit
DEBUG: (src/list.c :87 :List_push) gay shit
DEBUG: (src/list.c :87 :List_push) gay shit
DEBUG: (src/list.c :87 :List_push) gay shit
DEBUG: (src/list.c :87 :List_push) gay shit
DEBUG: (src/list.c :87 :List_push) gay shit
DEBUG: (src/list.c :87 :List_push) gay shit
DEBUG: (src/list.c :87 :List_push) gay shit
DEBUG: (src/list.c :87 :List_push) gay shit
DEBUG: (src/list.c :87 :List_push) gay shit
DEBUG: (src/list.c :87 :List_push) gay shit
DEBUG: (src/list.c :87 :List_push) gay shit
DEBUG: (src/list.c :87 :List_push) gay shit
DEBUG: (src/list.c :87 :List_push) gay shit
DEBUG: (src/list.c :87 :List_push) gay shit
DEBUG: (src/list.c :87 :List_push) gay shit
DEBUG: (src/list.c :87 :List_push) gay shit
DEBUG: (src/list.c :87 :List_push) gay shit
DEBUG: (src/list.c :87 :List_push) gay shit
DEBUG: (src/list.c :87 :List_push) gay shit
DEBUG: (src/list.c :87 :List_push) gay shit
DEBUG: (src/list.c :87 :List_push) gay shit
DEBUG: (src/list.c :87 :List_push) gay shit
DEBUG: (src/list.c :87 :List_push) gay shit
DEBUG: (src/list.c :87 :List_push) gay shit
DEBUG: (src/list.c :87 :List_push) gay shit
DEBUG: (src/list.c :87 :List_push) gay shit
DEBUG: (src/list.c :87 :List_push) gay shit
DEBUG: (src/list.c :87 :List_push) gay shit
DEBUG: (src/list.c :87 :List_push) gay shit
DEBUG: (src/list.c :87 :List_push) gay shit
DEBUG: (src/list.c :87 :List_push) gay shit
DEBUG: (src/list.c :87 :List_push) gay shit
DEBUG: (src/list.c :87 :List_push) gay shit
DEBUG: (src/list.c :87 :List_push) gay shit
DEBUG: (src/list.c :87 :List_push) gay shit
DEBUG: (src/list.c :87 :List_push) gay shit
DEBUG: (src/list.c :87 :List_push) gay shit
DEBUG: (src/list.c :87 :List_push) gay shit
DEBUG: (src/list.c :87 :List_push) gay shit
DEBUG: (src/list.c :87 :List_push) gay shit
DEBUG: (src/list.c :87 :List_push) gay shit
DEBUG: (src/list.c :87 :List_push) gay shit
DEBUG: (src/list.c :87 :List_push) gay shit
DEBUG: (src/list.c :87 :List_push) gay shit
DEBUG: (src/list.c :87 :List_push) gay shit
DEBUG: (src/list.c :87 :List_push) gay shit
DEBUG: (src/list.c :87 :List_push) gay shit
DEBUG: (src/list.c :87 :List_push) gay shit
DEBUG: (src/list.c :87 :List_push) gay shit
DEBUG: (src/list.c :87 :List_push) gay shit
DEBUG: (src/list.c :87 :List_push) gay shit
DEBUG: (src/list.c :87 :List_push) gay shit
DEBUG: (src/list.c :87 :List_push) gay shit
DEBUG: (src/list.c :87 :List_push) gay shit
DEBUG: (src/list.c :87 :List_push) gay shit
DEBUG: (src/list.c :87 :List_push) gay shit
DEBUG: (src/list.c :87 :List_push) gay shit
DEBUG: (src/list.c :87 :List_push) gay shit
DEBUG: (src/list.c :87 :List_push) gay shit
DEBUG: (src/list.c :87 :List_push) gay shit
DEBUG: (src/list.c :87 :List_push) gay shit
DEBUG: (src/list.c :87 :List_push) gay shit
DEBUG: (src/list.c :87 :List_push) gay shit
DEBUG: (src/list.c :87 :List_push) gay shit
DEBUG: (src/list.c :87 :List_push) gay shit
DEBUG: (src/list.c :87 :List_push) gay shit
DEBUG: (src/list.c :87 :List_push) gay shit
DEBUG: (src/list.c :87 :List_push) gay shit
DEBUG: (src/list.c :87 :List_push) gay shit
DEBUG: (src/list.c :87 :List_push) gay shit
DEBUG: (src/list.c :87 :List_push) gay shit
DEBUG: (src/list.c :87 :List_push) gay shit
DEBUG: (src/list.c :87 :List_push) gay shit
DEBUG: (src/list.c :87 :List_push) gay shit
DEBUG: (src/list.c :87 :List_push) gay shit
DEBUG: (src/list.c :87 :List_push) gay shit
DEBUG: (src/list.c :87 :List_push) gay shit
DEBUG: (src/list.c :87 :List_push) gay shit
DEBUG: (src/list.c :87 :List_push) gay shit
DEBUG: (src/list.c :87 :List_push) gay shit
DEBUG: (src/list.c :87 :List_push) gay shit
DEBUG: (src/list.c :87 :List_push) gay shit
DEBUG: (src/list.c :87 :List_push) gay shit
DEBUG: (src/list.c :87 :List_push) gay shit
DEBUG: (src/list.c :87 :List_push) gay shit
DEBUG: (src/list.c :87 :List_push) gay shit
DEBUG: (src/list.c :87 :List_push) gay shit
DEBUG: (src/list.c :87 :List_push) gay shit
DEBUG: (src/list.c :87 :List_push) gay shit
DEBUG: (src/list.c :87 :List_push) gay shit
DEBUG: (src/list.c :87 :List_push) gay shit
DEBUG: (src/list.c :87 :List_push) gay shit
DEBUG: (src/list.c :87 :List_push) gay shit
DEBUG: (src/list.c :87 :List_push) gay shit
DEBUG: (src/list.c :87 :List_push) gay shit
DEBUG: (src/list.c :87 :List_push) gay shit
DEBUG: (src/list.c :87 :List_push) gay shit
DEBUG: (src/list.c :87 :List_push) gay shit
DEBUG: (src/list.c :87 :List_push) gay shit
DEBUG: (src/list.c :87 :List_push) gay shit
DEBUG: (src/list.c :87 :List_push) gay shit
DEBUG: (src/list.c :87 :List_push) gay shit
DEBUG: (src/list.c :87 :List_push) gay shit
DEBUG: (src/list.c :87 :List_push) gay shit
DEBUG: (src/list.c :87 :List_push) gay shit
DEBUG: (src/list.c :87 :List_push) gay shit
DEBUG: (src/list.c :87 :List_push) gay shit
DEBUG: (src/list.c :87 :List_push) gay shit
DEBUG: (src/list.c :87 :List_push) gay shit
DEBUG: (src/list.c :87 :List_push) gay shit
DEBUG: (src/list.c :87 :List_push) gay shit
DEBUG: (src/list.c :87 :List_push) gay shit
DEBUG: (src/list.c :87 :List_push) gay shit
DEBUG: (src/list.c :87 :List_push) gay shit
DEBUG: (src/list.c :87 :List_push) gay shit
DEBUG: (src/list.c :87 :List_push) gay shit
DEBUG: (src/list.c :87 :List_push) gay shit
DEBUG: (src/list.c :87 :List_push) gay shit
DEBUG: (src/list.c :87 :List_push) gay shit
DEBUG: (src/list.c :87 :List_push) gay shit
DEBUG: (src/list.c :87 :List_push) gay shit
DEBUG: (src/list.c :87 :List_push) gay shit
DEBUG: (src/list.c :87 :List_push) gay shit
DEBUG: (src/list.c :87 :List_push) gay shit
DEBUG: (src/list.c :87 :List_push) gay shit
DEBUG: (src/list.c :87 :List_push) gay shit
DEBUG: (src/list.c :87 :List_push) gay shit
DEBUG: (src/list.c :87 :List_push) gay shit
DEBUG: (src/list.c :87 :List_push) gay shit
DEBUG: (src/list.c :87 :List_push) gay shit
DEBUG: (src/list.c :87 :List_push) gay shit
DEBUG: (src/list.c :87 :List_push) gay shit
DEBUG: (src/list.c :87 :List_push) gay shit
DEBUG: (src/list.c :87 :List_push) gay shit
DEBUG: (src/list.c :87 :List_push) gay shit
DEBUG: (src/list.c :87 :List_push) gay shit
DEBUG: (src/list.c :87 :List_push) gay shit
DEBUG: (src/list.c :87 :List_push) gay shit
DEBUG: (src/list.c :87 :List_push) gay shit
DEBUG: (src/list.c :87 :List_push) gay shit
DEBUG: (src/list.c :87 :List_push) gay shit
DEBUG: (src/list.c :87 :List_push) gay shit
DEBUG: (src/list.c :87 :List_push) gay shit
DEBUG: (src/list.c :87 :List_push) gay shit
DEBUG: (src/list.c :87 :List_push) gay shit
DEBUG: (src/list.c :87 :List_push) gay shit
DEBUG: (src/list.c :87 :List_push) gay shit
DEBUG: (src/list.c :87 :List_push) gay shit
DEBUG: (src/list.c :87 :List_push) gay shit
DEBUG: (src/list.c :87 :List_push) gay shit
DEBUG: (src/list.c :87 :List_push) gay shit
DEBUG: (src/list.c :87 :List_push) gay shit
DEBUG: (src/list.c :87 :List_push) gay shit
DEBUG: (src/list.c :87 :List_push) gay shit
DEBUG: (src/list.c :87 :List_push) gay shit
DEBUG: (src/list.c :87 :List_push) gay shit
DEBUG: (src/list.c :87 :List_push) gay shit
DEBUG: (src/list.c :87 :List_push) gay shit
DEBUG: (src/list.c :87 :List_push) gay shit
DEBUG: (src/list.c :87 :List_push) gay shit
DEBUG: (src/list.c :87 :List_push) gay shit
DEBUG: (src/list.c :87 :List_push) gay shit
DEBUG: (src/list.c :87 :List_push) gay shit
DEBUG: (src/list.c :87 :List_push) gay shit
DEBUG: (src/list.c :87 :List_push) gay shit
DEBUG: (src/list.c :87 :List_push) gay shit
DEBUG: (src/list.c :87 :List_push) gay shit
DEBUG: (src/list.c :87 :List_push) gay shit
DEBUG: (src/list.c :87 :List_push) gay shit
DEBUG: (src/list.c :87 :List_push) gay shit
DEBUG: (src/list.c :87 :List_push) gay shit
DEBUG: (src/list.c :87 :List_push) gay shit
DEBUG: (src/list.c :87 :List_push) gay shit
DEBUG: (src/list.c :87 :List_push) gay shit
DEBUG: (src/list.c :87 :List_push) gay shit
DEBUG: (src/list.c :87 :List_push) gay shit
DEBUG: (src/list.c :87 :List_push) gay shit
DEBUG: (src/list.c :87 :List_push) gay shit
DEBUG: (src/list.c :87 :List_push) gay shit
DEBUG: (src/list.c :87 :List_push) gay shit
DEBUG: (src/list.c :87 :List_push) gay shit
DEBUG: (src/list.c :87 :List_push) gay shit
DEBUG: (src/list.c :87 :List_push) gay shit
DEBUG: (src/list.c :87 :List_push) gay shit
DEBUG: (src/list.c :87 :List_push) gay shit
DEBUG: (src/list.c :87 :List_push) gay shit
DEBUG: (src/list.c :87 :List_push) gay shit
DEBUG: (src/list.c :87 :List_push) gay shit
DEBUG: (src/list.c :87 :List_push) gay shit
DEBUG: (src/list.c :87 :List_push) gay shit
DEBUG: (src/list.c :87 :List_push) gay shit
DEBUG: (src/list.c :87 :List_push) gay shit
DEBUG: (src/list.c :87 :List_push) gay shit
DEBUG: (src/list.c :87 :List_push) gay shit
DEBUG: (src/list.c :87 :List_push) gay shit
DEBUG: (src/list.c :87 :List_push) gay shit
DEBUG: (src/list.c :87 :List_push) gay shit
DEBUG: (src/list.c :87 :List_push) gay shit
DEBUG: (src/list.c :87 :List_push) gay shit
DEBUG: (src/list.c :87 :List_push) gay shit
DEBUG: (src/list.c :87 :List_push) gay shit
DEBUG: (src/list.c :87 :List_push) gay shit
DEBUG: (src/list.c :87 :List_push) gay shit
DEBUG: (src/list.c :87 :List_push) gay shit
DEBUG: (src/list.c :87 :List_push) gay shit
DEBUG: (src/list.c :87 :List_push) gay shit
DEBUG: (src/list.c :87 :List_push) gay shit
DEBUG: (src/list.c :87 :List_push) gay shit
DEBUG: (src/list.c :87 :List_push) gay shit
DEBUG: (src/list.c :87 :List_push) gay shit
DEBUG: (src/list.c :87 :List_push) gay shit
DEBUG: (src/list.c :87 :List_push) gay shit
DEBUG: (src/list.c :87 :List_push) gay shit
DEBUG: (src/list.c :87 :List_push) gay shit
DEBUG: (src/list.c :87 :List_push) gay shit
DEBUG: (src/list.c :87 :List_push) gay shit
DEBUG: (src/list.c :87 :List_push) gay shit
DEBUG: (src/list.c :87 :List_push) gay shit
DEBUG: (src/list.c :87 :List_push) gay shit
DEBUG: (src/list.c :87 :List_push) gay shit
DEBUG: (src/list.c :87 :List_push) gay shit
DEBUG: (src/list.c :87 :List_push) gay shit
DEBUG: (src/list.c :87 :List_push) gay shit
DEBUG: (src/list.c :87 :List_push) gay shit
DEBUG: (src/list.c :87 :List_push) gay shit
DEBUG: (src/list.c :87 :List_push) gay shit
DEBUG: (src/list.c :87 :List_push) gay shit
DEBUG: (src/list.c :87 :List_push) gay shit
DEBUG: (src/list.c :87 :List_push) gay shit
DEBUG: (src/list.c :87 :List_push) gay shit
DEBUG: (src/list.c :87 :List_push) gay shit
DEBUG: (src/list.c :87 :List_push) gay shit
DEBUG: (src/list.c :87 :List_push) gay shit
DEBUG: (src/list.c :87 :List_push) gay shit
DEBUG: (src/list.c :87 :List_push) gay shit
DEBUG: (src/list.c :87 :List_push) gay shit
DEBUG: (src/list.c :87 :List_push) gay shit
DEBUG: (src/list.c :87 :List_push) gay shit
DEBUG: (src/list.c :87 :List_push) gay shit
DEBUG: (src/list.c :87 :List_push) gay shit
DEBUG: (src/list.c :87 :List_push) gay shit
DEBUG: (src/list.c :87 :List_push) gay shit
DEBUG: (src/list.c :87 :List_push) gay shit
DEBUG: (src/list.c :87 :List_push) gay shit
DEBUG: (src/list.c :87 :List_push) gay shit
DEBUG: (src/list.c :87 :List_push) gay shit
DEBUG: (src/list.c :87 :List_push) gay shit
DEBUG: (src/list.c :87 :List_push) gay shit
DEBUG: (src/list.c :87 :List_push) gay shit
DEBUG: (src/list.c :87 :List_push) gay shit
DEBUG: (src/list.c :87 :List_push) gay shit
DEBUG: (src/list.c :87 :List_push) gay shit
DEBUG: (src/list.c :87 :List_push) gay shit
DEBUG: (src/list.c :87 :List_push) gay shit
DEBUG: (src/list.c :87 :List_push) gay shit
DEBUG: (src/list.c :87 :List_push) gay shit
DEBUG: (src/list.c :87 :List_push) gay shit
DEBUG: (src/list.c :87 :List_push) gay shit
DEBUG: (src/list.c :87 :List_push) gay shit
DEBUG: (src/list.c :87 :List_push) gay shit
DEBUG: (src/list.c :87 :List_push) gay shit
DEBUG: (src/list.c :87 :List_push) gay shit
DEBUG: (src/list.c :87 :List_push) gay shit
DEBUG: (src/list.c :87 :List_push) gay shit
DEBUG: (src/list.c :87 :List_push) gay shit
DEBUG: (src/list.c :87 :List_push) gay shit
DEBUG: (src/list.c :87 :List_push) gay shit
DEBUG: (src/list.c :87 :List_push) gay shit
DEBUG: (src/list.c :87 :List_push) gay shit
DEBUG: (src/list.c :87 :List_push) gay shit
DEBUG: (src/list.c :87 :List_push) gay shit
DEBUG: (src/list.c :87 :List_push) gay shit
DEBUG: (src/list.c :87 :List_push) gay shit
DEBUG: (src/list.c :87 :List_push) gay shit
DEBUG: (src/list.c :87 :List_push) gay shit
DEBUG: (src/list.c :87 :List_push) gay shit
DEBUG: (src/list.c :87 :List_push) gay shit
DEBUG: (src/list.c :87 :List_push) gay shit
DEBUG: (src/list.c :87 :List_push) gay shit
DEBUG: (src/list.c :87 :List_push) gay shit
DEBUG: (src/list.c :87 :List_push) gay shit
DEBUG: (src/list.c :87 :List_push) gay shit
DEBUG: (src/list.c :87 :List_push) gay shit
DEBUG: (src/list.c :87 :List_push) gay shit
DEBUG: (src/list.c :87 :List_push) gay shit
DEBUG: (src/list.c :87 :List_push) gay shit
DEBUG: (src/list.c :87 :List_push) gay shit
DEBUG: (src/list.c :87 :List_push) gay shit
DEBUG: (src/list.c :87 :List_push) gay shit
DEBUG: (src/list.c :87 :List_push) gay shit
DEBUG: (src/list.c :87 :List_push) gay shit
DEBUG: (src/list.c :87 :List_push) gay shit
DEBUG: (src/list.c :87 :List_push) gay shit
DEBUG: (src/list.c :87 :List_push) gay shit
DEBUG: (src/list.c :87 :List_push) gay shit
DEBUG: (src/list.c :87 :List_push) gay shit
DEBUG: (src/list.c :87 :List_push) gay shit
DEBUG: (src/list.c :87 :List_push) gay shit
DEBUG: (src/list.c :87 :List_push) gay shit
DEBUG: (src/list.c :87 :List_push) gay shit
DEBUG: (src/list.c :87 :List_push) gay shit
DEBUG: (src/list.c :87 :List_push) gay shit
DEBUG: (src/list.c :87 :List_push) gay shit
DEBUG: (src/list.c :87 :List_push) gay shit
DEBUG: (src/list.c :87 :List_push) gay shit
DEBUG: (src/list.c :87 :List_push) gay shit
DEBUG: (src/list.c :87 :List_push) gay shit
DEBUG: (src/list.c :87 :List_push) gay shit
DEBUG: (src/list.c :87 :List_push) gay shit
DEBUG: (src/list.c :87 :List_push) gay shit
DEBUG: (src/list.c :87 :List_push) gay shit
DEBUG: (src/list.c :87 :List_push) gay shit
DEBUG: (src/list.c :87 :List_push) gay shit
DEBUG: (src/list.c :87 :List_push) gay shit
DEBUG: (src/list.c :87 :List_push) gay shit
DEBUG: (src/list.c :87 :List_push) gay shit
DEBUG: (src/list.c :87 :List_push) gay shit
DEBUG: (src/list.c :87 :List_push) gay shit
DEBUG: (src/list.c :87 :List_push) gay shit
DEBUG: (src/list.c :87 :List_push) gay shit
DEBUG: (src/list.c :87 :List_push) gay shit
DEBUG: (src/list.c :87 :List_push) gay shit
DEBUG: (src/list.c :87 :List_push) gay shit
DEBUG: (src/list.c :87 :List_push) gay shit
DEBUG: (src/list.c :87 :List_push) gay shit
DEBUG: (src/list.c :87 :List_push) gay shit
DEBUG: (src/list.c :87 :List_push) gay shit
DEBUG: (src/list.c :87 :List_push) gay shit
DEBUG: (src/list.c :87 :List_push) gay shit
DEBUG: (src/list.c :87 :List_push) gay shit
DEBUG: (src/list.c :87 :List_push) gay shit
DEBUG: (src/list.c :87 :List_push) gay shit
DEBUG: (src/list.c :87 :List_push) gay shit
DEBUG: (src/list.c :87 :List_push) gay shit
DEBUG: (src/list.c :87 :List_push) gay shit
DEBUG: (src/list.c :87 :List_push) gay shit
DEBUG: (src/list.c :87 :List_push) gay shit
DEBUG: (src/list.c :87 :List_push) gay shit
DEBUG: (src/list.c :87 :List_push) gay shit
DEBUG: (src/list.c :87 :List_push) gay shit
DEBUG: (src/list.c :87 :List_push) gay shit
DEBUG: (src/list.c :87 :List_push) gay shit
DEBUG: (src/list.c :87 :List_push) gay shit
DEBUG: (src/list.c :87 :List_push) gay shit
DEBUG: (src/list.c :87 :List_push) gay shit
DEBUG: (src/list.c :87 :List_push) gay shit
DEBUG: (src/list.c :87 :List_push) gay shit
DEBUG: (src/list.c :87 :List_push) gay shit
DEBUG: (src/list.c :87 :List_push) gay shit
DEBUG: (src/list.c :87 :List_push) gay shit
DEBUG: (src/list.c :87 :List_push) gay shit
DEBUG: (src/list.c :87 :List_push) gay shit
DEBUG: (src/list.c :87 :List_push) gay shit
DEBUG: (src/list.c :87 :List_push) gay shit
DEBUG: (src/list.c :87 :List_push) gay shit
DEBUG: (src/list.c :87 :List_push) gay shit
DEBUG: (src/list.c :87 :List_push) gay shit
DEBUG: (src/list.c :87 :List_push) gay shit
DEBUG: (src/list.c :87 :List_push) gay shit
DEBUG: (src/list.c :87 :List_push) gay shit
DEBUG: (src/list.c :87 :List_push) gay shit
DEBUG: (src/list.c :87 :List_push) gay shit
DEBUG: (src/list.c :87 :List_push) gay shit
DEBUG: (src/list.c :87 :List_push) gay shit
DEBUG: (src/list.c :87 :List_push) gay shit
DEBUG: (src/list.c :87 :List_push) gay shit
DEBUG: (src/list.c :87 :List_push) gay shit
DEBUG: (src/list.c :87 :List_push) gay shit
DEBUG: (src/list.c :87 :List_push) gay shit
DEBUG: (src/list.c :87 :List_push) gay shit
DEBUG: (src/list.c :87 :List_push) gay shit
DEBUG: (src/list.c :87 :List_push) gay shit
DEBUG: (src/list.c :87 :List_push) gay shit
DEBUG: (src/list.c :87 :List_push) gay shit
DEBUG: (src/list.c :87 :List_push) gay shit
DEBUG: (src/list.c :87 :List_push) gay shit
DEBUG: (src/list.c :87 :List_push) gay shit
DEBUG: (src/list.c :87 :List_push) gay shit
DEBUG: (src/list.c :87 :List_push) gay shit
DEBUG: (src/list.c :87 :List_push) gay shit
DEBUG: (src/list.c :87 :List_push) gay shit
DEBUG: (src/list.c :87 :List_push) gay shit
DEBUG: (src/list.c :87 :List_push) gay shit
DEBUG: (src/list.c :87 :List_push) gay shit
DEBUG: (src/list.c :87 :List_push) gay shit
DEBUG: (src/list.c :87 :List_push) gay shit
DEBUG: (src/list.c :87 :List_push) gay shit
DEBUG: (src/list.c :87 :List_push) gay shit
DEBUG: (src/list.c :87 :List_push) gay shit
DEBUG: (src/list.c :87 :List_push) gay shit
DEBUG: (src/list.c :87 :List_push) gay shit
DEBUG: (src/list.c :87 :List_push) gay shit
DEBUG: (src/list.c :87 :List_push) gay shit
DEBUG: (src/list.c :87 :List_push) gay shit
DEBUG: (src/list.c :87 :List_push) gay shit
DEBUG: (src/list.c :87 :List_push) gay shit
DEBUG: (src/list.c :87 :List_push) gay shit
DEBUG: (src/list.c :87 :List_push) gay shit
DEBUG: (src/list.c :87 :List_push) gay shit
DEBUG: (src/list.c :87 :List_push) gay shit
DEBUG: (src/list.c :87 :List_push) gay shit
DEBUG: (src/list.c :87 :List_push) gay shit
DEBUG: (src/list.c :87 :List_push) gay shit
DEBUG: (src/list.c :87 :List_push) gay shit
DEBUG: (src/list.c :87 :List_push) gay shit
DEBUG: (src/list.c :87 :List_push) gay shit
DEBUG: (src/list.c :87 :List_push) gay shit
DEBUG: (src/list.c :87 :List_push) gay shit
DEBUG: (src/list.c :87 :List_push) gay shit
DEBUG: (src/list.c :87 :List_push) gay shit
DEBUG: (src/list.c :87 :List_push) gay shit
DEBUG: (src/list.c :87 :List_push) gay shit
DEBUG: (src/list.c :87 :List_push) gay shit
DEBUG: (src/list.c :87 :List_push) gay shit
DEBUG: (src/list.c :87 :List_push) gay shit
DEBUG: (src/list.c :87 :List_push) gay shit
DEBUG: (src/list.c :87 :List_push) gay shit
DEBUG: (src/list.c :87 :List_push) gay shit
DEBUG: (src/list.c :87 :List_push) gay shit
DEBUG: (src/list.c :87 :List_push) gay shit
DEBUG: (src/list.c :87 :List_push) gay shit
DEBUG: (src/list.c :87 :List_push) gay shit
DEBUG: (src/list.c :87 :List_push) gay shit
DEBUG: (src/list.c :87 :List_push) gay shit
DEBUG: (src/list.c :87 :List_push) gay shit
DEBUG: (src/list.c :87 :List_push) gay shit
DEBUG: (src/list.c :87 :List_push) gay shit
DEBUG: (src/list.c :87 :List_push) gay shit
DEBUG: (src/list.c :87 :List_push) gay shit
DEBUG: (src/list.c :87 :List_push) gay shit
DEBUG: (src/list.c :87 :List_push) gay shit
DEBUG: (src/list.c :87 :List_push) gay shit
DEBUG: (src/list.c :87 :List_push) gay shit
DEBUG: (src/list.c :87 :List_push) gay shit
DEBUG: (src/list.c :87 :List_push) gay shit
DEBUG: (src/list.c :87 :List_push) gay shit
DEBUG: (src/list.c :87 :List_push) gay shit
DEBUG: (src/list.c :87 :List_push) gay shit
DEBUG: (src/list.c :87 :List_push) gay shit
DEBUG: (src/list.c :87 :List_push) gay shit
DEBUG: (src/list.c :87 :List_push) gay shit
DEBUG: (src/list.c :87 :List_push) gay shit
DEBUG: (src/list.c :87 :List_push) gay shit
DEBUG: (src/list.c :87 :List_push) gay shit
DEBUG: (src/list.c :87 :List_push) gay shit
DEBUG: (src/list.c :87 :List_push) gay shit
DEBUG: (src/list.c :87 :List_push) gay shit
DEBUG: (src/list.c :87 :List_push) gay shit
DEBUG: (src/list.c :87 :List_push) gay shit
DEBUG: (src/list.c :87 :List_push) gay shit
DEBUG: (src/list.c :87 :List_push) gay shit
DEBUG: (src/list.c :87 :List_push) gay shit
DEBUG: (src/list.c :87 :List_push) gay shit
DEBUG: (src/list.c :87 :List_push) gay shit
DEBUG: (src/list.c :87 :List_push) gay shit
DEBUG: (src/list.c :87 :List_push) gay shit
DEBUG: (src/list.c :87 :List_push) gay shit
DEBUG: (src/list.c :87 :List_push) gay shit
DEBUG: (src/list.c :87 :List_push) gay shit
DEBUG: (src/list.c :87 :List_push) gay shit
DEBUG: (src/list.c :87 :List_push) gay shit
DEBUG: (src/list.c :87 :List_push) gay shit
DEBUG: (src/list.c :87 :List_push) gay shit
DEBUG: (src/list.c :87 :List_push) gay shit
DEBUG: (src/list.c :87 :List_push) gay shit
DEBUG: (src/list.c :87 :List_push) gay shit
DEBUG: (src/list.c :87 :List_push) gay shit
DEBUG: (src/list.c :87 :List_push) gay shit
DEBUG: (src/list.c :87 :List_push) gay shit
DEBUG: (src/list.c :87 :List_push) gay shit
DEBUG: (src/list.c :87 :List_push) gay shit
DEBUG: (src/list.c :87 :List_push) gay shit
DEBUG: (src/list.c :87 :List_push) gay shit
DEBUG: (src/list.c :87 :List_push) gay shit
DEBUG: (src/list.c :87 :List_push) gay shit
DEBUG: (src/list.c :87 :List_push) gay shit
DEBUG: (src/list.c :87 :List_push) gay shit
DEBUG: (src/list.c :87 :List_push) gay shit
DEBUG: (src/list.c :87 :List_push) gay shit
DEBUG: (src/list.c :87 :List_push) gay shit
DEBUG: (src/list.c :87 :List_push) gay shit
DEBUG: (src/list.c :87 :List_push) gay shit
DEBUG: (src/list.c :87 :List_push) gay shit
DEBUG: (src/list.c :87 :List_push) gay shit
DEBUG: (src/list.c :87 :List_push) gay shit
DEBUG: (src/list.c :87 :List_push) gay shit
DEBUG: (src/list.c :87 :List_push) gay shit
DEBUG: (src/list.c :87 :List_push) gay shit
DEBUG: (src/list.c :87 :List_push) gay shit
DEBUG: (src/list.c :87 :List_push) gay shit
DEBUG: (src/list.c :87 :List_push) gay shit
DEBUG: (src/list.c :87 :List_push) gay shit
DEBUG: (src/list.c :87 :List_push) gay shit
DEBUG: (src/list.c :87 :List_push) gay shit
DEBUG: (src/list.c :87 :List_push) gay shit
DEBUG: (src/list.c :87 :List_push) gay shit
DEBUG: (src/list.c :87 :List_push) gay shit
DEBUG: (src/list.c :87 :List_push) gay shit
DEBUG: (src/list.c :87 :List_push) gay shit
DEBUG: (src/list.c :87 :List_push) gay shit
DEBUG: (src/list.c :87 :List_push) gay shit
DEBUG: (src/list.c :87 :List_push) gay shit
DEBUG: (src/list.c :87 :List_push) gay shit
DEBUG: (src/list.c :87 :List_push) gay shit
DEBUG: (src/list.c :87 :List_push) gay shit
DEBUG: (src/list.c :87 :List_push) gay shit
DEBUG: (src/list.c :87 :List_push) gay shit
DEBUG: (src/list.c :87 :List_push) gay shit
DEBUG: (src/list.c :87 :List_push) gay shit
DEBUG: (src/list.c :87 :List_push) gay shit
DEBUG: (src/list.c :87 :List_push) gay shit
DEBUG: (src/list.c :87 :List_push) gay shit
DEBUG: (src/list.c :87 :List_push) gay shit
DEBUG: (src/list.c :87 :List_push) gay shit
DEBUG: (src/list.c :87 :List_push) gay shit
DEBUG: (src/list.c :87 :List_push) gay shit
DEBUG: (src/list.c :87 :List_push) gay shit
DEBUG: (src/list.c :87 :List_push) gay shit
DEBUG: (src/list.c :87 :List_push) gay shit
DEBUG: (src/list.c :87 :List_push) gay shit
DEBUG: (src/list.c :87 :List_push) gay shit
DEBUG: (src/list.c :87 :List_push) gay shit
DEBUG: (src/list.c :87 :List_push) gay shit
DEBUG: (src/list.c :87 :List_push) gay shit
DEBUG: (src/list.c :87 :List_push) gay shit
DEBUG: (src/list.c :87 :List_push) gay shit
DEBUG: (src/list.c :87 :List_push) gay shit
DEBUG: (src/list.c :87 :List_push) gay shit
DEBUG: (src/list.c :87 :List_push) gay shit
DEBUG: (src/list.c :87 :List_push) gay shit
DEBUG: (src/list.c :87 :List_push) gay shit
DEBUG: (src/list.c :87 :List_push) gay shit
DEBUG: (src/list.c :87 :List_push) gay shit
DEBUG: (src/list.c :87 :List_push) gay shit
DEBUG: (src/list.c :87 :List_push) gay shit
DEBUG: (src/list.c :87 :List_push) gay shit
DEBUG: (src/list.c :87 :List_push) gay shit
DEBUG: (src/list.c :87 :List_push) gay shit
DEBUG: (src/list.c :87 :List_push) gay shit
DEBUG: (src/list.c :87 :List_push) gay shit
DEBUG: (src/list.c :87 :List_push) gay shit
DEBUG: (src/list.c :87 :List_push) gay shit
DEBUG: (src/list.c :87 :List_push) gay shit
DEBUG: (src/list.c :87 :List_push) gay shit
DEBUG: (src/list.c :87 :List_push) gay shit
DEBUG: (src/list.c :87 :List_push) gay shit
DEBUG: (src/list.c :87 :List_push) gay shit
DEBUG: (src/list.c :87 :List_push) gay shit
DEBUG: (src/list.c :87 :List_push) gay shit
DEBUG: (src/list.c :87 :List_push) gay shit
DEBUG: (src/list.c :87 :List_push) gay shit
DEBUG: (src/list.c :87 :List_push) gay shit
DEBUG: (src/list.c :87 :List_push) gay shit
DEBUG: (src/list.c :87 :List_push) gay shit
DEBUG: (src/list.c :87 :List_push) gay shit
DEBUG: (src/list.c :87 :List_push) gay shit
DEBUG: (src/list.c :87 :List_push) gay shit
DEBUG: (src/list.c :87 :List_push) gay shit
DEBUG: (src/list.c :87 :List_push) gay shit
DEBUG: (src/list.c :87 :List_push) gay shit
DEBUG: (src/list.c :87 :List_push) gay shit
DEBUG: (src/list.c :87 :List_push) gay shit
DEBUG: (src/list.c :87 :List_push) gay shit
DEBUG: (src/list.c :87 :List_push) gay shit
DEBUG: (src/list.c :87 :List_push) gay shit
DEBUG: (src/list.c :87 :List_push) gay shit
DEBUG: (src/list.c :87 :List_push) gay shit
DEBUG: (src/list.c :87 :List_push) gay shit
DEBUG: (src/list.c :87 :List_push) gay shit
DEBUG: (src/list.c :87 :List_push) gay shit
DEBUG: (src/list.c :87 :List_push) gay shit
DEBUG: (src/list.c :87 :List_push) gay shit
DEBUG: (src/list.c :87 :List_push) gay shit
DEBUG: (src/list.c :87 :List_push) gay shit
DEBUG: (src/list.c :87 :List_push) gay shit
DEBUG: (src/list.c :87 :List_push) gay shit
DEBUG: (src/list.c :87 :List_push) gay shit
DEBUG: (src/list.c :87 :List_push) gay shit
DEBUG: (src/list.c :87 :List_push) gay shit
DEBUG: (src/list.c :87 :List_push) gay shit
DEBUG: (src/list.c :87 :List_push) gay shit
DEBUG: (src/list.c :87 :List_push) gay shit
DEBUG: (src/list.c :87 :List_push) gay shit
DEBUG: (src/list.c :87 :List_push) gay shit
DEBUG: (src/list.c :87 :List_push) gay shit
DEBUG: (src/list.c :87 :List_push) gay shit
DEBUG: (src/list.c :87 :List_push) gay shit
DEBUG: (src/list.c :87 :List_push) gay shit
DEBUG: (src/list.c :87 :List_push) gay shit
DEBUG: (src/list.c :87 :List_push) gay shit
DEBUG: (src/list.c :87 :List_push) gay shit
DEBUG: (src/list.c :87 :List_push) gay shit
DEBUG: (src/list.c :87 :List_push) gay shit
DEBUG: (src/list.c :87 :List_push) gay shit
DEBUG: (src/list.c :87 :List_push) gay shit
DEBUG: (src/list.c :87 :List_push) gay shit
DEBUG: (src/list.c :87 :List_push) gay shit
DEBUG: (src/list.c :87 :List_push) gay shit
DEBUG: (src/list.c :87 :List_push) gay shit
DEBUG: (src/list.c :87 :List_push) gay shit
DEBUG: (src/list.c :87 :List_push) gay shit
DEBUG: (src/list.c :87 :List_push) gay shit
DEBUG: (src/list.c :87 :List_push) gay shit
DEBUG: (src/list.c :87 :List_push) gay shit
DEBUG: (src/list.c :87 :List_push) gay shit
DEBUG: (src/list.c :87 :List_push) gay shit
DEBUG: (src/list.c :87 :List_push) gay shit
DEBUG: (src/list.c :87 :List_push) gay shit
DEBUG: (src/list.c :87 :List_push) gay shit
DEBUG: (src/list.c :87 :List_push) gay shit
DEBUG: (src/list.c :87 :List_push) gay shit
DEBUG: (src/list.c :87 :List_push) gay shit
DEBUG: (src/list.c :87 :List_push) gay shit
DEBUG: (src/list.c :87 :List_push) gay shit
DEBUG: (src/list.c :87 :List_push) gay shit
DEBUG: (src/list.c :87 :List_push) gay shit
DEBUG: (src/list.c :87 :List_push) gay shit
DEBUG: (src/list.c :87 :List_push) gay shit
DEBUG: (src/list.c :87 :List_push) gay shit
DEBUG: (src/list.c :87 :List_push) gay shit
DEBUG: (src/list.c :87 :List_push) gay shit
DEBUG: (src/list.c :87 :List_push) gay shit
DEBUG: (src/list.c :87 :List_push) gay shit
DEBUG: (src/list.c :87 :List_push) gay shit
DEBUG: (src/list.c :87 :List_push) gay shit
DEBUG: (src/list.c :87 :List_push) gay shit
DEBUG: (src/list.c :87 :List_push) gay shit
DEBUG: (src/list.c :87 :List_push) gay shit
DEBUG: (src/list.c :87 :List_push) gay shit
DEBUG: (src/list.c :87 :List_push) gay shit
DEBUG: (src/list.c :87 :List_push) gay shit
DEBUG: (src/list.c :87 :List_push) gay shit
DEBUG: (src/list.c :87 :List_push) gay shit
DEBUG: (src/list.c :87 :List_push) gay shit
DEBUG: (src/list.c :87 :List_push) gay shit
DEBUG: (src/list.c :87 :List_push) gay shit
DEBUG: (src/list.c :87 :List_push) gay shit
DEBUG: (src/list.c :87 :List_push) gay shit
DEBUG: (src/list.c :87 :List_push) gay shit
DEBUG: (src/list.c :87 :List_push) gay shit
DEBUG: (src/list.c :87 :List_push) gay shit
DEBUG: (src/list.c :87 :List_push) gay shit
DEBUG: (src/list.c :87 :List_push) gay shit
DEBUG: (src/list.c :87 :List_push) gay shit
DEBUG: (src/list.c :87 :List_push) gay shit
DEBUG: (src/list.c :87 :List_push) gay shit
DEBUG: (src/list.c :87 :List_push) gay shit
DEBUG: (src/list.c :87 :List_push) gay shit
DEBUG: (src/list.c :87 :List_push) gay shit
DEBUG: (src/list.c :87 :List_push) gay shit
DEBUG: (src/list.c :87 :List_push) gay shit
DEBUG: (src/list.c :87 :List_push) gay shit
DEBUG: (src/list.c :87 :List_push) gay shit
DEBUG: (src/list.c :87 :List_push) gay shit
DEBUG: (src/list.c :87 :List_push) gay shit
DEBUG: (src/list.c :87 :List_push) gay shit
DEBUG: (src/list.c :87 :List_push) gay shit
DEBUG: (src/list.c :87 :List_push) gay shit
DEBUG: (src/list.c :87 :List_push) gay shit
DEBUG: (src/list.c :87 :List_push) gay shit
DEBUG: (src/list.c :87 :List_push) gay shit
DEBUG: (src/list.c :87 :List_push) gay shit
DEBUG: (src/list.c :87 :List_push) gay shit
DEBUG: (src/list.c :87 :List_push) gay shit
DEBUG: (src/list.c :87 :List_push) gay shit
DEBUG: (src/list.c :87 :List_push) gay shit
DEBUG: (src/list.c :87 :List_push) gay shit
DEBUG: (src/list.c :87 :List_push) gay shit
DEBUG: (src/list.c :87 :List_push) gay shit
DEBUG: (src/list.c :87 :List_push) gay shit
DEBUG: (src/list.c :87 :List_push) gay shit
DEBUG: (src/list.c :87 :List_push) gay shit
DEBUG: (src/list.c :87 :List_push) gay shit
DEBUG: (src/list.c :87 :List_push) gay shit
DEBUG: (src/list.c :87 :List_push) gay shit
DEBUG: (src/list.c :87 :List_push) gay shit
DEBUG: (src/list.c :87 :List_push) gay shit
DEBUG: (src/list.c :87 :List_push) gay shit
DEBUG: (src/list.c :87 :List_push) gay shit
DEBUG: (src/list.c :87 :List_push) gay shit
DEBUG: (src/list.c :87 :List_push) gay shit
DEBUG: (src/list.c :87 :List_push) gay shit
DEBUG: (src/list.c :87 :List_push) gay shit
DEBUG: (src/list.c :87 :List_push) gay shit
DEBUG: (src/list.c :87 :List_push) gay shit
DEBUG: (src/list.c :87 :List_push) gay shit
DEBUG: (src/list.c :87 :List_push) gay shit
DEBUG: (src/list.c :87 :List_push) gay shit
DEBUG: (src/list.c :87 :List_push) gay shit
DEBUG: (src/list.c :87 :List_push) gay shit
DEBUG: (src/list.c :87 :List_push) gay shit
DEBUG: (src/list.c :87 :List_push) gay shit
DEBUG: (src/list.c :87 :List_push) gay shit
DEBUG: (src/list.c :87 :List_push) gay shit
DEBUG: (src/list.c :87 :List_push) gay shit
DEBUG: (src/list.c :87 :List_push) gay shit
DEBUG: (src/list.c :87 :List_push) gay shit
DEBUG: (src/list.c :87 :List_push) gay shit
DEBUG: (src/list.c :87 :List_push) gay shit
DEBUG: (src/list.c :87 :List_push) gay shit
DEBUG: (src/list.c :87 :List_push) gay shit
DEBUG: (src/list.c :87 :List_push) gay shit
DEBUG: (src/list.c :87 :List_push) gay shit
DEBUG: (src/list.c :87 :List_push) gay shit
DEBUG: (src/list.c :87 :List_push) gay shit
DEBUG: (src/list.c :87 :List_push) gay shit
DEBUG: (src/list.c :87 :List_push) gay shit
DEBUG: (src/list.c :87 :List_push) gay shit
DEBUG: (src/list.c :87 :List_push) gay shit
DEBUG: (src/list.c :87 :List_push) gay shit
DEBUG: (src/list.c :87 :List_push) gay shit
DEBUG: (src/list.c :87 :List_push) gay shit
DEBUG: (src/list.c :87 :List_push) gay shit
DEBUG: (src/list.c :87 :List_push) gay shit
DEBUG: (src/list.c :87 :List_push) gay shit
DEBUG: (src/list.c :87 :List_push) gay shit
DEBUG: (src/list.c :87 :List_push) gay shit
DEBUG: (src/list.c :87 :List_push) gay shit
DEBUG: (src/list.c :87 :List_push) gay shit
DEBUG: (src/list.c :87 :List_push) gay shit
DEBUG: (src/list.c :87 :List_push) gay shit
DEBUG: (src/list.c :87 :List_push) gay shit
DEBUG: (src/list.c :87 :List_push) gay shit
DEBUG: (src/list.c :87 :List_push) gay shit
DEBUG: (src/list.c :87 :List_push) gay shit
DEBUG: (src/list.c :87 :List_push) gay shit
DEBUG: (src/list.c :87 :List_push) gay shit
DEBUG: (src/list.c :87 :List_push) gay shit
DEBUG: (src/list.c :87 :List_push) gay shit
DEBUG: (src/list.c :87 :List_push) gay shit
DEBUG: (src/list.c :87 :List_push) gay shit
DEBUG: (src/list.c :87 :List_push) gay shit
DEBUG: (src/list.c :87 :List_push) gay shit
DEBUG: (src/list.c :87 :List_push) gay shit
DEBUG: (src/list.c :87 :List_push) gay shit
DEBUG: (src/list.c :87 :List_push) gay shit
DEBUG: (src/list.c :87 :List_push) gay shit
DEBUG: (src/list.c :87 :List_push) gay shit
DEBUG: (src/list.c :87 :List_push) gay shit
DEBUG: (src/list.c :87 :List_push) gay shit
DEBUG: (src/list.c :87 :List_push) gay shit
DEBUG: (src/list.c :87 :List_push) gay shit
DEBUG: (src/list.c :87 :List_push) gay shit
DEBUG: (src/list.c :87 :List_push) gay shit
DEBUG: (src/list.c :87 :List_push) gay shit
DEBUG: (src/list.c :87 :List_push) gay shit
DEBUG: (src/list.c :87 :List_push) gay shit
DEBUG: (src/list.c :87 :List_push) gay shit
DEBUG: (src/list.c :87 :List_push) gay shit
DEBUG: (src/list.c :87 :List_push) gay shit
DEBUG: (src/list.c :87 :List_push) gay shit
DEBUG: (src/list.c :87 :List_push) gay shit
DEBUG: (src/list.c :87 :List_push) gay shit
DEBUG: (src/list.c :87 :List_push) gay shit
DEBUG: (src/list.c :87 :List_push) gay shit
DEBUG: (src/list.c :87 :List_push) gay shit
DEBUG: (src/list.c :87 :List_push) gay shit
DEBUG: (src/list.c :87 :List_push) gay shit
DEBUG: (src/list.c :87 :List_push) gay shit
DEBUG: (src/list.c :87 :List_push) gay shit
DEBUG: (src/list.c :87 :List_push) gay shit
DEBUG: (src/list.c :87 :List_push) gay shit
DEBUG: (src/list.c :87 :List_push) gay shit
DEBUG: (src/list.c :87 :List_push) gay shit
DEBUG: (src/list.c :87 :List_push) gay shit
DEBUG: (src/list.c :87 :List_push) gay shit
DEBUG: (src/list.c :87 :List_push) gay shit
DEBUG: (src/list.c :87 :List_push) gay shit
DEBUG: (src/list.c :87 :List_push) gay shit
DEBUG: (src/list.c :87 :List_push) gay shit
DEBUG: (src/list.c :87 :List_push) gay shit
DEBUG: (src/list.c :87 :List_push) gay shit
DEBUG: (src/list.c :87 :List_push) gay shit
DEBUG: (src/list.c :87 :List_push) gay shit
DEBUG: (src/list.c :87 :List_push) gay shit
DEBUG: (src/list.c :87 :List_push) gay shit
DEBUG: (src/list.c :87 :List_push) gay shit
DEBUG: (src/list.c :87 :List_push) gay shit
DEBUG: (src/list.c :87 :List_push) gay shit
DEBUG: (src/list.c :87 :List_push) gay shit
DEBUG: (src/list.c :87 :List_push) gay shit
DEBUG: (src/list.c :87 :List_push) gay shit
DEBUG: (src/list.c :87 :List_push) gay shit
DEBUG: (src/list.c :87 :List_push) gay shit
DEBUG: (src/list.c :87 :List_push) gay shit
DEBUG: (src/list.c :87 :List_push) gay shit
DEBUG: (src/list.c :87 :List_push) gay shit
DEBUG: (src/list.c :87 :List_push) gay shit
DEBUG: (src/list.c :87 :List_push) gay shit
DEBUG: (src/list.c :87 :List_push) gay shit
DEBUG: (src/list.c :87 :List_push) gay shit
DEBUG: (src/list.c :87 :List_push) gay shit
DEBUG: (src/list.c :87 :List_push) gay shit
DEBUG: (src/list.c :87 :List_push) gay shit
DEBUG: (src/list.c :87 :List_push) gay shit
DEBUG: (src/list.c :87 :List_push) gay shit
DEBUG: (src/list.c :87 :List_push) gay shit
DEBUG: (src/list.c :87 :List_push) gay shit
DEBUG: (src/list.c :87 :List_push) gay shit
DEBUG: (src/list.c :87 :List_push) gay shit
DEBUG: (src/list.c :87 :List_push) gay shit
DEBUG: (src/list.c :87 :List_push) gay shit
DEBUG: (src/list.c :87 :List_push) gay shit
DEBUG: (src/list.c :87 :List_push) gay shit
DEBUG: (src/list.c :87 :List_push) gay shit
DEBUG: (src/list.c :87 :List_push) gay shit
DEBUG: (src/list.c :87 :List_push) gay shit
DEBUG: (src/list.c :87 :List_push) gay shit
DEBUG: (src/list.c :87 :List_push) gay shit
DEBUG: (src/list.c :87 :List_push) gay shit
DEBUG: (src/list.c :87 :List_push) gay shit
DEBUG: (src/list.c :87 :List_push) gay shit
DEBUG: (src/list.c :87 :List_push) gay shit
DEBUG: (src/list.c :87 :List_push) gay shit
DEBUG: (src/list.c :87 :List_push) gay shit
DEBUG: (src/list.c :87 :List_push) gay shit
DEBUG: (src/list.c :87 :List_push) gay shit
DEBUG: (src/list.c :87 :List_push) gay shit
DEBUG: (src/list.c :87 :List_push) gay shit
DEBUG: (src/list.c :87 :List_push) gay shit
DEBUG: (src/list.c :87 :List_push) gay shit
DEBUG: (src/list.c :87 :List_push) gay shit
DEBUG: (src/list.c :87 :List_push) gay shit
DEBUG: (src/list.c :87 :List_push) gay shit
DEBUG: (src/list.c :87 :List_push) gay shit
DEBUG: (src/list.c :87 :List_push) gay shit
DEBUG: (src/list.c :87 :List_push) gay shit
DEBUG: (src/list.c :87 :List_push) gay shit
DEBUG: (src/list.c :87 :List_push) gay shit
DEBUG: (src/list.c :87 :List_push) gay shit
DEBUG: (src/list.c :87 :List_push) gay shit
DEBUG: (src/list.c :87 :List_push) gay shit
DEBUG: (src/list.c :87 :List_push) gay shit
DEBUG: (src/list.c :87 :List_push) gay shit
DEBUG: (src/list.c :87 :List_push) gay shit
DEBUG: (src/list.c :87 :List_push) gay shit
DEBUG: (src/list.c :87 :List_push) gay shit
DEBUG: (src/list.c :87 :List_push) gay shit
DEBUG: (src/list.c :87 :List_push) gay shit
DEBUG: (src/list.c :87 :List_push) gay shit
DEBUG: (src/list.c :87 :List_push) gay shit
DEBUG: (src/list.c :87 :List_push) gay shit
DEBUG: (src/list.c :87 :List_push) gay shit
DEBUG: (src/list.c :87 :List_push) gay shit
DEBUG: (src/list.c :87 :List_push) gay shit
DEBUG: (src/list.c :87 :List_push) gay shit
DEBUG: (src/list.c :87 :List_push) gay shit
DEBUG: (src/list.c :87 :List_push) gay shit
DEBUG: (src/list.c :87 :List_push) gay shit
DEBUG: (src/list.c :87 :List_push) gay shit
DEBUG: (src/list.c :87 :List_push) gay shit
DEBUG: (src/list.c :87 :List_push) gay shit
DEBUG: (src/list.c :87 :List_push) gay shit
DEBUG: (src/list.c :87 :List_push) gay shit
DEBUG: (src/list.c :87 :List_push) gay shit
DEBUG: (src/list.c :87 :List_push) gay shit
DEBUG: (src/list.c :87 :List_push) gay shit
DEBUG: (src/list.c :87 :List_push) gay shit
DEBUG: (src/list.c :87 :List_push) gay shit
DEBUG: (src/list.c :87 :List_push) gay shit
DEBUG: (src/list.c :87 :List_push) gay shit
DEBUG: (src/list.c :87 :List_push) gay shit
DEBUG: (src/list.c :87 :List_push) gay shit
DEBUG: (src/list.c :87 :List_push) gay shit
DEBUG: (src/list.c :87 :List_push) gay shit
DEBUG: (src/list.c :87 :List_push) gay shit
DEBUG: (src/list.c :87 :List_push) gay shit
DEBUG: (src/list.c :87 :List_push) gay shit
DEBUG: (src/list.c :87 :List_push) gay shit
DEBUG: (src/list.c :87 :List_push) gay shit
DEBUG: (src/list.c :87 :List_push) gay shit
DEBUG: (src/list.c :87 :List_push) gay shit
DEBUG: (src/list.c :87 :List_push) gay shit
DEBUG: (src/list.c :87 :List_push) gay shit
DEBUG: (src/list.c :87 :List_push) gay shit
DEBUG: (src/list.c :87 :List_push) gay shit
DEBUG: (src/list.c :87 :List_push) gay shit
DEBUG: (src/list.c :87 :List_push) gay shit
DEBUG: (src/list.c :87 :List_push) gay shit
DEBUG: (src/list.c :87 :List_push) gay shit
DEBUG: (src/list.c :87 :List_push) gay shit
DEBUG: (src/list.c :87 :List_push) gay shit
DEBUG: (src/list.c :87 :List_push) gay shit
DEBUG: (src/list.c :87 :List_push) gay shit
DEBUG: (src/list.c :87 :List_push) gay shit
DEBUG: (src/list.c :87 :List_push) gay shit
DEBUG: (src/list.c :87 :List_push) gay shit
DEBUG: (src/list.c :87 :List_push) gay shit
DEBUG: (src/list.c :87 :List_push) gay shit
DEBUG: (src/list.c :87 :List_push) gay shit
DEBUG: (src/list.c :87 :List_push) gay shit
DEBUG: (src/list.c :87 :List_push) gay shit
DEBUG: (src/list.c :87 :List_push) gay shit
DEBUG: (src/list.c :87 :List_push) gay shit
DEBUG: (src/list.c :87 :List_push) gay shit
DEBUG: (src/list.c :87 :List_push) gay shit
DEBUG: (src/list.c :87 :List_push) gay shit
DEBUG: (src/list.c :87 :List_push) gay shit
DEBUG: (src/list.c :87 :List_push) gay shit
DEBUG: (src/list.c :87 :List_push) gay shit
DEBUG: (src/list.c :87 :List_push) gay shit
DEBUG: (src/list.c :87 :List_push) gay shit
DEBUG: (src/list.c :87 :List_push) gay shit
DEBUG: (src/list.c :87 :List_push) gay shit
DEBUG: (src/list.c :87 :List_push) gay shit
DEBUG: (src/list.c :87 :List_push) gay shit
DEBUG: (src/list.c :87 :List_push) gay shit
DEBUG: (src/list.c :87 :List_push) gay shit
DEBUG: (src/list.c :87 :List_push) gay shit
DEBUG: (src/list.c :87 :List_push) gay shit
DEBUG: (src/list.c :87 :List_push) gay shit
DEBUG: (src/list.c :87 :List_push) gay shit
DEBUG: (src/list.c :87 :List_push) gay shit
DEBUG: (src/list.c :87 :List_push) gay shit
DEBUG: (src/list.c :87 :List_push) gay shit
DEBUG: (src/list.c :87 :List_push) gay shit
DEBUG: (src/list.c :87 :List_push) gay shit
DEBUG: (src/list.c :87 :List_push) gay shit
DEBUG: (src/list.c :87 :List_push) gay shit
DEBUG: (src/list.c :87 :List_push) gay shit
DEBUG: (src/list.c :87 :List_push) gay shit
DEBUG: (src/list.c :87 :List_push) gay shit
DEBUG: (src/list.c :87 :List_push) gay shit
DEBUG: (src/list.c :87 :List_push) gay shit
DEBUG: (src/list.c :87 :List_push) gay shit
DEBUG: (src/list.c :87 :List_push) gay shit
DEBUG: (src/list.c :87 :List_push) gay shit
DEBUG: (src/list.c :87 :List_push) gay shit
DEBUG: (src/list.c :87 :List_push) gay shit
DEBUG: (src/list.c :87 :List_push) gay shit
DEBUG: (src/list.c :87 :List_push) gay shit
DEBUG: (src/list.c :87 :List_push) gay shit
DEBUG: (src/list.c :87 :List_push) gay shit
DEBUG: (src/list.c :87 :List_push) gay shit
DEBUG: (src/list.c :87 :List_push) gay shit
DEBUG: (src/list.c :87 :List_push) gay shit
DEBUG: (src/list.c :87 :List_push) gay shit
DEBUG: (src/list.c :87 :List_push) gay shit
DEBUG: (src/list.c :87 :List_push) gay shit
DEBUG: (src/list.c :87 :List_push) gay shit
DEBUG: (src/list.c :87 :List_push) gay shit
DEBUG: (src/list.c :87 :List_push) gay shit
DEBUG: (src/list.c :87 :List_push) gay shit
DEBUG: (src/list.c :87 :List_push) gay shit
DEBUG: (src/list.c :87 :List_push) gay shit
DEBUG: (src/list.c :87 :List_push) gay shit
DEBUG: (src/list.c :87 :List_push) gay shit
DEBUG: (src/list.c :87 :List_push) gay shit
DEBUG: (src/list.c :87 :List_push) gay shit
DEBUG: (src/list.c :87 :List_push) gay shit
DEBUG: (src/list.c :87 :List_push) gay shit
DEBUG: (src/list.c :87 :List_push) gay shit
DEBUG: (src/list.c :87 :List_push) gay shit
DEBUG: (src/list.c :87 :List_push) gay shit
DEBUG: (src/list.c :87 :List_push) gay shit
DEBUG: (src/list.c :87 :List_push) gay shit
DEBUG: (src/list.c :87 :List_push) gay shit
DEBUG: (src/list.c :87 :List_push) gay shit
DEBUG: (src/list.c :87 :List_push) gay shit
DEBUG: (src/list.c :87 :List_push) gay shit
DEBUG: (src/list.c :87 :List_push) gay shit
DEBUG: (src/list.c :87 :List_push) gay shit
DEBUG: (src/list.c :87 :List_push) gay shit
DEBUG: (src/list.c :87 :List_push) gay shit
DEBUG: (src/list.c :87 :List_push) gay shit
DEBUG: (src/list.c :87 :List_push) gay shit
DEBUG: (src/list.c :87 :List_push) gay shit
DEBUG: (src/list.c :87 :List_push) gay shit
DEBUG: (src/list.c :87 :List_push) gay shit
DEBUG: (src/list.c :87 :List_push) gay shit
DEBUG: (src/list.c :87 :List_push) gay shit
DEBUG: (src/list.c :87 :List_push) gay shit
DEBUG: (src/list.c :87 :List_push) gay shit
DEBUG: (src/list.c :87 :List_push) gay shit
DEBUG: (src/list.c :87 :List_push) gay shit
DEBUG: (src/list.c :87 :List_push) gay shit
DEBUG: (src/list.c :87 :List_push) gay shit
DEBUG: (src/list.c :87 :List_push) gay shit
DEBUG: (src/list.c :87 :List_push) gay shit
DEBUG: (src/list.c :87 :List_push) gay shit
DEBUG: (src/list.c :87 :List_push) gay shit
DEBUG: (src/list.c :87 :List_push) gay shit
DEBUG: (src/list.c :87 :List_push) gay shit
DEBUG: (src/list.c :87 :List_push) gay shit
DEBUG: (src/list.c :87 :List_push) gay shit
DEBUG: (src/list.c :87 :List_push) gay shit
DEBUG: (src/list.c :87 :List_push) gay shit
DEBUG: (src/list.c :87 :List_push) gay shit
DEBUG: (src/list.c :87 :List_push) gay shit
DEBUG: (src/list.c :87 :List_push) gay shit
DEBUG: (src/list.c :87 :List_push) gay shit
DEBUG: (src/list.c :87 :List_push) gay shit
DEBUG: (src/list.c :87 :List_push) gay shit
DEBUG: (src/list.c :87 :List_push) gay shit
DEBUG: (src/list.c :87 :List_push) gay shit
DEBUG: (src/list.c :87 :List_push) gay shit
DEBUG: (src/list.c :87 :List_push) gay shit
DEBUG: (src/list.c :87 :List_push) gay shit
DEBUG: (src/list.c :87 :List_push) gay shit
DEBUG: (src/list.c :87 :List_push) gay shit
DEBUG: (src/list.c :87 :List_push) gay shit
DEBUG: (src/list.c :87 :List_push) gay shit
DEBUG: (src/list.c :87 :List_push) gay shit
DEBUG: (src/list.c :87 :List_push) gay shit
DEBUG: (src/list.c :87 :List_push) gay shit
DEBUG: (src/list.c :87 :List_push) gay shit
DEBUG: (src/list.c :87 :List_push) gay shit
DEBUG: (src/list.c :87 :List_push) gay shit
DEBUG: (src/list.c :87 :List_push) gay shit
DEBUG: (src/list.c :87 :List_push) gay shit
DEBUG: (src/list.c :87 :List_push) gay shit
DEBUG: (src/list.c :87 :List_push) gay shit
DEBUG: (src/list.c :87 :List_push) gay shit
DEBUG: (src/list.c :87 :List_push) gay shit
DEBUG: (src/list.c :87 :List_push) gay shit
DEBUG: (src/list.c :87 :List_push) gay shit
DEBUG: (src/list.c :87 :List_push) gay shit
DEBUG: (src/list.c :87 :List_push) gay shit
DEBUG: (src/list.c :87 :List_push) gay shit
DEBUG: (src/list.c :87 :List_push) gay shit
DEBUG: (src/list.c :87 :List_push) gay shit
DEBUG: (src/list.c :87 :List_push) gay shit
DEBUG: (src/list.c :87 :List_push) gay shit
DEBUG: (src/list.c :87 :List_push) gay shit
DEBUG: (src/list.c :87 :List_push) gay shit
DEBUG: (src/list.c :87 :List_push) gay shit
DEBUG: (src/list.c :87 :List_push) gay shit
DEBUG: (src/list.c :87 :List_push) gay shit
DEBUG: (src/list.c :87 :List_push) gay shit
DEBUG: (src/list.c :87 :List_push) gay shit
DEBUG: (src/list.c :87 :List_push) gay shit
DEBUG: (src/list.c :87 :List_push) gay shit
DEBUG: (src/list.c :87 :List_push) gay shit
DEBUG: (src/list.c :87 :List_push) gay shit
DEBUG: (src/list.c :87 :List_push) gay shit
DEBUG: (src/list.c :87 :List_push) gay shit
DEBUG: (src/list.c :87 :List_push) gay shit
DEBUG: (src/list.c :87 :List_push) gay shit
DEBUG: (src/list.c :87 :List_push) gay shit
DEBUG: (src/list.c :87 :List_push) gay shit
DEBUG: (src/list.c :87 :List_push) gay shit
DEBUG: (src/list.c :87 :List_push) gay shit
DEBUG: (src/list.c :87 :List_push) gay shit
DEBUG: (src/list.c :87 :List_push) gay shit
DEBUG: (src/list.c :87 :List_push) gay shit
DEBUG: (src/list.c :87 :List_push) gay shit
DEBUG: (src/list.c :87 :List_push) gay shit
DEBUG: (src/list.c :87 :List_push) gay shit
DEBUG: (src/list.c :87 :List_push) gay shit
DEBUG: (src/list.c :87 :List_push) gay shit
DEBUG: (src/list.c :87 :List_push) gay shit
DEBUG: (src/list.c :87 :List_push) gay shit
DEBUG: (src/list.c :87 :List_push) gay shit
DEBUG: (src/list.c :87 :List_push) gay shit
DEBUG: (src/list.c :87 :List_push) gay shit
DEBUG: (src/list.c :87 :List_push) gay shit
DEBUG: (src/list.c :87 :List_push) gay shit
DEBUG: (src/list.c :87 :List_push) gay shit
DEBUG: (src/list.c :87 :List_push) gay shit
DEBUG: (src/list.c :87 :List_push) gay shit
DEBUG: (src/list.c :87 :List_push) gay shit
DEBUG: (src/list.c :87 :List_push) gay shit
DEBUG: (src/list.c :87 :List_push) gay shit
DEBUG: (src/list.c :87 :List_push) gay shit
DEBUG: (src/list.c :87 :List_push) gay shit
DEBUG: (src/list.c :87 :List_push) gay shit
DEBUG: (src/list.c :87 :List_push) gay shit
DEBUG: (src/list.c :87 :List_push) gay shit
DEBUG: (src/list.c :87 :List_push) gay shit
DEBUG: (src/list.c :87 :List_push) gay shit
DEBUG: (src/list.c :87 :List_push) gay shit
DEBUG: (src/list.c :87 :List_push) gay shit
DEBUG: (src/list.c :87 :List_push) gay shit
DEBUG: (src/list.c :87 :List_push) gay shit
DEBUG: (src/list.c :87 :List_push) gay shit
DEBUG: (src/list.c :87 :List_push) gay shit
DEBUG: (src/list.c :87 :List_push) gay shit
DEBUG: (src/list.c :87 :List_push) gay shit
DEBUG: (src/list.c :87 :List_push) gay shit
DEBUG: (src/list.c :87 :List_push) gay shit
DEBUG: (src/list.c :87 :List_push) gay shit
DEBUG: (src/list.c :87 :List_push) gay shit
DEBUG: (src/list.c :87 :List_push) gay shit
DEBUG: (src/list.c :87 :List_push) gay shit
DEBUG: (src/list.c :87 :List_push) gay shit
DEBUG: (src/list.c :87 :List_push) gay shit
DEBUG: (src/list.c :87 :List_push) gay shit
DEBUG: (src/list.c :87 :List_push) gay shit
DEBUG: (src/list.c :87 :List_push) gay shit
DEBUG: (src/list.c :87 :List_push) gay shit
DEBUG: (src/list.c :87 :List_push) gay shit
DEBUG: (src/list.c :87 :List_push) gay shit
DEBUG: (src/list.c :87 :List_push) gay shit
DEBUG: (src/list.c :87 :List_push) gay shit
DEBUG: (src/list.c :87 :List_push) gay shit
DEBUG: (src/list.c :87 :List_push) gay shit
DEBUG: (src/list.c :87 :List_push) gay shit
DEBUG: (src/list.c :87 :List_push) gay shit
DEBUG: (src/list.c :87 :List_push) gay shit
DEBUG: (src/list.c :87 :List_push) gay shit
DEBUG: (src/list.c :87 :List_push) gay shit
DEBUG: (src/list.c :87 :List_push) gay shit
DEBUG: (src/list.c :87 :List_push) gay shit
DEBUG: (src/list.c :87 :List_push) gay shit
DEBUG: (src/list.c :87 :List_push) gay shit
DEBUG: (src/list.c :87 :List_push) gay shit
DEBUG: (src/list.c :87 :List_push) gay shit
DEBUG: (src/list.c :87 :List_push) gay shit
DEBUG: (src/list.c :87 :List_push) gay shit
DEBUG: (src/list.c :87 :List_push) gay shit
DEBUG: (src/list.c :87 :List_push) gay shit
DEBUG: (src/list.c :87 :List_push) gay shit
DEBUG: (src/list.c :87 :List_push) gay shit
DEBUG: (src/list.c :87 :List_push) gay shit
DEBUG: (src/list.c :87 :List_push) gay shit
DEBUG: (src/list.c :87 :List_push) gay shit
DEBUG: (src/list.c :87 :List_push) gay shit
DEBUG: (src/list.c :87 :List_push) gay shit
DEBUG: (src/list.c :87 :List_push) gay shit
DEBUG: (src/list.c :87 :List_push) gay shit
DEBUG: (src/list.c :87 :List_push) gay shit
DEBUG: (src/list.c :87 :List_push) gay shit
DEBUG: (src/list.c :87 :List_push) gay shit
DEBUG: (src/list.c :87 :List_push) gay shit
DEBUG: (src/list.c :87 :List_push) gay shit
DEBUG: (src/list.c :87 :List_push) gay shit
DEBUG: (src/list.c :87 :List_push) gay shit
DEBUG: (src/list.c :87 :List_push) gay shit
DEBUG: (src/list.c :87 :List_push) gay shit
DEBUG: (src/list.c :87 :List_push) gay shit
DEBUG: (src/list.c :87 :List_push) gay shit
DEBUG: (src/list.c :87 :List_push) gay shit
DEBUG: (src/list.c :87 :List_push) gay shit
DEBUG: (src/list.c :87 :List_push) gay shit
DEBUG: (src/list.c :87 :List_push) gay shit
DEBUG: (src/list.c :87 :List_push) gay shit
DEBUG: (src/list.c :87 :List_push) gay shit
DEBUG: (src/list.c :87 :List_push) gay shit
DEBUG: (src/list.c :87 :List_push) gay shit
DEBUG: (src/list.c :87 :List_push) gay shit
DEBUG: (src/list.c :87 :List_push) gay shit
DEBUG: (src/list.c :87 :List_push) gay shit
DEBUG: (src/list.c :87 :List_push) gay shit
DEBUG: (src/list.c :87 :List_push) gay shit
DEBUG: (src/list.c :87 :List_push) gay shit
DEBUG: (src/list.c :87 :List_push) gay shit
DEBUG: (src/list.c :87 :List_push) gay shit
DEBUG: (src/list.c :87 :List_push) gay shit
DEBUG: (src/list.c :87 :List_push) gay shit
DEBUG: (src/list.c :87 :List_push) gay shit
DEBUG: (src/list.c :87 :List_push) gay shit
DEBUG: (src/list.c :87 :List_push) gay shit
DEBUG: (src/list.c :87 :List_push) gay shit
DEBUG: (src/list.c :87 :List_push) gay shit
DEBUG: (src/list.c :87 :List_push) gay shit
DEBUG: (src/list.c :87 :List_push) gay shit
DEBUG: (src/list.c :87 :List_push) gay shit
DEBUG: (src/list.c :87 :List_push) gay shit
DEBUG: (src/list.c :87 :List_push) gay shit
DEBUG: (src/list.c :87 :List_push) gay shit
DEBUG: (src/list.c :87 :List_push) gay shit
DEBUG: (src/list.c :87 :List_push) gay shit
DEBUG: (src/list.c :87 :List_push) gay shit
DEBUG: (src/list.c :87 :List_push) gay shit
DEBUG: (src/list.c :87 :List_push) gay shit
DEBUG: (src/list.c :87 :List_push) gay shit
DEBUG: (src/list.c :87 :List_push) gay shit
DEBUG: (src/list.c :87 :List_push) gay shit
DEBUG: (src/list.c :87 :List_push) gay shit
DEBUG: (src/list.c :87 :List_push) gay shit
DEBUG: (src/list.c :87 :List_push) gay shit
DEBUG: (src/list.c :87 :List_push) gay shit
DEBUG: (src/list.c :87 :List_push) gay shit
DEBUG: (src/list.c :87 :List_push) gay shit
DEBUG: (src/list.c :87 :List_push) gay shit
DEBUG: (src/list.c :87 :List_push) gay shit
DEBUG: (src/list.c :87 :List_push) gay shit
DEBUG: (src/list.c :87 :List_push) gay shit
DEBUG: (src/list.c :87 :List_push) gay shit
DEBUG: (src/list.c :87 :List_push) gay shit
DEBUG: (src/list.c :87 :List_push) gay shit
DEBUG: (src/list.c :87 :List_push) gay shit
DEBUG: (src/list.c :87 :List_push) gay shit
DEBUG: (src/list.c :87 :List_push) gay shit
DEBUG: (src/list.c :87 :List_push) gay shit
DEBUG: (src/list.c :87 :List_push) gay shit
DEBUG: (src/list.c :87 :List_push) gay shit
DEBUG: (src/list.c :87 :List_push) gay shit
DEBUG: (src/list.c :87 :List_push) gay shit
DEBUG: (src/list.c :87 :List_push) gay shit
DEBUG: (src/list.c :87 :List_push) gay shit
DEBUG: (src/list.c :87 :List_push) gay shit
DEBUG: (src/list.c :87 :List_push) gay shit
DEBUG: (src/list.c :87 :List_push) gay shit
DEBUG: (src/list.c :87 :List_push) gay shit
DEBUG: (src/list.c :87 :List_push) gay shit
DEBUG: (src/list.c :87 :List_push) gay shit
DEBUG: (src/list.c :87 :List_push) gay shit
DEBUG: (src/list.c :87 :List_push) gay shit
DEBUG: (src/list.c :87 :List_push) gay shit
DEBUG: (src/list.c :87 :List_push) gay shit
DEBUG: (src/list.c :87 :List_push) gay shit
DEBUG: (src/list.c :87 :List_push) gay shit
DEBUG: (src/list.c :87 :List_push) gay shit
DEBUG: (src/list.c :87 :List_push) gay shit
DEBUG: (src/list.c :87 :List_push) gay shit
DEBUG: (src/list.c :87 :List_push) gay shit
DEBUG: (src/list.c :87 :List_push) gay shit
DEBUG: (src/list.c :87 :List_push) gay shit
DEBUG: (src/list.c :87 :List_push) gay shit
DEBUG: (src/list.c :87 :List_push) gay shit
DEBUG: (src/list.c :87 :List_push) gay shit
DEBUG: (src/list.c :87 :List_push) gay shit
DEBUG: (src/list.c :87 :List_push) gay shit
DEBUG: (src/list.c :87 :List_push) gay shit
DEBUG: (src/list.c :87 :List_push) gay shit
DEBUG: (src/list.c :87 :List_push) gay shit
DEBUG: (src/list.c :87 :List_push) gay shit
DEBUG: (src/list.c :87 :List_push) gay shit
DEBUG: (src/list.c :87 :List_push) gay shit
DEBUG: (src/list.c :87 :List_push) gay shit
DEBUG: (src/list.c :87 :List_push) gay shit
DEBUG: (src/list.c :87 :List_push) gay shit
DEBUG: (src/list.c :87 :List_push) gay shit
DEBUG: (src/list.c :87 :List_push) gay shit
DEBUG: (src/list.c :87 :List_push) gay shit
DEBUG: (src/list.c :87 :List_push) gay shit
DEBUG: (src/list.c :87 :List_push) gay shit
DEBUG: (src/list.c :87 :List_push) gay shit
DEBUG: (src/list.c :87 :List_push) gay shit
DEBUG: (src/list.c :87 :List_push) gay shit
DEBUG: (src/list.c :87 :List_push) gay shit
DEBUG: (src/list.c :87 :List_push) gay shit
DEBUG: (src/list.c :87 :List_push) gay shit
DEBUG: (src/list.c :87 :List_push) gay shit
DEBUG: (src/list.c :87 :List_push) gay shit
DEBUG: (src/list.c :87 :List_push) gay shit
DEBUG: (src/list.c :87 :List_push) gay shit
DEBUG: (src/list.c :87 :List_push) gay shit
DEBUG: (src/list.c :87 :List_push) gay shit
DEBUG: (src/list.c :87 :List_push) gay shit
DEBUG: (src/list.c :87 :List_push) gay shit
DEBUG: (src/list.c :87 :List_push) gay shit
DEBUG: (src/list.c :87 :List_push) gay shit
DEBUG: (src/list.c :87 :List_push) gay shit
DEBUG: (src/list.c :87 :List_push) gay shit
DEBUG: (src/list.c :87 :List_push) gay shit
DEBUG: (src/list.c :87 :List_push) gay shit
DEBUG: (src/list.c :87 :List_push) gay shit
DEBUG: (src/list.c :87 :List_push) gay shit
DEBUG: (src/list.c :87 :List_push) gay shit
DEBUG: (src/list.c :87 :List_push) gay shit
DEBUG: (src/list.c :87 :List_push) gay shit
DEBUG: (src/list.c :87 :List_push) gay shit
DEBUG: (src/list.c :87 :List_push) gay shit
DEBUG: (src/list.c :87 :List_push) gay shit
DEBUG: (src/list.c :87 :List_push) gay shit
DEBUG: (src/list.c :87 :List_push) gay shit
DEBUG: (src/list.c :87 :List_push) gay shit
DEBUG: (src/list.c :87 :List_push) gay shit
DEBUG: (src/list.c :87 :List_push) gay shit
DEBUG: (src/list.c :87 :List_push) gay shit
DEBUG: (src/list.c :87 :List_push) gay shit
DEBUG: (src/list.c :87 :List_push) gay shit
DEBUG: (src/list.c :87 :List_push) gay shit
DEBUG: (src/list.c :87 :List_push) gay shit
DEBUG: (src/list.c :87 :List_push) gay shit
DEBUG: (src/list.c :87 :List_push) gay shit
DEBUG: (src/list.c :87 :List_push) gay shit
DEBUG: (src/list.c :87 :List_push) gay shit
DEBUG: (src/list.c :87 :List_push) gay shit
DEBUG: (src/list.c :87 :List_push) gay shit
DEBUG: (src/list.c :87 :List_push) gay shit
DEBUG: (src/list.c :87 :List_push) gay shit
DEBUG: (src/list.c :87 :List_push) gay shit
DEBUG: (src/list.c :87 :List_push) gay shit
DEBUG: (src/list.c :87 :List_push) gay shit
DEBUG: (src/list.c :87 :List_push) gay shit
DEBUG: (src/list.c :87 :List_push) gay shit
DEBUG: (src/list.c :87 :List_push) gay shit
DEBUG: (src/list.c :87 :List_push) gay shit
DEBUG: (src/list.c :87 :List_push) gay shit
DEBUG: (src/list.c :87 :List_push) gay shit
DEBUG: (src/list.c :87 :List_push) gay shit
DEBUG: (src/list.c :87 :List_push) gay shit
DEBUG: (src/list.c :87 :List_push) gay shit
DEBUG: (src/list.c :87 :List_push) gay shit
DEBUG: (src/list.c :87 :List_push) gay shit
DEBUG: (src/list.c :87 :List_push) gay shit
DEBUG: (src/list.c :87 :List_push) gay shit
DEBUG: (src/list.c :87 :List_push) gay shit
DEBUG: (src/list.c :87 :List_push) gay shit
DEBUG: (src/list.c :87 :List_push) gay shit
DEBUG: (src/list.c :87 :List_push) gay shit
DEBUG: (src/list.c :87 :List_push) gay shit
DEBUG: (src/list.c :87 :List_push) gay shit
DEBUG: (src/list.c :87 :List_push) gay shit
DEBUG: (src/list.c :87 :List_push) gay shit
DEBUG: (src/list.c :87 :List_push) gay shit
DEBUG: (src/list.c :87 :List_push) gay shit
DEBUG: (src/list.c :87 :List_push) gay shit
DEBUG: (src/list.c :87 :List_push) gay shit
DEBUG: (src/list.c :87 :List_push) gay shit
DEBUG: (src/list.c :87 :List_push) gay shit
DEBUG: (src/list.c :87 :List_push) gay shit
DEBUG: (src/list.c :87 :List_push) gay shit
DEBUG: (src/list.c :87 :List_push) gay shit
DEBUG: (src/list.c :87 :List_push) gay shit
DEBUG: (src/list.c :87 :List_push) gay shit
DEBUG: (src/list.c :87 :List_push) gay shit
DEBUG: (src/list.c :87 :List_push) gay shit
DEBUG: (src/list.c :87 :List_push) gay shit
DEBUG: (src/list.c :87 :List_push) gay shit
DEBUG: (src/list.c :87 :List_push) gay shit
DEBUG: (src/list.c :87 :List_push) gay shit
DEBUG: (src/list.c :87 :List_push) gay shit
DEBUG: (src/list.c :87 :List_push) gay shit
DEBUG: (src/list.c :87 :List_push) gay shit
DEBUG: (src/list.c :87 :List_push) gay shit
DEBUG: (src/list.c :87 :List_push) gay shit
DEBUG: (src/list.c :87 :List_push) gay shit
DEBUG: (src/list.c :87 :List_push) gay shit
DEBUG: (src/list.c :87 :List_push) gay shit
DEBUG: (src/list.c :87 :List_push) gay shit
DEBUG: (src/list.c :87 :List_push) gay shit
DEBUG: (src/list.c :87 :List_push) gay shit
DEBUG: (src/list.c :87 :List_push) gay shit
DEBUG: (src/list.c :87 :List_push) gay shit
DEBUG: (src/list.c :87 :List_push) gay shit
DEBUG: (src/list.c :87 :List_push) gay shit
DEBUG: (src/list.c :87 :List_push) gay shit
DEBUG: (src/list.c :87 :List_push) gay shit
DEBUG: (src/list.c :87 :List_push) gay shit
DEBUG: (src/list.c :87 :List_push) gay shit
DEBUG: (src/list.c :87 :List_push) gay shit
DEBUG: (src/list.c :87 :List_push) gay shit
DEBUG: (src/list.c :87 :List_push) gay shit
DEBUG: (src/list.c :87 :List_push) gay shit
DEBUG: (src/list.c :87 :List_push) gay shit
DEBUG: (src/list.c :87 :List_push) gay shit
DEBUG: (src/list.c :87 :List_push) gay shit
DEBUG: (src/list.c :87 :List_push) gay shit
DEBUG: (src/list.c :87 :List_push) gay shit
DEBUG: (src/list.c :87 :List_push) gay shit
DEBUG: (src/list.c :87 :List_push) gay shit
DEBUG: (src/list.c :87 :List_push) gay shit
DEBUG: (src/list.c :87 :List_push) gay shit
DEBUG: (src/list.c :87 :List_push) gay shit
DEBUG: (src/list.c :87 :List_push) gay shit
DEBUG: (src/list.c :87 :List_push) gay shit
DEBUG: (src/list.c :87 :List_push) gay shit
DEBUG: (src/list.c :87 :List_push) gay shit
DEBUG: (src/list.c :87 :List_push) gay shit
DEBUG: (src/list.c :87 :List_push) gay shit
DEBUG: (src/list.c :87 :List_push) gay shit
DEBUG: (src/list.c :87 :List_push) gay shit
DEBUG: (src/list.c :87 :List_push) gay shit
DEBUG: (src/list.c :87 :List_push) gay shit
DEBUG: (src/list.c :87 :List_push) gay shit
DEBUG: (src/list.c :87 :List_push) gay shit
DEBUG: (src/list.c :87 :List_push) gay shit
DEBUG: (src/list.c :87 :List_push) gay shit
DEBUG: (src/list.c :87 :List_push) gay shit
DEBUG: (src/list.c :87 :List_push) gay shit
DEBUG: (src/list.c :87 :List_push) gay shit
DEBUG: (src/list.c :87 :List_push) gay shit
DEBUG: (src/list.c :87 :List_push) gay shit
DEBUG: (src/list.c :87 :List_push) gay shit
DEBUG: (src/list.c :87 :List_push) gay shit
DEBUG: (src/list.c :87 :List_push) gay shit
DEBUG: (src/list.c :87 :List_push) gay shit
DEBUG: (src/list.c :87 :List_push) gay shit
DEBUG: (src/list.c :87 :List_push) gay shit
DEBUG: (src/list.c :87 :List_push) gay shit
DEBUG: (src/list.c :87 :List_push) gay shit
DEBUG: (src/list.c :87 :List_push) gay shit
DEBUG: (src/list.c :87 :List_push) gay shit
DEBUG: (src/list.c :87 :List_push) gay shit
DEBUG: (src/list.c :87 :List_push) gay shit
DEBUG: (src/list.c :87 :List_push) gay shit
DEBUG: (src/list.c :87 :List_push) gay shit
DEBUG: (src/list.c :87 :List_push) gay shit
DEBUG: (src/list.c :87 :List_push) gay shit
DEBUG: (src/list.c :87 :List_push) gay shit
DEBUG: (src/list.c :87 :List_push) gay shit
DEBUG: (src/list.c :87 :List_push) gay shit
DEBUG: (src/list.c :87 :List_push) gay shit
DEBUG: (src/list.c :87 :List_push) gay shit
DEBUG: (src/list.c :87 :List_push) gay shit
DEBUG: (src/list.c :87 :List_push) gay shit
DEBUG: (src/list.c :87 :List_push) gay shit
DEBUG: (src/list.c :87 :List_push) gay shit
DEBUG: (src/list.c :87 :List_push) gay shit
DEBUG: (src/list.c :87 :List_push) gay shit
DEBUG: (src/list.c :87 :List_push) gay shit
DEBUG: (src/list.c :87 :List_push) gay shit
DEBUG: (src/list.c :87 :List_push) gay shit
DEBUG: (src/list.c :87 :List_push) gay shit
DEBUG: (src/list.c :87 :List_push) gay shit
DEBUG: (src/list.c :87 :List_push) gay shit
DEBUG: (src/list.c :87 :List_push) gay shit
DEBUG: (src/list.c :87 :List_push) gay shit
DEBUG: (src/list.c :87 :List_push) gay shit
DEBUG: (src/list.c :87 :List_push) gay shit
DEBUG: (src/list.c :87 :List_push) gay shit
DEBUG: (src/list.c :87 :List_push) gay shit
DEBUG: (src/list.c :87 :List_push) gay shit
DEBUG: (src/list.c :87 :List_push) gay shit
DEBUG: (src/list.c :87 :List_push) gay shit
DEBUG: (src/list.c :87 :List_push) gay shit
DEBUG: (src/list.c :87 :List_push) gay shit
DEBUG: (src/list.c :87 :List_push) gay shit
DEBUG: (src/list.c :87 :List_push) gay shit
DEBUG: (src/list.c :87 :List_push) gay shit
DEBUG: (src/list.c :87 :List_push) gay shit
DEBUG: (src/list.c :87 :List_push) gay shit
DEBUG: (src/list.c :87 :List_push) gay shit
DEBUG: (src/list.c :87 :List_push) gay shit
DEBUG: (src/list.c :87 :List_push) gay shit
DEBUG: (src/list.c :87 :List_push) gay shit
DEBUG: (src/list.c :87 :List_push) gay shit
DEBUG: (src/list.c :87 :List_push) gay shit
DEBUG: (src/list.c :87 :List_push) gay shit
DEBUG: (src/list.c :87 :List_push) gay shit
DEBUG: (src/list.c :87 :List_push) gay shit
DEBUG: (src/list.c :87 :List_push) gay shit
DEBUG: (src/list.c :87 :List_push) gay shit
DEBUG: (src/list.c :87 :List_push) gay shit
DEBUG: (src/list.c :87 :List_push) gay shit
DEBUG: (src/list.c :87 :List_push) gay shit
DEBUG: (src/list.c :87 :List_push) gay shit
DEBUG: (src/list.c :87 :List_push) gay shit
DEBUG: (src/list.c :87 :List_push) gay shit
DEBUG: (src/list.c :87 :List_push) gay shit
DEBUG: (src/list.c :87 :List_push) gay shit
DEBUG: (src/list.c :87 :List_push) gay shit
DEBUG: (src/list.c :87 :List_push) gay shit
DEBUG: (src/list.c :87 :List_push) gay shit
DEBUG: (src/list.c :87 :List_push) gay shit
DEBUG: (src/list.c :87 :List_push) gay shit
DEBUG: (src/list.c :87 :List_push) gay shit
DEBUG: (src/list.c :87 :List_push) gay shit
DEBUG: (src/list.c :87 :List_push) gay shit
DEBUG: (src/list.c :87 :List_push) gay shit
DEBUG: (src/list.c :87 :List_push) gay shit
DEBUG: (src/list.c :87 :List_push) gay shit
DEBUG: (src/list.c :87 :List_push) gay shit
DEBUG: (src/list.c :87 :List_push) gay shit
DEBUG: (src/list.c :87 :List_push) gay shit
DEBUG: (src/list.c :87 :List_push) gay shit
DEBUG: (src/list.c :87 :List_push) gay shit
DEBUG: (src/list.c :87 :List_push) gay shit
DEBUG: (src/list.c :87 :List_push) gay shit
DEBUG: (src/list.c :87 :List_push) gay shit
DEBUG: (src/list.c :87 :List_push) gay shit
DEBUG: (src/list.c :87 :List_push) gay shit
DEBUG: (src/list.c :87 :List_push) gay shit
DEBUG: (src/list.c :87 :List_push) gay shit
DEBUG: (src/list.c :87 :List_push) gay shit
DEBUG: (src/list.c :87 :List_push) gay shit
DEBUG: (src/list.c :87 :List_push) gay shit
DEBUG: (src/list.c :87 :List_push) gay shit
DEBUG: (src/list.c :87 :List_push) gay shit
DEBUG: (src/list.c :87 :List_push) gay shit
DEBUG: (src/list.c :87 :List_push) gay shit
DEBUG: (src/list.c :87 :List_push) gay shit
DEBUG: (src/list.c :87 :List_push) gay shit
DEBUG: (src/list.c :87 :List_push) gay shit
DEBUG: (src/list.c :87 :List_push) gay shit
DEBUG: (src/list.c :87 :List_push) gay shit
DEBUG: (src/list.c :87 :List_push) gay shit
DEBUG: (src/list.c :87 :List_push) gay shit
DEBUG: (src/list.c :87 :List_push) gay shit
DEBUG: (src/list.c :87 :List_push) gay shit
DEBUG: (src/list.c :87 :List_push) gay shit
DEBUG: (src/list.c :87 :List_push) gay shit
DEBUG: (src/list.c :87 :List_push) gay shit
DEBUG: (src/list.c :87 :List_push) gay shit
DEBUG: (src/list.c :87 :List_push) gay shit
DEBUG: (src/list.c :87 :List_push) gay shit
DEBUG: (src/list.c :87 :List_push) gay shit
DEBUG: (src/list.c :87 :List_push) gay shit
DEBUG: (src/list.c :87 :List_push) gay shit
DEBUG: (src/list.c :87 :List_push) gay shit
DEBUG: (src/list.c :87 :List_push) gay shit
DEBUG: (src/list.c :87 :List_push) gay shit
DEBUG: (src/list.c :87 :List_push) gay shit
DEBUG: (src/list.c :87 :List_push) gay shit
DEBUG: (src/list.c :87 :List_push) gay shit
DEBUG: (src/list.c :87 :List_push) gay shit
DEBUG: (src/list.c :87 :List_push) gay shit
DEBUG: (src/list.c :87 :List_push) gay shit
DEBUG: (src/list.c :87 :List_push) gay shit
DEBUG: (src/list.c :87 :List_push) gay shit
DEBUG: (src/list.c :87 :List_push) gay shit
DEBUG: (src/list.c :87 :List_push) gay shit
DEBUG: (src/list.c :87 :List_push) gay shit
DEBUG: (src/list.c :87 :List_push) gay shit
DEBUG: (src/list.c :87 :List_push) gay shit
DEBUG: (src/list.c :87 :List_push) gay shit
DEBUG: (src/list.c :87 :List_push) gay shit
DEBUG: (src/list.c :87 :List_push) gay shit
DEBUG: (src/list.c :87 :List_push) gay shit
DEBUG: (src/list.c :87 :List_push) gay shit
DEBUG: (src/list.c :87 :List_push) gay shit
DEBUG: (src/list.c :87 :List_push) gay shit
DEBUG: (src/list.c :87 :List_push) gay shit
DEBUG: (src/list.c :87 :List_push) gay shit
DEBUG: (src/list.c :87 :List_push) gay shit
DEBUG: (src/list.c :87 :List_push) gay shit
DEBUG: (src/list.c :87 :List_push) gay shit
DEBUG: (src/list.c :87 :List_push) gay shit
DEBUG: (src/list.c :87 :List_push) gay shit
DEBUG: (src/list.c :87 :List_push) gay shit
DEBUG: (src/list.c :87 :List_push) gay shit
DEBUG: (src/list.c :87 :List_push) gay shit
DEBUG: (src/list.c :87 :List_push) gay shit
DEBUG: (src/list.c :87 :List_push) gay shit
DEBUG: (src/list.c :87 :List_push) gay shit
DEBUG: (src/list.c :87 :List_push) gay shit
DEBUG: (src/list.c :87 :List_push) gay shit
DEBUG: (src/list.c :87 :List_push) gay shit
DEBUG: (src/list.c :87 :List_push) gay shit
DEBUG: (src/list.c :87 :List_push) gay shit
DEBUG: (src/list.c :87 :List_push) gay shit
DEBUG: (src/list.c :87 :List_push) gay shit
DEBUG: (src/list.c :87 :List_push) gay shit
DEBUG: (src/list.c :87 :List_push) gay shit
DEBUG: (src/list.c :87 :List_push) gay shit
DEBUG: (src/list.c :87 :List_push) gay shit
DEBUG: (src/list.c :87 :List_push) gay shit
DEBUG: (src/list.c :87 :List_push) gay shit
DEBUG: (src/list.c :87 :List_push) gay shit
DEBUG: (src/list.c :87 :List_push) gay shit
DEBUG: (src/list.c :87 :List_push) gay shit
DEBUG: (src/list.c :87 :List_push) gay shit
DEBUG: (src/list.c :87 :List_push) gay shit
DEBUG: (src/list.c :87 :List_push) gay shit
DEBUG: (src/list.c :87 :List_push) gay shit
DEBUG: (src/list.c :87 :List_push) gay shit
DEBUG: (src/list.c :87 :List_push) gay shit
DEBUG: (src/list.c :87 :List_push) gay shit
DEBUG: (src/list.c :87 :List_push) gay shit
DEBUG: (src/list.c :87 :List_push) gay shit
DEBUG: (src/list.c :87 :List_push) gay shit
DEBUG: (src/list.c :87 :List_push) gay shit
DEBUG: (src/list.c :87 :List_push) gay shit
DEBUG: (src/list.c :87 :List_push) gay shit
DEBUG: (src/list.c :87 :List_push) gay shit
DEBUG: (src/list.c :87 :List_push) gay shit
DEBUG: (src/list.c :87 :List_push) gay shit
DEBUG: (src/list.c :87 :List_push) gay shit
DEBUG: (src/list.c :87 :List_push) gay shit
DEBUG: (src/list.c :87 :List_push) gay shit
DEBUG: (src/list.c :87 :List_push) gay shit
DEBUG: (src/list.c :87 :List_push) gay shit
DEBUG: (src/list.c :87 :List_push) gay shit
DEBUG: (src/list.c :87 :List_push) gay shit
DEBUG: (src/list.c :87 :List_push) gay shit
DEBUG: (src/list.c :87 :List_push) gay shit
DEBUG: (src/list.c :87 :List_push) gay shit
DEBUG: (src/list.c :87 :List_push) gay shit
DEBUG: (src/list.c :87 :List_push) gay shit
DEBUG: (src/list.c :87 :List_push) gay shit
DEBUG: (src/list.c :87 :List_push) gay shit
DEBUG: (src/list.c :87 :List_push) gay shit
DEBUG: (src/list.c :87 :List_push) gay shit
DEBUG: (src/list.c :87 :List_push) gay shit
DEBUG: (src/list.c :87 :List_push) gay shit
DEBUG: (src/list.c :87 :List_push) gay shit
DEBUG: (src/list.c :87 :List_push) gay shit
DEBUG: (src/list.c :87 :List_push) gay shit
DEBUG: (src/list.c :87 :List_push) gay shit
DEBUG: (src/list.c :87 :List_push) gay shit
DEBUG: (src/list.c :87 :List_push) gay shit
DEBUG: (src/list.c :87 :List_push) gay shit
DEBUG: (src/list.c :87 :List_push) gay shit
DEBUG: (src/list.c :87 :List_push) gay shit
DEBUG: (src/list.c :87 :List_push) gay shit
DEBUG: (src/list.c :87 :List_push) gay shit
DEBUG: (src/list.c :87 :List_push) gay shit
DEBUG: (src/list.c :87 :List_push) gay shit
DEBUG: (src/list.c :87 :List_push) gay shit
DEBUG: (src/list.c :87 :List_push) gay shit
DEBUG: (src/list.c :87 :List_push) gay shit
DEBUG: (src/list.c :87 :List_push) gay shit
DEBUG: (src/list.c :87 :List_push) gay shit
DEBUG: (src/list.c :87 :List_push) gay shit
DEBUG: (src/list.c :87 :List_push) gay shit
DEBUG: (src/list.c :87 :List_push) gay shit
DEBUG: (src/list.c :87 :List_push) gay shit
DEBUG: (src/list.c :87 :List_push) gay shit
DEBUG: (src/list.c :87 :List_push) gay shit
DEBUG: (src/list.c :87 :List_push) gay shit
DEBUG: (src/list.c :87 :List_push) gay shit
DEBUG: (src/list.c :87 :List_push) gay shit
DEBUG: (src/list.c :87 :List_push) gay shit
DEBUG: (src/list.c :87 :List_push) gay shit
DEBUG: (src/list.c :87 :List_push) gay shit
DEBUG: (src/list.c :87 :List_push) gay shit
DEBUG: (src/list.c :87 :List_push) gay shit
DEBUG: (src/list.c :87 :List_push) gay shit
DEBUG: (src/list.c :87 :List_push) gay shit
DEBUG: (src/list.c :87 :List_push) gay shit
DEBUG: (src/list.c :87 :List_push) gay shit
DEBUG: (src/list.c :87 :List_push) gay shit
DEBUG: (src/list.c :87 :List_push) gay shit
DEBUG: (src/list.c :87 :List_push) gay shit
DEBUG: (src/list.c :87 :List_push) gay shit
DEBUG: (src/list.c :87 :List_push) gay shit
DEBUG: (src/list.c :87 :List_push) gay shit
DEBUG: (src/list.c :87 :List_push) gay shit
DEBUG: (src/list.c :87 :List_push) gay shit
DEBUG: (src/list.c :87 :List_push) gay shit
DEBUG: (src/list.c :87 :List_push) gay shit
DEBUG: (src/list.c :87 :List_push) gay shit
DEBUG: (src/list.c :87 :List_push) gay shit
DEBUG: (src/list.c :87 :List_push) gay shit
DEBUG: (src/list.c :87 :List_push) gay shit
DEBUG: (src/list.c :87 :List_push) gay shit
DEBUG: (src/list.c :87 :List_push) gay shit
DEBUG: (src/list.c :87 :List_push) gay shit
DEBUG: (src/list.c :87 :List_push) gay shit
DEBUG: (src/list.c :87 :List_push) gay shit
DEBUG: (src/list.c :87 :List_push) gay shit
DEBUG: (src/list.c :87 :List_push) gay shit
DEBUG: (src/list.c :87 :List_push) gay shit
DEBUG: (src/list.c :87 :List_push) gay shit
DEBUG: (src/list.c :87 :List_push) gay shit
DEBUG: (src/list.c :87 :List_push) gay shit
DEBUG: (src/list.c :87 :List_push) gay shit
DEBUG: (src/list.c :87 :List_push) gay shit
DEBUG: (src/list.c :87 :List_push) gay shit
DEBUG: (src/list.c :87 :List_push) gay shit
DEBUG: (src/list.c :87 :List_push) gay shit
DEBUG: (src/list.c :87 :List_push) gay shit
DEBUG: (src/list.c :87 :List_push) gay shit
DEBUG: (src/list.c :87 :List_push) gay shit
DEBUG: (src/list.c :87 :List_push) gay shit
DEBUG: (src/list.c :87 :List_push) gay shit
DEBUG: (src/list.c :87 :List_push) gay shit
DEBUG: (src/list.c :87 :List_push) gay shit
DEBUG: (src/list.c :87 :List_push) gay shit
DEBUG: (src/list.c :87 :List_push) gay shit
DEBUG: (src/list.c :87 :List_push) gay shit
DEBUG: (src/list.c :87 :List_push) gay shit
DEBUG: (src/list.c :87 :List_push) gay shit
DEBUG: (src/list.c :87 :List_push) gay shit
DEBUG: (src/list.c :87 :List_push) gay shit
DEBUG: (src/list.c :87 :List_push) gay shit
DEBUG: (src/list.c :87 :List_push) gay shit
DEBUG: (src/list.c :87 :List_push) gay shit
DEBUG: (src/list.c :87 :List_push) gay shit
DEBUG: (src/list.c :87 :List_push) gay shit
DEBUG: (src/list.c :87 :List_push) gay shit
DEBUG: (src/list.c :87 :List_push) gay shit
DEBUG: (src/list.c :87 :List_push) gay shit
DEBUG: (src/list.c :87 :List_push) gay shit
DEBUG: (src/list.c :87 :List_push) gay shit
DEBUG: (src/list.c :87 :List_push) gay shit
DEBUG: (src/list.c :87 :List_push) gay shit
DEBUG: (src/list.c :87 :List_push) gay shit
DEBUG: (src/list.c :87 :List_push) gay shit
DEBUG: (src/list.c :87 :List_push) gay shit
DEBUG: (src/list.c :87 :List_push) gay shit
DEBUG: (src/list.c :87 :List_push) gay shit
DEBUG: (src/list.c :87 :List_push) gay shit
DEBUG: (src/list.c :87 :List_push) gay shit
DEBUG: (src/list.c :87 :List_push) gay shit
DEBUG: (src/list.c :87 :List_push) gay shit
DEBUG: (src/list.c :87 :List_push) gay shit
DEBUG: (src/list.c :87 :List_push) gay shit
DEBUG: (src/list.c :87 :List_push) gay shit
DEBUG: (src/list.c :87 :List_push) gay shit
DEBUG: (src/list.c :87 :List_push) gay shit
DEBUG: (src/list.c :87 :List_push) gay shit
DEBUG: (src/list.c :87 :List_push) gay shit
DEBUG: (src/list.c :87 :List_push) gay shit
DEBUG: (src/list.c :87 :List_push) gay shit
DEBUG: (src/list.c :87 :List_push) gay shit
DEBUG: (src/list.c :87 :List_push) gay shit
DEBUG: (src/list.c :87 :List_push) gay shit
DEBUG: (src/list.c :87 :List_push) gay shit
DEBUG: (src/list.c :87 :List_push) gay shit
DEBUG: (src/list.c :87 :List_push) gay shit
DEBUG: (src/list.c :87 :List_push) gay shit
DEBUG: (src/list.c :87 :List_push) gay shit
DEBUG: (src/list.c :87 :List_push) gay shit
DEBUG: (src/list.c :87 :List_push) gay shit
DEBUG: (src/list.c :87 :List_push) gay shit
DEBUG: (src/list.c :87 :List_push) gay shit
DEBUG: (src/list.c :87 :List_push) gay shit
DEBUG: (src/list.c :87 :List_push) gay shit
DEBUG: (src/list.c :87 :List_push) gay shit
DEBUG: (src/list.c :87 :List_push) gay shit
DEBUG: (src/list.c :87 :List_push) gay shit
DEBUG: (src/list.c :87 :List_push) gay shit
DEBUG: (src/list.c :87 :List_push) gay shit
DEBUG: (src/list.c :87 :List_push) gay shit
DEBUG: (src/list.c :87 :List_push) gay shit
DEBUG: (src/list.c :87 :List_push) gay shit
DEBUG: (src/list.c :87 :List_push) gay shit
DEBUG: (src/list.c :87 :List_push) gay shit
DEBUG: (src/list.c :87 :List_push) gay shit
DEBUG: (src/list.c :87 :List_push) gay shit
DEBUG: (src/list.c :87 :List_push) gay shit
DEBUG: (src/list.c :87 :List_push) gay shit
DEBUG: (src/list.c :87 :List_push) gay shit
DEBUG: (src/list.c :87 :List_push) gay shit
DEBUG: (src/list.c :87 :List_push) gay shit
DEBUG: (src/list.c :87 :List_push) gay shit
DEBUG: (src/list.c :87 :List_push) gay shit
DEBUG: (src/list.c :87 :List_push) gay shit
DEBUG: (src/list.c :87 :List_push) gay shit
DEBUG: (src/list.c :87 :List_push) gay shit
DEBUG: (src/list.c :87 :List_push) gay shit
DEBUG: (src/list.c :87 :List_push) gay shit
DEBUG: (src/list.c :87 :List_push) gay shit
DEBUG: (src/list.c :87 :List_push) gay shit
DEBUG: (src/list.c :87 :List_push) gay shit
DEBUG: (src/list.c :87 :List_push) gay shit
DEBUG: (src/list.c :87 :List_push) gay shit
DEBUG: (src/list.c :87 :List_push) gay shit
DEBUG: (src/list.c :87 :List_push) gay shit
DEBUG: (src/list.c :87 :List_push) gay shit
DEBUG: (src/list.c :87 :List_push) gay shit
DEBUG: (src/list.c :87 :List_push) gay shit
DEBUG: (src/list.c :87 :List_push) gay shit
DEBUG: (src/list.c :87 :List_push) gay shit
DEBUG: (src/list.c :87 :List_push) gay shit
DEBUG: (src/list.c :87 :List_push) gay shit
DEBUG: (src/list.c :87 :List_push) gay shit
DEBUG: (src/list.c :87 :List_push) gay shit
DEBUG: (src/list.c :87 :List_push) gay shit
DEBUG: (src/list.c :87 :List_push) gay shit
DEBUG: (src/list.c :87 :List_push) gay shit
DEBUG: (src/list.c :87 :List_push) gay shit
DEBUG: (src/list.c :87 :List_push) gay shit
DEBUG: (src/list.c :87 :List_push) gay shit
DEBUG: (src/list.c :87 :List_push) gay shit
DEBUG: (src/list.c :87 :List_push) gay shit
DEBUG: (src/list.c :87 :List_push) gay shit
DEBUG: (src/list.c :87 :List_push) gay shit
DEBUG: (src/list.c :87 :List_push) gay shit
DEBUG: (src/list.c :87 :List_push) gay shit
DEBUG: (src/list.c :87 :List_push) gay shit
DEBUG: (src/list.c :87 :List_push) gay shit
DEBUG: (src/list.c :87 :List_push) gay shit
DEBUG: (src/list.c :87 :List_push) gay shit
DEBUG: (src/list.c :87 :List_push) gay shit
DEBUG: (src/list.c :87 :List_push) gay shit
DEBUG: (src/list.c :87 :List_push) gay shit
DEBUG: (src/list.c :87 :List_push) gay shit
DEBUG: (src/list.c :87 :List_push) gay shit
DEBUG: (src/list.c :87 :List_push) gay shit
DEBUG: (src/list.c :87 :List_push) gay shit
DEBUG: (src/list.c :87 :List_push) gay shit
DEBUG: (src/list.c :87 :List_push) gay shit
DEBUG: (src/list.c :87 :List_push) gay shit
DEBUG: (src/list.c :87 :List_push) gay shit
DEBUG: (src/list.c :87 :List_push) gay shit
DEBUG: (src/list.c :87 :List_push) gay shit
DEBUG: (src/list.c :87 :List_push) gay shit
DEBUG: (src/list.c :87 :List_push) gay shit
DEBUG: (src/list.c :87 :List_push) gay shit
DEBUG: (src/list.c :87 :List_push) gay shit
DEBUG: (src/list.c :87 :List_push) gay shit
DEBUG: (src/list.c :87 :List_push) gay shit
DEBUG: (src/list.c :87 :List_push) gay shit
DEBUG: (src/list.c :87 :List_push) gay shit
DEBUG: (src/list.c :87 :List_push) gay shit
DEBUG: (src/list.c :87 :List_push) gay shit
DEBUG: (src/list.c :87 :List_push) gay shit
DEBUG: (src/list.c :87 :List_push) gay shit
DEBUG: (src/list.c :87 :List_push) gay shit
DEBUG: (src/list.c :87 :List_push) gay shit
DEBUG: (src/list.c :87 :List_push) gay shit
DEBUG: (src/list.c :87 :List_push) gay shit
DEBUG: (src/list.c :87 :List_push) gay shit
DEBUG: (src/list.c :87 :List_push) gay shit
DEBUG: (src/list.c :87 :List_push) gay shit
DEBUG: (src/list.c :87 :List_push) gay shit
DEBUG: (src/list.c :87 :List_push) gay shit
DEBUG: (src/list.c :87 :List_push) gay shit
DEBUG: (src/list.c :87 :List_push) gay shit
DEBUG: (src/list.c :87 :List_push) gay shit
DEBUG: (src/list.c :87 :List_push) gay shit
DEBUG: (src/list.c :87 :List_push) gay shit
DEBUG: (src/list.c :87 :List_push) gay shit
DEBUG: (src/list.c :87 :List_push) gay shit
DEBUG: (src/list.c :87 :List_push) gay shit
DEBUG: (src/list.c :87 :List_push) gay shit
DEBUG: (src/list.c :87 :List_push) gay shit
DEBUG: (src/list.c :87 :List_push) gay shit
DEBUG: (src/list.c :87 :List_push) gay shit
DEBUG: (src/list.c :87 :List_push) gay shit
DEBUG: (src/list.c :87 :List_push) gay shit
DEBUG: (src/list.c :87 :List_push) gay shit
DEBUG: (src/list.c :87 :List_push) gay shit
DEBUG: (src/list.c :87 :List_push) gay shit
DEBUG: (src/list.c :87 :List_push) gay shit
DEBUG: (src/list.c :87 :List_push) gay shit
DEBUG: (src/list.c :87 :List_push) gay shit
DEBUG: (src/list.c :87 :List_push) gay shit
DEBUG: (src/list.c :87 :List_push) gay shit
DEBUG: (src/list.c :87 :List_push) gay shit
DEBUG: (src/list.c :87 :List_push) gay shit
DEBUG: (src/list.c :87 :List_push) gay shit
DEBUG: (src/list.c :87 :List_push) gay shit
DEBUG: (src/list.c :87 :List_push) gay shit
DEBUG: (src/list.c :87 :List_push) gay shit
DEBUG: (src/list.c :87 :List_push) gay shit
DEBUG: (src/list.c :87 :List_push) gay shit
DEBUG: (src/list.c :87 :List_push) gay shit
DEBUG: (src/list.c :87 :List_push) gay shit
DEBUG: (src/list.c :87 :List_push) gay shit
DEBUG: (src/list.c :87 :List_push) gay shit
DEBUG: (src/list.c :87 :List_push) gay shit
DEBUG: (src/list.c :87 :List_push) gay shit
DEBUG: (src/list.c :87 :List_push) gay shit
DEBUG: (src/list.c :87 :List_push) gay shit
DEBUG: (src/list.c :87 :List_push) gay shit
DEBUG: (src/list.c :87 :List_push) gay shit
DEBUG: (src/list.c :87 :List_push) gay shit
DEBUG: (src/list.c :87 :List_push) gay shit
DEBUG: (src/list.c :87 :List_push) gay shit
DEBUG: (src/list.c :87 :List_push) gay shit
DEBUG: (src/list.c :87 :List_push) gay shit
DEBUG: (src/list.c :87 :List_push) gay shit
DEBUG: (src/list.c :87 :List_push) gay shit
DEBUG: (src/list.c :87 :List_push) gay shit
DEBUG: (src/list.c :87 :List_push) gay shit
DEBUG: (src/list.c :87 :List_push) gay shit
DEBUG: (src/list.c :87 :List_push) gay shit
DEBUG: (src/list.c :87 :List_push) gay shit
DEBUG: (src/list.c :87 :List_push) gay shit
DEBUG: (src/list.c :87 :List_push) gay shit
DEBUG: (src/list.c :87 :List_push) gay shit
DEBUG: (src/list.c :87 :List_push) gay shit
DEBUG: (src/list.c :87 :List_push) gay shit
DEBUG: (src/list.c :87 :List_push) gay shit
DEBUG: (src/list.c :87 :List_push) gay shit
DEBUG: (src/list.c :87 :List_push) gay shit
DEBUG: (src/list.c :87 :List_push) gay shit
DEBUG: (src/list.c :87 :List_push) gay shit
DEBUG: (src/list.c :87 :List_push) gay shit
DEBUG: (src/list.c :87 :List_push) gay shit
DEBUG: (src/list.c :87 :List_push) gay shit
DEBUG: (src/list.c :87 :List_push) gay shit
DEBUG: (src/list.c :87 :List_push) gay shit
DEBUG: (src/list.c :87 :List_push) gay shit
DEBUG: (src/list.c :87 :List_push) gay shit
DEBUG: (src/list.c :87 :List_push) gay shit
DEBUG: (src/list.c :87 :List_push) gay shit
DEBUG: (src/list.c :87 :List_push) gay shit
DEBUG: (src/list.c :87 :List_push) gay shit
DEBUG: (src/list.c :87 :List_push) gay shit
DEBUG: (src/list.c :87 :List_push) gay shit
DEBUG: (src/list.c :87 :List_push) gay shit
DEBUG: (src/list.c :87 :List_push) gay shit
DEBUG: (src/list.c :87 :List_push) gay shit
DEBUG: (src/list.c :87 :List_push) gay shit
DEBUG: (src/list.c :87 :List_push) gay shit
DEBUG: (src/list.c :87 :List_push) gay shit
DEBUG: (src/list.c :87 :List_push) gay shit
DEBUG: (src/list.c :87 :List_push) gay shit
DEBUG: (src/list.c :87 :List_push) gay shit
DEBUG: (src/list.c :87 :List_push) gay shit
DEBUG: (src/list.c :87 :List_push) gay shit
DEBUG: (src/list.c :87 :List_push) gay shit
DEBUG: (src/list.c :87 :List_push) gay shit
DEBUG: (src/list.c :87 :List_push) gay shit
DEBUG: (src/list.c :87 :List_push) gay shit
DEBUG: (src/list.c :87 :List_push) gay shit
DEBUG: (src/list.c :87 :List_push) gay shit
DEBUG: (src/list.c :87 :List_push) gay shit
DEBUG: (src/list.c :87 :List_push) gay shit
DEBUG: (src/list.c :87 :List_push) gay shit
DEBUG: (src/list.c :87 :List_push) gay shit
DEBUG: (src/list.c :87 :List_push) gay shit
DEBUG: (src/list.c :87 :List_push) gay shit
DEBUG: (src/list.c :87 :List_push) gay shit
DEBUG: (src/list.c :87 :List_push) gay shit
DEBUG: (src/list.c :87 :List_push) gay shit
DEBUG: (src/list.c :87 :List_push) gay shit
DEBUG: (src/list.c :87 :List_push) gay shit
DEBUG: (src/list.c :87 :List_push) gay shit
DEBUG: (src/list.c :87 :List_push) gay shit
DEBUG: (src/list.c :87 :List_push) gay shit
DEBUG: (src/list.c :87 :List_push) gay shit
DEBUG: (src/list.c :87 :List_push) gay shit
DEBUG: (src/list.c :87 :List_push) gay shit
DEBUG: (src/list.c :87 :List_push) gay shit
DEBUG: (src/list.c :87 :List_push) gay shit
DEBUG: (src/list.c :87 :List_push) gay shit
DEBUG: (src/list.c :87 :List_push) gay shit
DEBUG: (src/list.c :87 :List_push) gay shit
DEBUG: (src/list.c :87 :List_push) gay shit
DEBUG: (src/list.c :87 :List_push) gay shit
DEBUG: (src/list.c :87 :List_push) gay shit
DEBUG: (src/list.c :87 :List_push) gay shit
DEBUG: (src/list.c :87 :List_push) gay shit
DEBUG: (src/list.c :87 :List_push) gay shit
DEBUG: (src/list.c :87 :List_push) gay shit
DEBUG: (src/list.c :87 :List_push) gay shit
DEBUG: (src/list.c :87 :List_push) gay shit
DEBUG: (src/list.c :87 :List_push) gay shit
DEBUG: (src/list.c :87 :List_push) gay shit
DEBUG: (src/list.c :87 :List_push) gay shit
DEBUG: (src/list.c :87 :List_push) gay shit
DEBUG: (src/list.c :87 :List_push) gay shit
DEBUG: (src/list.c :87 :List_push) gay shit
DEBUG: (src/list.c :87 :List_push) gay shit
DEBUG: (src/list.c :87 :List_push) gay shit
DEBUG: (src/list.c :87 :List_push) gay shit
DEBUG: (src/list.c :87 :List_push) gay shit
DEBUG: (src/list.c :87 :List_push) gay shit
DEBUG: (src/list.c :87 :List_push) gay shit
DEBUG: (src/list.c :87 :List_push) gay shit
DEBUG: (src/list.c :87 :List_push) gay shit
DEBUG: (src/list.c :87 :List_push) gay shit
DEBUG: (src/list.c :87 :List_push) gay shit
DEBUG: (src/list.c :87 :List_push) gay shit
DEBUG: (src/list.c :87 :List_push) gay shit
DEBUG: (src/list.c :87 :List_push) gay shit
DEBUG: (src/list.c :87 :List_push) gay shit
DEBUG: (src/list.c :87 :List_push) gay shit
DEBUG: (src/list.c :87 :List_push) gay shit
DEBUG: (src/list.c :87 :List_push) gay shit
DEBUG: (src/list.c :87 :List_push) gay shit
DEBUG: (src/list.c :87 :List_push) gay shit
DEBUG: (src/list.c :87 :List_push) gay shit
DEBUG: (src/list.c :87 :List_push) gay shit
DEBUG: (src/list.c :87 :List_push) gay shit
DEBUG: (src/list.c :87 :List_push) gay shit
DEBUG: (src/list.c :87 :List_push) gay shit
DEBUG: (src/list.c :87 :List_push) gay shit
DEBUG: (src/list.c :87 :List_push) gay shit
DEBUG: (src/list.c :87 :List_push) gay shit
DEBUG: (src/list.c :87 :List_push) gay shit
DEBUG: (src/list.c :87 :List_push) gay shit
DEBUG: (src/list.c :87 :List_push) gay shit
DEBUG: (src/list.c :87 :List_push) gay shit
DEBUG: (src/list.c :87 :List_push) gay shit
DEBUG: (src/list.c :87 :List_push) gay shit
DEBUG: (src/list.c :87 :List_push) gay shit
DEBUG: (src/list.c :87 :List_push) gay shit
DEBUG: (src/list.c :87 :List_push) gay shit
DEBUG: (src/list.c :87 :List_push) gay shit
DEBUG: (src/list.c :87 :List_push) gay shit
DEBUG: (src/list.c :87 :List_push) gay shit
DEBUG: (src/list.c :87 :List_push) gay shit
DEBUG: (src/list.c :87 :List_push) gay shit
DEBUG: (src/list.c :87 :List_push) gay shit
DEBUG: (src/list.c :87 :List_push) gay shit
DEBUG: (src/list.c :87 :List_push) gay shit
DEBUG: (src/list.c :87 :List_push) gay shit
DEBUG: (src/list.c :87 :List_push) gay shit
DEBUG: (src/list.c :87 :List_push) gay shit
DEBUG: (src/list.c :87 :List_push) gay shit
DEBUG: (src/list.c :87 :List_push) gay shit
DEBUG: (src/list.c :87 :List_push) gay shit
DEBUG: (src/list.c :87 :List_push) gay shit
DEBUG: (src/list.c :87 :List_push) gay shit
DEBUG: (src/list.c :87 :List_push) gay shit
DEBUG: (src/list.c :87 :List_push) gay shit
DEBUG: (src/list.c :87 :List_push) gay shit
DEBUG: (src/list.c :87 :List_push) gay shit
DEBUG: (src/list.c :87 :List_push) gay shit
DEBUG: (src/list.c :87 :List_push) gay shit
DEBUG: (src/list.c :87 :List_push) gay shit
DEBUG: (src/list.c :87 :List_push) gay shit
DEBUG: (src/list.c :87 :List_push) gay shit
DEBUG: (src/list.c :87 :List_push) gay shit
DEBUG: (src/list.c :87 :List_push) gay shit
DEBUG: (src/list.c :87 :List_push) gay shit
DEBUG: (src/list.c :87 :List_push) gay shit
DEBUG: (src/list.c :87 :List_push) gay shit
DEBUG: (src/list.c :87 :List_push) gay shit
DEBUG: (src/list.c :87 :List_push) gay shit
DEBUG: (src/list.c :87 :List_push) gay shit
DEBUG: (src/list.c :87 :List_push) gay shit
DEBUG: (src/list.c :87 :List_push) gay shit
DEBUG: (src/list.c :87 :List_push) gay shit
DEBUG: (src/list.c :87 :List_push) gay shit
DEBUG: (src/list.c :87 :List_push) gay shit
DEBUG: (src/list.c :87 :List_push) gay shit
DEBUG: (src/list.c :87 :List_push) gay shit
DEBUG: (src/list.c :87 :List_push) gay shit
DEBUG: (src/list.c :87 :List_push) gay shit
DEBUG: (src/list.c :87 :List_push) gay shit
DEBUG: (src/list.c :87 :List_push) gay shit
DEBUG: (src/list.c :87 :List_push) gay shit
DEBUG: (src/list.c :87 :List_push) gay shit
DEBUG: (src/list.c :87 :List_push) gay shit
DEBUG: (src/list.c :87 :List_push) gay shit
DEBUG: (src/list.c :87 :List_push) gay shit
DEBUG: (src/list.c :87 :List_push) gay shit
DEBUG: (src/list.c :87 :List_push) gay shit
DEBUG: (src/list.c :87 :List_push) gay shit
DEBUG: (src/list.c :87 :List_push) gay shit
DEBUG: (src/list.c :87 :List_push) gay shit
DEBUG: (src/list.c :87 :List_push) gay shit
DEBUG: (src/list.c :87 :List_push) gay shit
DEBUG: (src/list.c :87 :List_push) gay shit
DEBUG: (src/list.c :87 :List_push) gay shit
DEBUG: (src/list.c :87 :List_push) gay shit
DEBUG: (src/list.c :87 :List_push) gay shit
DEBUG: (src/list.c :87 :List_push) gay shit
DEBUG: (src/list.c :87 :List_push) gay shit
DEBUG: (src/list.c :87 :List_push) gay shit
DEBUG: (src/list.c :87 :List_push) gay shit
DEBUG: (src/list.c :87 :List_push) gay shit
DEBUG: (src/list.c :87 :List_push) gay shit
DEBUG: (src/list.c :87 :List_push) gay shit
DEBUG: (src/list.c :87 :List_push) gay shit
DEBUG: (src/list.c :87 :List_push) gay shit
DEBUG: (src/list.c :87 :List_push) gay shit
DEBUG: (src/list.c :87 :List_push) gay shit
DEBUG: (src/list.c :87 :List_push) gay shit
DEBUG: (src/list.c :87 :List_push) gay shit
DEBUG: (src/list.c :87 :List_push) gay shit
DEBUG: (src/list.c :87 :List_push) gay shit
DEBUG: (src/list.c :87 :List_push) gay shit
DEBUG: (src/list.c :87 :List_push) gay shit
DEBUG: (src/list.c :87 :List_push) gay shit
DEBUG: (src/list.c :87 :List_push) gay shit
DEBUG: (src/list.c :87 :List_push) gay shit
DEBUG: (src/list.c :87 :List_push) gay shit
DEBUG: (src/list.c :87 :List_push) gay shit
DEBUG: (src/list.c :87 :List_push) gay shit
DEBUG: (src/list.c :87 :List_push) gay shit
DEBUG: (src/list.c :87 :List_push) gay shit
DEBUG: (src/list.c :87 :List_push) gay shit
DEBUG: (src/list.c :87 :List_push) gay shit
DEBUG: (src/list.c :87 :List_push) gay shit
DEBUG: (src/list.c :87 :List_push) gay shit
DEBUG: (src/list.c :87 :List_push) gay shit
DEBUG: (src/list.c :87 :List_push) gay shit
DEBUG: (src/list.c :87 :List_push) gay shit
DEBUG: (src/list.c :87 :List_push) gay shit
DEBUG: (src/list.c :87 :List_push) gay shit
DEBUG: (src/list.c :87 :List_push) gay shit
DEBUG: (src/list.c :87 :List_push) gay shit
DEBUG: (src/list.c :87 :List_push) gay shit
DEBUG: (src/list.c :87 :List_push) gay shit
DEBUG: (src/list.c :87 :List_push) gay shit
DEBUG: (src/list.c :87 :List_push) gay shit
DEBUG: (src/list.c :87 :List_push) gay shit
DEBUG: (src/list.c :87 :List_push) gay shit
DEBUG: (src/list.c :87 :List_push) gay shit
DEBUG: (src/list.c :87 :List_push) gay shit
DEBUG: (src/list.c :87 :List_push) gay shit
DEBUG: (src/list.c :87 :List_push) gay shit
DEBUG: (src/list.c :87 :List_push) gay shit
DEBUG: (src/list.c :87 :List_push) gay shit
DEBUG: (src/list.c :87 :List_push) gay shit
DEBUG: (src/list.c :87 :List_push) gay shit
DEBUG: (src/list.c :87 :List_push) gay shit
DEBUG: (src/list.c :87 :List_push) gay shit
DEBUG: (src/list.c :87 :List_push) gay shit
DEBUG: (src/list.c :87 :List_push) gay shit
DEBUG: (src/list.c :87 :List_push) gay shit
DEBUG: (src/list.c :87 :List_push) gay shit
DEBUG: (src/list.c :87 :List_push) gay shit
DEBUG: (src/list.c :87 :List_push) gay shit
DEBUG: (src/list.c :87 :List_push) gay shit
DEBUG: (src/list.c :87 :List_push) gay shit
DEBUG: (src/list.c :87 :List_push) gay shit
DEBUG: (src/list.c :87 :List_push) gay shit
DEBUG: (src/list.c :87 :List_push) gay shit
DEBUG: (src/list.c :87 :List_push) gay shit
DEBUG: (src/list.c :87 :List_push) gay shit
DEBUG: (src/list.c :87 :List_push) gay shit
DEBUG: (src/list.c :87 :List_push) gay shit
DEBUG: (src/list.c :87 :List_push) gay shit
DEBUG: (src/list.c :87 :List_push) gay shit
DEBUG: (src/list.c :87 :List_push) gay shit
DEBUG: (src/list.c :87 :List_push) gay shit
DEBUG: (src/list.c :87 :List_push) gay shit
DEBUG: (src/list.c :87 :List_push) gay shit
DEBUG: (src/list.c :87 :List_push) gay shit
DEBUG: (src/list.c :87 :List_push) gay shit
DEBUG: (src/list.c :87 :List_push) gay shit
DEBUG: (src/list.c :87 :List_push) gay shit
DEBUG: (src/list.c :87 :List_push) gay shit
DEBUG: (src/list.c :87 :List_push) gay shit
DEBUG: (src/list.c :87 :List_push) gay shit
DEBUG: (src/list.c :87 :List_push) gay shit
DEBUG: (src/list.c :87 :List_push) gay shit
DEBUG: (src/list.c :87 :List_push) gay shit
DEBUG: (src/list.c :87 :List_push) gay shit
DEBUG: (src/list.c :87 :List_push) gay shit
DEBUG: (src/list.c :87 :List_push) gay shit
DEBUG: (src/list.c :87 :List_push) gay shit
DEBUG: (src/list.c :87 :List_push) gay shit
DEBUG: (src/list.c :87 :List_push) gay shit
DEBUG: (src/list.c :87 :List_push) gay shit
DEBUG: (src/list.c :87 :List_push) gay shit
DEBUG: (src/list.c :87 :List_push) gay shit
DEBUG: (src/list.c :87 :List_push) gay shit
DEBUG: (src/list.c :87 :List_push) gay shit
DEBUG: (src/list.c :87 :List_push) gay shit
DEBUG: (src/list.c :87 :List_push) gay shit
DEBUG: (src/list.c :87 :List_push) gay shit
DEBUG: (src/list.c :87 :List_push) gay shit
DEBUG: (src/list.c :87 :List_push) gay shit
DEBUG: (src/list.c :87 :List_push) gay shit
DEBUG: (src/list.c :87 :List_push) gay shit
DEBUG: (src/list.c :87 :List_push) gay shit
DEBUG: (src/list.c :87 :List_push) gay shit
DEBUG: (src/list.c :87 :List_push) gay shit
DEBUG: (src/list.c :87 :List_push) gay shit
DEBUG: (src/list.c :87 :List_push) gay shit
DEBUG: (src/list.c :87 :List_push) gay shit
DEBUG: (src/list.c :87 :List_push) gay shit
DEBUG: (src/list.c :87 :List_push) gay shit
DEBUG: (src/list.c :87 :List_push) gay shit
DEBUG: (src/list.c :87 :List_push) gay shit
DEBUG: (src/list.c :87 :List_push) gay shit
DEBUG: (src/list.c :87 :List_push) gay shit
DEBUG: (src/list.c :87 :List_push) gay shit
DEBUG: (src/list.c :87 :List_push) gay shit
DEBUG: (src/list.c :87 :List_push) gay shit
DEBUG: (src/list.c :87 :List_push) gay shit
DEBUG: (src/list.c :87 :List_push) gay shit
DEBUG: (src/list.c :87 :List_push) gay shit
DEBUG: (src/list.c :87 :List_push) gay shit
DEBUG: (src/list.c :87 :List_push) gay shit
DEBUG: (src/list.c :87 :List_push) gay shit
DEBUG: (src/list.c :87 :List_push) gay shit
DEBUG: (src/list.c :87 :List_push) gay shit
DEBUG: (src/list.c :87 :List_push) gay shit
DEBUG: (src/list.c :87 :List_push) gay shit
DEBUG: (src/list.c :87 :List_push) gay shit
DEBUG: (src/list.c :87 :List_push) gay shit
DEBUG: (src/list.c :87 :List_push) gay shit
DEBUG: (src/list.c :87 :List_push) gay shit
DEBUG: (src/list.c :87 :List_push) gay shit
DEBUG: (src/list.c :87 :List_push) gay shit
DEBUG: (src/list.c :87 :List_push) gay shit
DEBUG: (src/list.c :87 :List_push) gay shit
DEBUG: (src/list.c :87 :List_push) gay shit
DEBUG: (src/list.c :87 :List_push) gay shit
DEBUG: (src/list.c :87 :List_push) gay shit
DEBUG: (src/list.c :87 :List_push) gay shit
DEBUG: (src/list.c :87 :List_push) gay shit
DEBUG: (src/list.c :87 :List_push) gay shit
DEBUG: (src/list.c :87 :List_push) gay shit
DEBUG: (src/list.c :87 :List_push) gay shit
DEBUG: (src/list.c :87 :List_push) gay shit
DEBUG: (src/list.c :87 :List_push) gay shit
DEBUG: (src/list.c :87 :List_push) gay shit
DEBUG: (src/list.c :87 :List_push) gay shit
DEBUG: (src/list.c :87 :List_push) gay shit
DEBUG: (src/list.c :87 :List_push) gay shit
DEBUG: (src/list.c :87 :List_push) gay shit
DEBUG: (src/list.c :87 :List_push) gay shit
DEBUG: (src/list.c :87 :List_push) gay shit
DEBUG: (src/list.c :87 :List_push) gay shit
DEBUG: (src/list.c :87 :List_push) gay shit
DEBUG: (src/list.c :87 :List_push) gay shit
DEBUG: (src/list.c :87 :List_push) gay shit
DEBUG: (src/list.c :87 :List_push) gay shit
DEBUG: (src/list.c :87 :List_push) gay shit
DEBUG: (src/list.c :87 :List_push) gay shit
DEBUG: (src/list.c :87 :List_push) gay shit
DEBUG: (src/list.c :87 :List_push) gay shit
DEBUG: (src/list.c :87 :List_push) gay shit
DEBUG: (src/list.c :87 :List_push) gay shit
DEBUG: (src/list.c :87 :List_push) gay shit
DEBUG: (src/list.c :87 :List_push) gay shit
DEBUG: (src/list.c :87 :List_push) gay shit
DEBUG: (src/list.c :87 :List_push) gay shit
DEBUG: (src/list.c :87 :List_push) gay shit
DEBUG: (src/list.c :87 :List_push) gay shit
DEBUG: (src/list.c :87 :List_push) gay shit
DEBUG: (src/list.c :87 :List_push) gay shit
DEBUG: (src/list.c :87 :List_push) gay shit
DEBUG: (src/list.c :87 :List_push) gay shit
DEBUG: (src/list.c :87 :List_push) gay shit
DEBUG: (src/list.c :87 :List_push) gay shit
DEBUG: (src/list.c :87 :List_push) gay shit
DEBUG: (src/list.c :87 :List_push) gay shit
DEBUG: (src/list.c :87 :List_push) gay shit
DEBUG: (src/list.c :87 :List_push) gay shit
DEBUG: (src/list.c :87 :List_push) gay shit
DEBUG: (src/list.c :87 :List_push) gay shit
DEBUG: (src/list.c :87 :List_push) gay shit
DEBUG: (src/list.c :87 :List_push) gay shit
DEBUG: (src/list.c :87 :List_push) gay shit
DEBUG: (src/list.c :87 :List_push) gay shit
DEBUG: (src/list.c :87 :List_push) gay shit
DEBUG: (src/list.c :87 :List_push) gay shit
DEBUG: (src/list.c :87 :List_push) gay shit
DEBUG: (src/list.c :87 :List_push) gay shit
DEBUG: (src/list.c :87 :List_push) gay shit
DEBUG: (src/list.c :87 :List_push) gay shit
DEBUG: (src/list.c :87 :List_push) gay shit
DEBUG: (src/list.c :87 :List_push) gay shit
DEBUG: (src/list.c :87 :List_push) gay shit
DEBUG: (src/list.c :87 :List_push) gay shit
DEBUG: (src/list.c :87 :List_push) gay shit
DEBUG: (src/list.c :87 :List_push) gay shit
DEBUG: (src/list.c :87 :List_push) gay shit
DEBUG: (src/list.c :87 :List_push) gay shit
DEBUG: (src/list.c :87 :List_push) gay shit
DEBUG: (src/list.c :87 :List_push) gay shit
DEBUG: (src/list.c :87 :List_push) gay shit
DEBUG: (src/list.c :87 :List_push) gay shit
DEBUG: (src/list.c :87 :List_push) gay shit
DEBUG: (src/list.c :87 :List_push) gay shit
DEBUG: (src/list.c :87 :List_push) gay shit
DEBUG: (src/list.c :87 :List_push) gay shit
DEBUG: (src/list.c :87 :List_push) gay shit
DEBUG: (src/list.c :87 :List_push) gay shit
DEBUG: (src/list.c :87 :List_push) gay shit
DEBUG: (src/list.c :87 :List_push) gay shit
DEBUG: (src/list.c :87 :List_push) gay shit
DEBUG: (src/list.c :87 :List_push) gay shit
DEBUG: (src/list.c :87 :List_push) gay shit
DEBUG: (src/list.c :87 :List_push) gay shit
DEBUG: (src/list.c :87 :List_push) gay shit
DEBUG: (src/list.c :87 :List_push) gay shit
DEBUG: (src/list.c :87 :List_push) gay shit
DEBUG: (src/list.c :87 :List_push) gay shit
DEBUG: (src/list.c :87 :List_push) gay shit
DEBUG: (src/list.c :87 :List_push) gay shit
DEBUG: (src/list.c :87 :List_push) gay shit
DEBUG: (src/list.c :87 :List_push) gay shit
DEBUG: (src/list.c :87 :List_push) gay shit
DEBUG: (src/list.c :87 :List_push) gay shit
DEBUG: (src/list.c :87 :List_push) gay shit
DEBUG: (src/list.c :87 :List_push) gay shit
DEBUG: (src/list.c :87 :List_push) gay shit
DEBUG: (src/list.c :87 :List_push) gay shit
DEBUG: (src/list.c :87 :List_push) gay shit
DEBUG: (src/list.c :87 :List_push) gay shit
DEBUG: (src/list.c :87 :List_push) gay shit
DEBUG: (src/list.c :87 :List_push) gay shit
DEBUG: (src/list.c :87 :List_push) gay shit
DEBUG: (src/list.c :87 :List_push) gay shit
DEBUG: (src/list.c :87 :List_push) gay shit
DEBUG: (src/list.c :87 :List_push) gay shit
DEBUG: (src/list.c :87 :List_push) gay shit
DEBUG: (src/list.c :87 :List_push) gay shit
DEBUG: (src/list.c :87 :List_push) gay shit
DEBUG: (src/list.c :87 :List_push) gay shit
DEBUG: (src/list.c :87 :List_push) gay shit
DEBUG: (src/list.c :87 :List_push) gay shit
DEBUG: (src/list.c :87 :List_push) gay shit
DEBUG: (src/list.c :87 :List_push) gay shit
DEBUG: (src/list.c :87 :List_push) gay shit
DEBUG: (src/list.c :87 :List_push) gay shit
DEBUG: (src/list.c :87 :List_push) gay shit
DEBUG: (src/list.c :87 :List_push) gay shit
DEBUG: (src/list.c :87 :List_push) gay shit
DEBUG: (src/list.c :87 :List_push) gay shit
DEBUG: (src/list.c :87 :List_push) gay shit
DEBUG: (src/list.c :87 :List_push) gay shit
DEBUG: (src/list.c :87 :List_push) gay shit
DEBUG: (src/list.c :87 :List_push) gay shit
DEBUG: (src/list.c :87 :List_push) gay shit
DEBUG: (src/list.c :87 :List_push) gay shit
DEBUG: (src/list.c :87 :List_push) gay shit
DEBUG: (src/list.c :87 :List_push) gay shit
DEBUG: (src/list.c :87 :List_push) gay shit
DEBUG: (src/list.c :87 :List_push) gay shit
DEBUG: (src/list.c :87 :List_push) gay shit
DEBUG: (src/list.c :87 :List_push) gay shit
DEBUG: (src/list.c :87 :List_push) gay shit
DEBUG: (src/list.c :87 :List_push) gay shit
DEBUG: (src/list.c :87 :List_push) gay shit
DEBUG: (src/list.c :87 :List_push) gay shit
DEBUG: (src/list.c :87 :List_push) gay shit
DEBUG: (src/list.c :87 :List_push) gay shit
DEBUG: (src/list.c :87 :List_push) gay shit
DEBUG: (src/list.c :87 :List_push) gay shit
DEBUG: (src/list.c :87 :List_push) gay shit
DEBUG: (src/list.c :87 :List_push) gay shit
DEBUG: (src/list.c :87 :List_push) gay shit
DEBUG: (src/list.c :87 :List_push) gay shit
DEBUG: (src/list.c :87 :List_push) gay shit
DEBUG: (src/list.c :87 :List_push) gay shit
DEBUG: (src/list.c :87 :List_push) gay shit
DEBUG: (src/list.c :87 :List_push) gay shit
DEBUG: (src/list.c :87 :List_push) gay shit
DEBUG: (src/list.c :87 :List_push) gay shit
DEBUG: (src/list.c :87 :List_push) gay shit
DEBUG: (src/list.c :87 :List_push) gay shit
DEBUG: (src/list.c :87 :List_push) gay shit
DEBUG: (src/list.c :87 :List_push) gay shit
DEBUG: (src/list.c :87 :List_push) gay shit
DEBUG: (src/list.c :87 :List_push) gay shit
DEBUG: (src/list.c :87 :List_push) gay shit
DEBUG: (src/list.c :87 :List_push) gay shit
DEBUG: (src/list.c :87 :List_push) gay shit
DEBUG: (src/list.c :87 :List_push) gay shit
DEBUG: (src/list.c :87 :List_push) gay shit
DEBUG: (src/list.c :87 :List_push) gay shit
DEBUG: (src/list.c :87 :List_push) gay shit
DEBUG: (src/list.c :87 :List_push) gay shit
DEBUG: (src/list.c :87 :List_push) gay shit
DEBUG: (src/list.c :87 :List_push) gay shit
DEBUG: (src/list.c :87 :List_push) gay shit
DEBUG: (src/list.c :87 :List_push) gay shit
DEBUG: (src/list.c :87 :List_push) gay shit
DEBUG: (src/list.c :87 :List_push) gay shit
DEBUG: (src/list.c :87 :List_push) gay shit
DEBUG: (src/list.c :87 :List_push) gay shit
DEBUG: (src/list.c :87 :List_push) gay shit
DEBUG: (src/list.c :87 :List_push) gay shit
DEBUG: (src/list.c :87 :List_push) gay shit
DEBUG: (src/list.c :87 :List_push) gay shit
DEBUG: (src/list.c :87 :List_push) gay shit
DEBUG: (src/list.c :87 :List_push) gay shit
DEBUG: (src/list.c :87 :List_push) gay shit
DEBUG: (src/list.c :87 :List_push) gay shit
DEBUG: (src/list.c :87 :List_push) gay shit
DEBUG: (src/list.c :87 :List_push) gay shit
DEBUG: (src/list.c :87 :List_push) gay shit
DEBUG: (src/list.c :87 :List_push) gay shit
DEBUG: (src/list.c :87 :List_push) gay shit
DEBUG: (src/list.c :87 :List_push) gay shit
DEBUG: (src/list.c :87 :List_push) gay shit
DEBUG: (src/list.c :87 :List_push) gay shit
DEBUG: (src/list.c :87 :List_push) gay shit
DEBUG: (src/list.c :87 :List_push) gay shit
DEBUG: (src/list.c :87 :List_push) gay shit
DEBUG: (src/list.c :87 :List_push) gay shit
DEBUG: (src/list.c :87 :List_push) gay shit
DEBUG: (src/list.c :87 :List_push) gay shit
DEBUG: (src/list.c :87 :List_push) gay shit
DEBUG: (src/list.c :87 :List_push) gay shit
DEBUG: (src/list.c :87 :List_push) gay shit
DEBUG: (src/list.c :87 :List_push) gay shit
DEBUG: (src/list.c :87 :List_push) gay shit
DEBUG: (src/list.c :87 :List_push) gay shit
DEBUG: (src/list.c :87 :List_push) gay shit
DEBUG: (src/list.c :87 :List_push) gay shit
DEBUG: (src/list.c :87 :List_push) gay shit
DEBUG: (src/list.c :87 :List_push) gay shit
DEBUG: (src/list.c :87 :List_push) gay shit
DEBUG: (src/list.c :87 :List_push) gay shit
DEBUG: (src/list.c :87 :List_push) gay shit
DEBUG: (src/list.c :87 :List_push) gay shit
DEBUG: (src/list.c :87 :List_push) gay shit
DEBUG: (src/list.c :87 :List_push) gay shit
DEBUG: (src/list.c :87 :List_push) gay shit
DEBUG: (src/list.c :87 :List_push) gay shit
DEBUG: (src/list.c :87 :List_push) gay shit
DEBUG: (src/list.c :87 :List_push) gay shit
DEBUG: (src/list.c :87 :List_push) gay shit
DEBUG: (src/list.c :87 :List_push) gay shit
DEBUG: (src/list.c :87 :List_push) gay shit
DEBUG: (src/list.c :87 :List_push) gay shit
DEBUG: (src/list.c :87 :List_push) gay shit
DEBUG: (src/list.c :87 :List_push) gay shit
DEBUG: (src/list.c :87 :List_push) gay shit
DEBUG: (src/list.c :87 :List_push) gay shit
DEBUG: (src/list.c :87 :List_push) gay shit
DEBUG: (src/list.c :87 :List_push) gay shit
DEBUG: (src/list.c :87 :List_push) gay shit
DEBUG: (src/list.c :87 :List_push) gay shit
DEBUG: (src/list.c :87 :List_push) gay shit
DEBUG: (src/list.c :87 :List_push) gay shit
DEBUG: (src/list.c :87 :List_push) gay shit
DEBUG: (src/list.c :87 :List_push) gay shit
DEBUG: (src/list.c :87 :List_push) gay shit
DEBUG: (src/list.c :87 :List_push) gay shit
DEBUG: (src/list.c :87 :List_push) gay shit
DEBUG: (src/list.c :87 :List_push) gay shit
DEBUG: (src/list.c :87 :List_push) gay shit
DEBUG: (src/list.c :87 :List_push) gay shit
DEBUG: (src/list.c :87 :List_push) gay shit
DEBUG: (src/list.c :87 :List_push) gay shit
DEBUG: (src/list.c :87 :List_push) gay shit
DEBUG: (src/list.c :87 :List_push) gay shit
DEBUG: (src/list.c :87 :List_push) gay shit
DEBUG: (src/list.c :87 :List_push) gay shit
DEBUG: (src/list.c :87 :List_push) gay shit
DEBUG: (src/list.c :87 :List_push) gay shit
DEBUG: (src/list.c :87 :List_push) gay shit
DEBUG: (src/list.c :87 :List_push) gay shit
DEBUG: (src/list.c :87 :List_push) gay shit
DEBUG: (src/list.c :87 :List_push) gay shit
DEBUG: (src/list.c :87 :List_push) gay shit
DEBUG: (src/list.c :87 :List_push) gay shit
DEBUG: (src/list.c :87 :List_push) gay shit
DEBUG: (src/list.c :87 :List_push) gay shit
DEBUG: (src/list.c :87 :List_push) gay shit
DEBUG: (src/list.c :87 :List_push) gay shit
DEBUG: (src/list.c :87 :List_push) gay shit
DEBUG: (src/list.c :87 :List_push) gay shit
DEBUG: (src/list.c :87 :List_push) gay shit
DEBUG: (src/list.c :87 :List_push) gay shit
DEBUG: (src/list.c :87 :List_push) gay shit
DEBUG: (src/list.c :87 :List_push) gay shit
DEBUG: (src/list.c :87 :List_push) gay shit
DEBUG: (src/list.c :87 :List_push) gay shit
DEBUG: (src/list.c :87 :List_push) gay shit
DEBUG: (src/list.c :87 :List_push) gay shit
DEBUG: (src/list.c :87 :List_push) gay shit
DEBUG: (src/list.c :87 :List_push) gay shit
DEBUG: (src/list.c :87 :List_push) gay shit
DEBUG: (src/list.c :87 :List_push) gay shit
DEBUG: (src/list.c :87 :List_push) gay shit
DEBUG: (src/list.c :87 :List_push) gay shit
DEBUG: (src/list.c :87 :List_push) gay shit
DEBUG: (src/list.c :87 :List_push) gay shit
DEBUG: (src/list.c :87 :List_push) gay shit
DEBUG: (src/list.c :87 :List_push) gay shit
DEBUG: (src/list.c :87 :List_push) gay shit
DEBUG: (src/list.c :87 :List_push) gay shit
DEBUG: (src/list.c :87 :List_push) gay shit
DEBUG: (src/list.c :87 :List_push) gay shit
DEBUG: (src/list.c :87 :List_push) gay shit
DEBUG: (src/list.c :87 :List_push) gay shit
DEBUG: (src/list.c :87 :List_push) gay shit
DEBUG: (src/list.c :87 :List_push) gay shit
DEBUG: (src/list.c :87 :List_push) gay shit
DEBUG: (src/list.c :87 :List_push) gay shit
DEBUG: (src/list.c :87 :List_push) gay shit
DEBUG: (src/list.c :87 :List_push) gay shit
DEBUG: (src/list.c :87 :List_push) gay shit
DEBUG: (src/list.c :87 :List_push) gay shit
DEBUG: (src/list.c :87 :List_push) gay shit
DEBUG: (src/list.c :87 :List_push) gay shit
DEBUG: (src/list.c :87 :List_push) gay shit
DEBUG: (src/list.c :87 :List_push) gay shit
DEBUG: (src/list.c :87 :List_push) gay shit
DEBUG: (src/list.c :87 :List_push) gay shit
DEBUG: (src/list.c :87 :List_push) gay shit
DEBUG: (src/list.c :87 :List_push) gay shit
DEBUG: (src/list.c :87 :List_push) gay shit
DEBUG: (src/list.c :87 :List_push) gay shit
DEBUG: (src/list.c :87 :List_push) gay shit
DEBUG: (src/list.c :87 :List_push) gay shit
DEBUG: (src/list.c :87 :List_push) gay shit
DEBUG: (src/list.c :87 :List_push) gay shit
DEBUG: (src/list.c :87 :List_push) gay shit
DEBUG: (src/list.c :87 :List_push) gay shit
DEBUG: (src/list.c :87 :List_push) gay shit
DEBUG: (src/list.c :87 :List_push) gay shit
DEBUG: (src/list.c :87 :List_push) gay shit
DEBUG: (src/list.c :87 :List_push) gay shit
DEBUG: (src/list.c :87 :List_push) gay shit
DEBUG: (src/list.c :87 :List_push) gay shit
DEBUG: (src/list.c :87 :List_push) gay shit
DEBUG: (src/list.c :87 :List_push) gay shit
DEBUG: (src/list.c :87 :List_push) gay shit
DEBUG: (src/list.c :87 :List_push) gay shit
DEBUG: (src/list.c :87 :List_push) gay shit
DEBUG: (src/list.c :87 :List_push) gay shit
DEBUG: (src/list.c :87 :List_push) gay shit
DEBUG: (src/list.c :87 :List_push) gay shit
DEBUG: (src/list.c :87 :List_push) gay shit
DEBUG: (src/list.c :87 :List_push) gay shit
DEBUG: (src/list.c :87 :List_push) gay shit
DEBUG: (src/list.c :87 :List_push) gay shit
DEBUG: (src/list.c :87 :List_push) gay shit
DEBUG: (src/list.c :87 :List_push) gay shit
DEBUG: (src/list.c :87 :List_push) gay shit
DEBUG: (src/list.c :87 :List_push) gay shit
DEBUG: (src/list.c :87 :List_push) gay shit
DEBUG: (src/list.c :87 :List_push) gay shit
DEBUG: (src/list.c :87 :List_push) gay shit
DEBUG: (src/list.c :87 :List_push) gay shit
DEBUG: (src/list.c :87 :List_push) gay shit
DEBUG: (src/list.c :87 :List_push) gay shit
DEBUG: (src/list.c :87 :List_push) gay shit
DEBUG: (src/list.c :87 :List_push) gay shit
DEBUG: (src/list.c :87 :List_push) gay shit
DEBUG: (src/list.c :87 :List_push) gay shit
DEBUG: (src/list.c :87 :List_push) gay shit
DEBUG: (src/list.c :87 :List_push) gay shit
DEBUG: (src/list.c :87 :List_push) gay shit
DEBUG: (src/list.c :87 :List_push) gay shit
DEBUG: (src/list.c :87 :List_push) gay shit
DEBUG: (src/list.c :87 :List_push) gay shit
DEBUG: (src/list.c :87 :List_push) gay shit
DEBUG: (src/list.c :87 :List_push) gay shit
DEBUG: (src/list.c :87 :List_push) gay shit
DEBUG: (src/list.c :87 :List_push) gay shit
DEBUG: (src/list.c :87 :List_push) gay shit
DEBUG: (src/list.c :87 :List_push) gay shit
DEBUG: (src/list.c :87 :List_push) gay shit
DEBUG: (src/list.c :87 :List_push) gay shit
DEBUG: (src/list.c :87 :List_push) gay shit
DEBUG: (src/list.c :87 :List_push) gay shit
DEBUG: (src/list.c :87 :List_push) gay shit
DEBUG: (src/list.c :87 :List_push) gay shit
DEBUG: (src/list.c :87 :List_push) gay shit
DEBUG: (src/list.c :87 :List_push) gay shit
DEBUG: (src/list.c :87 :List_push) gay shit
DEBUG: (src/list.c :87 :List_push) gay shit
DEBUG: (src/list.c :87 :List_push) gay shit
DEBUG: (src/list.c :87 :List_push) gay shit
DEBUG: (src/list.c :87 :List_push) gay shit
DEBUG: (src/list.c :87 :List_push) gay shit
DEBUG: (src/list.c :87 :List_push) gay shit
DEBUG: (src/list.c :87 :List_push) gay shit
DEBUG: (src/list.c :87 :List_push) gay shit
DEBUG: (src/list.c :87 :List_push) gay shit
DEBUG: (src/list.c :87 :List_push) gay shit
DEBUG: (src/list.c :87 :List_push) gay shit
DEBUG: (src/list.c :87 :List_push) gay shit
DEBUG: (src/list.c :87 :List_push) gay shit
DEBUG: (src/list.c :87 :List_push) gay shit
DEBUG: (src/list.c :87 :List_push) gay shit
DEBUG: (src/list.c :87 :List_push) gay shit
DEBUG: (src/list.c :87 :List_push) gay shit
DEBUG: (src/list.c :87 :List_push) gay shit
DEBUG: (src/list.c :87 :List_push) gay shit
DEBUG: (src/list.c :87 :List_push) gay shit
DEBUG: (src/list.c :87 :List_push) gay shit
DEBUG: (src/list.c :87 :List_push) gay shit
DEBUG: (src/list.c :87 :List_push) gay shit
DEBUG: (src/list.c :87 :List_push) gay shit
DEBUG: (src/list.c :87 :List_push) gay shit
DEBUG: (src/list.c :87 :List_push) gay shit
DEBUG: (src/list.c :87 :List_push) gay shit
DEBUG: (src/list.c :87 :List_push) gay shit
DEBUG: (src/list.c :87 :List_push) gay shit
DEBUG: (src/list.c :87 :List_push) gay shit
DEBUG: (src/list.c :87 :List_push) gay shit
DEBUG: (src/list.c :87 :List_push) gay shit
DEBUG: (src/list.c :87 :List_push) gay shit
DEBUG: (src/list.c :87 :List_push) gay shit
DEBUG: (src/list.c :87 :List_push) gay shit
DEBUG: (src/list.c :87 :List_push) gay shit
DEBUG: (src/list.c :87 :List_push) gay shit
DEBUG: (src/list.c :87 :List_push) gay shit
DEBUG: (src/list.c :87 :List_push) gay shit
DEBUG: (src/list.c :87 :List_push) gay shit
DEBUG: (src/list.c :87 :List_push) gay shit
DEBUG: (src/list.c :87 :List_push) gay shit
DEBUG: (src/list.c :87 :List_push) gay shit
DEBUG: (src/list.c :87 :List_push) gay shit
DEBUG: (src/list.c :87 :List_push) gay shit
DEBUG: (src/list.c :87 :List_push) gay shit
DEBUG: (src/list.c :87 :List_push) gay shit
DEBUG: (src/list.c :87 :List_push) gay shit
DEBUG: (src/list.c :87 :List_push) gay shit
DEBUG: (src/list.c :87 :List_push) gay shit
DEBUG: (src/list.c :87 :List_push) gay shit
DEBUG: (src/list.c :87 :List_push) gay shit
DEBUG: (src/list.c :87 :List_push) gay shit
DEBUG: (src/list.c :87 :List_push) gay shit
DEBUG: (src/list.c :87 :List_push) gay shit
DEBUG: (src/list.c :87 :List_push) gay shit
DEBUG: (src/list.c :87 :List_push) gay shit
DEBUG: (src/list.c :87 :List_push) gay shit
DEBUG: (src/list.c :87 :List_push) gay shit
DEBUG: (src/list.c :87 :List_push) gay shit
DEBUG: (src/list.c :87 :List_push) gay shit
DEBUG: (src/list.c :87 :List_push) gay shit
DEBUG: (src/list.c :87 :List_push) gay shit
DEBUG: (src/list.c :87 :List_push) gay shit
DEBUG: (src/list.c :87 :List_push) gay shit
DEBUG: (src/list.c :87 :List_push) gay shit
DEBUG: (src/list.c :87 :List_push) gay shit
DEBUG: (src/list.c :87 :List_push) gay shit
DEBUG: (src/list.c :87 :List_push) gay shit
DEBUG: (src/list.c :87 :List_push) gay shit
DEBUG: (src/list.c :87 :List_push) gay shit
DEBUG: (src/list.c :87 :List_push) gay shit
DEBUG: (src/list.c :87 :List_push) gay shit
DEBUG: (src/list.c :87 :List_push) gay shit
DEBUG: (src/list.c :87 :List_push) gay shit
DEBUG: (src/list.c :87 :List_push) gay shit
DEBUG: (src/list.c :87 :List_push) gay shit
DEBUG: (src/list.c :87 :List_push) gay shit
DEBUG: (src/list.c :87 :List_push) gay shit
DEBUG: (src/list.c :87 :List_push) gay shit
DEBUG: (src/list.c :87 :List_push) gay shit
DEBUG: (src/list.c :87 :List_push) gay shit
DEBUG: (src/list.c :87 :List_push) gay shit
DEBUG: (src/list.c :87 :List_push) gay shit
DEBUG: (src/list.c :87 :List_push) gay shit
DEBUG: (src/list.c :87 :List_push) gay shit
DEBUG: (src/list.c :87 :List_push) gay shit
DEBUG: (src/list.c :87 :List_push) gay shit
DEBUG: (src/list.c :87 :List_push) gay shit
DEBUG: (src/list.c :87 :List_push) gay shit
DEBUG: (src/list.c :87 :List_push) gay shit
DEBUG: (src/list.c :87 :List_push) gay shit
DEBUG: (src/list.c :87 :List_push) gay shit
DEBUG: (src/list.c :87 :List_push) gay shit
DEBUG: (src/list.c :87 :List_push) gay shit
DEBUG: (src/list.c :87 :List_push) gay shit
DEBUG: (src/list.c :87 :List_push) gay shit
DEBUG: (src/list.c :87 :List_push) gay shit
DEBUG: (src/list.c :87 :List_push) gay shit
DEBUG: (src/list.c :87 :List_push) gay shit
DEBUG: (src/list.c :87 :List_push) gay shit
DEBUG: (src/list.c :87 :List_push) gay shit
DEBUG: (src/list.c :87 :List_push) gay shit
DEBUG: (src/list.c :87 :List_push) gay shit
DEBUG: (src/list.c :87 :List_push) gay shit
DEBUG: (src/list.c :87 :List_push) gay shit
DEBUG: (src/list.c :87 :List_push) gay shit
DEBUG: (src/list.c :87 :List_push) gay shit
DEBUG: (src/list.c :87 :List_push) gay shit
DEBUG: (src/list.c :87 :List_push) gay shit
DEBUG: (src/list.c :87 :List_push) gay shit
DEBUG: (src/list.c :87 :List_push) gay shit
DEBUG: (src/list.c :87 :List_push) gay shit
DEBUG: (src/list.c :87 :List_push) gay shit
DEBUG: (src/list.c :87 :List_push) gay shit
DEBUG: (src/list.c :87 :List_push) gay shit
DEBUG: (src/list.c :87 :List_push) gay shit
DEBUG: (src/list.c :87 :List_push) gay shit
DEBUG: (src/list.c :87 :List_push) gay shit
DEBUG: (src/list.c :87 :List_push) gay shit
DEBUG: (src/list.c :87 :List_push) gay shit
DEBUG: (src/list.c :87 :List_push) gay shit
DEBUG: (src/list.c :87 :List_push) gay shit
DEBUG: (src/list.c :87 :List_push) gay shit
DEBUG: (src/list.c :87 :List_push) gay shit
DEBUG: (src/list.c :87 :List_push) gay shit
DEBUG: (src/list.c :87 :List_push) gay shit
DEBUG: (src/list.c :87 :List_push) gay shit
DEBUG: (src/list.c :87 :List_push) gay shit
DEBUG: (src/list.c :87 :List_push) gay shit
DEBUG: (src/list.c :87 :List_push) gay shit
DEBUG: (src/list.c :87 :List_push) gay shit
DEBUG: (src/list.c :87 :List_push) gay shit
DEBUG: (src/list.c :87 :List_push) gay shit
DEBUG: (src/list.c :87 :List_push) gay shit
DEBUG: (src/list.c :87 :List_push) gay shit
DEBUG: (src/list.c :87 :List_push) gay shit
DEBUG: (src/list.c :87 :List_push) gay shit
DEBUG: (src/list.c :87 :List_push) gay shit
DEBUG: (src/list.c :87 :List_push) gay shit
DEBUG: (src/list.c :87 :List_push) gay shit
DEBUG: (src/list.c :87 :List_push) gay shit
DEBUG: (src/list.c :87 :List_push) gay shit
DEBUG: (src/list.c :87 :List_push) gay shit
DEBUG: (src/list.c :87 :List_push) gay shit
DEBUG: (src/list.c :87 :List_push) gay shit
DEBUG: (src/list.c :87 :List_push) gay shit
DEBUG: (src/list.c :87 :List_push) gay shit
DEBUG: (src/list.c :87 :List_push) gay shit
DEBUG: (src/list.c :87 :List_push) gay shit
DEBUG: (src/list.c :87 :List_push) gay shit
DEBUG: (src/list.c :87 :List_push) gay shit
DEBUG: (src/list.c :87 :List_push) gay shit
DEBUG: (src/list.c :87 :List_push) gay shit
DEBUG: (src/list.c :87 :List_push) gay shit
DEBUG: (src/list.c :87 :List_push) gay shit
DEBUG: (src/list.c :87 :List_push) gay shit
DEBUG: (src/list.c :87 :List_push) gay shit
DEBUG: (src/list.c :87 :List_push) gay shit
DEBUG: (src/list.c :87 :List_push) gay shit
DEBUG: (src/list.c :87 :List_push) gay shit
DEBUG: (src/list.c :87 :List_push) gay shit
DEBUG: (src/list.c :87 :List_push) gay shit
DEBUG: (src/list.c :87 :List_push) gay shit
DEBUG: (src/list.c :87 :List_push) gay shit
DEBUG: (src/list.c :87 :List_push) gay shit
DEBUG: (src/list.c :87 :List_push) gay shit
DEBUG: (src/list.c :87 :List_push) gay shit
DEBUG: (src/list.c :87 :List_push) gay shit
DEBUG: (src/list.c :87 :List_push) gay shit
DEBUG: (src/list.c :87 :List_push) gay shit
DEBUG: (src/list.c :87 :List_push) gay shit
DEBUG: (src/list.c :87 :List_push) gay shit
DEBUG: (src/list.c :87 :List_push) gay shit
DEBUG: (src/list.c :87 :List_push) gay shit
DEBUG: (src/list.c :87 :List_push) gay shit
DEBUG: (src/list.c :87 :List_push) gay shit
DEBUG: (src/list.c :87 :List_push) gay shit
DEBUG: (src/list.c :87 :List_push) gay shit
DEBUG: (src/list.c :87 :List_push) gay shit
DEBUG: (src/list.c :87 :List_push) gay shit
DEBUG: (src/list.c :87 :List_push) gay shit
DEBUG: (src/list.c :87 :List_push) gay shit
DEBUG: (src/list.c :87 :List_push) gay shit
DEBUG: (src/list.c :87 :List_push) gay shit
DEBUG: (src/list.c :87 :List_push) gay shit
DEBUG: (src/list.c :87 :List_push) gay shit
DEBUG: (src/list.c :87 :List_push) gay shit
DEBUG: (src/list.c :87 :List_push) gay shit
DEBUG: (src/list.c :87 :List_push) gay shit
DEBUG: (src/list.c :87 :List_push) gay shit
DEBUG: (src/list.c :87 :List_push) gay shit
DEBUG: (src/list.c :87 :List_push) gay shit
DEBUG: (src/list.c :87 :List_push) gay shit
DEBUG: (src/list.c :87 :List_push) gay shit
DEBUG: (src/list.c :87 :List_push) gay shit
DEBUG: (src/list.c :87 :List_push) gay shit
DEBUG: (src/list.c :87 :List_push) gay shit
DEBUG: (src/list.c :87 :List_push) gay shit
DEBUG: (src/list.c :87 :List_push) gay shit
DEBUG: (src/list.c :87 :List_push) gay shit
DEBUG: (src/list.c :87 :List_push) gay shit
DEBUG: (src/list.c :87 :List_push) gay shit
DEBUG: (src/list.c :87 :List_push) gay shit
DEBUG: (src/list.c :87 :List_push) gay shit
DEBUG: (src/list.c :87 :List_push) gay shit
DEBUG: (src/list.c :87 :List_push) gay shit
DEBUG: (src/list.c :87 :List_push) gay shit
DEBUG: (src/list.c :87 :List_push) gay shit
DEBUG: (src/list.c :87 :List_push) gay shit
DEBUG: (src/list.c :87 :List_push) gay shit
DEBUG: (src/list.c :87 :List_push) gay shit
DEBUG: (src/list.c :87 :List_push) gay shit
DEBUG: (src/list.c :87 :List_push) gay shit
DEBUG: (src/list.c :87 :List_push) gay shit
DEBUG: (src/list.c :87 :List_push) gay shit
DEBUG: (src/list.c :87 :List_push) gay shit
DEBUG: (src/list.c :87 :List_push) gay shit
DEBUG: (src/list.c :87 :List_push) gay shit
DEBUG: (src/list.c :87 :List_push) gay shit
DEBUG: (src/list.c :87 :List_push) gay shit
DEBUG: (src/list.c :87 :List_push) gay shit
DEBUG: (src/list.c :87 :List_push) gay shit
DEBUG: (src/list.c :87 :List_push) gay shit
DEBUG: (src/list.c :87 :List_push) gay shit
DEBUG: (src/list.c :87 :List_push) gay shit
DEBUG: (src/list.c :87 :List_push) gay shit
DEBUG: (src/list.c :87 :List_push) gay shit
DEBUG: (src/list.c :87 :List_push) gay shit
DEBUG: (src/list.c :87 :List_push) gay shit
DEBUG: (src/list.c :87 :List_push) gay shit
DEBUG: (src/list.c :87 :List_push) gay shit
DEBUG: (src/list.c :87 :List_push) gay shit
DEBUG: (src/list.c :87 :List_push) gay shit
DEBUG: (src/list.c :87 :List_push) gay shit
DEBUG: (src/list.c :87 :List_push) gay shit
DEBUG: (src/list.c :87 :List_push) gay shit
DEBUG: (src/list.c :87 :List_push) gay shit
DEBUG: (src/list.c :87 :List_push) gay shit
DEBUG: (src/list.c :87 :List_push) gay shit
DEBUG: (src/list.c :87 :List_push) gay shit
DEBUG: (src/list.c :87 :List_push) gay shit
DEBUG: (src/list.c :87 :List_push) gay shit
DEBUG: (src/list.c :87 :List_push) gay shit
DEBUG: (src/list.c :87 :List_push) gay shit
DEBUG: (src/list.c :87 :List_push) gay shit
DEBUG: (src/list.c :87 :List_push) gay shit
DEBUG: (src/list.c :87 :List_push) gay shit
DEBUG: (src/list.c :87 :List_push) gay shit
DEBUG: (src/list.c :87 :List_push) gay shit
DEBUG: (src/list.c :87 :List_push) gay shit
DEBUG: (src/list.c :87 :List_push) gay shit
DEBUG: (src/list.c :87 :List_push) gay shit
DEBUG: (src/list.c :87 :List_push) gay shit
DEBUG: (src/list.c :87 :List_push) gay shit
DEBUG: (src/list.c :87 :List_push) gay shit
DEBUG: (src/list.c :87 :List_push) gay shit
DEBUG: (src/list.c :87 :List_push) gay shit
DEBUG: (src/list.c :87 :List_push) gay shit
DEBUG: (src/list.c :87 :List_push) gay shit
DEBUG: (src/list.c :87 :List_push) gay shit
DEBUG: (src/list.c :87 :List_push) gay shit
DEBUG: (src/list.c :87 :List_push) gay shit
DEBUG: (src/list.c :87 :List_push) gay shit
DEBUG: (src/list.c :87 :List_push) gay shit
DEBUG: (src/list.c :87 :List_push) gay shit
DEBUG: (src/list.c :87 :List_push) gay shit
DEBUG: (src/list.c :87 :List_push) gay shit
DEBUG: (src/list.c :87 :List_push) gay shit
DEBUG: (src/list.c :87 :List_push) gay shit
DEBUG: (src/list.c :87 :List_push) gay shit
DEBUG: (src/list.c :87 :List_push) gay shit
DEBUG: (src/list.c :87 :List_push) gay shit
DEBUG: (src/list.c :87 :List_push) gay shit
DEBUG: (src/list.c :87 :List_push) gay shit
DEBUG: (src/list.c :87 :List_push) gay shit
DEBUG: (src/list.c :87 :List_push) gay shit
DEBUG: (src/list.c :87 :List_push) gay shit
DEBUG: (src/list.c :87 :List_push) gay shit
DEBUG: (src/list.c :87 :List_push) gay shit
DEBUG: (src/list.c :87 :List_push) gay shit
DEBUG: (src/list.c :87 :List_push) gay shit
DEBUG: (src/list.c :87 :List_push) gay shit
DEBUG: (src/list.c :87 :List_push) gay shit
DEBUG: (src/list.c :87 :List_push) gay shit
DEBUG: (src/list.c :87 :List_push) gay shit
DEBUG: (src/list.c :87 :List_push) gay shit
DEBUG: (src/list.c :87 :List_push) gay shit
DEBUG: (src/list.c :87 :List_push) gay shit
DEBUG: (src/list.c :87 :List_push) gay shit
DEBUG: (src/list.c :87 :List_push) gay shit
DEBUG: (src/list.c :87 :List_push) gay shit
DEBUG: (src/list.c :87 :List_push) gay shit
DEBUG: (src/list.c :87 :List_push) gay shit
DEBUG: (src/list.c :87 :List_push) gay shit
DEBUG: (src/list.c :87 :List_push) gay shit
DEBUG: (src/list.c :87 :List_push) gay shit
DEBUG: (src/list.c :87 :List_push) gay shit
DEBUG: (src/list.c :87 :List_push) gay shit
DEBUG: (src/list.c :87 :List_push) gay shit
DEBUG: (src/list.c :87 :List_push) gay shit
DEBUG: (src/list.c :87 :List_push) gay shit
DEBUG: (src/list.c :87 :List_push) gay shit
DEBUG: (src/list.c :87 :List_push) gay shit
DEBUG: (src/list.c :87 :List_push) gay shit
DEBUG: (src/list.c :87 :List_push) gay shit
DEBUG: (src/list.c :87 :List_push) gay shit
DEBUG: (src/list.c :87 :List_push) gay shit
DEBUG: (src/list.c :87 :List_push) gay shit
DEBUG: (src/list.c :87 :List_push) gay shit
DEBUG: (src/list.c :87 :List_push) gay shit
DEBUG: (src/list.c :87 :List_push) gay shit
DEBUG: (src/list.c :87 :List_push) gay shit
DEBUG: (src/list.c :87 :List_push) gay shit
DEBUG: (src/list.c :87 :List_push) gay shit
DEBUG: (src/list.c :87 :List_push) gay shit
DEBUG: (src/list.c :87 :List_push) gay shit
DEBUG: (src/list.c :87 :List_push) gay shit
DEBUG: (src/list.c :87 :List_push) gay shit
DEBUG: (src/list.c :87 :List_push) gay shit
DEBUG: (src/list.c :87 :List_push) gay shit
DEBUG: (src/list.c :87 :List_push) gay shit
DEBUG: (src/list.c :87 :List_push) gay shit
DEBUG: (src/list.c :87 :List_push) gay shit
DEBUG: (src/list.c :87 :List_push) gay shit
DEBUG: (src/list.c :87 :List_push) gay shit
DEBUG: (src/list.c :87 :List_push) gay shit
DEBUG: (src/list.c :87 :List_push) gay shit
DEBUG: (src/list.c :87 :List_push) gay shit
DEBUG: (src/list.c :87 :List_push) gay shit
DEBUG: (src/list.c :87 :List_push) gay shit
DEBUG: (src/list.c :87 :List_push) gay shit
DEBUG: (src/list.c :87 :List_push) gay shit
DEBUG: (src/list.c :87 :List_push) gay shit
DEBUG: (src/list.c :87 :List_push) gay shit
DEBUG: (src/list.c :87 :List_push) gay shit
DEBUG: (src/list.c :87 :List_push) gay shit
DEBUG: (src/list.c :87 :List_push) gay shit
DEBUG: (src/list.c :87 :List_push) gay shit
DEBUG: (src/list.c :87 :List_push) gay shit
DEBUG: (src/list.c :87 :List_push) gay shit
DEBUG: (src/list.c :87 :List_push) gay shit
DEBUG: (src/list.c :87 :List_push) gay shit
DEBUG: (src/list.c :87 :List_push) gay shit
DEBUG: (src/list.c :87 :List_push) gay shit
DEBUG: (src/list.c :87 :List_push) gay shit
DEBUG: (src/list.c :87 :List_push) gay shit
DEBUG: (src/list.c :87 :List_push) gay shit
DEBUG: (src/list.c :87 :List_push) gay shit
DEBUG: (src/list.c :87 :List_push) gay shit
DEBUG: (src/list.c :87 :List_push) gay shit
DEBUG: (src/list.c :87 :List_push) gay shit
DEBUG: (src/list.c :87 :List_push) gay shit
DEBUG: (src/list.c :87 :List_push) gay shit
DEBUG: (src/list.c :87 :List_push) gay shit
DEBUG: (src/list.c :87 :List_push) gay shit
DEBUG: (src/list.c :87 :List_push) gay shit
DEBUG: (src/list.c :87 :List_push) gay shit
DEBUG: (src/list.c :87 :List_push) gay shit
DEBUG: (src/list.c :87 :List_push) gay shit
DEBUG: (src/list.c :87 :List_push) gay shit
DEBUG: (src/list.c :87 :List_push) gay shit
DEBUG: (src/list.c :87 :List_push) gay shit
DEBUG: (src/list.c :87 :List_push) gay shit
DEBUG: (src/list.c :87 :List_push) gay shit
DEBUG: (src/list.c :87 :List_push) gay shit
DEBUG: (src/list.c :87 :List_push) gay shit
DEBUG: (src/list.c :87 :List_push) gay shit
DEBUG: (src/list.c :87 :List_push) gay shit
DEBUG: (src/list.c :87 :List_push) gay shit
DEBUG: (src/list.c :87 :List_push) gay shit
DEBUG: (src/list.c :87 :List_push) gay shit
DEBUG: (src/list.c :87 :List_push) gay shit
DEBUG: (src/list.c :87 :List_push) gay shit
DEBUG: (src/list.c :87 :List_push) gay shit
DEBUG: (src/list.c :87 :List_push) gay shit
DEBUG: (src/list.c :87 :List_push) gay shit
DEBUG: (src/list.c :87 :List_push) gay shit
DEBUG: (src/list.c :87 :List_push) gay shit
DEBUG: (src/list.c :87 :List_push) gay shit
DEBUG: (src/list.c :87 :List_push) gay shit
DEBUG: (src/list.c :87 :List_push) gay shit
DEBUG: (src/list.c :87 :List_push) gay shit
DEBUG: (src/list.c :87 :List_push) gay shit
DEBUG: (src/list.c :87 :List_push) gay shit
DEBUG: (src/list.c :87 :List_push) gay shit
DEBUG: (src/list.c :87 :List_push) gay shit
DEBUG: (src/list.c :87 :List_push) gay shit
DEBUG: (src/list.c :87 :List_push) gay shit
DEBUG: (src/list.c :87 :List_push) gay shit
DEBUG: (src/list.c :87 :List_push) gay shit
DEBUG: (src/list.c :87 :List_push) gay shit
DEBUG: (src/list.c :87 :List_push) gay shit
DEBUG: (src/list.c :87 :List_push) gay shit
DEBUG: (src/list.c :87 :List_push) gay shit
DEBUG: (src/list.c :87 :List_push) gay shit
DEBUG: (src/list.c :87 :List_push) gay shit
DEBUG: (src/list.c :87 :List_push) gay shit
DEBUG: (src/list.c :87 :List_push) gay shit
DEBUG: (src/list.c :87 :List_push) gay shit
DEBUG: (src/list.c :87 :List_push) gay shit
DEBUG: (src/list.c :87 :List_push) gay shit
DEBUG: (src/list.c :87 :List_push) gay shit
DEBUG: (src/list.c :87 :List_push) gay shit
DEBUG: (src/list.c :87 :List_push) gay shit
DEBUG: (src/list.c :87 :List_push) gay shit
DEBUG: (src/list.c :87 :List_push) gay shit
DEBUG: (src/list.c :87 :List_push) gay shit
DEBUG: (src/list.c :87 :List_push) gay shit
DEBUG: (src/list.c :87 :List_push) gay shit
DEBUG: (src/list.c :87 :List_push) gay shit
DEBUG: (src/list.c :87 :List_push) gay shit
DEBUG: (src/list.c :87 :List_push) gay shit
DEBUG: (src/list.c :87 :List_push) gay shit
DEBUG: (src/list.c :87 :List_push) gay shit
DEBUG: (src/list.c :87 :List_push) gay shit
DEBUG: (src/list.c :87 :List_push) gay shit
DEBUG: (src/list.c :87 :List_push) gay shit
DEBUG: (src/list.c :87 :List_push) gay shit
DEBUG: (src/list.c :87 :List_push) gay shit
DEBUG: (src/list.c :87 :List_push) gay shit
DEBUG: (src/list.c :87 :List_push) gay shit
DEBUG: (src/list.c :87 :List_push) gay shit
DEBUG: (src/list.c :87 :List_push) gay shit
DEBUG: (src/list.c :87 :List_push) gay shit
DEBUG: (src/list.c :87 :List_push) gay shit
DEBUG: (src/list.c :87 :List_push) gay shit
DEBUG: (src/list.c :87 :List_push) gay shit
DEBUG: (src/list.c :87 :List_push) gay shit
DEBUG: (src/list.c :87 :List_push) gay shit
DEBUG: (src/list.c :87 :List_push) gay shit
DEBUG: (src/list.c :87 :List_push) gay shit
DEBUG: (src/list.c :87 :List_push) gay shit
DEBUG: (src/list.c :87 :List_push) gay shit
DEBUG: (src/list.c :87 :List_push) gay shit
DEBUG: (src/list.c :87 :List_push) gay shit
DEBUG: (src/list.c :87 :List_push) gay shit
DEBUG: (src/list.c :87 :List_push) gay shit
DEBUG: (src/list.c :87 :List_push) gay shit
DEBUG: (src/list.c :87 :List_push) gay shit
DEBUG: (src/list.c :87 :List_push) gay shit
DEBUG: (src/list.c :87 :List_push) gay shit
DEBUG: (src/list.c :87 :List_push) gay shit
DEBUG: (src/list.c :87 :List_push) gay shit
DEBUG: (src/list.c :87 :List_push) gay shit
DEBUG: (src/list.c :87 :List_push) gay shit
DEBUG: (src/list.c :87 :List_push) gay shit
DEBUG: (src/list.c :87 :List_push) gay shit
DEBUG: (src/list.c :87 :List_push) gay shit
DEBUG: (src/list.c :87 :List_push) gay shit
DEBUG: (src/list.c :87 :List_push) gay shit
DEBUG: (src/list.c :87 :List_push) gay shit
DEBUG: (src/list.c :87 :List_push) gay shit
DEBUG: (src/list.c :87 :List_push) gay shit
DEBUG: (src/list.c :87 :List_push) gay shit
DEBUG: (src/list.c :87 :List_push) gay shit
DEBUG: (src/list.c :87 :List_push) gay shit
DEBUG: (src/list.c :87 :List_push) gay shit
DEBUG: (src/list.c :87 :List_push) gay shit
DEBUG: (src/list.c :87 :List_push) gay shit
DEBUG: (src/list.c :87 :List_push) gay shit
DEBUG: (src/list.c :87 :List_push) gay shit
DEBUG: (src/list.c :87 :List_push) gay shit
DEBUG: (src/list.c :87 :List_push) gay shit
DEBUG: (src/list.c :87 :List_push) gay shit
DEBUG: (src/list.c :87 :List_push) gay shit
DEBUG: (src/list.c :87 :List_push) gay shit
DEBUG: (src/list.c :87 :List_push) gay shit
DEBUG: (src/list.c :87 :List_push) gay shit
DEBUG: (src/list.c :87 :List_push) gay shit
DEBUG: (src/list.c :87 :List_push) gay shit
DEBUG: (src/list.c :87 :List_push) gay shit
DEBUG: (src/list.c :87 :List_push) gay shit
DEBUG: (src/list.c :87 :List_push) gay shit
DEBUG: (src/list.c :87 :List_push) gay shit
DEBUG: (src/list.c :87 :List_push) gay shit
DEBUG: (src/list.c :87 :List_push) gay shit
DEBUG: (src/list.c :87 :List_push) gay shit
DEBUG: (src/list.c :87 :List_push) gay shit
DEBUG: (src/list.c :87 :List_push) gay shit
DEBUG: (src/list.c :87 :List_push) gay shit
DEBUG: (src/list.c :87 :List_push) gay shit
DEBUG: (src/list.c :87 :List_push) gay shit
DEBUG: (src/list.c :87 :List_push) gay shit
DEBUG: (src/list.c :87 :List_push) gay shit
DEBUG: (src/list.c :87 :List_push) gay shit
DEBUG: (src/list.c :87 :List_push) gay shit
DEBUG: (src/list.c :87 :List_push) gay shit
DEBUG: (src/list.c :87 :List_push) gay shit
DEBUG: (src/list.c :87 :List_push) gay shit
DEBUG: (src/list.c :87 :List_push) gay shit
DEBUG: (src/list.c :87 :List_push) gay shit
DEBUG: (src/list.c :87 :List_push) gay shit
DEBUG: (src/list.c :87 :List_push) gay shit
DEBUG: (src/list.c :87 :List_push) gay shit
DEBUG: (src/list.c :87 :List_push) gay shit
DEBUG: (src/list.c :87 :List_push) gay shit
DEBUG: (src/list.c :87 :List_push) gay shit
DEBUG: (src/list.c :87 :List_push) gay shit
DEBUG: (src/list.c :87 :List_push) gay shit
DEBUG: (src/list.c :87 :List_push) gay shit
DEBUG: (src/list.c :87 :List_push) gay shit
DEBUG: (src/list.c :87 :List_push) gay shit
DEBUG: (src/list.c :87 :List_push) gay shit
DEBUG: (src/list.c :87 :List_push) gay shit
DEBUG: (src/list.c :87 :List_push) gay shit
DEBUG: (src/list.c :87 :List_push) gay shit
DEBUG: (src/list.c :87 :List_push) gay shit
DEBUG: (src/list.c :87 :List_push) gay shit
DEBUG: (src/list.c :87 :List_push) gay shit
DEBUG: (src/list.c :87 :List_push) gay shit
DEBUG: (src/list.c :87 :List_push) gay shit
DEBUG: (src/list.c :87 :List_push) gay shit
DEBUG: (src/list.c :87 :List_push) gay shit
DEBUG: (src/list.c :87 :List_push) gay shit
DEBUG: (src/list.c :87 :List_push) gay shit
DEBUG: (src/list.c :87 :List_push) gay shit
DEBUG: (src/list.c :87 :List_push) gay shit
DEBUG: (src/list.c :87 :List_push) gay shit
DEBUG: (src/list.c :87 :List_push) gay shit
DEBUG: (src/list.c :87 :List_push) gay shit
DEBUG: (src/list.c :87 :List_push) gay shit
DEBUG: (src/list.c :87 :List_push) gay shit
DEBUG: (src/list.c :87 :List_push) gay shit
DEBUG: (src/list.c :87 :List_push) gay shit
DEBUG: (src/list.c :87 :List_push) gay shit
DEBUG: (src/list.c :87 :List_push) gay shit
DEBUG: (src/list.c :87 :List_push) gay shit
DEBUG: (src/list.c :87 :List_push) gay shit
DEBUG: (src/list.c :87 :List_push) gay shit
DEBUG: (src/list.c :87 :List_push) gay shit
DEBUG: (src/list.c :87 :List_push) gay shit
DEBUG: (src/list.c :87 :List_push) gay shit
DEBUG: (src/list.c :87 :List_push) gay shit
DEBUG: (src/list.c :87 :List_push) gay shit
DEBUG: (src/list.c :87 :List_push) gay shit
DEBUG: (src/list.c :87 :List_push) gay shit
DEBUG: (src/list.c :87 :List_push) gay shit
DEBUG: (src/list.c :87 :List_push) gay shit
DEBUG: (src/list.c :87 :List_push) gay shit
DEBUG: (src/list.c :87 :List_push) gay shit
DEBUG: (src/list.c :87 :List_push) gay shit
DEBUG: (src/list.c :87 :List_push) gay shit
DEBUG: (src/list.c :87 :List_push) gay shit
DEBUG: (src/list.c :87 :List_push) gay shit
DEBUG: (src/list.c :87 :List_push) gay shit
DEBUG: (src/list.c :87 :List_push) gay shit
DEBUG: (src/list.c :87 :List_push) gay shit
DEBUG: (src/list.c :87 :List_push) gay shit
DEBUG: (src/list.c :87 :List_push) gay shit
DEBUG: (src/list.c :87 :List_push) gay shit
DEBUG: (src/list.c :87 :List_push) gay shit
DEBUG: (src/list.c :87 :List_push) gay shit
DEBUG: (src/list.c :87 :List_push) gay shit
DEBUG: (src/list.c :87 :List_push) gay shit
DEBUG: (src/list.c :87 :List_push) gay shit
DEBUG: (src/list.c :87 :List_push) gay shit
DEBUG: (src/list.c :87 :List_push) gay shit
DEBUG: (src/list.c :87 :List_push) gay shit
DEBUG: (src/list.c :87 :List_push) gay shit
DEBUG: (src/list.c :87 :List_push) gay shit
DEBUG: (src/list.c :87 :List_push) gay shit
DEBUG: (src/list.c :87 :List_push) gay shit
DEBUG: (src/list.c :87 :List_push) gay shit
DEBUG: (src/list.c :87 :List_push) gay shit
DEBUG: (src/list.c :87 :List_push) gay shit
DEBUG: (src/list.c :87 :List_push) gay shit
DEBUG: (src/list.c :87 :List_push) gay shit
DEBUG: (src/list.c :87 :List_push) gay shit
DEBUG: (src/list.c :87 :List_push) gay shit
DEBUG: (src/list.c :87 :List_push) gay shit
DEBUG: (src/list.c :87 :List_push) gay shit
DEBUG: (src/list.c :87 :List_push) gay shit
DEBUG: (src/list.c :87 :List_push) gay shit
DEBUG: (src/list.c :87 :List_push) gay shit
DEBUG: (src/list.c :87 :List_push) gay shit
DEBUG: (src/list.c :87 :List_push) gay shit
DEBUG: (src/list.c :87 :List_push) gay shit
DEBUG: (src/list.c :87 :List_push) gay shit
DEBUG: (src/list.c :87 :List_push) gay shit
DEBUG: (src/list.c :87 :List_push) gay shit
DEBUG: (src/list.c :87 :List_push) gay shit
DEBUG: (src/list.c :87 :List_push) gay shit
DEBUG: (src/list.c :87 :List_push) gay shit
DEBUG: (src/list.c :87 :List_push) gay shit
DEBUG: (src/list.c :87 :List_push) gay shit
DEBUG: (src/list.c :87 :List_push) gay shit
DEBUG: (src/list.c :87 :List_push) gay shit
DEBUG: (src/list.c :87 :List_push) gay shit
DEBUG: (src/list.c :87 :List_push) gay shit
DEBUG: (src/list.c :87 :List_push) gay shit
DEBUG: (src/list.c :87 :List_push) gay shit
DEBUG: (src/list.c :87 :List_push) gay shit
DEBUG: (src/list.c :87 :List_push) gay shit
DEBUG: (src/list.c :87 :List_push) gay shit
DEBUG: (src/list.c :87 :List_push) gay shit
DEBUG: (src/list.c :87 :List_push) gay shit
DEBUG: (src/list.c :87 :List_push) gay shit
DEBUG: (src/list.c :87 :List_push) gay shit
DEBUG: (src/list.c :87 :List_push) gay shit
DEBUG: (src/list.c :87 :List_push) gay shit
DEBUG: (src/list.c :87 :List_push) gay shit
DEBUG: (src/list.c :87 :List_push) gay shit
DEBUG: (src/list.c :87 :List_push) gay shit
DEBUG: (src/list.c :87 :List_push) gay shit
DEBUG: (src/list.c :87 :List_push) gay shit
DEBUG: (src/list.c :87 :List_push) gay shit
DEBUG: (src/list.c :87 :List_push) gay shit
DEBUG: (src/list.c :87 :List_push) gay shit
DEBUG: (src/list.c :87 :List_push) gay shit
DEBUG: (src/list.c :87 :List_push) gay shit
DEBUG: (src/list.c :87 :List_push) gay shit
DEBUG: (src/list.c :87 :List_push) gay shit
DEBUG: (src/list.c :87 :List_push) gay shit
DEBUG: (src/list.c :87 :List_push) gay shit
DEBUG: (src/list.c :87 :List_push) gay shit
DEBUG: (src/list.c :87 :List_push) gay shit
DEBUG: (src/list.c :87 :List_push) gay shit
DEBUG: (src/list.c :87 :List_push) gay shit
DEBUG: (src/list.c :87 :List_push) gay shit
DEBUG: (src/list.c :87 :List_push) gay shit
DEBUG: (src/list.c :87 :List_push) gay shit
DEBUG: (src/list.c :87 :List_push) gay shit
DEBUG: (src/list.c :87 :List_push) gay shit
DEBUG: (src/list.c :87 :List_push) gay shit
DEBUG: (src/list.c :87 :List_push) gay shit
DEBUG: (src/list.c :87 :List_push) gay shit
DEBUG: (src/list.c :87 :List_push) gay shit
DEBUG: (src/list.c :87 :List_push) gay shit
DEBUG: (src/list.c :87 :List_push) gay shit
DEBUG: (src/list.c :87 :List_push) gay shit
DEBUG: (src/list.c :87 :List_push) gay shit
DEBUG: (src/list.c :87 :List_push) gay shit
DEBUG: (src/list.c :87 :List_push) gay shit
DEBUG: (src/list.c :87 :List_push) gay shit
DEBUG: (src/list.c :87 :List_push) gay shit
DEBUG: (src/list.c :87 :List_push) gay shit
DEBUG: (src/list.c :87 :List_push) gay shit
DEBUG: (src/list.c :87 :List_push) gay shit
DEBUG: (src/list.c :87 :List_push) gay shit
DEBUG: (src/list.c :87 :List_push) gay shit
DEBUG: (src/list.c :87 :List_push) gay shit
DEBUG: (src/list.c :87 :List_push) gay shit
DEBUG: (src/list.c :87 :List_push) gay shit
DEBUG: (src/list.c :87 :List_push) gay shit
DEBUG: (src/list.c :87 :List_push) gay shit
DEBUG: (src/list.c :87 :List_push) gay shit
DEBUG: (src/list.c :87 :List_push) gay shit
DEBUG: (src/list.c :87 :List_push) gay shit
DEBUG: (src/list.c :87 :List_push) gay shit
DEBUG: (src/list.c :87 :List_push) gay shit
DEBUG: (src/list.c :87 :List_push) gay shit
DEBUG: (src/list.c :87 :List_push) gay shit
DEBUG: (src/list.c :87 :List_push) gay shit
DEBUG: (src/list.c :87 :List_push) gay shit
DEBUG: (src/list.c :87 :List_push) gay shit
DEBUG: (src/list.c :87 :List_push) gay shit
DEBUG: (src/list.c :87 :List_push) gay shit
DEBUG: (src/list.c :87 :List_push) gay shit
DEBUG: (src/list.c :87 :List_push) gay shit
DEBUG: (src/list.c :87 :List_push) gay shit
DEBUG: (src/list.c :87 :List_push) gay shit
DEBUG: (src/list.c :87 :List_push) gay shit
DEBUG: (src/list.c :87 :List_push) gay shit
DEBUG: (src/list.c :87 :List_push) gay shit
DEBUG: (src/list.c :87 :List_push) gay shit
DEBUG: (src/list.c :87 :List_push) gay shit
DEBUG: (src/list.c :87 :List_push) gay shit
DEBUG: (src/list.c :87 :List_push) gay shit
DEBUG: (src/list.c :87 :List_push) gay shit
DEBUG: (src/list.c :87 :List_push) gay shit
DEBUG: (src/list.c :87 :List_push) gay shit
DEBUG: (src/list.c :87 :List_push) gay shit
DEBUG: (src/list.c :87 :List_push) gay shit
DEBUG: (src/list.c :87 :List_push) gay shit
DEBUG: (src/list.c :87 :List_push) gay shit
DEBUG: (src/list.c :87 :List_push) gay shit
DEBUG: (src/list.c :87 :List_push) gay shit
DEBUG: (src/list.c :87 :List_push) gay shit
DEBUG: (src/list.c :87 :List_push) gay shit
DEBUG: (src/list.c :87 :List_push) gay shit
DEBUG: (src/list.c :87 :List_push) gay shit
DEBUG: (src/list.c :87 :List_push) gay shit
DEBUG: (src/list.c :87 :List_push) gay shit
DEBUG: (src/list.c :87 :List_push) gay shit
DEBUG: (src/list.c :87 :List_push) gay shit
DEBUG: (src/list.c :87 :List_push) gay shit
DEBUG: (src/list.c :87 :List_push) gay shit
DEBUG: (src/list.c :87 :List_push) gay shit
DEBUG: (src/list.c :87 :List_push) gay shit
DEBUG: (src/list.c :87 :List_push) gay shit
DEBUG: (src/list.c :87 :List_push) gay shit
DEBUG: (src/list.c :87 :List_push) gay shit
DEBUG: (src/list.c :87 :List_push) gay shit
DEBUG: (src/list.c :87 :List_push) gay shit
DEBUG: (src/list.c :87 :List_push) gay shit
DEBUG: (src/list.c :87 :List_push) gay shit
DEBUG: (src/list.c :87 :List_push) gay shit
DEBUG: (src/list.c :87 :List_push) gay shit
DEBUG: (src/list.c :87 :List_push) gay shit
DEBUG: (src/list.c :87 :List_push) gay shit
DEBUG: (src/list.c :87 :List_push) gay shit
DEBUG: (src/list.c :87 :List_push) gay shit
DEBUG: (src/list.c :87 :List_push) gay shit
DEBUG: (src/list.c :87 :List_push) gay shit
DEBUG: (src/list.c :87 :List_push) gay shit
DEBUG: (src/list.c :87 :List_push) gay shit
DEBUG: (src/list.c :87 :List_push) gay shit
DEBUG: (src/list.c :87 :List_push) gay shit
DEBUG: (src/list.c :87 :List_push) gay shit
DEBUG: (src/list.c :87 :List_push) gay shit
DEBUG: (src/list.c :87 :List_push) gay shit
DEBUG: (src/list.c :87 :List_push) gay shit
DEBUG: (src/list.c :87 :List_push) gay shit
DEBUG: (src/list.c :87 :List_push) gay shit
DEBUG: (src/list.c :87 :List_push) gay shit
DEBUG: (src/list.c :87 :List_push) gay shit
DEBUG: (src/list.c :87 :List_push) gay shit
DEBUG: (src/list.c :87 :List_push) gay shit
DEBUG: (src/list.c :87 :List_push) gay shit
DEBUG: (src/list.c :87 :List_push) gay shit
DEBUG: (src/list.c :87 :List_push) gay shit
DEBUG: (src/list.c :87 :List_push) gay shit
DEBUG: (src/list.c :87 :List_push) gay shit
DEBUG: (src/list.c :87 :List_push) gay shit
DEBUG: (src/list.c :87 :List_push) gay shit
DEBUG: (src/list.c :87 :List_push) gay shit
DEBUG: (src/list.c :87 :List_push) gay shit
DEBUG: (src/list.c :87 :List_push) gay shit
DEBUG: (src/list.c :87 :List_push) gay shit
DEBUG: (src/list.c :87 :List_push) gay shit
DEBUG: (src/list.c :87 :List_push) gay shit
DEBUG: (src/list.c :87 :List_push) gay shit
DEBUG: (src/list.c :87 :List_push) gay shit
DEBUG: (src/list.c :87 :List_push) gay shit
DEBUG: (src/list.c :87 :List_push) gay shit
DEBUG: (src/list.c :87 :List_push) gay shit
DEBUG: (src/list.c :87 :List_push) gay shit
DEBUG: (src/list.c :87 :List_push) gay shit
DEBUG: (src/list.c :87 :List_push) gay shit
DEBUG: (src/list.c :87 :List_push) gay shit
DEBUG: (src/list.c :87 :List_push) gay shit
DEBUG: (src/list.c :87 :List_push) gay shit
DEBUG: (src/list.c :87 :List_push) gay shit
DEBUG: (src/list.c :87 :List_push) gay shit
DEBUG: (src/list.c :87 :List_push) gay shit
DEBUG: (src/list.c :87 :List_push) gay shit
DEBUG: (src/list.c :87 :List_push) gay shit
DEBUG: (src/list.c :87 :List_push) gay shit
DEBUG: (src/list.c :87 :List_push) gay shit
DEBUG: (src/list.c :87 :List_push) gay shit
DEBUG: (src/list.c :87 :List_push) gay shit
DEBUG: (src/list.c :87 :List_push) gay shit
DEBUG: (src/list.c :87 :List_push) gay shit
DEBUG: (src/list.c :87 :List_push) gay shit
DEBUG: (src/list.c :87 :List_push) gay shit
DEBUG: (src/list.c :87 :List_push) gay shit
DEBUG: (src/list.c :87 :List_push) gay shit
DEBUG: (src/list.c :87 :List_push) gay shit
DEBUG: (src/list.c :87 :List_push) gay shit
DEBUG: (src/list.c :87 :List_push) gay shit
DEBUG: (src/list.c :87 :List_push) gay shit
DEBUG: (src/list.c :87 :List_push) gay shit
DEBUG: (src/list.c :87 :List_push) gay shit
DEBUG: (src/list.c :87 :List_push) gay shit
DEBUG: (src/list.c :87 :List_push) gay shit
DEBUG: (src/list.c :87 :List_push) gay shit
DEBUG: (src/list.c :87 :List_push) gay shit
DEBUG: (src/list.c :87 :List_push) gay shit
DEBUG: (src/list.c :87 :List_push) gay shit
DEBUG: (src/list.c :87 :List_push) gay shit
DEBUG: (src/list.c :87 :List_push) gay shit
DEBUG: (src/list.c :87 :List_push) gay shit
DEBUG: (src/list.c :87 :List_push) gay shit
DEBUG: (src/list.c :87 :List_push) gay shit
DEBUG: (src/list.c :87 :List_push) gay shit
DEBUG: (src/list.c :87 :List_push) gay shit
DEBUG: (src/list.c :87 :List_push) gay shit
DEBUG: (src/list.c :87 :List_push) gay shit
DEBUG: (src/list.c :87 :List_push) gay shit
DEBUG: (src/list.c :87 :List_push) gay shit
DEBUG: (src/list.c :87 :List_push) gay shit
DEBUG: (src/list.c :87 :List_push) gay shit
DEBUG: (src/list.c :87 :List_push) gay shit
DEBUG: (src/list.c :87 :List_push) gay shit
DEBUG: (src/list.c :87 :List_push) gay shit
DEBUG: (src/list.c :87 :List_push) gay shit
DEBUG: (src/list.c :87 :List_push) gay shit
DEBUG: (src/list.c :87 :List_push) gay shit
DEBUG: (src/list.c :87 :List_push) gay shit
DEBUG: (src/list.c :87 :List_push) gay shit
DEBUG: (src/list.c :87 :List_push) gay shit
DEBUG: (src/list.c :87 :List_push) gay shit
DEBUG: (src/list.c :87 :List_push) gay shit
DEBUG: (src/list.c :87 :List_push) gay shit
DEBUG: (src/list.c :87 :List_push) gay shit
DEBUG: (src/list.c :87 :List_push) gay shit
DEBUG: (src/list.c :87 :List_push) gay shit
DEBUG: (src/list.c :87 :List_push) gay shit
DEBUG: (src/list.c :87 :List_push) gay shit
DEBUG: (src/list.c :87 :List_push) gay shit
DEBUG: (src/list.c :87 :List_push) gay shit
DEBUG: (src/list.c :87 :List_push) gay shit
DEBUG: (src/list.c :87 :List_push) gay shit
DEBUG: (src/list.c :87 :List_push) gay shit
DEBUG: (src/list.c :87 :List_push) gay shit
DEBUG: (src/list.c :87 :List_push) gay shit
DEBUG: (src/list.c :87 :List_push) gay shit
DEBUG: (src/list.c :87 :List_push) gay shit
DEBUG: (src/list.c :87 :List_push) gay shit
DEBUG: (src/list.c :87 :List_push) gay shit
DEBUG: (src/list.c :87 :List_push) gay shit
DEBUG: (src/list.c :87 :List_push) gay shit
DEBUG: (src/list.c :87 :List_push) gay shit
DEBUG: (src/list.c :87 :List_push) gay shit
DEBUG: (src/list.c :87 :List_push) gay shit
DEBUG: (src/list.c :87 :List_push) gay shit
DEBUG: (src/list.c :87 :List_push) gay shit
DEBUG: (src/list.c :87 :List_push) gay shit
DEBUG: (src/list.c :87 :List_push) gay shit
DEBUG: (src/list.c :87 :List_push) gay shit
DEBUG: (src/list.c :87 :List_push) gay shit
DEBUG: (src/list.c :87 :List_push) gay shit
DEBUG: (src/list.c :87 :List_push) gay shit
DEBUG: (src/list.c :87 :List_push) gay shit
DEBUG: (src/list.c :87 :List_push) gay shit
DEBUG: (src/list.c :87 :List_push) gay shit
DEBUG: (src/list.c :87 :List_push) gay shit
DEBUG: (src/list.c :87 :List_push) gay shit
DEBUG: (src/list.c :87 :List_push) gay shit
DEBUG: (src/list.c :87 :List_push) gay shit
DEBUG: (src/list.c :87 :List_push) gay shit
DEBUG: (src/list.c :87 :List_push) gay shit
DEBUG: (src/list.c :87 :List_push) gay shit
DEBUG: (src/list.c :87 :List_push) gay shit
DEBUG: (src/list.c :87 :List_push) gay shit
DEBUG: (src/list.c :87 :List_push) gay shit
DEBUG: (src/list.c :87 :List_push) gay shit
DEBUG: (src/list.c :87 :List_push) gay shit
DEBUG: (src/list.c :87 :List_push) gay shit
DEBUG: (src/list.c :87 :List_push) gay shit
DEBUG: (src/list.c :87 :List_push) gay shit
DEBUG: (src/list.c :87 :List_push) gay shit
DEBUG: (src/list.c :87 :List_push) gay shit
DEBUG: (src/list.c :87 :List_push) gay shit
DEBUG: (src/list.c :87 :List_push) gay shit
DEBUG: (src/list.c :87 :List_push) gay shit
DEBUG: (src/list.c :87 :List_push) gay shit
DEBUG: (src/list.c :87 :List_push) gay shit
DEBUG: (src/list.c :87 :List_push) gay shit
DEBUG: (src/list.c :87 :List_push) gay shit
DEBUG: (src/list.c :87 :List_push) gay shit
DEBUG: (src/list.c :87 :List_push) gay shit
DEBUG: (src/list.c :87 :List_push) gay shit
DEBUG: (src/list.c :87 :List_push) gay shit
DEBUG: (src/list.c :87 :List_push) gay shit
DEBUG: (src/list.c :87 :List_push) gay shit
DEBUG: (src/list.c :87 :List_push) gay shit
DEBUG: (src/list.c :87 :List_push) gay shit
DEBUG: (src/list.c :87 :List_push) gay shit
DEBUG: (src/list.c :87 :List_push) gay shit
DEBUG: (src/list.c :87 :List_push) gay shit
DEBUG: (src/list.c :87 :List_push) gay shit
DEBUG: (src/list.c :87 :List_push) gay shit
DEBUG: (src/list.c :87 :List_push) gay shit
DEBUG: (src/list.c :87 :List_push) gay shit
DEBUG: (src/list.c :87 :List_push) gay shit
DEBUG: (src/list.c :87 :List_push) gay shit
DEBUG: (src/list.c :87 :List_push) gay shit
DEBUG: (src/list.c :87 :List_push) gay shit
DEBUG: (src/list.c :87 :List_push) gay shit
DEBUG: (src/list.c :87 :List_push) gay shit
DEBUG: (src/list.c :87 :List_push) gay shit
DEBUG: (src/list.c :87 :List_push) gay shit
DEBUG: (src/list.c :87 :List_push) gay shit
DEBUG: (src/list.c :87 :List_push) gay shit
DEBUG: (src/list.c :87 :List_push) gay shit
DEBUG: (src/list.c :87 :List_push) gay shit
DEBUG: (src/list.c :87 :List_push) gay shit
DEBUG: (src/list.c :87 :List_push) gay shit
DEBUG: (src/list.c :87 :List_push) gay shit
DEBUG: (src/list.c :87 :List_push) gay shit
DEBUG: (src/list.c :87 :List_push) gay shit
DEBUG: (src/list.c :87 :List_push) gay shit
DEBUG: (src/list.c :87 :List_push) gay shit
DEBUG: (src/list.c :87 :List_push) gay shit
DEBUG: (src/list.c :87 :List_push) gay shit
DEBUG: (src/list.c :87 :List_push) gay shit
DEBUG: (src/list.c :87 :List_push) gay shit
DEBUG: (src/list.c :87 :List_push) gay shit
DEBUG: (src/list.c :87 :List_push) gay shit
DEBUG: (src/list.c :87 :List_push) gay shit
DEBUG: (src/list.c :87 :List_push) gay shit
DEBUG: (src/list.c :87 :List_push) gay shit
DEBUG: (src/list.c :87 :List_push) gay shit
DEBUG: (src/list.c :87 :List_push) gay shit
DEBUG: (src/list.c :87 :List_push) gay shit
DEBUG: (src/list.c :87 :List_push) gay shit
DEBUG: (src/list.c :87 :List_push) gay shit
DEBUG: (src/list.c :87 :List_push) gay shit
DEBUG: (src/list.c :87 :List_push) gay shit
DEBUG: (src/list.c :87 :List_push) gay shit
DEBUG: (src/list.c :87 :List_push) gay shit
DEBUG: (src/list.c :87 :List_push) gay shit
DEBUG: (src/list.c :87 :List_push) gay shit
DEBUG: (src/list.c :87 :List_push) gay shit
DEBUG: (src/list.c :87 :List_push) gay shit
DEBUG: (src/list.c :87 :List_push) gay shit
DEBUG: (src/list.c :87 :List_push) gay shit
DEBUG: (src/list.c :87 :List_push) gay shit
DEBUG: (src/list.c :87 :List_push) gay shit
DEBUG: (src/list.c :87 :List_push) gay shit
DEBUG: (src/list.c :87 :List_push) gay shit
DEBUG: (src/list.c :87 :List_push) gay shit
DEBUG: (src/list.c :87 :List_push) gay shit
DEBUG: (src/list.c :87 :List_push) gay shit
DEBUG: (src/list.c :87 :List_push) gay shit
DEBUG: (src/list.c :87 :List_push) gay shit
DEBUG: (src/list.c :87 :List_push) gay shit
DEBUG: (src/list.c :87 :List_push) gay shit
DEBUG: (src/list.c :87 :List_push) gay shit
DEBUG: (src/list.c :87 :List_push) gay shit
DEBUG: (src/list.c :87 :List_push) gay shit
DEBUG: (src/list.c :87 :List_push) gay shit
DEBUG: (src/list.c :87 :List_push) gay shit
DEBUG: (src/list.c :87 :List_push) gay shit
DEBUG: (src/list.c :87 :List_push) gay shit
DEBUG: (src/list.c :87 :List_push) gay shit
DEBUG: (src/list.c :87 :List_push) gay shit
DEBUG: (src/list.c :87 :List_push) gay shit
DEBUG: (src/list.c :87 :List_push) gay shit
DEBUG: (src/list.c :87 :List_push) gay shit
DEBUG: (src/list.c :87 :List_push) gay shit
DEBUG: (src/list.c :87 :List_push) gay shit
DEBUG: (src/list.c :87 :List_push) gay shit
DEBUG: (src/list.c :87 :List_push) gay shit
DEBUG: (src/list.c :87 :List_push) gay shit
DEBUG: (src/list.c :87 :List_push) gay shit
DEBUG: (src/list.c :87 :List_push) gay shit
DEBUG: (src/list.c :87 :List_push) gay shit
DEBUG: (src/list.c :87 :List_push) gay shit
DEBUG: (src/list.c :87 :List_push) gay shit
DEBUG: (src/list.c :87 :List_push) gay shit
DEBUG: (src/list.c :87 :List_push) gay shit
DEBUG: (src/list.c :87 :List_push) gay shit
DEBUG: (src/list.c :87 :List_push) gay shit
DEBUG: (src/list.c :87 :List_push) gay shit
DEBUG: (src/list.c :87 :List_push) gay shit
DEBUG: (src/list.c :87 :List_push) gay shit
DEBUG: (src/list.c :87 :List_push) gay shit
DEBUG: (src/list.c :87 :List_push) gay shit
DEBUG: (src/list.c :87 :List_push) gay shit
DEBUG: (src/list.c :87 :List_push) gay shit
DEBUG: (src/list.c :87 :List_push) gay shit
DEBUG: (src/list.c :87 :List_push) gay shit
DEBUG: (src/list.c :87 :List_push) gay shit
DEBUG: (src/list.c :87 :List_push) gay shit
DEBUG: (src/list.c :87 :List_push) gay shit
DEBUG: (src/list.c :87 :List_push) gay shit
DEBUG: (src/list.c :87 :List_push) gay shit
DEBUG: (src/list.c :87 :List_push) gay shit
DEBUG: (src/list.c :87 :List_push) gay shit
DEBUG: (src/list.c :87 :List_push) gay shit
DEBUG: (src/list.c :87 :List_push) gay shit
DEBUG: (src/list.c :87 :List_push) gay shit
DEBUG: (src/list.c :87 :List_push) gay shit
DEBUG: (src/list.c :87 :List_push) gay shit
DEBUG: (src/list.c :87 :List_push) gay shit
DEBUG: (src/list.c :87 :List_push) gay shit
DEBUG: (src/list.c :87 :List_push) gay shit
DEBUG: (src/list.c :87 :List_push) gay shit
DEBUG: (src/list.c :87 :List_push) gay shit
DEBUG: (src/list.c :87 :List_push) gay shit
DEBUG: (src/list.c :87 :List_push) gay shit
DEBUG: (src/list.c :87 :List_push) gay shit
DEBUG: (src/list.c :87 :List_push) gay shit
DEBUG: (src/list.c :87 :List_push) gay shit
DEBUG: (src/list.c :87 :List_push) gay shit
DEBUG: (src/list.c :87 :List_push) gay shit
DEBUG: (src/list.c :87 :List_push) gay shit
DEBUG: (src/list.c :87 :List_push) gay shit
DEBUG: (src/list.c :87 :List_push) gay shit
DEBUG: (src/list.c :87 :List_push) gay shit
DEBUG: (src/list.c :87 :List_push) gay shit
DEBUG: (src/list.c :87 :List_push) gay shit
DEBUG: (src/list.c :87 :List_push) gay shit
DEBUG: (src/list.c :87 :List_push) gay shit
DEBUG: (src/list.c :87 :List_push) gay shit
DEBUG: (src/list.c :87 :List_push) gay shit
DEBUG: (src/list.c :87 :List_push) gay shit
DEBUG: (src/list.c :87 :List_push) gay shit
DEBUG: (src/list.c :87 :List_push) gay shit
DEBUG: (src/list.c :87 :List_push) gay shit
DEBUG: (src/list.c :87 :List_push) gay shit
DEBUG: (src/list.c :87 :List_push) gay shit
DEBUG: (src/list.c :87 :List_push) gay shit
DEBUG: (src/list.c :87 :List_push) gay shit
DEBUG: (src/list.c :87 :List_push) gay shit
DEBUG: (src/list.c :87 :List_push) gay shit
DEBUG: (src/list.c :87 :List_push) gay shit
DEBUG: (src/list.c :87 :List_push) gay shit
DEBUG: (src/list.c :87 :List_push) gay shit
DEBUG: (src/list.c :87 :List_push) gay shit
DEBUG: (src/list.c :87 :List_push) gay shit
DEBUG: (src/list.c :87 :List_push) gay shit
DEBUG: (src/list.c :87 :List_push) gay shit
DEBUG: (src/list.c :87 :List_push) gay shit
DEBUG: (src/list.c :87 :List_push) gay shit
DEBUG: (src/list.c :87 :List_push) gay shit
DEBUG: (src/list.c :87 :List_push) gay shit
DEBUG: (src/list.c :87 :List_push) gay shit
DEBUG: (src/list.c :87 :List_push) gay shit
DEBUG: (src/list.c :87 :List_push) gay shit
DEBUG: (src/list.c :87 :List_push) gay shit
DEBUG: (src/list.c :87 :List_push) gay shit
DEBUG: (src/list.c :87 :List_push) gay shit
DEBUG: (src/list.c :87 :List_push) gay shit
DEBUG: (src/list.c :87 :List_push) gay shit
DEBUG: (src/list.c :87 :List_push) gay shit
DEBUG: (src/list.c :87 :List_push) gay shit
DEBUG: (src/list.c :87 :List_push) gay shit
DEBUG: (src/list.c :87 :List_push) gay shit
DEBUG: (src/list.c :87 :List_push) gay shit
DEBUG: (src/list.c :87 :List_push) gay shit
DEBUG: (src/list.c :87 :List_push) gay shit
DEBUG: (src/list.c :87 :List_push) gay shit
DEBUG: (src/list.c :87 :List_push) gay shit
DEBUG: (src/list.c :87 :List_push) gay shit
DEBUG: (src/list.c :87 :List_push) gay shit
DEBUG: (src/list.c :87 :List_push) gay shit
DEBUG: (src/list.c :87 :List_push) gay shit
DEBUG: (src/list.c :87 :List_push) gay shit
DEBUG: (src/list.c :87 :List_push) gay shit
DEBUG: (src/list.c :87 :List_push) gay shit
DEBUG: (src/list.c :87 :List_push) gay shit
DEBUG: (src/list.c :87 :List_push) gay shit
DEBUG: (src/list.c :87 :List_push) gay shit
DEBUG: (src/list.c :87 :List_push) gay shit
DEBUG: (src/list.c :87 :List_push) gay shit
DEBUG: (src/list.c :87 :List_push) gay shit
DEBUG: (src/list.c :87 :List_push) gay shit
DEBUG: (src/list.c :87 :List_push) gay shit
DEBUG: (src/list.c :87 :List_push) gay shit
DEBUG: (src/list.c :87 :List_push) gay shit
DEBUG: (src/list.c :87 :List_push) gay shit
DEBUG: (src/list.c :87 :List_push) gay shit
DEBUG: (src/list.c :87 :List_push) gay shit
DEBUG: (src/list.c :87 :List_push) gay shit
DEBUG: (src/list.c :87 :List_push) gay shit
DEBUG: (src/list.c :87 :List_push) gay shit
DEBUG: (src/list.c :87 :List_push) gay shit
DEBUG: (src/list.c :87 :List_push) gay shit
DEBUG: (src/list.c :87 :List_push) gay shit
DEBUG: (src/list.c :87 :List_push) gay shit
DEBUG: (src/list.c :87 :List_push) gay shit
DEBUG: (src/list.c :87 :List_push) gay shit
DEBUG: (src/list.c :87 :List_push) gay shit
DEBUG: (src/list.c :87 :List_push) gay shit
DEBUG: (src/list.c :87 :List_push) gay shit
DEBUG: (src/list.c :87 :List_push) gay shit
DEBUG: (src/list.c :87 :List_push) gay shit
DEBUG: (src/list.c :87 :List_push) gay shit
DEBUG: (src/list.c :87 :List_push) gay shit
DEBUG: (src/list.c :87 :List_push) gay shit
DEBUG: (src/list.c :87 :List_push) gay shit
DEBUG: (src/list.c :87 :List_push) gay shit
DEBUG: (src/list.c :87 :List_push) gay shit
DEBUG: (src/list.c :87 :List_push) gay shit
DEBUG: (src/list.c :87 :List_push) gay shit
DEBUG: (src/list.c :87 :List_push) gay shit
DEBUG: (src/list.c :87 :List_push) gay shit
DEBUG: (src/list.c :87 :List_push) gay shit
DEBUG: (src/list.c :87 :List_push) gay shit
DEBUG: (src/list.c :87 :List_push) gay shit
DEBUG: (src/list.c :87 :List_push) gay shit
DEBUG: (src/list.c :87 :List_push) gay shit
DEBUG: (src/list.c :87 :List_push) gay shit
DEBUG: (src/list.c :87 :List_push) gay shit
DEBUG: (src/list.c :87 :List_push) gay shit
DEBUG: (src/list.c :87 :List_push) gay shit
DEBUG: (src/list.c :87 :List_push) gay shit
DEBUG: (src/list.c :87 :List_push) gay shit
DEBUG: (src/list.c :87 :List_push) gay shit
DEBUG: (src/list.c :87 :List_push) gay shit
DEBUG: (src/list.c :87 :List_push) gay shit
DEBUG: (src/list.c :87 :List_push) gay shit
DEBUG: (src/list.c :87 :List_push) gay shit
DEBUG: (src/list.c :87 :List_push) gay shit
DEBUG: (src/list.c :87 :List_push) gay shit
DEBUG: (src/list.c :87 :List_push) gay shit
DEBUG: (src/list.c :87 :List_push) gay shit
DEBUG: (src/list.c :87 :List_push) gay shit
DEBUG: (src/list.c :87 :List_push) gay shit
DEBUG: (src/list.c :87 :List_push) gay shit
DEBUG: (src/list.c :87 :List_push) gay shit
DEBUG: (src/list.c :87 :List_push) gay shit
DEBUG: (src/list.c :87 :List_push) gay shit
DEBUG: (src/list.c :87 :List_push) gay shit
DEBUG: (src/list.c :87 :List_push) gay shit
DEBUG: (src/list.c :87 :List_push) gay shit
DEBUG: (src/list.c :87 :List_push) gay shit
DEBUG: (src/list.c :87 :List_push) gay shit
DEBUG: (src/list.c :87 :List_push) gay shit
DEBUG: (src/list.c :87 :List_push) gay shit
DEBUG: (src/list.c :87 :List_push) gay shit
DEBUG: (src/list.c :87 :List_push) gay shit
DEBUG: (src/list.c :87 :List_push) gay shit
DEBUG: (src/list.c :87 :List_push) gay shit
DEBUG: (src/list.c :87 :List_push) gay shit
DEBUG: (src/list.c :87 :List_push) gay shit
DEBUG: (src/list.c :87 :List_push) gay shit
DEBUG: (src/list.c :87 :List_push) gay shit
DEBUG: (src/list.c :87 :List_push) gay shit
DEBUG: (src/list.c :87 :List_push) gay shit
DEBUG: (src/list.c :87 :List_push) gay shit
DEBUG: (src/list.c :87 :List_push) gay shit
DEBUG: (src/list.c :87 :List_push) gay shit
DEBUG: (src/list.c :87 :List_push) gay shit
DEBUG: (src/list.c :87 :List_push) gay shit
DEBUG: (src/list.c :87 :List_push) gay shit
DEBUG: (src/list.c :87 :List_push) gay shit
DEBUG: (src/list.c :87 :List_push) gay shit
DEBUG: (src/list.c :87 :List_push) gay shit
DEBUG: (src/list.c :87 :List_push) gay shit
DEBUG: (src/list.c :87 :List_push) gay shit
DEBUG: (src/list.c :87 :List_push) gay shit
DEBUG: (src/list.c :87 :List_push) gay shit
DEBUG: (src/list.c :87 :List_push) gay shit
DEBUG: (src/list.c :87 :List_push) gay shit
DEBUG: (src/list.c :87 :List_push) gay shit
DEBUG: (src/list.c :87 :List_push) gay shit
DEBUG: (src/list.c :87 :List_push) gay shit
DEBUG: (src/list.c :87 :List_push) gay shit
DEBUG: (src/list.c :87 :List_push) gay shit
DEBUG: (src/list.c :87 :List_push) gay shit
DEBUG: (src/list.c :87 :List_push) gay shit
DEBUG: (src/list.c :87 :List_push) gay shit
DEBUG: (src/list.c :87 :List_push) gay shit
DEBUG: (src/list.c :87 :List_push) gay shit
DEBUG: (src/list.c :87 :List_push) gay shit
DEBUG: (src/list.c :87 :List_push) gay shit
DEBUG: (src/list.c :87 :List_push) gay shit
DEBUG: (src/list.c :87 :List_push) gay shit
DEBUG: (src/list.c :87 :List_push) gay shit
DEBUG: (src/list.c :87 :List_push) gay shit
DEBUG: (src/list.c :87 :List_push) gay shit
DEBUG: (src/list.c :87 :List_push) gay shit
DEBUG: (src/list.c :87 :List_push) gay shit
DEBUG: (src/list.c :87 :List_push) gay shit
DEBUG: (src/list.c :87 :List_push) gay shit
DEBUG: (src/list.c :87 :List_push) gay shit
DEBUG: (src/list.c :87 :List_push) gay shit
DEBUG: (src/list.c :87 :List_push) gay shit
DEBUG: (src/list.c :87 :List_push) gay shit
DEBUG: (src/list.c :87 :List_push) gay shit
DEBUG: (src/list.c :87 :List_push) gay shit
DEBUG: (src/list.c :87 :List_push) gay shit
DEBUG: (src/list.c :87 :List_push) gay shit
DEBUG: (src/list.c :87 :List_push) gay shit
DEBUG: (src/list.c :87 :List_push) gay shit
DEBUG: (src/list.c :87 :List_push) gay shit
DEBUG: (src/list.c :87 :List_push) gay shit
DEBUG: (src/list.c :87 :List_push) gay shit
DEBUG: (src/list.c :87 :List_push) gay shit
DEBUG: (src/list.c :87 :List_push) gay shit
DEBUG: (src/list.c :87 :List_push) gay shit
DEBUG: (src/list.c :87 :List_push) gay shit
DEBUG: (src/list.c :87 :List_push) gay shit
DEBUG: (src/list.c :87 :List_push) gay shit
DEBUG: (src/list.c :87 :List_push) gay shit
DEBUG: (src/list.c :87 :List_push) gay shit
DEBUG: (src/list.c :87 :List_push) gay shit
DEBUG: (src/list.c :87 :List_push) gay shit
DEBUG: (src/list.c :87 :List_push) gay shit
DEBUG: (src/list.c :87 :List_push) gay shit
DEBUG: (src/list.c :87 :List_push) gay shit
DEBUG: (src/list.c :87 :List_push) gay shit
DEBUG: (src/list.c :87 :List_push) gay shit
DEBUG: (src/list.c :87 :List_push) gay shit
DEBUG: (src/list.c :87 :List_push) gay shit
DEBUG: (src/list.c :87 :List_push) gay shit
DEBUG: (src/list.c :87 :List_push) gay shit
DEBUG: (src/list.c :87 :List_push) gay shit
DEBUG: (src/list.c :87 :List_push) gay shit
DEBUG: (src/list.c :87 :List_push) gay shit
DEBUG: (src/list.c :87 :List_push) gay shit
DEBUG: (src/list.c :87 :List_push) gay shit
DEBUG: (src/list.c :87 :List_push) gay shit
DEBUG: (src/list.c :87 :List_push) gay shit
DEBUG: (src/list.c :87 :List_push) gay shit
DEBUG: (src/list.c :87 :List_push) gay shit
DEBUG: (src/list.c :87 :List_push) gay shit
DEBUG: (src/list.c :87 :List_push) gay shit
DEBUG: (src/list.c :87 :List_push) gay shit
DEBUG: (src/list.c :87 :List_push) gay shit
DEBUG: (src/list.c :87 :List_push) gay shit
DEBUG: (src/list.c :87 :List_push) gay shit
DEBUG: (src/list.c :87 :List_push) gay shit
DEBUG: (src/list.c :87 :List_push) gay shit
DEBUG: (src/list.c :87 :List_push) gay shit
DEBUG: (src/list.c :87 :List_push) gay shit
DEBUG: (src/list.c :87 :List_push) gay shit
DEBUG: (src/list.c :87 :List_push) gay shit
DEBUG: (src/list.c :87 :List_push) gay shit
DEBUG: (src/list.c :87 :List_push) gay shit
DEBUG: (src/list.c :87 :List_push) gay shit
DEBUG: (src/list.c :87 :List_push) gay shit
DEBUG: (src/list.c :87 :List_push) gay shit
DEBUG: (src/list.c :87 :List_push) gay shit
DEBUG: (src/list.c :87 :List_push) gay shit
DEBUG: (src/list.c :87 :List_push) gay shit
DEBUG: (src/list.c :87 :List_push) gay shit
DEBUG: (src/list.c :87 :List_push) gay shit
DEBUG: (src/list.c :87 :List_push) gay shit
DEBUG: (src/list.c :87 :List_push) gay shit
DEBUG: (src/list.c :87 :List_push) gay shit
DEBUG: (src/list.c :87 :List_push) gay shit
DEBUG: (src/list.c :87 :List_push) gay shit
DEBUG: (src/list.c :87 :List_push) gay shit
DEBUG: (src/list.c :87 :List_push) gay shit
DEBUG: (src/list.c :87 :List_push) gay shit
DEBUG: (src/list.c :87 :List_push) gay shit
DEBUG: (src/list.c :87 :List_push) gay shit
DEBUG: (src/list.c :87 :List_push) gay shit
DEBUG: (src/list.c :87 :List_push) gay shit
DEBUG: (src/list.c :87 :List_push) gay shit
DEBUG: (src/list.c :87 :List_push) gay shit
DEBUG: (src/list.c :87 :List_push) gay shit
DEBUG: (src/list.c :87 :List_push) gay shit
DEBUG: (src/list.c :87 :List_push) gay shit
DEBUG: (src/list.c :87 :List_push) gay shit
DEBUG: (src/list.c :87 :List_push) gay shit
DEBUG: (src/list.c :87 :List_push) gay shit
DEBUG: (src/list.c :87 :List_push) gay shit
DEBUG: (src/list.c :87 :List_push) gay shit
DEBUG: (src/list.c :87 :List_push) gay shit
DEBUG: (src/list.c :87 :List_push) gay shit
DEBUG: (src/list.c :87 :List_push) gay shit
DEBUG: (src/list.c :87 :List_push) gay shit
DEBUG: (src/list.c :87 :List_push) gay shit
DEBUG: (src/list.c :87 :List_push) gay shit
DEBUG: (src/list.c :87 :List_push) gay shit
DEBUG: (src/list.c :87 :List_push) gay shit
DEBUG: (src/list.c :87 :List_push) gay shit
DEBUG: (src/list.c :87 :List_push) gay shit
DEBUG: (src/list.c :87 :List_push) gay shit
DEBUG: (src/list.c :87 :List_push) gay shit
DEBUG: (src/list.c :87 :List_push) gay shit
DEBUG: (src/list.c :87 :List_push) gay shit
DEBUG: (src/list.c :87 :List_push) gay shit
DEBUG: (src/list.c :87 :List_push) gay shit
DEBUG: (src/list.c :87 :List_push) gay shit
DEBUG: (src/list.c :87 :List_push) gay shit
DEBUG: (src/list.c :87 :List_push) gay shit
DEBUG: (src/list.c :87 :List_push) gay shit
DEBUG: (src/list.c :87 :List_push) gay shit
DEBUG: (src/list.c :87 :List_push) gay shit
DEBUG: (src/list.c :87 :List_push) gay shit
DEBUG: (src/list.c :87 :List_push) gay shit
DEBUG: (src/list.c :87 :List_push) gay shit
DEBUG: (src/list.c :87 :List_push) gay shit
DEBUG: (src/list.c :87 :List_push) gay shit
DEBUG: (src/list.c :87 :List_push) gay shit
DEBUG: (src/list.c :87 :List_push) gay shit
DEBUG: (src/list.c :87 :List_push) gay shit
DEBUG: (src/list.c :87 :List_push) gay shit
DEBUG: (src/list.c :87 :List_push) gay shit
DEBUG: (src/list.c :87 :List_push) gay shit
DEBUG: (src/list.c :87 :List_push) gay shit
DEBUG: (src/list.c :87 :List_push) gay shit
DEBUG: (src/list.c :87 :List_push) gay shit
DEBUG: (src/list.c :87 :List_push) gay shit
DEBUG: (src/list.c :87 :List_push) gay shit
DEBUG: (src/list.c :87 :List_push) gay shit
DEBUG: (src/list.c :87 :List_push) gay shit
DEBUG: (src/list.c :87 :List_push) gay shit
DEBUG: (src/list.c :87 :List_push) gay shit
DEBUG: (src/list.c :87 :List_push) gay shit
DEBUG: (src/list.c :87 :List_push) gay shit
DEBUG: (src/list.c :87 :List_push) gay shit
DEBUG: (src/list.c :87 :List_push) gay shit
DEBUG: (src/list.c :87 :List_push) gay shit
DEBUG: (src/list.c :87 :List_push) gay shit
DEBUG: (src/list.c :87 :List_push) gay shit
DEBUG: (src/list.c :87 :List_push) gay shit
DEBUG: (src/list.c :87 :List_push) gay shit
DEBUG: (src/list.c :87 :List_push) gay shit
DEBUG: (src/list.c :87 :List_push) gay shit
DEBUG: (src/list.c :87 :List_push) gay shit
DEBUG: (src/list.c :87 :List_push) gay shit
DEBUG: (src/list.c :87 :List_push) gay shit
DEBUG: (src/list.c :87 :List_push) gay shit
DEBUG: (src/list.c :87 :List_push) gay shit
DEBUG: (src/list.c :87 :List_push) gay shit
DEBUG: (src/list.c :87 :List_push) gay shit
DEBUG: (src/list.c :87 :List_push) gay shit
DEBUG: (src/list.c :87 :List_push) gay shit
DEBUG: (src/list.c :87 :List_push) gay shit
DEBUG: (src/list.c :87 :List_push) gay shit
DEBUG: (src/list.c :87 :List_push) gay shit
DEBUG: (src/list.c :87 :List_push) gay shit
DEBUG: (src/list.c :87 :List_push) gay shit
DEBUG: (src/list.c :87 :List_push) gay shit
DEBUG: (src/list.c :87 :List_push) gay shit
DEBUG: (src/list.c :87 :List_push) gay shit
DEBUG: (src/list.c :87 :List_push) gay shit
DEBUG: (src/list.c :87 :List_push) gay shit
DEBUG: (src/list.c :87 :List_push) gay shit
DEBUG: (src/list.c :87 :List_push) gay shit
DEBUG: (src/list.c :87 :List_push) gay shit
DEBUG: (src/list.c :87 :List_push) gay shit
DEBUG: (src/list.c :87 :List_push) gay shit
DEBUG: (src/list.c :87 :List_push) gay shit
DEBUG: (src/list.c :87 :List_push) gay shit
DEBUG: (src/list.c :87 :List_push) gay shit
DEBUG: (src/list.c :87 :List_push) gay shit
DEBUG: (src/list.c :87 :List_push) gay shit
DEBUG: (src/list.c :87 :List_push) gay shit
DEBUG: (src/list.c :87 :List_push) gay shit
DEBUG: (src/list.c :87 :List_push) gay shit
DEBUG: (src/list.c :87 :List_push) gay shit
DEBUG: (src/list.c :87 :List_push) gay shit
DEBUG: (src/list.c :87 :List_push) gay shit
DEBUG: (src/list.c :87 :List_push) gay shit
DEBUG: (src/list.c :87 :List_push) gay shit
DEBUG: (src/list.c :87 :List_push) gay shit
DEBUG: (src/list.c :87 :List_push) gay shit
DEBUG: (src/list.c :87 :List_push) gay shit
DEBUG: (src/list.c :87 :List_push) gay shit
DEBUG: (src/list.c :87 :List_push) gay shit
DEBUG: (src/list.c :87 :List_push) gay shit
DEBUG: (src/list.c :87 :List_push) gay shit
DEBUG: (src/list.c :87 :List_push) gay shit
DEBUG: (src/list.c :87 :List_push) gay shit
DEBUG: (src/list.c :87 :List_push) gay shit
DEBUG: (src/list.c :87 :List_push) gay shit
DEBUG: (src/list.c :87 :List_push) gay shit
DEBUG: (src/list.c :87 :List_push) gay shit
DEBUG: (src/list.c :87 :List_push) gay shit
DEBUG: (src/list.c :87 :List_push) gay shit
DEBUG: (src/list.c :87 :List_push) gay shit
DEBUG: (src/list.c :87 :List_push) gay shit
DEBUG: (src/list.c :87 :List_push) gay shit
DEBUG: (src/list.c :87 :List_push) gay shit
DEBUG: (src/list.c :87 :List_push) gay shit
DEBUG: (src/list.c :87 :List_push) gay shit
DEBUG: (src/list.c :87 :List_push) gay shit
DEBUG: (src/list.c :87 :List_push) gay shit
DEBUG: (src/list.c :87 :List_push) gay shit
DEBUG: (src/list.c :87 :List_push) gay shit
DEBUG: (src/list.c :87 :List_push) gay shit
DEBUG: (src/list.c :87 :List_push) gay shit
DEBUG: (src/list.c :87 :List_push) gay shit
DEBUG: (src/list.c :87 :List_push) gay shit
DEBUG: (src/list.c :87 :List_push) gay shit
DEBUG: (src/list.c :87 :List_push) gay shit
DEBUG: (src/list.c :87 :List_push) gay shit
DEBUG: (src/list.c :87 :List_push) gay shit
DEBUG: (src/list.c :87 :List_push) gay shit
DEBUG: (src/list.c :87 :List_push) gay shit
DEBUG: (src/list.c :87 :List_push) gay shit
DEBUG: (src/list.c :87 :List_push) gay shit
DEBUG: (src/list.c :87 :List_push) gay shit
DEBUG: (src/list.c :87 :List_push) gay shit
DEBUG: (src/list.c :87 :List_push) gay shit
DEBUG: (src/list.c :87 :List_push) gay shit
DEBUG: (src/list.c :87 :List_push) gay shit
DEBUG: (src/list.c :87 :List_push) gay shit
DEBUG: (src/list.c :87 :List_push) gay shit
DEBUG: (src/list.c :87 :List_push) gay shit
DEBUG: (src/list.c :87 :List_push) gay shit
DEBUG: (src/list.c :87 :List_push) gay shit
DEBUG: (src/list.c :87 :List_push) gay shit
DEBUG: (src/list.c :87 :List_push) gay shit
DEBUG: (src/list.c :87 :List_push) gay shit
DEBUG: (src/list.c :87 :List_push) gay shit
DEBUG: (src/list.c :87 :List_push) gay shit
DEBUG: (src/list.c :87 :List_push) gay shit
DEBUG: (src/list.c :87 :List_push) gay shit
DEBUG: (src/list.c :87 :List_push) gay shit
DEBUG: (src/list.c :87 :List_push) gay shit
DEBUG: (src/list.c :87 :List_push) gay shit
DEBUG: (src/list.c :87 :List_push) gay shit
DEBUG: (src/list.c :87 :List_push) gay shit
DEBUG: (src/list.c :87 :List_push) gay shit
DEBUG: (src/list.c :87 :List_push) gay shit
DEBUG: (src/list.c :87 :List_push) gay shit
DEBUG: (src/list.c :87 :List_push) gay shit
DEBUG: (src/list.c :87 :List_push) gay shit
DEBUG: (src/list.c :87 :List_push) gay shit
DEBUG: (src/list.c :87 :List_push) gay shit
DEBUG: (src/list.c :87 :List_push) gay shit
DEBUG: (src/list.c :87 :List_push) gay shit
DEBUG: (src/list.c :87 :List_push) gay shit
DEBUG: (src/list.c :87 :List_push) gay shit
DEBUG: (src/list.c :87 :List_push) gay shit
DEBUG: (src/list.c :87 :List_push) gay shit
DEBUG: (src/list.c :87 :List_push) gay shit
DEBUG: (src/list.c :87 :List_push) gay shit
DEBUG: (src/list.c :87 :List_push) gay shit
DEBUG: (src/list.c :87 :List_push) gay shit
DEBUG: (src/list.c :87 :List_push) gay shit
DEBUG: (src/list.c :87 :List_push) gay shit
DEBUG: (src/list.c :87 :List_push) gay shit
DEBUG: (src/list.c :87 :List_push) gay shit
DEBUG: (src/list.c :87 :List_push) gay shit
DEBUG: (src/list.c :87 :List_push) gay shit
DEBUG: (src/list.c :87 :List_push) gay shit
DEBUG: (src/list.c :87 :List_push) gay shit
DEBUG: (src/list.c :87 :List_push) gay shit
DEBUG: (src/list.c :87 :List_push) gay shit
DEBUG: (src/list.c :87 :List_push) gay shit
DEBUG: (src/list.c :87 :List_push) gay shit
DEBUG: (src/list.c :87 :List_push) gay shit
DEBUG: (src/list.c :87 :List_push) gay shit
DEBUG: (src/list.c :87 :List_push) gay shit
DEBUG: (src/list.c :87 :List_push) gay shit
DEBUG: (src/list.c :87 :List_push) gay shit
DEBUG: (src/list.c :87 :List_push) gay shit
DEBUG: (src/list.c :87 :List_push) gay shit
DEBUG: (src/list.c :87 :List_push) gay shit
DEBUG: (src/list.c :87 :List_push) gay shit
DEBUG: (src/list.c :87 :List_push) gay shit
DEBUG: (src/list.c :87 :List_push) gay shit
DEBUG: (src/list.c :87 :List_push) gay shit
DEBUG: (src/list.c :87 :List_push) gay shit
DEBUG: (src/list.c :87 :List_push) gay shit
DEBUG: (src/list.c :87 :List_push) gay shit
DEBUG: (src/list.c :87 :List_push) gay shit
DEBUG: (src/list.c :87 :List_push) gay shit
DEBUG: (src/list.c :87 :List_push) gay shit
DEBUG: (src/list.c :87 :List_push) gay shit
DEBUG: (src/list.c :87 :List_push) gay shit
DEBUG: (src/list.c :87 :List_push) gay shit
DEBUG: (src/list.c :87 :List_push) gay shit
DEBUG: (src/list.c :87 :List_push) gay shit
DEBUG: (src/list.c :87 :List_push) gay shit
DEBUG: (src/list.c :87 :List_push) gay shit
DEBUG: (src/list.c :87 :List_push) gay shit
DEBUG: (src/list.c :87 :List_push) gay shit
DEBUG: (src/list.c :87 :List_push) gay shit
DEBUG: (src/list.c :87 :List_push) gay shit
DEBUG: (src/list.c :87 :List_push) gay shit
DEBUG: (src/list.c :87 :List_push) gay shit
DEBUG: (src/list.c :87 :List_push) gay shit
DEBUG: (src/list.c :87 :List_push) gay shit
DEBUG: (src/list.c :87 :List_push) gay shit
DEBUG: (src/list.c :87 :List_push) gay shit
DEBUG: (src/list.c :87 :List_push) gay shit
DEBUG: (src/list.c :87 :List_push) gay shit
DEBUG: (src/list.c :87 :List_push) gay shit
DEBUG: (src/list.c :87 :List_push) gay shit
DEBUG: (src/list.c :87 :List_push) gay shit
DEBUG: (src/list.c :87 :List_push) gay shit
DEBUG: (src/list.c :87 :List_push) gay shit
DEBUG: (src/list.c :87 :List_push) gay shit
DEBUG: (src/list.c :87 :List_push) gay shit
DEBUG: (src/list.c :87 :List_push) gay shit
DEBUG: (src/list.c :87 :List_push) gay shit
DEBUG: (src/list.c :87 :List_push) gay shit
DEBUG: (src/list.c :87 :List_push) gay shit
DEBUG: (src/list.c :87 :List_push) gay shit
DEBUG: (src/list.c :87 :List_push) gay shit
DEBUG: (src/list.c :87 :List_push) gay shit
DEBUG: (src/list.c :87 :List_push) gay shit
DEBUG: (src/list.c :87 :List_push) gay shit
DEBUG: (src/list.c :87 :List_push) gay shit
DEBUG: (src/list.c :87 :List_push) gay shit
DEBUG: (src/list.c :87 :List_push) gay shit
DEBUG: (src/list.c :87 :List_push) gay shit
DEBUG: (src/list.c :87 :List_push) gay shit
DEBUG: (src/list.c :87 :List_push) gay shit
DEBUG: (src/list.c :87 :List_push) gay shit
DEBUG: (src/list.c :87 :List_push) gay shit
DEBUG: (src/list.c :87 :List_push) gay shit
DEBUG: (src/list.c :87 :List_push) gay shit
DEBUG: (src/list.c :87 :List_push) gay shit
DEBUG: (src/list.c :87 :List_push) gay shit
DEBUG: (src/list.c :87 :List_push) gay shit
DEBUG: (src/list.c :87 :List_push) gay shit
DEBUG: (src/list.c :87 :List_push) gay shit
DEBUG: (src/list.c :87 :List_push) gay shit
DEBUG: (src/list.c :87 :List_push) gay shit
DEBUG: (src/list.c :87 :List_push) gay shit
DEBUG: (src/list.c :87 :List_push) gay shit
DEBUG: (src/list.c :87 :List_push) gay shit
DEBUG: (src/list.c :87 :List_push) gay shit
DEBUG: (src/list.c :87 :List_push) gay shit
DEBUG: (src/list.c :87 :List_push) gay shit
DEBUG: (src/list.c :87 :List_push) gay shit
DEBUG: (src/list.c :87 :List_push) gay shit
DEBUG: (src/list.c :87 :List_push) gay shit
DEBUG: (src/list.c :87 :List_push) gay shit
DEBUG: (src/list.c :87 :List_push) gay shit
DEBUG: (src/list.c :87 :List_push) gay shit
DEBUG: (src/list.c :87 :List_push) gay shit
DEBUG: (src/list.c :87 :List_push) gay shit
DEBUG: (src/list.c :87 :List_push) gay shit
DEBUG: (src/list.c :87 :List_push) gay shit
DEBUG: (src/list.c :87 :List_push) gay shit
DEBUG: (src/list.c :87 :List_push) gay shit
DEBUG: (src/list.c :87 :List_push) gay shit
DEBUG: (src/list.c :87 :List_push) gay shit
DEBUG: (src/list.c :87 :List_push) gay shit
DEBUG: (src/list.c :87 :List_push) gay shit
DEBUG: (src/list.c :87 :List_push) gay shit
DEBUG: (src/list.c :87 :List_push) gay shit
DEBUG: (src/list.c :87 :List_push) gay shit
DEBUG: (src/list.c :87 :List_push) gay shit
DEBUG: (src/list.c :87 :List_push) gay shit
DEBUG: (src/list.c :87 :List_push) gay shit
DEBUG: (src/list.c :87 :List_push) gay shit
DEBUG: (src/list.c :87 :List_push) gay shit
DEBUG: (src/list.c :87 :List_push) gay shit
DEBUG: (src/list.c :87 :List_push) gay shit
DEBUG: (src/list.c :87 :List_push) gay shit
DEBUG: (src/list.c :87 :List_push) gay shit
DEBUG: (src/list.c :87 :List_push) gay shit
DEBUG: (src/list.c :87 :List_push) gay shit
DEBUG: (src/list.c :87 :List_push) gay shit
DEBUG: (src/list.c :87 :List_push) gay shit
DEBUG: (src/list.c :87 :List_push) gay shit
DEBUG: (src/list.c :87 :List_push) gay shit
DEBUG: (src/list.c :87 :List_push) gay shit
DEBUG: (src/list.c :87 :List_push) gay shit
DEBUG: (src/list.c :87 :List_push) gay shit
DEBUG: (src/list.c :87 :List_push) gay shit
DEBUG: (src/list.c :87 :List_push) gay shit
DEBUG: (src/list.c :87 :List_push) gay shit
DEBUG: (src/list.c :87 :List_push) gay shit
DEBUG: (src/list.c :87 :List_push) gay shit
DEBUG: (src/list.c :87 :List_push) gay shit
DEBUG: (src/list.c :87 :List_push) gay shit
DEBUG: (src/list.c :87 :List_push) gay shit
DEBUG: (src/list.c :87 :List_push) gay shit
DEBUG: (src/list.c :87 :List_push) gay shit
DEBUG: (src/list.c :87 :List_push) gay shit
DEBUG: (src/list.c :87 :List_push) gay shit
DEBUG: (src/list.c :87 :List_push) gay shit
DEBUG: (src/list.c :87 :List_push) gay shit
DEBUG: (src/list.c :87 :List_push) gay shit
DEBUG: (src/list.c :87 :List_push) gay shit
DEBUG: (src/list.c :87 :List_push) gay shit
DEBUG: (src/list.c :87 :List_push) gay shit
DEBUG: (src/list.c :87 :List_push) gay shit
DEBUG: (src/list.c :87 :List_push) gay shit
DEBUG: (src/list.c :87 :List_push) gay shit
DEBUG: (src/list.c :87 :List_push) gay shit
DEBUG: (src/list.c :87 :List_push) gay shit
DEBUG: (src/list.c :87 :List_push) gay shit
DEBUG: (src/list.c :87 :List_push) gay shit
DEBUG: (src/list.c :87 :List_push) gay shit
DEBUG: (src/list.c :87 :List_push) gay shit
DEBUG: (src/list.c :87 :List_push) gay shit
DEBUG: (src/list.c :87 :List_push) gay shit
DEBUG: (src/list.c :87 :List_push) gay shit
DEBUG: (src/list.c :87 :List_push) gay shit
DEBUG: (src/list.c :87 :List_push) gay shit
DEBUG: (src/list.c :87 :List_push) gay shit
DEBUG: (src/list.c :87 :List_push) gay shit
DEBUG: (src/list.c :87 :List_push) gay shit
DEBUG: (src/list.c :87 :List_push) gay shit
DEBUG: (src/list.c :87 :List_push) gay shit
DEBUG: (src/list.c :87 :List_push) gay shit
DEBUG: (src/list.c :87 :List_push) gay shit
DEBUG: (src/list.c :87 :List_push) gay shit
DEBUG: (src/list.c :87 :List_push) gay shit
DEBUG: (src/list.c :87 :List_push) gay shit
DEBUG: (src/list.c :87 :List_push) gay shit
DEBUG: (src/list.c :87 :List_push) gay shit
DEBUG: (src/list.c :87 :List_push) gay shit
DEBUG: (src/list.c :87 :List_push) gay shit
DEBUG: (src/list.c :87 :List_push) gay shit
DEBUG: (src/list.c :87 :List_push) gay shit
DEBUG: (src/list.c :87 :List_push) gay shit
DEBUG: (src/list.c :87 :List_push) gay shit
DEBUG: (src/list.c :87 :List_push) gay shit
DEBUG: (src/list.c :87 :List_push) gay shit
DEBUG: (src/list.c :87 :List_push) gay shit
DEBUG: (src/list.c :87 :List_push) gay shit
DEBUG: (src/list.c :87 :List_push) gay shit
DEBUG: (src/list.c :87 :List_push) gay shit
DEBUG: (src/list.c :87 :List_push) gay shit
DEBUG: (src/list.c :87 :List_push) gay shit
DEBUG: (src/list.c :87 :List_push) gay shit
DEBUG: (src/list.c :87 :List_push) gay shit
DEBUG: (src/list.c :87 :List_push) gay shit
DEBUG: (src/list.c :87 :List_push) gay shit
DEBUG: (src/list.c :87 :List_push) gay shit
DEBUG: (src/list.c :87 :List_push) gay shit
DEBUG: (src/list.c :87 :List_push) gay shit
DEBUG: (src/list.c :87 :List_push) gay shit
DEBUG: (src/list.c :87 :List_push) gay shit
DEBUG: (src/list.c :87 :List_push) gay shit
DEBUG: (src/list.c :87 :List_push) gay shit
DEBUG: (src/list.c :87 :List_push) gay shit
DEBUG: (src/list.c :87 :List_push) gay shit
DEBUG: (src/list.c :87 :List_push) gay shit
DEBUG: (src/list.c :87 :List_push) gay shit
DEBUG: (src/list.c :87 :List_push) gay shit
DEBUG: (src/list.c :87 :List_push) gay shit
DEBUG: (src/list.c :87 :List_push) gay shit
DEBUG: (src/list.c :87 :List_push) gay shit
DEBUG: (src/list.c :87 :List_push) gay shit
DEBUG: (src/list.c :87 :List_push) gay shit
DEBUG: (src/list.c :87 :List_push) gay shit
DEBUG: (src/list.c :87 :List_push) gay shit
DEBUG: (src/list.c :87 :List_push) gay shit
DEBUG: (src/list.c :87 :List_push) gay shit
DEBUG: (src/list.c :87 :List_push) gay shit
DEBUG: (src/list.c :87 :List_push) gay shit
DEBUG: (src/list.c :87 :List_push) gay shit
DEBUG: (src/list.c :87 :List_push) gay shit
DEBUG: (src/list.c :87 :List_push) gay shit
DEBUG: (src/list.c :87 :List_push) gay shit
DEBUG: (src/list.c :87 :List_push) gay shit
DEBUG: (src/list.c :87 :List_push) gay shit
DEBUG: (src/list.c :87 :List_push) gay shit
DEBUG: (src/list.c :87 :List_push) gay shit
DEBUG: (src/list.c :87 :List_push) gay shit
DEBUG: (src/list.c :87 :List_push) gay shit
DEBUG: (src/list.c :87 :List_push) gay shit
DEBUG: (src/list.c :87 :List_push) gay shit
DEBUG: (src/list.c :87 :List_push) gay shit
DEBUG: (src/list.c :87 :List_push) gay shit
DEBUG: (src/list.c :87 :List_push) gay shit
DEBUG: (src/list.c :87 :List_push) gay shit
DEBUG: (src/list.c :87 :List_push) gay shit
DEBUG: (src/list.c :87 :List_push) gay shit
DEBUG: (src/list.c :87 :List_push) gay shit
DEBUG: (src/list.c :87 :List_push) gay shit
DEBUG: (src/list.c :87 :List_push) gay shit
DEBUG: (src/list.c :87 :List_push) gay shit
DEBUG: (src/list.c :87 :List_push) gay shit
DEBUG: (src/list.c :87 :List_push) gay shit
DEBUG: (src/list.c :87 :List_push) gay shit
DEBUG: (src/list.c :87 :List_push) gay shit
DEBUG: (src/list.c :87 :List_push) gay shit
DEBUG: (src/list.c :87 :List_push) gay shit
DEBUG: (src/list.c :87 :List_push) gay shit
DEBUG: (src/list.c :87 :List_push) gay shit
DEBUG: (src/list.c :87 :List_push) gay shit
DEBUG: (src/list.c :87 :List_push) gay shit
DEBUG: (src/list.c :87 :List_push) gay shit
DEBUG: (src/list.c :87 :List_push) gay shit
DEBUG: (src/list.c :87 :List_push) gay shit
DEBUG: (src/list.c :87 :List_push) gay shit
DEBUG: (src/list.c :87 :List_push) gay shit
DEBUG: (src/list.c :87 :List_push) gay shit
DEBUG: (src/list.c :87 :List_push) gay shit
DEBUG: (src/list.c :87 :List_push) gay shit
DEBUG: (src/list.c :87 :List_push) gay shit
DEBUG: (src/list.c :87 :List_push) gay shit
DEBUG: (src/list.c :87 :List_push) gay shit
DEBUG: (src/list.c :87 :List_push) gay shit
DEBUG: (src/list.c :87 :List_push) gay shit
DEBUG: (src/list.c :87 :List_push) gay shit
DEBUG: (src/list.c :87 :List_push) gay shit
DEBUG: (src/list.c :87 :List_push) gay shit
DEBUG: (src/list.c :87 :List_push) gay shit
DEBUG: (src/list.c :87 :List_push) gay shit
DEBUG: (src/list.c :87 :List_push) gay shit
DEBUG: (src/list.c :87 :List_push) gay shit
DEBUG: (src/list.c :87 :List_push) gay shit
DEBUG: (src/list.c :87 :List_push) gay shit
DEBUG: (src/list.c :87 :List_push) gay shit
DEBUG: (src/list.c :87 :List_push) gay shit
DEBUG: (src/list.c :87 :List_push) gay shit
DEBUG: (src/list.c :87 :List_push) gay shit
DEBUG: (src/list.c :87 :List_push) gay shit
DEBUG: (src/list.c :87 :List_push) gay shit
DEBUG: (src/list.c :87 :List_push) gay shit
DEBUG: (src/list.c :87 :List_push) gay shit
DEBUG: (src/list.c :87 :List_push) gay shit
DEBUG: (src/list.c :87 :List_push) gay shit
DEBUG: (src/list.c :87 :List_push) gay shit
DEBUG: (src/list.c :87 :List_push) gay shit
DEBUG: (src/list.c :87 :List_push) gay shit
DEBUG: (src/list.c :87 :List_push) gay shit
DEBUG: (src/list.c :87 :List_push) gay shit
DEBUG: (src/list.c :87 :List_push) gay shit
DEBUG: (src/list.c :87 :List_push) gay shit
DEBUG: (src/list.c :87 :List_push) gay shit
DEBUG: (src/list.c :87 :List_push) gay shit
DEBUG: (src/list.c :87 :List_push) gay shit
DEBUG: (src/list.c :87 :List_push) gay shit
DEBUG: (src/list.c :87 :List_push) gay shit
DEBUG: (src/list.c :87 :List_push) gay shit
DEBUG: (src/list.c :87 :List_push) gay shit
DEBUG: (src/list.c :87 :List_push) gay shit
DEBUG: (src/list.c :87 :List_push) gay shit
DEBUG: (src/list.c :87 :List_push) gay shit
DEBUG: (src/list.c :87 :List_push) gay shit
DEBUG: (src/list.c :87 :List_push) gay shit
DEBUG: (src/list.c :87 :List_push) gay shit
DEBUG: (src/list.c :87 :List_push) gay shit
DEBUG: (src/list.c :87 :List_push) gay shit
DEBUG: (src/list.c :87 :List_push) gay shit
DEBUG: (src/list.c :87 :List_push) gay shit
DEBUG: (src/list.c :87 :List_push) gay shit
DEBUG: (src/list.c :87 :List_push) gay shit
DEBUG: (src/list.c :87 :List_push) gay shit
DEBUG: (src/list.c :87 :List_push) gay shit
DEBUG: (src/list.c :87 :List_push) gay shit
DEBUG: (src/list.c :87 :List_push) gay shit
DEBUG: (src/list.c :87 :List_push) gay shit
DEBUG: (src/list.c :87 :List_push) gay shit
DEBUG: (src/list.c :87 :List_push) gay shit
DEBUG: (src/list.c :87 :List_push) gay shit
DEBUG: (src/list.c :87 :List_push) gay shit
DEBUG: (src/list.c :87 :List_push) gay shit
DEBUG: (src/list.c :87 :List_push) gay shit
DEBUG: (src/list.c :87 :List_push) gay shit
DEBUG: (src/list.c :87 :List_push) gay shit
DEBUG: (src/list.c :87 :List_push) gay shit
DEBUG: (src/list.c :87 :List_push) gay shit
DEBUG: (src/list.c :87 :List_push) gay shit
DEBUG: (src/list.c :87 :List_push) gay shit
DEBUG: (src/list.c :87 :List_push) gay shit
DEBUG: (src/list.c :87 :List_push) gay shit
DEBUG: (src/list.c :87 :List_push) gay shit
DEBUG: (src/list.c :87 :List_push) gay shit
DEBUG: (src/list.c :87 :List_push) gay shit
DEBUG: (src/list.c :87 :List_push) gay shit
DEBUG: (src/list.c :87 :List_push) gay shit
DEBUG: (src/list.c :87 :List_push) gay shit
DEBUG: (src/list.c :87 :List_push) gay shit
DEBUG: (src/list.c :87 :List_push) gay shit
DEBUG: (src/list.c :87 :List_push) gay shit
DEBUG: (src/list.c :87 :List_push) gay shit
DEBUG: (src/list.c :87 :List_push) gay shit
DEBUG: (src/list.c :87 :List_push) gay shit
DEBUG: (src/list.c :87 :List_push) gay shit
DEBUG: (src/list.c :87 :List_push) gay shit
DEBUG: (src/list.c :87 :List_push) gay shit
DEBUG: (src/list.c :87 :List_push) gay shit
DEBUG: (src/list.c :87 :List_push) gay shit
DEBUG: (src/list.c :87 :List_push) gay shit
DEBUG: (src/list.c :87 :List_push) gay shit
DEBUG: (src/list.c :87 :List_push) gay shit
DEBUG: (src/list.c :87 :List_push) gay shit
DEBUG: (src/list.c :87 :List_push) gay shit
DEBUG: (src/list.c :87 :List_push) gay shit
DEBUG: (src/list.c :87 :List_push) gay shit
DEBUG: (src/list.c :87 :List_push) gay shit
DEBUG: (src/list.c :87 :List_push) gay shit
DEBUG: (src/list.c :87 :List_push) gay shit
DEBUG: (src/list.c :87 :List_push) gay shit
DEBUG: (src/list.c :87 :List_push) gay shit
DEBUG: (src/list.c :87 :List_push) gay shit
DEBUG: (src/list.c :87 :List_push) gay shit
DEBUG: (src/list.c :87 :List_push) gay shit
DEBUG: (src/list.c :87 :List_push) gay shit
DEBUG: (src/list.c :87 :List_push) gay shit
DEBUG: (src/list.c :87 :List_push) gay shit
DEBUG: (src/list.c :87 :List_push) gay shit
DEBUG: (src/list.c :87 :List_push) gay shit
DEBUG: (src/list.c :87 :List_push) gay shit
DEBUG: (src/list.c :87 :List_push) gay shit
DEBUG: (src/list.c :87 :List_push) gay shit
DEBUG: (src/list.c :87 :List_push) gay shit
DEBUG: (src/list.c :87 :List_push) gay shit
DEBUG: (src/list.c :87 :List_push) gay shit
DEBUG: (src/list.c :87 :List_push) gay shit
DEBUG: (src/list.c :87 :List_push) gay shit
DEBUG: (src/list.c :87 :List_push) gay shit
DEBUG: (src/list.c :87 :List_push) gay shit
DEBUG: (src/list.c :87 :List_push) gay shit
DEBUG: (src/list.c :87 :List_push) gay shit
DEBUG: (src/list.c :87 :List_push) gay shit
DEBUG: (src/list.c :87 :List_push) gay shit
DEBUG: (src/list.c :87 :List_push) gay shit
DEBUG: (src/list.c :87 :List_push) gay shit
DEBUG: (src/list.c :87 :List_push) gay shit
DEBUG: (src/list.c :87 :List_push) gay shit
DEBUG: (src/list.c :87 :List_push) gay shit
DEBUG: (src/list.c :87 :List_push) gay shit
DEBUG: (src/list.c :87 :List_push) gay shit
DEBUG: (src/list.c :87 :List_push) gay shit
DEBUG: (src/list.c :87 :List_push) gay shit
DEBUG: (src/list.c :87 :List_push) gay shit
DEBUG: (src/list.c :87 :List_push) gay shit
DEBUG: (src/list.c :87 :List_push) gay shit
DEBUG: (src/list.c :87 :List_push) gay shit
DEBUG: (src/list.c :87 :List_push) gay shit
DEBUG: (src/list.c :87 :List_push) gay shit
DEBUG: (src/list.c :87 :List_push) gay shit
DEBUG: (src/list.c :87 :List_push) gay shit
DEBUG: (src/list.c :87 :List_push) gay shit
DEBUG: (src/list.c :87 :List_push) gay shit
DEBUG: (src/list.c :87 :List_push) gay shit
DEBUG: (src/list.c :87 :List_push) gay shit
DEBUG: (src/list.c :87 :List_push) gay shit
DEBUG: (src/list.c :87 :List_push) gay shit
DEBUG: (src/list.c :87 :List_push) gay shit
DEBUG: (src/list.c :87 :List_push) gay shit
DEBUG: (src/list.c :87 :List_push) gay shit
DEBUG: (src/list.c :87 :List_push) gay shit
DEBUG: (src/list.c :87 :List_push) gay shit
DEBUG: (src/list.c :87 :List_push) gay shit
DEBUG: (src/list.c :87 :List_push) gay shit
DEBUG: (src/list.c :87 :List_push) gay shit
DEBUG: (src/list.c :87 :List_push) gay shit
DEBUG: (src/list.c :87 :List_push) gay shit
DEBUG: (src/list.c :87 :List_push) gay shit
DEBUG: (src/list.c :87 :List_push) gay shit
DEBUG: (src/list.c :87 :List_push) gay shit
DEBUG: (src/list.c :87 :List_push) gay shit
DEBUG: (src/list.c :87 :List_push) gay shit
DEBUG: (src/list.c :87 :List_push) gay shit
DEBUG: (src/list.c :87 :List_push) gay shit
DEBUG: (src/list.c :87 :List_push) gay shit
DEBUG: (src/list.c :87 :List_push) gay shit
DEBUG: (src/list.c :87 :List_push) gay shit
DEBUG: (src/list.c :87 :List_push) gay shit
DEBUG: (src/list.c :87 :List_push) gay shit
DEBUG: (src/list.c :87 :List_push) gay shit
DEBUG: (src/list.c :87 :List_push) gay shit
DEBUG: (src/list.c :87 :List_push) gay shit
DEBUG: (src/list.c :87 :List_push) gay shit
DEBUG: (src/list.c :87 :List_push) gay shit
DEBUG: (src/list.c :87 :List_push) gay shit
DEBUG: (src/list.c :87 :List_push) gay shit
DEBUG: (src/list.c :87 :List_push) gay shit
DEBUG: (src/list.c :87 :List_push) gay shit
DEBUG: (src/list.c :87 :List_push) gay shit
DEBUG: (src/list.c :87 :List_push) gay shit
DEBUG: (src/list.c :87 :List_push) gay shit
DEBUG: (src/list.c :87 :List_push) gay shit
DEBUG: (src/list.c :87 :List_push) gay shit
DEBUG: (src/list.c :87 :List_push) gay shit
DEBUG: (src/list.c :87 :List_push) gay shit
DEBUG: (src/list.c :87 :List_push) gay shit
DEBUG: (src/list.c :87 :List_push) gay shit
DEBUG: (src/list.c :87 :List_push) gay shit
DEBUG: (src/list.c :87 :List_push) gay shit
DEBUG: (src/list.c :87 :List_push) gay shit
DEBUG: (src/list.c :87 :List_push) gay shit
DEBUG: (src/list.c :87 :List_push) gay shit
DEBUG: (src/list.c :87 :List_push) gay shit
DEBUG: (src/list.c :87 :List_push) gay shit
DEBUG: (src/list.c :87 :List_push) gay shit
DEBUG: (src/list.c :87 :List_push) gay shit
DEBUG: (src/list.c :87 :List_push) gay shit
DEBUG: (src/list.c :87 :List_push) gay shit
DEBUG: (src/list.c :87 :List_push) gay shit
DEBUG: (src/list.c :87 :List_push) gay shit
DEBUG: (src/list.c :87 :List_push) gay shit
DEBUG: (src/list.c :87 :List_push) gay shit
DEBUG: (src/list.c :87 :List_push) gay shit
DEBUG: (src/list.c :87 :List_push) gay shit
DEBUG: (src/list.c :87 :List_push) gay shit
DEBUG: (src/list.c :87 :List_push) gay shit
DEBUG: (src/list.c :87 :List_push) gay shit
DEBUG: (src/list.c :87 :List_push) gay shit
DEBUG: (src/list.c :87 :List_push) gay shit
DEBUG: (src/list.c :87 :List_push) gay shit
DEBUG: (src/list.c :87 :List_push) gay shit
DEBUG: (src/list.c :87 :List_push) gay shit
DEBUG: (src/list.c :87 :List_push) gay shit
DEBUG: (src/list.c :87 :List_push) gay shit
DEBUG: (src/list.c :87 :List_push) gay shit
DEBUG: (src/list.c :87 :List_push) gay shit
DEBUG: (src/list.c :87 :List_push) gay shit
DEBUG: (src/list.c :87 :List_push) gay shit
DEBUG: (src/list.c :87 :List_push) gay shit
DEBUG: (src/list.c :87 :List_push) gay shit
DEBUG: (src/list.c :87 :List_push) gay shit
DEBUG: (src/list.c :87 :List_push) gay shit
DEBUG: (src/list.c :87 :List_push) gay shit
DEBUG: (src/list.c :87 :List_push) gay shit
DEBUG: (src/list.c :87 :List_push) gay shit
DEBUG: (src/list.c :87 :List_push) gay shit
DEBUG: (src/list.c :87 :List_push) gay shit
DEBUG: (src/list.c :87 :List_push) gay shit
DEBUG: (src/list.c :87 :List_push) gay shit
DEBUG: (src/list.c :87 :List_push) gay shit
DEBUG: (src/list.c :87 :List_push) gay shit
DEBUG: (src/list.c :87 :List_push) gay shit
DEBUG: (src/list.c :87 :List_push) gay shit
DEBUG: (src/list.c :87 :List_push) gay shit
DEBUG: (src/list.c :87 :List_push) gay shit
DEBUG: (src/list.c :87 :List_push) gay shit
DEBUG: (src/list.c :87 :List_push) gay shit
DEBUG: (src/list.c :87 :List_push) gay shit
DEBUG: (src/list.c :87 :List_push) gay shit
DEBUG: (src/list.c :87 :List_push) gay shit
DEBUG: (src/list.c :87 :List_push) gay shit
DEBUG: (src/list.c :87 :List_push) gay shit
DEBUG: (src/list.c :87 :List_push) gay shit
DEBUG: (src/list.c :87 :List_push) gay shit
DEBUG: (src/list.c :87 :List_push) gay shit
DEBUG: (src/list.c :87 :List_push) gay shit
DEBUG: (src/list.c :87 :List_push) gay shit
DEBUG: (src/list.c :87 :List_push) gay shit
DEBUG: (src/list.c :87 :List_push) gay shit
DEBUG: (src/list.c :87 :List_push) gay shit
DEBUG: (src/list.c :87 :List_push) gay shit
DEBUG: (src/list.c :87 :List_push) gay shit
DEBUG: (src/list.c :87 :List_push) gay shit
DEBUG: (src/list.c :87 :List_push) gay shit
DEBUG: (src/list.c :87 :List_push) gay shit
DEBUG: (src/list.c :87 :List_push) gay shit
DEBUG: (src/list.c :87 :List_push) gay shit
DEBUG: (src/list.c :87 :List_push) gay shit
DEBUG: (src/list.c :87 :List_push) gay shit
DEBUG: (src/list.c :87 :List_push) gay shit
DEBUG: (src/list.c :87 :List_push) gay shit
DEBUG: (src/list.c :87 :List_push) gay shit
DEBUG: (src/list.c :87 :List_push) gay shit
DEBUG: (src/list.c :87 :List_push) gay shit
DEBUG: (src/list.c :87 :List_push) gay shit
DEBUG: (src/list.c :87 :List_push) gay shit
DEBUG: (src/list.c :87 :List_push) gay shit
DEBUG: (src/list.c :87 :List_push) gay shit
DEBUG: (src/list.c :87 :List_push) gay shit
DEBUG: (src/list.c :87 :List_push) gay shit
DEBUG: (src/list.c :87 :List_push) gay shit
DEBUG: (src/list.c :87 :List_push) gay shit
DEBUG: (src/list.c :87 :List_push) gay shit
DEBUG: (src/list.c :87 :List_push) gay shit
DEBUG: (src/list.c :87 :List_push) gay shit
DEBUG: (src/list.c :87 :List_push) gay shit
DEBUG: (src/list.c :87 :List_push) gay shit
DEBUG: (src/list.c :87 :List_push) gay shit
DEBUG: (src/list.c :87 :List_push) gay shit
DEBUG: (src/list.c :87 :List_push) gay shit
DEBUG: (src/list.c :87 :List_push) gay shit
DEBUG: (src/list.c :87 :List_push) gay shit
DEBUG: (src/list.c :87 :List_push) gay shit
DEBUG: (src/list.c :87 :List_push) gay shit
DEBUG: (src/list.c :87 :List_push) gay shit
DEBUG: (src/list.c :87 :List_push) gay shit
DEBUG: (src/list.c :87 :List_push) gay shit
DEBUG: (src/list.c :87 :List_push) gay shit
DEBUG: (src/list.c :87 :List_push) gay shit
DEBUG: (src/list.c :87 :List_push) gay shit
DEBUG: (src/list.c :87 :List_push) gay shit
DEBUG: (src/list.c :87 :List_push) gay shit
DEBUG: (src/list.c :87 :List_push) gay shit
DEBUG: (src/list.c :87 :List_push) gay shit
DEBUG: (src/list.c :87 :List_push) gay shit
DEBUG: (src/list.c :87 :List_push) gay shit
DEBUG: (src/list.c :87 :List_push) gay shit
DEBUG: (src/list.c :87 :List_push) gay shit
DEBUG: (src/list.c :87 :List_push) gay shit
DEBUG: (src/list.c :87 :List_push) gay shit
DEBUG: (src/list.c :87 :List_push) gay shit
DEBUG: (src/list.c :87 :List_push) gay shit
DEBUG: (src/list.c :87 :List_push) gay shit
DEBUG: (src/list.c :87 :List_push) gay shit
DEBUG: (src/list.c :87 :List_push) gay shit
DEBUG: (src/list.c :87 :List_push) gay shit
DEBUG: (src/list.c :87 :List_push) gay shit
DEBUG: (src/list.c :87 :List_push) gay shit
DEBUG: (src/list.c :87 :List_push) gay shit
DEBUG: (src/list.c :87 :List_push) gay shit
DEBUG: (src/list.c :87 :List_push) gay shit
DEBUG: (src/list.c :87 :List_push) gay shit
DEBUG: (src/list.c :87 :List_push) gay shit
DEBUG: (src/list.c :87 :List_push) gay shit
DEBUG: (src/list.c :87 :List_push) gay shit
DEBUG: (src/list.c :87 :List_push) gay shit
DEBUG: (src/list.c :87 :List_push) gay shit
DEBUG: (src/list.c :87 :List_push) gay shit
DEBUG: (src/list.c :87 :List_push) gay shit
DEBUG: (src/list.c :87 :List_push) gay shit
DEBUG: (src/list.c :87 :List_push) gay shit
DEBUG: (src/list.c :87 :List_push) gay shit
DEBUG: (src/list.c :87 :List_push) gay shit
DEBUG: (src/list.c :87 :List_push) gay shit
DEBUG: (src/list.c :87 :List_push) gay shit
DEBUG: (src/list.c :87 :List_push) gay shit
DEBUG: (src/list.c :87 :List_push) gay shit
DEBUG: (src/list.c :87 :List_push) gay shit
DEBUG: (src/list.c :87 :List_push) gay shit
DEBUG: (src/list.c :87 :List_push) gay shit
DEBUG: (src/list.c :87 :List_push) gay shit
DEBUG: (src/list.c :87 :List_push) gay shit
DEBUG: (src/list.c :87 :List_push) gay shit
DEBUG: (src/list.c :87 :List_push) gay shit
DEBUG: (src/list.c :87 :List_push) gay shit
DEBUG: (src/list.c :87 :List_push) gay shit
DEBUG: (src/list.c :87 :List_push) gay shit
DEBUG: (src/list.c :87 :List_push) gay shit
DEBUG: (src/list.c :87 :List_push) gay shit
DEBUG: (src/list.c :87 :List_push) gay shit
DEBUG: (src/list.c :87 :List_push) gay shit
DEBUG: (src/list.c :87 :List_push) gay shit
DEBUG: (src/list.c :87 :List_push) gay shit
DEBUG: (src/list.c :87 :List_push) gay shit
DEBUG: (src/list.c :87 :List_push) gay shit
DEBUG: (src/list.c :87 :List_push) gay shit
DEBUG: (src/list.c :87 :List_push) gay shit
DEBUG: (src/list.c :87 :List_push) gay shit
DEBUG: (src/list.c :87 :List_push) gay shit
DEBUG: (src/list.c :87 :List_push) gay shit
DEBUG: (src/list.c :87 :List_push) gay shit
DEBUG: (src/list.c :87 :List_push) gay shit
DEBUG: (src/list.c :87 :List_push) gay shit
DEBUG: (src/list.c :87 :List_push) gay shit
DEBUG: (src/list.c :87 :List_push) gay shit
DEBUG: (src/list.c :87 :List_push) gay shit
DEBUG: (src/list.c :87 :List_push) gay shit
DEBUG: (src/list.c :87 :List_push) gay shit
DEBUG: (src/list.c :87 :List_push) gay shit
DEBUG: (src/list.c :87 :List_push) gay shit
DEBUG: (src/list.c :87 :List_push) gay shit
DEBUG: (src/list.c :87 :List_push) gay shit
DEBUG: (src/list.c :87 :List_push) gay shit
DEBUG: (src/list.c :87 :List_push) gay shit
DEBUG: (src/list.c :87 :List_push) gay shit
DEBUG: (src/list.c :87 :List_push) gay shit
DEBUG: (src/list.c :87 :List_push) gay shit
DEBUG: (src/list.c :87 :List_push) gay shit
DEBUG: (src/list.c :87 :List_push) gay shit
DEBUG: (src/list.c :87 :List_push) gay shit
DEBUG: (src/list.c :87 :List_push) gay shit
DEBUG: (src/list.c :87 :List_push) gay shit
DEBUG: (src/list.c :87 :List_push) gay shit
DEBUG: (src/list.c :87 :List_push) gay shit
DEBUG: (src/list.c :87 :List_push) gay shit
DEBUG: (src/list.c :87 :List_push) gay shit
DEBUG: (src/list.c :87 :List_push) gay shit
DEBUG: (src/list.c :87 :List_push) gay shit
DEBUG: (src/list.c :87 :List_push) gay shit
DEBUG: (src/list.c :87 :List_push) gay shit
DEBUG: (src/list.c :87 :List_push) gay shit
DEBUG: (src/list.c :87 :List_push) gay shit
DEBUG: (src/list.c :87 :List_push) gay shit
DEBUG: (src/list.c :87 :List_push) gay shit
DEBUG: (src/list.c :87 :List_push) gay shit
DEBUG: (src/list.c :87 :List_push) gay shit
DEBUG: (src/list.c :87 :List_push) gay shit
DEBUG: (src/list.c :87 :List_push) gay shit
DEBUG: (src/list.c :87 :List_push) gay shit
DEBUG: (src/list.c :87 :List_push) gay shit
DEBUG: (src/list.c :87 :List_push) gay shit
DEBUG: (src/list.c :87 :List_push) gay shit
DEBUG: (src/list.c :87 :List_push) gay shit
DEBUG: (src/list.c :87 :List_push) gay shit
DEBUG: (src/list.c :87 :List_push) gay shit
DEBUG: (src/list.c :87 :List_push) gay shit
DEBUG: (src/list.c :87 :List_push) gay shit
DEBUG: (src/list.c :87 :List_push) gay shit
DEBUG: (src/list.c :87 :List_push) gay shit
DEBUG: (src/list.c :87 :List_push) gay shit
DEBUG: (src/list.c :87 :List_push) gay shit
DEBUG: (src/list.c :87 :List_push) gay shit
DEBUG: (src/list.c :87 :List_push) gay shit
DEBUG: (src/list.c :87 :List_push) gay shit
DEBUG: (src/list.c :87 :List_push) gay shit
DEBUG: (src/list.c :87 :List_push) gay shit
DEBUG: (src/list.c :87 :List_push) gay shit
DEBUG: (src/list.c :87 :List_push) gay shit
DEBUG: (src/list.c :87 :List_push) gay shit
DEBUG: (src/list.c :87 :List_push) gay shit
DEBUG: (src/list.c :87 :List_push) gay shit
DEBUG: (src/list.c :87 :List_push) gay shit
DEBUG: (src/list.c :87 :List_push) gay shit
DEBUG: (src/list.c :87 :List_push) gay shit
DEBUG: (src/list.c :87 :List_push) gay shit
DEBUG: (src/list.c :87 :List_push) gay shit
DEBUG: (src/list.c :87 :List_push) gay shit
DEBUG: (src/list.c :87 :List_push) gay shit
DEBUG: (src/list.c :87 :List_push) gay shit
DEBUG: (src/list.c :87 :List_push) gay shit
DEBUG: (src/list.c :87 :List_push) gay shit
DEBUG: (src/list.c :87 :List_push) gay shit
DEBUG: (src/list.c :87 :List_push) gay shit
DEBUG: (src/list.c :87 :List_push) gay shit
DEBUG: (src/list.c :87 :List_push) gay shit
DEBUG: (src/list.c :87 :List_push) gay shit
DEBUG: (src/list.c :87 :List_push) gay shit
DEBUG: (src/list.c :87 :List_push) gay shit
DEBUG: (src/list.c :87 :List_push) gay shit
DEBUG: (src/list.c :87 :List_push) gay shit
DEBUG: (src/list.c :87 :List_push) gay shit
DEBUG: (src/list.c :87 :List_push) gay shit
DEBUG: (src/list.c :87 :List_push) gay shit
DEBUG: (src/list.c :87 :List_push) gay shit
DEBUG: (src/list.c :87 :List_push) gay shit
DEBUG: (src/list.c :87 :List_push) gay shit
DEBUG: (src/list.c :87 :List_push) gay shit
DEBUG: (src/list.c :87 :List_push) gay shit
DEBUG: (src/list.c :87 :List_push) gay shit
DEBUG: (src/list.c :87 :List_push) gay shit
DEBUG: (src/list.c :87 :List_push) gay shit
DEBUG: (src/list.c :87 :List_push) gay shit
DEBUG: (src/list.c :87 :List_push) gay shit
DEBUG: (src/list.c :87 :List_push) gay shit
DEBUG: (src/list.c :87 :List_push) gay shit
DEBUG: (src/list.c :87 :List_push) gay shit
DEBUG: (src/list.c :87 :List_push) gay shit
DEBUG: (src/list.c :87 :List_push) gay shit
DEBUG: (src/list.c :87 :List_push) gay shit
DEBUG: (src/list.c :87 :List_push) gay shit
DEBUG: (src/list.c :87 :List_push) gay shit
DEBUG: (src/list.c :87 :List_push) gay shit
DEBUG: (src/list.c :87 :List_push) gay shit
DEBUG: (src/list.c :87 :List_push) gay shit
DEBUG: (src/list.c :87 :List_push) gay shit
DEBUG: (src/list.c :87 :List_push) gay shit
DEBUG: (src/list.c :87 :List_push) gay shit
DEBUG: (src/list.c :87 :List_push) gay shit
DEBUG: (src/list.c :87 :List_push) gay shit
DEBUG: (src/list.c :87 :List_push) gay shit
DEBUG: (src/list.c :87 :List_push) gay shit
DEBUG: (src/list.c :87 :List_push) gay shit
DEBUG: (src/list.c :87 :List_push) gay shit
DEBUG: (src/list.c :87 :List_push) gay shit
DEBUG: (src/list.c :87 :List_push) gay shit
DEBUG: (src/list.c :87 :List_push) gay shit
DEBUG: (src/list.c :87 :List_push) gay shit
DEBUG: (src/list.c :87 :List_push) gay shit
DEBUG: (src/list.c :87 :List_push) gay shit
DEBUG: (src/list.c :87 :List_push) gay shit
DEBUG: (src/list.c :87 :List_push) gay shit
DEBUG: (src/list.c :87 :List_push) gay shit
DEBUG: (src/list.c :87 :List_push) gay shit
DEBUG: (src/list.c :87 :List_push) gay shit
DEBUG: (src/list.c :87 :List_push) gay shit
DEBUG: (src/list.c :87 :List_push) gay shit
DEBUG: (src/list.c :87 :List_push) gay shit
DEBUG: (src/list.c :87 :List_push) gay shit
DEBUG: (src/list.c :87 :List_push) gay shit
DEBUG: (src/list.c :87 :List_push) gay shit
DEBUG: (src/list.c :87 :List_push) gay shit
DEBUG: (src/list.c :87 :List_push) gay shit
DEBUG: (src/list.c :87 :List_push) gay shit
DEBUG: (src/list.c :87 :List_push) gay shit
DEBUG: (src/list.c :87 :List_push) gay shit
DEBUG: (src/list.c :87 :List_push) gay shit
DEBUG: (src/list.c :87 :List_push) gay shit
DEBUG: (src/list.c :87 :List_push) gay shit
DEBUG: (src/list.c :87 :List_push) gay shit
DEBUG: (src/list.c :87 :List_push) gay shit
DEBUG: (src/list.c :87 :List_push) gay shit
DEBUG: (src/list.c :87 :List_push) gay shit
DEBUG: (src/list.c :87 :List_push) gay shit
DEBUG: (src/list.c :87 :List_push) gay shit
DEBUG: (src/list.c :87 :List_push) gay shit
DEBUG: (src/list.c :87 :List_push) gay shit
DEBUG: (src/list.c :87 :List_push) gay shit
DEBUG: (src/list.c :87 :List_push) gay shit
DEBUG: (src/list.c :87 :List_push) gay shit
DEBUG: (src/list.c :87 :List_push) gay shit
DEBUG: (src/list.c :87 :List_push) gay shit
DEBUG: (src/list.c :87 :List_push) gay shit
DEBUG: (src/list.c :87 :List_push) gay shit
DEBUG: (src/list.c :87 :List_push) gay shit
DEBUG: (src/list.c :87 :List_push) gay shit
DEBUG: (src/list.c :87 :List_push) gay shit
DEBUG: (src/list.c :87 :List_push) gay shit
DEBUG: (src/list.c :87 :List_push) gay shit
DEBUG: (src/list.c :87 :List_push) gay shit
DEBUG: (src/list.c :87 :List_push) gay shit
DEBUG: (src/list.c :87 :List_push) gay shit
DEBUG: (src/list.c :87 :List_push) gay shit
DEBUG: (src/list.c :87 :List_push) gay shit
DEBUG: (src/list.c :87 :List_push) gay shit
DEBUG: (src/list.c :87 :List_push) gay shit
DEBUG: (src/list.c :87 :List_push) gay shit
DEBUG: (src/list.c :87 :List_push) gay shit
DEBUG: (src/list.c :87 :List_push) gay shit
DEBUG: (src/list.c :87 :List_push) gay shit
DEBUG: (src/list.c :87 :List_push) gay shit
DEBUG: (src/list.c :87 :List_push) gay shit
DEBUG: (src/list.c :87 :List_push) gay shit
DEBUG: (src/list.c :87 :List_push) gay shit
DEBUG: (src/list.c :87 :List_push) gay shit
DEBUG: (src/list.c :87 :List_push) gay shit
DEBUG: (src/list.c :87 :List_push) gay shit
DEBUG: (src/list.c :87 :List_push) gay shit
DEBUG: (src/list.c :87 :List_push) gay shit
DEBUG: (src/list.c :87 :List_push) gay shit
DEBUG: (src/list.c :87 :List_push) gay shit
DEBUG: (src/list.c :87 :List_push) gay shit
DEBUG: (src/list.c :87 :List_push) gay shit
DEBUG: (src/list.c :87 :List_push) gay shit
DEBUG: (src/list.c :87 :List_push) gay shit
DEBUG: (src/list.c :87 :List_push) gay shit
DEBUG: (src/list.c :87 :List_push) gay shit
DEBUG: (src/list.c :87 :List_push) gay shit
DEBUG: (src/list.c :87 :List_push) gay shit
DEBUG: (src/list.c :87 :List_push) gay shit
DEBUG: (src/list.c :87 :List_push) gay shit
DEBUG: (src/list.c :87 :List_push) gay shit
DEBUG: (src/list.c :87 :List_push) gay shit
DEBUG: (src/list.c :87 :List_push) gay shit
DEBUG: (src/list.c :87 :List_push) gay shit
DEBUG: (src/list.c :87 :List_push) gay shit
DEBUG: (src/list.c :87 :List_push) gay shit
DEBUG: (src/list.c :87 :List_push) gay shit
DEBUG: (src/list.c :87 :List_push) gay shit
DEBUG: (src/list.c :87 :List_push) gay shit
DEBUG: (src/list.c :87 :List_push) gay shit
DEBUG: (src/list.c :87 :List_push) gay shit
DEBUG: (src/list.c :87 :List_push) gay shit
DEBUG: (src/list.c :87 :List_push) gay shit
DEBUG: (src/list.c :87 :List_push) gay shit
DEBUG: (src/list.c :87 :List_push) gay shit
DEBUG: (src/list.c :87 :List_push) gay shit
DEBUG: (src/list.c :87 :List_push) gay shit
DEBUG: (src/list.c :87 :List_push) gay shit
DEBUG: (src/list.c :87 :List_push) gay shit
DEBUG: (src/list.c :87 :List_push) gay shit
DEBUG: (src/list.c :87 :List_push) gay shit
DEBUG: (src/list.c :87 :List_push) gay shit
DEBUG: (src/list.c :87 :List_push) gay shit
DEBUG: (src/list.c :87 :List_push) gay shit
DEBUG: (src/list.c :87 :List_push) gay shit
DEBUG: (src/list.c :87 :List_push) gay shit
DEBUG: (src/list.c :87 :List_push) gay shit
DEBUG: (src/list.c :87 :List_push) gay shit
DEBUG: (src/list.c :87 :List_push) gay shit
DEBUG: (src/list.c :87 :List_push) gay shit
DEBUG: (src/list.c :87 :List_push) gay shit
DEBUG: (src/list.c :87 :List_push) gay shit
DEBUG: (src/list.c :87 :List_push) gay shit
DEBUG: (src/list.c :87 :List_push) gay shit
DEBUG: (src/list.c :87 :List_push) gay shit
DEBUG: (src/list.c :87 :List_push) gay shit
DEBUG: (src/list.c :87 :List_push) gay shit
DEBUG: (src/list.c :87 :List_push) gay shit
DEBUG: (src/list.c :87 :List_push) gay shit
DEBUG: (src/list.c :87 :List_push) gay shit
DEBUG: (src/list.c :87 :List_push) gay shit
DEBUG: (src/list.c :87 :List_push) gay shit
DEBUG: (src/list.c :87 :List_push) gay shit
DEBUG: (src/list.c :87 :List_push) gay shit
DEBUG: (src/list.c :87 :List_push) gay shit
DEBUG: (src/list.c :87 :List_push) gay shit
DEBUG: (src/list.c :87 :List_push) gay shit
DEBUG: (src/list.c :87 :List_push) gay shit
DEBUG: (src/list.c :87 :List_push) gay shit
DEBUG: (src/list.c :87 :List_push) gay shit
DEBUG: (src/list.c :87 :List_push) gay shit
DEBUG: (src/list.c :87 :List_push) gay shit
DEBUG: (src/list.c :87 :List_push) gay shit
DEBUG: (src/list.c :87 :List_push) gay shit
DEBUG: (src/list.c :87 :List_push) gay shit
DEBUG: (src/list.c :87 :List_push) gay shit
DEBUG: (src/list.c :87 :List_push) gay shit
DEBUG: (src/list.c :87 :List_push) gay shit
DEBUG: (src/list.c :87 :List_push) gay shit
DEBUG: (src/list.c :87 :List_push) gay shit
DEBUG: (src/list.c :87 :List_push) gay shit
DEBUG: (src/list.c :87 :List_push) gay shit
DEBUG: (src/list.c :87 :List_push) gay shit
DEBUG: (src/list.c :87 :List_push) gay shit
DEBUG: (src/list.c :87 :List_push) gay shit
DEBUG: (src/list.c :87 :List_push) gay shit
DEBUG: (src/list.c :87 :List_push) gay shit
DEBUG: (src/list.c :87 :List_push) gay shit
DEBUG: (src/list.c :87 :List_push) gay shit
DEBUG: (src/list.c :87 :List_push) gay shit
DEBUG: (src/list.c :87 :List_push) gay shit
DEBUG: (src/list.c :87 :List_push) gay shit
DEBUG: (src/list.c :87 :List_push) gay shit
DEBUG: (src/list.c :87 :List_push) gay shit
DEBUG: (src/list.c :87 :List_push) gay shit
DEBUG: (src/list.c :87 :List_push) gay shit
DEBUG: (src/list.c :87 :List_push) gay shit
DEBUG: (src/list.c :87 :List_push) gay shit
DEBUG: (src/list.c :87 :List_push) gay shit
DEBUG: (src/list.c :87 :List_push) gay shit
DEBUG: (src/list.c :87 :List_push) gay shit
DEBUG: (src/list.c :87 :List_push) gay shit
DEBUG: (src/list.c :87 :List_push) gay shit
DEBUG: (src/list.c :87 :List_push) gay shit
DEBUG: (src/list.c :87 :List_push) gay shit
DEBUG: (src/list.c :87 :List_push) gay shit
DEBUG: (src/list.c :87 :List_push) gay shit
DEBUG: (src/list.c :87 :List_push) gay shit
DEBUG: (src/list.c :87 :List_push) gay shit
DEBUG: (src/list.c :87 :List_push) gay shit
DEBUG: (src/list.c :87 :List_push) gay shit
DEBUG: (src/list.c :87 :List_push) gay shit
DEBUG: (src/list.c :87 :List_push) gay shit
DEBUG: (src/list.c :87 :List_push) gay shit
DEBUG: (src/list.c :87 :List_push) gay shit
DEBUG: (src/list.c :87 :List_push) gay shit
DEBUG: (src/list.c :87 :List_push) gay shit
DEBUG: (src/list.c :87 :List_push) gay shit
DEBUG: (src/list.c :87 :List_push) gay shit
DEBUG: (src/list.c :87 :List_push) gay shit
DEBUG: (src/list.c :87 :List_push) gay shit
DEBUG: (src/list.c :87 :List_push) gay shit
DEBUG: (src/list.c :87 :List_push) gay shit
DEBUG: (src/list.c :87 :List_push) gay shit
DEBUG: (src/list.c :87 :List_push) gay shit
DEBUG: (src/list.c :87 :List_push) gay shit
DEBUG: (src/list.c :87 :List_push) gay shit
DEBUG: (src/list.c :87 :List_push) gay shit
DEBUG: (src/list.c :87 :List_push) gay shit
DEBUG: (src/list.c :87 :List_push) gay shit
DEBUG: (src/list.c :87 :List_push) gay shit
DEBUG: (src/list.c :87 :List_push) gay shit
DEBUG: (src/list.c :87 :List_push) gay shit
DEBUG: (src/list.c :87 :List_push) gay shit
DEBUG: (src/list.c :87 :List_push) gay shit
DEBUG: (src/list.c :87 :List_push) gay shit
DEBUG: (src/list.c :87 :List_push) gay shit
DEBUG: (src/list.c :87 :List_push) gay shit
DEBUG: (src/list.c :87 :List_push) gay shit
DEBUG: (src/list.c :87 :List_push) gay shit
DEBUG: (src/list.c :87 :List_push) gay shit
DEBUG: (src/list.c :87 :List_push) gay shit
DEBUG: (src/list.c :87 :List_push) gay shit
DEBUG: (src/list.c :87 :List_push) gay shit
DEBUG: (src/list.c :87 :List_push) gay shit
DEBUG: (src/list.c :87 :List_push) gay shit
DEBUG: (src/list.c :87 :List_push) gay shit
DEBUG: (src/list.c :87 :List_push) gay shit
DEBUG: (src/list.c :87 :List_push) gay shit
DEBUG: (src/list.c :87 :List_push) gay shit
DEBUG: (src/list.c :87 :List_push) gay shit
DEBUG: (src/list.c :87 :List_push) gay shit
DEBUG: (src/list.c :87 :List_push) gay shit
DEBUG: (src/list.c :87 :List_push) gay shit
DEBUG: (src/list.c :87 :List_push) gay shit
DEBUG: (src/list.c :87 :List_push) gay shit
DEBUG: (src/list.c :87 :List_push) gay shit
DEBUG: (src/list.c :87 :List_push) gay shit
DEBUG: (src/list.c :87 :List_push) gay shit
DEBUG: (src/list.c :87 :List_push) gay shit
DEBUG: (src/list.c :87 :List_push) gay shit
DEBUG: (src/list.c :87 :List_push) gay shit
DEBUG: (src/list.c :87 :List_push) gay shit
DEBUG: (src/list.c :87 :List_push) gay shit
DEBUG: (src/list.c :87 :List_push) gay shit
DEBUG: (src/list.c :87 :List_push) gay shit
DEBUG: (src/list.c :87 :List_push) gay shit
DEBUG: (src/list.c :87 :List_push) gay shit
DEBUG: (src/list.c :87 :List_push) gay shit
DEBUG: (src/list.c :87 :List_push) gay shit
DEBUG: (src/list.c :87 :List_push) gay shit
DEBUG: (src/list.c :87 :List_push) gay shit
DEBUG: (src/list.c :87 :List_push) gay shit
DEBUG: (src/list.c :87 :List_push) gay shit
DEBUG: (src/list.c :87 :List_push) gay shit
DEBUG: (src/list.c :87 :List_push) gay shit
DEBUG: (src/list.c :87 :List_push) gay shit
DEBUG: (src/list.c :87 :List_push) gay shit
DEBUG: (src/list.c :87 :List_push) gay shit
DEBUG: (src/list.c :87 :List_push) gay shit
DEBUG: (src/list.c :87 :List_push) gay shit
DEBUG: (src/list.c :87 :List_push) gay shit
DEBUG: (src/list.c :87 :List_push) gay shit
DEBUG: (src/list.c :87 :List_push) gay shit
DEBUG: (src/list.c :87 :List_push) gay shit
DEBUG: (src/list.c :87 :List_push) gay shit
DEBUG: (src/list.c :87 :List_push) gay shit
DEBUG: (src/list.c :87 :List_push) gay shit
DEBUG: (src/list.c :87 :List_push) gay shit
DEBUG: (src/list.c :87 :List_push) gay shit
DEBUG: (src/list.c :87 :List_push) gay shit
DEBUG: (src/list.c :87 :List_push) gay shit
DEBUG: (src/list.c :87 :List_push) gay shit
DEBUG: (src/list.c :87 :List_push) gay shit
DEBUG: (src/list.c :87 :List_push) gay shit
DEBUG: (src/list.c :87 :List_push) gay shit
DEBUG: (src/list.c :87 :List_push) gay shit
DEBUG: (src/list.c :87 :List_push) gay shit
DEBUG: (src/list.c :87 :List_push) gay shit
DEBUG: (src/list.c :87 :List_push) gay shit
DEBUG: (src/list.c :87 :List_push) gay shit
DEBUG: (src/list.c :87 :List_push) gay shit
DEBUG: (src/list.c :87 :List_push) gay shit
DEBUG: (src/list.c :87 :List_push) gay shit
DEBUG: (src/list.c :87 :List_push) gay shit
DEBUG: (src/list.c :87 :List_push) gay shit
DEBUG: (src/list.c :87 :List_push) gay shit
DEBUG: (src/list.c :87 :List_push) gay shit
DEBUG: (src/list.c :87 :List_push) gay shit
DEBUG: (src/list.c :87 :List_push) gay shit
DEBUG: (src/list.c :87 :List_push) gay shit
DEBUG: (src/list.c :87 :List_push) gay shit
DEBUG: (src/list.c :87 :List_push) gay shit
DEBUG: (src/list.c :87 :List_push) gay shit
DEBUG: (src/list.c :87 :List_push) gay shit
DEBUG: (src/list.c :87 :List_push) gay shit
DEBUG: (src/list.c :87 :List_push) gay shit
DEBUG: (src/list.c :87 :List_push) gay shit
DEBUG: (src/list.c :87 :List_push) gay shit
DEBUG: (src/list.c :87 :List_push) gay shit
DEBUG: (src/list.c :87 :List_push) gay shit
DEBUG: (src/list.c :87 :List_push) gay shit
DEBUG: (src/list.c :87 :List_push) gay shit
DEBUG: (src/list.c :87 :List_push) gay shit
DEBUG: (src/list.c :87 :List_push) gay shit
DEBUG: (src/list.c :87 :List_push) gay shit
DEBUG: (src/list.c :87 :List_push) gay shit
DEBUG: (src/list.c :87 :List_push) gay shit
DEBUG: (src/list.c :87 :List_push) gay shit
DEBUG: (src/list.c :87 :List_push) gay shit
DEBUG: (src/list.c :87 :List_push) gay shit
DEBUG: (src/list.c :87 :List_push) gay shit
DEBUG: (src/list.c :87 :List_push) gay shit
DEBUG: (src/list.c :87 :List_push) gay shit
DEBUG: (src/list.c :87 :List_push) gay shit
DEBUG: (src/list.c :87 :List_push) gay shit
DEBUG: (src/list.c :87 :List_push) gay shit
DEBUG: (src/list.c :87 :List_push) gay shit
DEBUG: (src/list.c :87 :List_push) gay shit
DEBUG: (src/list.c :87 :List_push) gay shit
DEBUG: (src/list.c :87 :List_push) gay shit
DEBUG: (src/list.c :87 :List_push) gay shit
DEBUG: (src/list.c :87 :List_push) gay shit
DEBUG: (src/list.c :87 :List_push) gay shit
DEBUG: (src/list.c :87 :List_push) gay shit
DEBUG: (src/list.c :87 :List_push) gay shit
DEBUG: (src/list.c :87 :List_push) gay shit
DEBUG: (src/list.c :87 :List_push) gay shit
DEBUG: (src/list.c :87 :List_push) gay shit
DEBUG: (src/list.c :87 :List_push) gay shit
DEBUG: (src/list.c :87 :List_push) gay shit
DEBUG: (src/list.c :87 :List_push) gay shit
DEBUG: (src/list.c :87 :List_push) gay shit
DEBUG: (src/list.c :87 :List_push) gay shit
DEBUG: (src/list.c :87 :List_push) gay shit
DEBUG: (src/list.c :87 :List_push) gay shit
DEBUG: (src/list.c :87 :List_push) gay shit
DEBUG: (src/list.c :87 :List_push) gay shit
DEBUG: (src/list.c :87 :List_push) gay shit
DEBUG: (src/list.c :87 :List_push) gay shit
DEBUG: (src/list.c :87 :List_push) gay shit
DEBUG: (src/list.c :87 :List_push) gay shit
DEBUG: (src/list.c :87 :List_push) gay shit
DEBUG: (src/list.c :87 :List_push) gay shit
DEBUG: (src/list.c :87 :List_push) gay shit
DEBUG: (src/list.c :87 :List_push) gay shit
DEBUG: (src/list.c :87 :List_push) gay shit
DEBUG: (src/list.c :87 :List_push) gay shit
DEBUG: (src/list.c :87 :List_push) gay shit
DEBUG: (src/list.c :87 :List_push) gay shit
DEBUG: (src/list.c :87 :List_push) gay shit
DEBUG: (src/list.c :87 :List_push) gay shit
DEBUG: (src/list.c :87 :List_push) gay shit
DEBUG: (src/list.c :87 :List_push) gay shit
DEBUG: (src/list.c :87 :List_push) gay shit
DEBUG: (src/list.c :87 :List_push) gay shit
DEBUG: (src/list.c :87 :List_push) gay shit
DEBUG: (src/list.c :87 :List_push) gay shit
DEBUG: (src/list.c :87 :List_push) gay shit
DEBUG: (src/list.c :87 :List_push) gay shit
DEBUG: (src/list.c :87 :List_push) gay shit
DEBUG: (src/list.c :87 :List_push) gay shit
DEBUG: (src/list.c :87 :List_push) gay shit
DEBUG: (src/list.c :87 :List_push) gay shit
DEBUG: (src/list.c :87 :List_push) gay shit
DEBUG: (src/list.c :87 :List_push) gay shit
DEBUG: (src/list.c :87 :List_push) gay shit
DEBUG: (src/list.c :87 :List_push) gay shit
DEBUG: (src/list.c :87 :List_push) gay shit
DEBUG: (src/list.c :87 :List_push) gay shit
DEBUG: (src/list.c :87 :List_push) gay shit
DEBUG: (src/list.c :87 :List_push) gay shit
DEBUG: (src/list.c :87 :List_push) gay shit
DEBUG: (src/list.c :87 :List_push) gay shit
DEBUG: (src/list.c :87 :List_push) gay shit
DEBUG: (src/list.c :87 :List_push) gay shit
DEBUG: (src/list.c :87 :List_push) gay shit
DEBUG: (src/list.c :87 :List_push) gay shit
DEBUG: (src/list.c :87 :List_push) gay shit
DEBUG: (src/list.c :87 :List_push) gay shit
DEBUG: (src/list.c :87 :List_push) gay shit
DEBUG: (src/list.c :87 :List_push) gay shit
DEBUG: (src/list.c :87 :List_push) gay shit
DEBUG: (src/list.c :87 :List_push) gay shit
DEBUG: (src/list.c :87 :List_push) gay shit
DEBUG: (src/list.c :87 :List_push) gay shit
DEBUG: (src/list.c :87 :List_push) gay shit
DEBUG: (src/list.c :87 :List_push) gay shit
DEBUG: (src/list.c :87 :List_push) gay shit
DEBUG: (src/list.c :87 :List_push) gay shit
DEBUG: (src/list.c :87 :List_push) gay shit
DEBUG: (src/list.c :87 :List_push) gay shit
DEBUG: (src/list.c :87 :List_push) gay shit
DEBUG: (src/list.c :87 :List_push) gay shit
DEBUG: (src/list.c :87 :List_push) gay shit
DEBUG: (src/list.c :87 :List_push) gay shit
DEBUG: (src/list.c :87 :List_push) gay shit
DEBUG: (src/list.c :87 :List_push) gay shit
DEBUG: (src/list.c :87 :List_push) gay shit
DEBUG: (src/list.c :87 :List_push) gay shit
DEBUG: (src/list.c :87 :List_push) gay shit
DEBUG: (src/list.c :87 :List_push) gay shit
DEBUG: (src/list.c :87 :List_push) gay shit
DEBUG: (src/list.c :87 :List_push) gay shit
DEBUG: (src/list.c :87 :List_push) gay shit
DEBUG: (src/list.c :87 :List_push) gay shit
DEBUG: (src/list.c :87 :List_push) gay shit
DEBUG: (src/list.c :87 :List_push) gay shit
DEBUG: (src/list.c :87 :List_push) gay shit
DEBUG: (src/list.c :87 :List_push) gay shit
DEBUG: (src/list.c :87 :List_push) gay shit
DEBUG: (src/list.c :87 :List_push) gay shit
DEBUG: (src/list.c :87 :List_push) gay shit
DEBUG: (src/list.c :87 :List_push) gay shit
DEBUG: (src/list.c :87 :List_push) gay shit
DEBUG: (src/list.c :87 :List_push) gay shit
DEBUG: (src/list.c :87 :List_push) gay shit
DEBUG: (src/list.c :87 :List_push) gay shit
DEBUG: (src/list.c :87 :List_push) gay shit
DEBUG: (src/list.c :87 :List_push) gay shit
DEBUG: (src/list.c :87 :List_push) gay shit
DEBUG: (src/list.c :87 :List_push) gay shit
DEBUG: (src/list.c :87 :List_push) gay shit
DEBUG: (src/list.c :87 :List_push) gay shit
DEBUG: (src/list.c :87 :List_push) gay shit
DEBUG: (src/list.c :87 :List_push) gay shit
DEBUG: (src/list.c :87 :List_push) gay shit
DEBUG: (src/list.c :87 :List_push) gay shit
DEBUG: (src/list.c :87 :List_push) gay shit
DEBUG: (src/list.c :87 :List_push) gay shit
DEBUG: (src/list.c :87 :List_push) gay shit
DEBUG: (src/list.c :87 :List_push) gay shit
DEBUG: (src/list.c :87 :List_push) gay shit
DEBUG: (src/list.c :87 :List_push) gay shit
DEBUG: (src/list.c :87 :List_push) gay shit
DEBUG: (src/list.c :87 :List_push) gay shit
DEBUG: (src/list.c :87 :List_push) gay shit
DEBUG: (src/list.c :87 :List_push) gay shit
DEBUG: (src/list.c :87 :List_push) gay shit
DEBUG: (src/list.c :87 :List_push) gay shit
DEBUG: (src/list.c :87 :List_push) gay shit
DEBUG: (src/list.c :87 :List_push) gay shit
DEBUG: (src/list.c :87 :List_push) gay shit
DEBUG: (src/list.c :87 :List_push) gay shit
DEBUG: (src/list.c :87 :List_push) gay shit
DEBUG: (src/list.c :87 :List_push) gay shit
DEBUG: (src/list.c :87 :List_push) gay shit
DEBUG: (src/list.c :87 :List_push) gay shit
DEBUG: (src/list.c :87 :List_push) gay shit
DEBUG: (src/list.c :87 :List_push) gay shit
DEBUG: (src/list.c :87 :List_push) gay shit
DEBUG: (src/list.c :87 :List_push) gay shit
DEBUG: (src/list.c :87 :List_push) gay shit
DEBUG: (src/list.c :87 :List_push) gay shit
DEBUG: (src/list.c :87 :List_push) gay shit
DEBUG: (src/list.c :87 :List_push) gay shit
DEBUG: (src/list.c :87 :List_push) gay shit
DEBUG: (src/list.c :87 :List_push) gay shit
DEBUG: (src/list.c :87 :List_push) gay shit
DEBUG: (src/list.c :87 :List_push) gay shit
DEBUG: (src/list.c :87 :List_push) gay shit
DEBUG: (src/list.c :87 :List_push) gay shit
DEBUG: (src/list.c :87 :List_push) gay shit
DEBUG: (src/list.c :87 :List_push) gay shit
DEBUG: (src/list.c :87 :List_push) gay shit
DEBUG: (src/list.c :87 :List_push) gay shit
DEBUG: (src/list.c :87 :List_push) gay shit
DEBUG: (src/list.c :87 :List_push) gay shit
DEBUG: (src/list.c :87 :List_push) gay shit
DEBUG: (src/list.c :87 :List_push) gay shit
DEBUG: (src/list.c :87 :List_push) gay shit
DEBUG: (src/list.c :87 :List_push) gay shit
DEBUG: (src/list.c :87 :List_push) gay shit
DEBUG: (src/list.c :87 :List_push) gay shit
DEBUG: (src/list.c :87 :List_push) gay shit
DEBUG: (src/list.c :87 :List_push) gay shit
DEBUG: (src/list.c :87 :List_push) gay shit
DEBUG: (src/list.c :87 :List_push) gay shit
DEBUG: (src/list.c :87 :List_push) gay shit
DEBUG: (src/list.c :87 :List_push) gay shit
DEBUG: (src/list.c :87 :List_push) gay shit
DEBUG: (src/list.c :87 :List_push) gay shit
DEBUG: (src/list.c :87 :List_push) gay shit
DEBUG: (src/list.c :87 :List_push) gay shit
DEBUG: (src/list.c :87 :List_push) gay shit
DEBUG: (src/list.c :87 :List_push) gay shit
DEBUG: (src/list.c :87 :List_push) gay shit
DEBUG: (src/list.c :87 :List_push) gay shit
DEBUG: (src/list.c :87 :List_push) gay shit
DEBUG: (src/list.c :87 :List_push) gay shit
DEBUG: (src/list.c :87 :List_push) gay shit
DEBUG: (src/list.c :87 :List_push) gay shit
DEBUG: (src/list.c :87 :List_push) gay shit
DEBUG: (src/list.c :87 :List_push) gay shit
DEBUG: (src/list.c :87 :List_push) gay shit
DEBUG: (src/list.c :87 :List_push) gay shit
DEBUG: (src/list.c :87 :List_push) gay shit
DEBUG: (src/list.c :87 :List_push) gay shit
DEBUG: (src/list.c :87 :List_push) gay shit
DEBUG: (src/list.c :87 :List_push) gay shit
DEBUG: (src/list.c :87 :List_push) gay shit
DEBUG: (src/list.c :87 :List_push) gay shit
DEBUG: (src/list.c :87 :List_push) gay shit
DEBUG: (src/list.c :87 :List_push) gay shit
DEBUG: (src/list.c :87 :List_push) gay shit
DEBUG: (src/list.c :87 :List_push) gay shit
DEBUG: (src/list.c :87 :List_push) gay shit
DEBUG: (src/list.c :87 :List_push) gay shit
DEBUG: (src/list.c :87 :List_push) gay shit
DEBUG: (src/list.c :87 :List_push) gay shit
DEBUG: (src/list.c :87 :List_push) gay shit
DEBUG: (src/list.c :87 :List_push) gay shit
DEBUG: (src/list.c :87 :List_push) gay shit
DEBUG: (src/list.c :87 :List_push) gay shit
DEBUG: (src/list.c :87 :List_push) gay shit
DEBUG: (src/list.c :87 :List_push) gay shit
DEBUG: (src/list.c :87 :List_push) gay shit
DEBUG: (src/list.c :87 :List_push) gay shit
DEBUG: (src/list.c :87 :List_push) gay shit
DEBUG: (src/list.c :87 :List_push) gay shit
DEBUG: (src/list.c :87 :List_push) gay shit
DEBUG: (src/list.c :87 :List_push) gay shit
DEBUG: (src/list.c :87 :List_push) gay shit
DEBUG: (src/list.c :87 :List_push) gay shit
DEBUG: (src/list.c :87 :List_push) gay shit
DEBUG: (src/list.c :87 :List_push) gay shit
DEBUG: (src/list.c :87 :List_push) gay shit
DEBUG: (src/list.c :87 :List_push) gay shit
DEBUG: (src/list.c :87 :List_push) gay shit
DEBUG: (src/list.c :87 :List_push) gay shit
DEBUG: (src/list.c :87 :List_push) gay shit
DEBUG: (src/list.c :87 :List_push) gay shit
DEBUG: (src/list.c :87 :List_push) gay shit
DEBUG: (src/list.c :87 :List_push) gay shit
DEBUG: (src/list.c :87 :List_push) gay shit
DEBUG: (src/list.c :87 :List_push) gay shit
DEBUG: (src/list.c :87 :List_push) gay shit
DEBUG: (src/list.c :87 :List_push) gay shit
DEBUG: (src/list.c :87 :List_push) gay shit
DEBUG: (src/list.c :87 :List_push) gay shit
DEBUG: (src/list.c :87 :List_push) gay shit
DEBUG: (src/list.c :87 :List_push) gay shit
DEBUG: (src/list.c :87 :List_push) gay shit
DEBUG: (src/list.c :87 :List_push) gay shit
DEBUG: (src/list.c :87 :List_push) gay shit
DEBUG: (src/list.c :87 :List_push) gay shit
DEBUG: (src/list.c :87 :List_push) gay shit
DEBUG: (src/list.c :87 :List_push) gay shit
DEBUG: (src/list.c :87 :List_push) gay shit
DEBUG: (src/list.c :87 :List_push) gay shit
DEBUG: (src/list.c :87 :List_push) gay shit
DEBUG: (src/list.c :87 :List_push) gay shit
DEBUG: (src/list.c :87 :List_push) gay shit
DEBUG: (src/list.c :87 :List_push) gay shit
DEBUG: (src/list.c :87 :List_push) gay shit
DEBUG: (src/list.c :87 :List_push) gay shit
DEBUG: (src/list.c :87 :List_push) gay shit
DEBUG: (src/list.c :87 :List_push) gay shit
DEBUG: (src/list.c :87 :List_push) gay shit
DEBUG: (src/list.c :87 :List_push) gay shit
DEBUG: (src/list.c :87 :List_push) gay shit
DEBUG: (src/list.c :87 :List_push) gay shit
DEBUG: (src/list.c :87 :List_push) gay shit
DEBUG: (src/list.c :87 :List_push) gay shit
DEBUG: (src/list.c :87 :List_push) gay shit
DEBUG: (src/list.c :87 :List_push) gay shit
DEBUG: (src/list.c :87 :List_push) gay shit
DEBUG: (src/list.c :87 :List_push) gay shit
DEBUG: (src/list.c :87 :List_push) gay shit
DEBUG: (src/list.c :87 :List_push) gay shit
DEBUG: (src/list.c :87 :List_push) gay shit
DEBUG: (src/list.c :87 :List_push) gay shit
DEBUG: (src/list.c :87 :List_push) gay shit
DEBUG: (src/list.c :87 :List_push) gay shit
DEBUG: (src/list.c :87 :List_push) gay shit
DEBUG: (src/list.c :87 :List_push) gay shit
DEBUG: (src/list.c :87 :List_push) gay shit
DEBUG: (src/list.c :87 :List_push) gay shit
DEBUG: (src/list.c :87 :List_push) gay shit
DEBUG: (src/list.c :87 :List_push) gay shit
DEBUG: (src/list.c :87 :List_push) gay shit
DEBUG: (src/list.c :87 :List_push) gay shit
DEBUG: (src/list.c :87 :List_push) gay shit
DEBUG: (src/list.c :87 :List_push) gay shit
DEBUG: (src/list.c :87 :List_push) gay shit
DEBUG: (src/list.c :87 :List_push) gay shit
DEBUG: (src/list.c :87 :List_push) gay shit
DEBUG: (src/list.c :87 :List_push) gay shit
DEBUG: (src/list.c :87 :List_push) gay shit
DEBUG: (src/list.c :87 :List_push) gay shit
DEBUG: (src/list.c :87 :List_push) gay shit
DEBUG: (src/list.c :87 :List_push) gay shit
DEBUG: (src/list.c :87 :List_push) gay shit
DEBUG: (src/list.c :87 :List_push) gay shit
DEBUG: (src/list.c :87 :List_push) gay shit
DEBUG: (src/list.c :87 :List_push) gay shit
DEBUG: (src/list.c :87 :List_push) gay shit
DEBUG: (src/list.c :87 :List_push) gay shit
DEBUG: (src/list.c :87 :List_push) gay shit
DEBUG: (src/list.c :87 :List_push) gay shit
DEBUG: (src/list.c :87 :List_push) gay shit
DEBUG: (src/list.c :87 :List_push) gay shit
DEBUG: (src/list.c :87 :List_push) gay shit
DEBUG: (src/list.c :87 :List_push) gay shit
DEBUG: (src/list.c :87 :List_push) gay shit
DEBUG: (src/list.c :87 :List_push) gay shit
DEBUG: (src/list.c :87 :List_push) gay shit
DEBUG: (src/list.c :87 :List_push) gay shit
DEBUG: (src/list.c :87 :List_push) gay shit
DEBUG: (src/list.c :87 :List_push) gay shit
DEBUG: (src/list.c :87 :List_push) gay shit
DEBUG: (src/list.c :87 :List_push) gay shit
DEBUG: (src/list.c :87 :List_push) gay shit
DEBUG: (src/list.c :87 :List_push) gay shit
DEBUG: (src/list.c :87 :List_push) gay shit
DEBUG: (src/list.c :87 :List_push) gay shit
DEBUG: (src/list.c :87 :List_push) gay shit
DEBUG: (src/list.c :87 :List_push) gay shit
DEBUG: (src/list.c :87 :List_push) gay shit
DEBUG: (src/list.c :87 :List_push) gay shit
DEBUG: (src/list.c :87 :List_push) gay shit
DEBUG: (src/list.c :87 :List_push) gay shit
DEBUG: (src/list.c :87 :List_push) gay shit
DEBUG: (src/list.c :87 :List_push) gay shit
DEBUG: (src/list.c :87 :List_push) gay shit
DEBUG: (src/list.c :87 :List_push) gay shit
DEBUG: (src/list.c :87 :List_push) gay shit
DEBUG: (src/list.c :87 :List_push) gay shit
DEBUG: (src/list.c :87 :List_push) gay shit
DEBUG: (src/list.c :87 :List_push) gay shit
DEBUG: (src/list.c :87 :List_push) gay shit
DEBUG: (src/list.c :87 :List_push) gay shit
DEBUG: (src/list.c :87 :List_push) gay shit
DEBUG: (src/list.c :87 :List_push) gay shit
DEBUG: (src/list.c :87 :List_push) gay shit
DEBUG: (src/list.c :87 :List_push) gay shit
DEBUG: (src/list.c :87 :List_push) gay shit
DEBUG: (src/list.c :87 :List_push) gay shit
DEBUG: (src/list.c :87 :List_push) gay shit
DEBUG: (src/list.c :87 :List_push) gay shit
DEBUG: (src/list.c :87 :List_push) gay shit
DEBUG: (src/list.c :87 :List_push) gay shit
DEBUG: (src/list.c :87 :List_push) gay shit
DEBUG: (src/list.c :87 :List_push) gay shit
DEBUG: (src/list.c :87 :List_push) gay shit
DEBUG: (src/list.c :87 :List_push) gay shit
DEBUG: (src/list.c :87 :List_push) gay shit
DEBUG: (src/list.c :87 :List_push) gay shit
DEBUG: (src/list.c :87 :List_push) gay shit
DEBUG: (src/list.c :87 :List_push) gay shit
DEBUG: (src/list.c :87 :List_push) gay shit
DEBUG: (src/list.c :87 :List_push) gay shit
DEBUG: (src/list.c :87 :List_push) gay shit
DEBUG: (src/list.c :87 :List_push) gay shit
DEBUG: (src/list.c :87 :List_push) gay shit
DEBUG: (src/list.c :87 :List_push) gay shit
DEBUG: (src/list.c :87 :List_push) gay shit
DEBUG: (src/list.c :87 :List_push) gay shit
DEBUG: (src/list.c :87 :List_push) gay shit
DEBUG: (src/list.c :87 :List_push) gay shit
DEBUG: (src/list.c :87 :List_push) gay shit
DEBUG: (src/list.c :87 :List_push) gay shit
DEBUG: (src/list.c :87 :List_push) gay shit
DEBUG: (src/list.c :87 :List_push) gay shit
DEBUG: (src/list.c :87 :List_push) gay shit
DEBUG: (src/list.c :87 :List_push) gay shit
DEBUG: (src/list.c :87 :List_push) gay shit
DEBUG: (src/list.c :87 :List_push) gay shit
DEBUG: (src/list.c :87 :List_push) gay shit
DEBUG: (src/list.c :87 :List_push) gay shit
DEBUG: (src/list.c :87 :List_push) gay shit
DEBUG: (src/list.c :87 :List_push) gay shit
DEBUG: (src/list.c :87 :List_push) gay shit
DEBUG: (src/list.c :87 :List_push) gay shit
DEBUG: (src/list.c :87 :List_push) gay shit
DEBUG: (src/list.c :87 :List_push) gay shit
DEBUG: (src/list.c :87 :List_push) gay shit
DEBUG: (src/list.c :87 :List_push) gay shit
DEBUG: (src/list.c :87 :List_push) gay shit
DEBUG: (src/list.c :87 :List_push) gay shit
DEBUG: (src/list.c :87 :List_push) gay shit
DEBUG: (src/list.c :87 :List_push) gay shit
DEBUG: (src/list.c :87 :List_push) gay shit
DEBUG: (src/list.c :87 :List_push) gay shit
DEBUG: (src/list.c :87 :List_push) gay shit
DEBUG: (src/list.c :87 :List_push) gay shit
DEBUG: (src/list.c :87 :List_push) gay shit
DEBUG: (src/list.c :87 :List_push) gay shit
DEBUG: (src/list.c :87 :List_push) gay shit
DEBUG: (src/list.c :87 :List_push) gay shit
DEBUG: (src/list.c :87 :List_push) gay shit
DEBUG: (src/list.c :87 :List_push) gay shit
DEBUG: (src/list.c :87 :List_push) gay shit
DEBUG: (src/list.c :87 :List_push) gay shit
DEBUG: (src/list.c :87 :List_push) gay shit
DEBUG: (src/list.c :87 :List_push) gay shit
DEBUG: (src/list.c :87 :List_push) gay shit
DEBUG: (src/list.c :87 :List_push) gay shit
DEBUG: (src/list.c :87 :List_push) gay shit
DEBUG: (src/list.c :87 :List_push) gay shit
DEBUG: (src/list.c :87 :List_push) gay shit
DEBUG: (src/list.c :87 :List_push) gay shit
DEBUG: (src/list.c :87 :List_push) gay shit
DEBUG: (src/list.c :87 :List_push) gay shit
DEBUG: (src/list.c :87 :List_push) gay shit
DEBUG: (src/list.c :87 :List_push) gay shit
DEBUG: (src/list.c :87 :List_push) gay shit
DEBUG: (src/list.c :87 :List_push) gay shit
DEBUG: (src/list.c :87 :List_push) gay shit
DEBUG: (src/list.c :87 :List_push) gay shit
DEBUG: (src/list.c :87 :List_push) gay shit
DEBUG: (src/list.c :87 :List_push) gay shit
DEBUG: (src/list.c :87 :List_push) gay shit
DEBUG: (src/list.c :87 :List_push) gay shit
DEBUG: (src/list.c :87 :List_push) gay shit
DEBUG: (src/list.c :87 :List_push) gay shit
DEBUG: (src/list.c :87 :List_push) gay shit
DEBUG: (src/list.c :87 :List_push) gay shit
DEBUG: (src/list.c :87 :List_push) gay shit
DEBUG: (src/list.c :87 :List_push) gay shit
DEBUG: (src/list.c :87 :List_push) gay shit
DEBUG: (src/list.c :87 :List_push) gay shit
DEBUG: (src/list.c :87 :List_push) gay shit
DEBUG: (src/list.c :87 :List_push) gay shit
DEBUG: (src/list.c :87 :List_push) gay shit
DEBUG: (src/list.c :87 :List_push) gay shit
DEBUG: (src/list.c :87 :List_push) gay shit
DEBUG: (src/list.c :87 :List_push) gay shit
DEBUG: (src/list.c :87 :List_push) gay shit
DEBUG: (src/list.c :87 :List_push) gay shit
DEBUG: (src/list.c :87 :List_push) gay shit
DEBUG: (src/list.c :87 :List_push) gay shit
DEBUG: (src/list.c :87 :List_push) gay shit
DEBUG: (src/list.c :87 :List_push) gay shit
DEBUG: (src/list.c :87 :List_push) gay shit
DEBUG: (src/list.c :87 :List_push) gay shit
DEBUG: (src/list.c :87 :List_push) gay shit
DEBUG: (src/list.c :87 :List_push) gay shit
DEBUG: (src/list.c :87 :List_push) gay shit
DEBUG: (src/list.c :87 :List_push) gay shit
DEBUG: (src/list.c :87 :List_push) gay shit
DEBUG: (src/list.c :87 :List_push) gay shit
DEBUG: (src/list.c :87 :List_push) gay shit
DEBUG: (src/list.c :87 :List_push) gay shit
DEBUG: (src/list.c :87 :List_push) gay shit
DEBUG: (src/list.c :87 :List_push) gay shit
DEBUG: (src/list.c :87 :List_push) gay shit
DEBUG: (src/list.c :87 :List_push) gay shit
DEBUG: (src/list.c :87 :List_push) gay shit
DEBUG: (src/list.c :87 :List_push) gay shit
DEBUG: (src/list.c :87 :List_push) gay shit
DEBUG: (src/list.c :87 :List_push) gay shit
DEBUG: (src/list.c :87 :List_push) gay shit
DEBUG: (src/list.c :87 :List_push) gay shit
DEBUG: (src/list.c :87 :List_push) gay shit
DEBUG: (src/list.c :87 :List_push) gay shit
DEBUG: (src/list.c :87 :List_push) gay shit
DEBUG: (src/list.c :87 :List_push) gay shit
DEBUG: (src/list.c :87 :List_push) gay shit
DEBUG: (src/list.c :87 :List_push) gay shit
DEBUG: (src/list.c :87 :List_push) gay shit
DEBUG: (src/list.c :87 :List_push) gay shit
DEBUG: (src/list.c :87 :List_push) gay shit
DEBUG: (src/list.c :87 :List_push) gay shit
DEBUG: (src/list.c :87 :List_push) gay shit
DEBUG: (src/list.c :87 :List_push) gay shit
DEBUG: (src/list.c :87 :List_push) gay shit
DEBUG: (src/list.c :87 :List_push) gay shit
DEBUG: (src/list.c :87 :List_push) gay shit
DEBUG: (src/list.c :87 :List_push) gay shit
DEBUG: (src/list.c :87 :List_push) gay shit
DEBUG: (src/list.c :87 :List_push) gay shit
DEBUG: (src/list.c :87 :List_push) gay shit
DEBUG: (src/list.c :87 :List_push) gay shit
DEBUG: (src/list.c :87 :List_push) gay shit
DEBUG: (src/list.c :87 :List_push) gay shit
DEBUG: (src/list.c :87 :List_push) gay shit
DEBUG: (src/list.c :87 :List_push) gay shit
DEBUG: (src/list.c :87 :List_push) gay shit
DEBUG: (src/list.c :87 :List_push) gay shit
DEBUG: (src/list.c :87 :List_push) gay shit
DEBUG: (src/list.c :87 :List_push) gay shit
DEBUG: (src/list.c :87 :List_push) gay shit
DEBUG: (src/list.c :87 :List_push) gay shit
DEBUG: (src/list.c :87 :List_push) gay shit
DEBUG: (src/list.c :87 :List_push) gay shit
DEBUG: (src/list.c :87 :List_push) gay shit
DEBUG: (src/list.c :87 :List_push) gay shit
DEBUG: (src/list.c :87 :List_push) gay shit
DEBUG: (src/list.c :87 :List_push) gay shit
DEBUG: (src/list.c :87 :List_push) gay shit
DEBUG: (src/list.c :87 :List_push) gay shit
DEBUG: (src/list.c :87 :List_push) gay shit
DEBUG: (src/list.c :87 :List_push) gay shit
DEBUG: (src/list.c :87 :List_push) gay shit
DEBUG: (src/list.c :87 :List_push) gay shit
DEBUG: (src/list.c :87 :List_push) gay shit
DEBUG: (src/list.c :87 :List_push) gay shit
DEBUG: (src/list.c :87 :List_push) gay shit
DEBUG: (src/list.c :87 :List_push) gay shit
DEBUG: (src/list.c :87 :List_push) gay shit
DEBUG: (src/list.c :87 :List_push) gay shit
DEBUG: (src/list.c :87 :List_push) gay shit
DEBUG: (src/list.c :87 :List_push) gay shit
DEBUG: (src/list.c :87 :List_push) gay shit
DEBUG: (src/list.c :87 :List_push) gay shit
DEBUG: (src/list.c :87 :List_push) gay shit
DEBUG: (src/list.c :87 :List_push) gay shit
DEBUG: (src/list.c :87 :List_push) gay shit
DEBUG: (src/list.c :87 :List_push) gay shit
DEBUG: (src/list.c :87 :List_push) gay shit
DEBUG: (src/list.c :87 :List_push) gay shit
DEBUG: (src/list.c :87 :List_push) gay shit
DEBUG: (src/list.c :87 :List_push) gay shit
DEBUG: (src/list.c :87 :List_push) gay shit
DEBUG: (src/list.c :87 :List_push) gay shit
DEBUG: (src/list.c :87 :List_push) gay shit
DEBUG: (src/list.c :87 :List_push) gay shit
DEBUG: (src/list.c :87 :List_push) gay shit
DEBUG: (src/list.c :87 :List_push) gay shit
DEBUG: (src/list.c :87 :List_push) gay shit
DEBUG: (src/list.c :87 :List_push) gay shit
DEBUG: (src/list.c :87 :List_push) gay shit
DEBUG: (src/list.c :87 :List_push) gay shit
DEBUG: (src/list.c :87 :List_push) gay shit
DEBUG: (src/list.c :87 :List_push) gay shit
DEBUG: (src/list.c :87 :List_push) gay shit
DEBUG: (src/list.c :87 :List_push) gay shit
DEBUG: (src/list.c :87 :List_push) gay shit
DEBUG: (src/list.c :87 :List_push) gay shit
DEBUG: (src/list.c :87 :List_push) gay shit
DEBUG: (src/list.c :87 :List_push) gay shit
DEBUG: (src/list.c :87 :List_push) gay shit
DEBUG: (src/list.c :87 :List_push) gay shit
DEBUG: (src/list.c :87 :List_push) gay shit
DEBUG: (src/list.c :87 :List_push) gay shit
DEBUG: (src/list.c :87 :List_push) gay shit
DEBUG: (src/list.c :87 :List_push) gay shit
DEBUG: (src/list.c :87 :List_push) gay shit
DEBUG: (src/list.c :87 :List_push) gay shit
DEBUG: (src/list.c :87 :List_push) gay shit
DEBUG: (src/list.c :87 :List_push) gay shit
DEBUG: (src/list.c :87 :List_push) gay shit
DEBUG: (src/list.c :87 :List_push) gay shit
DEBUG: (src/list.c :87 :List_push) gay shit
DEBUG: (src/list.c :87 :List_push) gay shit
DEBUG: (src/list.c :87 :List_push) gay shit
DEBUG: (src/list.c :87 :List_push) gay shit
DEBUG: (src/list.c :87 :List_push) gay shit
DEBUG: (src/list.c :87 :List_push) gay shit
DEBUG: (src/list.c :87 :List_push) gay shit
DEBUG: (src/list.c :87 :List_push) gay shit
DEBUG: (src/list.c :87 :List_push) gay shit
DEBUG: (src/list.c :87 :List_push) gay shit
DEBUG: (src/list.c :87 :List_push) gay shit
DEBUG: (src/list.c :87 :List_push) gay shit
DEBUG: (src/list.c :87 :List_push) gay shit
DEBUG: (src/list.c :87 :List_push) gay shit
DEBUG: (src/list.c :87 :List_push) gay shit
DEBUG: (src/list.c :87 :List_push) gay shit
DEBUG: (src/list.c :87 :List_push) gay shit
DEBUG: (src/list.c :87 :List_push) gay shit
DEBUG: (src/list.c :87 :List_push) gay shit
DEBUG: (src/list.c :87 :List_push) gay shit
DEBUG: (src/list.c :87 :List_push) gay shit
DEBUG: (src/list.c :87 :List_push) gay shit
DEBUG: (src/list.c :87 :List_push) gay shit
DEBUG: (src/list.c :87 :List_push) gay shit
DEBUG: (src/list.c :87 :List_push) gay shit
DEBUG: (src/list.c :87 :List_push) gay shit
DEBUG: (src/list.c :87 :List_push) gay shit
DEBUG: (src/list.c :87 :List_push) gay shit
DEBUG: (src/list.c :87 :List_push) gay shit
DEBUG: (src/list.c :87 :List_push) gay shit
DEBUG: (src/list.c :87 :List_push) gay shit
DEBUG: (src/list.c :87 :List_push) gay shit
DEBUG: (src/list.c :87 :List_push) gay shit
DEBUG: (src/list.c :87 :List_push) gay shit
DEBUG: (src/list.c :87 :List_push) gay shit
DEBUG: (src/list.c :87 :List_push) gay shit
DEBUG: (src/list.c :87 :List_push) gay shit
DEBUG: (src/list.c :87 :List_push) gay shit
DEBUG: (src/list.c :87 :List_push) gay shit
DEBUG: (src/list.c :87 :List_push) gay shit
DEBUG: (src/list.c :87 :List_push) gay shit
DEBUG: (src/list.c :87 :List_push) gay shit
DEBUG: (src/list.c :87 :List_push) gay shit
DEBUG: (src/list.c :87 :List_push) gay shit
DEBUG: (src/list.c :87 :List_push) gay shit
DEBUG: (src/list.c :87 :List_push) gay shit
DEBUG: (src/list.c :87 :List_push) gay shit
DEBUG: (src/list.c :87 :List_push) gay shit
DEBUG: (src/list.c :87 :List_push) gay shit
DEBUG: (src/list.c :87 :List_push) gay shit
DEBUG: (src/list.c :87 :List_push) gay shit
DEBUG: (src/list.c :87 :List_push) gay shit
DEBUG: (src/list.c :87 :List_push) gay shit
DEBUG: (src/list.c :87 :List_push) gay shit
DEBUG: (src/list.c :87 :List_push) gay shit
DEBUG: (src/list.c :87 :List_push) gay shit
DEBUG: (src/list.c :87 :List_push) gay shit
DEBUG: (src/list.c :87 :List_push) gay shit
DEBUG: (src/list.c :87 :List_push) gay shit
DEBUG: (src/list.c :87 :List_push) gay shit
DEBUG: (src/list.c :87 :List_push) gay shit
DEBUG: (src/list.c :87 :List_push) gay shit
DEBUG: (src/list.c :87 :List_push) gay shit
DEBUG: (src/list.c :87 :List_push) gay shit
DEBUG: (src/list.c :87 :List_push) gay shit
DEBUG: (src/list.c :87 :List_push) gay shit
DEBUG: (src/list.c :87 :List_push) gay shit
DEBUG: (src/list.c :87 :List_push) gay shit
DEBUG: (src/list.c :87 :List_push) gay shit
DEBUG: (src/list.c :87 :List_push) gay shit
DEBUG: (src/list.c :87 :List_push) gay shit
DEBUG: (src/list.c :87 :List_push) gay shit
DEBUG: (src/list.c :87 :List_push) gay shit
DEBUG: (src/list.c :87 :List_push) gay shit
DEBUG: (src/list.c :87 :List_push) gay shit
DEBUG: (src/list.c :87 :List_push) gay shit
DEBUG: (src/list.c :87 :List_push) gay shit
DEBUG: (src/list.c :87 :List_push) gay shit
DEBUG: (src/list.c :87 :List_push) gay shit
DEBUG: (src/list.c :87 :List_push) gay shit
DEBUG: (src/list.c :87 :List_push) gay shit
DEBUG: (src/list.c :87 :List_push) gay shit
DEBUG: (src/list.c :87 :List_push) gay shit
DEBUG: (src/list.c :87 :List_push) gay shit
DEBUG: (src/list.c :87 :List_push) gay shit
DEBUG: (src/list.c :87 :List_push) gay shit
DEBUG: (src/list.c :87 :List_push) gay shit
DEBUG: (src/list.c :87 :List_push) gay shit
DEBUG: (src/list.c :87 :List_push) gay shit
DEBUG: (src/list.c :87 :List_push) gay shit
DEBUG: (src/list.c :87 :List_push) gay shit
DEBUG: (src/list.c :87 :List_push) gay shit
DEBUG: (src/list.c :87 :List_push) gay shit
DEBUG: (src/list.c :87 :List_push) gay shit
DEBUG: (src/list.c :87 :List_push) gay shit
DEBUG: (src/list.c :87 :List_push) gay shit
DEBUG: (src/list.c :87 :List_push) gay shit
DEBUG: (src/list.c :87 :List_push) gay shit
DEBUG: (src/list.c :87 :List_push) gay shit
DEBUG: (src/list.c :87 :List_push) gay shit
DEBUG: (src/list.c :87 :List_push) gay shit
DEBUG: (src/list.c :87 :List_push) gay shit
DEBUG: (src/list.c :87 :List_push) gay shit
DEBUG: (src/list.c :87 :List_push) gay shit
DEBUG: (src/list.c :87 :List_push) gay shit
DEBUG: (src/list.c :87 :List_push) gay shit
DEBUG: (src/list.c :87 :List_push) gay shit
DEBUG: (src/list.c :87 :List_push) gay shit
DEBUG: (src/list.c :87 :List_push) gay shit
DEBUG: (src/list.c :87 :List_push) gay shit
DEBUG: (src/list.c :87 :List_push) gay shit
DEBUG: (src/list.c :87 :List_push) gay shit
DEBUG: (src/list.c :87 :List_push) gay shit
DEBUG: (src/list.c :87 :List_push) gay shit
DEBUG: (src/list.c :87 :List_push) gay shit
DEBUG: (src/list.c :87 :List_push) gay shit
DEBUG: (src/list.c :87 :List_push) gay shit
DEBUG: (src/list.c :87 :List_push) gay shit
DEBUG: (src/list.c :87 :List_push) gay shit
DEBUG: (src/list.c :87 :List_push) gay shit
DEBUG: (src/list.c :87 :List_push) gay shit
DEBUG: (src/list.c :87 :List_push) gay shit
DEBUG: (src/list.c :87 :List_push) gay shit
DEBUG: (src/list.c :87 :List_push) gay shit
DEBUG: (src/list.c :87 :List_push) gay shit
DEBUG: (src/list.c :87 :List_push) gay shit
DEBUG: (src/list.c :87 :List_push) gay shit
DEBUG: (src/list.c :87 :List_push) gay shit
DEBUG: (src/list.c :87 :List_push) gay shit
DEBUG: (src/list.c :87 :List_push) gay shit
DEBUG: (src/list.c :87 :List_push) gay shit
DEBUG: (src/list.c :87 :List_push) gay shit
DEBUG: (src/list.c :87 :List_push) gay shit
DEBUG: (src/list.c :87 :List_push) gay shit
DEBUG: (src/list.c :87 :List_push) gay shit
DEBUG: (src/list.c :87 :List_push) gay shit
DEBUG: (src/list.c :87 :List_push) gay shit
DEBUG: (src/list.c :87 :List_push) gay shit
DEBUG: (src/list.c :87 :List_push) gay shit
DEBUG: (src/list.c :87 :List_push) gay shit
DEBUG: (src/list.c :87 :List_push) gay shit
DEBUG: (src/list.c :87 :List_push) gay shit
DEBUG: (src/list.c :87 :List_push) gay shit
DEBUG: (src/list.c :87 :List_push) gay shit
DEBUG: (src/list.c :87 :List_push) gay shit
DEBUG: (src/list.c :87 :List_push) gay shit
DEBUG: (src/list.c :87 :List_push) gay shit
DEBUG: (src/list.c :87 :List_push) gay shit
DEBUG: (src/list.c :87 :List_push) gay shit
DEBUG: (src/list.c :87 :List_push) gay shit
DEBUG: (src/list.c :87 :List_push) gay shit
DEBUG: (src/list.c :87 :List_push) gay shit
DEBUG: (src/list.c :87 :List_push) gay shit
DEBUG: (src/list.c :87 :List_push) gay shit
DEBUG: (src/list.c :87 :List_push) gay shit
DEBUG: (src/list.c :87 :List_push) gay shit
DEBUG: (src/list.c :87 :List_push) gay shit
DEBUG: (src/list.c :87 :List_push) gay shit
DEBUG: (src/list.c :87 :List_push) gay shit
DEBUG: (src/list.c :87 :List_push) gay shit
DEBUG: (src/list.c :87 :List_push) gay shit
DEBUG: (src/list.c :87 :List_push) gay shit
DEBUG: (src/list.c :87 :List_push) gay shit
DEBUG: (src/list.c :87 :List_push) gay shit
DEBUG: (src/list.c :87 :List_push) gay shit
DEBUG: (src/list.c :87 :List_push) gay shit
DEBUG: (src/list.c :87 :List_push) gay shit
DEBUG: (src/list.c :87 :List_push) gay shit
DEBUG: (src/list.c :87 :List_push) gay shit
DEBUG: (src/list.c :87 :List_push) gay shit
DEBUG: (src/list.c :87 :List_push) gay shit
DEBUG: (src/list.c :87 :List_push) gay shit
DEBUG: (src/list.c :87 :List_push) gay shit
DEBUG: (src/list.c :87 :List_push) gay shit
DEBUG: (src/list.c :87 :List_push) gay shit
DEBUG: (src/list.c :87 :List_push) gay shit
DEBUG: (src/list.c :87 :List_push) gay shit
DEBUG: (src/list.c :87 :List_push) gay shit
DEBUG: (src/list.c :87 :List_push) gay shit
DEBUG: (src/list.c :87 :List_push) gay shit
DEBUG: (src/list.c :87 :List_push) gay shit
DEBUG: (src/list.c :87 :List_push) gay shit
DEBUG: (src/list.c :87 :List_push) gay shit
DEBUG: (src/list.c :87 :List_push) gay shit
DEBUG: (src/list.c :87 :List_push) gay shit
DEBUG: (src/list.c :87 :List_push) gay shit
DEBUG: (src/list.c :87 :List_push) gay shit
DEBUG: (src/list.c :87 :List_push) gay shit
DEBUG: (src/list.c :87 :List_push) gay shit
DEBUG: (src/list.c :87 :List_push) gay shit
DEBUG: (src/list.c :87 :List_push) gay shit
DEBUG: (src/list.c :87 :List_push) gay shit
DEBUG: (src/list.c :87 :List_push) gay shit
DEBUG: (src/list.c :87 :List_push) gay shit
DEBUG: (src/list.c :87 :List_push) gay shit
DEBUG: (src/list.c :87 :List_push) gay shit
DEBUG: (src/list.c :87 :List_push) gay shit
DEBUG: (src/list.c :87 :List_push) gay shit
DEBUG: (src/list.c :87 :List_push) gay shit
DEBUG: (src/list.c :87 :List_push) gay shit
DEBUG: (src/list.c :87 :List_push) gay shit
DEBUG: (src/list.c :87 :List_push) gay shit
DEBUG: (src/list.c :87 :List_push) gay shit
DEBUG: (src/list.c :87 :List_push) gay shit
DEBUG: (src/list.c :87 :List_push) gay shit
DEBUG: (src/list.c :87 :List_push) gay shit
DEBUG: (src/list.c :87 :List_push) gay shit
DEBUG: (src/list.c :87 :List_push) gay shit
DEBUG: (src/list.c :87 :List_push) gay shit
DEBUG: (src/list.c :87 :List_push) gay shit
DEBUG: (src/list.c :87 :List_push) gay shit
DEBUG: (src/list.c :87 :List_push) gay shit
DEBUG: (src/list.c :87 :List_push) gay shit
DEBUG: (src/list.c :87 :List_push) gay shit
DEBUG: (src/list.c :87 :List_push) gay shit
DEBUG: (src/list.c :87 :List_push) gay shit
DEBUG: (src/list.c :87 :List_push) gay shit
DEBUG: (src/list.c :87 :List_push) gay shit
DEBUG: (src/list.c :87 :List_push) gay shit
DEBUG: (src/list.c :87 :List_push) gay shit
DEBUG: (src/list.c :87 :List_push) gay shit
DEBUG: (src/list.c :87 :List_push) gay shit
DEBUG: (src/list.c :87 :List_push) gay shit
DEBUG: (src/list.c :87 :List_push) gay shit
DEBUG: (src/list.c :87 :List_push) gay shit
DEBUG: (src/list.c :87 :List_push) gay shit
DEBUG: (src/list.c :87 :List_push) gay shit
DEBUG: (src/list.c :87 :List_push) gay shit
DEBUG: (src/list.c :87 :List_push) gay shit
DEBUG: (src/list.c :87 :List_push) gay shit
DEBUG: (src/list.c :87 :List_push) gay shit
DEBUG: (src/list.c :87 :List_push) gay shit
DEBUG: (src/list.c :87 :List_push) gay shit
DEBUG: (src/list.c :87 :List_push) gay shit
DEBUG: (src/list.c :87 :List_push) gay shit
DEBUG: (src/list.c :87 :List_push) gay shit
DEBUG: (src/list.c :87 :List_push) gay shit
DEBUG: (src/list.c :87 :List_push) gay shit
DEBUG: (src/list.c :87 :List_push) gay shit
DEBUG: (src/list.c :87 :List_push) gay shit
DEBUG: (src/list.c :87 :List_push) gay shit
DEBUG: (src/list.c :87 :List_push) gay shit
DEBUG: (src/list.c :87 :List_push) gay shit
DEBUG: (src/list.c :87 :List_push) gay shit
DEBUG: (src/list.c :87 :List_push) gay shit
DEBUG: (src/list.c :87 :List_push) gay shit
DEBUG: (src/list.c :87 :List_push) gay shit
DEBUG: (src/list.c :87 :List_push) gay shit
DEBUG: (src/list.c :87 :List_push) gay shit
DEBUG: (src/list.c :87 :List_push) gay shit
DEBUG: (src/list.c :87 :List_push) gay shit
DEBUG: (src/list.c :87 :List_push) gay shit
DEBUG: (src/list.c :87 :List_push) gay shit
DEBUG: (src/list.c :87 :List_push) gay shit
DEBUG: (src/list.c :87 :List_push) gay shit
DEBUG: (src/list.c :87 :List_push) gay shit
DEBUG: (src/list.c :87 :List_push) gay shit
DEBUG: (src/list.c :87 :List_push) gay shit
DEBUG: (src/list.c :87 :List_push) gay shit
DEBUG: (src/list.c :87 :List_push) gay shit
DEBUG: (src/list.c :87 :List_push) gay shit
DEBUG: (src/list.c :87 :List_push) gay shit
DEBUG: (src/list.c :87 :List_push) gay shit
DEBUG: (src/list.c :87 :List_push) gay shit
DEBUG: (src/list.c :87 :List_push) gay shit
DEBUG: (src/list.c :87 :List_push) gay shit
DEBUG: (src/list.c :87 :List_push) gay shit
DEBUG: (src/list.c :87 :List_push) gay shit
DEBUG: (src/list.c :87 :List_push) gay shit
DEBUG: (src/list.c :87 :List_push) gay shit
DEBUG: (src/list.c :87 :List_push) gay shit
DEBUG: (src/list.c :87 :List_push) gay shit
DEBUG: (src/list.c :87 :List_push) gay shit
DEBUG: (src/list.c :87 :List_push) gay shit
DEBUG: (src/list.c :87 :List_push) gay shit
DEBUG: (src/list.c :87 :List_push) gay shit
DEBUG: (src/list.c :87 :List_push) gay shit
DEBUG: (src/list.c :87 :List_push) gay shit
DEBUG: (src/list.c :87 :List_push) gay shit
DEBUG: (src/list.c :87 :List_push) gay shit
DEBUG: (src/list.c :87 :List_push) gay shit
DEBUG: (src/list.c :87 :List_push) gay shit
DEBUG: (src/list.c :87 :List_push) gay shit
DEBUG: (src/list.c :87 :List_push) gay shit
DEBUG: (src/list.c :87 :List_push) gay shit
DEBUG: (src/list.c :87 :List_push) gay shit
DEBUG: (src/list.c :87 :List_push) gay shit
DEBUG: (src/list.c :87 :List_push) gay shit
DEBUG: (src/list.c :87 :List_push) gay shit
DEBUG: (src/list.c :87 :List_push) gay shit
DEBUG: (src/list.c :87 :List_push) gay shit
DEBUG: (src/list.c :87 :List_push) gay shit
DEBUG: (src/list.c :87 :List_push) gay shit
DEBUG: (src/list.c :87 :List_push) gay shit
DEBUG: (src/list.c :87 :List_push) gay shit
DEBUG: (src/list.c :87 :List_push) gay shit
DEBUG: (src/list.c :87 :List_push) gay shit
DEBUG: (src/list.c :87 :List_push) gay shit
DEBUG: (src/list.c :87 :List_push) gay shit
DEBUG: (src/list.c :87 :List_push) gay shit
DEBUG: (src/list.c :87 :List_push) gay shit
DEBUG: (src/list.c :87 :List_push) gay shit
DEBUG: (src/list.c :87 :List_push) gay shit
DEBUG: (src/list.c :87 :List_push) gay shit
DEBUG: (src/list.c :87 :List_push) gay shit
DEBUG: (src/list.c :87 :List_push) gay shit
DEBUG: (src/list.c :87 :List_push) gay shit
DEBUG: (src/list.c :87 :List_push) gay shit
DEBUG: (src/list.c :87 :List_push) gay shit
DEBUG: (src/list.c :87 :List_push) gay shit
DEBUG: (src/list.c :87 :List_push) gay shit
DEBUG: (src/list.c :87 :List_push) gay shit
DEBUG: (src/list.c :87 :List_push) gay shit
DEBUG: (src/list.c :87 :List_push) gay shit
DEBUG: (src/list.c :87 :List_push) gay shit
DEBUG: (src/list.c :87 :List_push) gay shit
DEBUG: (src/list.c :87 :List_push) gay shit
DEBUG: (src/list.c :87 :List_push) gay shit
DEBUG: (src/list.c :87 :List_push) gay shit
DEBUG: (src/list.c :87 :List_push) gay shit
DEBUG: (src/list.c :87 :List_push) gay shit
DEBUG: (src/list.c :87 :List_push) gay shit
DEBUG: (src/list.c :87 :List_push) gay shit
DEBUG: (src/list.c :87 :List_push) gay shit
DEBUG: (src/list.c :87 :List_push) gay shit
DEBUG: (src/list.c :87 :List_push) gay shit
DEBUG: (src/list.c :87 :List_push) gay shit
DEBUG: (src/list.c :87 :List_push) gay shit
DEBUG: (src/list.c :87 :List_push) gay shit
DEBUG: (src/list.c :87 :List_push) gay shit
DEBUG: (src/list.c :87 :List_push) gay shit
DEBUG: (src/list.c :87 :List_push) gay shit
DEBUG: (src/list.c :87 :List_push) gay shit
DEBUG: (src/list.c :87 :List_push) gay shit
DEBUG: (src/list.c :87 :List_push) gay shit
DEBUG: (src/list.c :87 :List_push) gay shit
DEBUG: (src/list.c :87 :List_push) gay shit
DEBUG: (src/list.c :87 :List_push) gay shit
DEBUG: (src/list.c :87 :List_push) gay shit
DEBUG: (src/list.c :87 :List_push) gay shit
DEBUG: (src/list.c :87 :List_push) gay shit
DEBUG: (src/list.c :87 :List_push) gay shit
DEBUG: (src/list.c :87 :List_push) gay shit
DEBUG: (src/list.c :87 :List_push) gay shit
DEBUG: (src/list.c :87 :List_push) gay shit
DEBUG: (src/list.c :87 :List_push) gay shit
DEBUG: (src/list.c :87 :List_push) gay shit
DEBUG: (src/list.c :87 :List_push) gay shit
DEBUG: (src/list.c :87 :List_push) gay shit
DEBUG: (src/list.c :87 :List_push) gay shit
DEBUG: (src/list.c :87 :List_push) gay shit
DEBUG: (src/list.c :87 :List_push) gay shit
DEBUG: (src/list.c :87 :List_push) gay shit
DEBUG: (src/list.c :87 :List_push) gay shit
DEBUG: (src/list.c :87 :List_push) gay shit
DEBUG: (src/list.c :87 :List_push) gay shit
DEBUG: (src/list.c :87 :List_push) gay shit
DEBUG: (src/list.c :87 :List_push) gay shit
DEBUG: (src/list.c :87 :List_push) gay shit
DEBUG: (src/list.c :87 :List_push) gay shit
DEBUG: (src/list.c :87 :List_push) gay shit
DEBUG: (src/list.c :87 :List_push) gay shit
DEBUG: (src/list.c :87 :List_push) gay shit
DEBUG: (src/list.c :87 :List_push) gay shit
DEBUG: (src/list.c :87 :List_push) gay shit
DEBUG: (src/list.c :87 :List_push) gay shit
DEBUG: (src/list.c :87 :List_push) gay shit
DEBUG: (src/list.c :87 :List_push) gay shit
DEBUG: (src/list.c :87 :List_push) gay shit
DEBUG: (src/list.c :87 :List_push) gay shit
DEBUG: (src/list.c :87 :List_push) gay shit
DEBUG: (src/list.c :87 :List_push) gay shit
DEBUG: (src/list.c :87 :List_push) gay shit
DEBUG: (src/list.c :87 :List_push) gay shit
DEBUG: (src/list.c :87 :List_push) gay shit
DEBUG: (src/list.c :87 :List_push) gay shit
DEBUG: (src/list.c :87 :List_push) gay shit
DEBUG: (src/list.c :87 :List_push) gay shit
DEBUG: (src/list.c :87 :List_push) gay shit
DEBUG: (src/list.c :87 :List_push) gay shit
DEBUG: (src/list.c :87 :List_push) gay shit
DEBUG: (src/list.c :87 :List_push) gay shit
DEBUG: (src/list.c :87 :List_push) gay shit
DEBUG: (src/list.c :87 :List_push) gay shit
DEBUG: (src/list.c :87 :List_push) gay shit
DEBUG: (src/list.c :87 :List_push) gay shit
DEBUG: (src/list.c :87 :List_push) gay shit
DEBUG: (src/list.c :87 :List_push) gay shit
DEBUG: (src/list.c :87 :List_push) gay shit
DEBUG: (src/list.c :87 :List_push) gay shit
DEBUG: (src/list.c :87 :List_push) gay shit
DEBUG: (src/list.c :87 :List_push) gay shit
DEBUG: (src/list.c :87 :List_push) gay shit
DEBUG: (src/list.c :87 :List_push) gay shit
DEBUG: (src/list.c :87 :List_push) gay shit
DEBUG: (src/list.c :87 :List_push) gay shit
DEBUG: (src/list.c :87 :List_push) gay shit
DEBUG: (src/list.c :87 :List_push) gay shit
DEBUG: (src/list.c :87 :List_push) gay shit
DEBUG: (src/list.c :87 :List_push) gay shit
DEBUG: (src/list.c :87 :List_push) gay shit
DEBUG: (src/list.c :87 :List_push) gay shit
DEBUG: (src/list.c :87 :List_push) gay shit
DEBUG: (src/list.c :87 :List_push) gay shit
DEBUG: (src/list.c :87 :List_push) gay shit
DEBUG: (src/list.c :87 :List_push) gay shit
DEBUG: (src/list.c :87 :List_push) gay shit
DEBUG: (src/list.c :87 :List_push) gay shit
DEBUG: (src/list.c :87 :List_push) gay shit
DEBUG: (src/list.c :87 :List_push) gay shit
DEBUG: (src/list.c :87 :List_push) gay shit
DEBUG: (src/list.c :87 :List_push) gay shit
DEBUG: (src/list.c :87 :List_push) gay shit
DEBUG: (src/list.c :87 :List_push) gay shit
DEBUG: (src/list.c :87 :List_push) gay shit
DEBUG: (src/list.c :87 :List_push) gay shit
DEBUG: (src/list.c :87 :List_push) gay shit
DEBUG: (src/list.c :87 :List_push) gay shit
DEBUG: (src/list.c :87 :List_push) gay shit
DEBUG: (src/list.c :87 :List_push) gay shit
DEBUG: (src/list.c :87 :List_push) gay shit
DEBUG: (src/list.c :87 :List_push) gay shit
DEBUG: (src/list.c :87 :List_push) gay shit
DEBUG: (src/list.c :87 :List_push) gay shit
DEBUG: (src/list.c :87 :List_push) gay shit
DEBUG: (src/list.c :87 :List_push) gay shit
DEBUG: (src/list.c :87 :List_push) gay shit
DEBUG: (src/list.c :87 :List_push) gay shit
DEBUG: (src/list.c :87 :List_push) gay shit
DEBUG: (src/list.c :87 :List_push) gay shit
DEBUG: (src/list.c :87 :List_push) gay shit
DEBUG: (src/list.c :87 :List_push) gay shit
DEBUG: (src/list.c :87 :List_push) gay shit
DEBUG: (src/list.c :87 :List_push) gay shit
DEBUG: (src/list.c :87 :List_push) gay shit
DEBUG: (src/list.c :87 :List_push) gay shit
DEBUG: (src/list.c :87 :List_push) gay shit
DEBUG: (src/list.c :87 :List_push) gay shit
DEBUG: (src/list.c :87 :List_push) gay shit
DEBUG: (src/list.c :87 :List_push) gay shit
DEBUG: (src/list.c :87 :List_push) gay shit
DEBUG: (src/list.c :87 :List_push) gay shit
DEBUG: (src/list.c :87 :List_push) gay shit
DEBUG: (src/list.c :87 :List_push) gay shit
DEBUG: (src/list.c :87 :List_push) gay shit
DEBUG: (src/list.c :87 :List_push) gay shit
DEBUG: (src/list.c :87 :List_push) gay shit
DEBUG: (src/list.c :87 :List_push) gay shit
DEBUG: (src/list.c :87 :List_push) gay shit
DEBUG: (src/list.c :87 :List_push) gay shit
DEBUG: (src/list.c :87 :List_push) gay shit
DEBUG: (src/list.c :87 :List_push) gay shit
DEBUG: (src/list.c :87 :List_push) gay shit
DEBUG: (src/list.c :87 :List_push) gay shit
DEBUG: (src/list.c :87 :List_push) gay shit
DEBUG: (src/list.c :87 :List_push) gay shit
DEBUG: (src/list.c :87 :List_push) gay shit
DEBUG: (src/list.c :87 :List_push) gay shit
DEBUG: (src/list.c :87 :List_push) gay shit
DEBUG: (src/list.c :87 :List_push) gay shit
DEBUG: (src/list.c :87 :List_push) gay shit
DEBUG: (src/list.c :87 :List_push) gay shit
DEBUG: (src/list.c :87 :List_push) gay shit
DEBUG: (src/list.c :87 :List_push) gay shit
DEBUG: (src/list.c :87 :List_push) gay shit
DEBUG: (src/list.c :87 :List_push) gay shit
DEBUG: (src/list.c :87 :List_push) gay shit
DEBUG: (src/list.c :87 :List_push) gay shit
DEBUG: (src/list.c :87 :List_push) gay shit
DEBUG: (src/list.c :87 :List_push) gay shit
DEBUG: (src/list.c :87 :List_push) gay shit
DEBUG: (src/list.c :87 :List_push) gay shit
DEBUG: (src/list.c :87 :List_push) gay shit
DEBUG: (src/list.c :87 :List_push) gay shit
DEBUG: (src/list.c :87 :List_push) gay shit
DEBUG: (src/list.c :87 :List_push) gay shit
DEBUG: (src/list.c :87 :List_push) gay shit
DEBUG: (src/list.c :87 :List_push) gay shit
DEBUG: (src/list.c :87 :List_push) gay shit
DEBUG: (src/list.c :87 :List_push) gay shit
DEBUG: (src/list.c :87 :List_push) gay shit
DEBUG: (src/list.c :87 :List_push) gay shit
DEBUG: (src/list.c :87 :List_push) gay shit
DEBUG: (src/list.c :87 :List_push) gay shit
DEBUG: (src/list.c :87 :List_push) gay shit
DEBUG: (src/list.c :87 :List_push) gay shit
DEBUG: (src/list.c :87 :List_push) gay shit
DEBUG: (src/list.c :87 :List_push) gay shit
DEBUG: (src/list.c :87 :List_push) gay shit
DEBUG: (src/list.c :87 :List_push) gay shit
DEBUG: (src/list.c :87 :List_push) gay shit
DEBUG: (src/list.c :87 :List_push) gay shit
DEBUG: (src/list.c :87 :List_push) gay shit
DEBUG: (src/list.c :87 :List_push) gay shit
DEBUG: (src/list.c :87 :List_push) gay shit
DEBUG: (src/list.c :87 :List_push) gay shit
DEBUG: (src/list.c :87 :List_push) gay shit
DEBUG: (src/list.c :87 :List_push) gay shit
DEBUG: (src/list.c :87 :List_push) gay shit
DEBUG: (src/list.c :87 :List_push) gay shit
DEBUG: (src/list.c :87 :List_push) gay shit
DEBUG: (src/list.c :87 :List_push) gay shit
DEBUG: (src/list.c :87 :List_push) gay shit
DEBUG: (src/list.c :87 :List_push) gay shit
DEBUG: (src/list.c :87 :List_push) gay shit
DEBUG: (src/list.c :87 :List_push) gay shit
DEBUG: (src/list.c :87 :List_push) gay shit
DEBUG: (src/list.c :87 :List_push) gay shit
DEBUG: (src/list.c :87 :List_push) gay shit
DEBUG: (src/list.c :87 :List_push) gay shit
DEBUG: (src/list.c :87 :List_push) gay shit
DEBUG: (src/list.c :87 :List_push) gay shit
DEBUG: (src/list.c :87 :List_push) gay shit
DEBUG: (src/list.c :87 :List_push) gay shit
DEBUG: (src/list.c :87 :List_push) gay shit
DEBUG: (src/list.c :87 :List_push) gay shit
DEBUG: (src/list.c :87 :List_push) gay shit
DEBUG: (src/list.c :87 :List_push) gay shit
DEBUG: (src/list.c :87 :List_push) gay shit
DEBUG: (src/list.c :87 :List_push) gay shit
DEBUG: (src/list.c :87 :List_push) gay shit
DEBUG: (src/list.c :87 :List_push) gay shit
DEBUG: (src/list.c :87 :List_push) gay shit
DEBUG: (src/list.c :87 :List_push) gay shit
DEBUG: (src/list.c :87 :List_push) gay shit
DEBUG: (src/list.c :87 :List_push) gay shit
DEBUG: (src/list.c :87 :List_push) gay shit
DEBUG: (src/list.c :87 :List_push) gay shit
DEBUG: (src/list.c :87 :List_push) gay shit
DEBUG: (src/list.c :87 :List_push) gay shit
DEBUG: (src/list.c :87 :List_push) gay shit
DEBUG: (src/list.c :87 :List_push) gay shit
DEBUG: (src/list.c :87 :List_push) gay shit
DEBUG: (src/list.c :87 :List_push) gay shit
DEBUG: (src/list.c :87 :List_push) gay shit
DEBUG: (src/list.c :87 :List_push) gay shit
DEBUG: (src/list.c :87 :List_push) gay shit
DEBUG: (src/list.c :87 :List_push) gay shit
DEBUG: (src/list.c :87 :List_push) gay shit
DEBUG: (src/list.c :87 :List_push) gay shit
DEBUG: (src/list.c :87 :List_push) gay shit
DEBUG: (src/list.c :87 :List_push) gay shit
DEBUG: (src/list.c :87 :List_push) gay shit
DEBUG: (src/list.c :87 :List_push) gay shit
DEBUG: (src/list.c :87 :List_push) gay shit
DEBUG: (src/list.c :87 :List_push) gay shit
DEBUG: (src/list.c :87 :List_push) gay shit
DEBUG: (src/list.c :87 :List_push) gay shit
DEBUG: (src/list.c :87 :List_push) gay shit
DEBUG: (src/list.c :87 :List_push) gay shit
DEBUG: (src/list.c :87 :List_push) gay shit
DEBUG: (src/list.c :87 :List_push) gay shit
DEBUG: (src/list.c :87 :List_push) gay shit
DEBUG: (src/list.c :87 :List_push) gay shit
DEBUG: (src/list.c :87 :List_push) gay shit
DEBUG: (src/list.c :87 :List_push) gay shit
DEBUG: (src/list.c :87 :List_push) gay shit
DEBUG: (src/list.c :87 :List_push) gay shit
DEBUG: (src/list.c :87 :List_push) gay shit
DEBUG: (src/list.c :87 :List_push) gay shit
DEBUG: (src/list.c :87 :List_push) gay shit
DEBUG: (src/list.c :87 :List_push) gay shit
DEBUG: (src/list.c :87 :List_push) gay shit
DEBUG: (src/list.c :87 :List_push) gay shit
DEBUG: (src/list.c :87 :List_push) gay shit
DEBUG: (src/list.c :87 :List_push) gay shit
DEBUG: (src/list.c :87 :List_push) gay shit
DEBUG: (src/list.c :87 :List_push) gay shit
DEBUG: (src/list.c :87 :List_push) gay shit
DEBUG: (src/list.c :87 :List_push) gay shit
DEBUG: (src/list.c :87 :List_push) gay shit
DEBUG: (src/list.c :87 :List_push) gay shit
DEBUG: (src/list.c :87 :List_push) gay shit
DEBUG: (src/list.c :87 :List_push) gay shit
DEBUG: (src/list.c :87 :List_push) gay shit
DEBUG: (src/list.c :87 :List_push) gay shit
DEBUG: (src/list.c :87 :List_push) gay shit
DEBUG: (src/list.c :87 :List_push) gay shit
DEBUG: (src/list.c :87 :List_push) gay shit
DEBUG: (src/list.c :87 :List_push) gay shit
DEBUG: (src/list.c :87 :List_push) gay shit
DEBUG: (src/list.c :87 :List_push) gay shit
DEBUG: (src/list.c :87 :List_push) gay shit
DEBUG: (src/list.c :87 :List_push) gay shit
DEBUG: (src/list.c :87 :List_push) gay shit
DEBUG: (src/list.c :87 :List_push) gay shit
DEBUG: (src/list.c :87 :List_push) gay shit
DEBUG: (src/list.c :87 :List_push) gay shit
DEBUG: (src/list.c :87 :List_push) gay shit
DEBUG: (src/list.c :87 :List_push) gay shit
DEBUG: (src/list.c :87 :List_push) gay shit
DEBUG: (src/list.c :87 :List_push) gay shit
DEBUG: (src/list.c :87 :List_push) gay shit
DEBUG: (src/list.c :87 :List_push) gay shit
DEBUG: (src/list.c :87 :List_push) gay shit
DEBUG: (src/list.c :87 :List_push) gay shit
DEBUG: (src/list.c :87 :List_push) gay shit
DEBUG: (src/list.c :87 :List_push) gay shit
DEBUG: (src/list.c :87 :List_push) gay shit
DEBUG: (src/list.c :87 :List_push) gay shit
DEBUG: (src/list.c :87 :List_push) gay shit
DEBUG: (src/list.c :87 :List_push) gay shit
DEBUG: (src/list.c :87 :List_push) gay shit
DEBUG: (src/list.c :87 :List_push) gay shit
DEBUG: (src/list.c :87 :List_push) gay shit
DEBUG: (src/list.c :87 :List_push) gay shit
DEBUG: (src/list.c :87 :List_push) gay shit
DEBUG: (src/list.c :87 :List_push) gay shit
DEBUG: (src/list.c :87 :List_push) gay shit
DEBUG: (src/list.c :87 :List_push) gay shit
DEBUG: (src/list.c :87 :List_push) gay shit
DEBUG: (src/list.c :87 :List_push) gay shit
DEBUG: (src/list.c :87 :List_push) gay shit
DEBUG: (src/list.c :87 :List_push) gay shit
DEBUG: (src/list.c :87 :List_push) gay shit
DEBUG: (src/list.c :87 :List_push) gay shit
DEBUG: (src/list.c :87 :List_push) gay shit
DEBUG: (src/list.c :87 :List_push) gay shit
DEBUG: (src/list.c :87 :List_push) gay shit
DEBUG: (src/list.c :87 :List_push) gay shit
DEBUG: (src/list.c :87 :List_push) gay shit
DEBUG: (src/list.c :87 :List_push) gay shit
DEBUG: (src/list.c :87 :List_push) gay shit
DEBUG: (src/list.c :87 :List_push) gay shit
DEBUG: (src/list.c :87 :List_push) gay shit
DEBUG: (src/list.c :87 :List_push) gay shit
DEBUG: (src/list.c :87 :List_push) gay shit
DEBUG: (src/list.c :87 :List_push) gay shit
DEBUG: (src/list.c :87 :List_push) gay shit
DEBUG: (src/list.c :87 :List_push) gay shit
DEBUG: (src/list.c :87 :List_push) gay shit
DEBUG: (src/list.c :87 :List_push) gay shit
DEBUG: (src/list.c :87 :List_push) gay shit
DEBUG: (src/list.c :87 :List_push) gay shit
DEBUG: (src/list.c :87 :List_push) gay shit
DEBUG: (src/list.c :87 :List_push) gay shit
DEBUG: (src/list.c :87 :List_push) gay shit
DEBUG: (src/list.c :87 :List_push) gay shit
DEBUG: (src/list.c :87 :List_push) gay shit
DEBUG: (src/list.c :87 :List_push) gay shit
DEBUG: (src/list.c :87 :List_push) gay shit
DEBUG: (src/list.c :87 :List_push) gay shit
DEBUG: (src/list.c :87 :List_push) gay shit
DEBUG: (src/list.c :87 :List_push) gay shit
DEBUG: (src/list.c :87 :List_push) gay shit
DEBUG: (src/list.c :87 :List_push) gay shit
DEBUG: (src/list.c :87 :List_push) gay shit
DEBUG: (src/list.c :87 :List_push) gay shit
DEBUG: (src/list.c :87 :List_push) gay shit
DEBUG: (src/list.c :87 :List_push) gay shit
DEBUG: (src/list.c :87 :List_push) gay shit
DEBUG: (src/list.c :87 :List_push) gay shit
DEBUG: (src/list.c :87 :List_push) gay shit
DEBUG: (src/list.c :87 :List_push) gay shit
DEBUG: (src/list.c :87 :List_push) gay shit
DEBUG: (src/list.c :87 :List_push) gay shit
DEBUG: (src/list.c :87 :List_push) gay shit
DEBUG: (src/list.c :87 :List_push) gay shit
DEBUG: (src/list.c :87 :List_push) gay shit
DEBUG: (src/list.c :87 :List_push) gay shit
DEBUG: (src/list.c :87 :List_push) gay shit
DEBUG: (src/list.c :87 :List_push) gay shit
DEBUG: (src/list.c :87 :List_push) gay shit
DEBUG: (src/list.c :87 :List_push) gay shit
DEBUG: (src/list.c :87 :List_push) gay shit
DEBUG: (src/list.c :87 :List_push) gay shit
DEBUG: (src/list.c :87 :List_push) gay shit
DEBUG: (src/list.c :87 :List_push) gay shit
DEBUG: (src/list.c :87 :List_push) gay shit
DEBUG: (src/list.c :87 :List_push) gay shit
DEBUG: (src/list.c :87 :List_push) gay shit
DEBUG: (src/list.c :87 :List_push) gay shit
DEBUG: (src/list.c :87 :List_push) gay shit
DEBUG: (src/list.c :87 :List_push) gay shit
DEBUG: (src/list.c :87 :List_push) gay shit
DEBUG: (src/list.c :87 :List_push) gay shit
DEBUG: (src/list.c :87 :List_push) gay shit
DEBUG: (src/list.c :87 :List_push) gay shit
DEBUG: (src/list.c :87 :List_push) gay shit
DEBUG: (src/list.c :87 :List_push) gay shit
DEBUG: (src/list.c :87 :List_push) gay shit
DEBUG: (src/list.c :87 :List_push) gay shit
DEBUG: (src/list.c :87 :List_push) gay shit
DEBUG: (src/list.c :87 :List_push) gay shit
DEBUG: (src/list.c :87 :List_push) gay shit
DEBUG: (src/list.c :87 :List_push) gay shit
DEBUG: (src/list.c :87 :List_push) gay shit
DEBUG: (src/list.c :87 :List_push) gay shit
DEBUG: (src/list.c :87 :List_push) gay shit
DEBUG: (src/list.c :87 :List_push) gay shit
DEBUG: (src/list.c :87 :List_push) gay shit
DEBUG: (src/list.c :87 :List_push) gay shit
DEBUG: (src/list.c :87 :List_push) gay shit
DEBUG: (src/list.c :87 :List_push) gay shit
DEBUG: (src/list.c :87 :List_push) gay shit
DEBUG: (src/list.c :87 :List_push) gay shit
DEBUG: (src/list.c :87 :List_push) gay shit
DEBUG: (src/list.c :87 :List_push) gay shit
DEBUG: (src/list.c :87 :List_push) gay shit
DEBUG: (src/list.c :87 :List_push) gay shit
DEBUG: (src/list.c :87 :List_push) gay shit
DEBUG: (src/list.c :87 :List_push) gay shit
DEBUG: (src/list.c :87 :List_push) gay shit
DEBUG: (src/list.c :87 :List_push) gay shit
DEBUG: (src/list.c :87 :List_push) gay shit
DEBUG: (src/list.c :87 :List_push) gay shit
DEBUG: (src/list.c :87 :List_push) gay shit
DEBUG: (src/list.c :87 :List_push) gay shit
DEBUG: (src/list.c :87 :List_push) gay shit
DEBUG: (src/list.c :87 :List_push) gay shit
DEBUG: (src/list.c :87 :List_push) gay shit
DEBUG: (src/list.c :87 :List_push) gay shit
DEBUG: (src/list.c :87 :List_push) gay shit
DEBUG: (src/list.c :87 :List_push) gay shit
DEBUG: (src/list.c :87 :List_push) gay shit
DEBUG: (src/list.c :87 :List_push) gay shit
DEBUG: (src/list.c :87 :List_push) gay shit
DEBUG: (src/list.c :87 :List_push) gay shit
DEBUG: (src/list.c :87 :List_push) gay shit
DEBUG: (src/list.c :87 :List_push) gay shit
DEBUG: (src/list.c :87 :List_push) gay shit
DEBUG: (src/list.c :87 :List_push) gay shit
DEBUG: (src/list.c :87 :List_push) gay shit
DEBUG: (src/list.c :87 :List_push) gay shit
DEBUG: (src/list.c :87 :List_push) gay shit
DEBUG: (src/list.c :87 :List_push) gay shit
DEBUG: (src/list.c :87 :List_push) gay shit
DEBUG: (src/list.c :87 :List_push) gay shit
DEBUG: (src/list.c :87 :List_push) gay shit
DEBUG: (src/list.c :87 :List_push) gay shit
DEBUG: (src/list.c :87 :List_push) gay shit
DEBUG: (src/list.c :87 :List_push) gay shit
DEBUG: (src/list.c :87 :List_push) gay shit
DEBUG: (src/list.c :87 :List_push) gay shit
DEBUG: (src/list.c :87 :List_push) gay shit
DEBUG: (src/list.c :87 :List_push) gay shit
DEBUG: (src/list.c :87 :List_push) gay shit
DEBUG: (src/list.c :87 :List_push) gay shit
DEBUG: (src/list.c :87 :List_push) gay shit
DEBUG: (src/list.c :87 :List_push) gay shit
DEBUG: (src/list.c :87 :List_push) gay shit
DEBUG: (src/list.c :87 :List_push) gay shit
DEBUG: (src/list.c :87 :List_push) gay shit
DEBUG: (src/list.c :87 :List_push) gay shit
DEBUG: (src/list.c :87 :List_push) gay shit
DEBUG: (src/list.c :87 :List_push) gay shit
DEBUG: (src/list.c :87 :List_push) gay shit
DEBUG: (src/list.c :87 :List_push) gay shit
DEBUG: (src/list.c :87 :List_push) gay shit
DEBUG: (src/list.c :87 :List_push) gay shit
DEBUG: (src/list.c :87 :List_push) gay shit
DEBUG: (src/list.c :87 :List_push) gay shit
DEBUG: (src/list.c :87 :List_push) gay shit
DEBUG: (src/list.c :87 :List_push) gay shit
DEBUG: (src/list.c :87 :List_push) gay shit
DEBUG: (src/list.c :87 :List_push) gay shit
DEBUG: (src/list.c :87 :List_push) gay shit
DEBUG: (src/list.c :87 :List_push) gay shit
DEBUG: (src/list.c :87 :List_push) gay shit
DEBUG: (src/list.c :87 :List_push) gay shit
DEBUG: (src/list.c :87 :List_push) gay shit
DEBUG: (src/list.c :87 :List_push) gay shit
DEBUG: (src/list.c :87 :List_push) gay shit
DEBUG: (src/list.c :87 :List_push) gay shit
DEBUG: (src/list.c :87 :List_push) gay shit
DEBUG: (src/list.c :87 :List_push) gay shit
DEBUG: (src/list.c :87 :List_push) gay shit
DEBUG: (src/list.c :87 :List_push) gay shit
DEBUG: (src/list.c :87 :List_push) gay shit
DEBUG: (src/list.c :87 :List_push) gay shit
DEBUG: (src/list.c :87 :List_push) gay shit
DEBUG: (src/list.c :87 :List_push) gay shit
DEBUG: (src/list.c :87 :List_push) gay shit
DEBUG: (src/list.c :87 :List_push) gay shit
DEBUG: (src/list.c :87 :List_push) gay shit
DEBUG: (src/list.c :87 :List_push) gay shit
DEBUG: (src/list.c :87 :List_push) gay shit
DEBUG: (src/list.c :87 :List_push) gay shit
DEBUG: (src/list.c :87 :List_push) gay shit
DEBUG: (src/list.c :87 :List_push) gay shit
DEBUG: (src/list.c :87 :List_push) gay shit
DEBUG: (src/list.c :87 :List_push) gay shit
DEBUG: (src/list.c :87 :List_push) gay shit
DEBUG: (src/list.c :87 :List_push) gay shit
DEBUG: (src/list.c :87 :List_push) gay shit
DEBUG: (src/list.c :87 :List_push) gay shit
DEBUG: (src/list.c :87 :List_push) gay shit
DEBUG: (src/list.c :87 :List_push) gay shit
DEBUG: (src/list.c :87 :List_push) gay shit
DEBUG: (src/list.c :87 :List_push) gay shit
DEBUG: (src/list.c :87 :List_push) gay shit
DEBUG: (src/list.c :87 :List_push) gay shit
DEBUG: (src/list.c :87 :List_push) gay shit
DEBUG: (src/list.c :87 :List_push) gay shit
DEBUG: (src/list.c :87 :List_push) gay shit
DEBUG: (src/list.c :87 :List_push) gay shit
DEBUG: (src/list.c :87 :List_push) gay shit
DEBUG: (src/list.c :87 :List_push) gay shit
DEBUG: (src/list.c :87 :List_push) gay shit
DEBUG: (src/list.c :87 :List_push) gay shit
DEBUG: (src/list.c :87 :List_push) gay shit
DEBUG: (src/list.c :87 :List_push) gay shit
DEBUG: (src/list.c :87 :List_push) gay shit
DEBUG: (src/list.c :87 :List_push) gay shit
DEBUG: (src/list.c :87 :List_push) gay shit
DEBUG: (src/list.c :87 :List_push) gay shit
DEBUG: (src/list.c :87 :List_push) gay shit
DEBUG: (src/list.c :87 :List_push) gay shit
DEBUG: (src/list.c :87 :List_push) gay shit
DEBUG: (src/list.c :87 :List_push) gay shit
DEBUG: (src/list.c :87 :List_push) gay shit
DEBUG: (src/list.c :87 :List_push) gay shit
DEBUG: (src/list.c :87 :List_push) gay shit
DEBUG: (src/list.c :87 :List_push) gay shit
DEBUG: (src/list.c :87 :List_push) gay shit
DEBUG: (src/list.c :87 :List_push) gay shit
DEBUG: (src/list.c :87 :List_push) gay shit
DEBUG: (src/list.c :87 :List_push) gay shit
DEBUG: (src/list.c :87 :List_push) gay shit
DEBUG: (src/list.c :87 :List_push) gay shit
DEBUG: (src/list.c :87 :List_push) gay shit
DEBUG: (src/list.c :87 :List_push) gay shit
DEBUG: (src/list.c :87 :List_push) gay shit
DEBUG: (src/list.c :87 :List_push) gay shit
DEBUG: (src/list.c :87 :List_push) gay shit
DEBUG: (src/list.c :87 :List_push) gay shit
DEBUG: (src/list.c :87 :List_push) gay shit
DEBUG: (src/list.c :87 :List_push) gay shit
DEBUG: (src/list.c :87 :List_push) gay shit
DEBUG: (src/list.c :87 :List_push) gay shit
DEBUG: (src/list.c :87 :List_push) gay shit
DEBUG: (src/list.c :87 :List_push) gay shit
DEBUG: (src/list.c :87 :List_push) gay shit
DEBUG: (src/list.c :87 :List_push) gay shit
DEBUG: (src/list.c :87 :List_push) gay shit
DEBUG: (src/list.c :87 :List_push) gay shit
DEBUG: (src/list.c :87 :List_push) gay shit
DEBUG: (src/list.c :87 :List_push) gay shit
DEBUG: (src/list.c :87 :List_push) gay shit
DEBUG: (src/list.c :87 :List_push) gay shit
DEBUG: (src/list.c :87 :List_push) gay shit
DEBUG: (src/list.c :87 :List_push) gay shit
DEBUG: (src/list.c :87 :List_push) gay shit
DEBUG: (src/list.c :87 :List_push) gay shit
DEBUG: (src/list.c :87 :List_push) gay shit
DEBUG: (src/list.c :87 :List_push) gay shit
DEBUG: (src/list.c :87 :List_push) gay shit
DEBUG: (src/list.c :87 :List_push) gay shit
DEBUG: (src/list.c :87 :List_push) gay shit
DEBUG: (src/list.c :87 :List_push) gay shit
DEBUG: (src/list.c :87 :List_push) gay shit
DEBUG: (src/list.c :87 :List_push) gay shit
DEBUG: (src/list.c :87 :List_push) gay shit
DEBUG: (src/list.c :87 :List_push) gay shit
DEBUG: (src/list.c :87 :List_push) gay shit
DEBUG: (src/list.c :87 :List_push) gay shit
DEBUG: (src/list.c :87 :List_push) gay shit
DEBUG: (src/list.c :87 :List_push) gay shit
DEBUG: (src/list.c :87 :List_push) gay shit
DEBUG: (src/list.c :87 :List_push) gay shit
DEBUG: (src/list.c :87 :List_push) gay shit
DEBUG: (src/list.c :87 :List_push) gay shit
DEBUG: (src/list.c :87 :List_push) gay shit
DEBUG: (src/list.c :87 :List_push) gay shit
DEBUG: (src/list.c :87 :List_push) gay shit
DEBUG: (src/list.c :87 :List_push) gay shit
DEBUG: (src/list.c :87 :List_push) gay shit
DEBUG: (src/list.c :87 :List_push) gay shit
DEBUG: (src/list.c :87 :List_push) gay shit
DEBUG: (src/list.c :87 :List_push) gay shit
DEBUG: (src/list.c :87 :List_push) gay shit
DEBUG: (src/list.c :87 :List_push) gay shit
DEBUG: (src/list.c :87 :List_push) gay shit
DEBUG: (src/list.c :87 :List_push) gay shit
DEBUG: (src/list.c :87 :List_push) gay shit
DEBUG: (src/list.c :87 :List_push) gay shit
DEBUG: (src/list.c :87 :List_push) gay shit
DEBUG: (src/list.c :87 :List_push) gay shit
DEBUG: (src/list.c :87 :List_push) gay shit
DEBUG: (src/list.c :87 :List_push) gay shit
DEBUG: (src/list.c :87 :List_push) gay shit
DEBUG: (src/list.c :87 :List_push) gay shit
DEBUG: (src/list.c :87 :List_push) gay shit
DEBUG: (src/list.c :87 :List_push) gay shit
DEBUG: (src/list.c :87 :List_push) gay shit
DEBUG: (src/list.c :87 :List_push) gay shit
DEBUG: (src/list.c :87 :List_push) gay shit
DEBUG: (src/list.c :87 :List_push) gay shit
DEBUG: (src/list.c :87 :List_push) gay shit
DEBUG: (src/list.c :87 :List_push) gay shit
DEBUG: (src/list.c :87 :List_push) gay shit
DEBUG: (src/list.c :87 :List_push) gay shit
DEBUG: (src/list.c :87 :List_push) gay shit
DEBUG: (src/list.c :87 :List_push) gay shit
DEBUG: (src/list.c :87 :List_push) gay shit
DEBUG: (src/list.c :87 :List_push) gay shit
DEBUG: (src/list.c :87 :List_push) gay shit
DEBUG: (src/list.c :87 :List_push) gay shit
DEBUG: (src/list.c :87 :List_push) gay shit
DEBUG: (src/list.c :87 :List_push) gay shit
DEBUG: (src/list.c :87 :List_push) gay shit
DEBUG: (src/list.c :87 :List_push) gay shit
DEBUG: (src/list.c :87 :List_push) gay shit
DEBUG: (src/list.c :87 :List_push) gay shit
DEBUG: (src/list.c :87 :List_push) gay shit
DEBUG: (src/list.c :87 :List_push) gay shit
DEBUG: (src/list.c :87 :List_push) gay shit
DEBUG: (src/list.c :87 :List_push) gay shit
DEBUG: (src/list.c :87 :List_push) gay shit
DEBUG: (src/list.c :87 :List_push) gay shit
DEBUG: (src/list.c :87 :List_push) gay shit
DEBUG: (src/list.c :87 :List_push) gay shit
DEBUG: (src/list.c :87 :List_push) gay shit
DEBUG: (src/list.c :87 :List_push) gay shit
DEBUG: (src/list.c :87 :List_push) gay shit
DEBUG: (src/list.c :87 :List_push) gay shit
DEBUG: (src/list.c :87 :List_push) gay shit
DEBUG: (src/list.c :87 :List_push) gay shit
DEBUG: (src/list.c :87 :List_push) gay shit
DEBUG: (src/list.c :87 :List_push) gay shit
DEBUG: (src/list.c :87 :List_push) gay shit
DEBUG: (src/list.c :87 :List_push) gay shit
DEBUG: (src/list.c :87 :List_push) gay shit
DEBUG: (src/list.c :87 :List_push) gay shit
DEBUG: (src/list.c :87 :List_push) gay shit
DEBUG: (src/list.c :87 :List_push) gay shit
DEBUG: (src/list.c :87 :List_push) gay shit
DEBUG: (src/list.c :87 :List_push) gay shit
DEBUG: (src/list.c :87 :List_push) gay shit
DEBUG: (src/list.c :87 :List_push) gay shit
DEBUG: (src/list.c :87 :List_push) gay shit
DEBUG: (src/list.c :87 :List_push) gay shit
DEBUG: (src/list.c :87 :List_push) gay shit
DEBUG: (src/list.c :87 :List_push) gay shit
DEBUG: (src/list.c :87 :List_push) gay shit
DEBUG: (src/list.c :87 :List_push) gay shit
DEBUG: (src/list.c :87 :List_push) gay shit
DEBUG: (src/list.c :87 :List_push) gay shit
DEBUG: (src/list.c :87 :List_push) gay shit
DEBUG: (src/list.c :87 :List_push) gay shit
DEBUG: (src/list.c :87 :List_push) gay shit
DEBUG: (src/list.c :87 :List_push) gay shit
DEBUG: (src/list.c :87 :List_push) gay shit
DEBUG: (src/list.c :87 :List_push) gay shit
DEBUG: (src/list.c :87 :List_push) gay shit
DEBUG: (src/list.c :87 :List_push) gay shit
DEBUG: (src/list.c :87 :List_push) gay shit
DEBUG: (src/list.c :87 :List_push) gay shit
DEBUG: (src/list.c :87 :List_push) gay shit
DEBUG: (src/list.c :87 :List_push) gay shit
DEBUG: (src/list.c :87 :List_push) gay shit
DEBUG: (src/list.c :87 :List_push) gay shit
DEBUG: (src/list.c :87 :List_push) gay shit
DEBUG: (src/list.c :87 :List_push) gay shit
DEBUG: (src/list.c :87 :List_push) gay shit
DEBUG: (src/list.c :87 :List_push) gay shit
DEBUG: (src/list.c :87 :List_push) gay shit
DEBUG: (src/list.c :87 :List_push) gay shit
DEBUG: (src/list.c :87 :List_push) gay shit
DEBUG: (src/list.c :87 :List_push) gay shit
DEBUG: (src/list.c :87 :List_push) gay shit
DEBUG: (src/list.c :87 :List_push) gay shit
DEBUG: (src/list.c :87 :List_push) gay shit
DEBUG: (src/list.c :87 :List_push) gay shit
DEBUG: (src/list.c :87 :List_push) gay shit
DEBUG: (src/list.c :87 :List_push) gay shit
DEBUG: (src/list.c :87 :List_push) gay shit
DEBUG: (src/list.c :87 :List_push) gay shit
DEBUG: (src/list.c :87 :List_push) gay shit
DEBUG: (src/list.c :87 :List_push) gay shit
DEBUG: (src/list.c :87 :List_push) gay shit
DEBUG: (src/list.c :87 :List_push) gay shit
DEBUG: (src/list.c :87 :List_push) gay shit
DEBUG: (src/list.c :87 :List_push) gay shit
DEBUG: (src/list.c :87 :List_push) gay shit
DEBUG: (src/list.c :87 :List_push) gay shit
DEBUG: (src/list.c :87 :List_push) gay shit
DEBUG: (src/list.c :87 :List_push) gay shit
DEBUG: (src/list.c :87 :List_push) gay shit
DEBUG: (src/list.c :87 :List_push) gay shit
DEBUG: (src/list.c :87 :List_push) gay shit
DEBUG: (src/list.c :87 :List_push) gay shit
DEBUG: (src/list.c :87 :List_push) gay shit
DEBUG: (src/list.c :87 :List_push) gay shit
DEBUG: (src/list.c :87 :List_push) gay shit
DEBUG: (src/list.c :87 :List_push) gay shit
DEBUG: (src/list.c :87 :List_push) gay shit
DEBUG: (src/list.c :87 :List_push) gay shit
DEBUG: (src/list.c :87 :List_push) gay shit
DEBUG: (src/list.c :87 :List_push) gay shit
DEBUG: (src/list.c :87 :List_push) gay shit
DEBUG: (src/list.c :87 :List_push) gay shit
DEBUG: (src/list.c :87 :List_push) gay shit
DEBUG: (src/list.c :87 :List_push) gay shit
DEBUG: (src/list.c :87 :List_push) gay shit
DEBUG: (src/list.c :87 :List_push) gay shit
DEBUG: (src/list.c :87 :List_push) gay shit
DEBUG: (src/list.c :87 :List_push) gay shit
DEBUG: (src/list.c :87 :List_push) gay shit
DEBUG: (src/list.c :87 :List_push) gay shit
DEBUG: (src/list.c :87 :List_push) gay shit
DEBUG: (src/list.c :87 :List_push) gay shit
DEBUG: (src/list.c :87 :List_push) gay shit
DEBUG: (src/list.c :87 :List_push) gay shit
DEBUG: (src/list.c :87 :List_push) gay shit
DEBUG: (src/list.c :87 :List_push) gay shit
DEBUG: (src/list.c :87 :List_push) gay shit
DEBUG: (src/list.c :87 :List_push) gay shit
DEBUG: (src/list.c :87 :List_push) gay shit
DEBUG: (src/list.c :87 :List_push) gay shit
DEBUG: (src/list.c :87 :List_push) gay shit
DEBUG: (src/list.c :87 :List_push) gay shit
DEBUG: (src/list.c :87 :List_push) gay shit
DEBUG: (src/list.c :87 :List_push) gay shit
DEBUG: (src/list.c :87 :List_push) gay shit
DEBUG: (src/list.c :87 :List_push) gay shit
DEBUG: (src/list.c :87 :List_push) gay shit
DEBUG: (src/list.c :87 :List_push) gay shit
DEBUG: (src/list.c :87 :List_push) gay shit
DEBUG: (src/list.c :87 :List_push) gay shit
DEBUG: (src/list.c :87 :List_push) gay shit
DEBUG: (src/list.c :87 :List_push) gay shit
DEBUG: (src/list.c :87 :List_push) gay shit
DEBUG: (src/list.c :87 :List_push) gay shit
DEBUG: (src/list.c :87 :List_push) gay shit
DEBUG: (src/list.c :87 :List_push) gay shit
DEBUG: (src/list.c :87 :List_push) gay shit
DEBUG: (src/list.c :87 :List_push) gay shit
DEBUG: (src/list.c :87 :List_push) gay shit
DEBUG: (src/list.c :87 :List_push) gay shit
DEBUG: (src/list.c :87 :List_push) gay shit
DEBUG: (src/list.c :87 :List_push) gay shit
DEBUG: (src/list.c :87 :List_push) gay shit
DEBUG: (src/list.c :87 :List_push) gay shit
DEBUG: (src/list.c :87 :List_push) gay shit
DEBUG: (src/list.c :87 :List_push) gay shit
DEBUG: (src/list.c :87 :List_push) gay shit
DEBUG: (src/list.c :87 :List_push) gay shit
DEBUG: (src/list.c :87 :List_push) gay shit
DEBUG: (src/list.c :87 :List_push) gay shit
DEBUG: (src/list.c :87 :List_push) gay shit
DEBUG: (src/list.c :87 :List_push) gay shit
DEBUG: (src/list.c :87 :List_push) gay shit
DEBUG: (src/list.c :87 :List_push) gay shit
DEBUG: (src/list.c :87 :List_push) gay shit
DEBUG: (src/list.c :87 :List_push) gay shit
DEBUG: (src/list.c :87 :List_push) gay shit
DEBUG: (src/list.c :87 :List_push) gay shit
DEBUG: (src/list.c :87 :List_push) gay shit
DEBUG: (src/list.c :87 :List_push) gay shit
DEBUG: (src/list.c :87 :List_push) gay shit
DEBUG: (src/list.c :87 :List_push) gay shit
DEBUG: (src/list.c :87 :List_push) gay shit
DEBUG: (src/list.c :87 :List_push) gay shit
DEBUG: (src/list.c :87 :List_push) gay shit
DEBUG: (src/list.c :87 :List_push) gay shit
DEBUG: (src/list.c :87 :List_push) gay shit
DEBUG: (src/list.c :87 :List_push) gay shit
DEBUG: (src/list.c :87 :List_push) gay shit
DEBUG: (src/list.c :87 :List_push) gay shit
DEBUG: (src/list.c :87 :List_push) gay shit
DEBUG: (src/list.c :87 :List_push) gay shit
DEBUG: (src/list.c :87 :List_push) gay shit
DEBUG: (src/list.c :87 :List_push) gay shit
DEBUG: (src/list.c :87 :List_push) gay shit
DEBUG: (src/list.c :87 :List_push) gay shit
DEBUG: (src/list.c :87 :List_push) gay shit
DEBUG: (src/list.c :87 :List_push) gay shit
DEBUG: (src/list.c :87 :List_push) gay shit
DEBUG: (src/list.c :87 :List_push) gay shit
DEBUG: (src/list.c :87 :List_push) gay shit
DEBUG: (src/list.c :87 :List_push) gay shit
DEBUG: (src/list.c :87 :List_push) gay shit
DEBUG: (src/list.c :87 :List_push) gay shit
DEBUG: (src/list.c :87 :List_push) gay shit
DEBUG: (src/list.c :87 :List_push) gay shit
DEBUG: (src/list.c :87 :List_push) gay shit
DEBUG: (src/list.c :87 :List_push) gay shit
DEBUG: (src/list.c :87 :List_push) gay shit
DEBUG: (src/list.c :87 :List_push) gay shit
DEBUG: (src/list.c :87 :List_push) gay shit
DEBUG: (src/list.c :87 :List_push) gay shit
DEBUG: (src/list.c :87 :List_push) gay shit
DEBUG: (src/list.c :87 :List_push) gay shit
DEBUG: (src/list.c :87 :List_push) gay shit
DEBUG: (src/list.c :87 :List_push) gay shit
DEBUG: (src/list.c :87 :List_push) gay shit
DEBUG: (src/list.c :87 :List_push) gay shit
DEBUG: (src/list.c :87 :List_push) gay shit
DEBUG: (src/list.c :87 :List_push) gay shit
DEBUG: (src/list.c :87 :List_push) gay shit
DEBUG: (src/list.c :87 :List_push) gay shit
DEBUG: (src/list.c :87 :List_push) gay shit
DEBUG: (src/list.c :87 :List_push) gay shit
DEBUG: (src/list.c :87 :List_push) gay shit
DEBUG: (src/list.c :87 :List_push) gay shit
DEBUG: (src/list.c :87 :List_push) gay shit
DEBUG: (src/list.c :87 :List_push) gay shit
DEBUG: (src/list.c :87 :List_push) gay shit
DEBUG: (src/list.c :87 :List_push) gay shit
DEBUG: (src/list.c :87 :List_push) gay shit
DEBUG: (src/list.c :87 :List_push) gay shit
DEBUG: (src/list.c :87 :List_push) gay shit
DEBUG: (src/list.c :87 :List_push) gay shit
DEBUG: (src/list.c :87 :List_push) gay shit
DEBUG: (src/list.c :87 :List_push) gay shit
DEBUG: (src/list.c :87 :List_push) gay shit
DEBUG: (src/list.c :87 :List_push) gay shit
DEBUG: (src/list.c :87 :List_push) gay shit
DEBUG: (src/list.c :87 :List_push) gay shit
DEBUG: (src/list.c :87 :List_push) gay shit
DEBUG: (src/list.c :87 :List_push) gay shit
DEBUG: (src/list.c :87 :List_push) gay shit
DEBUG: (src/list.c :87 :List_push) gay shit
DEBUG: (src/list.c :87 :List_push) gay shit
DEBUG: (src/list.c :87 :List_push) gay shit
DEBUG: (src/list.c :87 :List_push) gay shit
DEBUG: (src/list.c :87 :List_push) gay shit
DEBUG: (src/list.c :87 :List_push) gay shit
DEBUG: (src/list.c :87 :List_push) gay shit
DEBUG: (src/list.c :87 :List_push) gay shit
DEBUG: (src/list.c :87 :List_push) gay shit
DEBUG: (src/list.c :87 :List_push) gay shit
DEBUG: (src/list.c :87 :List_push) gay shit
DEBUG: (src/list.c :87 :List_push) gay shit
DEBUG: (src/list.c :87 :List_push) gay shit
DEBUG: (src/list.c :87 :List_push) gay shit
DEBUG: (src/list.c :87 :List_push) gay shit
DEBUG: (src/list.c :87 :List_push) gay shit
DEBUG: (src/list.c :87 :List_push) gay shit
DEBUG: (src/list.c :87 :List_push) gay shit
DEBUG: (src/list.c :87 :List_push) gay shit
DEBUG: (src/list.c :87 :List_push) gay shit
DEBUG: (src/list.c :87 :List_push) gay shit
DEBUG: (src/list.c :87 :List_push) gay shit
DEBUG: (src/list.c :87 :List_push) gay shit
DEBUG: (src/list.c :87 :List_push) gay shit
DEBUG: (src/list.c :87 :List_push) gay shit
DEBUG: (src/list.c :87 :List_push) gay shit
DEBUG: (src/list.c :87 :List_push) gay shit
DEBUG: (src/list.c :87 :List_push) gay shit
DEBUG: (src/list.c :87 :List_push) gay shit
DEBUG: (src/list.c :87 :List_push) gay shit
DEBUG: (src/list.c :87 :List_push) gay shit
DEBUG: (src/list.c :87 :List_push) gay shit
DEBUG: (src/list.c :87 :List_push) gay shit
DEBUG: (src/list.c :87 :List_push) gay shit
DEBUG: (src/list.c :87 :List_push) gay shit
DEBUG: (src/list.c :87 :List_push) gay shit
DEBUG: (src/list.c :87 :List_push) gay shit
DEBUG: (src/list.c :87 :List_push) gay shit
DEBUG: (src/list.c :87 :List_push) gay shit
DEBUG: (src/list.c :87 :List_push) gay shit
DEBUG: (src/list.c :87 :List_push) gay shit
DEBUG: (src/list.c :87 :List_push) gay shit
DEBUG: (src/list.c :87 :List_push) gay shit
DEBUG: (src/list.c :87 :List_push) gay shit
DEBUG: (src/list.c :87 :List_push) gay shit
DEBUG: (src/list.c :87 :List_push) gay shit
DEBUG: (src/list.c :87 :List_push) gay shit
DEBUG: (src/list.c :87 :List_push) gay shit
DEBUG: (src/list.c :87 :List_push) gay shit
DEBUG: (src/list.c :87 :List_push) gay shit
DEBUG: (src/list.c :87 :List_push) gay shit
DEBUG: (src/list.c :87 :List_push) gay shit
DEBUG: (src/list.c :87 :List_push) gay shit
DEBUG: (src/list.c :87 :List_push) gay shit
DEBUG: (src/list.c :87 :List_push) gay shit
DEBUG: (src/list.c :87 :List_push) gay shit
DEBUG: (src/list.c :87 :List_push) gay shit
DEBUG: (src/list.c :87 :List_push) gay shit
DEBUG: (src/list.c :87 :List_push) gay shit
DEBUG: (src/list.c :87 :List_push) gay shit
DEBUG: (src/list.c :87 :List_push) gay shit
DEBUG: (src/list.c :87 :List_push) gay shit
DEBUG: (src/list.c :87 :List_push) gay shit
DEBUG: (src/list.c :87 :List_push) gay shit
DEBUG: (src/list.c :87 :List_push) gay shit
DEBUG: (src/list.c :87 :List_push) gay shit
DEBUG: (src/list.c :87 :List_push) gay shit
DEBUG: (src/list.c :87 :List_push) gay shit
DEBUG: (src/list.c :87 :List_push) gay shit
DEBUG: (src/list.c :87 :List_push) gay shit
DEBUG: (src/list.c :87 :List_push) gay shit
DEBUG: (src/list.c :87 :List_push) gay shit
DEBUG: (src/list.c :87 :List_push) gay shit
DEBUG: (src/list.c :87 :List_push) gay shit
DEBUG: (src/list.c :87 :List_push) gay shit
DEBUG: (src/list.c :87 :List_push) gay shit
DEBUG: (src/list.c :87 :List_push) gay shit
DEBUG: (src/list.c :87 :List_push) gay shit
DEBUG: (src/list.c :87 :List_push) gay shit
DEBUG: (src/list.c :87 :List_push) gay shit
DEBUG: (src/list.c :87 :List_push) gay shit
DEBUG: (src/list.c :87 :List_push) gay shit
DEBUG: (src/list.c :87 :List_push) gay shit
DEBUG: (src/list.c :87 :List_push) gay shit
DEBUG: (src/list.c :87 :List_push) gay shit
DEBUG: (src/list.c :87 :List_push) gay shit
DEBUG: (src/list.c :87 :List_push) gay shit
DEBUG: (src/list.c :87 :List_push) gay shit
DEBUG: (src/list.c :87 :List_push) gay shit
DEBUG: (src/list.c :87 :List_push) gay shit
DEBUG: (src/list.c :87 :List_push) gay shit
DEBUG: (src/list.c :87 :List_push) gay shit
DEBUG: (src/list.c :87 :List_push) gay shit
DEBUG: (src/list.c :87 :List_push) gay shit
DEBUG: (src/list.c :87 :List_push) gay shit
DEBUG: (src/list.c :87 :List_push) gay shit
DEBUG: (src/list.c :87 :List_push) gay shit
DEBUG: (src/list.c :87 :List_push) gay shit
DEBUG: (src/list.c :87 :List_push) gay shit
DEBUG: (src/list.c :87 :List_push) gay shit
DEBUG: (src/list.c :87 :List_push) gay shit
DEBUG: (src/list.c :87 :List_push) gay shit
DEBUG: (src/list.c :87 :List_push) gay shit
DEBUG: (src/list.c :87 :List_push) gay shit
DEBUG: (src/list.c :87 :List_push) gay shit
DEBUG: (src/list.c :87 :List_push) gay shit
DEBUG: (src/list.c :87 :List_push) gay shit
DEBUG: (src/list.c :87 :List_push) gay shit
DEBUG: (src/list.c :87 :List_push) gay shit
DEBUG: (src/list.c :87 :List_push) gay shit
DEBUG: (src/list.c :87 :List_push) gay shit
DEBUG: (src/list.c :87 :List_push) gay shit
DEBUG: (src/list.c :87 :List_push) gay shit
DEBUG: (src/list.c :87 :List_push) gay shit
DEBUG: (src/list.c :87 :List_push) gay shit
DEBUG: (src/list.c :87 :List_push) gay shit
DEBUG: (src/list.c :87 :List_push) gay shit
DEBUG: (src/list.c :87 :List_push) gay shit
DEBUG: (src/list.c :87 :List_push) gay shit
DEBUG: (src/list.c :87 :List_push) gay shit
DEBUG: (src/list.c :87 :List_push) gay shit
DEBUG: (src/list.c :87 :List_push) gay shit
DEBUG: (src/list.c :87 :List_push) gay shit
DEBUG: (src/list.c :87 :List_push) gay shit
DEBUG: (src/list.c :87 :List_push) gay shit
DEBUG: (src/list.c :87 :List_push) gay shit
DEBUG: (src/list.c :87 :List_push) gay shit
DEBUG: (src/list.c :87 :List_push) gay shit
DEBUG: (src/list.c :87 :List_push) gay shit
DEBUG: (src/list.c :87 :List_push) gay shit
DEBUG: (src/list.c :87 :List_push) gay shit
DEBUG: (src/list.c :87 :List_push) gay shit
DEBUG: (src/list.c :87 :List_push) gay shit
DEBUG: (src/list.c :87 :List_push) gay shit
DEBUG: (src/list.c :87 :List_push) gay shit
DEBUG: (src/list.c :87 :List_push) gay shit
DEBUG: (src/list.c :87 :List_push) gay shit
DEBUG: (src/list.c :87 :List_push) gay shit
DEBUG: (src/list.c :87 :List_push) gay shit
DEBUG: (src/list.c :87 :List_push) gay shit
DEBUG: (src/list.c :87 :List_push) gay shit
DEBUG: (src/list.c :87 :List_push) gay shit
DEBUG: (src/list.c :87 :List_push) gay shit
DEBUG: (src/list.c :87 :List_push) gay shit
DEBUG: (src/list.c :87 :List_push) gay shit
DEBUG: (src/list.c :87 :List_push) gay shit
DEBUG: (src/list.c :87 :List_push) gay shit
DEBUG: (src/list.c :87 :List_push) gay shit
DEBUG: (src/list.c :87 :List_push) gay shit
DEBUG: (src/list.c :87 :List_push) gay shit
DEBUG: (src/list.c :87 :List_push) gay shit
DEBUG: (src/list.c :87 :List_push) gay shit
DEBUG: (src/list.c :87 :List_push) gay shit
DEBUG: (src/list.c :87 :List_push) gay shit
DEBUG: (src/list.c :87 :List_push) gay shit
DEBUG: (src/list.c :87 :List_push) gay shit
DEBUG: (src/list.c :87 :List_push) gay shit
DEBUG: (src/list.c :87 :List_push) gay shit
DEBUG: (src/list.c :87 :List_push) gay shit
DEBUG: (src/list.c :87 :List_push) gay shit
DEBUG: (src/list.c :87 :List_push) gay shit
DEBUG: (src/list.c :87 :List_push) gay shit
DEBUG: (src/list.c :87 :List_push) gay shit
DEBUG: (src/list.c :87 :List_push) gay shit
DEBUG: (src/list.c :87 :List_push) gay shit
DEBUG: (src/list.c :87 :List_push) gay shit
DEBUG: (src/list.c :87 :List_push) gay shit
DEBUG: (src/list.c :87 :List_push) gay shit
DEBUG: (src/list.c :87 :List_push) gay shit
DEBUG: (src/list.c :87 :List_push) gay shit
DEBUG: (src/list.c :87 :List_push) gay shit
DEBUG: (src/list.c :87 :List_push) gay shit
DEBUG: (src/list.c :87 :List_push) gay shit
DEBUG: (src/list.c :87 :List_push) gay shit
DEBUG: (src/list.c :87 :List_push) gay shit
DEBUG: (src/list.c :87 :List_push) gay shit
DEBUG: (src/list.c :87 :List_push) gay shit
DEBUG: (src/list.c :87 :List_push) gay shit
DEBUG: (src/list.c :87 :List_push) gay shit
DEBUG: (src/list.c :87 :List_push) gay shit
DEBUG: (src/list.c :87 :List_push) gay shit
DEBUG: (src/list.c :87 :List_push) gay shit
DEBUG: (src/list.c :87 :List_push) gay shit
DEBUG: (src/list.c :87 :List_push) gay shit
DEBUG: (src/list.c :87 :List_push) gay shit
DEBUG: (src/list.c :87 :List_push) gay shit
DEBUG: (src/list.c :87 :List_push) gay shit
DEBUG: (src/list.c :87 :List_push) gay shit
DEBUG: (src/list.c :87 :List_push) gay shit
DEBUG: (src/list.c :87 :List_push) gay shit
DEBUG: (src/list.c :87 :List_push) gay shit
DEBUG: (src/list.c :87 :List_push) gay shit
DEBUG: (src/list.c :87 :List_push) gay shit
DEBUG: (src/list.c :87 :List_push) gay shit
DEBUG: (src/list.c :87 :List_push) gay shit
DEBUG: (src/list.c :87 :List_push) gay shit
DEBUG: (src/list.c :87 :List_push) gay shit
DEBUG: (src/list.c :87 :List_push) gay shit
DEBUG: (src/list.c :87 :List_push) gay shit
DEBUG: (src/list.c :87 :List_push) gay shit
DEBUG: (src/list.c :87 :List_push) gay shit
DEBUG: (src/list.c :87 :List_push) gay shit
DEBUG: (src/list.c :87 :List_push) gay shit
DEBUG: (src/list.c :87 :List_push) gay shit
DEBUG: (src/list.c :87 :List_push) gay shit
DEBUG: (src/list.c :87 :List_push) gay shit
DEBUG: (src/list.c :87 :List_push) gay shit
DEBUG: (src/list.c :87 :List_push) gay shit
DEBUG: (src/list.c :87 :List_push) gay shit
DEBUG: (src/list.c :87 :List_push) gay shit
DEBUG: (src/list.c :87 :List_push) gay shit
DEBUG: (src/list.c :87 :List_push) gay shit
DEBUG: (src/list.c :87 :List_push) gay shit
DEBUG: (src/list.c :87 :List_push) gay shit
DEBUG: (src/list.c :87 :List_push) gay shit
DEBUG: (src/list.c :87 :List_push) gay shit
DEBUG: (src/list.c :87 :List_push) gay shit
DEBUG: (src/list.c :87 :List_push) gay shit
DEBUG: (src/list.c :87 :List_push) gay shit
DEBUG: (src/list.c :87 :List_push) gay shit
DEBUG: (src/list.c :87 :List_push) gay shit
DEBUG: (src/list.c :87 :List_push) gay shit
DEBUG: (src/list.c :87 :List_push) gay shit
DEBUG: (src/list.c :87 :List_push) gay shit
DEBUG: (src/list.c :87 :List_push) gay shit
DEBUG: (src/list.c :87 :List_push) gay shit
DEBUG: (src/list.c :87 :List_push) gay shit
DEBUG: (src/list.c :87 :List_push) gay shit
DEBUG: (src/list.c :87 :List_push) gay shit
DEBUG: (src/list.c :87 :List_push) gay shit
DEBUG: (src/list.c :87 :List_push) gay shit
DEBUG: (src/list.c :87 :List_push) gay shit
DEBUG: (src/list.c :87 :List_push) gay shit
DEBUG: (src/list.c :87 :List_push) gay shit
DEBUG: (src/list.c :87 :List_push) gay shit
DEBUG: (src/list.c :87 :List_push) gay shit
DEBUG: (src/list.c :87 :List_push) gay shit
DEBUG: (src/list.c :87 :List_push) gay shit
DEBUG: (src/list.c :87 :List_push) gay shit
DEBUG: (src/list.c :87 :List_push) gay shit
DEBUG: (src/list.c :87 :List_push) gay shit
DEBUG: (src/list.c :87 :List_push) gay shit
DEBUG: (src/list.c :87 :List_push) gay shit
DEBUG: (src/list.c :87 :List_push) gay shit
DEBUG: (src/list.c :87 :List_push) gay shit
DEBUG: (src/list.c :87 :List_push) gay shit
DEBUG: (src/list.c :87 :List_push) gay shit
DEBUG: (src/list.c :87 :List_push) gay shit
DEBUG: (src/list.c :87 :List_push) gay shit
DEBUG: (src/list.c :87 :List_push) gay shit
DEBUG: (src/list.c :87 :List_push) gay shit
DEBUG: (src/list.c :87 :List_push) gay shit
DEBUG: (src/list.c :87 :List_push) gay shit
DEBUG: (src/list.c :87 :List_push) gay shit
DEBUG: (src/list.c :87 :List_push) gay shit
DEBUG: (src/list.c :87 :List_push) gay shit
DEBUG: (src/list.c :87 :List_push) gay shit
DEBUG: (src/list.c :87 :List_push) gay shit
DEBUG: (src/list.c :87 :List_push) gay shit
DEBUG: (src/list.c :87 :List_push) gay shit
DEBUG: (src/list.c :87 :List_push) gay shit
DEBUG: (src/list.c :87 :List_push) gay shit
DEBUG: (src/list.c :87 :List_push) gay shit
DEBUG: (src/list.c :87 :List_push) gay shit
DEBUG: (src/list.c :87 :List_push) gay shit
DEBUG: (src/list.c :87 :List_push) gay shit
DEBUG: (src/list.c :87 :List_push) gay shit
DEBUG: (src/list.c :87 :List_push) gay shit
DEBUG: (src/list.c :87 :List_push) gay shit
DEBUG: (src/list.c :87 :List_push) gay shit
DEBUG: (src/list.c :87 :List_push) gay shit
DEBUG: (src/list.c :87 :List_push) gay shit
DEBUG: (src/list.c :87 :List_push) gay shit
DEBUG: (src/list.c :87 :List_push) gay shit
DEBUG: (src/list.c :87 :List_push) gay shit
DEBUG: (src/list.c :87 :List_push) gay shit
DEBUG: (src/list.c :87 :List_push) gay shit
DEBUG: (src/list.c :87 :List_push) gay shit
DEBUG: (src/list.c :87 :List_push) gay shit
DEBUG: (src/list.c :87 :List_push) gay shit
DEBUG: (src/list.c :87 :List_push) gay shit
DEBUG: (src/list.c :87 :List_push) gay shit
DEBUG: (src/list.c :87 :List_push) gay shit
DEBUG: (src/list.c :87 :List_push) gay shit
DEBUG: (src/list.c :87 :List_push) gay shit
DEBUG: (src/list.c :87 :List_push) gay shit
DEBUG: (src/list.c :87 :List_push) gay shit
DEBUG: (src/list.c :87 :List_push) gay shit
DEBUG: (src/list.c :87 :List_push) gay shit
DEBUG: (src/list.c :87 :List_push) gay shit
DEBUG: (src/list.c :87 :List_push) gay shit
DEBUG: (src/list.c :87 :List_push) gay shit
DEBUG: (src/list.c :87 :List_push) gay shit
DEBUG: (src/list.c :87 :List_push) gay shit
DEBUG: (src/list.c :87 :List_push) gay shit
DEBUG: (src/list.c :87 :List_push) gay shit
DEBUG: (src/list.c :87 :List_push) gay shit
DEBUG: (src/list.c :87 :List_push) gay shit
DEBUG: (src/list.c :87 :List_push) gay shit
DEBUG: (src/list.c :87 :List_push) gay shit
DEBUG: (src/list.c :87 :List_push) gay shit
DEBUG: (src/list.c :87 :List_push) gay shit
DEBUG: (src/list.c :87 :List_push) gay shit
DEBUG: (src/list.c :87 :List_push) gay shit
DEBUG: (src/list.c :87 :List_push) gay shit
DEBUG: (src/list.c :87 :List_push) gay shit
DEBUG: (src/list.c :87 :List_push) gay shit
DEBUG: (src/list.c :87 :List_push) gay shit
DEBUG: (src/list.c :87 :List_push) gay shit
DEBUG: (src/list.c :87 :List_push) gay shit
DEBUG: (src/list.c :87 :List_push) gay shit
DEBUG: (src/list.c :87 :List_push) gay shit
DEBUG: (src/list.c :87 :List_push) gay shit
DEBUG: (src/list.c :87 :List_push) gay shit
DEBUG: (src/list.c :87 :List_push) gay shit
DEBUG: (src/list.c :87 :List_push) gay shit
DEBUG: (src/list.c :87 :List_push) gay shit
DEBUG: (src/list.c :87 :List_push) gay shit
DEBUG: (src/list.c :87 :List_push) gay shit
DEBUG: (src/list.c :87 :List_push) gay shit
DEBUG: (src/list.c :87 :List_push) gay shit
DEBUG: (src/list.c :87 :List_push) gay shit
DEBUG: (src/list.c :87 :List_push) gay shit
DEBUG: (src/list.c :87 :List_push) gay shit
DEBUG: (src/list.c :87 :List_push) gay shit
DEBUG: (src/list.c :87 :List_push) gay shit
DEBUG: (src/list.c :87 :List_push) gay shit
DEBUG: (src/list.c :87 :List_push) gay shit
DEBUG: (src/list.c :87 :List_push) gay shit
DEBUG: (src/list.c :87 :List_push) gay shit
DEBUG: (src/list.c :87 :List_push) gay shit
DEBUG: (src/list.c :87 :List_push) gay shit
DEBUG: (src/list.c :87 :List_push) gay shit
DEBUG: (src/list.c :87 :List_push) gay shit
DEBUG: (src/list.c :87 :List_push) gay shit
DEBUG: (src/list.c :87 :List_push) gay shit
DEBUG: (src/list.c :87 :List_push) gay shit
DEBUG: (src/list.c :87 :List_push) gay shit
DEBUG: (src/list.c :87 :List_push) gay shit
DEBUG: (src/list.c :87 :List_push) gay shit
DEBUG: (src/list.c :87 :List_push) gay shit
DEBUG: (src/list.c :87 :List_push) gay shit
DEBUG: (src/list.c :87 :List_push) gay shit
DEBUG: (src/list.c :87 :List_push) gay shit
DEBUG: (src/list.c :87 :List_push) gay shit
DEBUG: (src/list.c :87 :List_push) gay shit
DEBUG: (src/list.c :87 :List_push) gay shit
DEBUG: (src/list.c :87 :List_push) gay shit
DEBUG: (src/list.c :87 :List_push) gay shit
DEBUG: (src/list.c :87 :List_push) gay shit
DEBUG: (src/list.c :87 :List_push) gay shit
DEBUG: (src/list.c :87 :List_push) gay shit
DEBUG: (src/list.c :87 :List_push) gay shit
DEBUG: (src/list.c :87 :List_push) gay shit
DEBUG: (src/list.c :87 :List_push) gay shit
DEBUG: (src/list.c :87 :List_push) gay shit
DEBUG: (src/list.c :87 :List_push) gay shit
DEBUG: (src/list.c :87 :List_push) gay shit
DEBUG: (src/list.c :87 :List_push) gay shit
DEBUG: (src/list.c :87 :List_push) gay shit
DEBUG: (src/list.c :87 :List_push) gay shit
DEBUG: (src/list.c :87 :List_push) gay shit
DEBUG: (src/list.c :87 :List_push) gay shit
DEBUG: (src/list.c :87 :List_push) gay shit
DEBUG: (src/list.c :87 :List_push) gay shit
DEBUG: (src/list.c :87 :List_push) gay shit
DEBUG: (src/list.c :87 :List_push) gay shit
DEBUG: (src/list.c :87 :List_push) gay shit
DEBUG: (src/list.c :87 :List_push) gay shit
DEBUG: (src/list.c :87 :List_push) gay shit
DEBUG: (src/list.c :87 :List_push) gay shit
DEBUG: (src/list.c :87 :List_push) gay shit
DEBUG: (src/list.c :87 :List_push) gay shit
DEBUG: (src/list.c :87 :List_push) gay shit
DEBUG: (src/list.c :87 :List_push) gay shit
DEBUG: (src/list.c :87 :List_push) gay shit
DEBUG: (src/list.c :87 :List_push) gay shit
DEBUG: (src/list.c :87 :List_push) gay shit
DEBUG: (src/list.c :87 :List_push) gay shit
DEBUG: (src/list.c :87 :List_push) gay shit
DEBUG: (src/list.c :87 :List_push) gay shit
DEBUG: (src/list.c :87 :List_push) gay shit
DEBUG: (src/list.c :87 :List_push) gay shit
DEBUG: (src/list.c :87 :List_push) gay shit
DEBUG: (src/list.c :87 :List_push) gay shit
DEBUG: (src/list.c :87 :List_push) gay shit
DEBUG: (src/list.c :87 :List_push) gay shit
DEBUG: (src/list.c :87 :List_push) gay shit
DEBUG: (src/list.c :87 :List_push) gay shit
DEBUG: (src/list.c :87 :List_push) gay shit
DEBUG: (src/list.c :87 :List_push) gay shit
DEBUG: (src/list.c :87 :List_push) gay shit
DEBUG: (src/list.c :87 :List_push) gay shit
DEBUG: (src/list.c :87 :List_push) gay shit
DEBUG: (src/list.c :87 :List_push) gay shit
DEBUG: (src/list.c :87 :List_push) gay shit
DEBUG: (src/list.c :87 :List_push) gay shit
DEBUG: (src/list.c :87 :List_push) gay shit
DEBUG: (src/list.c :87 :List_push) gay shit
DEBUG: (src/list.c :87 :List_push) gay shit
DEBUG: (src/list.c :87 :List_push) gay shit
DEBUG: (src/list.c :87 :List_push) gay shit
DEBUG: (src/list.c :87 :List_push) gay shit
DEBUG: (src/list.c :87 :List_push) gay shit
DEBUG: (src/list.c :87 :List_push) gay shit
DEBUG: (src/list.c :87 :List_push) gay shit
DEBUG: (src/list.c :87 :List_push) gay shit
DEBUG: (src/list.c :87 :List_push) gay shit
DEBUG: (src/list.c :87 :List_push) gay shit
DEBUG: (src/list.c :87 :List_push) gay shit
DEBUG: (src/list.c :87 :List_push) gay shit
DEBUG: (src/list.c :87 :List_push) gay shit
DEBUG: (src/list.c :87 :List_push) gay shit
DEBUG: (src/list.c :87 :List_push) gay shit
DEBUG: (src/list.c :87 :List_push) gay shit
DEBUG: (src/list.c :87 :List_push) gay shit
DEBUG: (src/list.c :87 :List_push) gay shit
DEBUG: (src/list.c :87 :List_push) gay shit
DEBUG: (src/list.c :87 :List_push) gay shit
DEBUG: (src/list.c :87 :List_push) gay shit
DEBUG: (src/list.c :87 :List_push) gay shit
DEBUG: (src/list.c :87 :List_push) gay shit
DEBUG: (src/list.c :87 :List_push) gay shit
DEBUG: (src/list.c :87 :List_push) gay shit
DEBUG: (src/list.c :87 :List_push) gay shit
DEBUG: (src/list.c :87 :List_push) gay shit
DEBUG: (src/list.c :87 :List_push) gay shit
DEBUG: (src/list.c :87 :List_push) gay shit
DEBUG: (src/list.c :87 :List_push) gay shit
DEBUG: (src/list.c :87 :List_push) gay shit
DEBUG: (src/list.c :87 :List_push) gay shit
DEBUG: (src/list.c :87 :List_push) gay shit
DEBUG: (src/list.c :87 :List_push) gay shit
DEBUG: (src/list.c :87 :List_push) gay shit
DEBUG: (src/list.c :87 :List_push) gay shit
DEBUG: (src/list.c :87 :List_push) gay shit
DEBUG: (src/list.c :87 :List_push) gay shit
DEBUG: (src/list.c :87 :List_push) gay shit
DEBUG: (src/list.c :87 :List_push) gay shit
DEBUG: (src/list.c :87 :List_push) gay shit
DEBUG: (src/list.c :87 :List_push) gay shit
DEBUG: (src/list.c :87 :List_push) gay shit
DEBUG: (src/list.c :87 :List_push) gay shit
DEBUG: (src/list.c :87 :List_push) gay shit
DEBUG: (src/list.c :87 :List_push) gay shit
DEBUG: (src/list.c :87 :List_push) gay shit
DEBUG: (src/list.c :87 :List_push) gay shit
DEBUG: (src/list.c :87 :List_push) gay shit
DEBUG: (src/list.c :87 :List_push) gay shit
DEBUG: (src/list.c :87 :List_push) gay shit
DEBUG: (src/list.c :87 :List_push) gay shit
DEBUG: (src/list.c :87 :List_push) gay shit
DEBUG: (src/list.c :87 :List_push) gay shit
DEBUG: (src/list.c :87 :List_push) gay shit
DEBUG: (src/list.c :87 :List_push) gay shit
DEBUG: (src/list.c :87 :List_push) gay shit
DEBUG: (src/list.c :87 :List_push) gay shit
DEBUG: (src/list.c :87 :List_push) gay shit
DEBUG: (src/list.c :87 :List_push) gay shit
DEBUG: (src/list.c :87 :List_push) gay shit
DEBUG: (src/list.c :87 :List_push) gay shit
DEBUG: (src/list.c :87 :List_push) gay shit
DEBUG: (src/list.c :87 :List_push) gay shit
DEBUG: (src/list.c :87 :List_push) gay shit
DEBUG: (src/list.c :87 :List_push) gay shit
DEBUG: (src/list.c :87 :List_push) gay shit
DEBUG: (src/list.c :87 :List_push) gay shit
DEBUG: (src/list.c :87 :List_push) gay shit
DEBUG: (src/list.c :87 :List_push) gay shit
DEBUG: (src/list.c :87 :List_push) gay shit
DEBUG: (src/list.c :87 :List_push) gay shit
DEBUG: (src/list.c :87 :List_push) gay shit
DEBUG: (src/list.c :87 :List_push) gay shit
DEBUG: (src/list.c :87 :List_push) gay shit
DEBUG: (src/list.c :87 :List_push) gay shit
DEBUG: (src/list.c :87 :List_push) gay shit
DEBUG: (src/list.c :87 :List_push) gay shit
DEBUG: (src/list.c :87 :List_push) gay shit
DEBUG: (src/list.c :87 :List_push) gay shit
DEBUG: (src/list.c :87 :List_push) gay shit
DEBUG: (src/list.c :87 :List_push) gay shit
DEBUG: (src/list.c :87 :List_push) gay shit
DEBUG: (src/list.c :87 :List_push) gay shit
DEBUG: (src/list.c :87 :List_push) gay shit
DEBUG: (src/list.c :87 :List_push) gay shit
DEBUG: (src/list.c :87 :List_push) gay shit
DEBUG: (src/list.c :87 :List_push) gay shit
DEBUG: (src/list.c :87 :List_push) gay shit
DEBUG: (src/list.c :87 :List_push) gay shit
DEBUG: (src/list.c :87 :List_push) gay shit
DEBUG: (src/list.c :87 :List_push) gay shit
DEBUG: (src/list.c :87 :List_push) gay shit
DEBUG: (src/list.c :87 :List_push) gay shit
DEBUG: (src/list.c :87 :List_push) gay shit
DEBUG: (src/list.c :87 :List_push) gay shit
DEBUG: (src/list.c :87 :List_push) gay shit
DEBUG: (src/list.c :87 :List_push) gay shit
DEBUG: (src/list.c :87 :List_push) gay shit
DEBUG: (src/list.c :87 :List_push) gay shit
DEBUG: (src/list.c :87 :List_push) gay shit
DEBUG: (src/list.c :87 :List_push) gay shit
DEBUG: (src/list.c :87 :List_push) gay shit
DEBUG: (src/list.c :87 :List_push) gay shit
DEBUG: (src/list.c :87 :List_push) gay shit
DEBUG: (src/list.c :87 :List_push) gay shit
DEBUG: (src/list.c :87 :List_push) gay shit
DEBUG: (src/list.c :87 :List_push) gay shit
DEBUG: (src/list.c :87 :List_push) gay shit
DEBUG: (src/list.c :87 :List_push) gay shit
DEBUG: (src/list.c :87 :List_push) gay shit
DEBUG: (src/list.c :87 :List_push) gay shit
DEBUG: (src/list.c :87 :List_push) gay shit
DEBUG: (src/list.c :87 :List_push) gay shit
DEBUG: (src/list.c :87 :List_push) gay shit
DEBUG: (src/list.c :87 :List_push) gay shit
DEBUG: (src/list.c :87 :List_push) gay shit
DEBUG: (src/list.c :87 :List_push) gay shit
DEBUG: (src/list.c :87 :List_push) gay shit
DEBUG: (src/list.c :87 :List_push) gay shit
DEBUG: (src/list.c :87 :List_push) gay shit
DEBUG: (src/list.c :87 :List_push) gay shit
DEBUG: (src/list.c :87 :List_push) gay shit
DEBUG: (src/list.c :87 :List_push) gay shit
DEBUG: (src/list.c :87 :List_push) gay shit
DEBUG: (src/list.c :87 :List_push) gay shit
DEBUG: (src/list.c :87 :List_push) gay shit
DEBUG: (src/list.c :87 :List_push) gay shit
DEBUG: (src/list.c :87 :List_push) gay shit
DEBUG: (src/list.c :87 :List_push) gay shit
DEBUG: (src/list.c :87 :List_push) gay shit
DEBUG: (src/list.c :87 :List_push) gay shit
DEBUG: (src/list.c :87 :List_push) gay shit
DEBUG: (src/list.c :87 :List_push) gay shit
DEBUG: (src/list.c :87 :List_push) gay shit
DEBUG: (src/list.c :87 :List_push) gay shit
DEBUG: (src/list.c :87 :List_push) gay shit
DEBUG: (src/list.c :87 :List_push) gay shit
DEBUG: (src/list.c :87 :List_push) gay shit
DEBUG: (src/list.c :87 :List_push) gay shit
DEBUG: (src/list.c :87 :List_push) gay shit
DEBUG: (src/list.c :87 :List_push) gay shit
DEBUG: (src/list.c :87 :List_push) gay shit
DEBUG: (src/list.c :87 :List_push) gay shit
DEBUG: (src/list.c :87 :List_push) gay shit
DEBUG: (src/list.c :87 :List_push) gay shit
DEBUG: (src/list.c :87 :List_push) gay shit
DEBUG: (src/list.c :87 :List_push) gay shit
DEBUG: (src/list.c :87 :List_push) gay shit
DEBUG: (src/list.c :87 :List_push) gay shit
DEBUG: (src/list.c :87 :List_push) gay shit
DEBUG: (src/list.c :87 :List_push) gay shit
DEBUG: (src/list.c :87 :List_push) gay shit
DEBUG: (src/list.c :87 :List_push) gay shit
DEBUG: (src/list.c :87 :List_push) gay shit
DEBUG: (src/list.c :87 :List_push) gay shit
DEBUG: (src/list.c :87 :List_push) gay shit
DEBUG: (src/list.c :87 :List_push) gay shit
DEBUG: (src/list.c :87 :List_push) gay shit
DEBUG: (src/list.c :87 :List_push) gay shit
DEBUG: (src/list.c :87 :List_push) gay shit
DEBUG: (src/list.c :87 :List_push) gay shit
DEBUG: (src/list.c :87 :List_push) gay shit
DEBUG: (src/list.c :87 :List_push) gay shit
DEBUG: (src/list.c :87 :List_push) gay shit
DEBUG: (src/list.c :87 :List_push) gay shit
DEBUG: (src/list.c :87 :List_push) gay shit
DEBUG: (src/list.c :87 :List_push) gay shit
DEBUG: (src/list.c :87 :List_push) gay shit
DEBUG: (src/list.c :87 :List_push) gay shit
DEBUG: (src/list.c :87 :List_push) gay shit
DEBUG: (src/list.c :87 :List_push) gay shit
DEBUG: (src/list.c :87 :List_push) gay shit
DEBUG: (src/list.c :87 :List_push) gay shit
DEBUG: (src/list.c :87 :List_push) gay shit
DEBUG: (src/list.c :87 :List_push) gay shit
DEBUG: (src/list.c :87 :List_push) gay shit
DEBUG: (src/list.c :87 :List_push) gay shit
DEBUG: (src/list.c :87 :List_push) gay shit
DEBUG: (src/list.c :87 :List_push) gay shit
DEBUG: (src/list.c :87 :List_push) gay shit
DEBUG: (src/list.c :87 :List_push) gay shit
DEBUG: (src/list.c :87 :List_push) gay shit
DEBUG: (src/list.c :87 :List_push) gay shit
DEBUG: (src/list.c :87 :List_push) gay shit
DEBUG: (src/list.c :87 :List_push) gay shit
DEBUG: (src/list.c :87 :List_push) gay shit
DEBUG: (src/list.c :87 :List_push) gay shit
DEBUG: (src/list.c :87 :List_push) gay shit
DEBUG: (src/list.c :87 :List_push) gay shit
DEBUG: (src/list.c :87 :List_push) gay shit
DEBUG: (src/list.c :87 :List_push) gay shit
DEBUG: (src/list.c :87 :List_push) gay shit
DEBUG: (src/list.c :87 :List_push) gay shit
DEBUG: (src/list.c :87 :List_push) gay shit
DEBUG: (src/list.c :87 :List_push) gay shit
DEBUG: (src/list.c :87 :List_push) gay shit
DEBUG: (src/list.c :87 :List_push) gay shit
DEBUG: (src/list.c :87 :List_push) gay shit
DEBUG: (src/list.c :87 :List_push) gay shit
DEBUG: (src/list.c :87 :List_push) gay shit
DEBUG: (src/list.c :87 :List_push) gay shit
DEBUG: (src/list.c :87 :List_push) gay shit
DEBUG: (src/list.c :87 :List_push) gay shit
DEBUG: (src/list.c :87 :List_push) gay shit
DEBUG: (src/list.c :87 :List_push) gay shit
DEBUG: (src/list.c :87 :List_push) gay shit
DEBUG: (src/list.c :87 :List_push) gay shit
DEBUG: (src/list.c :87 :List_push) gay shit
DEBUG: (src/list.c :87 :List_push) gay shit
DEBUG: (src/list.c :87 :List_push) gay shit
DEBUG: (src/list.c :87 :List_push) gay shit
DEBUG: (src/list.c :87 :List_push) gay shit
DEBUG: (src/list.c :87 :List_push) gay shit
DEBUG: (src/list.c :87 :List_push) gay shit
DEBUG: (src/list.c :87 :List_push) gay shit
DEBUG: (src/list.c :87 :List_push) gay shit
DEBUG: (src/list.c :87 :List_push) gay shit
DEBUG: (src/list.c :87 :List_push) gay shit
DEBUG: (src/list.c :87 :List_push) gay shit
DEBUG: (src/list.c :87 :List_push) gay shit
DEBUG: (src/list.c :87 :List_push) gay shit
DEBUG: (src/list.c :87 :List_push) gay shit
DEBUG: (src/list.c :87 :List_push) gay shit
DEBUG: (src/list.c :87 :List_push) gay shit
DEBUG: (src/list.c :87 :List_push) gay shit
DEBUG: (src/list.c :87 :List_push) gay shit
DEBUG: (src/list.c :87 :List_push) gay shit
DEBUG: (src/list.c :87 :List_push) gay shit
DEBUG: (src/list.c :87 :List_push) gay shit
DEBUG: (src/list.c :87 :List_push) gay shit
DEBUG: (src/list.c :87 :List_push) gay shit
DEBUG: (src/list.c :87 :List_push) gay shit
DEBUG: (src/list.c :87 :List_push) gay shit
DEBUG: (src/list.c :87 :List_push) gay shit
DEBUG: (src/list.c :87 :List_push) gay shit
DEBUG: (src/list.c :87 :List_push) gay shit
DEBUG: (src/list.c :87 :List_push) gay shit
DEBUG: (src/list.c :87 :List_push) gay shit
DEBUG: (src/list.c :87 :List_push) gay shit
DEBUG: (src/list.c :87 :List_push) gay shit
DEBUG: (src/list.c :87 :List_push) gay shit
DEBUG: (src/list.c :87 :List_push) gay shit
DEBUG: (src/list.c :87 :List_push) gay shit
DEBUG: (src/list.c :87 :List_push) gay shit
DEBUG: (src/list.c :87 :List_push) gay shit
DEBUG: (src/list.c :87 :List_push) gay shit
DEBUG: (src/list.c :87 :List_push) gay shit
DEBUG: (src/list.c :87 :List_push) gay shit
DEBUG: (src/list.c :87 :List_push) gay shit
DEBUG: (src/list.c :87 :List_push) gay shit
DEBUG: (src/list.c :87 :List_push) gay shit
DEBUG: (src/list.c :87 :List_push) gay shit
DEBUG: (src/list.c :87 :List_push) gay shit
DEBUG: (src/list.c :87 :List_push) gay shit
DEBUG: (src/list.c :87 :List_push) gay shit
DEBUG: (src/list.c :87 :List_push) gay shit
DEBUG: (src/list.c :87 :List_push) gay shit
DEBUG: (src/list.c :87 :List_push) gay shit
DEBUG: (src/list.c :87 :List_push) gay shit
DEBUG: (src/list.c :87 :List_push) gay shit
DEBUG: (src/list.c :87 :List_push) gay shit
DEBUG: (src/list.c :87 :List_push) gay shit
DEBUG: (src/list.c :87 :List_push) gay shit
DEBUG: (src/list.c :87 :List_push) gay shit
DEBUG: (src/list.c :87 :List_push) gay shit
DEBUG: (src/list.c :87 :List_push) gay shit
DEBUG: (src/list.c :87 :List_push) gay shit
DEBUG: (src/list.c :87 :List_push) gay shit
DEBUG: (src/list.c :87 :List_push) gay shit
DEBUG: (src/list.c :87 :List_push) gay shit
DEBUG: (src/list.c :87 :List_push) gay shit
DEBUG: (src/list.c :87 :List_push) gay shit
DEBUG: (src/list.c :87 :List_push) gay shit
DEBUG: (src/list.c :87 :List_push) gay shit
DEBUG: (src/list.c :87 :List_push) gay shit
DEBUG: (src/list.c :87 :List_push) gay shit
DEBUG: (src/list.c :87 :List_push) gay shit
DEBUG: (src/list.c :87 :List_push) gay shit
DEBUG: (src/list.c :87 :List_push) gay shit
DEBUG: (src/list.c :87 :List_push) gay shit
DEBUG: (src/list.c :87 :List_push) gay shit
DEBUG: (src/list.c :87 :List_push) gay shit
DEBUG: (src/list.c :87 :List_push) gay shit
DEBUG: (src/list.c :87 :List_push) gay shit
DEBUG: (src/list.c :87 :List_push) gay shit
DEBUG: (src/list.c :87 :List_push) gay shit
DEBUG: (src/list.c :87 :List_push) gay shit
DEBUG: (src/list.c :87 :List_push) gay shit
DEBUG: (src/list.c :87 :List_push) gay shit
DEBUG: (src/list.c :87 :List_push) gay shit
DEBUG: (src/list.c :87 :List_push) gay shit
DEBUG: (src/list.c :87 :List_push) gay shit
DEBUG: (src/list.c :87 :List_push) gay shit
DEBUG: (src/list.c :87 :List_push) gay shit
DEBUG: (src/list.c :87 :List_push) gay shit
DEBUG: (src/list.c :87 :List_push) gay shit
DEBUG: (src/list.c :87 :List_push) gay shit
DEBUG: (src/list.c :87 :List_push) gay shit
DEBUG: (src/list.c :87 :List_push) gay shit
DEBUG: (src/list.c :87 :List_push) gay shit
DEBUG: (src/list.c :87 :List_push) gay shit
DEBUG: (src/list.c :87 :List_push) gay shit
DEBUG: (src/list.c :87 :List_push) gay shit
DEBUG: (src/list.c :87 :List_push) gay shit
DEBUG: (src/list.c :87 :List_push) gay shit
DEBUG: (src/list.c :87 :List_push) gay shit
DEBUG: (src/list.c :87 :List_push) gay shit
DEBUG: (src/list.c :87 :List_push) gay shit
DEBUG: (src/list.c :87 :List_push) gay shit
DEBUG: (src/list.c :87 :List_push) gay shit
DEBUG: (src/list.c :87 :List_push) gay shit
DEBUG: (src/list.c :87 :List_push) gay shit
DEBUG: (src/list.c :87 :List_push) gay shit
DEBUG: (src/list.c :87 :List_push) gay shit
DEBUG: (src/list.c :87 :List_push) gay shit
DEBUG: (src/list.c :87 :List_push) gay shit
DEBUG: (src/list.c :87 :List_push) gay shit
DEBUG: (src/list.c :87 :List_push) gay shit
DEBUG: (src/list.c :87 :List_push) gay shit
DEBUG: (src/list.c :87 :List_push) gay shit
DEBUG: (src/list.c :87 :List_push) gay shit
DEBUG: (src/list.c :87 :List_push) gay shit
DEBUG: (src/list.c :87 :List_push) gay shit
DEBUG: (src/list.c :87 :List_push) gay shit
DEBUG: (src/list.c :87 :List_push) gay shit
DEBUG: (src/list.c :87 :List_push) gay shit
DEBUG: (src/list.c :87 :List_push) gay shit
DEBUG: (src/list.c :87 :List_push) gay shit
DEBUG: (src/list.c :87 :List_push) gay shit
DEBUG: (src/list.c :87 :List_push) gay shit
DEBUG: (src/list.c :87 :List_push) gay shit
DEBUG: (src/list.c :87 :List_push) gay shit
DEBUG: (src/list.c :87 :List_push) gay shit
DEBUG: (src/list.c :87 :List_push) gay shit
DEBUG: (src/list.c :87 :List_push) gay shit
DEBUG: (src/list.c :87 :List_push) gay shit
DEBUG: (src/list.c :87 :List_push) gay shit
DEBUG: (src/list.c :87 :List_push) gay shit
DEBUG: (src/list.c :87 :List_push) gay shit
DEBUG: (src/list.c :87 :List_push) gay shit
DEBUG: (src/list.c :87 :List_push) gay shit
DEBUG: (src/list.c :87 :List_push) gay shit
DEBUG: (src/list.c :87 :List_push) gay shit
DEBUG: (src/list.c :87 :List_push) gay shit
DEBUG: (src/list.c :87 :List_push) gay shit
DEBUG: (src/list.c :87 :List_push) gay shit
DEBUG: (src/list.c :87 :List_push) gay shit
DEBUG: (src/list.c :87 :List_push) gay shit
DEBUG: (src/list.c :87 :List_push) gay shit
DEBUG: (src/list.c :87 :List_push) gay shit
DEBUG: (src/list.c :87 :List_push) gay shit
DEBUG: (src/list.c :87 :List_push) gay shit
DEBUG: (src/list.c :87 :List_push) gay shit
DEBUG: (src/list.c :87 :List_push) gay shit
DEBUG: (src/list.c :87 :List_push) gay shit
DEBUG: (src/list.c :87 :List_push) gay shit
DEBUG: (src/list.c :87 :List_push) gay shit
DEBUG: (src/list.c :87 :List_push) gay shit
DEBUG: (src/list.c :87 :List_push) gay shit
DEBUG: (src/list.c :87 :List_push) gay shit
DEBUG: (src/list.c :87 :List_push) gay shit
DEBUG: (src/list.c :87 :List_push) gay shit
DEBUG: (src/list.c :87 :List_push) gay shit
DEBUG: (src/list.c :87 :List_push) gay shit
DEBUG: (src/list.c :87 :List_push) gay shit
DEBUG: (src/list.c :87 :List_push) gay shit
DEBUG: (src/list.c :87 :List_push) gay shit
DEBUG: (src/list.c :87 :List_push) gay shit
DEBUG: (src/list.c :87 :List_push) gay shit
DEBUG: (src/list.c :87 :List_push) gay shit
DEBUG: (src/list.c :87 :List_push) gay shit
DEBUG: (src/list.c :87 :List_push) gay shit
DEBUG: (src/list.c :87 :List_push) gay shit
DEBUG: (src/list.c :87 :List_push) gay shit
DEBUG: (src/list.c :87 :List_push) gay shit
DEBUG: (src/list.c :87 :List_push) gay shit
DEBUG: (src/list.c :87 :List_push) gay shit
DEBUG: (src/list.c :87 :List_push) gay shit
DEBUG: (src/list.c :87 :List_push) gay shit
DEBUG: (src/list.c :87 :List_push) gay shit
DEBUG: (src/list.c :87 :List_push) gay shit
DEBUG: (src/list.c :87 :List_push) gay shit
DEBUG: (src/list.c :87 :List_push) gay shit
DEBUG: (src/list.c :87 :List_push) gay shit
DEBUG: (src/list.c :87 :List_push) gay shit
DEBUG: (src/list.c :87 :List_push) gay shit
DEBUG: (src/list.c :87 :List_push) gay shit
DEBUG: (src/list.c :87 :List_push) gay shit
DEBUG: (src/list.c :87 :List_push) gay shit
DEBUG: (src/list.c :87 :List_push) gay shit
DEBUG: (src/list.c :87 :List_push) gay shit
DEBUG: (src/list.c :87 :List_push) gay shit
DEBUG: (src/list.c :87 :List_push) gay shit
DEBUG: (src/list.c :87 :List_push) gay shit
DEBUG: (src/list.c :87 :List_push) gay shit
DEBUG: (src/list.c :87 :List_push) gay shit
DEBUG: (src/list.c :87 :List_push) gay shit
DEBUG: (src/list.c :87 :List_push) gay shit
DEBUG: (src/list.c :87 :List_push) gay shit
DEBUG: (src/list.c :87 :List_push) gay shit
DEBUG: (src/list.c :87 :List_push) gay shit
DEBUG: (src/list.c :87 :List_push) gay shit
DEBUG: (src/list.c :87 :List_push) gay shit
DEBUG: (src/list.c :87 :List_push) gay shit
DEBUG: (src/list.c :87 :List_push) gay shit
DEBUG: (src/list.c :87 :List_push) gay shit
DEBUG: (src/list.c :87 :List_push) gay shit
DEBUG: (src/list.c :87 :List_push) gay shit
DEBUG: (src/list.c :87 :List_push) gay shit
DEBUG: (src/list.c :87 :List_push) gay shit
DEBUG: (src/list.c :87 :List_push) gay shit
DEBUG: (src/list.c :87 :List_push) gay shit
DEBUG: (src/list.c :87 :List_push) gay shit
DEBUG: (src/list.c :87 :List_push) gay shit
DEBUG: (src/list.c :87 :List_push) gay shit
DEBUG: (src/list.c :87 :List_push) gay shit
DEBUG: (src/list.c :87 :List_push) gay shit
DEBUG: (src/list.c :87 :List_push) gay shit
DEBUG: (src/list.c :87 :List_push) gay shit
DEBUG: (src/list.c :87 :List_push) gay shit
DEBUG: (src/list.c :87 :List_push) gay shit
DEBUG: (src/list.c :87 :List_push) gay shit
DEBUG: (src/list.c :87 :List_push) gay shit
DEBUG: (src/list.c :87 :List_push) gay shit
DEBUG: (src/list.c :87 :List_push) gay shit
DEBUG: (src/list.c :87 :List_push) gay shit
DEBUG: (src/list.c :87 :List_push) gay shit
DEBUG: (src/list.c :87 :List_push) gay shit
DEBUG: (src/list.c :87 :List_push) gay shit
DEBUG: (src/list.c :87 :List_push) gay shit
DEBUG: (src/list.c :87 :List_push) gay shit
DEBUG: (src/list.c :87 :List_push) gay shit
DEBUG: (src/list.c :87 :List_push) gay shit
DEBUG: (src/list.c :87 :List_push) gay shit
DEBUG: (src/list.c :87 :List_push) gay shit
DEBUG: (src/list.c :87 :List_push) gay shit
DEBUG: (src/list.c :87 :List_push) gay shit
DEBUG: (src/list.c :87 :List_push) gay shit
DEBUG: (src/list.c :87 :List_push) gay shit
DEBUG: (src/list.c :87 :List_push) gay shit
DEBUG: (src/list.c :87 :List_push) gay shit
DEBUG: (src/list.c :87 :List_push) gay shit
DEBUG: (src/list.c :87 :List_push) gay shit
DEBUG: (src/list.c :87 :List_push) gay shit
DEBUG: (src/list.c :87 :List_push) gay shit
DEBUG: (src/list.c :87 :List_push) gay shit
DEBUG: (src/list.c :87 :List_push) gay shit
DEBUG: (src/list.c :87 :List_push) gay shit
DEBUG: (src/list.c :87 :List_push) gay shit
DEBUG: (src/list.c :87 :List_push) gay shit
DEBUG: (src/list.c :87 :List_push) gay shit
DEBUG: (src/list.c :87 :List_push) gay shit
DEBUG: (src/list.c :87 :List_push) gay shit
DEBUG: (src/list.c :87 :List_push) gay shit
DEBUG: (src/list.c :87 :List_push) gay shit
DEBUG: (src/list.c :87 :List_push) gay shit
DEBUG: (src/list.c :87 :List_push) gay shit
DEBUG: (src/list.c :87 :List_push) gay shit
DEBUG: (src/list.c :87 :List_push) gay shit
DEBUG: (src/list.c :87 :List_push) gay shit
DEBUG: (src/list.c :87 :List_push) gay shit
DEBUG: (src/list.c :87 :List_push) gay shit
DEBUG: (src/list.c :87 :List_push) gay shit
DEBUG: (src/list.c :87 :List_push) gay shit
DEBUG: (src/list.c :87 :List_push) gay shit
DEBUG: (src/list.c :87 :List_push) gay shit
DEBUG: (src/list.c :87 :List_push) gay shit
DEBUG: (src/list.c :87 :List_push) gay shit
DEBUG: (src/list.c :87 :List_push) gay shit
DEBUG: (src/list.c :87 :List_push) gay shit
DEBUG: (src/list.c :87 :List_push) gay shit
DEBUG: (src/list.c :87 :List_push) gay shit
DEBUG: (src/list.c :87 :List_push) gay shit
DEBUG: (src/list.c :87 :List_push) gay shit
DEBUG: (src/list.c :87 :List_push) gay shit
DEBUG: (src/list.c :87 :List_push) gay shit
DEBUG: (src/list.c :87 :List_push) gay shit
DEBUG: (src/list.c :87 :List_push) gay shit
DEBUG: (src/list.c :87 :List_push) gay shit
DEBUG: (src/list.c :87 :List_push) gay shit
DEBUG: (src/list.c :87 :List_push) gay shit
DEBUG: (src/list.c :87 :List_push) gay shit
DEBUG: (src/list.c :87 :List_push) gay shit
DEBUG: (src/list.c :87 :List_push) gay shit
DEBUG: (src/list.c :87 :List_push) gay shit
DEBUG: (src/list.c :87 :List_push) gay shit
DEBUG: (src/list.c :87 :List_push) gay shit
DEBUG: (src/list.c :87 :List_push) gay shit
DEBUG: (src/list.c :87 :List_push) gay shit
DEBUG: (src/list.c :87 :List_push) gay shit
DEBUG: (src/list.c :87 :List_push) gay shit
DEBUG: (src/list.c :87 :List_push) gay shit
DEBUG: (src/list.c :87 :List_push) gay shit
DEBUG: (src/list.c :87 :List_push) gay shit
DEBUG: (src/list.c :87 :List_push) gay shit
DEBUG: (src/list.c :87 :List_push) gay shit
DEBUG: (src/list.c :87 :List_push) gay shit
DEBUG: (src/list.c :87 :List_push) gay shit
DEBUG: (src/list.c :87 :List_push) gay shit
DEBUG: (src/list.c :87 :List_push) gay shit
DEBUG: (src/list.c :87 :List_push) gay shit
DEBUG: (src/list.c :87 :List_push) gay shit
DEBUG: (src/list.c :87 :List_push) gay shit
DEBUG: (src/list.c :87 :List_push) gay shit
DEBUG: (src/list.c :87 :List_push) gay shit
DEBUG: (src/list.c :87 :List_push) gay shit
DEBUG: (src/list.c :87 :List_push) gay shit
DEBUG: (src/list.c :87 :List_push) gay shit
DEBUG: (src/list.c :87 :List_push) gay shit
DEBUG: (src/list.c :87 :List_push) gay shit
DEBUG: (src/list.c :87 :List_push) gay shit
DEBUG: (src/list.c :87 :List_push) gay shit
DEBUG: (src/list.c :87 :List_push) gay shit
DEBUG: (src/list.c :87 :List_push) gay shit
DEBUG: (src/list.c :87 :List_push) gay shit
DEBUG: (src/list.c :87 :List_push) gay shit
DEBUG: (src/list.c :87 :List_push) gay shit
DEBUG: (src/list.c :87 :List_push) gay shit
DEBUG: (src/list.c :87 :List_push) gay shit
DEBUG: (src/list.c :87 :List_push) gay shit
DEBUG: (src/list.c :87 :List_push) gay shit
DEBUG: (src/list.c :87 :List_push) gay shit
DEBUG: (src/list.c :87 :List_push) gay shit
DEBUG: (src/list.c :87 :List_push) gay shit
DEBUG: (src/list.c :87 :List_push) gay shit
DEBUG: (src/list.c :87 :List_push) gay shit
DEBUG: (src/list.c :87 :List_push) gay shit
DEBUG: (src/list.c :87 :List_push) gay shit
DEBUG: (src/list.c :87 :List_push) gay shit
DEBUG: (src/list.c :87 :List_push) gay shit
DEBUG: (src/list.c :87 :List_push) gay shit
DEBUG: (src/list.c :87 :List_push) gay shit
DEBUG: (src/list.c :87 :List_push) gay shit
DEBUG: (src/list.c :87 :List_push) gay shit
DEBUG: (src/list.c :87 :List_push) gay shit
DEBUG: (src/list.c :87 :List_push) gay shit
DEBUG: (src/list.c :87 :List_push) gay shit
DEBUG: (src/list.c :87 :List_push) gay shit
DEBUG: (src/list.c :87 :List_push) gay shit
DEBUG: (src/list.c :87 :List_push) gay shit
DEBUG: (src/list.c :87 :List_push) gay shit
DEBUG: (src/list.c :87 :List_push) gay shit
DEBUG: (src/list.c :87 :List_push) gay shit
DEBUG: (src/list.c :87 :List_push) gay shit
DEBUG: (src/list.c :87 :List_push) gay shit
DEBUG: (src/list.c :87 :List_push) gay shit
DEBUG: (src/list.c :87 :List_push) gay shit
DEBUG: (src/list.c :87 :List_push) gay shit
DEBUG: (src/list.c :87 :List_push) gay shit
DEBUG: (src/list.c :87 :List_push) gay shit
DEBUG: (src/list.c :87 :List_push) gay shit
DEBUG: (src/list.c :87 :List_push) gay shit
DEBUG: (src/list.c :87 :List_push) gay shit
DEBUG: (src/list.c :87 :List_push) gay shit
DEBUG: (src/list.c :87 :List_push) gay shit
DEBUG: (src/list.c :87 :List_push) gay shit
DEBUG: (src/list.c :87 :List_push) gay shit
DEBUG: (src/list.c :87 :List_push) gay shit
DEBUG: (src/list.c :87 :List_push) gay shit
DEBUG: (src/list.c :87 :List_push) gay shit
DEBUG: (src/list.c :87 :List_push) gay shit
DEBUG: (src/list.c :87 :List_push) gay shit
DEBUG: (src/list.c :87 :List_push) gay shit
DEBUG: (src/list.c :87 :List_push) gay shit
DEBUG: (src/list.c :87 :List_push) gay shit
DEBUG: (src/list.c :87 :List_push) gay shit
DEBUG: (src/list.c :87 :List_push) gay shit
DEBUG: (src/list.c :87 :List_push) gay shit
DEBUG: (src/list.c :87 :List_push) gay shit
DEBUG: (src/list.c :87 :List_push) gay shit
DEBUG: (src/list.c :87 :List_push) gay shit
DEBUG: (src/list.c :87 :List_push) gay shit
DEBUG: (src/list.c :87 :List_push) gay shit
DEBUG: (src/list.c :87 :List_push) gay shit
DEBUG: (src/list.c :87 :List_push) gay shit
DEBUG: (src/list.c :87 :List_push) gay shit
DEBUG: (src/list.c :87 :List_push) gay shit
DEBUG: (src/list.c :87 :List_push) gay shit
DEBUG: (src/list.c :87 :List_push) gay shit
DEBUG: (src/list.c :87 :List_push) gay shit
DEBUG: (src/list.c :87 :List_push) gay shit
DEBUG: (src/list.c :87 :List_push) gay shit
DEBUG: (src/list.c :87 :List_push) gay shit
DEBUG: (src/list.c :87 :List_push) gay shit
DEBUG: (src/list.c :87 :List_push) gay shit
DEBUG: (src/list.c :87 :List_push) gay shit
DEBUG: (src/list.c :87 :List_push) gay shit
DEBUG: (src/list.c :87 :List_push) gay shit
DEBUG: (src/list.c :87 :List_push) gay shit
DEBUG: (src/list.c :87 :List_push) gay shit
DEBUG: (src/list.c :87 :List_push) gay shit
DEBUG: (src/list.c :87 :List_push) gay shit
DEBUG: (src/list.c :87 :List_push) gay shit
DEBUG: (src/list.c :87 :List_push) gay shit
DEBUG: (src/list.c :87 :List_push) gay shit
DEBUG: (src/list.c :87 :List_push) gay shit
DEBUG: (src/list.c :87 :List_push) gay shit
DEBUG: (src/list.c :87 :List_push) gay shit
DEBUG: (src/list.c :87 :List_push) gay shit
DEBUG: (src/list.c :87 :List_push) gay shit
DEBUG: (src/list.c :87 :List_push) gay shit
DEBUG: (src/list.c :87 :List_push) gay shit
DEBUG: (src/list.c :87 :List_push) gay shit
DEBUG: (src/list.c :87 :List_push) gay shit
DEBUG: (src/list.c :87 :List_push) gay shit
DEBUG: (src/list.c :87 :List_push) gay shit
DEBUG: (src/list.c :87 :List_push) gay shit
DEBUG: (src/list.c :87 :List_push) gay shit
DEBUG: (src/list.c :87 :List_push) gay shit
DEBUG: (src/list.c :87 :List_push) gay shit
DEBUG: (src/list.c :87 :List_push) gay shit
DEBUG: (src/list.c :87 :List_push) gay shit
DEBUG: (src/list.c :87 :List_push) gay shit
DEBUG: (src/list.c :87 :List_push) gay shit
DEBUG: (src/list.c :87 :List_push) gay shit
DEBUG: (src/list.c :87 :List_push) gay shit
DEBUG: (src/list.c :87 :List_push) gay shit
DEBUG: (src/list.c :87 :List_push) gay shit
DEBUG: (src/list.c :87 :List_push) gay shit
DEBUG: (src/list.c :87 :List_push) gay shit
DEBUG: (src/list.c :87 :List_push) gay shit
DEBUG: (src/list.c :87 :List_push) gay shit
DEBUG: (src/list.c :87 :List_push) gay shit
DEBUG: (src/list.c :87 :List_push) gay shit
DEBUG: (src/list.c :87 :List_push) gay shit
DEBUG: (src/list.c :87 :List_push) gay shit
DEBUG: (src/list.c :87 :List_push) gay shit
DEBUG: (src/list.c :87 :List_push) gay shit
DEBUG: (src/list.c :87 :List_push) gay shit
DEBUG: (src/list.c :87 :List_push) gay shit
DEBUG: (src/list.c :87 :List_push) gay shit
DEBUG: (src/list.c :87 :List_push) gay shit
DEBUG: (src/list.c :87 :List_push) gay shit
DEBUG: (src/list.c :87 :List_push) gay shit
DEBUG: (src/list.c :87 :List_push) gay shit
DEBUG: (src/list.c :87 :List_push) gay shit
DEBUG: (src/list.c :87 :List_push) gay shit
DEBUG: (src/list.c :87 :List_push) gay shit
DEBUG: (src/list.c :87 :List_push) gay shit
DEBUG: (src/list.c :87 :List_push) gay shit
DEBUG: (src/list.c :87 :List_push) gay shit
DEBUG: (src/list.c :87 :List_push) gay shit
DEBUG: (src/list.c :87 :List_push) gay shit
DEBUG: (src/list.c :87 :List_push) gay shit
DEBUG: (src/list.c :87 :List_push) gay shit
DEBUG: (src/list.c :87 :List_push) gay shit
DEBUG: (src/list.c :87 :List_push) gay shit
DEBUG: (src/list.c :87 :List_push) gay shit
DEBUG: (src/list.c :87 :List_push) gay shit
DEBUG: (src/list.c :87 :List_push) gay shit
DEBUG: (src/list.c :87 :List_push) gay shit
DEBUG: (src/list.c :87 :List_push) gay shit
DEBUG: (src/list.c :87 :List_push) gay shit
DEBUG: (src/list.c :87 :List_push) gay shit
DEBUG: (src/list.c :87 :List_push) gay shit
DEBUG: (src/list.c :87 :List_push) gay shit
DEBUG: (src/list.c :87 :List_push) gay shit
DEBUG: (src/list.c :87 :List_push) gay shit
DEBUG: (src/list.c :87 :List_push) gay shit
DEBUG: (src/list.c :87 :List_push) gay shit
DEBUG: (src/list.c :87 :List_push) gay shit
DEBUG: (src/list.c :87 :List_push) gay shit
DEBUG: (src/list.c :87 :List_push) gay shit
DEBUG: (src/list.c :87 :List_push) gay shit
DEBUG: (src/list.c :87 :List_push) gay shit
DEBUG: (src/list.c :87 :List_push) gay shit
DEBUG: (src/list.c :87 :List_push) gay shit
DEBUG: (src/list.c :87 :List_push) gay shit
DEBUG: (src/list.c :87 :List_push) gay shit
DEBUG: (src/list.c :87 :List_push) gay shit
DEBUG: (src/list.c :87 :List_push) gay shit
DEBUG: (src/list.c :87 :List_push) gay shit
DEBUG: (src/list.c :87 :List_push) gay shit
DEBUG: (src/list.c :87 :List_push) gay shit
DEBUG: (src/list.c :87 :List_push) gay shit
DEBUG: (src/list.c :87 :List_push) gay shit
DEBUG: (src/list.c :87 :List_push) gay shit
DEBUG: (src/list.c :87 :List_push) gay shit
DEBUG: (src/list.c :87 :List_push) gay shit
DEBUG: (src/list.c :87 :List_push) gay shit
DEBUG: (src/list.c :87 :List_push) gay shit
DEBUG: (src/list.c :87 :List_push) gay shit
DEBUG: (src/list.c :87 :List_push) gay shit
DEBUG: (src/list.c :87 :List_push) gay shit
DEBUG: (src/list.c :87 :List_push) gay shit
DEBUG: (src/list.c :87 :List_push) gay shit
DEBUG: (src/list.c :87 :List_push) gay shit
DEBUG: (src/list.c :87 :List_push) gay shit
DEBUG: (src/list.c :87 :List_push) gay shit
DEBUG: (src/list.c :87 :List_push) gay shit
DEBUG: (src/list.c :87 :List_push) gay shit
DEBUG: (src/list.c :87 :List_push) gay shit
DEBUG: (src/list.c :87 :List_push) gay shit
DEBUG: (src/list.c :87 :List_push) gay shit
DEBUG: (src/list.c :87 :List_push) gay shit
DEBUG: (src/list.c :87 :List_push) gay shit
DEBUG: (src/list.c :87 :List_push) gay shit
DEBUG: (src/list.c :87 :List_push) gay shit
DEBUG: (src/list.c :87 :List_push) gay shit
DEBUG: (src/list.c :87 :List_push) gay shit
DEBUG: (src/list.c :87 :List_push) gay shit
DEBUG: (src/list.c :87 :List_push) gay shit
DEBUG: (src/list.c :87 :List_push) gay shit
DEBUG: (src/list.c :87 :List_push) gay shit
DEBUG: (src/list.c :87 :List_push) gay shit
DEBUG: (src/list.c :87 :List_push) gay shit
DEBUG: (src/list.c :87 :List_push) gay shit
DEBUG: (src/list.c :87 :List_push) gay shit
DEBUG: (src/list.c :87 :List_push) gay shit
DEBUG: (src/list.c :87 :List_push) gay shit
DEBUG: (src/list.c :87 :List_push) gay shit
DEBUG: (src/list.c :87 :List_push) gay shit
DEBUG: (src/list.c :87 :List_push) gay shit
DEBUG: (src/list.c :87 :List_push) gay shit
DEBUG: (src/list.c :87 :List_push) gay shit
DEBUG: (src/list.c :87 :List_push) gay shit
DEBUG: (src/list.c :87 :List_push) gay shit
DEBUG: (src/list.c :87 :List_push) gay shit
DEBUG: (src/list.c :87 :List_push) gay shit
DEBUG: (src/list.c :87 :List_push) gay shit
DEBUG: (src/list.c :87 :List_push) gay shit
DEBUG: (src/list.c :87 :List_push) gay shit
DEBUG: (src/list.c :87 :List_push) gay shit
DEBUG: (src/list.c :87 :List_push) gay shit
DEBUG: (src/list.c :87 :List_push) gay shit
DEBUG: (src/list.c :87 :List_push) gay shit
DEBUG: (src/list.c :87 :List_push) gay shit
DEBUG: (src/list.c :87 :List_push) gay shit
DEBUG: (src/list.c :87 :List_push) gay shit
DEBUG: (src/list.c :87 :List_push) gay shit
DEBUG: (src/list.c :87 :List_push) gay shit
DEBUG: (src/list.c :87 :List_push) gay shit
DEBUG: (src/list.c :87 :List_push) gay shit
DEBUG: (src/list.c :87 :List_push) gay shit
DEBUG: (src/list.c :87 :List_push) gay shit
DEBUG: (src/list.c :87 :List_push) gay shit
DEBUG: (src/list.c :87 :List_push) gay shit
DEBUG: (src/list.c :87 :List_push) gay shit
DEBUG: (src/list.c :87 :List_push) gay shit
DEBUG: (src/list.c :87 :List_push) gay shit
DEBUG: (src/list.c :87 :List_push) gay shit
DEBUG: (src/list.c :87 :List_push) gay shit
DEBUG: (src/list.c :87 :List_push) gay shit
DEBUG: (src/list.c :87 :List_push) gay shit
DEBUG: (src/list.c :87 :List_push) gay shit
DEBUG: (src/list.c :87 :List_push) gay shit
DEBUG: (src/list.c :87 :List_push) gay shit
DEBUG: (src/list.c :87 :List_push) gay shit
DEBUG: (src/list.c :87 :List_push) gay shit
DEBUG: (src/list.c :87 :List_push) gay shit
DEBUG: (src/list.c :87 :List_push) gay shit
DEBUG: (src/list.c :87 :List_push) gay shit
DEBUG: (src/list.c :87 :List_push) gay shit
DEBUG: (src/list.c :87 :List_push) gay shit
DEBUG: (src/list.c :87 :List_push) gay shit
DEBUG: (src/list.c :87 :List_push) gay shit
DEBUG: (src/list.c :87 :List_push) gay shit
DEBUG: (src/list.c :87 :List_push) gay shit
DEBUG: (src/list.c :87 :List_push) gay shit
DEBUG: (src/list.c :87 :List_push) gay shit
DEBUG: (src/list.c :87 :List_push) gay shit
DEBUG: (src/list.c :87 :List_push) gay shit
DEBUG: (src/list.c :87 :List_push) gay shit
DEBUG: (src/list.c :87 :List_push) gay shit
DEBUG: (src/list.c :87 :List_push) gay shit
DEBUG: (src/list.c :87 :List_push) gay shit
DEBUG: (src/list.c :87 :List_push) gay shit
DEBUG: (src/list.c :87 :List_push) gay shit
DEBUG: (src/list.c :87 :List_push) gay shit
DEBUG: (src/list.c :87 :List_push) gay shit
DEBUG: (src/list.c :87 :List_push) gay shit
DEBUG: (src/list.c :87 :List_push) gay shit
DEBUG: (src/list.c :87 :List_push) gay shit
DEBUG: (src/list.c :87 :List_push) gay shit
DEBUG: (src/list.c :87 :List_push) gay shit
DEBUG: (src/list.c :87 :List_push) gay shit
DEBUG: (src/list.c :87 :List_push) gay shit
DEBUG: (src/list.c :87 :List_push) gay shit
DEBUG: (src/list.c :87 :List_push) gay shit
DEBUG: (src/list.c :87 :List_push) gay shit
DEBUG: (src/list.c :87 :List_push) gay shit
DEBUG: (src/list.c :87 :List_push) gay shit
DEBUG: (src/list.c :87 :List_push) gay shit
DEBUG: (src/list.c :87 :List_push) gay shit
DEBUG: (src/list.c :87 :List_push) gay shit
DEBUG: (src/list.c :87 :List_push) gay shit
DEBUG: (src/list.c :87 :List_push) gay shit
DEBUG: (src/list.c :87 :List_push) gay shit
DEBUG: (src/list.c :87 :List_push) gay shit
DEBUG: (src/list.c :87 :List_push) gay shit
DEBUG: (src/list.c :87 :List_push) gay shit
DEBUG: (src/list.c :87 :List_push) gay shit
DEBUG: (src/list.c :87 :List_push) gay shit
DEBUG: (src/list.c :87 :List_push) gay shit
DEBUG: (src/list.c :87 :List_push) gay shit
DEBUG: (src/list.c :87 :List_push) gay shit
DEBUG: (src/list.c :87 :List_push) gay shit
DEBUG: (src/list.c :87 :List_push) gay shit
DEBUG: (src/list.c :87 :List_push) gay shit
DEBUG: (src/list.c :87 :List_push) gay shit
DEBUG: (src/list.c :87 :List_push) gay shit
DEBUG: (src/list.c :87 :List_push) gay shit
DEBUG: (src/list.c :87 :List_push) gay shit
DEBUG: (src/list.c :87 :List_push) gay shit
DEBUG: (src/list.c :87 :List_push) gay shit
DEBUG: (src/list.c :87 :List_push) gay shit
DEBUG: (src/list.c :87 :List_push) gay shit
DEBUG: (src/list.c :87 :List_push) gay shit
DEBUG: (src/list.c :87 :List_push) gay shit
DEBUG: (src/list.c :87 :List_push) gay shit
DEBUG: (src/list.c :87 :List_push) gay shit
DEBUG: (src/list.c :87 :List_push) gay shit
DEBUG: (src/list.c :87 :List_push) gay shit
DEBUG: (src/list.c :87 :List_push) gay shit
DEBUG: (src/list.c :87 :List_push) gay shit
DEBUG: (src/list.c :87 :List_push) gay shit
DEBUG: (src/list.c :87 :List_push) gay shit
DEBUG: (src/list.c :87 :List_push) gay shit
DEBUG: (src/list.c :87 :List_push) gay shit
DEBUG: (src/list.c :87 :List_push) gay shit
DEBUG: (src/list.c :87 :List_push) gay shit
DEBUG: (src/list.c :87 :List_push) gay shit
DEBUG: (src/list.c :87 :List_push) gay shit
DEBUG: (src/list.c :87 :List_push) gay shit
DEBUG: (src/list.c :87 :List_push) gay shit
DEBUG: (src/list.c :87 :List_push) gay shit
DEBUG: (src/list.c :87 :List_push) gay shit
DEBUG: (src/list.c :87 :List_push) gay shit
DEBUG: (src/list.c :87 :List_push) gay shit
DEBUG: (src/list.c :87 :List_push) gay shit
DEBUG: (src/list.c :87 :List_push) gay shit
DEBUG: (src/list.c :87 :List_push) gay shit
DEBUG: (src/list.c :87 :List_push) gay shit
DEBUG: (src/list.c :87 :List_push) gay shit
DEBUG: (src/list.c :87 :List_push) gay shit
DEBUG: (src/list.c :87 :List_push) gay shit
DEBUG: (src/list.c :87 :List_push) gay shit
DEBUG: (src/list.c :87 :List_push) gay shit
DEBUG: (src/list.c :87 :List_push) gay shit
DEBUG: (src/list.c :87 :List_push) gay shit
DEBUG: (src/list.c :87 :List_push) gay shit
DEBUG: (src/list.c :87 :List_push) gay shit
DEBUG: (src/list.c :87 :List_push) gay shit
DEBUG: (src/list.c :87 :List_push) gay shit
DEBUG: (src/list.c :87 :List_push) gay shit
DEBUG: (src/list.c :87 :List_push) gay shit
DEBUG: (src/list.c :87 :List_push) gay shit
DEBUG: (src/list.c :87 :List_push) gay shit
DEBUG: (src/list.c :87 :List_push) gay shit
DEBUG: (src/list.c :87 :List_push) gay shit
DEBUG: (src/list.c :87 :List_push) gay shit
DEBUG: (src/list.c :87 :List_push) gay shit
DEBUG: (src/list.c :87 :List_push) gay shit
DEBUG: (src/list.c :87 :List_push) gay shit
DEBUG: (src/list.c :87 :List_push) gay shit
DEBUG: (src/list.c :87 :List_push) gay shit
DEBUG: (src/list.c :87 :List_push) gay shit
DEBUG: (src/list.c :87 :List_push) gay shit
DEBUG: (src/list.c :87 :List_push) gay shit
DEBUG: (src/list.c :87 :List_push) gay shit
DEBUG: (src/list.c :87 :List_push) gay shit
DEBUG: (src/list.c :87 :List_push) gay shit
DEBUG: (src/list.c :87 :List_push) gay shit
DEBUG: (src/list.c :87 :List_push) gay shit
DEBUG: (src/list.c :87 :List_push) gay shit
DEBUG: (src/list.c :87 :List_push) gay shit
DEBUG: (src/list.c :87 :List_push) gay shit
DEBUG: (src/list.c :87 :List_push) gay shit
DEBUG: (src/list.c :87 :List_push) gay shit
DEBUG: (src/list.c :87 :List_push) gay shit
DEBUG: (src/list.c :87 :List_push) gay shit
DEBUG: (src/list.c :87 :List_push) gay shit
DEBUG: (src/list.c :87 :List_push) gay shit
DEBUG: (src/list.c :87 :List_push) gay shit
DEBUG: (src/list.c :87 :List_push) gay shit
DEBUG: (src/list.c :87 :List_push) gay shit
DEBUG: (src/list.c :87 :List_push) gay shit
DEBUG: (src/list.c :87 :List_push) gay shit
DEBUG: (src/list.c :87 :List_push) gay shit
DEBUG: (src/list.c :87 :List_push) gay shit
DEBUG: (src/list.c :87 :List_push) gay shit
DEBUG: (src/list.c :87 :List_push) gay shit
DEBUG: (src/list.c :87 :List_push) gay shit
DEBUG: (src/list.c :87 :List_push) gay shit
DEBUG: (src/list.c :87 :List_push) gay shit
DEBUG: (src/list.c :87 :List_push) gay shit
DEBUG: (src/list.c :87 :List_push) gay shit
DEBUG: (src/list.c :87 :List_push) gay shit
DEBUG: (src/list.c :87 :List_push) gay shit
DEBUG: (src/list.c :87 :List_push) gay shit
DEBUG: (src/list.c :87 :List_push) gay shit
DEBUG: (src/list.c :87 :List_push) gay shit
DEBUG: (src/list.c :87 :List_push) gay shit
DEBUG: (src/list.c :87 :List_push) gay shit
DEBUG: (src/list.c :87 :List_push) gay shit
DEBUG: (src/list.c :87 :List_push) gay shit
DEBUG: (src/list.c :87 :List_push) gay shit
DEBUG: (src/list.c :87 :List_push) gay shit
DEBUG: (src/list.c :87 :List_push) gay shit
DEBUG: (src/list.c :87 :List_push) gay shit
DEBUG: (src/list.c :87 :List_push) gay shit
DEBUG: (src/list.c :87 :List_push) gay shit
DEBUG: (src/list.c :87 :List_push) gay shit
DEBUG: (src/list.c :87 :List_push) gay shit
DEBUG: (src/list.c :87 :List_push) gay shit
DEBUG: (src/list.c :87 :List_push) gay shit
DEBUG: (src/list.c :87 :List_push) gay shit
DEBUG: (src/list.c :87 :List_push) gay shit
DEBUG: (src/list.c :87 :List_push) gay shit
DEBUG: (src/list.c :87 :List_push) gay shit
DEBUG: (src/list.c :87 :List_push) gay shit
DEBUG: (src/list.c :87 :List_push) gay shit
DEBUG: (src/list.c :87 :List_push) gay shit
DEBUG: (src/list.c :87 :List_push) gay shit
DEBUG: (src/list.c :87 :List_push) gay shit
DEBUG: (src/list.c :87 :List_push) gay shit
DEBUG: (src/list.c :87 :List_push) gay shit
DEBUG: (src/list.c :87 :List_push) gay shit
DEBUG: (src/list.c :87 :List_push) gay shit
DEBUG: (src/list.c :87 :List_push) gay shit
DEBUG: (src/list.c :87 :List_push) gay shit
DEBUG: (src/list.c :87 :List_push) gay shit
DEBUG: (src/list.c :87 :List_push) gay shit
DEBUG: (src/list.c :87 :List_push) gay shit
DEBUG: (src/list.c :87 :List_push) gay shit
DEBUG: (src/list.c :87 :List_push) gay shit
DEBUG: (src/list.c :87 :List_push) gay shit
DEBUG: (src/list.c :87 :List_push) gay shit
DEBUG: (src/list.c :87 :List_push) gay shit
DEBUG: (src/list.c :87 :List_push) gay shit
DEBUG: (src/list.c :87 :List_push) gay shit
DEBUG: (src/list.c :87 :List_push) gay shit
DEBUG: (src/list.c :87 :List_push) gay shit
DEBUG: (src/list.c :87 :List_push) gay shit
DEBUG: (src/list.c :87 :List_push) gay shit
DEBUG: (src/list.c :87 :List_push) gay shit
DEBUG: (src/list.c :87 :List_push) gay shit
DEBUG: (src/list.c :87 :List_push) gay shit
DEBUG: (src/list.c :87 :List_push) gay shit
DEBUG: (src/list.c :87 :List_push) gay shit
DEBUG: (src/list.c :87 :List_push) gay shit
DEBUG: (src/list.c :87 :List_push) gay shit
DEBUG: (src/list.c :87 :List_push) gay shit
DEBUG: (src/list.c :87 :List_push) gay shit
DEBUG: (src/list.c :87 :List_push) gay shit
DEBUG: (src/list.c :87 :List_push) gay shit
DEBUG: (src/list.c :87 :List_push) gay shit
DEBUG: (src/list.c :87 :List_push) gay shit
DEBUG: (src/list.c :87 :List_push) gay shit
DEBUG: (src/list.c :87 :List_push) gay shit
DEBUG: (src/list.c :87 :List_push) gay shit
DEBUG: (src/list.c :87 :List_push) gay shit
DEBUG: (src/list.c :87 :List_push) gay shit
DEBUG: (src/list.c :87 :List_push) gay shit
DEBUG: (src/list.c :87 :List_push) gay shit
DEBUG: (src/list.c :87 :List_push) gay shit
DEBUG: (src/list.c :87 :List_push) gay shit
DEBUG: (src/list.c :87 :List_push) gay shit
DEBUG: (src/list.c :87 :List_push) gay shit
DEBUG: (src/list.c :87 :List_push) gay shit
DEBUG: (src/list.c :87 :List_push) gay shit
DEBUG: (src/list.c :87 :List_push) gay shit
DEBUG: (src/list.c :87 :List_push) gay shit
DEBUG: (src/list.c :87 :List_push) gay shit
DEBUG: (src/list.c :87 :List_push) gay shit
DEBUG: (src/list.c :87 :List_push) gay shit
DEBUG: (src/list.c :87 :List_push) gay shit
DEBUG: (src/list.c :87 :List_push) gay shit
DEBUG: (src/list.c :87 :List_push) gay shit
DEBUG: (src/list.c :87 :List_push) gay shit
DEBUG: (src/list.c :87 :List_push) gay shit
DEBUG: (src/list.c :87 :List_push) gay shit
DEBUG: (src/list.c :87 :List_push) gay shit
DEBUG: (src/list.c :87 :List_push) gay shit
DEBUG: (src/list.c :87 :List_push) gay shit
DEBUG: (src/list.c :87 :List_push) gay shit
DEBUG: (src/list.c :87 :List_push) gay shit
DEBUG: (src/list.c :87 :List_push) gay shit
DEBUG: (src/list.c :87 :List_push) gay shit
DEBUG: (src/list.c :87 :List_push) gay shit
DEBUG: (src/list.c :87 :List_push) gay shit
DEBUG: (src/list.c :87 :List_push) gay shit
DEBUG: (src/list.c :87 :List_push) gay shit
DEBUG: (src/list.c :87 :List_push) gay shit
DEBUG: (src/list.c :87 :List_push) gay shit
DEBUG: (src/list.c :87 :List_push) gay shit
DEBUG: (src/list.c :87 :List_push) gay shit
DEBUG: (src/list.c :87 :List_push) gay shit
DEBUG: (src/list.c :87 :List_push) gay shit
DEBUG: (src/list.c :87 :List_push) gay shit
DEBUG: (src/list.c :87 :List_push) gay shit
DEBUG: (src/list.c :87 :List_push) gay shit
DEBUG: (src/list.c :87 :List_push) gay shit
DEBUG: (src/list.c :87 :List_push) gay shit
DEBUG: (src/list.c :87 :List_push) gay shit
DEBUG: (src/list.c :87 :List_push) gay shit
DEBUG: (src/list.c :87 :List_push) gay shit
DEBUG: (src/list.c :87 :List_push) gay shit
DEBUG: (src/list.c :87 :List_push) gay shit
DEBUG: (src/list.c :87 :List_push) gay shit
DEBUG: (src/list.c :87 :List_push) gay shit
DEBUG: (src/list.c :87 :List_push) gay shit
DEBUG: (src/list.c :87 :List_push) gay shit
DEBUG: (src/list.c :87 :List_push) gay shit
DEBUG: (src/list.c :87 :List_push) gay shit
DEBUG: (src/list.c :87 :List_push) gay shit
DEBUG: (src/list.c :87 :List_push) gay shit
DEBUG: (src/list.c :87 :List_push) gay shit
DEBUG: (src/list.c :87 :List_push) gay shit
DEBUG: (src/list.c :87 :List_push) gay shit
DEBUG: (src/list.c :87 :List_push) gay shit
DEBUG: (src/list.c :87 :List_push) gay shit
DEBUG: (src/list.c :87 :List_push) gay shit
DEBUG: (src/list.c :87 :List_push) gay shit
DEBUG: (src/list.c :87 :List_push) gay shit
DEBUG: (src/list.c :87 :List_push) gay shit
DEBUG: (src/list.c :87 :List_push) gay shit
DEBUG: (src/list.c :87 :List_push) gay shit
DEBUG: (src/list.c :87 :List_push) gay shit
DEBUG: (src/list.c :87 :List_push) gay shit
DEBUG: (src/list.c :87 :List_push) gay shit
DEBUG: (src/list.c :87 :List_push) gay shit
DEBUG: (src/list.c :87 :List_push) gay shit
DEBUG: (src/list.c :87 :List_push) gay shit
DEBUG: (src/list.c :87 :List_push) gay shit
DEBUG: (src/list.c :87 :List_push) gay shit
DEBUG: (src/list.c :87 :List_push) gay shit
DEBUG: (src/list.c :87 :List_push) gay shit
DEBUG: (src/list.c :87 :List_push) gay shit
DEBUG: (src/list.c :87 :List_push) gay shit
DEBUG: (src/list.c :87 :List_push) gay shit
DEBUG: (src/list.c :87 :List_push) gay shit
DEBUG: (src/list.c :87 :List_push) gay shit
DEBUG: (src/list.c :87 :List_push) gay shit
DEBUG: (src/list.c :87 :List_push) gay shit
DEBUG: (src/list.c :87 :List_push) gay shit
DEBUG: (src/list.c :87 :List_push) gay shit
DEBUG: (src/list.c :87 :List_push) gay shit
DEBUG: (src/list.c :87 :List_push) gay shit
DEBUG: (src/list.c :87 :List_push) gay shit
DEBUG: (src/list.c :87 :List_push) gay shit
DEBUG: (src/list.c :87 :List_push) gay shit
DEBUG: (src/list.c :87 :List_push) gay shit
DEBUG: (src/list.c :87 :List_push) gay shit
DEBUG: (src/list.c :87 :List_push) gay shit
DEBUG: (src/list.c :87 :List_push) gay shit
DEBUG: (src/list.c :87 :List_push) gay shit
DEBUG: (src/list.c :87 :List_push) gay shit
DEBUG: (src/list.c :87 :List_push) gay shit
DEBUG: (src/list.c :87 :List_push) gay shit
DEBUG: (src/list.c :87 :List_push) gay shit
DEBUG: (src/list.c :87 :List_push) gay shit
DEBUG: (src/list.c :87 :List_push) gay shit
DEBUG: (src/list.c :87 :List_push) gay shit
DEBUG: (src/list.c :87 :List_push) gay shit
DEBUG: (src/list.c :87 :List_push) gay shit
DEBUG: (src/list.c :87 :List_push) gay shit
DEBUG: (src/list.c :87 :List_push) gay shit
DEBUG: (src/list.c :87 :List_push) gay shit
DEBUG: (src/list.c :87 :List_push) gay shit
DEBUG: (src/list.c :87 :List_push) gay shit
DEBUG: (src/list.c :87 :List_push) gay shit
DEBUG: (src/list.c :87 :List_push) gay shit
DEBUG: (src/list.c :87 :List_push) gay shit
DEBUG: (src/list.c :87 :List_push) gay shit
DEBUG: (src/list.c :87 :List_push) gay shit
DEBUG: (src/list.c :87 :List_push) gay shit
DEBUG: (src/list.c :87 :List_push) gay shit
DEBUG: (src/list.c :87 :List_push) gay shit
DEBUG: (src/list.c :87 :List_push) gay shit
DEBUG: (src/list.c :87 :List_push) gay shit
DEBUG: (src/list.c :87 :List_push) gay shit
DEBUG: (src/list.c :87 :List_push) gay shit
DEBUG: (src/list.c :87 :List_push) gay shit
DEBUG: (src/list.c :87 :List_push) gay shit
DEBUG: (src/list.c :87 :List_push) gay shit
DEBUG: (src/list.c :87 :List_push) gay shit
DEBUG: (src/list.c :87 :List_push) gay shit
DEBUG: (src/list.c :87 :List_push) gay shit
DEBUG: (src/list.c :87 :List_push) gay shit
DEBUG: (src/list.c :87 :List_push) gay shit
DEBUG: (src/list.c :87 :List_push) gay shit
DEBUG: (src/list.c :87 :List_push) gay shit
DEBUG: (src/list.c :87 :List_push) gay shit
DEBUG: (src/list.c :87 :List_push) gay shit
DEBUG: (src/list.c :87 :List_push) gay shit
DEBUG: (src/list.c :87 :List_push) gay shit
DEBUG: (src/list.c :87 :List_push) gay shit
DEBUG: (src/list.c :87 :List_push) gay shit
DEBUG: (src/list.c :87 :List_push) gay shit
DEBUG: (src/list.c :87 :List_push) gay shit
DEBUG: (src/list.c :87 :List_push) gay shit
DEBUG: (src/list.c :87 :List_push) gay shit
DEBUG: (src/list.c :87 :List_push) gay shit
DEBUG: (src/list.c :87 :List_push) gay shit
DEBUG: (src/list.c :87 :List_push) gay shit
DEBUG: (src/list.c :87 :List_push) gay shit
DEBUG: (src/list.c :87 :List_push) gay shit
DEBUG: (src/list.c :87 :List_push) gay shit
DEBUG: (src/list.c :87 :List_push) gay shit
DEBUG: (src/list.c :87 :List_push) gay shit
DEBUG: (src/list.c :87 :List_push) gay shit
DEBUG: (src/list.c :87 :List_push) gay shit
DEBUG: (src/list.c :87 :List_push) gay shit
DEBUG: (src/list.c :87 :List_push) gay shit
DEBUG: (src/list.c :87 :List_push) gay shit
DEBUG: (src/list.c :87 :List_push) gay shit
DEBUG: (src/list.c :87 :List_push) gay shit
DEBUG: (src/list.c :87 :List_push) gay shit
DEBUG: (src/list.c :87 :List_push) gay shit
DEBUG: (src/list.c :87 :List_push) gay shit
DEBUG: (src/list.c :87 :List_push) gay shit
DEBUG: (src/list.c :87 :List_push) gay shit
DEBUG: (src/list.c :87 :List_push) gay shit
DEBUG: (src/list.c :87 :List_push) gay shit
DEBUG: (src/list.c :87 :List_push) gay shit
DEBUG: (src/list.c :87 :List_push) gay shit
DEBUG: (src/list.c :87 :List_push) gay shit
DEBUG: (src/list.c :87 :List_push) gay shit
DEBUG: (src/list.c :87 :List_push) gay shit
DEBUG: (src/list.c :87 :List_push) gay shit
DEBUG: (src/list.c :87 :List_push) gay shit
DEBUG: (src/list.c :87 :List_push) gay shit
DEBUG: (src/list.c :87 :List_push) gay shit
DEBUG: (src/list.c :87 :List_push) gay shit
DEBUG: (src/list.c :87 :List_push) gay shit
DEBUG: (src/list.c :87 :List_push) gay shit
DEBUG: (src/list.c :87 :List_push) gay shit
DEBUG: (src/list.c :87 :List_push) gay shit
DEBUG: (src/list.c :87 :List_push) gay shit
DEBUG: (src/list.c :87 :List_push) gay shit
DEBUG: (src/list.c :87 :List_push) gay shit
DEBUG: (src/list.c :87 :List_push) gay shit
DEBUG: (src/list.c :87 :List_push) gay shit
DEBUG: (src/list.c :87 :List_push) gay shit
DEBUG: (src/list.c :87 :List_push) gay shit
DEBUG: (src/list.c :87 :List_push) gay shit
DEBUG: (src/list.c :87 :List_push) gay shit
DEBUG: (src/list.c :87 :List_push) gay shit
DEBUG: (src/list.c :87 :List_push) gay shit
DEBUG: (src/list.c :87 :List_push) gay shit
DEBUG: (src/list.c :87 :List_push) gay shit
DEBUG: (src/list.c :87 :List_push) gay shit
DEBUG: (src/list.c :87 :List_push) gay shit
DEBUG: (src/list.c :87 :List_push) gay shit
DEBUG: (src/list.c :87 :List_push) gay shit
DEBUG: (src/list.c :87 :List_push) gay shit
DEBUG: (src/list.c :87 :List_push) gay shit
DEBUG: (src/list.c :87 :List_push) gay shit
DEBUG: (src/list.c :87 :List_push) gay shit
DEBUG: (src/list.c :87 :List_push) gay shit
DEBUG: (src/list.c :87 :List_push) gay shit
DEBUG: (src/list.c :87 :List_push) gay shit
DEBUG: (src/list.c :87 :List_push) gay shit
DEBUG: (src/list.c :87 :List_push) gay shit
DEBUG: (src/list.c :87 :List_push) gay shit
DEBUG: (src/list.c :87 :List_push) gay shit
DEBUG: (src/list.c :87 :List_push) gay shit
DEBUG: (src/list.c :87 :List_push) gay shit
DEBUG: (src/list.c :87 :List_push) gay shit
DEBUG: (src/list.c :87 :List_push) gay shit
DEBUG: (src/list.c :87 :List_push) gay shit
DEBUG: (src/list.c :87 :List_push) gay shit
DEBUG: (src/list.c :87 :List_push) gay shit
DEBUG: (src/list.c :87 :List_push) gay shit
DEBUG: (src/list.c :87 :List_push) gay shit
DEBUG: (src/list.c :87 :List_push) gay shit
DEBUG: (src/list.c :87 :List_push) gay shit
DEBUG: (src/list.c :87 :List_push) gay shit
DEBUG: (src/list.c :87 :List_push) gay shit
DEBUG: (src/list.c :87 :List_push) gay shit
DEBUG: (src/list.c :87 :List_push) gay shit
DEBUG: (src/list.c :87 :List_push) gay shit
DEBUG: (src/list.c :87 :List_push) gay shit
DEBUG: (src/list.c :87 :List_push) gay shit
DEBUG: (src/list.c :87 :List_push) gay shit
DEBUG: (src/list.c :87 :List_push) gay shit
DEBUG: (src/list.c :87 :List_push) gay shit
DEBUG: (src/list.c :87 :List_push) gay shit
DEBUG: (src/list.c :87 :List_push) gay shit
DEBUG: (src/list.c :87 :List_push) gay shit
DEBUG: (src/list.c :87 :List_push) gay shit
DEBUG: (src/list.c :87 :List_push) gay shit
DEBUG: (src/list.c :87 :List_push) gay shit
DEBUG: (src/list.c :87 :List_push) gay shit
DEBUG: (src/list.c :87 :List_push) gay shit
DEBUG: (src/list.c :87 :List_push) gay shit
DEBUG: (src/list.c :87 :List_push) gay shit
DEBUG: (src/list.c :87 :List_push) gay shit
DEBUG: (src/list.c :87 :List_push) gay shit
DEBUG: (src/list.c :87 :List_push) gay shit
DEBUG: (src/list.c :87 :List_push) gay shit
DEBUG: (src/list.c :87 :List_push) gay shit
DEBUG: (src/list.c :87 :List_push) gay shit
DEBUG: (src/list.c :87 :List_push) gay shit
DEBUG: (src/list.c :87 :List_push) gay shit
DEBUG: (src/list.c :87 :List_push) gay shit
DEBUG: (src/list.c :87 :List_push) gay shit
DEBUG: (src/list.c :87 :List_push) gay shit
DEBUG: (src/list.c :87 :List_push) gay shit
DEBUG: (src/list.c :87 :List_push) gay shit
DEBUG: (src/list.c :87 :List_push) gay shit
DEBUG: (src/list.c :87 :List_push) gay shit
DEBUG: (src/list.c :87 :List_push) gay shit
DEBUG: (src/list.c :87 :List_push) gay shit
DEBUG: (src/list.c :87 :List_push) gay shit
DEBUG: (src/list.c :87 :List_push) gay shit
DEBUG: (src/list.c :87 :List_push) gay shit
DEBUG: (src/list.c :87 :List_push) gay shit
DEBUG: (src/list.c :87 :List_push) gay shit
DEBUG: (src/list.c :87 :List_push) gay shit
DEBUG: (src/list.c :87 :List_push) gay shit
DEBUG: (src/list.c :87 :List_push) gay shit
DEBUG: (src/list.c :87 :List_push) gay shit
DEBUG: (src/list.c :87 :List_push) gay shit
DEBUG: (src/list.c :87 :List_push) gay shit
DEBUG: (src/list.c :87 :List_push) gay shit
DEBUG: (src/list.c :87 :List_push) gay shit
DEBUG: (src/list.c :87 :List_push) gay shit
DEBUG: (src/list.c :87 :List_push) gay shit
DEBUG: (src/list.c :87 :List_push) gay shit
DEBUG: (src/list.c :87 :List_push) gay shit
DEBUG: (src/list.c :87 :List_push) gay shit
DEBUG: (src/list.c :87 :List_push) gay shit
DEBUG: (src/list.c :87 :List_push) gay shit
DEBUG: (src/list.c :87 :List_push) gay shit
DEBUG: (src/list.c :87 :List_push) gay shit
DEBUG: (src/list.c :87 :List_push) gay shit
DEBUG: (src/list.c :87 :List_push) gay shit
DEBUG: (src/list.c :87 :List_push) gay shit
DEBUG: (src/list.c :87 :List_push) gay shit
DEBUG: (src/list.c :87 :List_push) gay shit
DEBUG: (src/list.c :87 :List_push) gay shit
DEBUG: (src/list.c :87 :List_push) gay shit
DEBUG: (src/list.c :87 :List_push) gay shit
DEBUG: (src/list.c :87 :List_push) gay shit
DEBUG: (src/list.c :87 :List_push) gay shit
DEBUG: (src/list.c :87 :List_push) gay shit
DEBUG: (src/list.c :87 :List_push) gay shit
DEBUG: (src/list.c :87 :List_push) gay shit
DEBUG: (src/list.c :87 :List_push) gay shit
DEBUG: (src/list.c :87 :List_push) gay shit
DEBUG: (src/list.c :87 :List_push) gay shit
DEBUG: (src/list.c :87 :List_push) gay shit
DEBUG: (src/list.c :87 :List_push) gay shit
DEBUG: (src/list.c :87 :List_push) gay shit
DEBUG: (src/list.c :87 :List_push) gay shit
DEBUG: (src/list.c :87 :List_push) gay shit
DEBUG: (src/list.c :87 :List_push) gay shit
DEBUG: (src/list.c :87 :List_push) gay shit
DEBUG: (src/list.c :87 :List_push) gay shit
DEBUG: (src/list.c :87 :List_push) gay shit
DEBUG: (src/list.c :87 :List_push) gay shit
DEBUG: (src/list.c :87 :List_push) gay shit
DEBUG: (src/list.c :87 :List_push) gay shit
DEBUG: (src/list.c :87 :List_push) gay shit
DEBUG: (src/list.c :87 :List_push) gay shit
DEBUG: (src/list.c :87 :List_push) gay shit
DEBUG: (src/list.c :87 :List_push) gay shit
DEBUG: (src/list.c :87 :List_push) gay shit
DEBUG: (src/list.c :87 :List_push) gay shit
DEBUG: (src/list.c :87 :List_push) gay shit
DEBUG: (src/list.c :87 :List_push) gay shit
DEBUG: (src/list.c :87 :List_push) gay shit
DEBUG: (src/list.c :87 :List_push) gay shit
DEBUG: (src/list.c :87 :List_push) gay shit
DEBUG: (src/list.c :87 :List_push) gay shit
DEBUG: (src/list.c :87 :List_push) gay shit
DEBUG: (src/list.c :87 :List_push) gay shit
DEBUG: (src/list.c :87 :List_push) gay shit
DEBUG: (src/list.c :87 :List_push) gay shit
DEBUG: (src/list.c :87 :List_push) gay shit
DEBUG: (src/list.c :87 :List_push) gay shit
DEBUG: (src/list.c :87 :List_push) gay shit
DEBUG: (src/list.c :87 :List_push) gay shit
DEBUG: (src/list.c :87 :List_push) gay shit
DEBUG: (src/list.c :87 :List_push) gay shit
DEBUG: (src/list.c :87 :List_push) gay shit
DEBUG: (src/list.c :87 :List_push) gay shit
DEBUG: (src/list.c :87 :List_push) gay shit
DEBUG: (src/list.c :87 :List_push) gay shit
DEBUG: (src/list.c :87 :List_push) gay shit
DEBUG: (src/list.c :87 :List_push) gay shit
DEBUG: (src/list.c :87 :List_push) gay shit
DEBUG: (src/list.c :87 :List_push) gay shit
DEBUG: (src/list.c :87 :List_push) gay shit
DEBUG: (src/list.c :87 :List_push) gay shit
DEBUG: (src/list.c :87 :List_push) gay shit
DEBUG: (src/list.c :87 :List_push) gay shit
DEBUG: (src/list.c :87 :List_push) gay shit
DEBUG: (src/list.c :87 :List_push) gay shit
DEBUG: (src/list.c :87 :List_push) gay shit
DEBUG: (src/list.c :87 :List_push) gay shit
DEBUG: (src/list.c :87 :List_push) gay shit
DEBUG: (src/list.c :87 :List_push) gay shit
DEBUG: (src/list.c :87 :List_push) gay shit
DEBUG: (src/list.c :87 :List_push) gay shit
DEBUG: (src/list.c :87 :List_push) gay shit
DEBUG: (src/list.c :87 :List_push) gay shit
DEBUG: (src/list.c :87 :List_push) gay shit
DEBUG: (src/list.c :87 :List_push) gay shit
DEBUG: (src/list.c :87 :List_push) gay shit
DEBUG: (src/list.c :87 :List_push) gay shit
DEBUG: (src/list.c :87 :List_push) gay shit
DEBUG: (src/list.c :87 :List_push) gay shit
DEBUG: (src/list.c :87 :List_push) gay shit
DEBUG: (src/list.c :87 :List_push) gay shit
DEBUG: (src/list.c :87 :List_push) gay shit
DEBUG: (src/list.c :87 :List_push) gay shit
DEBUG: (src/list.c :87 :List_push) gay shit
DEBUG: (src/list.c :87 :List_push) gay shit
DEBUG: (src/list.c :87 :List_push) gay shit
DEBUG: (src/list.c :87 :List_push) gay shit
DEBUG: (src/list.c :87 :List_push) gay shit
DEBUG: (src/list.c :87 :List_push) gay shit
DEBUG: (src/list.c :87 :List_push) gay shit
DEBUG: (src/list.c :87 :List_push) gay shit
DEBUG: (src/list.c :87 :List_push) gay shit
DEBUG: (src/list.c :87 :List_push) gay shit
DEBUG: (src/list.c :87 :List_push) gay shit
DEBUG: (src/list.c :87 :List_push) gay shit
DEBUG: (src/list.c :87 :List_push) gay shit
DEBUG: (src/list.c :87 :List_push) gay shit
DEBUG: (src/list.c :87 :List_push) gay shit
DEBUG: (src/list.c :87 :List_push) gay shit
DEBUG: (src/list.c :87 :List_push) gay shit
DEBUG: (src/list.c :87 :List_push) gay shit
DEBUG: (src/list.c :87 :List_push) gay shit
DEBUG: (src/list.c :87 :List_push) gay shit
DEBUG: (src/list.c :87 :List_push) gay shit
DEBUG: (src/list.c :87 :List_push) gay shit
DEBUG: (src/list.c :87 :List_push) gay shit
DEBUG: (src/list.c :87 :List_push) gay shit
DEBUG: (src/list.c :87 :List_push) gay shit
DEBUG: (src/list.c :87 :List_push) gay shit
DEBUG: (src/list.c :87 :List_push) gay shit
DEBUG: (src/list.c :87 :List_push) gay shit
DEBUG: (src/list.c :87 :List_push) gay shit
DEBUG: (src/list.c :87 :List_push) gay shit
DEBUG: (src/list.c :87 :List_push) gay shit
DEBUG: (src/list.c :87 :List_push) gay shit
DEBUG: (src/list.c :87 :List_push) gay shit
DEBUG: (src/list.c :87 :List_push) gay shit
DEBUG: (src/list.c :87 :List_push) gay shit
DEBUG: (src/list.c :87 :List_push) gay shit
DEBUG: (src/list.c :87 :List_push) gay shit
DEBUG: (src/list.c :87 :List_push) gay shit
DEBUG: (src/list.c :87 :List_push) gay shit
DEBUG: (src/list.c :87 :List_push) gay shit
DEBUG: (src/list.c :87 :List_push) gay shit
DEBUG: (src/list.c :87 :List_push) gay shit
DEBUG: (src/list.c :87 :List_push) gay shit
DEBUG: (src/list.c :87 :List_push) gay shit
DEBUG: (src/list.c :87 :List_push) gay shit
DEBUG: (src/list.c :87 :List_push) gay shit
DEBUG: (src/list.c :87 :List_push) gay shit
DEBUG: (src/list.c :87 :List_push) gay shit
DEBUG: (src/list.c :87 :List_push) gay shit
DEBUG: (src/list.c :87 :List_push) gay shit
DEBUG: (src/list.c :87 :List_push) gay shit
DEBUG: (src/list.c :87 :List_push) gay shit
DEBUG: (src/list.c :87 :List_push) gay shit
DEBUG: (src/list.c :87 :List_push) gay shit
DEBUG: (src/list.c :87 :List_push) gay shit
DEBUG: (src/list.c :87 :List_push) gay shit
DEBUG: (src/list.c :87 :List_push) gay shit
DEBUG: (src/list.c :87 :List_push) gay shit
DEBUG: (src/list.c :87 :List_push) gay shit
DEBUG: (src/list.c :87 :List_push) gay shit
DEBUG: (src/list.c :87 :List_push) gay shit
DEBUG: (src/list.c :87 :List_push) gay shit
DEBUG: (src/list.c :87 :List_push) gay shit
DEBUG: (src/list.c :87 :List_push) gay shit
DEBUG: (src/list.c :87 :List_push) gay shit
DEBUG: (src/list.c :87 :List_push) gay shit
DEBUG: (src/list.c :87 :List_push) gay shit
DEBUG: (src/list.c :87 :List_push) gay shit
DEBUG: (src/list.c :87 :List_push) gay shit
DEBUG: (src/list.c :87 :List_push) gay shit
DEBUG: (src/list.c :87 :List_push) gay shit
DEBUG: (src/list.c :87 :List_push) gay shit
DEBUG: (src/list.c :87 :List_push) gay shit
DEBUG: (src/list.c :87 :List_push) gay shit
DEBUG: (src/list.c :87 :List_push) gay shit
DEBUG: (src/list.c :87 :List_push) gay shit
DEBUG: (src/list.c :87 :List_push) gay shit
DEBUG: (src/list.c :87 :List_push) gay shit
DEBUG: (src/list.c :87 :List_push) gay shit
DEBUG: (src/list.c :87 :List_push) gay shit
DEBUG: (src/list.c :87 :List_push) gay shit
DEBUG: (src/list.c :87 :List_push) gay shit
DEBUG: (src/list.c :87 :List_push) gay shit
DEBUG: (src/list.c :87 :List_push) gay shit
DEBUG: (src/list.c :87 :List_push) gay shit
DEBUG: (src/list.c :87 :List_push) gay shit
DEBUG: (src/list.c :87 :List_push) gay shit
DEBUG: (src/list.c :87 :List_push) gay shit
DEBUG: (src/list.c :87 :List_push) gay shit
DEBUG: (src/list.c :87 :List_push) gay shit
DEBUG: (src/list.c :87 :List_push) gay shit
DEBUG: (src/list.c :87 :List_push) gay shit
DEBUG: (src/list.c :87 :List_push) gay shit
DEBUG: (src/list.c :87 :List_push) gay shit
DEBUG: (src/list.c :87 :List_push) gay shit
DEBUG: (src/list.c :87 :List_push) gay shit
DEBUG: (src/list.c :87 :List_push) gay shit
DEBUG: (src/list.c :87 :List_push) gay shit
DEBUG: (src/list.c :87 :List_push) gay shit
DEBUG: (src/list.c :87 :List_push) gay shit
DEBUG: (src/list.c :87 :List_push) gay shit
DEBUG: (src/list.c :87 :List_push) gay shit
DEBUG: (src/list.c :87 :List_push) gay shit
DEBUG: (src/list.c :87 :List_push) gay shit
DEBUG: (src/list.c :87 :List_push) gay shit
DEBUG: (src/list.c :87 :List_push) gay shit
DEBUG: (src/list.c :87 :List_push) gay shit
DEBUG: (src/list.c :87 :List_push) gay shit
DEBUG: (src/list.c :87 :List_push) gay shit
DEBUG: (src/list.c :87 :List_push) gay shit
DEBUG: (src/list.c :87 :List_push) gay shit
DEBUG: (src/list.c :87 :List_push) gay shit
DEBUG: (src/list.c :87 :List_push) gay shit
DEBUG: (src/list.c :87 :List_push) gay shit
DEBUG: (src/list.c :87 :List_push) gay shit
DEBUG: (src/list.c :87 :List_push) gay shit
DEBUG: (src/list.c :87 :List_push) gay shit
DEBUG: (src/list.c :87 :List_push) gay shit
DEBUG: (src/list.c :87 :List_push) gay shit
DEBUG: (src/list.c :87 :List_push) gay shit
DEBUG: (src/list.c :87 :List_push) gay shit
DEBUG: (src/list.c :87 :List_push) gay shit
DEBUG: (src/list.c :87 :List_push) gay shit
DEBUG: (src/list.c :87 :List_push) gay shit
DEBUG: (src/list.c :87 :List_push) gay shit
DEBUG: (src/list.c :87 :List_push) gay shit
DEBUG: (src/list.c :87 :List_push) gay shit
DEBUG: (src/list.c :87 :List_push) gay shit
DEBUG: (src/list.c :87 :List_push) gay shit
DEBUG: (src/list.c :87 :List_push) gay shit
DEBUG: (src/list.c :87 :List_push) gay shit
DEBUG: (src/list.c :87 :List_push) gay shit
DEBUG: (src/list.c :87 :List_push) gay shit
DEBUG: (src/list.c :87 :List_push) gay shit
DEBUG: (src/list.c :87 :List_push) gay shit
DEBUG: (src/list.c :87 :List_push) gay shit
DEBUG: (src/list.c :87 :List_push) gay shit
DEBUG: (src/list.c :87 :List_push) gay shit
DEBUG: (src/list.c :87 :List_push) gay shit
DEBUG: (src/list.c :87 :List_push) gay shit
DEBUG: (src/list.c :87 :List_push) gay shit
DEBUG: (src/list.c :87 :List_push) gay shit
DEBUG: (src/list.c :87 :List_push) gay shit
DEBUG: (src/list.c :87 :List_push) gay shit
DEBUG: (src/list.c :87 :List_push) gay shit
DEBUG: (src/list.c :87 :List_push) gay shit
DEBUG: (src/list.c :87 :List_push) gay shit
DEBUG: (src/list.c :87 :List_push) gay shit
DEBUG: (src/list.c :87 :List_push) gay shit
DEBUG: (src/list.c :87 :List_push) gay shit
DEBUG: (src/list.c :87 :List_push) gay shit
DEBUG: (src/list.c :87 :List_push) gay shit
DEBUG: (src/list.c :87 :List_push) gay shit
DEBUG: (src/list.c :87 :List_push) gay shit
DEBUG: (src/list.c :87 :List_push) gay shit
DEBUG: (src/list.c :87 :List_push) gay shit
DEBUG: (src/list.c :87 :List_push) gay shit
DEBUG: (src/list.c :87 :List_push) gay shit
DEBUG: (src/list.c :87 :List_push) gay shit
DEBUG: (src/list.c :87 :List_push) gay shit
DEBUG: (src/list.c :87 :List_push) gay shit
DEBUG: (src/list.c :87 :List_push) gay shit
DEBUG: (src/list.c :87 :List_push) gay shit
DEBUG: (src/list.c :87 :List_push) gay shit
DEBUG: (src/list.c :87 :List_push) gay shit
DEBUG: (src/list.c :87 :List_push) gay shit
DEBUG: (src/list.c :87 :List_push) gay shit
DEBUG: (src/list.c :87 :List_push) gay shit
DEBUG: (src/list.c :87 :List_push) gay shit
DEBUG: (src/list.c :87 :List_push) gay shit
DEBUG: (src/list.c :87 :List_push) gay shit
DEBUG: (src/list.c :87 :List_push) gay shit
DEBUG: (src/list.c :87 :List_push) gay shit
DEBUG: (src/list.c :87 :List_push) gay shit
DEBUG: (src/list.c :87 :List_push) gay shit
DEBUG: (src/list.c :87 :List_push) gay shit
DEBUG: (src/list.c :87 :List_push) gay shit
DEBUG: (src/list.c :87 :List_push) gay shit
DEBUG: (src/list.c :87 :List_push) gay shit
DEBUG: (src/list.c :87 :List_push) gay shit
DEBUG: (src/list.c :87 :List_push) gay shit
DEBUG: (src/list.c :87 :List_push) gay shit
DEBUG: (src/list.c :87 :List_push) gay shit
DEBUG: (src/list.c :87 :List_push) gay shit
DEBUG: (src/list.c :87 :List_push) gay shit
DEBUG: (src/list.c :87 :List_push) gay shit
DEBUG: (src/list.c :87 :List_push) gay shit
DEBUG: (src/list.c :87 :List_push) gay shit
DEBUG: (src/list.c :87 :List_push) gay shit
DEBUG: (src/list.c :87 :List_push) gay shit
DEBUG: (src/list.c :87 :List_push) gay shit
DEBUG: (src/list.c :87 :List_push) gay shit
DEBUG: (src/list.c :87 :List_push) gay shit
DEBUG: (src/list.c :87 :List_push) gay shit
DEBUG: (src/list.c :87 :List_push) gay shit
DEBUG: (src/list.c :87 :List_push) gay shit
DEBUG: (src/list.c :87 :List_push) gay shit
DEBUG: (src/list.c :87 :List_push) gay shit
DEBUG: (src/list.c :87 :List_push) gay shit
DEBUG: (src/list.c :87 :List_push) gay shit
DEBUG: (src/list.c :87 :List_push) gay shit
DEBUG: (src/list.c :87 :List_push) gay shit
DEBUG: (src/list.c :87 :List_push) gay shit
DEBUG: (src/list.c :87 :List_push) gay shit
DEBUG: (src/list.c :87 :List_push) gay shit
DEBUG: (src/list.c :87 :List_push) gay shit
DEBUG: (src/list.c :87 :List_push) gay shit
DEBUG: (src/list.c :87 :List_push) gay shit
DEBUG: (src/list.c :87 :List_push) gay shit
DEBUG: (src/list.c :87 :List_push) gay shit
DEBUG: (src/list.c :87 :List_push) gay shit
DEBUG: (src/list.c :87 :List_push) gay shit
DEBUG: (src/list.c :87 :List_push) gay shit
DEBUG: (src/list.c :87 :List_push) gay shit
DEBUG: (src/list.c :87 :List_push) gay shit
DEBUG: (src/list.c :87 :List_push) gay shit
DEBUG: (src/list.c :87 :List_push) gay shit
DEBUG: (src/list.c :87 :List_push) gay shit
DEBUG: (src/list.c :87 :List_push) gay shit
DEBUG: (src/list.c :87 :List_push) gay shit
DEBUG: (src/list.c :87 :List_push) gay shit
DEBUG: (src/list.c :87 :List_push) gay shit
DEBUG: (src/list.c :87 :List_push) gay shit
DEBUG: (src/list.c :87 :List_push) gay shit
DEBUG: (src/list.c :87 :List_push) gay shit
DEBUG: (src/list.c :87 :List_push) gay shit
DEBUG: (src/list.c :87 :List_push) gay shit
DEBUG: (src/list.c :87 :List_push) gay shit
DEBUG: (src/list.c :87 :List_push) gay shit
DEBUG: (src/list.c :87 :List_push) gay shit
DEBUG: (src/list.c :87 :List_push) gay shit
DEBUG: (src/list.c :87 :List_push) gay shit
DEBUG: (src/list.c :87 :List_push) gay shit
DEBUG: (src/list.c :87 :List_push) gay shit
DEBUG: (src/list.c :87 :List_push) gay shit
DEBUG: (src/list.c :87 :List_push) gay shit
DEBUG: (src/list.c :87 :List_push) gay shit
DEBUG: (src/list.c :87 :List_push) gay shit
DEBUG: (src/list.c :87 :List_push) gay shit
DEBUG: (src/list.c :87 :List_push) gay shit
DEBUG: (src/list.c :87 :List_push) gay shit
DEBUG: (src/list.c :87 :List_push) gay shit
DEBUG: (src/list.c :87 :List_push) gay shit
DEBUG: (src/list.c :87 :List_push) gay shit
DEBUG: (src/list.c :87 :List_push) gay shit
DEBUG: (src/list.c :87 :List_push) gay shit
DEBUG: (src/list.c :87 :List_push) gay shit
DEBUG: (src/list.c :87 :List_push) gay shit
DEBUG: (src/list.c :87 :List_push) gay shit
DEBUG: (src/list.c :87 :List_push) gay shit
DEBUG: (src/list.c :87 :List_push) gay shit
DEBUG: (src/list.c :87 :List_push) gay shit
DEBUG: (src/list.c :87 :List_push) gay shit
DEBUG: (src/list.c :87 :List_push) gay shit
DEBUG: (src/list.c :87 :List_push) gay shit
DEBUG: (src/list.c :87 :List_push) gay shit
DEBUG: (src/list.c :87 :List_push) gay shit
DEBUG: (src/list.c :87 :List_push) gay shit
DEBUG: (src/list.c :87 :List_push) gay shit
DEBUG: (src/list.c :87 :List_push) gay shit
DEBUG: (src/list.c :87 :List_push) gay shit
DEBUG: (src/list.c :87 :List_push) gay shit
DEBUG: (src/list.c :87 :List_push) gay shit
DEBUG: (src/list.c :87 :List_push) gay shit
DEBUG: (src/list.c :87 :List_push) gay shit
DEBUG: (src/list.c :87 :List_push) gay shit
DEBUG: (src/list.c :87 :List_push) gay shit
DEBUG: (src/list.c :87 :List_push) gay shit
DEBUG: (src/list.c :87 :List_push) gay shit
DEBUG: (src/list.c :87 :List_push) gay shit
DEBUG: (src/list.c :87 :List_push) gay shit
DEBUG: (src/list.c :87 :List_push) gay shit
DEBUG: (src/list.c :87 :List_push) gay shit
DEBUG: (src/list.c :87 :List_push) gay shit
DEBUG: (src/list.c :87 :List_push) gay shit
DEBUG: (src/list.c :87 :List_push) gay shit
DEBUG: (src/list.c :87 :List_push) gay shit
DEBUG: (src/list.c :87 :List_push) gay shit
DEBUG: (src/list.c :87 :List_push) gay shit
DEBUG: (src/list.c :87 :List_push) gay shit
DEBUG: (src/list.c :87 :List_push) gay shit
DEBUG: (src/list.c :87 :List_push) gay shit
DEBUG: (src/list.c :87 :List_push) gay shit
DEBUG: (src/list.c :87 :List_push) gay shit
DEBUG: (src/list.c :87 :List_push) gay shit
DEBUG: (src/list.c :87 :List_push) gay shit
DEBUG: (src/list.c :87 :List_push) gay shit
DEBUG: (src/list.c :87 :List_push) gay shit
DEBUG: (src/list.c :87 :List_push) gay shit
DEBUG: (src/list.c :87 :List_push) gay shit
DEBUG: (src/list.c :87 :List_push) gay shit
DEBUG: (src/list.c :87 :List_push) gay shit
DEBUG: (src/list.c :87 :List_push) gay shit
DEBUG: (src/list.c :87 :List_push) gay shit
DEBUG: (src/list.c :87 :List_push) gay shit
DEBUG: (src/list.c :87 :List_push) gay shit
DEBUG: (src/list.c :87 :List_push) gay shit
DEBUG: (src/list.c :87 :List_push) gay shit
DEBUG: (src/list.c :87 :List_push) gay shit
DEBUG: (src/list.c :87 :List_push) gay shit
DEBUG: (src/list.c :87 :List_push) gay shit
DEBUG: (src/list.c :87 :List_push) gay shit
DEBUG: (src/list.c :87 :List_push) gay shit
DEBUG: (src/list.c :87 :List_push) gay shit
DEBUG: (src/list.c :87 :List_push) gay shit
DEBUG: (src/list.c :87 :List_push) gay shit
DEBUG: (src/list.c :87 :List_push) gay shit
DEBUG: (src/list.c :87 :List_push) gay shit
DEBUG: (src/list.c :87 :List_push) gay shit
DEBUG: (src/list.c :87 :List_push) gay shit
DEBUG: (src/list.c :87 :List_push) gay shit
DEBUG: (src/list.c :87 :List_push) gay shit
DEBUG: (src/list.c :87 :List_push) gay shit
DEBUG: (src/list.c :87 :List_push) gay shit
DEBUG: (src/list.c :87 :List_push) gay shit
DEBUG: (src/list.c :87 :List_push) gay shit
DEBUG: (src/list.c :87 :List_push) gay shit
DEBUG: (src/list.c :87 :List_push) gay shit
DEBUG: (src/list.c :87 :List_push) gay shit
DEBUG: (src/list.c :87 :List_push) gay shit
DEBUG: (src/list.c :87 :List_push) gay shit
DEBUG: (src/list.c :87 :List_push) gay shit
DEBUG: (src/list.c :87 :List_push) gay shit
DEBUG: (src/list.c :87 :List_push) gay shit
DEBUG: (src/list.c :87 :List_push) gay shit
DEBUG: (src/list.c :87 :List_push) gay shit
DEBUG: (src/list.c :87 :List_push) gay shit
DEBUG: (src/list.c :87 :List_push) gay shit
DEBUG: (src/list.c :87 :List_push) gay shit
DEBUG: (src/list.c :87 :List_push) gay shit
DEBUG: (src/list.c :87 :List_push) gay shit
DEBUG: (src/list.c :87 :List_push) gay shit
DEBUG: (src/list.c :87 :List_push) gay shit
DEBUG: (src/list.c :87 :List_push) gay shit
DEBUG: (src/list.c :87 :List_push) gay shit
DEBUG: (src/list.c :87 :List_push) gay shit
DEBUG: (src/list.c :87 :List_push) gay shit
DEBUG: (src/list.c :87 :List_push) gay shit
DEBUG: (src/list.c :87 :List_push) gay shit
DEBUG: (src/list.c :87 :List_push) gay shit
DEBUG: (src/list.c :87 :List_push) gay shit
DEBUG: (src/list.c :87 :List_push) gay shit
DEBUG: (src/list.c :87 :List_push) gay shit
DEBUG: (src/list.c :87 :List_push) gay shit
DEBUG: (src/list.c :87 :List_push) gay shit
DEBUG: (src/list.c :87 :List_push) gay shit
DEBUG: (src/list.c :87 :List_push) gay shit
DEBUG: (src/list.c :87 :List_push) gay shit
DEBUG: (src/list.c :87 :List_push) gay shit
DEBUG: (src/list.c :87 :List_push) gay shit
DEBUG: (src/list.c :87 :List_push) gay shit
DEBUG: (src/list.c :87 :List_push) gay shit
DEBUG: (src/list.c :87 :List_push) gay shit
DEBUG: (src/list.c :87 :List_push) gay shit
DEBUG: (src/list.c :87 :List_push) gay shit
DEBUG: (src/list.c :87 :List_push) gay shit
DEBUG: (src/list.c :87 :List_push) gay shit
DEBUG: (src/list.c :87 :List_push) gay shit
DEBUG: (src/list.c :87 :List_push) gay shit
DEBUG: (src/list.c :87 :List_push) gay shit
DEBUG: (src/list.c :87 :List_push) gay shit
DEBUG: (src/list.c :87 :List_push) gay shit
DEBUG: (src/list.c :87 :List_push) gay shit
DEBUG: (src/list.c :87 :List_push) gay shit
DEBUG: (src/list.c :87 :List_push) gay shit
DEBUG: (src/list.c :87 :List_push) gay shit
DEBUG: (src/list.c :87 :List_push) gay shit
DEBUG: (src/list.c :87 :List_push) gay shit
DEBUG: (src/list.c :87 :List_push) gay shit
DEBUG: (src/list.c :87 :List_push) gay shit
DEBUG: (src/list.c :87 :List_push) gay shit
DEBUG: (src/list.c :87 :List_push) gay shit
DEBUG: (src/list.c :87 :List_push) gay shit
DEBUG: (src/list.c :87 :List_push) gay shit
DEBUG: (src/list.c :87 :List_push) gay shit
DEBUG: (src/list.c :87 :List_push) gay shit
DEBUG: (src/list.c :87 :List_push) gay shit
DEBUG: (src/list.c :87 :List_push) gay shit
DEBUG: (src/list.c :87 :List_push) gay shit
DEBUG: (src/list.c :87 :List_push) gay shit
DEBUG: (src/list.c :87 :List_push) gay shit
DEBUG: (src/list.c :87 :List_push) gay shit
DEBUG: (src/list.c :87 :List_push) gay shit
DEBUG: (src/list.c :87 :List_push) gay shit
DEBUG: (src/list.c :87 :List_push) gay shit
DEBUG: (src/list.c :87 :List_push) gay shit
DEBUG: (src/list.c :87 :List_push) gay shit
DEBUG: (src/list.c :87 :List_push) gay shit
DEBUG: (src/list.c :87 :List_push) gay shit
DEBUG: (src/list.c :87 :List_push) gay shit
DEBUG: (src/list.c :87 :List_push) gay shit
DEBUG: (src/list.c :87 :List_push) gay shit
DEBUG: (src/list.c :87 :List_push) gay shit
DEBUG: (src/list.c :87 :List_push) gay shit
DEBUG: (src/list.c :87 :List_push) gay shit
DEBUG: (src/list.c :87 :List_push) gay shit
DEBUG: (src/list.c :87 :List_push) gay shit
DEBUG: (src/list.c :87 :List_push) gay shit
DEBUG: (src/list.c :87 :List_push) gay shit
DEBUG: (src/list.c :87 :List_push) gay shit
DEBUG: (src/list.c :87 :List_push) gay shit
DEBUG: (src/list.c :87 :List_push) gay shit
DEBUG: (src/list.c :87 :List_push) gay shit
DEBUG: (src/list.c :87 :List_push) gay shit
DEBUG: (src/list.c :87 :List_push) gay shit
DEBUG: (src/list.c :87 :List_push) gay shit
DEBUG: (src/list.c :87 :List_push) gay shit
DEBUG: (src/list.c :87 :List_push) gay shit
DEBUG: (src/list.c :87 :List_push) gay shit
DEBUG: (src/list.c :87 :List_push) gay shit
DEBUG: (src/list.c :87 :List_push) gay shit
DEBUG: (src/list.c :87 :List_push) gay shit
DEBUG: (src/list.c :87 :List_push) gay shit
DEBUG: (src/list.c :87 :List_push) gay shit
DEBUG: (src/list.c :87 :List_push) gay shit
DEBUG: (src/list.c :87 :List_push) gay shit
DEBUG: (src/list.c :87 :List_push) gay shit
DEBUG: (src/list.c :87 :List_push) gay shit
DEBUG: (src/list.c :87 :List_push) gay shit
DEBUG: (src/list.c :87 :List_push) gay shit
DEBUG: (src/list.c :87 :List_push) gay shit
DEBUG: (src/list.c :87 :List_push) gay shit
DEBUG: (src/list.c :87 :List_push) gay shit
DEBUG: (src/list.c :87 :List_push) gay shit
DEBUG: (src/list.c :87 :List_push) gay shit
DEBUG: (src/list.c :87 :List_push) gay shit
DEBUG: (src/list.c :87 :List_push) gay shit
DEBUG: (src/list.c :87 :List_push) gay shit
DEBUG: (src/list.c :87 :List_push) gay shit
DEBUG: (src/list.c :87 :List_push) gay shit
DEBUG: (src/list.c :87 :List_push) gay shit
DEBUG: (src/list.c :87 :List_push) gay shit
DEBUG: (src/list.c :87 :List_push) gay shit
DEBUG: (src/list.c :87 :List_push) gay shit
DEBUG: (src/list.c :87 :List_push) gay shit
DEBUG: (src/list.c :87 :List_push) gay shit
DEBUG: (src/list.c :87 :List_push) gay shit
DEBUG: (src/list.c :87 :List_push) gay shit
DEBUG: (src/list.c :87 :List_push) gay shit
DEBUG: (src/list.c :87 :List_push) gay shit
DEBUG: (src/list.c :87 :List_push) gay shit
DEBUG: (src/list.c :87 :List_push) gay shit
DEBUG: (src/list.c :87 :List_push) gay shit
DEBUG: (src/list.c :87 :List_push) gay shit
DEBUG: (src/list.c :87 :List_push) gay shit
DEBUG: (src/list.c :87 :List_push) gay shit
DEBUG: (src/list.c :87 :List_push) gay shit
DEBUG: (src/list.c :87 :List_push) gay shit
DEBUG: (src/list.c :87 :List_push) gay shit
DEBUG: (src/list.c :87 :List_push) gay shit
DEBUG: (src/list.c :87 :List_push) gay shit
DEBUG: (src/list.c :87 :List_push) gay shit
DEBUG: (src/list.c :87 :List_push) gay shit
DEBUG: (src/list.c :87 :List_push) gay shit
DEBUG: (src/list.c :87 :List_push) gay shit
DEBUG: (src/list.c :87 :List_push) gay shit
DEBUG: (src/list.c :87 :List_push) gay shit
DEBUG: (src/list.c :87 :List_push) gay shit
DEBUG: (src/list.c :87 :List_push) gay shit
DEBUG: (src/list.c :87 :List_push) gay shit
DEBUG: (src/list.c :87 :List_push) gay shit
DEBUG: (src/list.c :87 :List_push) gay shit
DEBUG: (src/list.c :87 :List_push) gay shit
DEBUG: (src/list.c :87 :List_push) gay shit
DEBUG: (src/list.c :87 :List_push) gay shit
DEBUG: (src/list.c :87 :List_push) gay shit
DEBUG: (src/list.c :87 :List_push) gay shit
DEBUG: (src/list.c :87 :List_push) gay shit
DEBUG: (src/list.c :87 :List_push) gay shit
DEBUG: (src/list.c :87 :List_push) gay shit
DEBUG: (src/list.c :87 :List_push) gay shit
DEBUG: (src/list.c :87 :List_push) gay shit
DEBUG: (src/list.c :87 :List_push) gay shit
DEBUG: (src/list.c :87 :List_push) gay shit
DEBUG: (src/list.c :87 :List_push) gay shit
DEBUG: (src/list.c :87 :List_push) gay shit
DEBUG: (src/list.c :87 :List_push) gay shit
DEBUG: (src/list.c :87 :List_push) gay shit
DEBUG: (src/list.c :87 :List_push) gay shit
DEBUG: (src/list.c :87 :List_push) gay shit
DEBUG: (src/list.c :87 :List_push) gay shit
DEBUG: (src/list.c :87 :List_push) gay shit
DEBUG: (src/list.c :87 :List_push) gay shit
DEBUG: (src/list.c :87 :List_push) gay shit
DEBUG: (src/list.c :87 :List_push) gay shit
DEBUG: (src/list.c :87 :List_push) gay shit
DEBUG: (src/list.c :87 :List_push) gay shit
DEBUG: (src/list.c :87 :List_push) gay shit
DEBUG: (src/list.c :87 :List_push) gay shit
DEBUG: (src/list.c :87 :List_push) gay shit
DEBUG: (src/list.c :87 :List_push) gay shit
DEBUG: (src/list.c :87 :List_push) gay shit
DEBUG: (src/list.c :87 :List_push) gay shit
DEBUG: (src/list.c :87 :List_push) gay shit
DEBUG: (src/list.c :87 :List_push) gay shit
DEBUG: (src/list.c :87 :List_push) gay shit
DEBUG: (src/list.c :87 :List_push) gay shit
DEBUG: (src/list.c :87 :List_push) gay shit
DEBUG: (src/list.c :87 :List_push) gay shit
DEBUG: (src/list.c :87 :List_push) gay shit
DEBUG: (src/list.c :87 :List_push) gay shit
DEBUG: (src/list.c :87 :List_push) gay shit
DEBUG: (src/list.c :87 :List_push) gay shit
DEBUG: (src/list.c :87 :List_push) gay shit
DEBUG: (src/list.c :87 :List_push) gay shit
DEBUG: (src/list.c :87 :List_push) gay shit
DEBUG: (src/list.c :87 :List_push) gay shit
DEBUG: (src/list.c :87 :List_push) gay shit
DEBUG: (src/list.c :87 :List_push) gay shit
DEBUG: (src/list.c :87 :List_push) gay shit
DEBUG: (src/list.c :87 :List_push) gay shit
DEBUG: (src/list.c :87 :List_push) gay shit
DEBUG: (src/list.c :87 :List_push) gay shit
DEBUG: (src/list.c :87 :List_push) gay shit
DEBUG: (src/list.c :87 :List_push) gay shit
DEBUG: (src/list.c :87 :List_push) gay shit
DEBUG: (src/list.c :87 :List_push) gay shit
DEBUG: (src/list.c :87 :List_push) gay shit
DEBUG: (src/list.c :87 :List_push) gay shit
DEBUG: (src/list.c :87 :List_push) gay shit
DEBUG: (src/list.c :87 :List_push) gay shit
DEBUG: (src/list.c :87 :List_push) gay shit
DEBUG: (src/list.c :87 :List_push) gay shit
DEBUG: (src/list.c :87 :List_push) gay shit
DEBUG: (src/list.c :87 :List_push) gay shit
DEBUG: (src/list.c :87 :List_push) gay shit
DEBUG: (src/list.c :87 :List_push) gay shit
DEBUG: (src/list.c :87 :List_push) gay shit
DEBUG: (src/list.c :87 :List_push) gay shit
DEBUG: (src/list.c :87 :List_push) gay shit
DEBUG: (src/list.c :87 :List_push) gay shit
DEBUG: (src/list.c :87 :List_push) gay shit
DEBUG: (src/list.c :87 :List_push) gay shit
DEBUG: (src/list.c :87 :List_push) gay shit
DEBUG: (src/list.c :87 :List_push) gay shit
DEBUG: (src/list.c :87 :List_push) gay shit
DEBUG: (src/list.c :87 :List_push) gay shit
DEBUG: (src/list.c :87 :List_push) gay shit
DEBUG: (src/list.c :87 :List_push) gay shit
DEBUG: (src/list.c :87 :List_push) gay shit
DEBUG: (src/list.c :87 :List_push) gay shit
DEBUG: (src/list.c :87 :List_push) gay shit
DEBUG: (src/list.c :87 :List_push) gay shit
DEBUG: (src/list.c :87 :List_push) gay shit
DEBUG: (src/list.c :87 :List_push) gay shit
DEBUG: (src/list.c :87 :List_push) gay shit
DEBUG: (src/list.c :87 :List_push) gay shit
DEBUG: (src/list.c :87 :List_push) gay shit
DEBUG: (src/list.c :87 :List_push) gay shit
DEBUG: (src/list.c :87 :List_push) gay shit
DEBUG: (src/list.c :87 :List_push) gay shit
DEBUG: (src/list.c :87 :List_push) gay shit
DEBUG: (src/list.c :87 :List_push) gay shit
DEBUG: (src/list.c :87 :List_push) gay shit
DEBUG: (src/list.c :87 :List_push) gay shit
DEBUG: (src/list.c :87 :List_push) gay shit
DEBUG: (src/list.c :87 :List_push) gay shit
DEBUG: (src/list.c :87 :List_push) gay shit
DEBUG: (src/list.c :87 :List_push) gay shit
DEBUG: (src/list.c :87 :List_push) gay shit
DEBUG: (src/list.c :87 :List_push) gay shit
DEBUG: (src/list.c :87 :List_push) gay shit
DEBUG: (src/list.c :87 :List_push) gay shit
DEBUG: (src/list.c :87 :List_push) gay shit
DEBUG: (src/list.c :87 :List_push) gay shit
DEBUG: (src/list.c :87 :List_push) gay shit
DEBUG: (src/list.c :87 :List_push) gay shit
DEBUG: (src/list.c :87 :List_push) gay shit
DEBUG: (src/list.c :87 :List_push) gay shit
DEBUG: (src/list.c :87 :List_push) gay shit
DEBUG: (src/list.c :87 :List_push) gay shit
DEBUG: (src/list.c :87 :List_push) gay shit
DEBUG: (src/list.c :87 :List_push) gay shit
DEBUG: (src/list.c :87 :List_push) gay shit
DEBUG: (src/list.c :87 :List_push) gay shit
DEBUG: (src/list.c :87 :List_push) gay shit
DEBUG: (src/list.c :87 :List_push) gay shit
DEBUG: (src/list.c :87 :List_push) gay shit
DEBUG: (src/list.c :87 :List_push) gay shit
DEBUG: (src/list.c :87 :List_push) gay shit
DEBUG: (src/list.c :87 :List_push) gay shit
DEBUG: (src/list.c :87 :List_push) gay shit
DEBUG: (src/list.c :87 :List_push) gay shit
DEBUG: (src/list.c :87 :List_push) gay shit
DEBUG: (src/list.c :87 :List_push) gay shit
DEBUG: (src/list.c :87 :List_push) gay shit
DEBUG: (src/list.c :87 :List_push) gay shit
DEBUG: (src/list.c :87 :List_push) gay shit
DEBUG: (src/list.c :87 :List_push) gay shit
DEBUG: (src/list.c :87 :List_push) gay shit
DEBUG: (src/list.c :87 :List_push) gay shit
DEBUG: (src/list.c :87 :List_push) gay shit
DEBUG: (src/list.c :87 :List_push) gay shit
DEBUG: (src/list.c :87 :List_push) gay shit
DEBUG: (src/list.c :87 :List_push) gay shit
DEBUG: (src/list.c :87 :List_push) gay shit
DEBUG: (src/list.c :87 :List_push) gay shit
DEBUG: (src/list.c :87 :List_push) gay shit
DEBUG: (src/list.c :87 :List_push) gay shit
DEBUG: (src/list.c :87 :List_push) gay shit
DEBUG: (src/list.c :87 :List_push) gay shit
DEBUG: (src/list.c :87 :List_push) gay shit
DEBUG: (src/list.c :87 :List_push) gay shit
DEBUG: (src/list.c :87 :List_push) gay shit
DEBUG: (src/list.c :87 :List_push) gay shit
DEBUG: (src/list.c :87 :List_push) gay shit
DEBUG: (src/list.c :87 :List_push) gay shit
DEBUG: (src/list.c :87 :List_push) gay shit
DEBUG: (src/list.c :87 :List_push) gay shit
DEBUG: (src/list.c :87 :List_push) gay shit
DEBUG: (src/list.c :87 :List_push) gay shit
DEBUG: (src/list.c :87 :List_push) gay shit
DEBUG: (src/list.c :87 :List_push) gay shit
DEBUG: (src/list.c :87 :List_push) gay shit
DEBUG: (src/list.c :87 :List_push) gay shit
DEBUG: (src/list.c :87 :List_push) gay shit
DEBUG: (src/list.c :87 :List_push) gay shit
DEBUG: (src/list.c :87 :List_push) gay shit
DEBUG: (src/list.c :87 :List_push) gay shit
DEBUG: (src/list.c :87 :List_push) gay shit
DEBUG: (src/list.c :87 :List_push) gay shit
DEBUG: (src/list.c :87 :List_push) gay shit
DEBUG: (src/list.c :87 :List_push) gay shit
DEBUG: (src/list.c :87 :List_push) gay shit
DEBUG: (src/list.c :87 :List_push) gay shit
DEBUG: (src/list.c :87 :List_push) gay shit
DEBUG: (src/list.c :87 :List_push) gay shit
DEBUG: (src/list.c :87 :List_push) gay shit
DEBUG: (src/list.c :87 :List_push) gay shit
DEBUG: (src/list.c :87 :List_push) gay shit
DEBUG: (src/list.c :87 :List_push) gay shit
DEBUG: (src/list.c :87 :List_push) gay shit
DEBUG: (src/list.c :87 :List_push) gay shit
DEBUG: (src/list.c :87 :List_push) gay shit
DEBUG: (src/list.c :87 :List_push) gay shit
DEBUG: (src/list.c :87 :List_push) gay shit
DEBUG: (src/list.c :87 :List_push) gay shit
DEBUG: (src/list.c :87 :List_push) gay shit
DEBUG: (src/list.c :87 :List_push) gay shit
DEBUG: (src/list.c :87 :List_push) gay shit
DEBUG: (src/list.c :87 :List_push) gay shit
DEBUG: (src/list.c :87 :List_push) gay shit
DEBUG: (src/list.c :87 :List_push) gay shit
DEBUG: (src/list.c :87 :List_push) gay shit
DEBUG: (src/list.c :87 :List_push) gay shit
DEBUG: (src/list.c :87 :List_push) gay shit
DEBUG: (src/list.c :87 :List_push) gay shit
DEBUG: (src/list.c :87 :List_push) gay shit
DEBUG: (src/list.c :87 :List_push) gay shit
DEBUG: (src/list.c :87 :List_push) gay shit
DEBUG: (src/list.c :87 :List_push) gay shit
DEBUG: (src/list.c :87 :List_push) gay shit
DEBUG: (src/list.c :87 :List_push) gay shit
DEBUG: (src/list.c :87 :List_push) gay shit
DEBUG: (src/list.c :87 :List_push) gay shit
DEBUG: (src/list.c :87 :List_push) gay shit
DEBUG: (src/list.c :87 :List_push) gay shit
DEBUG: (src/list.c :87 :List_push) gay shit
DEBUG: (src/list.c :87 :List_push) gay shit
DEBUG: (src/list.c :87 :List_push) gay shit
DEBUG: (src/list.c :87 :List_push) gay shit
DEBUG: (src/list.c :87 :List_push) gay shit
DEBUG: (src/list.c :87 :List_push) gay shit
DEBUG: (src/list.c :87 :List_push) gay shit
DEBUG: (src/list.c :87 :List_push) gay shit
DEBUG: (src/list.c :87 :List_push) gay shit
DEBUG: (src/list.c :87 :List_push) gay shit
DEBUG: (src/list.c :87 :List_push) gay shit
DEBUG: (src/list.c :87 :List_push) gay shit
DEBUG: (src/list.c :87 :List_push) gay shit
DEBUG: (src/list.c :87 :List_push) gay shit
DEBUG: (src/list.c :87 :List_push) gay shit
DEBUG: (src/list.c :87 :List_push) gay shit
DEBUG: (src/list.c :87 :List_push) gay shit
DEBUG: (src/list.c :87 :List_push) gay shit
DEBUG: (src/list.c :87 :List_push) gay shit
DEBUG: (src/list.c :87 :List_push) gay shit
DEBUG: (src/list.c :87 :List_push) gay shit
DEBUG: (src/list.c :87 :List_push) gay shit
DEBUG: (src/list.c :87 :List_push) gay shit
DEBUG: (src/list.c :87 :List_push) gay shit
DEBUG: (src/list.c :87 :List_push) gay shit
DEBUG: (src/list.c :87 :List_push) gay shit
DEBUG: (src/list.c :87 :List_push) gay shit
DEBUG: (src/list.c :87 :List_push) gay shit
DEBUG: (src/list.c :87 :List_push) gay shit
DEBUG: (src/list.c :87 :List_push) gay shit
DEBUG: (src/list.c :87 :List_push) gay shit
DEBUG: (src/list.c :87 :List_push) gay shit
DEBUG: (src/list.c :87 :List_push) gay shit
DEBUG: (src/list.c :87 :List_push) gay shit
DEBUG: (src/list.c :87 :List_push) gay shit
DEBUG: (src/list.c :87 :List_push) gay shit
DEBUG: (src/list.c :87 :List_push) gay shit
DEBUG: (src/list.c :87 :List_push) gay shit
DEBUG: (src/list.c :87 :List_push) gay shit
DEBUG: (src/list.c :87 :List_push) gay shit
DEBUG: (src/list.c :87 :List_push) gay shit
DEBUG: (src/list.c :87 :List_push) gay shit
DEBUG: (src/list.c :87 :List_push) gay shit
DEBUG: (src/list.c :87 :List_push) gay shit
DEBUG: (src/list.c :87 :List_push) gay shit
DEBUG: (src/list.c :87 :List_push) gay shit
DEBUG: (src/list.c :87 :List_push) gay shit
DEBUG: (src/list.c :87 :List_push) gay shit
DEBUG: (src/list.c :87 :List_push) gay shit
DEBUG: (src/list.c :87 :List_push) gay shit
DEBUG: (src/list.c :87 :List_push) gay shit
DEBUG: (src/list.c :87 :List_push) gay shit
DEBUG: (src/list.c :87 :List_push) gay shit
DEBUG: (src/list.c :87 :List_push) gay shit
DEBUG: (src/list.c :87 :List_push) gay shit
DEBUG: (src/list.c :87 :List_push) gay shit
DEBUG: (src/list.c :87 :List_push) gay shit
DEBUG: (src/list.c :87 :List_push) gay shit
DEBUG: (src/list.c :87 :List_push) gay shit
DEBUG: (src/list.c :87 :List_push) gay shit
DEBUG: (src/list.c :87 :List_push) gay shit
DEBUG: (src/list.c :87 :List_push) gay shit
DEBUG: (src/list.c :87 :List_push) gay shit
DEBUG: (src/list.c :87 :List_push) gay shit
DEBUG: (src/list.c :87 :List_push) gay shit
DEBUG: (src/list.c :87 :List_push) gay shit
DEBUG: (src/list.c :87 :List_push) gay shit
DEBUG: (src/list.c :87 :List_push) gay shit
DEBUG: (src/list.c :87 :List_push) gay shit
DEBUG: (src/list.c :87 :List_push) gay shit
DEBUG: (src/list.c :87 :List_push) gay shit
DEBUG: (src/list.c :87 :List_push) gay shit
DEBUG: (src/list.c :87 :List_push) gay shit
DEBUG: (src/list.c :87 :List_push) gay shit
DEBUG: (src/list.c :87 :List_push) gay shit
DEBUG: (src/list.c :87 :List_push) gay shit
DEBUG: (src/list.c :87 :List_push) gay shit
DEBUG: (src/list.c :87 :List_push) gay shit
DEBUG: (src/list.c :87 :List_push) gay shit
DEBUG: (src/list.c :87 :List_push) gay shit
DEBUG: (src/list.c :87 :List_push) gay shit
DEBUG: (src/list.c :87 :List_push) gay shit
DEBUG: (src/list.c :87 :List_push) gay shit
DEBUG: (src/list.c :87 :List_push) gay shit
DEBUG: (src/list.c :87 :List_push) gay shit
DEBUG: (src/list.c :87 :List_push) gay shit
DEBUG: (src/list.c :87 :List_push) gay shit
DEBUG: (src/list.c :87 :List_push) gay shit
DEBUG: (src/list.c :87 :List_push) gay shit
DEBUG: (src/list.c :87 :List_push) gay shit
DEBUG: (src/list.c :87 :List_push) gay shit
DEBUG: (src/list.c :87 :List_push) gay shit
DEBUG: (src/list.c :87 :List_push) gay shit
DEBUG: (src/list.c :87 :List_push) gay shit
DEBUG: (src/list.c :87 :List_push) gay shit
DEBUG: (src/list.c :87 :List_push) gay shit
DEBUG: (src/list.c :87 :List_push) gay shit
DEBUG: (src/list.c :87 :List_push) gay shit
DEBUG: (src/list.c :87 :List_push) gay shit
DEBUG: (src/list.c :87 :List_push) gay shit
DEBUG: (src/list.c :87 :List_push) gay shit
DEBUG: (src/list.c :87 :List_push) gay shit
DEBUG: (src/list.c :87 :List_push) gay shit
DEBUG: (src/list.c :87 :List_push) gay shit
DEBUG: (src/list.c :87 :List_push) gay shit
DEBUG: (src/list.c :87 :List_push) gay shit
DEBUG: (src/list.c :87 :List_push) gay shit
DEBUG: (src/list.c :87 :List_push) gay shit
DEBUG: (src/list.c :87 :List_push) gay shit
DEBUG: (src/list.c :87 :List_push) gay shit
DEBUG: (src/list.c :87 :List_push) gay shit
DEBUG: (src/list.c :87 :List_push) gay shit
DEBUG: (src/list.c :87 :List_push) gay shit
DEBUG: (src/list.c :87 :List_push) gay shit
DEBUG: (src/list.c :87 :List_push) gay shit
DEBUG: (src/list.c :87 :List_push) gay shit
DEBUG: (src/list.c :87 :List_push) gay shit
DEBUG: (src/list.c :87 :List_push) gay shit
DEBUG: (src/list.c :87 :List_push) gay shit
DEBUG: (src/list.c :87 :List_push) gay shit
DEBUG: (src/list.c :87 :List_push) gay shit
DEBUG: (src/list.c :87 :List_push) gay shit
DEBUG: (src/list.c :87 :List_push) gay shit
DEBUG: (src/list.c :87 :List_push) gay shit
DEBUG: (src/list.c :87 :List_push) gay shit
DEBUG: (src/list.c :87 :List_push) gay shit
DEBUG: (src/list.c :87 :List_push) gay shit
DEBUG: (src/list.c :87 :List_push) gay shit
DEBUG: (src/list.c :87 :List_push) gay shit
DEBUG: (src/list.c :87 :List_push) gay shit
DEBUG: (src/list.c :87 :List_push) gay shit
DEBUG: (src/list.c :87 :List_push) gay shit
DEBUG: (src/list.c :87 :List_push) gay shit
DEBUG: (src/list.c :87 :List_push) gay shit
DEBUG: (src/list.c :87 :List_push) gay shit
DEBUG: (src/list.c :87 :List_push) gay shit
DEBUG: (src/list.c :87 :List_push) gay shit
DEBUG: (src/list.c :87 :List_push) gay shit
DEBUG: (src/list.c :87 :List_push) gay shit
DEBUG: (src/list.c :87 :List_push) gay shit
DEBUG: (src/list.c :87 :List_push) gay shit
DEBUG: (src/list.c :87 :List_push) gay shit
DEBUG: (src/list.c :87 :List_push) gay shit
DEBUG: (src/list.c :87 :List_push) gay shit
DEBUG: (src/list.c :87 :List_push) gay shit
DEBUG: (src/list.c :87 :List_push) gay shit
DEBUG: (src/list.c :87 :List_push) gay shit
DEBUG: (src/list.c :87 :List_push) gay shit
DEBUG: (src/list.c :87 :List_push) gay shit
DEBUG: (src/list.c :87 :List_push) gay shit
DEBUG: (src/list.c :87 :List_push) gay shit
DEBUG: (src/list.c :87 :List_push) gay shit
DEBUG: (src/list.c :87 :List_push) gay shit
DEBUG: (test/list_algos_tests.c :73 :test_speed) time1: 56272 vs time2: 45462
DEBUG: (test/list_algos_tests.c :91 :all_tests) 
------test_insert
DEBUG: (src/list.c :87 :List_push) gay shit
DEBUG: (src/list.c :87 :List_push) gay shit
DEBUG: (test/list_tests.c :79 :main) -----RUNNING :././test/list_tests
DEBUG: (test/list_tests.c :71 :all_tests) 
------test_create
DEBUG: (test/list_tests.c :72 :all_tests) 
------test_destroy
DEBUG: (test/list_tests.c :73 :all_tests) 
------test_push_pop
DEBUG: (src/list.c :87 :List_push) gay shit
DEBUG: (src/list.c :87 :List_push) gay shit
DEBUG: (src/list.c :87 :List_push) gay shit
DEBUG: (test/list_tests.c :74 :all_tests) 
------test_unshift
DEBUG: (test/list_tests.c :75 :all_tests) 
------test_remove
DEBUG: (test/list_tests.c :47 :test_remove) good af
DEBUG: (test/list_tests.c :50 :test_remove) true_test_remove
DEBUG: (test/list_tests.c :76 :all_tests) 
------test_shift
DEBUG: (test/list_tests.c :59 :test_shift) true test_shift
DEBUG: (test/proc_request_tests.c :66 :main) -----RUNNING :././test/proc_request_tests
DEBUG: (test/proc_request_tests.c :60 :all_test) 
------test_create
DEBUG: (src/proc_request.c :112 :process_request) a/b/c address: (nil)
DEBUG: (src/proc_request.c :118 :process_request) command is create a/b/c
DEBUG: (src/proc_request.c :121 :process_request) data is : create and name is a/b/c
DEBUG: (src/proc_request.c :34 :create_request) 0x5555bd47e780
DEBUG: (src/tstree.c :46 :TSTree_delim_insert_base) node->stat is :0x5555bd47e8b0
DEBUG: (src/list.c :87 :List_push) gay shit
DEBUG: (src/tstree.c :46 :TSTree_delim_insert_base) node->stat is :0x5555bd47e980
DEBUG: (src/list.c :87 :List_push) gay shit
DEBUG: (src/proc_request.c :112 :process_request) a/b/c address: 0x5555bd47e9d0
DEBUG: (src/proc_request.c :118 :process_request) command is create a/b/d
DEBUG: (src/proc_request.c :121 :process_request) data is : create and name is a/b/d
DEBUG: (src/proc_request.c :34 :create_request) 0x5555bd47eb10
DEBUG: (src/list.c :87 :List_push) gay shit
DEBUG: (src/list.c :87 :List_push) gay shit
DEBUG: (test/proc_request_tests.c :16 :test_create) root is 0x5555bd47e830
DEBUG: (test/proc_request_tests.c :61 :all_test) 
------test_update
DEBUG: (src/proc_request.c :112 :process_request) a/b/c address: 0x5555bd47e9d0
DEBUG: (src/proc_request.c :118 :process_request) command is update a/b/c 1 2 3 4
DEBUG: (src/proc_request.c :121 :process_request) data is : update and name is a/b/c
DEBUG: (src/list.c :87 :List_push) gay shit
DEBUG: (src/list.c :87 :List_push) gay shit
DEBUG: (src/tstree.c :155 :TSTree_delim_search) node be4 push: 0x5555bd47e7b0
DEBUG: (src/list.c :87 :List_push) gay shit
DEBUG: (src/tstree.c :159 :TSTree_delim_search) node after push: 0x5555bd47e7b0
DEBUG: (src/proc_request.c :58 :update_request) length of list is 3
DEBUG: (src/tstree.c :270 :update_tracer) oh ok man
DEBUG: (src/tstree.c :270 :update_tracer) oh ok man
DEBUG: (src/tstree.c :288 :update_tracer) oh ok again
DEBUG: (src/tstree.c :288 :update_tracer) oh ok again
DEBUG: (src/tstree.c :293 :update_tracer) stat is 10.000000
DEBUG: (src/proc_request.c :69 :update_request) a/b/: 2.500000
DEBUG: (test/proc_request_tests.c :22 :test_update) a/b/c: 4 and 10.000000
DEBUG: (src/proc_request.c :112 :process_request) a/b/c address: 0x5555bd47e9d0
DEBUG: (src/proc_request.c :118 :process_request) command is update clgt 1 2 3 4
DEBUG: (src/proc_request.c :121 :process_request) data is : update and name is clgt
DEBUG: (src/proc_request.c :58 :update_request) length of list is 0
DEBUG: (src/proc_request.c :112 :process_request) a/b/c address: 0x5555bd47e9d0
DEBUG: (src/proc_request.c :118 :process_request) command is update a/b/d 1 3 5
DEBUG: (src/proc_request.c :121 :process_request) data is : update and name is a/b/d
DEBUG: (src/list.c :87 :List_push) gay shit
DEBUG: (src/list.c :87 :List_push) gay shit
DEBUG: (src/tstree.c :155 :TSTree_delim_search) node be4 push: 0x5555bd47eb40
DEBUG: (src/list.c :87 :List_push) gay shit
DEBUG: (src/tstree.c :159 :TSTree_delim_search) node after push: 0x5555bd47eb40
DEBUG: (src/proc_request.c :58 :update_request) length of list is 3
DEBUG: (src/tstree.c :270 :update_tracer) oh ok man
DEBUG: (src/tstree.c :270 :update_tracer) oh ok man
DEBUG: (src/tstree.c :288 :update_tracer) oh ok again
DEBUG: (src/tstree.c :288 :update_tracer) oh ok again
DEBUG: (src/tstree.c :293 :update_tracer) stat is 9.000000
DEBUG: (src/proc_request.c :69 :update_request) a/b/: 5.500000
DEBUG: (test/proc_request_tests.c :27 :test_update) a/b/: 2 and 5.500000
DEBUG: (test/proc_request_tests.c :62 :all_test) 
------test_read
DEBUG: (src/proc_request.c :112 :process_request) a/b/c address: 0x5555bd47e9d0
DEBUG: (src/proc_request.c :118 :process_request) command is read a/b/c
DEBUG: (src/proc_request.c :121 :process_request) data is : read and name is a/b/c
DEBUG: (src/proc_request.c :127 :process_request) still ok?
DEBUG: (src/proc_request.c :42 :read_request) still ok here?
DEBUG: (src/proc_request.c :44 :read_request) after this?
DEBUG: (src/proc_request.c :48 :read_request) this? : 0x5555bd47e7b0, 0x5555bd47e780
DEBUG: (src/proc_request.c :112 :process_request) a/b/c address: 0x5555bd47e9d0
DEBUG: (src/proc_request.c :118 :process_request) command is read a/b/q
DEBUG: (src/proc_request.c :121 :process_request) data is : read and name is a/b/q
DEBUG: (src/proc_request.c :127 :process_request) still ok?
DEBUG: (src/proc_request.c :42 :read_request) still ok here?
DEBUG: (src/proc_request.c :44 :read_request) after this?
ERROR: (src/proc_request.c : 45 :read_request :errno None ) error: statistic doesn't exist
DEBUG: (test/proc_request_tests.c :37 :test_read) root is 0x5555bd47e830
DEBUG: (test/proc_request_tests.c :63 :all_test) 
------test_delete
DEBUG: (src/proc_request.c :112 :process_request) a/b/c address: 0x5555bd47e9d0
DEBUG: (src/proc_request.c :118 :process_request) command is delete a/b/f
DEBUG: (src/proc_request.c :121 :process_request) data is : delete and name is a/b/f
DEBUG: (src/list.c :87 :List_push) gay shit
DEBUG: (src/list.c :87 :List_push) gay shit
DEBUG: (test/proc_request_tests.c :43 :test_delete) root is 0x5555bd47e830
DEBUG: (src/proc_request.c :112 :process_request) a/b/c address: 0x5555bd47e9d0
DEBUG: (src/proc_request.c :118 :process_request) command is delete a/b/d
DEBUG: (src/proc_request.c :121 :process_request) data is : delete and name is a/b/d
DEBUG: (src/list.c :87 :List_push) gay shit
DEBUG: (src/list.c :87 :List_push) gay shit
DEBUG: (src/list.c :87 :List_push) gay shit
DEBUG: (src/tstree.c :270 :update_tracer) oh ok man
DEBUG: (src/tstree.c :270 :update_tracer) oh ok man
DEBUG: (src/tstree.c :288 :update_tracer) oh ok again
DEBUG: (src/tstree.c :288 :update_tracer) oh ok again
DEBUG: (src/tstree.c :293 :update_tracer) stat is 0.000000
DEBUG: (src/proc_request.c :112 :process_request) a/b/c address: 0x5555bd47e9d0
DEBUG: (src/proc_request.c :118 :process_request) command is read a/b/d
DEBUG: (src/proc_request.c :121 :process_request) data is : read and name is a/b/d
DEBUG: (src/proc_request.c :127 :process_request) still ok?
DEBUG: (src/proc_request.c :42 :read_request) still ok here?
DEBUG: (src/proc_request.c :44 :read_request) after this?
ERROR: (src/proc_request.c : 45 :read_request :errno None ) error: statistic doesn't exist
DEBUG: (test/proc_request_tests.c :47 :test_delete) 2.500000
DEBUG: (src/proc_request.c :112 :process_request) a/b/c address: 0x5555bd47e9d0
DEBUG: (src/proc_request.c :118 :process_request) command is delete a/b/
DEBUG: (src/proc_request.c :121 :process_request) data is : delete and name is a/b/
DEBUG: (src/list.c :87 :List_push) gay shit
DEBUG: (src/list.c :87 :List_push) gay shit
DEBUG: (src/tstree.c :270 :update_tracer) oh ok man
DEBUG: (src/tstree.c :288 :update_tracer) oh ok again
DEBUG: (src/tstree.c :293 :update_tracer) stat is 0.000000
DEBUG: (src/proc_request.c :112 :process_request) a/b/c address: (nil)
DEBUG: (src/proc_request.c :118 :process_request) command is read a/b/c
DEBUG: (src/proc_request.c :121 :process_request) data is : read and name is a/b/c
DEBUG: (src/proc_request.c :127 :process_request) still ok?
DEBUG: (src/proc_request.c :42 :read_request) still ok here?
DEBUG: (src/proc_request.c :44 :read_request) after this?
ERROR: (src/proc_request.c : 45 :read_request :errno None ) error: statistic doesn't exist
DEBUG: (test/queue_tests.c :41 :main) -----RUNNING :././test/queue_tests
DEBUG: (test/queue_tests.c :36 :all_tests) 
------test_create
DEBUG: (test/queue_tests.c :37 :all_tests) 
------test_send_recv
DEBUG: (src/list.c :87 :List_push) gay shit
DEBUG: (src/list.c :87 :List_push) gay shit
DEBUG: (src/list.c :87 :List_push) gay shit
DEBUG: (test/queue_tests.c :25 :test_send_recv) VAL: test1 data
DEBUG: (test/queue_tests.c :25 :test_send_recv) VAL: test2 data
DEBUG: (test/queue_tests.c :25 :test_send_recv) VAL: test3 data
DEBUG: (test/queue_tests.c :38 :all_tests) 
------test_destroy
DEBUG: (test/radixmap_tests.c :75 :main) -----RUNNING :././test/radixmap_tests
DEBUG: (test/radixmap_tests.c :72 :all_tests) 
------test_operations
DEBUG: (test/radixmap_tests.c :46 :test_operations) nothing goes wrong
DEBUG: (test/radixmap_tests.c :52 :test_operations) 9 ccc
DEBUG: (test/ringbuffer_tests.c :129 :main) -----RUNNING :././test/ringbuffer_tests
DEBUG: (test/ringbuffer_tests.c :117 :all_tests) 
------test_create
DEBUG: (test/ringbuffer_tests.c :118 :all_tests) 
------test_read_write
DEBUG: (test/ringbuffer_tests.c :20 :test_read_write) start end 0 0
DEBUG: (test/ringbuffer_tests.c :22 :test_read_write) start1 end 0 0
DEBUG: (test/ringbuffer_tests.c :26 :test_read_write) start2 end 5 0
DEBUG: (test/ringbuffer_tests.c :30 :test_read_write) start3 end 8 0
DEBUG: (test/ringbuffer_tests.c :35 :test_read_write) 89014
DEBUG: (test/ringbuffer_tests.c :119 :all_tests) 
------test_get_all
DEBUG: (test/ringbuffer_tests.c :120 :all_tests) 
------test_destroy
DEBUG: (test/ringbuffer_tests.c :121 :all_tests) 
------test_create1
DEBUG: (test/ringbuffer_tests.c :122 :all_tests) 
------test_read_write1
DEBUG: (test/ringbuffer_tests.c :51 :test_read_write1) start end 0 0
DEBUG: (test/ringbuffer_tests.c :53 :test_read_write1) start1 end 0 10
DEBUG: (test/ringbuffer_tests.c :57 :test_read_write1) start2 end 5 10
DEBUG: (test/ringbuffer_tests.c :61 :test_read_write1) start3 end 8 10
DEBUG: (test/ringbuffer_tests.c :66 :test_read_write1) 89014
DEBUG: (test/ringbuffer_tests.c :123 :all_tests) 
------test_destroy1
DEBUG: (test/stack_tests.c :41 :main) -----RUNNING :././test/stack_tests
DEBUG: (test/stack_tests.c :36 :all_tests) 
------test_create
DEBUG: (test/stack_tests.c :37 :all_tests) 
------test_push_pop
DEBUG: (src/list.c :87 :List_push) gay shit
DEBUG: (src/list.c :87 :List_push) gay shit
DEBUG: (src/list.c :87 :List_push) gay shit
DEBUG: (test/stack_tests.c :25 :test_push_pop) VAL: test1 data
DEBUG: (test/stack_tests.c :25 :test_push_pop) VAL: test2 data
DEBUG: (test/stack_tests.c :25 :test_push_pop) VAL: test3 data
DEBUG: (test/stack_tests.c :38 :all_tests) 
------test_destroy
DEBUG: (test/stats_tests.c :49 :main) -----RUNNING :././test/stats_tests
DEBUG: (test/stats_tests.c :45 :all_tests) 
------test_operations
sum : 55.846019, sumsq 425.164097, n: 10,min:0.333348, max: 9.678320,mean: 5.584602, stddev: 3.547868 
DEBUG: (test/stats_tests.c :46 :all_tests) 
------test_recreate
DEBUG: (test/suffix_tree_tests.c :16 :main) -----RUNNING :././test/suffix_tree_tests
DEBUG: (test/suffix_tree_tests.c :13 :all_test) 
------create_tree_test
WARN (src/suffix_tree.c: 9: Suffix_create_node : errno None)Creating root node, if you see this line twice, then there are 2 roots in your tree
DEBUG: (src/suffix_tree.c :44 :Suffix_tree_build) 
end: a
DEBUG: (src/suffix_tree.c :55 :Suffix_tree_build)  creating new edge node: 0x55c12e5ec670 
 prev_node 0x55c12e5ec670:
 active_node : 0x55c12e5ec670 active_edge:   active_len: 0 
 remain: 0 
DEBUG: (src/suffix_tree.c :44 :Suffix_tree_build) 
end: b
DEBUG: (src/suffix_tree.c :55 :Suffix_tree_build)  creating new edge node: 0x55c12e5ec670 
 prev_node 0x55c12e5ec670:
 active_node : 0x55c12e5ec670 active_edge:   active_len: 0 
 remain: 0 
DEBUG: (src/suffix_tree.c :44 :Suffix_tree_build) 
end: c
DEBUG: (src/suffix_tree.c :55 :Suffix_tree_build)  creating new edge node: 0x55c12e5ec670 
 prev_node 0x55c12e5ec670:
 active_node : 0x55c12e5ec670 active_edge:   active_len: 0 
 remain: 0 
DEBUG: (src/suffix_tree.c :44 :Suffix_tree_build) 
end: a
DEBUG: (src/suffix_tree.c :59 :Suffix_tree_build) already exist edge node: 0x55c12e5ec670 
 prev_node (nil):
 active_node : 0x55c12e5ec670 active_edge: a active_len: 1 
 remain: 1 
DEBUG: (src/suffix_tree.c :44 :Suffix_tree_build) 
end: b
DEBUG: (src/suffix_tree.c :71 :Suffix_tree_build) already exist suffix,node: 0x55c12e5ec670 
 prev_node (nil):
 active_node : 0x55c12e5ec670 active_edge: a active_len: 2 
 remain: 2 
DEBUG: (src/suffix_tree.c :44 :Suffix_tree_build) 
end: x
DEBUG: (src/suffix_tree.c :87 :Suffix_tree_build) splitting existing edge, node: 0x55c12e5ec7b0 
 prev_node 0x55c12e5ec7b0:
 active_node : 0x55c12e5ec670 active_edge: b active_len: 1 
 remain: 2 
DEBUG: (src/suffix_tree.c :87 :Suffix_tree_build) splitting existing edge, node: 0x55c12e5ec8f0 
 prev_node 0x55c12e5ec8f0:
 active_node : 0x55c12e5ec670 active_edge: x active_len: 0 
 remain: 1 
DEBUG: (src/suffix_tree.c :55 :Suffix_tree_build)  creating new edge node: 0x55c12e5ec8f0 
 prev_node 0x55c12e5ec670:
 active_node : 0x55c12e5ec670 active_edge: x active_len: 0 
 remain: 0 
DEBUG: (src/suffix_tree.c :44 :Suffix_tree_build) 
end: a
DEBUG: (src/suffix_tree.c :59 :Suffix_tree_build) already exist edge node: 0x55c12e5ec8f0 
 prev_node (nil):
 active_node : 0x55c12e5ec670 active_edge: a active_len: 1 
 remain: 1 
DEBUG: (src/suffix_tree.c :44 :Suffix_tree_build) 
end: b
DEBUG: (src/suffix_tree.c :71 :Suffix_tree_build) already exist suffix,node: 0x55c12e5ec8f0 
 prev_node (nil):
 active_node : 0x55c12e5ec670 active_edge: a active_len: 2 
 remain: 2 
DEBUG: (src/suffix_tree.c :44 :Suffix_tree_build) 
end: c
DEBUG: (src/suffix_tree.c :68 :Suffix_tree_build)  active_node : 0x55c12e5ec7b0 active_edge: c active_len: 0 
DEBUG: (src/suffix_tree.c :71 :Suffix_tree_build) already exist suffix,node: 0x55c12e5ec8f0 
 prev_node (nil):
 active_node : 0x55c12e5ec7b0 active_edge: c active_len: 1 
 remain: 3 
DEBUG: (src/suffix_tree.c :44 :Suffix_tree_build) 
end: d
DEBUG: (src/suffix_tree.c :84 :Suffix_tree_build) ap.node 0x55c12e5ec7b0
DEBUG: (src/suffix_tree.c :87 :Suffix_tree_build) splitting existing edge, node: 0x55c12e5eca50 
 prev_node 0x55c12e5eca50:
 active_node : 0x55c12e5ec8f0 active_edge: c active_len: 1 
 remain: 3 
DEBUG: (src/suffix_tree.c :84 :Suffix_tree_build) ap.node 0x55c12e5ec8f0
DEBUG: (src/suffix_tree.c :87 :Suffix_tree_build) splitting existing edge, node: 0x55c12e5ecb90 
 prev_node 0x55c12e5ecb90:
 active_node : 0x55c12e5ec670 active_edge: c active_len: 1 
 remain: 2 
DEBUG: (src/suffix_tree.c :87 :Suffix_tree_build) splitting existing edge, node: 0x55c12e5eccd0 
 prev_node 0x55c12e5eccd0:
 active_node : 0x55c12e5ec670 active_edge: d active_len: 0 
 remain: 1 
DEBUG: (src/suffix_tree.c :55 :Suffix_tree_build)  creating new edge node: 0x55c12e5eccd0 
 prev_node 0x55c12e5ec670:
 active_node : 0x55c12e5ec670 active_edge: d active_len: 0 
 remain: 0 
DEBUG: (test/tstree_tests.c :82 :main) -----RUNNING :././test/tstree_tests
DEBUG: (test/tstree_tests.c :74 :all_tests) 
------test_insert
DEBUG: (test/tstree_tests.c :75 :all_tests) 
------test_search_exact
DEBUG: (test/tstree_tests.c :30 :test_search_exact) VALUEA
DEBUG: (test/tstree_tests.c :76 :all_tests) 
------test_search_prefix
DEBUG: (test/tstree_tests.c :38 :test_search_prefix) result :0x564003109954 ,expected 0x564003109954
DEBUG: (test/tstree_tests.c :41 :test_search_prefix) result :0x56400310993f,expected: 0x56400310993f
DEBUG: (test/tstree_tests.c :78 :all_tests) 
------test_traverse
DEBUG: (test/tstree_tests.c :57 :test_traverse) traverse count is :4
DEBUG: (test/tstree_tests.c :79 :all_tests) 
------test_destroy
DEBUG: (test/bstree_tests.c :177 :main) -----RUNNING :././test/bstree_tests
DEBUG: (test/bstree_tests.c :169 :all_tests) 
------test_create
DEBUG: (test/bstree_tests.c :170 :all_tests) 
------test_get_set
DEBUG: (test/bstree_tests.c :171 :all_tests) 
------test_traverse
DEBUG: (test/bstree_tests.c :17 :traverse_good_cb) Key: test data 3
DEBUG: (test/bstree_tests.c :17 :traverse_good_cb) Key: test data 2
DEBUG: (test/bstree_tests.c :17 :traverse_good_cb) Key: test data 1
DEBUG: (test/bstree_tests.c :34 :traverse_fail_cb) Key: test data 3 
DEBUG: (test/bstree_tests.c :34 :traverse_fail_cb) Key: test data 2 
DEBUG: (test/bstree_tests.c :172 :all_tests) 
------test_delete
DEBUG: (src/bstree.c :284 :AVLTree_get) wow wtf
DEBUG: (test/bstree_tests.c :173 :all_tests) 
------test_destroy
DEBUG: (test/bstree_tests.c :174 :all_tests) 
------test_fuzzing
DEBUG: (src/bstree.c :140 :rotate) 3:1384ad80
DEBUG: (src/bstree.c :142 :rotate) 4:1384af60
DEBUG: (src/bstree.c :140 :rotate) 3:1384ae70
DEBUG: (src/bstree.c :142 :rotate) 4:1384b050
DEBUG: (src/bstree.c :140 :rotate) 3:1384b140
DEBUG: (src/bstree.c :142 :rotate) 4:1384b230
DEBUG: (src/bstree.c :127 :rotate) 1:1384b320
DEBUG: (src/bstree.c :129 :rotate) 2:1384a9c0
DEBUG: (src/bstree.c :127 :rotate) 1:1384aab0
DEBUG: (src/bstree.c :129 :rotate) 2:1384b050
DEBUG: (src/bstree.c :140 :rotate) 3:1384bb90
DEBUG: (src/bstree.c :142 :rotate) 4:1384c130
DEBUG: (src/bstree.c :127 :rotate) 1:1384bd70
DEBUG: (src/bstree.c :129 :rotate) 2:1384c310
DEBUG: (src/bstree.c :140 :rotate) 3:1384b7d0
DEBUG: (src/bstree.c :142 :rotate) 4:1384c8b0
DEBUG: (src/bstree.c :127 :rotate) 1:1384c7c0
DEBUG: (src/bstree.c :129 :rotate) 2:1384c9a0
DEBUG: (src/bstree.c :127 :rotate) 1:1384c310
DEBUG: (src/bstree.c :129 :rotate) 2:1384c9a0
DEBUG: (src/bstree.c :127 :rotate) 1:1384d4e0
DEBUG: (src/bstree.c :129 :rotate) 2:1384d990
DEBUG: (src/bstree.c :140 :rotate) 3:1384d5d0
DEBUG: (src/bstree.c :142 :rotate) 4:1384d6c0
DEBUG: (src/bstree.c :127 :rotate) 1:1384c9a0
DEBUG: (src/bstree.c :129 :rotate) 2:1384ae70
DEBUG: (src/bstree.c :127 :rotate) 1:1384de40
DEBUG: (src/bstree.c :129 :rotate) 2:1384e4d0
DEBUG: (src/bstree.c :140 :rotate) 3:1384c220
DEBUG: (src/bstree.c :142 :rotate) 4:1384b230
DEBUG: (src/bstree.c :127 :rotate) 1:1384e020
DEBUG: (src/bstree.c :129 :rotate) 2:1384f1f0
DEBUG: (src/bstree.c :140 :rotate) 3:1384e6b0
DEBUG: (src/bstree.c :142 :rotate) 4:1384f4c0
DEBUG: (src/bstree.c :127 :rotate) 1:1384f5b0
DEBUG: (src/bstree.c :129 :rotate) 2:1384f880
DEBUG: (src/bstree.c :140 :rotate) 3:1384f880
DEBUG: (src/bstree.c :142 :rotate) 4:1384f5b0
DEBUG: (test/bstree_tests.c :17 :traverse_good_cb) Key: 983744498
DEBUG: (test/bstree_tests.c :17 :traverse_good_cb) Key: 950776660
DEBUG: (test/bstree_tests.c :17 :traverse_good_cb) Key: 920877174
DEBUG: (test/bstree_tests.c :17 :traverse_good_cb) Key: 860606501
DEBUG: (test/bstree_tests.c :17 :traverse_good_cb) Key: 871960629
DEBUG: (test/bstree_tests.c :17 :traverse_good_cb) Key: 93430878
DEBUG: (test/bstree_tests.c :17 :traverse_good_cb) Key: 755570726
DEBUG: (test/bstree_tests.c :17 :traverse_good_cb) Key: 739391775
DEBUG: (test/bstree_tests.c :17 :traverse_good_cb) Key: 783752130
DEBUG: (test/bstree_tests.c :17 :traverse_good_cb) Key: 962610642
DEBUG: (test/bstree_tests.c :17 :traverse_good_cb) Key: 736612257
DEBUG: (test/bstree_tests.c :17 :traverse_good_cb) Key: 713562492
DEBUG: (test/bstree_tests.c :17 :traverse_good_cb) Key: 723528463
DEBUG: (test/bstree_tests.c :17 :traverse_good_cb) Key: 727376298
DEBUG: (test/bstree_tests.c :17 :traverse_good_cb) Key: 737482932
DEBUG: (test/bstree_tests.c :17 :traverse_good_cb) Key: 660790151
DEBUG: (test/bstree_tests.c :17 :traverse_good_cb) Key: 634237375
DEBUG: (test/bstree_tests.c :17 :traverse_good_cb) Key: 484981603
DEBUG: (test/bstree_tests.c :17 :traverse_good_cb) Key: 528956530
DEBUG: (test/bstree_tests.c :17 :traverse_good_cb) Key: 578185819
DEBUG: (test/bstree_tests.c :17 :traverse_good_cb) Key: 415263817
DEBUG: (test/bstree_tests.c :17 :traverse_good_cb) Key: 370243582
DEBUG: (test/bstree_tests.c :17 :traverse_good_cb) Key: 359222983
DEBUG: (test/bstree_tests.c :17 :traverse_good_cb) Key: 382527334
DEBUG: (test/bstree_tests.c :17 :traverse_good_cb) Key: 463748530
DEBUG: (test/bstree_tests.c :17 :traverse_good_cb) Key: 61305918
DEBUG: (test/bstree_tests.c :17 :traverse_good_cb) Key: 657884188
DEBUG: (test/bstree_tests.c :17 :traverse_good_cb) Key: 296463037
DEBUG: (test/bstree_tests.c :17 :traverse_good_cb) Key: 29839280
DEBUG: (test/bstree_tests.c :17 :traverse_good_cb) Key: 300607634
DEBUG: (test/bstree_tests.c :17 :traverse_good_cb) Key: 321832939
DEBUG: (test/bstree_tests.c :17 :traverse_good_cb) Key: 2131763987
DEBUG: (test/bstree_tests.c :17 :traverse_good_cb) Key: 2134448783
DEBUG: (test/bstree_tests.c :17 :traverse_good_cb) Key: 23290910
DEBUG: (test/bstree_tests.c :17 :traverse_good_cb) Key: 236479982
DEBUG: (test/bstree_tests.c :17 :traverse_good_cb) Key: 2102463413
DEBUG: (test/bstree_tests.c :17 :traverse_good_cb) Key: 2103508721
DEBUG: (test/bstree_tests.c :17 :traverse_good_cb) Key: 247630863
DEBUG: (test/bstree_tests.c :17 :traverse_good_cb) Key: 322334201
DEBUG: (test/bstree_tests.c :17 :traverse_good_cb) Key: 2071508043
DEBUG: (test/bstree_tests.c :17 :traverse_good_cb) Key: 2016563769
DEBUG: (test/bstree_tests.c :17 :traverse_good_cb) Key: 2042202803
DEBUG: (test/bstree_tests.c :17 :traverse_good_cb) Key: 1895284005
DEBUG: (test/bstree_tests.c :17 :traverse_good_cb) Key: 1910269479
DEBUG: (test/bstree_tests.c :17 :traverse_good_cb) Key: 1876715293
DEBUG: (test/bstree_tests.c :17 :traverse_good_cb) Key: 1923304344
DEBUG: (test/bstree_tests.c :17 :traverse_good_cb) Key: 1863656277
DEBUG: (test/bstree_tests.c :17 :traverse_good_cb) Key: 1844350999
DEBUG: (test/bstree_tests.c :17 :traverse_good_cb) Key: 1845663157
DEBUG: (test/bstree_tests.c :17 :traverse_good_cb) Key: 186535671
DEBUG: (test/bstree_tests.c :17 :traverse_good_cb) Key: 1840406862
DEBUG: (test/bstree_tests.c :17 :traverse_good_cb) Key: 1780630474
DEBUG: (test/bstree_tests.c :17 :traverse_good_cb) Key: 1768932905
DEBUG: (test/bstree_tests.c :17 :traverse_good_cb) Key: 1657468028
DEBUG: (test/bstree_tests.c :17 :traverse_good_cb) Key: 1688375958
DEBUG: (test/bstree_tests.c :17 :traverse_good_cb) Key: 1707026027
DEBUG: (test/bstree_tests.c :17 :traverse_good_cb) Key: 1730426074
DEBUG: (test/bstree_tests.c :17 :traverse_good_cb) Key: 1734528790
DEBUG: (test/bstree_tests.c :17 :traverse_good_cb) Key: 1775225800
DEBUG: (test/bstree_tests.c :17 :traverse_good_cb) Key: 1805777811
DEBUG: (test/bstree_tests.c :17 :traverse_good_cb) Key: 2072780310
DEBUG: (test/bstree_tests.c :17 :traverse_good_cb) Key: 1597205750
DEBUG: (test/bstree_tests.c :17 :traverse_good_cb) Key: 1599397058
DEBUG: (test/bstree_tests.c :17 :traverse_good_cb) Key: 1576106148
DEBUG: (test/bstree_tests.c :17 :traverse_good_cb) Key: 1612925410
DEBUG: (test/bstree_tests.c :17 :traverse_good_cb) Key: 1534330032
DEBUG: (test/bstree_tests.c :17 :traverse_good_cb) Key: 1497540438
DEBUG: (test/bstree_tests.c :17 :traverse_good_cb) Key: 1558027261
DEBUG: (test/bstree_tests.c :17 :traverse_good_cb) Key: 1616203392
DEBUG: (test/bstree_tests.c :17 :traverse_good_cb) Key: 348122719
DEBUG: (test/bstree_tests.c :17 :traverse_good_cb) Key: 1473760117
DEBUG: (test/bstree_tests.c :17 :traverse_good_cb) Key: 1468963764
DEBUG: (test/bstree_tests.c :17 :traverse_good_cb) Key: 148078544
DEBUG: (test/bstree_tests.c :17 :traverse_good_cb) Key: 1446598704
DEBUG: (test/bstree_tests.c :17 :traverse_good_cb) Key: 1445672854
DEBUG: (test/bstree_tests.c :17 :traverse_good_cb) Key: 1459395164
DEBUG: (test/bstree_tests.c :17 :traverse_good_cb) Key: 1438410560
DEBUG: (test/bstree_tests.c :17 :traverse_good_cb) Key: 1397402409
DEBUG: (test/bstree_tests.c :17 :traverse_good_cb) Key: 1384318614
DEBUG: (test/bstree_tests.c :17 :traverse_good_cb) Key: 1376445428
DEBUG: (test/bstree_tests.c :17 :traverse_good_cb) Key: 142186503
DEBUG: (test/bstree_tests.c :17 :traverse_good_cb) Key: 1334895785
DEBUG: (test/bstree_tests.c :17 :traverse_good_cb) Key: 1317098186
DEBUG: (test/bstree_tests.c :17 :traverse_good_cb) Key: 1305848624
DEBUG: (test/bstree_tests.c :17 :traverse_good_cb) Key: 1295648870
DEBUG: (test/bstree_tests.c :17 :traverse_good_cb) Key: 1267065293
DEBUG: (test/bstree_tests.c :17 :traverse_good_cb) Key: 1280100158
DEBUG: (test/bstree_tests.c :17 :traverse_good_cb) Key: 1287224446
DEBUG: (test/bstree_tests.c :17 :traverse_good_cb) Key: 1287258906
DEBUG: (test/bstree_tests.c :17 :traverse_good_cb) Key: 1339623797
DEBUG: (test/bstree_tests.c :17 :traverse_good_cb) Key: 1173667716
DEBUG: (test/bstree_tests.c :17 :traverse_good_cb) Key: 1174955964
DEBUG: (test/bstree_tests.c :17 :traverse_good_cb) Key: 1347794361
DEBUG: (test/bstree_tests.c :17 :traverse_good_cb) Key: 1038432748
DEBUG: (test/bstree_tests.c :17 :traverse_good_cb) Key: 1029851125
DEBUG: (test/bstree_tests.c :17 :traverse_good_cb) Key: 1003049776
DEBUG: (test/bstree_tests.c :17 :traverse_good_cb) Key: 1037742867
DEBUG: (test/bstree_tests.c :17 :traverse_good_cb) Key: 1115013104
DEBUG: (test/bstree_tests.c :17 :traverse_good_cb) Key: 1462058689
DEBUG: (test/bstree_tests.c :17 :traverse_good_cb) Key: 689604120
DEBUG: (test/bstree_tests.c :140 :test_fuzzing) 100
DEBUG: (test/bstree_tests.c :22 :traverse_good_cb1) Key : 1029851125
DEBUG: (test/bstree_tests.c :27 :traverse_good_cb1) right
DEBUG: (test/bstree_tests.c :22 :traverse_good_cb1) Key : 1003049776
DEBUG: (test/bstree_tests.c :25 :traverse_good_cb1) left
DEBUG: (test/bstree_tests.c :22 :traverse_good_cb1) Key : 1038432748
DEBUG: (test/bstree_tests.c :25 :traverse_good_cb1) left
DEBUG: (test/bstree_tests.c :22 :traverse_good_cb1) Key : 1173667716
DEBUG: (test/bstree_tests.c :27 :traverse_good_cb1) right
DEBUG: (test/bstree_tests.c :22 :traverse_good_cb1) Key : 1115013104
DEBUG: (test/bstree_tests.c :27 :traverse_good_cb1) right
DEBUG: (test/bstree_tests.c :22 :traverse_good_cb1) Key : 1037742867
DEBUG: (test/bstree_tests.c :25 :traverse_good_cb1) left
DEBUG: (test/bstree_tests.c :22 :traverse_good_cb1) Key : 1267065293
DEBUG: (test/bstree_tests.c :25 :traverse_good_cb1) left
DEBUG: (test/bstree_tests.c :22 :traverse_good_cb1) Key : 1280100158
DEBUG: (test/bstree_tests.c :25 :traverse_good_cb1) left
DEBUG: (test/bstree_tests.c :22 :traverse_good_cb1) Key : 1287258906
DEBUG: (test/bstree_tests.c :27 :traverse_good_cb1) right
DEBUG: (test/bstree_tests.c :22 :traverse_good_cb1) Key : 1287224446
DEBUG: (test/bstree_tests.c :27 :traverse_good_cb1) right
DEBUG: (test/bstree_tests.c :22 :traverse_good_cb1) Key : 1174955964
DEBUG: (test/bstree_tests.c :25 :traverse_good_cb1) left
DEBUG: (test/bstree_tests.c :22 :traverse_good_cb1) Key : 1305848624
DEBUG: (test/bstree_tests.c :25 :traverse_good_cb1) left
DEBUG: (test/bstree_tests.c :22 :traverse_good_cb1) Key : 1334895785
DEBUG: (test/bstree_tests.c :25 :traverse_good_cb1) left
DEBUG: (test/bstree_tests.c :22 :traverse_good_cb1) Key : 1339623797
DEBUG: (test/bstree_tests.c :27 :traverse_good_cb1) right
DEBUG: (test/bstree_tests.c :22 :traverse_good_cb1) Key : 1317098186
DEBUG: (test/bstree_tests.c :25 :traverse_good_cb1) left
DEBUG: (test/bstree_tests.c :22 :traverse_good_cb1) Key : 1376445428
DEBUG: (test/bstree_tests.c :25 :traverse_good_cb1) left
DEBUG: (test/bstree_tests.c :22 :traverse_good_cb1) Key : 1397402409
DEBUG: (test/bstree_tests.c :27 :traverse_good_cb1) right
DEBUG: (test/bstree_tests.c :22 :traverse_good_cb1) Key : 1384318614
DEBUG: (test/bstree_tests.c :27 :traverse_good_cb1) right
DEBUG: (test/bstree_tests.c :22 :traverse_good_cb1) Key : 1347794361
DEBUG: (test/bstree_tests.c :27 :traverse_good_cb1) right
DEBUG: (test/bstree_tests.c :22 :traverse_good_cb1) Key : 1295648870
DEBUG: (test/bstree_tests.c :25 :traverse_good_cb1) left
DEBUG: (test/bstree_tests.c :22 :traverse_good_cb1) Key : 1438410560
DEBUG: (test/bstree_tests.c :25 :traverse_good_cb1) left
DEBUG: (test/bstree_tests.c :22 :traverse_good_cb1) Key : 1446598704
DEBUG: (test/bstree_tests.c :25 :traverse_good_cb1) left
DEBUG: (test/bstree_tests.c :22 :traverse_good_cb1) Key : 1459395164
DEBUG: (test/bstree_tests.c :27 :traverse_good_cb1) right
DEBUG: (test/bstree_tests.c :22 :traverse_good_cb1) Key : 1445672854
DEBUG: (test/bstree_tests.c :25 :traverse_good_cb1) left
DEBUG: (test/bstree_tests.c :22 :traverse_good_cb1) Key : 1468963764
DEBUG: (test/bstree_tests.c :25 :traverse_good_cb1) left
DEBUG: (test/bstree_tests.c :22 :traverse_good_cb1) Key : 148078544
DEBUG: (test/bstree_tests.c :27 :traverse_good_cb1) right
DEBUG: (test/bstree_tests.c :22 :traverse_good_cb1) Key : 1473760117
DEBUG: (test/bstree_tests.c :25 :traverse_good_cb1) left
DEBUG: (test/bstree_tests.c :22 :traverse_good_cb1) Key : 1534330032
DEBUG: (test/bstree_tests.c :25 :traverse_good_cb1) left
DEBUG: (test/bstree_tests.c :22 :traverse_good_cb1) Key : 1558027261
DEBUG: (test/bstree_tests.c :25 :traverse_good_cb1) left
DEBUG: (test/bstree_tests.c :22 :traverse_good_cb1) Key : 1597205750
DEBUG: (test/bstree_tests.c :25 :traverse_good_cb1) left
DEBUG: (test/bstree_tests.c :22 :traverse_good_cb1) Key : 1612925410
DEBUG: (test/bstree_tests.c :27 :traverse_good_cb1) right
DEBUG: (test/bstree_tests.c :22 :traverse_good_cb1) Key : 1599397058
DEBUG: (test/bstree_tests.c :27 :traverse_good_cb1) right
DEBUG: (test/bstree_tests.c :22 :traverse_good_cb1) Key : 1576106148
DEBUG: (test/bstree_tests.c :27 :traverse_good_cb1) right
DEBUG: (test/bstree_tests.c :22 :traverse_good_cb1) Key : 1497540438
DEBUG: (test/bstree_tests.c :27 :traverse_good_cb1) right
DEBUG: (test/bstree_tests.c :22 :traverse_good_cb1) Key : 1462058689
DEBUG: (test/bstree_tests.c :27 :traverse_good_cb1) right
DEBUG: (test/bstree_tests.c :22 :traverse_good_cb1) Key : 142186503
DEBUG: (test/bstree_tests.c :25 :traverse_good_cb1) left
DEBUG: (test/bstree_tests.c :22 :traverse_good_cb1) Key : 1657468028
DEBUG: (test/bstree_tests.c :25 :traverse_good_cb1) left
DEBUG: (test/bstree_tests.c :22 :traverse_good_cb1) Key : 1707026027
DEBUG: (test/bstree_tests.c :27 :traverse_good_cb1) right
DEBUG: (test/bstree_tests.c :22 :traverse_good_cb1) Key : 1688375958
DEBUG: (test/bstree_tests.c :25 :traverse_good_cb1) left
DEBUG: (test/bstree_tests.c :22 :traverse_good_cb1) Key : 1768932905
DEBUG: (test/bstree_tests.c :27 :traverse_good_cb1) right
DEBUG: (test/bstree_tests.c :22 :traverse_good_cb1) Key : 1734528790
DEBUG: (test/bstree_tests.c :25 :traverse_good_cb1) left
DEBUG: (test/bstree_tests.c :22 :traverse_good_cb1) Key : 1780630474
DEBUG: (test/bstree_tests.c :25 :traverse_good_cb1) left
DEBUG: (test/bstree_tests.c :22 :traverse_good_cb1) Key : 1805777811
DEBUG: (test/bstree_tests.c :27 :traverse_good_cb1) right
DEBUG: (test/bstree_tests.c :22 :traverse_good_cb1) Key : 1775225800
DEBUG: (test/bstree_tests.c :27 :traverse_good_cb1) right
DEBUG: (test/bstree_tests.c :22 :traverse_good_cb1) Key : 1730426074
DEBUG: (test/bstree_tests.c :25 :traverse_good_cb1) left
DEBUG: (test/bstree_tests.c :22 :traverse_good_cb1) Key : 1844350999
DEBUG: (test/bstree_tests.c :25 :traverse_good_cb1) left
DEBUG: (test/bstree_tests.c :22 :traverse_good_cb1) Key : 1863656277
DEBUG: (test/bstree_tests.c :27 :traverse_good_cb1) right
DEBUG: (test/bstree_tests.c :22 :traverse_good_cb1) Key : 1845663157
DEBUG: (test/bstree_tests.c :25 :traverse_good_cb1) left
DEBUG: (test/bstree_tests.c :22 :traverse_good_cb1) Key : 1876715293
DEBUG: (test/bstree_tests.c :25 :traverse_good_cb1) left
DEBUG: (test/bstree_tests.c :22 :traverse_good_cb1) Key : 1910269479
DEBUG: (test/bstree_tests.c :27 :traverse_good_cb1) right
DEBUG: (test/bstree_tests.c :22 :traverse_good_cb1) Key : 1895284005
DEBUG: (test/bstree_tests.c :27 :traverse_good_cb1) right
DEBUG: (test/bstree_tests.c :22 :traverse_good_cb1) Key : 186535671
DEBUG: (test/bstree_tests.c :27 :traverse_good_cb1) right
DEBUG: (test/bstree_tests.c :22 :traverse_good_cb1) Key : 1840406862
DEBUG: (test/bstree_tests.c :25 :traverse_good_cb1) left
DEBUG: (test/bstree_tests.c :22 :traverse_good_cb1) Key : 2016563769
DEBUG: (test/bstree_tests.c :25 :traverse_good_cb1) left
DEBUG: (test/bstree_tests.c :22 :traverse_good_cb1) Key : 2071508043
DEBUG: (test/bstree_tests.c :25 :traverse_good_cb1) left
DEBUG: (test/bstree_tests.c :22 :traverse_good_cb1) Key : 2102463413
DEBUG: (test/bstree_tests.c :27 :traverse_good_cb1) right
DEBUG: (test/bstree_tests.c :22 :traverse_good_cb1) Key : 2072780310
DEBUG: (test/bstree_tests.c :27 :traverse_good_cb1) right
DEBUG: (test/bstree_tests.c :22 :traverse_good_cb1) Key : 2042202803
DEBUG: (test/bstree_tests.c :25 :traverse_good_cb1) left
DEBUG: (test/bstree_tests.c :22 :traverse_good_cb1) Key : 2131763987
DEBUG: (test/bstree_tests.c :25 :traverse_good_cb1) left
DEBUG: (test/bstree_tests.c :22 :traverse_good_cb1) Key : 2134448783
DEBUG: (test/bstree_tests.c :25 :traverse_good_cb1) left
DEBUG: (test/bstree_tests.c :22 :traverse_good_cb1) Key : 236479982
DEBUG: (test/bstree_tests.c :27 :traverse_good_cb1) right
DEBUG: (test/bstree_tests.c :22 :traverse_good_cb1) Key : 23290910
DEBUG: (test/bstree_tests.c :27 :traverse_good_cb1) right
DEBUG: (test/bstree_tests.c :22 :traverse_good_cb1) Key : 2103508721
DEBUG: (test/bstree_tests.c :25 :traverse_good_cb1) left
DEBUG: (test/bstree_tests.c :22 :traverse_good_cb1) Key : 296463037
DEBUG: (test/bstree_tests.c :25 :traverse_good_cb1) left
DEBUG: (test/bstree_tests.c :22 :traverse_good_cb1) Key : 300607634
DEBUG: (test/bstree_tests.c :27 :traverse_good_cb1) right
DEBUG: (test/bstree_tests.c :22 :traverse_good_cb1) Key : 29839280
DEBUG: (test/bstree_tests.c :25 :traverse_good_cb1) left
DEBUG: (test/bstree_tests.c :22 :traverse_good_cb1) Key : 322334201
DEBUG: (test/bstree_tests.c :27 :traverse_good_cb1) right
DEBUG: (test/bstree_tests.c :22 :traverse_good_cb1) Key : 321832939
DEBUG: (test/bstree_tests.c :27 :traverse_good_cb1) right
DEBUG: (test/bstree_tests.c :22 :traverse_good_cb1) Key : 247630863
DEBUG: (test/bstree_tests.c :27 :traverse_good_cb1) right
DEBUG: (test/bstree_tests.c :22 :traverse_good_cb1) Key : 1923304344
DEBUG: (test/bstree_tests.c :25 :traverse_good_cb1) left
DEBUG: (test/bstree_tests.c :22 :traverse_good_cb1) Key : 370243582
DEBUG: (test/bstree_tests.c :27 :traverse_good_cb1) right
DEBUG: (test/bstree_tests.c :22 :traverse_good_cb1) Key : 359222983
DEBUG: (test/bstree_tests.c :25 :traverse_good_cb1) left
DEBUG: (test/bstree_tests.c :22 :traverse_good_cb1) Key : 415263817
DEBUG: (test/bstree_tests.c :27 :traverse_good_cb1) right
DEBUG: (test/bstree_tests.c :22 :traverse_good_cb1) Key : 382527334
DEBUG: (test/bstree_tests.c :25 :traverse_good_cb1) left
DEBUG: (test/bstree_tests.c :22 :traverse_good_cb1) Key : 484981603
DEBUG: (test/bstree_tests.c :25 :traverse_good_cb1) left
DEBUG: (test/bstree_tests.c :22 :traverse_good_cb1) Key : 578185819
DEBUG: (test/bstree_tests.c :27 :traverse_good_cb1) right
DEBUG: (test/bstree_tests.c :22 :traverse_good_cb1) Key : 528956530
DEBUG: (test/bstree_tests.c :25 :traverse_good_cb1) left
DEBUG: (test/bstree_tests.c :22 :traverse_good_cb1) Key : 634237375
DEBUG: (test/bstree_tests.c :25 :traverse_good_cb1) left
DEBUG: (test/bstree_tests.c :22 :traverse_good_cb1) Key : 660790151
DEBUG: (test/bstree_tests.c :27 :traverse_good_cb1) right
DEBUG: (test/bstree_tests.c :22 :traverse_good_cb1) Key : 657884188
DEBUG: (test/bstree_tests.c :27 :traverse_good_cb1) right
DEBUG: (test/bstree_tests.c :22 :traverse_good_cb1) Key : 61305918
DEBUG: (test/bstree_tests.c :27 :traverse_good_cb1) right
DEBUG: (test/bstree_tests.c :22 :traverse_good_cb1) Key : 463748530
DEBUG: (test/bstree_tests.c :25 :traverse_good_cb1) left
DEBUG: (test/bstree_tests.c :22 :traverse_good_cb1) Key : 713562492
DEBUG: (test/bstree_tests.c :25 :traverse_good_cb1) left
DEBUG: (test/bstree_tests.c :22 :traverse_good_cb1) Key : 723528463
DEBUG: (test/bstree_tests.c :25 :traverse_good_cb1) left
DEBUG: (test/bstree_tests.c :22 :traverse_good_cb1) Key : 736612257
DEBUG: (test/bstree_tests.c :25 :traverse_good_cb1) left
DEBUG: (test/bstree_tests.c :22 :traverse_good_cb1) Key : 755570726
DEBUG: (test/bstree_tests.c :27 :traverse_good_cb1) right
DEBUG: (test/bstree_tests.c :22 :traverse_good_cb1) Key : 739391775
DEBUG: (test/bstree_tests.c :27 :traverse_good_cb1) right
DEBUG: (test/bstree_tests.c :22 :traverse_good_cb1) Key : 737482932
DEBUG: (test/bstree_tests.c :27 :traverse_good_cb1) right
DEBUG: (test/bstree_tests.c :22 :traverse_good_cb1) Key : 727376298
DEBUG: (test/bstree_tests.c :25 :traverse_good_cb1) left
DEBUG: (test/bstree_tests.c :22 :traverse_good_cb1) Key : 860606501
DEBUG: (test/bstree_tests.c :25 :traverse_good_cb1) left
DEBUG: (test/bstree_tests.c :22 :traverse_good_cb1) Key : 920877174
DEBUG: (test/bstree_tests.c :27 :traverse_good_cb1) right
DEBUG: (test/bstree_tests.c :22 :traverse_good_cb1) Key : 871960629
DEBUG: (test/bstree_tests.c :25 :traverse_good_cb1) left
DEBUG: (test/bstree_tests.c :22 :traverse_good_cb1) Key : 950776660
DEBUG: (test/bstree_tests.c :25 :traverse_good_cb1) left
DEBUG: (test/bstree_tests.c :22 :traverse_good_cb1) Key : 983744498
DEBUG: (test/bstree_tests.c :27 :traverse_good_cb1) right
DEBUG: (test/bstree_tests.c :22 :traverse_good_cb1) Key : 962610642
DEBUG: (test/bstree_tests.c :27 :traverse_good_cb1) right
DEBUG: (test/bstree_tests.c :22 :traverse_good_cb1) Key : 93430878
DEBUG: (test/bstree_tests.c :27 :traverse_good_cb1) right
DEBUG: (test/bstree_tests.c :22 :traverse_good_cb1) Key : 783752130
DEBUG: (test/bstree_tests.c :27 :traverse_good_cb1) right
DEBUG: (test/bstree_tests.c :22 :traverse_good_cb1) Key : 689604120
DEBUG: (test/bstree_tests.c :27 :traverse_good_cb1) right
DEBUG: (test/bstree_tests.c :22 :traverse_good_cb1) Key : 348122719
DEBUG: (test/bstree_tests.c :27 :traverse_good_cb1) right
DEBUG: (test/bstree_tests.c :22 :traverse_good_cb1) Key : 1616203392
DEBUG: (test/bstree_tests.c :143 :test_fuzzing) 100
DEBUG: (test/bstring_tests.c :50 :main) -----RUNNING :././test/bstring_tests
DEBUG: (test/bstring_tests.c :47 :all_tests) 
------test_string
DEBUG: (test/bstring_tests.c :20 :test_string) conwow
DEBUG: (test/bstring_tests.c :27 :test_string) 1
DEBUG: (test/bstring_tests.c :31 :test_string) 3
DEBUG: (test/bstring_tests.c :33 :test_string) d
DEBUG: (test/bstring_tests.c :34 :test_string) mwowvai
DEBUG: (test/bstring_tests.c :35 :test_string) alon
DEBUG: (test/bstring_tests.c :36 :test_string) 3 4
DEBUG: (test/bstring_tests.c :41 :test_string) 123 SSS
DEBUG: (test/darray_algos_tests.c :65 :main) -----RUNNING :././test/darray_algos_tests
DEBUG: (test/darray_algos_tests.c :59 :all_tests) 
------test_qsort
DEBUG: (test/darray_algos_tests.c :20 :is_sorted) unsorted numbers: xasd 123: 1 
DEBUG: (test/darray_algos_tests.c :29 :run_sort_test) ------------------testing sorting algo: qsort
DEBUG: (src/darray_algos.c :20 :quicksort) start 0 -end 4
DEBUG: (src/darray_algos.c :21 :quicksort) piv_location: 2, pivot XXX,same XXX
DEBUG: (src/darray_algos.c :20 :quicksort) start 0 -end 1
DEBUG: (src/darray_algos.c :21 :quicksort) piv_location: 1, pivot Qerf,same Qerf
DEBUG: (src/darray_algos.c :20 :quicksort) start 3 -end 4
DEBUG: (src/darray_algos.c :21 :quicksort) piv_location: 3, pivot qwe,same qwe
DEBUG: (test/darray_algos_tests.c :60 :all_tests) 
------test_heapsort
DEBUG: (test/darray_algos_tests.c :20 :is_sorted) unsorted numbers: xasd 123: 1 
DEBUG: (test/darray_algos_tests.c :29 :run_sort_test) ------------------testing sorting algo: heapsort
DEBUG: (test/darray_algos_tests.c :61 :all_tests) 
------test_mergesort
DEBUG: (test/darray_algos_tests.c :20 :is_sorted) unsorted numbers: xasd 123: 1 
DEBUG: (test/darray_algos_tests.c :29 :run_sort_test) ------------------testing sorting algo: mergesort
DEBUG: (src/darray_algos.c :108 :mergesort) sorting array: 55a1bc1706a0 count 5
DEBUG: (src/darray_algos.c :108 :mergesort) sorting array: 55a1bc171030 count 2
DEBUG: (src/darray_algos.c :122 :mergesort) left and right and count 55a1bc171070 ,55a1bc171090,2
DEBUG: (src/darray_algos.c :108 :mergesort) sorting array: 55a1bc171050 count 3
DEBUG: (src/darray_algos.c :108 :mergesort) sorting array: 55a1bc1710f0 count 2
DEBUG: (src/darray_algos.c :122 :mergesort) left and right and count 55a1bc171110 ,55a1bc171130,2
DEBUG: (src/darray_algos.c :122 :mergesort) left and right and count 55a1bc1710d0 ,55a1bc171150,3
DEBUG: (src/darray_algos.c :122 :mergesort) left and right and count 55a1bc1710b0 ,55a1bc171170,5
DEBUG: (test/darray_algos_tests.c :62 :all_tests) 
------test_define
DEBUG: (test/darray_algos_tests.c :20 :is_sorted) unsorted numbers: xasd 123: 1 
DEBUG: (test/darray_algos_tests.c :49 :test_define) --------------------------test all
DEBUG: (src/darray_algos.c :20 :quicksort) start 0 -end 4
DEBUG: (src/darray_algos.c :21 :quicksort) piv_location: 2, pivot XXX,same XXX
DEBUG: (src/darray_algos.c :20 :quicksort) start 0 -end 1
DEBUG: (src/darray_algos.c :21 :quicksort) piv_location: 1, pivot Qerf,same Qerf
DEBUG: (src/darray_algos.c :20 :quicksort) start 3 -end 4
DEBUG: (src/darray_algos.c :21 :quicksort) piv_location: 3, pivot qwe,same qwe
DEBUG: (test/darray_tests.c :87 :main) -----RUNNING :././test/darray_tests
DEBUG: (test/darray_tests.c :77 :all_tests) 
------test_create
DEBUG: (test/darray_tests.c :78 :all_tests) 
------test_new
DEBUG: (test/darray_tests.c :79 :all_tests) 
------test_set
DEBUG: (test/darray_tests.c :80 :all_tests) 
------test_get
DEBUG: (test/darray_tests.c :81 :all_tests) 
------test_remove
DEBUG: (test/darray_tests.c :82 :all_tests) 
------test_expand_contract
DEBUG: (test/darray_tests.c :83 :all_tests) 
------test_push_pop
DEBUG: (test/darray_tests.c :84 :all_tests) 
------test_destroy
DEBUG: (test/hashmap_algos_tests.c :104 :main) -----RUNNING :././test/hashmap_algos_tests
DEBUG: (test/hashmap_algos_tests.c :98 :all_tests) 
------test_fnv1a
DEBUG: (test/hashmap_algos_tests.c :99 :all_tests) 
------test_adler32
DEBUG: (test/hashmap_algos_tests.c :100 :all_tests) 
------test_djb
DEBUG: (test/hashmap_algos_tests.c :101 :all_tests) 
------test_distribution
DEBUG: (test/hashmap_perf_tests.c :32 :main) okkkkkkkks
DEBUG: (src/hashmap.c :94 :Hashmap_get_node) start end mid bucketmax 0 0 0 50
DEBUG: (src/hashmap.c :96 :Hashmap_get_node) key: ‘UÁ¯ÁnG vs ¥Ùá–
†ÈH2 
DEBUG: (src/hashmap.c :103 :Hashmap_get_node) start end 0 -1
DEBUG: (src/hashmap.c :94 :Hashmap_get_node) start end mid bucketmax 0 1 0 50
DEBUG: (src/hashmap.c :96 :Hashmap_get_node) key: ‘¶ª)’A™)ïÁ vs ‘UÁ¯ÁnG 
DEBUG: (src/hashmap.c :103 :Hashmap_get_node) start end 0 -1
DEBUG: (src/hashmap.c :94 :Hashmap_get_node) start end mid bucketmax 0 0 0 50
DEBUG: (src/hashmap.c :96 :Hashmap_get_node) key: úí—ålQ4¯ vs {¤—é£Fåˆè 
DEBUG: (src/hashmap.c :103 :Hashmap_get_node) start end 0 -1
DEBUG: (src/hashmap.c :94 :Hashmap_get_node) start end mid bucketmax 0 2 1 50
DEBUG: (src/hashmap.c :96 :Hashmap_get_node) key: @ÖÉ‹Ûc2pÚ vs ‘UÁ¯ÁnG 
DEBUG: (src/hashmap.c :103 :Hashmap_get_node) start end 2 2
DEBUG: (src/hashmap.c :94 :Hashmap_get_node) start end mid bucketmax 2 2 2 50
DEBUG: (src/hashmap.c :96 :Hashmap_get_node) key: @ÖÉ‹Ûc2pÚ vs ¥Ùá–
†ÈH2 
DEBUG: (src/hashmap.c :103 :Hashmap_get_node) start end 3 2
DEBUG: (src/hashmap.c :94 :Hashmap_get_node) start end mid bucketmax 0 1 0 50
DEBUG: (src/hashmap.c :96 :Hashmap_get_node) key: !êW=Ajå•& vs úí—ålQ4¯ 
DEBUG: (src/hashmap.c :103 :Hashmap_get_node) start end 1 1
DEBUG: (src/hashmap.c :94 :Hashmap_get_node) start end mid bucketmax 1 1 1 50
DEBUG: (src/hashmap.c :96 :Hashmap_get_node) key: !êW=Ajå•& vs {¤—é£Fåˆè 
DEBUG: (src/hashmap.c :103 :Hashmap_get_node) start end 1 0
DEBUG: (src/hashmap.c :94 :Hashmap_get_node) start end mid bucketmax 0 2 1 50
DEBUG: (src/hashmap.c :96 :Hashmap_get_node) key: ßÀ¥Ž2²Æé= vs !êW=Ajå•& 
DEBUG: (src/hashmap.c :103 :Hashmap_get_node) start end 0 0
DEBUG: (src/hashmap.c :94 :Hashmap_get_node) start end mid bucketmax 0 0 0 50
DEBUG: (src/hashmap.c :96 :Hashmap_get_node) key: ßÀ¥Ž2²Æé= vs úí—ålQ4¯ 
DEBUG: (src/hashmap.c :103 :Hashmap_get_node) start end 0 -1
DEBUG: (src/hashmap.c :94 :Hashmap_get_node) start end mid bucketmax 0 0 0 50
DEBUG: (src/hashmap.c :96 :Hashmap_get_node) key: ±CÞ"Çß˜Þ vs 6K7•€^ŠëZ 
DEBUG: (src/hashmap.c :103 :Hashmap_get_node) start end 0 -1
DEBUG: (src/hashmap.c :94 :Hashmap_get_node) start end mid bucketmax 0 0 0 50
DEBUG: (src/hashmap.c :96 :Hashmap_get_node) key: ‡ô§[#v’ñ vs ‹nƒ1³ãÎ\ 
DEBUG: (src/hashmap.c :103 :Hashmap_get_node) start end 0 -1
DEBUG: (src/hashmap.c :94 :Hashmap_get_node) start end mid bucketmax 0 0 0 50
DEBUG: (src/hashmap.c :96 :Hashmap_get_node) key: pBÀ€‹ßölø„ vs qÜ½>ã]©š 
DEBUG: (src/hashmap.c :103 :Hashmap_get_node) start end 0 -1
DEBUG: (src/hashmap.c :94 :Hashmap_get_node) start end mid bucketmax 0 1 0 50
DEBUG: (src/hashmap.c :96 :Hashmap_get_node) key: š­çŽ.ýo{‚` vs ‡ô§[#v’ñ 
DEBUG: (src/hashmap.c :103 :Hashmap_get_node) start end 1 1
DEBUG: (src/hashmap.c :94 :Hashmap_get_node) start end mid bucketmax 1 1 1 50
DEBUG: (src/hashmap.c :96 :Hashmap_get_node) key: š­çŽ.ýo{‚` vs ‹nƒ1³ãÎ\ 
DEBUG: (src/hashmap.c :103 :Hashmap_get_node) start end 2 1
DEBUG: (src/hashmap.c :94 :Hashmap_get_node) start end mid bucketmax 0 0 0 50
DEBUG: (src/hashmap.c :96 :Hashmap_get_node) key: V~ÚÐ§Ñ¥l vs …LKî• Ý"Úb 
DEBUG: (src/hashmap.c :103 :Hashmap_get_node) start end 1 0
DEBUG: (src/hashmap.c :94 :Hashmap_get_node) start end mid bucketmax 0 3 1 50
DEBUG: (src/hashmap.c :96 :Hashmap_get_node) key: Ìzþqí½‡.@ vs ‘UÁ¯ÁnG 
DEBUG: (src/hashmap.c :103 :Hashmap_get_node) start end 2 3
DEBUG: (src/hashmap.c :94 :Hashmap_get_node) start end mid bucketmax 2 3 2 50
DEBUG: (src/hashmap.c :96 :Hashmap_get_node) key: Ìzþqí½‡.@ vs ¥Ùá–
†ÈH2 
DEBUG: (src/hashmap.c :103 :Hashmap_get_node) start end 3 3
DEBUG: (src/hashmap.c :94 :Hashmap_get_node) start end mid bucketmax 3 3 3 50
DEBUG: (src/hashmap.c :96 :Hashmap_get_node) key: Ìzþqí½‡.@ vs @ÖÉ‹Ûc2pÚ 
DEBUG: (src/hashmap.c :103 :Hashmap_get_node) start end 3 2
DEBUG: (test/hashmap_perf_tests.c :37 :main) okkkkkkkk
DEBUG: (src/hashmap.c :129 :Hashmap_get) 731986a0
DEBUG: (src/hashmap.c :94 :Hashmap_get_node) start end mid bucketmax 0 0 0 50
DEBUG: (src/hashmap.c :96 :Hashmap_get_node) key: ãxe¸>ÐÑö vs ãxe¸>ÐÑö 
DEBUG: (src/hashmap.c :132 :Hashmap_get) 0
DEBUG: (src/hashmap.c :129 :Hashmap_get) 73198890
DEBUG: (src/hashmap.c :94 :Hashmap_get_node) start end mid bucketmax 0 4 2 50
DEBUG: (src/hashmap.c :96 :Hashmap_get_node) key: ¥Ùá–
†ÈH2 vs ¥Ùá–
†ÈH2 
DEBUG: (src/hashmap.c :132 :Hashmap_get) 2
DEBUG: (src/hashmap.c :129 :Hashmap_get) 73198890
DEBUG: (src/hashmap.c :94 :Hashmap_get_node) start end mid bucketmax 0 4 2 50
DEBUG: (src/hashmap.c :96 :Hashmap_get_node) key: ‘UÁ¯ÁnG vs ¥Ùá–
†ÈH2 
DEBUG: (src/hashmap.c :103 :Hashmap_get_node) start end 0 1
DEBUG: (src/hashmap.c :94 :Hashmap_get_node) start end mid bucketmax 0 1 0 50
DEBUG: (src/hashmap.c :96 :Hashmap_get_node) key: ‘UÁ¯ÁnG vs ‘¶ª)’A™)ïÁ 
DEBUG: (src/hashmap.c :103 :Hashmap_get_node) start end 1 1
DEBUG: (src/hashmap.c :94 :Hashmap_get_node) start end mid bucketmax 1 1 1 50
DEBUG: (src/hashmap.c :96 :Hashmap_get_node) key: ‘UÁ¯ÁnG vs ‘UÁ¯ÁnG 
DEBUG: (src/hashmap.c :132 :Hashmap_get) 1
DEBUG: (src/hashmap.c :129 :Hashmap_get) 73198aa0
DEBUG: (src/hashmap.c :94 :Hashmap_get_node) start end mid bucketmax 0 3 1 50
DEBUG: (src/hashmap.c :96 :Hashmap_get_node) key: {¤—é£Fåˆè vs úí—ålQ4¯ 
DEBUG: (src/hashmap.c :103 :Hashmap_get_node) start end 2 3
DEBUG: (src/hashmap.c :94 :Hashmap_get_node) start end mid bucketmax 2 3 2 50
DEBUG: (src/hashmap.c :96 :Hashmap_get_node) key: {¤—é£Fåˆè vs !êW=Ajå•& 
DEBUG: (src/hashmap.c :103 :Hashmap_get_node) start end 3 3
DEBUG: (src/hashmap.c :94 :Hashmap_get_node) start end mid bucketmax 3 3 3 50
DEBUG: (src/hashmap.c :96 :Hashmap_get_node) key: {¤—é£Fåˆè vs {¤—é£Fåˆè 
DEBUG: (src/hashmap.c :132 :Hashmap_get) 3
DEBUG: (src/hashmap.c :129 :Hashmap_get) 73198c90
DEBUG: (src/hashmap.c :94 :Hashmap_get_node) start end mid bucketmax 0 1 0 50
DEBUG: (src/hashmap.c :96 :Hashmap_get_node) key: 6K7•€^ŠëZ vs ±CÞ"Çß˜Þ 
DEBUG: (src/hashmap.c :103 :Hashmap_get_node) start end 1 1
DEBUG: (src/hashmap.c :94 :Hashmap_get_node) start end mid bucketmax 1 1 1 50
DEBUG: (src/hashmap.c :96 :Hashmap_get_node) key: 6K7•€^ŠëZ vs 6K7•€^ŠëZ 
DEBUG: (src/hashmap.c :132 :Hashmap_get) 1
DEBUG: (src/hashmap.c :129 :Hashmap_get) 73198890
DEBUG: (src/hashmap.c :94 :Hashmap_get_node) start end mid bucketmax 0 4 2 50
DEBUG: (src/hashmap.c :96 :Hashmap_get_node) key: ‘¶ª)’A™)ïÁ vs ¥Ùá–
†ÈH2 
DEBUG: (src/hashmap.c :103 :Hashmap_get_node) start end 0 1
DEBUG: (src/hashmap.c :94 :Hashmap_get_node) start end mid bucketmax 0 1 0 50
DEBUG: (src/hashmap.c :96 :Hashmap_get_node) key: ‘¶ª)’A™)ïÁ vs ‘¶ª)’A™)ïÁ 
DEBUG: (src/hashmap.c :132 :Hashmap_get) 0
DEBUG: (src/hashmap.c :129 :Hashmap_get) 73198ea0
DEBUG: (src/hashmap.c :94 :Hashmap_get_node) start end mid bucketmax 0 0 0 50
DEBUG: (src/hashmap.c :96 :Hashmap_get_node) key: † EÀajòÙX vs † EÀajòÙX 
DEBUG: (src/hashmap.c :132 :Hashmap_get) 0
DEBUG: (src/hashmap.c :129 :Hashmap_get) 73198aa0
DEBUG: (src/hashmap.c :94 :Hashmap_get_node) start end mid bucketmax 0 3 1 50
DEBUG: (src/hashmap.c :96 :Hashmap_get_node) key: úí—ålQ4¯ vs úí—ålQ4¯ 
DEBUG: (src/hashmap.c :132 :Hashmap_get) 1
DEBUG: (src/hashmap.c :129 :Hashmap_get) 73198890
DEBUG: (src/hashmap.c :94 :Hashmap_get_node) start end mid bucketmax 0 4 2 50
DEBUG: (src/hashmap.c :96 :Hashmap_get_node) key: @ÖÉ‹Ûc2pÚ vs ¥Ùá–
†ÈH2 
DEBUG: (src/hashmap.c :103 :Hashmap_get_node) start end 3 4
DEBUG: (src/hashmap.c :94 :Hashmap_get_node) start end mid bucketmax 3 4 3 50
DEBUG: (src/hashmap.c :96 :Hashmap_get_node) key: @ÖÉ‹Ûc2pÚ vs Ìzþqí½‡.@ 
DEBUG: (src/hashmap.c :103 :Hashmap_get_node) start end 4 4
DEBUG: (src/hashmap.c :94 :Hashmap_get_node) start end mid bucketmax 4 4 4 50
DEBUG: (src/hashmap.c :96 :Hashmap_get_node) key: @ÖÉ‹Ûc2pÚ vs @ÖÉ‹Ûc2pÚ 
DEBUG: (src/hashmap.c :132 :Hashmap_get) 4
DEBUG: (src/hashmap.c :129 :Hashmap_get) 731990d0
DEBUG: (src/hashmap.c :94 :Hashmap_get_node) start end mid bucketmax 0 1 0 50
DEBUG: (src/hashmap.c :96 :Hashmap_get_node) key: qÜ½>ã]©š vs pBÀ€‹ßölø„ 
DEBUG: (src/hashmap.c :103 :Hashmap_get_node) start end 1 1
DEBUG: (src/hashmap.c :94 :Hashmap_get_node) start end mid bucketmax 1 1 1 50
DEBUG: (src/hashmap.c :96 :Hashmap_get_node) key: qÜ½>ã]©š vs qÜ½>ã]©š 
DEBUG: (src/hashmap.c :132 :Hashmap_get) 1
DEBUG: (src/hashmap.c :129 :Hashmap_get) 731992c0
DEBUG: (src/hashmap.c :94 :Hashmap_get_node) start end mid bucketmax 0 2 1 50
DEBUG: (src/hashmap.c :96 :Hashmap_get_node) key: ‹nƒ1³ãÎ\ vs ‹nƒ1³ãÎ\ 
DEBUG: (src/hashmap.c :132 :Hashmap_get) 1
DEBUG: (src/hashmap.c :129 :Hashmap_get) 73198aa0
DEBUG: (src/hashmap.c :94 :Hashmap_get_node) start end mid bucketmax 0 3 1 50
DEBUG: (src/hashmap.c :96 :Hashmap_get_node) key: !êW=Ajå•& vs úí—ålQ4¯ 
DEBUG: (src/hashmap.c :103 :Hashmap_get_node) start end 2 3
DEBUG: (src/hashmap.c :94 :Hashmap_get_node) start end mid bucketmax 2 3 2 50
DEBUG: (src/hashmap.c :96 :Hashmap_get_node) key: !êW=Ajå•& vs !êW=Ajå•& 
DEBUG: (src/hashmap.c :132 :Hashmap_get) 2
DEBUG: (src/hashmap.c :129 :Hashmap_get) 73198aa0
DEBUG: (src/hashmap.c :94 :Hashmap_get_node) start end mid bucketmax 0 3 1 50
DEBUG: (src/hashmap.c :96 :Hashmap_get_node) key: ßÀ¥Ž2²Æé= vs úí—ålQ4¯ 
DEBUG: (src/hashmap.c :103 :Hashmap_get_node) start end 0 0
DEBUG: (src/hashmap.c :94 :Hashmap_get_node) start end mid bucketmax 0 0 0 50
DEBUG: (src/hashmap.c :96 :Hashmap_get_node) key: ßÀ¥Ž2²Æé= vs ßÀ¥Ž2²Æé= 
DEBUG: (src/hashmap.c :132 :Hashmap_get) 0
DEBUG: (src/hashmap.c :129 :Hashmap_get) 73198c90
DEBUG: (src/hashmap.c :94 :Hashmap_get_node) start end mid bucketmax 0 1 0 50
DEBUG: (src/hashmap.c :96 :Hashmap_get_node) key: ±CÞ"Çß˜Þ vs ±CÞ"Çß˜Þ 
DEBUG: (src/hashmap.c :132 :Hashmap_get) 0
DEBUG: (src/hashmap.c :129 :Hashmap_get) 731992c0
DEBUG: (src/hashmap.c :94 :Hashmap_get_node) start end mid bucketmax 0 2 1 50
DEBUG: (src/hashmap.c :96 :Hashmap_get_node) key: ‡ô§[#v’ñ vs ‹nƒ1³ãÎ\ 
DEBUG: (src/hashmap.c :103 :Hashmap_get_node) start end 0 0
DEBUG: (src/hashmap.c :94 :Hashmap_get_node) start end mid bucketmax 0 0 0 50
DEBUG: (src/hashmap.c :96 :Hashmap_get_node) key: ‡ô§[#v’ñ vs ‡ô§[#v’ñ 
DEBUG: (src/hashmap.c :132 :Hashmap_get) 0
DEBUG: (src/hashmap.c :129 :Hashmap_get) 73199530
DEBUG: (src/hashmap.c :94 :Hashmap_get_node) start end mid bucketmax 0 1 0 50
DEBUG: (src/hashmap.c :96 :Hashmap_get_node) key: …LKî• Ý"Úb vs …LKî• Ý"Úb 
DEBUG: (src/hashmap.c :132 :Hashmap_get) 0
DEBUG: (src/hashmap.c :129 :Hashmap_get) 731990d0
DEBUG: (src/hashmap.c :94 :Hashmap_get_node) start end mid bucketmax 0 1 0 50
DEBUG: (src/hashmap.c :96 :Hashmap_get_node) key: pBÀ€‹ßölø„ vs pBÀ€‹ßölø„ 
DEBUG: (src/hashmap.c :132 :Hashmap_get) 0
DEBUG: (src/hashmap.c :129 :Hashmap_get) 731992c0
DEBUG: (src/hashmap.c :94 :Hashmap_get_node) start end mid bucketmax 0 2 1 50
DEBUG: (src/hashmap.c :96 :Hashmap_get_node) key: š­çŽ.ýo{‚` vs ‹nƒ1³ãÎ\ 
DEBUG: (src/hashmap.c :103 :Hashmap_get_node) start end 2 2
DEBUG: (src/hashmap.c :94 :Hashmap_get_node) start end mid bucketmax 2 2 2 50
DEBUG: (src/hashmap.c :96 :Hashmap_get_node) key: š­çŽ.ýo{‚` vs š­çŽ.ýo{‚` 
DEBUG: (src/hashmap.c :132 :Hashmap_get) 2
DEBUG: (src/hashmap.c :129 :Hashmap_get) 73199530
DEBUG: (src/hashmap.c :94 :Hashmap_get_node) start end mid bucketmax 0 1 0 50
DEBUG: (src/hashmap.c :96 :Hashmap_get_node) key: V~ÚÐ§Ñ¥l vs …LKî• Ý"Úb 
DEBUG: (src/hashmap.c :103 :Hashmap_get_node) start end 1 1
DEBUG: (src/hashmap.c :94 :Hashmap_get_node) start end mid bucketmax 1 1 1 50
DEBUG: (src/hashmap.c :96 :Hashmap_get_node) key: V~ÚÐ§Ñ¥l vs V~ÚÐ§Ñ¥l 
DEBUG: (src/hashmap.c :132 :Hashmap_get) 1
DEBUG: (src/hashmap.c :129 :Hashmap_get) 73198890
DEBUG: (src/hashmap.c :94 :Hashmap_get_node) start end mid bucketmax 0 4 2 50
DEBUG: (src/hashmap.c :96 :Hashmap_get_node) key: Ìzþqí½‡.@ vs ¥Ùá–
†ÈH2 
DEBUG: (src/hashmap.c :103 :Hashmap_get_node) start end 3 4
DEBUG: (src/hashmap.c :94 :Hashmap_get_node) start end mid bucketmax 3 4 3 50
DEBUG: (src/hashmap.c :96 :Hashmap_get_node) key: Ìzþqí½‡.@ vs Ìzþqí½‡.@ 
DEBUG: (src/hashmap.c :132 :Hashmap_get) 3
DEBUG: (test/hashmap_perf_tests.c :42 :main) time1: 609.000000 2:1150.000000
DEBUG: (test/hashmap_tests.c :88 :main) -----RUNNING :././test/hashmap_tests
DEBUG: (test/hashmap_tests.c :81 :all_tests) 
------test_create
DEBUG: (test/hashmap_tests.c :82 :all_tests) 
------test_get_set
DEBUG: (src/hashmap.c :129 :Hashmap_get) 96492720
DEBUG: (src/hashmap.c :94 :Hashmap_get_node) start end mid bucketmax 0 0 0 50
DEBUG: (src/hashmap.c :96 :Hashmap_get_node) key: test data1 vs test data1 
DEBUG: (src/hashmap.c :132 :Hashmap_get) 0
DEBUG: (src/hashmap.c :129 :Hashmap_get) 96492910
DEBUG: (src/hashmap.c :94 :Hashmap_get_node) start end mid bucketmax 0 0 0 50
DEBUG: (src/hashmap.c :96 :Hashmap_get_node) key: test data2 vs test data2 
DEBUG: (src/hashmap.c :132 :Hashmap_get) 0
DEBUG: (src/hashmap.c :94 :Hashmap_get_node) start end mid bucketmax 0 0 0 50
DEBUG: (src/hashmap.c :96 :Hashmap_get_node) key: test data3 vs test data1 
DEBUG: (src/hashmap.c :103 :Hashmap_get_node) start end 1 0
DEBUG: (src/hashmap.c :129 :Hashmap_get) 96492720
DEBUG: (src/hashmap.c :94 :Hashmap_get_node) start end mid bucketmax 0 1 0 50
DEBUG: (src/hashmap.c :96 :Hashmap_get_node) key: test data3 vs test data1 
DEBUG: (src/hashmap.c :103 :Hashmap_get_node) start end 1 1
DEBUG: (src/hashmap.c :94 :Hashmap_get_node) start end mid bucketmax 1 1 1 50
DEBUG: (src/hashmap.c :96 :Hashmap_get_node) key: test data3 vs test data3 
DEBUG: (src/hashmap.c :132 :Hashmap_get) 1
DEBUG: (test/hashmap_tests.c :83 :all_tests) 
------test_traverse
DEBUG: (test/hashmap_tests.c :15 :traverse_good_cb) Key test data1
DEBUG: (test/hashmap_tests.c :15 :traverse_good_cb) Key test data3
DEBUG: (test/hashmap_tests.c :15 :traverse_good_cb) Key test data2
DEBUG: (test/hashmap_tests.c :20 :traverse_fail_cb) KEY: test data1
DEBUG: (test/hashmap_tests.c :20 :traverse_fail_cb) KEY: test data3
DEBUG: (test/hashmap_tests.c :84 :all_tests) 
------test_delete
DEBUG: (src/hashmap.c :94 :Hashmap_get_node) start end mid bucketmax 0 1 0 50
DEBUG: (src/hashmap.c :96 :Hashmap_get_node) key: test data1 vs test data1 
DEBUG: (src/hashmap.c :129 :Hashmap_get) 96492720
DEBUG: (src/hashmap.c :94 :Hashmap_get_node) start end mid bucketmax 0 0 0 50
DEBUG: (src/hashmap.c :96 :Hashmap_get_node) key: test data1 vs test data3 
DEBUG: (src/hashmap.c :103 :Hashmap_get_node) start end 0 -1
DEBUG: (src/hashmap.c :132 :Hashmap_get) -1
DEBUG: (src/hashmap.c :94 :Hashmap_get_node) start end mid bucketmax 0 0 0 50
DEBUG: (src/hashmap.c :96 :Hashmap_get_node) key: test data2 vs test data2 
DEBUG: (src/hashmap.c :129 :Hashmap_get) 96492910
DEBUG: (src/hashmap.c :132 :Hashmap_get) -1
DEBUG: (src/hashmap.c :94 :Hashmap_get_node) start end mid bucketmax 0 0 0 50
DEBUG: (src/hashmap.c :96 :Hashmap_get_node) key: test data3 vs test data3 
DEBUG: (src/hashmap.c :129 :Hashmap_get) 96492720
DEBUG: (src/hashmap.c :132 :Hashmap_get) -1
DEBUG: (test/hashmap_tests.c :85 :all_tests) 
------test_destroy
DEBUG: (test/list_algos_tests.c :94 :main) -----RUNNING :././test/list_algos_tests
DEBUG: (test/list_algos_tests.c :88 :all_tests) 
------test_bubble_sort
DEBUG: (src/list.c :87 :List_push) gay shit
DEBUG: (src/list.c :87 :List_push) gay shit
DEBUG: (src/list.c :87 :List_push) gay shit
DEBUG: (src/list.c :87 :List_push) gay shit
DEBUG: (src/list.c :87 :List_push) gay shit
DEBUG: (test/list_algos_tests.c :89 :all_tests) 
------test_merge_sort
DEBUG: (src/list.c :87 :List_push) gay shit
DEBUG: (src/list.c :87 :List_push) gay shit
DEBUG: (src/list.c :87 :List_push) gay shit
DEBUG: (src/list.c :87 :List_push) gay shit
DEBUG: (src/list.c :87 :List_push) gay shit
DEBUG: (src/list.c :87 :List_push) gay shit
DEBUG: (test/list_algos_tests.c :90 :all_tests) 
------test_speed
DEBUG: (src/list.c :87 :List_push) gay shit
DEBUG: (src/list.c :87 :List_push) gay shit
DEBUG: (src/list.c :87 :List_push) gay shit
DEBUG: (src/list.c :87 :List_push) gay shit
DEBUG: (src/list.c :87 :List_push) gay shit
DEBUG: (src/list.c :87 :List_push) gay shit
DEBUG: (src/list.c :87 :List_push) gay shit
DEBUG: (src/list.c :87 :List_push) gay shit
DEBUG: (src/list.c :87 :List_push) gay shit
DEBUG: (src/list.c :87 :List_push) gay shit
DEBUG: (src/list.c :87 :List_push) gay shit
DEBUG: (src/list.c :87 :List_push) gay shit
DEBUG: (src/list.c :87 :List_push) gay shit
DEBUG: (src/list.c :87 :List_push) gay shit
DEBUG: (src/list.c :87 :List_push) gay shit
DEBUG: (src/list.c :87 :List_push) gay shit
DEBUG: (src/list.c :87 :List_push) gay shit
DEBUG: (src/list.c :87 :List_push) gay shit
DEBUG: (src/list.c :87 :List_push) gay shit
DEBUG: (src/list.c :87 :List_push) gay shit
DEBUG: (src/list.c :87 :List_push) gay shit
DEBUG: (src/list.c :87 :List_push) gay shit
DEBUG: (src/list.c :87 :List_push) gay shit
DEBUG: (src/list.c :87 :List_push) gay shit
DEBUG: (src/list.c :87 :List_push) gay shit
DEBUG: (src/list.c :87 :List_push) gay shit
DEBUG: (src/list.c :87 :List_push) gay shit
DEBUG: (src/list.c :87 :List_push) gay shit
DEBUG: (src/list.c :87 :List_push) gay shit
DEBUG: (src/list.c :87 :List_push) gay shit
DEBUG: (src/list.c :87 :List_push) gay shit
DEBUG: (src/list.c :87 :List_push) gay shit
DEBUG: (src/list.c :87 :List_push) gay shit
DEBUG: (src/list.c :87 :List_push) gay shit
DEBUG: (src/list.c :87 :List_push) gay shit
DEBUG: (src/list.c :87 :List_push) gay shit
DEBUG: (src/list.c :87 :List_push) gay shit
DEBUG: (src/list.c :87 :List_push) gay shit
DEBUG: (src/list.c :87 :List_push) gay shit
DEBUG: (src/list.c :87 :List_push) gay shit
DEBUG: (src/list.c :87 :List_push) gay shit
DEBUG: (src/list.c :87 :List_push) gay shit
DEBUG: (src/list.c :87 :List_push) gay shit
DEBUG: (src/list.c :87 :List_push) gay shit
DEBUG: (src/list.c :87 :List_push) gay shit
DEBUG: (src/list.c :87 :List_push) gay shit
DEBUG: (src/list.c :87 :List_push) gay shit
DEBUG: (src/list.c :87 :List_push) gay shit
DEBUG: (src/list.c :87 :List_push) gay shit
DEBUG: (src/list.c :87 :List_push) gay shit
DEBUG: (src/list.c :87 :List_push) gay shit
DEBUG: (src/list.c :87 :List_push) gay shit
DEBUG: (src/list.c :87 :List_push) gay shit
DEBUG: (src/list.c :87 :List_push) gay shit
DEBUG: (src/list.c :87 :List_push) gay shit
DEBUG: (src/list.c :87 :List_push) gay shit
DEBUG: (src/list.c :87 :List_push) gay shit
DEBUG: (src/list.c :87 :List_push) gay shit
DEBUG: (src/list.c :87 :List_push) gay shit
DEBUG: (src/list.c :87 :List_push) gay shit
DEBUG: (src/list.c :87 :List_push) gay shit
DEBUG: (src/list.c :87 :List_push) gay shit
DEBUG: (src/list.c :87 :List_push) gay shit
DEBUG: (src/list.c :87 :List_push) gay shit
DEBUG: (src/list.c :87 :List_push) gay shit
DEBUG: (src/list.c :87 :List_push) gay shit
DEBUG: (src/list.c :87 :List_push) gay shit
DEBUG: (src/list.c :87 :List_push) gay shit
DEBUG: (src/list.c :87 :List_push) gay shit
DEBUG: (src/list.c :87 :List_push) gay shit
DEBUG: (src/list.c :87 :List_push) gay shit
DEBUG: (src/list.c :87 :List_push) gay shit
DEBUG: (src/list.c :87 :List_push) gay shit
DEBUG: (src/list.c :87 :List_push) gay shit
DEBUG: (src/list.c :87 :List_push) gay shit
DEBUG: (src/list.c :87 :List_push) gay shit
DEBUG: (src/list.c :87 :List_push) gay shit
DEBUG: (src/list.c :87 :List_push) gay shit
DEBUG: (src/list.c :87 :List_push) gay shit
DEBUG: (src/list.c :87 :List_push) gay shit
DEBUG: (src/list.c :87 :List_push) gay shit
DEBUG: (src/list.c :87 :List_push) gay shit
DEBUG: (src/list.c :87 :List_push) gay shit
DEBUG: (src/list.c :87 :List_push) gay shit
DEBUG: (src/list.c :87 :List_push) gay shit
DEBUG: (src/list.c :87 :List_push) gay shit
DEBUG: (src/list.c :87 :List_push) gay shit
DEBUG: (src/list.c :87 :List_push) gay shit
DEBUG: (src/list.c :87 :List_push) gay shit
DEBUG: (src/list.c :87 :List_push) gay shit
DEBUG: (src/list.c :87 :List_push) gay shit
DEBUG: (src/list.c :87 :List_push) gay shit
DEBUG: (src/list.c :87 :List_push) gay shit
DEBUG: (src/list.c :87 :List_push) gay shit
DEBUG: (src/list.c :87 :List_push) gay shit
DEBUG: (src/list.c :87 :List_push) gay shit
DEBUG: (src/list.c :87 :List_push) gay shit
DEBUG: (src/list.c :87 :List_push) gay shit
DEBUG: (src/list.c :87 :List_push) gay shit
DEBUG: (src/list.c :87 :List_push) gay shit
DEBUG: (src/list.c :87 :List_push) gay shit
DEBUG: (src/list.c :87 :List_push) gay shit
DEBUG: (src/list.c :87 :List_push) gay shit
DEBUG: (src/list.c :87 :List_push) gay shit
DEBUG: (src/list.c :87 :List_push) gay shit
DEBUG: (src/list.c :87 :List_push) gay shit
DEBUG: (src/list.c :87 :List_push) gay shit
DEBUG: (src/list.c :87 :List_push) gay shit
DEBUG: (src/list.c :87 :List_push) gay shit
DEBUG: (src/list.c :87 :List_push) gay shit
DEBUG: (src/list.c :87 :List_push) gay shit
DEBUG: (src/list.c :87 :List_push) gay shit
DEBUG: (src/list.c :87 :List_push) gay shit
DEBUG: (src/list.c :87 :List_push) gay shit
DEBUG: (src/list.c :87 :List_push) gay shit
DEBUG: (src/list.c :87 :List_push) gay shit
DEBUG: (src/list.c :87 :List_push) gay shit
DEBUG: (src/list.c :87 :List_push) gay shit
DEBUG: (src/list.c :87 :List_push) gay shit
DEBUG: (src/list.c :87 :List_push) gay shit
DEBUG: (src/list.c :87 :List_push) gay shit
DEBUG: (src/list.c :87 :List_push) gay shit
DEBUG: (src/list.c :87 :List_push) gay shit
DEBUG: (src/list.c :87 :List_push) gay shit
DEBUG: (src/list.c :87 :List_push) gay shit
DEBUG: (src/list.c :87 :List_push) gay shit
DEBUG: (src/list.c :87 :List_push) gay shit
DEBUG: (src/list.c :87 :List_push) gay shit
DEBUG: (src/list.c :87 :List_push) gay shit
DEBUG: (src/list.c :87 :List_push) gay shit
DEBUG: (src/list.c :87 :List_push) gay shit
DEBUG: (src/list.c :87 :List_push) gay shit
DEBUG: (src/list.c :87 :List_push) gay shit
DEBUG: (src/list.c :87 :List_push) gay shit
DEBUG: (src/list.c :87 :List_push) gay shit
DEBUG: (src/list.c :87 :List_push) gay shit
DEBUG: (src/list.c :87 :List_push) gay shit
DEBUG: (src/list.c :87 :List_push) gay shit
DEBUG: (src/list.c :87 :List_push) gay shit
DEBUG: (src/list.c :87 :List_push) gay shit
DEBUG: (src/list.c :87 :List_push) gay shit
DEBUG: (src/list.c :87 :List_push) gay shit
DEBUG: (src/list.c :87 :List_push) gay shit
DEBUG: (src/list.c :87 :List_push) gay shit
DEBUG: (src/list.c :87 :List_push) gay shit
DEBUG: (src/list.c :87 :List_push) gay shit
DEBUG: (src/list.c :87 :List_push) gay shit
DEBUG: (src/list.c :87 :List_push) gay shit
DEBUG: (src/list.c :87 :List_push) gay shit
DEBUG: (src/list.c :87 :List_push) gay shit
DEBUG: (src/list.c :87 :List_push) gay shit
DEBUG: (src/list.c :87 :List_push) gay shit
DEBUG: (src/list.c :87 :List_push) gay shit
DEBUG: (src/list.c :87 :List_push) gay shit
DEBUG: (src/list.c :87 :List_push) gay shit
DEBUG: (src/list.c :87 :List_push) gay shit
DEBUG: (src/list.c :87 :List_push) gay shit
DEBUG: (src/list.c :87 :List_push) gay shit
DEBUG: (src/list.c :87 :List_push) gay shit
DEBUG: (src/list.c :87 :List_push) gay shit
DEBUG: (src/list.c :87 :List_push) gay shit
DEBUG: (src/list.c :87 :List_push) gay shit
DEBUG: (src/list.c :87 :List_push) gay shit
DEBUG: (src/list.c :87 :List_push) gay shit
DEBUG: (src/list.c :87 :List_push) gay shit
DEBUG: (src/list.c :87 :List_push) gay shit
DEBUG: (src/list.c :87 :List_push) gay shit
DEBUG: (src/list.c :87 :List_push) gay shit
DEBUG: (src/list.c :87 :List_push) gay shit
DEBUG: (src/list.c :87 :List_push) gay shit
DEBUG: (src/list.c :87 :List_push) gay shit
DEBUG: (src/list.c :87 :List_push) gay shit
DEBUG: (src/list.c :87 :List_push) gay shit
DEBUG: (src/list.c :87 :List_push) gay shit
DEBUG: (src/list.c :87 :List_push) gay shit
DEBUG: (src/list.c :87 :List_push) gay shit
DEBUG: (src/list.c :87 :List_push) gay shit
DEBUG: (src/list.c :87 :List_push) gay shit
DEBUG: (src/list.c :87 :List_push) gay shit
DEBUG: (src/list.c :87 :List_push) gay shit
DEBUG: (src/list.c :87 :List_push) gay shit
DEBUG: (src/list.c :87 :List_push) gay shit
DEBUG: (src/list.c :87 :List_push) gay shit
DEBUG: (src/list.c :87 :List_push) gay shit
DEBUG: (src/list.c :87 :List_push) gay shit
DEBUG: (src/list.c :87 :List_push) gay shit
DEBUG: (src/list.c :87 :List_push) gay shit
DEBUG: (src/list.c :87 :List_push) gay shit
DEBUG: (src/list.c :87 :List_push) gay shit
DEBUG: (src/list.c :87 :List_push) gay shit
DEBUG: (src/list.c :87 :List_push) gay shit
DEBUG: (src/list.c :87 :List_push) gay shit
DEBUG: (src/list.c :87 :List_push) gay shit
DEBUG: (src/list.c :87 :List_push) gay shit
DEBUG: (src/list.c :87 :List_push) gay shit
DEBUG: (src/list.c :87 :List_push) gay shit
DEBUG: (src/list.c :87 :List_push) gay shit
DEBUG: (src/list.c :87 :List_push) gay shit
DEBUG: (src/list.c :87 :List_push) gay shit
DEBUG: (src/list.c :87 :List_push) gay shit
DEBUG: (src/list.c :87 :List_push) gay shit
DEBUG: (src/list.c :87 :List_push) gay shit
DEBUG: (src/list.c :87 :List_push) gay shit
DEBUG: (src/list.c :87 :List_push) gay shit
DEBUG: (src/list.c :87 :List_push) gay shit
DEBUG: (src/list.c :87 :List_push) gay shit
DEBUG: (src/list.c :87 :List_push) gay shit
DEBUG: (src/list.c :87 :List_push) gay shit
DEBUG: (src/list.c :87 :List_push) gay shit
DEBUG: (src/list.c :87 :List_push) gay shit
DEBUG: (src/list.c :87 :List_push) gay shit
DEBUG: (src/list.c :87 :List_push) gay shit
DEBUG: (src/list.c :87 :List_push) gay shit
DEBUG: (src/list.c :87 :List_push) gay shit
DEBUG: (src/list.c :87 :List_push) gay shit
DEBUG: (src/list.c :87 :List_push) gay shit
DEBUG: (src/list.c :87 :List_push) gay shit
DEBUG: (src/list.c :87 :List_push) gay shit
DEBUG: (src/list.c :87 :List_push) gay shit
DEBUG: (src/list.c :87 :List_push) gay shit
DEBUG: (src/list.c :87 :List_push) gay shit
DEBUG: (src/list.c :87 :List_push) gay shit
DEBUG: (src/list.c :87 :List_push) gay shit
DEBUG: (src/list.c :87 :List_push) gay shit
DEBUG: (src/list.c :87 :List_push) gay shit
DEBUG: (src/list.c :87 :List_push) gay shit
DEBUG: (src/list.c :87 :List_push) gay shit
DEBUG: (src/list.c :87 :List_push) gay shit
DEBUG: (src/list.c :87 :List_push) gay shit
DEBUG: (src/list.c :87 :List_push) gay shit
DEBUG: (src/list.c :87 :List_push) gay shit
DEBUG: (src/list.c :87 :List_push) gay shit
DEBUG: (src/list.c :87 :List_push) gay shit
DEBUG: (src/list.c :87 :List_push) gay shit
DEBUG: (src/list.c :87 :List_push) gay shit
DEBUG: (src/list.c :87 :List_push) gay shit
DEBUG: (src/list.c :87 :List_push) gay shit
DEBUG: (src/list.c :87 :List_push) gay shit
DEBUG: (src/list.c :87 :List_push) gay shit
DEBUG: (src/list.c :87 :List_push) gay shit
DEBUG: (src/list.c :87 :List_push) gay shit
DEBUG: (src/list.c :87 :List_push) gay shit
DEBUG: (src/list.c :87 :List_push) gay shit
DEBUG: (src/list.c :87 :List_push) gay shit
DEBUG: (src/list.c :87 :List_push) gay shit
DEBUG: (src/list.c :87 :List_push) gay shit
DEBUG: (src/list.c :87 :List_push) gay shit
DEBUG: (src/list.c :87 :List_push) gay shit
DEBUG: (src/list.c :87 :List_push) gay shit
DEBUG: (src/list.c :87 :List_push) gay shit
DEBUG: (src/list.c :87 :List_push) gay shit
DEBUG: (src/list.c :87 :List_push) gay shit
DEBUG: (src/list.c :87 :List_push) gay shit
DEBUG: (src/list.c :87 :List_push) gay shit
DEBUG: (src/list.c :87 :List_push) gay shit
DEBUG: (src/list.c :87 :List_push) gay shit
DEBUG: (src/list.c :87 :List_push) gay shit
DEBUG: (src/list.c :87 :List_push) gay shit
DEBUG: (src/list.c :87 :List_push) gay shit
DEBUG: (src/list.c :87 :List_push) gay shit
DEBUG: (src/list.c :87 :List_push) gay shit
DEBUG: (src/list.c :87 :List_push) gay shit
DEBUG: (src/list.c :87 :List_push) gay shit
DEBUG: (src/list.c :87 :List_push) gay shit
DEBUG: (src/list.c :87 :List_push) gay shit
DEBUG: (src/list.c :87 :List_push) gay shit
DEBUG: (src/list.c :87 :List_push) gay shit
DEBUG: (src/list.c :87 :List_push) gay shit
DEBUG: (src/list.c :87 :List_push) gay shit
DEBUG: (src/list.c :87 :List_push) gay shit
DEBUG: (src/list.c :87 :List_push) gay shit
DEBUG: (src/list.c :87 :List_push) gay shit
DEBUG: (src/list.c :87 :List_push) gay shit
DEBUG: (src/list.c :87 :List_push) gay shit
DEBUG: (src/list.c :87 :List_push) gay shit
DEBUG: (src/list.c :87 :List_push) gay shit
DEBUG: (src/list.c :87 :List_push) gay shit
DEBUG: (src/list.c :87 :List_push) gay shit
DEBUG: (src/list.c :87 :List_push) gay shit
DEBUG: (src/list.c :87 :List_push) gay shit
DEBUG: (src/list.c :87 :List_push) gay shit
DEBUG: (src/list.c :87 :List_push) gay shit
DEBUG: (src/list.c :87 :List_push) gay shit
DEBUG: (src/list.c :87 :List_push) gay shit
DEBUG: (src/list.c :87 :List_push) gay shit
DEBUG: (src/list.c :87 :List_push) gay shit
DEBUG: (src/list.c :87 :List_push) gay shit
DEBUG: (src/list.c :87 :List_push) gay shit
DEBUG: (src/list.c :87 :List_push) gay shit
DEBUG: (src/list.c :87 :List_push) gay shit
DEBUG: (src/list.c :87 :List_push) gay shit
DEBUG: (src/list.c :87 :List_push) gay shit
DEBUG: (src/list.c :87 :List_push) gay shit
DEBUG: (src/list.c :87 :List_push) gay shit
DEBUG: (src/list.c :87 :List_push) gay shit
DEBUG: (src/list.c :87 :List_push) gay shit
DEBUG: (src/list.c :87 :List_push) gay shit
DEBUG: (src/list.c :87 :List_push) gay shit
DEBUG: (src/list.c :87 :List_push) gay shit
DEBUG: (src/list.c :87 :List_push) gay shit
DEBUG: (src/list.c :87 :List_push) gay shit
DEBUG: (src/list.c :87 :List_push) gay shit
DEBUG: (src/list.c :87 :List_push) gay shit
DEBUG: (src/list.c :87 :List_push) gay shit
DEBUG: (src/list.c :87 :List_push) gay shit
DEBUG: (src/list.c :87 :List_push) gay shit
DEBUG: (src/list.c :87 :List_push) gay shit
DEBUG: (src/list.c :87 :List_push) gay shit
DEBUG: (src/list.c :87 :List_push) gay shit
DEBUG: (src/list.c :87 :List_push) gay shit
DEBUG: (src/list.c :87 :List_push) gay shit
DEBUG: (src/list.c :87 :List_push) gay shit
DEBUG: (src/list.c :87 :List_push) gay shit
DEBUG: (src/list.c :87 :List_push) gay shit
DEBUG: (src/list.c :87 :List_push) gay shit
DEBUG: (src/list.c :87 :List_push) gay shit
DEBUG: (src/list.c :87 :List_push) gay shit
DEBUG: (src/list.c :87 :List_push) gay shit
DEBUG: (src/list.c :87 :List_push) gay shit
DEBUG: (src/list.c :87 :List_push) gay shit
DEBUG: (src/list.c :87 :List_push) gay shit
DEBUG: (src/list.c :87 :List_push) gay shit
DEBUG: (src/list.c :87 :List_push) gay shit
DEBUG: (src/list.c :87 :List_push) gay shit
DEBUG: (src/list.c :87 :List_push) gay shit
DEBUG: (src/list.c :87 :List_push) gay shit
DEBUG: (src/list.c :87 :List_push) gay shit
DEBUG: (src/list.c :87 :List_push) gay shit
DEBUG: (src/list.c :87 :List_push) gay shit
DEBUG: (src/list.c :87 :List_push) gay shit
DEBUG: (src/list.c :87 :List_push) gay shit
DEBUG: (src/list.c :87 :List_push) gay shit
DEBUG: (src/list.c :87 :List_push) gay shit
DEBUG: (src/list.c :87 :List_push) gay shit
DEBUG: (src/list.c :87 :List_push) gay shit
DEBUG: (src/list.c :87 :List_push) gay shit
DEBUG: (src/list.c :87 :List_push) gay shit
DEBUG: (src/list.c :87 :List_push) gay shit
DEBUG: (src/list.c :87 :List_push) gay shit
DEBUG: (src/list.c :87 :List_push) gay shit
DEBUG: (src/list.c :87 :List_push) gay shit
DEBUG: (src/list.c :87 :List_push) gay shit
DEBUG: (src/list.c :87 :List_push) gay shit
DEBUG: (src/list.c :87 :List_push) gay shit
DEBUG: (src/list.c :87 :List_push) gay shit
DEBUG: (src/list.c :87 :List_push) gay shit
DEBUG: (src/list.c :87 :List_push) gay shit
DEBUG: (src/list.c :87 :List_push) gay shit
DEBUG: (src/list.c :87 :List_push) gay shit
DEBUG: (src/list.c :87 :List_push) gay shit
DEBUG: (src/list.c :87 :List_push) gay shit
DEBUG: (src/list.c :87 :List_push) gay shit
DEBUG: (src/list.c :87 :List_push) gay shit
DEBUG: (src/list.c :87 :List_push) gay shit
DEBUG: (src/list.c :87 :List_push) gay shit
DEBUG: (src/list.c :87 :List_push) gay shit
DEBUG: (src/list.c :87 :List_push) gay shit
DEBUG: (src/list.c :87 :List_push) gay shit
DEBUG: (src/list.c :87 :List_push) gay shit
DEBUG: (src/list.c :87 :List_push) gay shit
DEBUG: (src/list.c :87 :List_push) gay shit
DEBUG: (src/list.c :87 :List_push) gay shit
DEBUG: (src/list.c :87 :List_push) gay shit
DEBUG: (src/list.c :87 :List_push) gay shit
DEBUG: (src/list.c :87 :List_push) gay shit
DEBUG: (src/list.c :87 :List_push) gay shit
DEBUG: (src/list.c :87 :List_push) gay shit
DEBUG: (src/list.c :87 :List_push) gay shit
DEBUG: (src/list.c :87 :List_push) gay shit
DEBUG: (src/list.c :87 :List_push) gay shit
DEBUG: (src/list.c :87 :List_push) gay shit
DEBUG: (src/list.c :87 :List_push) gay shit
DEBUG: (src/list.c :87 :List_push) gay shit
DEBUG: (src/list.c :87 :List_push) gay shit
DEBUG: (src/list.c :87 :List_push) gay shit
DEBUG: (src/list.c :87 :List_push) gay shit
DEBUG: (src/list.c :87 :List_push) gay shit
DEBUG: (src/list.c :87 :List_push) gay shit
DEBUG: (src/list.c :87 :List_push) gay shit
DEBUG: (src/list.c :87 :List_push) gay shit
DEBUG: (src/list.c :87 :List_push) gay shit
DEBUG: (src/list.c :87 :List_push) gay shit
DEBUG: (src/list.c :87 :List_push) gay shit
DEBUG: (src/list.c :87 :List_push) gay shit
DEBUG: (src/list.c :87 :List_push) gay shit
DEBUG: (src/list.c :87 :List_push) gay shit
DEBUG: (src/list.c :87 :List_push) gay shit
DEBUG: (src/list.c :87 :List_push) gay shit
DEBUG: (src/list.c :87 :List_push) gay shit
DEBUG: (src/list.c :87 :List_push) gay shit
DEBUG: (src/list.c :87 :List_push) gay shit
DEBUG: (src/list.c :87 :List_push) gay shit
DEBUG: (src/list.c :87 :List_push) gay shit
DEBUG: (src/list.c :87 :List_push) gay shit
DEBUG: (src/list.c :87 :List_push) gay shit
DEBUG: (src/list.c :87 :List_push) gay shit
DEBUG: (src/list.c :87 :List_push) gay shit
DEBUG: (src/list.c :87 :List_push) gay shit
DEBUG: (src/list.c :87 :List_push) gay shit
DEBUG: (src/list.c :87 :List_push) gay shit
DEBUG: (src/list.c :87 :List_push) gay shit
DEBUG: (src/list.c :87 :List_push) gay shit
DEBUG: (src/list.c :87 :List_push) gay shit
DEBUG: (src/list.c :87 :List_push) gay shit
DEBUG: (src/list.c :87 :List_push) gay shit
DEBUG: (src/list.c :87 :List_push) gay shit
DEBUG: (src/list.c :87 :List_push) gay shit
DEBUG: (src/list.c :87 :List_push) gay shit
DEBUG: (src/list.c :87 :List_push) gay shit
DEBUG: (src/list.c :87 :List_push) gay shit
DEBUG: (src/list.c :87 :List_push) gay shit
DEBUG: (src/list.c :87 :List_push) gay shit
DEBUG: (src/list.c :87 :List_push) gay shit
DEBUG: (src/list.c :87 :List_push) gay shit
DEBUG: (src/list.c :87 :List_push) gay shit
DEBUG: (src/list.c :87 :List_push) gay shit
DEBUG: (src/list.c :87 :List_push) gay shit
DEBUG: (src/list.c :87 :List_push) gay shit
DEBUG: (src/list.c :87 :List_push) gay shit
DEBUG: (src/list.c :87 :List_push) gay shit
DEBUG: (src/list.c :87 :List_push) gay shit
DEBUG: (src/list.c :87 :List_push) gay shit
DEBUG: (src/list.c :87 :List_push) gay shit
DEBUG: (src/list.c :87 :List_push) gay shit
DEBUG: (src/list.c :87 :List_push) gay shit
DEBUG: (src/list.c :87 :List_push) gay shit
DEBUG: (src/list.c :87 :List_push) gay shit
DEBUG: (src/list.c :87 :List_push) gay shit
DEBUG: (src/list.c :87 :List_push) gay shit
DEBUG: (src/list.c :87 :List_push) gay shit
DEBUG: (src/list.c :87 :List_push) gay shit
DEBUG: (src/list.c :87 :List_push) gay shit
DEBUG: (src/list.c :87 :List_push) gay shit
DEBUG: (src/list.c :87 :List_push) gay shit
DEBUG: (src/list.c :87 :List_push) gay shit
DEBUG: (src/list.c :87 :List_push) gay shit
DEBUG: (src/list.c :87 :List_push) gay shit
DEBUG: (src/list.c :87 :List_push) gay shit
DEBUG: (src/list.c :87 :List_push) gay shit
DEBUG: (src/list.c :87 :List_push) gay shit
DEBUG: (src/list.c :87 :List_push) gay shit
DEBUG: (src/list.c :87 :List_push) gay shit
DEBUG: (src/list.c :87 :List_push) gay shit
DEBUG: (src/list.c :87 :List_push) gay shit
DEBUG: (src/list.c :87 :List_push) gay shit
DEBUG: (src/list.c :87 :List_push) gay shit
DEBUG: (src/list.c :87 :List_push) gay shit
DEBUG: (src/list.c :87 :List_push) gay shit
DEBUG: (src/list.c :87 :List_push) gay shit
DEBUG: (src/list.c :87 :List_push) gay shit
DEBUG: (src/list.c :87 :List_push) gay shit
DEBUG: (src/list.c :87 :List_push) gay shit
DEBUG: (src/list.c :87 :List_push) gay shit
DEBUG: (src/list.c :87 :List_push) gay shit
DEBUG: (src/list.c :87 :List_push) gay shit
DEBUG: (src/list.c :87 :List_push) gay shit
DEBUG: (src/list.c :87 :List_push) gay shit
DEBUG: (src/list.c :87 :List_push) gay shit
DEBUG: (src/list.c :87 :List_push) gay shit
DEBUG: (src/list.c :87 :List_push) gay shit
DEBUG: (src/list.c :87 :List_push) gay shit
DEBUG: (src/list.c :87 :List_push) gay shit
DEBUG: (src/list.c :87 :List_push) gay shit
DEBUG: (src/list.c :87 :List_push) gay shit
DEBUG: (src/list.c :87 :List_push) gay shit
DEBUG: (src/list.c :87 :List_push) gay shit
DEBUG: (src/list.c :87 :List_push) gay shit
DEBUG: (src/list.c :87 :List_push) gay shit
DEBUG: (src/list.c :87 :List_push) gay shit
DEBUG: (src/list.c :87 :List_push) gay shit
DEBUG: (src/list.c :87 :List_push) gay shit
DEBUG: (src/list.c :87 :List_push) gay shit
DEBUG: (src/list.c :87 :List_push) gay shit
DEBUG: (src/list.c :87 :List_push) gay shit
DEBUG: (src/list.c :87 :List_push) gay shit
DEBUG: (src/list.c :87 :List_push) gay shit
DEBUG: (src/list.c :87 :List_push) gay shit
DEBUG: (src/list.c :87 :List_push) gay shit
DEBUG: (src/list.c :87 :List_push) gay shit
DEBUG: (src/list.c :87 :List_push) gay shit
DEBUG: (src/list.c :87 :List_push) gay shit
DEBUG: (src/list.c :87 :List_push) gay shit
DEBUG: (src/list.c :87 :List_push) gay shit
DEBUG: (src/list.c :87 :List_push) gay shit
DEBUG: (src/list.c :87 :List_push) gay shit
DEBUG: (src/list.c :87 :List_push) gay shit
DEBUG: (src/list.c :87 :List_push) gay shit
DEBUG: (src/list.c :87 :List_push) gay shit
DEBUG: (src/list.c :87 :List_push) gay shit
DEBUG: (src/list.c :87 :List_push) gay shit
DEBUG: (src/list.c :87 :List_push) gay shit
DEBUG: (src/list.c :87 :List_push) gay shit
DEBUG: (src/list.c :87 :List_push) gay shit
DEBUG: (src/list.c :87 :List_push) gay shit
DEBUG: (src/list.c :87 :List_push) gay shit
DEBUG: (src/list.c :87 :List_push) gay shit
DEBUG: (src/list.c :87 :List_push) gay shit
DEBUG: (src/list.c :87 :List_push) gay shit
DEBUG: (src/list.c :87 :List_push) gay shit
DEBUG: (src/list.c :87 :List_push) gay shit
DEBUG: (src/list.c :87 :List_push) gay shit
DEBUG: (src/list.c :87 :List_push) gay shit
DEBUG: (src/list.c :87 :List_push) gay shit
DEBUG: (src/list.c :87 :List_push) gay shit
DEBUG: (src/list.c :87 :List_push) gay shit
DEBUG: (src/list.c :87 :List_push) gay shit
DEBUG: (src/list.c :87 :List_push) gay shit
DEBUG: (src/list.c :87 :List_push) gay shit
DEBUG: (src/list.c :87 :List_push) gay shit
DEBUG: (src/list.c :87 :List_push) gay shit
DEBUG: (src/list.c :87 :List_push) gay shit
DEBUG: (src/list.c :87 :List_push) gay shit
DEBUG: (src/list.c :87 :List_push) gay shit
DEBUG: (src/list.c :87 :List_push) gay shit
DEBUG: (src/list.c :87 :List_push) gay shit
DEBUG: (src/list.c :87 :List_push) gay shit
DEBUG: (src/list.c :87 :List_push) gay shit
DEBUG: (src/list.c :87 :List_push) gay shit
DEBUG: (src/list.c :87 :List_push) gay shit
DEBUG: (src/list.c :87 :List_push) gay shit
DEBUG: (src/list.c :87 :List_push) gay shit
DEBUG: (src/list.c :87 :List_push) gay shit
DEBUG: (src/list.c :87 :List_push) gay shit
DEBUG: (src/list.c :87 :List_push) gay shit
DEBUG: (src/list.c :87 :List_push) gay shit
DEBUG: (src/list.c :87 :List_push) gay shit
DEBUG: (src/list.c :87 :List_push) gay shit
DEBUG: (src/list.c :87 :List_push) gay shit
DEBUG: (src/list.c :87 :List_push) gay shit
DEBUG: (src/list.c :87 :List_push) gay shit
DEBUG: (src/list.c :87 :List_push) gay shit
DEBUG: (src/list.c :87 :List_push) gay shit
DEBUG: (src/list.c :87 :List_push) gay shit
DEBUG: (src/list.c :87 :List_push) gay shit
DEBUG: (src/list.c :87 :List_push) gay shit
DEBUG: (src/list.c :87 :List_push) gay shit
DEBUG: (src/list.c :87 :List_push) gay shit
DEBUG: (src/list.c :87 :List_push) gay shit
DEBUG: (src/list.c :87 :List_push) gay shit
DEBUG: (src/list.c :87 :List_push) gay shit
DEBUG: (src/list.c :87 :List_push) gay shit
DEBUG: (src/list.c :87 :List_push) gay shit
DEBUG: (src/list.c :87 :List_push) gay shit
DEBUG: (src/list.c :87 :List_push) gay shit
DEBUG: (src/list.c :87 :List_push) gay shit
DEBUG: (src/list.c :87 :List_push) gay shit
DEBUG: (src/list.c :87 :List_push) gay shit
DEBUG: (src/list.c :87 :List_push) gay shit
DEBUG: (src/list.c :87 :List_push) gay shit
DEBUG: (src/list.c :87 :List_push) gay shit
DEBUG: (src/list.c :87 :List_push) gay shit
DEBUG: (src/list.c :87 :List_push) gay shit
DEBUG: (src/list.c :87 :List_push) gay shit
DEBUG: (src/list.c :87 :List_push) gay shit
DEBUG: (src/list.c :87 :List_push) gay shit
DEBUG: (src/list.c :87 :List_push) gay shit
DEBUG: (src/list.c :87 :List_push) gay shit
DEBUG: (src/list.c :87 :List_push) gay shit
DEBUG: (src/list.c :87 :List_push) gay shit
DEBUG: (src/list.c :87 :List_push) gay shit
DEBUG: (src/list.c :87 :List_push) gay shit
DEBUG: (src/list.c :87 :List_push) gay shit
DEBUG: (src/list.c :87 :List_push) gay shit
DEBUG: (src/list.c :87 :List_push) gay shit
DEBUG: (src/list.c :87 :List_push) gay shit
DEBUG: (src/list.c :87 :List_push) gay shit
DEBUG: (src/list.c :87 :List_push) gay shit
DEBUG: (src/list.c :87 :List_push) gay shit
DEBUG: (src/list.c :87 :List_push) gay shit
DEBUG: (src/list.c :87 :List_push) gay shit
DEBUG: (src/list.c :87 :List_push) gay shit
DEBUG: (src/list.c :87 :List_push) gay shit
DEBUG: (src/list.c :87 :List_push) gay shit
DEBUG: (src/list.c :87 :List_push) gay shit
DEBUG: (src/list.c :87 :List_push) gay shit
DEBUG: (src/list.c :87 :List_push) gay shit
DEBUG: (src/list.c :87 :List_push) gay shit
DEBUG: (src/list.c :87 :List_push) gay shit
DEBUG: (src/list.c :87 :List_push) gay shit
DEBUG: (src/list.c :87 :List_push) gay shit
DEBUG: (src/list.c :87 :List_push) gay shit
DEBUG: (src/list.c :87 :List_push) gay shit
DEBUG: (src/list.c :87 :List_push) gay shit
DEBUG: (src/list.c :87 :List_push) gay shit
DEBUG: (src/list.c :87 :List_push) gay shit
DEBUG: (src/list.c :87 :List_push) gay shit
DEBUG: (src/list.c :87 :List_push) gay shit
DEBUG: (src/list.c :87 :List_push) gay shit
DEBUG: (src/list.c :87 :List_push) gay shit
DEBUG: (src/list.c :87 :List_push) gay shit
DEBUG: (src/list.c :87 :List_push) gay shit
DEBUG: (src/list.c :87 :List_push) gay shit
DEBUG: (src/list.c :87 :List_push) gay shit
DEBUG: (src/list.c :87 :List_push) gay shit
DEBUG: (src/list.c :87 :List_push) gay shit
DEBUG: (src/list.c :87 :List_push) gay shit
DEBUG: (src/list.c :87 :List_push) gay shit
DEBUG: (src/list.c :87 :List_push) gay shit
DEBUG: (src/list.c :87 :List_push) gay shit
DEBUG: (src/list.c :87 :List_push) gay shit
DEBUG: (src/list.c :87 :List_push) gay shit
DEBUG: (src/list.c :87 :List_push) gay shit
DEBUG: (src/list.c :87 :List_push) gay shit
DEBUG: (src/list.c :87 :List_push) gay shit
DEBUG: (src/list.c :87 :List_push) gay shit
DEBUG: (src/list.c :87 :List_push) gay shit
DEBUG: (src/list.c :87 :List_push) gay shit
DEBUG: (src/list.c :87 :List_push) gay shit
DEBUG: (src/list.c :87 :List_push) gay shit
DEBUG: (src/list.c :87 :List_push) gay shit
DEBUG: (src/list.c :87 :List_push) gay shit
DEBUG: (src/list.c :87 :List_push) gay shit
DEBUG: (src/list.c :87 :List_push) gay shit
DEBUG: (src/list.c :87 :List_push) gay shit
DEBUG: (src/list.c :87 :List_push) gay shit
DEBUG: (src/list.c :87 :List_push) gay shit
DEBUG: (src/list.c :87 :List_push) gay shit
DEBUG: (src/list.c :87 :List_push) gay shit
DEBUG: (src/list.c :87 :List_push) gay shit
DEBUG: (src/list.c :87 :List_push) gay shit
DEBUG: (src/list.c :87 :List_push) gay shit
DEBUG: (src/list.c :87 :List_push) gay shit
DEBUG: (src/list.c :87 :List_push) gay shit
DEBUG: (src/list.c :87 :List_push) gay shit
DEBUG: (src/list.c :87 :List_push) gay shit
DEBUG: (src/list.c :87 :List_push) gay shit
DEBUG: (src/list.c :87 :List_push) gay shit
DEBUG: (src/list.c :87 :List_push) gay shit
DEBUG: (src/list.c :87 :List_push) gay shit
DEBUG: (src/list.c :87 :List_push) gay shit
DEBUG: (src/list.c :87 :List_push) gay shit
DEBUG: (src/list.c :87 :List_push) gay shit
DEBUG: (src/list.c :87 :List_push) gay shit
DEBUG: (src/list.c :87 :List_push) gay shit
DEBUG: (src/list.c :87 :List_push) gay shit
DEBUG: (src/list.c :87 :List_push) gay shit
DEBUG: (src/list.c :87 :List_push) gay shit
DEBUG: (src/list.c :87 :List_push) gay shit
DEBUG: (src/list.c :87 :List_push) gay shit
DEBUG: (src/list.c :87 :List_push) gay shit
DEBUG: (src/list.c :87 :List_push) gay shit
DEBUG: (src/list.c :87 :List_push) gay shit
DEBUG: (src/list.c :87 :List_push) gay shit
DEBUG: (src/list.c :87 :List_push) gay shit
DEBUG: (src/list.c :87 :List_push) gay shit
DEBUG: (src/list.c :87 :List_push) gay shit
DEBUG: (src/list.c :87 :List_push) gay shit
DEBUG: (src/list.c :87 :List_push) gay shit
DEBUG: (src/list.c :87 :List_push) gay shit
DEBUG: (src/list.c :87 :List_push) gay shit
DEBUG: (src/list.c :87 :List_push) gay shit
DEBUG: (src/list.c :87 :List_push) gay shit
DEBUG: (src/list.c :87 :List_push) gay shit
DEBUG: (src/list.c :87 :List_push) gay shit
DEBUG: (src/list.c :87 :List_push) gay shit
DEBUG: (src/list.c :87 :List_push) gay shit
DEBUG: (src/list.c :87 :List_push) gay shit
DEBUG: (src/list.c :87 :List_push) gay shit
DEBUG: (src/list.c :87 :List_push) gay shit
DEBUG: (src/list.c :87 :List_push) gay shit
DEBUG: (src/list.c :87 :List_push) gay shit
DEBUG: (src/list.c :87 :List_push) gay shit
DEBUG: (src/list.c :87 :List_push) gay shit
DEBUG: (src/list.c :87 :List_push) gay shit
DEBUG: (src/list.c :87 :List_push) gay shit
DEBUG: (src/list.c :87 :List_push) gay shit
DEBUG: (src/list.c :87 :List_push) gay shit
DEBUG: (src/list.c :87 :List_push) gay shit
DEBUG: (src/list.c :87 :List_push) gay shit
DEBUG: (src/list.c :87 :List_push) gay shit
DEBUG: (src/list.c :87 :List_push) gay shit
DEBUG: (src/list.c :87 :List_push) gay shit
DEBUG: (src/list.c :87 :List_push) gay shit
DEBUG: (src/list.c :87 :List_push) gay shit
DEBUG: (src/list.c :87 :List_push) gay shit
DEBUG: (src/list.c :87 :List_push) gay shit
DEBUG: (src/list.c :87 :List_push) gay shit
DEBUG: (src/list.c :87 :List_push) gay shit
DEBUG: (src/list.c :87 :List_push) gay shit
DEBUG: (src/list.c :87 :List_push) gay shit
DEBUG: (src/list.c :87 :List_push) gay shit
DEBUG: (src/list.c :87 :List_push) gay shit
DEBUG: (src/list.c :87 :List_push) gay shit
DEBUG: (src/list.c :87 :List_push) gay shit
DEBUG: (src/list.c :87 :List_push) gay shit
DEBUG: (src/list.c :87 :List_push) gay shit
DEBUG: (src/list.c :87 :List_push) gay shit
DEBUG: (src/list.c :87 :List_push) gay shit
DEBUG: (src/list.c :87 :List_push) gay shit
DEBUG: (src/list.c :87 :List_push) gay shit
DEBUG: (src/list.c :87 :List_push) gay shit
DEBUG: (src/list.c :87 :List_push) gay shit
DEBUG: (src/list.c :87 :List_push) gay shit
DEBUG: (src/list.c :87 :List_push) gay shit
DEBUG: (src/list.c :87 :List_push) gay shit
DEBUG: (src/list.c :87 :List_push) gay shit
DEBUG: (src/list.c :87 :List_push) gay shit
DEBUG: (src/list.c :87 :List_push) gay shit
DEBUG: (src/list.c :87 :List_push) gay shit
DEBUG: (src/list.c :87 :List_push) gay shit
DEBUG: (src/list.c :87 :List_push) gay shit
DEBUG: (src/list.c :87 :List_push) gay shit
DEBUG: (src/list.c :87 :List_push) gay shit
DEBUG: (src/list.c :87 :List_push) gay shit
DEBUG: (src/list.c :87 :List_push) gay shit
DEBUG: (src/list.c :87 :List_push) gay shit
DEBUG: (src/list.c :87 :List_push) gay shit
DEBUG: (src/list.c :87 :List_push) gay shit
DEBUG: (src/list.c :87 :List_push) gay shit
DEBUG: (src/list.c :87 :List_push) gay shit
DEBUG: (src/list.c :87 :List_push) gay shit
DEBUG: (src/list.c :87 :List_push) gay shit
DEBUG: (src/list.c :87 :List_push) gay shit
DEBUG: (src/list.c :87 :List_push) gay shit
DEBUG: (src/list.c :87 :List_push) gay shit
DEBUG: (src/list.c :87 :List_push) gay shit
DEBUG: (src/list.c :87 :List_push) gay shit
DEBUG: (src/list.c :87 :List_push) gay shit
DEBUG: (src/list.c :87 :List_push) gay shit
DEBUG: (src/list.c :87 :List_push) gay shit
DEBUG: (src/list.c :87 :List_push) gay shit
DEBUG: (src/list.c :87 :List_push) gay shit
DEBUG: (src/list.c :87 :List_push) gay shit
DEBUG: (src/list.c :87 :List_push) gay shit
DEBUG: (src/list.c :87 :List_push) gay shit
DEBUG: (src/list.c :87 :List_push) gay shit
DEBUG: (src/list.c :87 :List_push) gay shit
DEBUG: (src/list.c :87 :List_push) gay shit
DEBUG: (src/list.c :87 :List_push) gay shit
DEBUG: (src/list.c :87 :List_push) gay shit
DEBUG: (src/list.c :87 :List_push) gay shit
DEBUG: (src/list.c :87 :List_push) gay shit
DEBUG: (src/list.c :87 :List_push) gay shit
DEBUG: (src/list.c :87 :List_push) gay shit
DEBUG: (src/list.c :87 :List_push) gay shit
DEBUG: (src/list.c :87 :List_push) gay shit
DEBUG: (src/list.c :87 :List_push) gay shit
DEBUG: (src/list.c :87 :List_push) gay shit
DEBUG: (src/list.c :87 :List_push) gay shit
DEBUG: (src/list.c :87 :List_push) gay shit
DEBUG: (src/list.c :87 :List_push) gay shit
DEBUG: (src/list.c :87 :List_push) gay shit
DEBUG: (src/list.c :87 :List_push) gay shit
DEBUG: (src/list.c :87 :List_push) gay shit
DEBUG: (src/list.c :87 :List_push) gay shit
DEBUG: (src/list.c :87 :List_push) gay shit
DEBUG: (src/list.c :87 :List_push) gay shit
DEBUG: (src/list.c :87 :List_push) gay shit
DEBUG: (src/list.c :87 :List_push) gay shit
DEBUG: (src/list.c :87 :List_push) gay shit
DEBUG: (src/list.c :87 :List_push) gay shit
DEBUG: (src/list.c :87 :List_push) gay shit
DEBUG: (src/list.c :87 :List_push) gay shit
DEBUG: (src/list.c :87 :List_push) gay shit
DEBUG: (src/list.c :87 :List_push) gay shit
DEBUG: (src/list.c :87 :List_push) gay shit
DEBUG: (src/list.c :87 :List_push) gay shit
DEBUG: (src/list.c :87 :List_push) gay shit
DEBUG: (src/list.c :87 :List_push) gay shit
DEBUG: (src/list.c :87 :List_push) gay shit
DEBUG: (src/list.c :87 :List_push) gay shit
DEBUG: (src/list.c :87 :List_push) gay shit
DEBUG: (src/list.c :87 :List_push) gay shit
DEBUG: (src/list.c :87 :List_push) gay shit
DEBUG: (src/list.c :87 :List_push) gay shit
DEBUG: (src/list.c :87 :List_push) gay shit
DEBUG: (src/list.c :87 :List_push) gay shit
DEBUG: (src/list.c :87 :List_push) gay shit
DEBUG: (src/list.c :87 :List_push) gay shit
DEBUG: (src/list.c :87 :List_push) gay shit
DEBUG: (src/list.c :87 :List_push) gay shit
DEBUG: (src/list.c :87 :List_push) gay shit
DEBUG: (src/list.c :87 :List_push) gay shit
DEBUG: (src/list.c :87 :List_push) gay shit
DEBUG: (src/list.c :87 :List_push) gay shit
DEBUG: (src/list.c :87 :List_push) gay shit
DEBUG: (src/list.c :87 :List_push) gay shit
DEBUG: (src/list.c :87 :List_push) gay shit
DEBUG: (src/list.c :87 :List_push) gay shit
DEBUG: (src/list.c :87 :List_push) gay shit
DEBUG: (src/list.c :87 :List_push) gay shit
DEBUG: (src/list.c :87 :List_push) gay shit
DEBUG: (src/list.c :87 :List_push) gay shit
DEBUG: (src/list.c :87 :List_push) gay shit
DEBUG: (src/list.c :87 :List_push) gay shit
DEBUG: (src/list.c :87 :List_push) gay shit
DEBUG: (src/list.c :87 :List_push) gay shit
DEBUG: (src/list.c :87 :List_push) gay shit
DEBUG: (src/list.c :87 :List_push) gay shit
DEBUG: (src/list.c :87 :List_push) gay shit
DEBUG: (src/list.c :87 :List_push) gay shit
DEBUG: (src/list.c :87 :List_push) gay shit
DEBUG: (src/list.c :87 :List_push) gay shit
DEBUG: (src/list.c :87 :List_push) gay shit
DEBUG: (src/list.c :87 :List_push) gay shit
DEBUG: (src/list.c :87 :List_push) gay shit
DEBUG: (src/list.c :87 :List_push) gay shit
DEBUG: (src/list.c :87 :List_push) gay shit
DEBUG: (src/list.c :87 :List_push) gay shit
DEBUG: (src/list.c :87 :List_push) gay shit
DEBUG: (src/list.c :87 :List_push) gay shit
DEBUG: (src/list.c :87 :List_push) gay shit
DEBUG: (src/list.c :87 :List_push) gay shit
DEBUG: (src/list.c :87 :List_push) gay shit
DEBUG: (src/list.c :87 :List_push) gay shit
DEBUG: (src/list.c :87 :List_push) gay shit
DEBUG: (src/list.c :87 :List_push) gay shit
DEBUG: (src/list.c :87 :List_push) gay shit
DEBUG: (src/list.c :87 :List_push) gay shit
DEBUG: (src/list.c :87 :List_push) gay shit
DEBUG: (src/list.c :87 :List_push) gay shit
DEBUG: (src/list.c :87 :List_push) gay shit
DEBUG: (src/list.c :87 :List_push) gay shit
DEBUG: (src/list.c :87 :List_push) gay shit
DEBUG: (src/list.c :87 :List_push) gay shit
DEBUG: (src/list.c :87 :List_push) gay shit
DEBUG: (src/list.c :87 :List_push) gay shit
DEBUG: (src/list.c :87 :List_push) gay shit
DEBUG: (src/list.c :87 :List_push) gay shit
DEBUG: (src/list.c :87 :List_push) gay shit
DEBUG: (src/list.c :87 :List_push) gay shit
DEBUG: (src/list.c :87 :List_push) gay shit
DEBUG: (src/list.c :87 :List_push) gay shit
DEBUG: (src/list.c :87 :List_push) gay shit
DEBUG: (src/list.c :87 :List_push) gay shit
DEBUG: (src/list.c :87 :List_push) gay shit
DEBUG: (src/list.c :87 :List_push) gay shit
DEBUG: (src/list.c :87 :List_push) gay shit
DEBUG: (src/list.c :87 :List_push) gay shit
DEBUG: (src/list.c :87 :List_push) gay shit
DEBUG: (src/list.c :87 :List_push) gay shit
DEBUG: (src/list.c :87 :List_push) gay shit
DEBUG: (src/list.c :87 :List_push) gay shit
DEBUG: (src/list.c :87 :List_push) gay shit
DEBUG: (src/list.c :87 :List_push) gay shit
DEBUG: (src/list.c :87 :List_push) gay shit
DEBUG: (src/list.c :87 :List_push) gay shit
DEBUG: (src/list.c :87 :List_push) gay shit
DEBUG: (src/list.c :87 :List_push) gay shit
DEBUG: (src/list.c :87 :List_push) gay shit
DEBUG: (src/list.c :87 :List_push) gay shit
DEBUG: (src/list.c :87 :List_push) gay shit
DEBUG: (src/list.c :87 :List_push) gay shit
DEBUG: (src/list.c :87 :List_push) gay shit
DEBUG: (src/list.c :87 :List_push) gay shit
DEBUG: (src/list.c :87 :List_push) gay shit
DEBUG: (src/list.c :87 :List_push) gay shit
DEBUG: (src/list.c :87 :List_push) gay shit
DEBUG: (src/list.c :87 :List_push) gay shit
DEBUG: (src/list.c :87 :List_push) gay shit
DEBUG: (src/list.c :87 :List_push) gay shit
DEBUG: (src/list.c :87 :List_push) gay shit
DEBUG: (src/list.c :87 :List_push) gay shit
DEBUG: (src/list.c :87 :List_push) gay shit
DEBUG: (src/list.c :87 :List_push) gay shit
DEBUG: (src/list.c :87 :List_push) gay shit
DEBUG: (src/list.c :87 :List_push) gay shit
DEBUG: (src/list.c :87 :List_push) gay shit
DEBUG: (src/list.c :87 :List_push) gay shit
DEBUG: (src/list.c :87 :List_push) gay shit
DEBUG: (src/list.c :87 :List_push) gay shit
DEBUG: (src/list.c :87 :List_push) gay shit
DEBUG: (src/list.c :87 :List_push) gay shit
DEBUG: (src/list.c :87 :List_push) gay shit
DEBUG: (src/list.c :87 :List_push) gay shit
DEBUG: (src/list.c :87 :List_push) gay shit
DEBUG: (src/list.c :87 :List_push) gay shit
DEBUG: (src/list.c :87 :List_push) gay shit
DEBUG: (src/list.c :87 :List_push) gay shit
DEBUG: (src/list.c :87 :List_push) gay shit
DEBUG: (src/list.c :87 :List_push) gay shit
DEBUG: (src/list.c :87 :List_push) gay shit
DEBUG: (src/list.c :87 :List_push) gay shit
DEBUG: (src/list.c :87 :List_push) gay shit
DEBUG: (src/list.c :87 :List_push) gay shit
DEBUG: (src/list.c :87 :List_push) gay shit
DEBUG: (src/list.c :87 :List_push) gay shit
DEBUG: (src/list.c :87 :List_push) gay shit
DEBUG: (src/list.c :87 :List_push) gay shit
DEBUG: (src/list.c :87 :List_push) gay shit
DEBUG: (src/list.c :87 :List_push) gay shit
DEBUG: (src/list.c :87 :List_push) gay shit
DEBUG: (src/list.c :87 :List_push) gay shit
DEBUG: (src/list.c :87 :List_push) gay shit
DEBUG: (src/list.c :87 :List_push) gay shit
DEBUG: (src/list.c :87 :List_push) gay shit
DEBUG: (src/list.c :87 :List_push) gay shit
DEBUG: (src/list.c :87 :List_push) gay shit
DEBUG: (src/list.c :87 :List_push) gay shit
DEBUG: (src/list.c :87 :List_push) gay shit
DEBUG: (src/list.c :87 :List_push) gay shit
DEBUG: (src/list.c :87 :List_push) gay shit
DEBUG: (src/list.c :87 :List_push) gay shit
DEBUG: (src/list.c :87 :List_push) gay shit
DEBUG: (src/list.c :87 :List_push) gay shit
DEBUG: (src/list.c :87 :List_push) gay shit
DEBUG: (src/list.c :87 :List_push) gay shit
DEBUG: (src/list.c :87 :List_push) gay shit
DEBUG: (src/list.c :87 :List_push) gay shit
DEBUG: (src/list.c :87 :List_push) gay shit
DEBUG: (src/list.c :87 :List_push) gay shit
DEBUG: (src/list.c :87 :List_push) gay shit
DEBUG: (src/list.c :87 :List_push) gay shit
DEBUG: (src/list.c :87 :List_push) gay shit
DEBUG: (src/list.c :87 :List_push) gay shit
DEBUG: (src/list.c :87 :List_push) gay shit
DEBUG: (src/list.c :87 :List_push) gay shit
DEBUG: (src/list.c :87 :List_push) gay shit
DEBUG: (src/list.c :87 :List_push) gay shit
DEBUG: (src/list.c :87 :List_push) gay shit
DEBUG: (src/list.c :87 :List_push) gay shit
DEBUG: (src/list.c :87 :List_push) gay shit
DEBUG: (src/list.c :87 :List_push) gay shit
DEBUG: (src/list.c :87 :List_push) gay shit
DEBUG: (src/list.c :87 :List_push) gay shit
DEBUG: (src/list.c :87 :List_push) gay shit
DEBUG: (src/list.c :87 :List_push) gay shit
DEBUG: (src/list.c :87 :List_push) gay shit
DEBUG: (src/list.c :87 :List_push) gay shit
DEBUG: (src/list.c :87 :List_push) gay shit
DEBUG: (src/list.c :87 :List_push) gay shit
DEBUG: (src/list.c :87 :List_push) gay shit
DEBUG: (src/list.c :87 :List_push) gay shit
DEBUG: (src/list.c :87 :List_push) gay shit
DEBUG: (src/list.c :87 :List_push) gay shit
DEBUG: (src/list.c :87 :List_push) gay shit
DEBUG: (src/list.c :87 :List_push) gay shit
DEBUG: (src/list.c :87 :List_push) gay shit
DEBUG: (src/list.c :87 :List_push) gay shit
DEBUG: (src/list.c :87 :List_push) gay shit
DEBUG: (src/list.c :87 :List_push) gay shit
DEBUG: (src/list.c :87 :List_push) gay shit
DEBUG: (src/list.c :87 :List_push) gay shit
DEBUG: (src/list.c :87 :List_push) gay shit
DEBUG: (src/list.c :87 :List_push) gay shit
DEBUG: (src/list.c :87 :List_push) gay shit
DEBUG: (src/list.c :87 :List_push) gay shit
DEBUG: (src/list.c :87 :List_push) gay shit
DEBUG: (src/list.c :87 :List_push) gay shit
DEBUG: (src/list.c :87 :List_push) gay shit
DEBUG: (src/list.c :87 :List_push) gay shit
DEBUG: (src/list.c :87 :List_push) gay shit
DEBUG: (src/list.c :87 :List_push) gay shit
DEBUG: (src/list.c :87 :List_push) gay shit
DEBUG: (src/list.c :87 :List_push) gay shit
DEBUG: (src/list.c :87 :List_push) gay shit
DEBUG: (src/list.c :87 :List_push) gay shit
DEBUG: (src/list.c :87 :List_push) gay shit
DEBUG: (src/list.c :87 :List_push) gay shit
DEBUG: (src/list.c :87 :List_push) gay shit
DEBUG: (src/list.c :87 :List_push) gay shit
DEBUG: (src/list.c :87 :List_push) gay shit
DEBUG: (src/list.c :87 :List_push) gay shit
DEBUG: (src/list.c :87 :List_push) gay shit
DEBUG: (src/list.c :87 :List_push) gay shit
DEBUG: (src/list.c :87 :List_push) gay shit
DEBUG: (src/list.c :87 :List_push) gay shit
DEBUG: (src/list.c :87 :List_push) gay shit
DEBUG: (src/list.c :87 :List_push) gay shit
DEBUG: (src/list.c :87 :List_push) gay shit
DEBUG: (src/list.c :87 :List_push) gay shit
DEBUG: (src/list.c :87 :List_push) gay shit
DEBUG: (src/list.c :87 :List_push) gay shit
DEBUG: (src/list.c :87 :List_push) gay shit
DEBUG: (src/list.c :87 :List_push) gay shit
DEBUG: (src/list.c :87 :List_push) gay shit
DEBUG: (src/list.c :87 :List_push) gay shit
DEBUG: (src/list.c :87 :List_push) gay shit
DEBUG: (src/list.c :87 :List_push) gay shit
DEBUG: (src/list.c :87 :List_push) gay shit
DEBUG: (src/list.c :87 :List_push) gay shit
DEBUG: (src/list.c :87 :List_push) gay shit
DEBUG: (src/list.c :87 :List_push) gay shit
DEBUG: (src/list.c :87 :List_push) gay shit
DEBUG: (src/list.c :87 :List_push) gay shit
DEBUG: (src/list.c :87 :List_push) gay shit
DEBUG: (src/list.c :87 :List_push) gay shit
DEBUG: (src/list.c :87 :List_push) gay shit
DEBUG: (src/list.c :87 :List_push) gay shit
DEBUG: (src/list.c :87 :List_push) gay shit
DEBUG: (src/list.c :87 :List_push) gay shit
DEBUG: (src/list.c :87 :List_push) gay shit
DEBUG: (src/list.c :87 :List_push) gay shit
DEBUG: (src/list.c :87 :List_push) gay shit
DEBUG: (src/list.c :87 :List_push) gay shit
DEBUG: (src/list.c :87 :List_push) gay shit
DEBUG: (src/list.c :87 :List_push) gay shit
DEBUG: (src/list.c :87 :List_push) gay shit
DEBUG: (src/list.c :87 :List_push) gay shit
DEBUG: (src/list.c :87 :List_push) gay shit
DEBUG: (src/list.c :87 :List_push) gay shit
DEBUG: (src/list.c :87 :List_push) gay shit
DEBUG: (src/list.c :87 :List_push) gay shit
DEBUG: (src/list.c :87 :List_push) gay shit
DEBUG: (src/list.c :87 :List_push) gay shit
DEBUG: (src/list.c :87 :List_push) gay shit
DEBUG: (src/list.c :87 :List_push) gay shit
DEBUG: (src/list.c :87 :List_push) gay shit
DEBUG: (src/list.c :87 :List_push) gay shit
DEBUG: (src/list.c :87 :List_push) gay shit
DEBUG: (src/list.c :87 :List_push) gay shit
DEBUG: (src/list.c :87 :List_push) gay shit
DEBUG: (src/list.c :87 :List_push) gay shit
DEBUG: (src/list.c :87 :List_push) gay shit
DEBUG: (src/list.c :87 :List_push) gay shit
DEBUG: (src/list.c :87 :List_push) gay shit
DEBUG: (src/list.c :87 :List_push) gay shit
DEBUG: (src/list.c :87 :List_push) gay shit
DEBUG: (src/list.c :87 :List_push) gay shit
DEBUG: (src/list.c :87 :List_push) gay shit
DEBUG: (src/list.c :87 :List_push) gay shit
DEBUG: (src/list.c :87 :List_push) gay shit
DEBUG: (src/list.c :87 :List_push) gay shit
DEBUG: (src/list.c :87 :List_push) gay shit
DEBUG: (src/list.c :87 :List_push) gay shit
DEBUG: (src/list.c :87 :List_push) gay shit
DEBUG: (src/list.c :87 :List_push) gay shit
DEBUG: (src/list.c :87 :List_push) gay shit
DEBUG: (src/list.c :87 :List_push) gay shit
DEBUG: (src/list.c :87 :List_push) gay shit
DEBUG: (src/list.c :87 :List_push) gay shit
DEBUG: (src/list.c :87 :List_push) gay shit
DEBUG: (src/list.c :87 :List_push) gay shit
DEBUG: (src/list.c :87 :List_push) gay shit
DEBUG: (src/list.c :87 :List_push) gay shit
DEBUG: (src/list.c :87 :List_push) gay shit
DEBUG: (src/list.c :87 :List_push) gay shit
DEBUG: (src/list.c :87 :List_push) gay shit
DEBUG: (src/list.c :87 :List_push) gay shit
DEBUG: (src/list.c :87 :List_push) gay shit
DEBUG: (src/list.c :87 :List_push) gay shit
DEBUG: (src/list.c :87 :List_push) gay shit
DEBUG: (src/list.c :87 :List_push) gay shit
DEBUG: (src/list.c :87 :List_push) gay shit
DEBUG: (src/list.c :87 :List_push) gay shit
DEBUG: (src/list.c :87 :List_push) gay shit
DEBUG: (src/list.c :87 :List_push) gay shit
DEBUG: (src/list.c :87 :List_push) gay shit
DEBUG: (src/list.c :87 :List_push) gay shit
DEBUG: (src/list.c :87 :List_push) gay shit
DEBUG: (src/list.c :87 :List_push) gay shit
DEBUG: (src/list.c :87 :List_push) gay shit
DEBUG: (src/list.c :87 :List_push) gay shit
DEBUG: (src/list.c :87 :List_push) gay shit
DEBUG: (src/list.c :87 :List_push) gay shit
DEBUG: (src/list.c :87 :List_push) gay shit
DEBUG: (src/list.c :87 :List_push) gay shit
DEBUG: (src/list.c :87 :List_push) gay shit
DEBUG: (src/list.c :87 :List_push) gay shit
DEBUG: (src/list.c :87 :List_push) gay shit
DEBUG: (src/list.c :87 :List_push) gay shit
DEBUG: (src/list.c :87 :List_push) gay shit
DEBUG: (src/list.c :87 :List_push) gay shit
DEBUG: (src/list.c :87 :List_push) gay shit
DEBUG: (src/list.c :87 :List_push) gay shit
DEBUG: (src/list.c :87 :List_push) gay shit
DEBUG: (src/list.c :87 :List_push) gay shit
DEBUG: (src/list.c :87 :List_push) gay shit
DEBUG: (src/list.c :87 :List_push) gay shit
DEBUG: (src/list.c :87 :List_push) gay shit
DEBUG: (src/list.c :87 :List_push) gay shit
DEBUG: (src/list.c :87 :List_push) gay shit
DEBUG: (src/list.c :87 :List_push) gay shit
DEBUG: (src/list.c :87 :List_push) gay shit
DEBUG: (src/list.c :87 :List_push) gay shit
DEBUG: (src/list.c :87 :List_push) gay shit
DEBUG: (src/list.c :87 :List_push) gay shit
DEBUG: (src/list.c :87 :List_push) gay shit
DEBUG: (src/list.c :87 :List_push) gay shit
DEBUG: (src/list.c :87 :List_push) gay shit
DEBUG: (src/list.c :87 :List_push) gay shit
DEBUG: (src/list.c :87 :List_push) gay shit
DEBUG: (src/list.c :87 :List_push) gay shit
DEBUG: (src/list.c :87 :List_push) gay shit
DEBUG: (src/list.c :87 :List_push) gay shit
DEBUG: (src/list.c :87 :List_push) gay shit
DEBUG: (src/list.c :87 :List_push) gay shit
DEBUG: (src/list.c :87 :List_push) gay shit
DEBUG: (src/list.c :87 :List_push) gay shit
DEBUG: (src/list.c :87 :List_push) gay shit
DEBUG: (src/list.c :87 :List_push) gay shit
DEBUG: (src/list.c :87 :List_push) gay shit
DEBUG: (src/list.c :87 :List_push) gay shit
DEBUG: (src/list.c :87 :List_push) gay shit
DEBUG: (src/list.c :87 :List_push) gay shit
DEBUG: (src/list.c :87 :List_push) gay shit
DEBUG: (src/list.c :87 :List_push) gay shit
DEBUG: (src/list.c :87 :List_push) gay shit
DEBUG: (src/list.c :87 :List_push) gay shit
DEBUG: (src/list.c :87 :List_push) gay shit
DEBUG: (src/list.c :87 :List_push) gay shit
DEBUG: (src/list.c :87 :List_push) gay shit
DEBUG: (src/list.c :87 :List_push) gay shit
DEBUG: (src/list.c :87 :List_push) gay shit
DEBUG: (src/list.c :87 :List_push) gay shit
DEBUG: (src/list.c :87 :List_push) gay shit
DEBUG: (src/list.c :87 :List_push) gay shit
DEBUG: (src/list.c :87 :List_push) gay shit
DEBUG: (src/list.c :87 :List_push) gay shit
DEBUG: (src/list.c :87 :List_push) gay shit
DEBUG: (src/list.c :87 :List_push) gay shit
DEBUG: (src/list.c :87 :List_push) gay shit
DEBUG: (src/list.c :87 :List_push) gay shit
DEBUG: (src/list.c :87 :List_push) gay shit
DEBUG: (src/list.c :87 :List_push) gay shit
DEBUG: (src/list.c :87 :List_push) gay shit
DEBUG: (src/list.c :87 :List_push) gay shit
DEBUG: (src/list.c :87 :List_push) gay shit
DEBUG: (src/list.c :87 :List_push) gay shit
DEBUG: (src/list.c :87 :List_push) gay shit
DEBUG: (src/list.c :87 :List_push) gay shit
DEBUG: (src/list.c :87 :List_push) gay shit
DEBUG: (src/list.c :87 :List_push) gay shit
DEBUG: (src/list.c :87 :List_push) gay shit
DEBUG: (src/list.c :87 :List_push) gay shit
DEBUG: (src/list.c :87 :List_push) gay shit
DEBUG: (src/list.c :87 :List_push) gay shit
DEBUG: (src/list.c :87 :List_push) gay shit
DEBUG: (src/list.c :87 :List_push) gay shit
DEBUG: (src/list.c :87 :List_push) gay shit
DEBUG: (src/list.c :87 :List_push) gay shit
DEBUG: (src/list.c :87 :List_push) gay shit
DEBUG: (src/list.c :87 :List_push) gay shit
DEBUG: (src/list.c :87 :List_push) gay shit
DEBUG: (src/list.c :87 :List_push) gay shit
DEBUG: (src/list.c :87 :List_push) gay shit
DEBUG: (src/list.c :87 :List_push) gay shit
DEBUG: (src/list.c :87 :List_push) gay shit
DEBUG: (src/list.c :87 :List_push) gay shit
DEBUG: (src/list.c :87 :List_push) gay shit
DEBUG: (src/list.c :87 :List_push) gay shit
DEBUG: (src/list.c :87 :List_push) gay shit
DEBUG: (src/list.c :87 :List_push) gay shit
DEBUG: (src/list.c :87 :List_push) gay shit
DEBUG: (src/list.c :87 :List_push) gay shit
DEBUG: (src/list.c :87 :List_push) gay shit
DEBUG: (src/list.c :87 :List_push) gay shit
DEBUG: (src/list.c :87 :List_push) gay shit
DEBUG: (src/list.c :87 :List_push) gay shit
DEBUG: (src/list.c :87 :List_push) gay shit
DEBUG: (src/list.c :87 :List_push) gay shit
DEBUG: (src/list.c :87 :List_push) gay shit
DEBUG: (src/list.c :87 :List_push) gay shit
DEBUG: (src/list.c :87 :List_push) gay shit
DEBUG: (src/list.c :87 :List_push) gay shit
DEBUG: (src/list.c :87 :List_push) gay shit
DEBUG: (src/list.c :87 :List_push) gay shit
DEBUG: (src/list.c :87 :List_push) gay shit
DEBUG: (src/list.c :87 :List_push) gay shit
DEBUG: (src/list.c :87 :List_push) gay shit
DEBUG: (src/list.c :87 :List_push) gay shit
DEBUG: (src/list.c :87 :List_push) gay shit
DEBUG: (src/list.c :87 :List_push) gay shit
DEBUG: (src/list.c :87 :List_push) gay shit
DEBUG: (src/list.c :87 :List_push) gay shit
DEBUG: (src/list.c :87 :List_push) gay shit
DEBUG: (src/list.c :87 :List_push) gay shit
DEBUG: (src/list.c :87 :List_push) gay shit
DEBUG: (src/list.c :87 :List_push) gay shit
DEBUG: (src/list.c :87 :List_push) gay shit
DEBUG: (src/list.c :87 :List_push) gay shit
DEBUG: (src/list.c :87 :List_push) gay shit
DEBUG: (src/list.c :87 :List_push) gay shit
DEBUG: (src/list.c :87 :List_push) gay shit
DEBUG: (src/list.c :87 :List_push) gay shit
DEBUG: (src/list.c :87 :List_push) gay shit
DEBUG: (src/list.c :87 :List_push) gay shit
DEBUG: (src/list.c :87 :List_push) gay shit
DEBUG: (src/list.c :87 :List_push) gay shit
DEBUG: (src/list.c :87 :List_push) gay shit
DEBUG: (src/list.c :87 :List_push) gay shit
DEBUG: (src/list.c :87 :List_push) gay shit
DEBUG: (src/list.c :87 :List_push) gay shit
DEBUG: (src/list.c :87 :List_push) gay shit
DEBUG: (src/list.c :87 :List_push) gay shit
DEBUG: (src/list.c :87 :List_push) gay shit
DEBUG: (src/list.c :87 :List_push) gay shit
DEBUG: (src/list.c :87 :List_push) gay shit
DEBUG: (src/list.c :87 :List_push) gay shit
DEBUG: (src/list.c :87 :List_push) gay shit
DEBUG: (src/list.c :87 :List_push) gay shit
DEBUG: (src/list.c :87 :List_push) gay shit
DEBUG: (src/list.c :87 :List_push) gay shit
DEBUG: (src/list.c :87 :List_push) gay shit
DEBUG: (src/list.c :87 :List_push) gay shit
DEBUG: (src/list.c :87 :List_push) gay shit
DEBUG: (src/list.c :87 :List_push) gay shit
DEBUG: (src/list.c :87 :List_push) gay shit
DEBUG: (src/list.c :87 :List_push) gay shit
DEBUG: (src/list.c :87 :List_push) gay shit
DEBUG: (src/list.c :87 :List_push) gay shit
DEBUG: (src/list.c :87 :List_push) gay shit
DEBUG: (src/list.c :87 :List_push) gay shit
DEBUG: (src/list.c :87 :List_push) gay shit
DEBUG: (src/list.c :87 :List_push) gay shit
DEBUG: (src/list.c :87 :List_push) gay shit
DEBUG: (src/list.c :87 :List_push) gay shit
DEBUG: (src/list.c :87 :List_push) gay shit
DEBUG: (src/list.c :87 :List_push) gay shit
DEBUG: (src/list.c :87 :List_push) gay shit
DEBUG: (src/list.c :87 :List_push) gay shit
DEBUG: (src/list.c :87 :List_push) gay shit
DEBUG: (src/list.c :87 :List_push) gay shit
DEBUG: (src/list.c :87 :List_push) gay shit
DEBUG: (src/list.c :87 :List_push) gay shit
DEBUG: (src/list.c :87 :List_push) gay shit
DEBUG: (src/list.c :87 :List_push) gay shit
DEBUG: (src/list.c :87 :List_push) gay shit
DEBUG: (src/list.c :87 :List_push) gay shit
DEBUG: (src/list.c :87 :List_push) gay shit
DEBUG: (src/list.c :87 :List_push) gay shit
DEBUG: (src/list.c :87 :List_push) gay shit
DEBUG: (src/list.c :87 :List_push) gay shit
DEBUG: (src/list.c :87 :List_push) gay shit
DEBUG: (src/list.c :87 :List_push) gay shit
DEBUG: (src/list.c :87 :List_push) gay shit
DEBUG: (src/list.c :87 :List_push) gay shit
DEBUG: (src/list.c :87 :List_push) gay shit
DEBUG: (src/list.c :87 :List_push) gay shit
DEBUG: (src/list.c :87 :List_push) gay shit
DEBUG: (src/list.c :87 :List_push) gay shit
DEBUG: (src/list.c :87 :List_push) gay shit
DEBUG: (src/list.c :87 :List_push) gay shit
DEBUG: (src/list.c :87 :List_push) gay shit
DEBUG: (src/list.c :87 :List_push) gay shit
DEBUG: (src/list.c :87 :List_push) gay shit
DEBUG: (src/list.c :87 :List_push) gay shit
DEBUG: (src/list.c :87 :List_push) gay shit
DEBUG: (src/list.c :87 :List_push) gay shit
DEBUG: (src/list.c :87 :List_push) gay shit
DEBUG: (src/list.c :87 :List_push) gay shit
DEBUG: (src/list.c :87 :List_push) gay shit
DEBUG: (src/list.c :87 :List_push) gay shit
DEBUG: (src/list.c :87 :List_push) gay shit
DEBUG: (src/list.c :87 :List_push) gay shit
DEBUG: (src/list.c :87 :List_push) gay shit
DEBUG: (src/list.c :87 :List_push) gay shit
DEBUG: (src/list.c :87 :List_push) gay shit
DEBUG: (src/list.c :87 :List_push) gay shit
DEBUG: (src/list.c :87 :List_push) gay shit
DEBUG: (src/list.c :87 :List_push) gay shit
DEBUG: (src/list.c :87 :List_push) gay shit
DEBUG: (src/list.c :87 :List_push) gay shit
DEBUG: (src/list.c :87 :List_push) gay shit
DEBUG: (src/list.c :87 :List_push) gay shit
DEBUG: (src/list.c :87 :List_push) gay shit
DEBUG: (src/list.c :87 :List_push) gay shit
DEBUG: (src/list.c :87 :List_push) gay shit
DEBUG: (src/list.c :87 :List_push) gay shit
DEBUG: (src/list.c :87 :List_push) gay shit
DEBUG: (src/list.c :87 :List_push) gay shit
DEBUG: (src/list.c :87 :List_push) gay shit
DEBUG: (src/list.c :87 :List_push) gay shit
DEBUG: (src/list.c :87 :List_push) gay shit
DEBUG: (src/list.c :87 :List_push) gay shit
DEBUG: (src/list.c :87 :List_push) gay shit
DEBUG: (src/list.c :87 :List_push) gay shit
DEBUG: (src/list.c :87 :List_push) gay shit
DEBUG: (src/list.c :87 :List_push) gay shit
DEBUG: (src/list.c :87 :List_push) gay shit
DEBUG: (src/list.c :87 :List_push) gay shit
DEBUG: (src/list.c :87 :List_push) gay shit
DEBUG: (src/list.c :87 :List_push) gay shit
DEBUG: (src/list.c :87 :List_push) gay shit
DEBUG: (src/list.c :87 :List_push) gay shit
DEBUG: (src/list.c :87 :List_push) gay shit
DEBUG: (src/list.c :87 :List_push) gay shit
DEBUG: (src/list.c :87 :List_push) gay shit
DEBUG: (src/list.c :87 :List_push) gay shit
DEBUG: (src/list.c :87 :List_push) gay shit
DEBUG: (src/list.c :87 :List_push) gay shit
DEBUG: (src/list.c :87 :List_push) gay shit
DEBUG: (src/list.c :87 :List_push) gay shit
DEBUG: (src/list.c :87 :List_push) gay shit
DEBUG: (src/list.c :87 :List_push) gay shit
DEBUG: (src/list.c :87 :List_push) gay shit
DEBUG: (src/list.c :87 :List_push) gay shit
DEBUG: (src/list.c :87 :List_push) gay shit
DEBUG: (src/list.c :87 :List_push) gay shit
DEBUG: (src/list.c :87 :List_push) gay shit
DEBUG: (src/list.c :87 :List_push) gay shit
DEBUG: (src/list.c :87 :List_push) gay shit
DEBUG: (src/list.c :87 :List_push) gay shit
DEBUG: (src/list.c :87 :List_push) gay shit
DEBUG: (src/list.c :87 :List_push) gay shit
DEBUG: (src/list.c :87 :List_push) gay shit
DEBUG: (src/list.c :87 :List_push) gay shit
DEBUG: (src/list.c :87 :List_push) gay shit
DEBUG: (src/list.c :87 :List_push) gay shit
DEBUG: (src/list.c :87 :List_push) gay shit
DEBUG: (src/list.c :87 :List_push) gay shit
DEBUG: (src/list.c :87 :List_push) gay shit
DEBUG: (src/list.c :87 :List_push) gay shit
DEBUG: (src/list.c :87 :List_push) gay shit
DEBUG: (src/list.c :87 :List_push) gay shit
DEBUG: (src/list.c :87 :List_push) gay shit
DEBUG: (src/list.c :87 :List_push) gay shit
DEBUG: (src/list.c :87 :List_push) gay shit
DEBUG: (src/list.c :87 :List_push) gay shit
DEBUG: (src/list.c :87 :List_push) gay shit
DEBUG: (src/list.c :87 :List_push) gay shit
DEBUG: (src/list.c :87 :List_push) gay shit
DEBUG: (src/list.c :87 :List_push) gay shit
DEBUG: (src/list.c :87 :List_push) gay shit
DEBUG: (src/list.c :87 :List_push) gay shit
DEBUG: (src/list.c :87 :List_push) gay shit
DEBUG: (src/list.c :87 :List_push) gay shit
DEBUG: (src/list.c :87 :List_push) gay shit
DEBUG: (src/list.c :87 :List_push) gay shit
DEBUG: (src/list.c :87 :List_push) gay shit
DEBUG: (src/list.c :87 :List_push) gay shit
DEBUG: (src/list.c :87 :List_push) gay shit
DEBUG: (src/list.c :87 :List_push) gay shit
DEBUG: (src/list.c :87 :List_push) gay shit
DEBUG: (src/list.c :87 :List_push) gay shit
DEBUG: (src/list.c :87 :List_push) gay shit
DEBUG: (src/list.c :87 :List_push) gay shit
DEBUG: (src/list.c :87 :List_push) gay shit
DEBUG: (src/list.c :87 :List_push) gay shit
DEBUG: (src/list.c :87 :List_push) gay shit
DEBUG: (src/list.c :87 :List_push) gay shit
DEBUG: (src/list.c :87 :List_push) gay shit
DEBUG: (src/list.c :87 :List_push) gay shit
DEBUG: (src/list.c :87 :List_push) gay shit
DEBUG: (src/list.c :87 :List_push) gay shit
DEBUG: (src/list.c :87 :List_push) gay shit
DEBUG: (src/list.c :87 :List_push) gay shit
DEBUG: (src/list.c :87 :List_push) gay shit
DEBUG: (src/list.c :87 :List_push) gay shit
DEBUG: (src/list.c :87 :List_push) gay shit
DEBUG: (src/list.c :87 :List_push) gay shit
DEBUG: (src/list.c :87 :List_push) gay shit
DEBUG: (src/list.c :87 :List_push) gay shit
DEBUG: (src/list.c :87 :List_push) gay shit
DEBUG: (src/list.c :87 :List_push) gay shit
DEBUG: (src/list.c :87 :List_push) gay shit
DEBUG: (src/list.c :87 :List_push) gay shit
DEBUG: (src/list.c :87 :List_push) gay shit
DEBUG: (src/list.c :87 :List_push) gay shit
DEBUG: (src/list.c :87 :List_push) gay shit
DEBUG: (src/list.c :87 :List_push) gay shit
DEBUG: (src/list.c :87 :List_push) gay shit
DEBUG: (src/list.c :87 :List_push) gay shit
DEBUG: (src/list.c :87 :List_push) gay shit
DEBUG: (src/list.c :87 :List_push) gay shit
DEBUG: (src/list.c :87 :List_push) gay shit
DEBUG: (src/list.c :87 :List_push) gay shit
DEBUG: (src/list.c :87 :List_push) gay shit
DEBUG: (src/list.c :87 :List_push) gay shit
DEBUG: (src/list.c :87 :List_push) gay shit
DEBUG: (src/list.c :87 :List_push) gay shit
DEBUG: (src/list.c :87 :List_push) gay shit
DEBUG: (src/list.c :87 :List_push) gay shit
DEBUG: (src/list.c :87 :List_push) gay shit
DEBUG: (src/list.c :87 :List_push) gay shit
DEBUG: (src/list.c :87 :List_push) gay shit
DEBUG: (src/list.c :87 :List_push) gay shit
DEBUG: (src/list.c :87 :List_push) gay shit
DEBUG: (src/list.c :87 :List_push) gay shit
DEBUG: (src/list.c :87 :List_push) gay shit
DEBUG: (src/list.c :87 :List_push) gay shit
DEBUG: (src/list.c :87 :List_push) gay shit
DEBUG: (src/list.c :87 :List_push) gay shit
DEBUG: (src/list.c :87 :List_push) gay shit
DEBUG: (src/list.c :87 :List_push) gay shit
DEBUG: (src/list.c :87 :List_push) gay shit
DEBUG: (src/list.c :87 :List_push) gay shit
DEBUG: (src/list.c :87 :List_push) gay shit
DEBUG: (src/list.c :87 :List_push) gay shit
DEBUG: (src/list.c :87 :List_push) gay shit
DEBUG: (src/list.c :87 :List_push) gay shit
DEBUG: (src/list.c :87 :List_push) gay shit
DEBUG: (src/list.c :87 :List_push) gay shit
DEBUG: (src/list.c :87 :List_push) gay shit
DEBUG: (src/list.c :87 :List_push) gay shit
DEBUG: (src/list.c :87 :List_push) gay shit
DEBUG: (src/list.c :87 :List_push) gay shit
DEBUG: (src/list.c :87 :List_push) gay shit
DEBUG: (src/list.c :87 :List_push) gay shit
DEBUG: (src/list.c :87 :List_push) gay shit
DEBUG: (src/list.c :87 :List_push) gay shit
DEBUG: (src/list.c :87 :List_push) gay shit
DEBUG: (src/list.c :87 :List_push) gay shit
DEBUG: (src/list.c :87 :List_push) gay shit
DEBUG: (src/list.c :87 :List_push) gay shit
DEBUG: (src/list.c :87 :List_push) gay shit
DEBUG: (src/list.c :87 :List_push) gay shit
DEBUG: (src/list.c :87 :List_push) gay shit
DEBUG: (src/list.c :87 :List_push) gay shit
DEBUG: (src/list.c :87 :List_push) gay shit
DEBUG: (src/list.c :87 :List_push) gay shit
DEBUG: (src/list.c :87 :List_push) gay shit
DEBUG: (src/list.c :87 :List_push) gay shit
DEBUG: (src/list.c :87 :List_push) gay shit
DEBUG: (src/list.c :87 :List_push) gay shit
DEBUG: (src/list.c :87 :List_push) gay shit
DEBUG: (src/list.c :87 :List_push) gay shit
DEBUG: (src/list.c :87 :List_push) gay shit
DEBUG: (src/list.c :87 :List_push) gay shit
DEBUG: (src/list.c :87 :List_push) gay shit
DEBUG: (src/list.c :87 :List_push) gay shit
DEBUG: (src/list.c :87 :List_push) gay shit
DEBUG: (src/list.c :87 :List_push) gay shit
DEBUG: (src/list.c :87 :List_push) gay shit
DEBUG: (src/list.c :87 :List_push) gay shit
DEBUG: (src/list.c :87 :List_push) gay shit
DEBUG: (src/list.c :87 :List_push) gay shit
DEBUG: (src/list.c :87 :List_push) gay shit
DEBUG: (src/list.c :87 :List_push) gay shit
DEBUG: (src/list.c :87 :List_push) gay shit
DEBUG: (src/list.c :87 :List_push) gay shit
DEBUG: (src/list.c :87 :List_push) gay shit
DEBUG: (src/list.c :87 :List_push) gay shit
DEBUG: (src/list.c :87 :List_push) gay shit
DEBUG: (src/list.c :87 :List_push) gay shit
DEBUG: (src/list.c :87 :List_push) gay shit
DEBUG: (src/list.c :87 :List_push) gay shit
DEBUG: (src/list.c :87 :List_push) gay shit
DEBUG: (src/list.c :87 :List_push) gay shit
DEBUG: (src/list.c :87 :List_push) gay shit
DEBUG: (src/list.c :87 :List_push) gay shit
DEBUG: (src/list.c :87 :List_push) gay shit
DEBUG: (src/list.c :87 :List_push) gay shit
DEBUG: (src/list.c :87 :List_push) gay shit
DEBUG: (src/list.c :87 :List_push) gay shit
DEBUG: (src/list.c :87 :List_push) gay shit
DEBUG: (src/list.c :87 :List_push) gay shit
DEBUG: (src/list.c :87 :List_push) gay shit
DEBUG: (src/list.c :87 :List_push) gay shit
DEBUG: (src/list.c :87 :List_push) gay shit
DEBUG: (src/list.c :87 :List_push) gay shit
DEBUG: (src/list.c :87 :List_push) gay shit
DEBUG: (src/list.c :87 :List_push) gay shit
DEBUG: (src/list.c :87 :List_push) gay shit
DEBUG: (src/list.c :87 :List_push) gay shit
DEBUG: (src/list.c :87 :List_push) gay shit
DEBUG: (src/list.c :87 :List_push) gay shit
DEBUG: (src/list.c :87 :List_push) gay shit
DEBUG: (src/list.c :87 :List_push) gay shit
DEBUG: (src/list.c :87 :List_push) gay shit
DEBUG: (src/list.c :87 :List_push) gay shit
DEBUG: (src/list.c :87 :List_push) gay shit
DEBUG: (src/list.c :87 :List_push) gay shit
DEBUG: (src/list.c :87 :List_push) gay shit
DEBUG: (src/list.c :87 :List_push) gay shit
DEBUG: (src/list.c :87 :List_push) gay shit
DEBUG: (src/list.c :87 :List_push) gay shit
DEBUG: (src/list.c :87 :List_push) gay shit
DEBUG: (src/list.c :87 :List_push) gay shit
DEBUG: (src/list.c :87 :List_push) gay shit
DEBUG: (src/list.c :87 :List_push) gay shit
DEBUG: (src/list.c :87 :List_push) gay shit
DEBUG: (src/list.c :87 :List_push) gay shit
DEBUG: (src/list.c :87 :List_push) gay shit
DEBUG: (src/list.c :87 :List_push) gay shit
DEBUG: (src/list.c :87 :List_push) gay shit
DEBUG: (src/list.c :87 :List_push) gay shit
DEBUG: (src/list.c :87 :List_push) gay shit
DEBUG: (src/list.c :87 :List_push) gay shit
DEBUG: (src/list.c :87 :List_push) gay shit
DEBUG: (src/list.c :87 :List_push) gay shit
DEBUG: (src/list.c :87 :List_push) gay shit
DEBUG: (src/list.c :87 :List_push) gay shit
DEBUG: (src/list.c :87 :List_push) gay shit
DEBUG: (src/list.c :87 :List_push) gay shit
DEBUG: (src/list.c :87 :List_push) gay shit
DEBUG: (src/list.c :87 :List_push) gay shit
DEBUG: (src/list.c :87 :List_push) gay shit
DEBUG: (src/list.c :87 :List_push) gay shit
DEBUG: (src/list.c :87 :List_push) gay shit
DEBUG: (src/list.c :87 :List_push) gay shit
DEBUG: (src/list.c :87 :List_push) gay shit
DEBUG: (src/list.c :87 :List_push) gay shit
DEBUG: (src/list.c :87 :List_push) gay shit
DEBUG: (src/list.c :87 :List_push) gay shit
DEBUG: (src/list.c :87 :List_push) gay shit
DEBUG: (src/list.c :87 :List_push) gay shit
DEBUG: (src/list.c :87 :List_push) gay shit
DEBUG: (src/list.c :87 :List_push) gay shit
DEBUG: (src/list.c :87 :List_push) gay shit
DEBUG: (src/list.c :87 :List_push) gay shit
DEBUG: (src/list.c :87 :List_push) gay shit
DEBUG: (src/list.c :87 :List_push) gay shit
DEBUG: (src/list.c :87 :List_push) gay shit
DEBUG: (src/list.c :87 :List_push) gay shit
DEBUG: (src/list.c :87 :List_push) gay shit
DEBUG: (src/list.c :87 :List_push) gay shit
DEBUG: (src/list.c :87 :List_push) gay shit
DEBUG: (src/list.c :87 :List_push) gay shit
DEBUG: (src/list.c :87 :List_push) gay shit
DEBUG: (src/list.c :87 :List_push) gay shit
DEBUG: (src/list.c :87 :List_push) gay shit
DEBUG: (src/list.c :87 :List_push) gay shit
DEBUG: (src/list.c :87 :List_push) gay shit
DEBUG: (src/list.c :87 :List_push) gay shit
DEBUG: (src/list.c :87 :List_push) gay shit
DEBUG: (src/list.c :87 :List_push) gay shit
DEBUG: (src/list.c :87 :List_push) gay shit
DEBUG: (src/list.c :87 :List_push) gay shit
DEBUG: (src/list.c :87 :List_push) gay shit
DEBUG: (src/list.c :87 :List_push) gay shit
DEBUG: (src/list.c :87 :List_push) gay shit
DEBUG: (src/list.c :87 :List_push) gay shit
DEBUG: (src/list.c :87 :List_push) gay shit
DEBUG: (src/list.c :87 :List_push) gay shit
DEBUG: (src/list.c :87 :List_push) gay shit
DEBUG: (src/list.c :87 :List_push) gay shit
DEBUG: (src/list.c :87 :List_push) gay shit
DEBUG: (src/list.c :87 :List_push) gay shit
DEBUG: (src/list.c :87 :List_push) gay shit
DEBUG: (src/list.c :87 :List_push) gay shit
DEBUG: (src/list.c :87 :List_push) gay shit
DEBUG: (src/list.c :87 :List_push) gay shit
DEBUG: (src/list.c :87 :List_push) gay shit
DEBUG: (src/list.c :87 :List_push) gay shit
DEBUG: (src/list.c :87 :List_push) gay shit
DEBUG: (src/list.c :87 :List_push) gay shit
DEBUG: (src/list.c :87 :List_push) gay shit
DEBUG: (src/list.c :87 :List_push) gay shit
DEBUG: (src/list.c :87 :List_push) gay shit
DEBUG: (src/list.c :87 :List_push) gay shit
DEBUG: (src/list.c :87 :List_push) gay shit
DEBUG: (src/list.c :87 :List_push) gay shit
DEBUG: (src/list.c :87 :List_push) gay shit
DEBUG: (src/list.c :87 :List_push) gay shit
DEBUG: (src/list.c :87 :List_push) gay shit
DEBUG: (src/list.c :87 :List_push) gay shit
DEBUG: (src/list.c :87 :List_push) gay shit
DEBUG: (src/list.c :87 :List_push) gay shit
DEBUG: (src/list.c :87 :List_push) gay shit
DEBUG: (src/list.c :87 :List_push) gay shit
DEBUG: (src/list.c :87 :List_push) gay shit
DEBUG: (src/list.c :87 :List_push) gay shit
DEBUG: (src/list.c :87 :List_push) gay shit
DEBUG: (src/list.c :87 :List_push) gay shit
DEBUG: (src/list.c :87 :List_push) gay shit
DEBUG: (src/list.c :87 :List_push) gay shit
DEBUG: (src/list.c :87 :List_push) gay shit
DEBUG: (src/list.c :87 :List_push) gay shit
DEBUG: (src/list.c :87 :List_push) gay shit
DEBUG: (src/list.c :87 :List_push) gay shit
DEBUG: (src/list.c :87 :List_push) gay shit
DEBUG: (src/list.c :87 :List_push) gay shit
DEBUG: (src/list.c :87 :List_push) gay shit
DEBUG: (src/list.c :87 :List_push) gay shit
DEBUG: (src/list.c :87 :List_push) gay shit
DEBUG: (src/list.c :87 :List_push) gay shit
DEBUG: (src/list.c :87 :List_push) gay shit
DEBUG: (src/list.c :87 :List_push) gay shit
DEBUG: (src/list.c :87 :List_push) gay shit
DEBUG: (src/list.c :87 :List_push) gay shit
DEBUG: (src/list.c :87 :List_push) gay shit
DEBUG: (src/list.c :87 :List_push) gay shit
DEBUG: (src/list.c :87 :List_push) gay shit
DEBUG: (src/list.c :87 :List_push) gay shit
DEBUG: (src/list.c :87 :List_push) gay shit
DEBUG: (src/list.c :87 :List_push) gay shit
DEBUG: (src/list.c :87 :List_push) gay shit
DEBUG: (src/list.c :87 :List_push) gay shit
DEBUG: (src/list.c :87 :List_push) gay shit
DEBUG: (src/list.c :87 :List_push) gay shit
DEBUG: (src/list.c :87 :List_push) gay shit
DEBUG: (src/list.c :87 :List_push) gay shit
DEBUG: (src/list.c :87 :List_push) gay shit
DEBUG: (src/list.c :87 :List_push) gay shit
DEBUG: (src/list.c :87 :List_push) gay shit
DEBUG: (src/list.c :87 :List_push) gay shit
DEBUG: (src/list.c :87 :List_push) gay shit
DEBUG: (src/list.c :87 :List_push) gay shit
DEBUG: (src/list.c :87 :List_push) gay shit
DEBUG: (src/list.c :87 :List_push) gay shit
DEBUG: (src/list.c :87 :List_push) gay shit
DEBUG: (src/list.c :87 :List_push) gay shit
DEBUG: (src/list.c :87 :List_push) gay shit
DEBUG: (src/list.c :87 :List_push) gay shit
DEBUG: (src/list.c :87 :List_push) gay shit
DEBUG: (src/list.c :87 :List_push) gay shit
DEBUG: (src/list.c :87 :List_push) gay shit
DEBUG: (src/list.c :87 :List_push) gay shit
DEBUG: (src/list.c :87 :List_push) gay shit
DEBUG: (src/list.c :87 :List_push) gay shit
DEBUG: (src/list.c :87 :List_push) gay shit
DEBUG: (src/list.c :87 :List_push) gay shit
DEBUG: (src/list.c :87 :List_push) gay shit
DEBUG: (src/list.c :87 :List_push) gay shit
DEBUG: (src/list.c :87 :List_push) gay shit
DEBUG: (src/list.c :87 :List_push) gay shit
DEBUG: (src/list.c :87 :List_push) gay shit
DEBUG: (src/list.c :87 :List_push) gay shit
DEBUG: (src/list.c :87 :List_push) gay shit
DEBUG: (src/list.c :87 :List_push) gay shit
DEBUG: (src/list.c :87 :List_push) gay shit
DEBUG: (src/list.c :87 :List_push) gay shit
DEBUG: (src/list.c :87 :List_push) gay shit
DEBUG: (src/list.c :87 :List_push) gay shit
DEBUG: (src/list.c :87 :List_push) gay shit
DEBUG: (src/list.c :87 :List_push) gay shit
DEBUG: (src/list.c :87 :List_push) gay shit
DEBUG: (src/list.c :87 :List_push) gay shit
DEBUG: (src/list.c :87 :List_push) gay shit
DEBUG: (src/list.c :87 :List_push) gay shit
DEBUG: (src/list.c :87 :List_push) gay shit
DEBUG: (src/list.c :87 :List_push) gay shit
DEBUG: (src/list.c :87 :List_push) gay shit
DEBUG: (src/list.c :87 :List_push) gay shit
DEBUG: (src/list.c :87 :List_push) gay shit
DEBUG: (src/list.c :87 :List_push) gay shit
DEBUG: (src/list.c :87 :List_push) gay shit
DEBUG: (src/list.c :87 :List_push) gay shit
DEBUG: (src/list.c :87 :List_push) gay shit
DEBUG: (src/list.c :87 :List_push) gay shit
DEBUG: (src/list.c :87 :List_push) gay shit
DEBUG: (src/list.c :87 :List_push) gay shit
DEBUG: (src/list.c :87 :List_push) gay shit
DEBUG: (src/list.c :87 :List_push) gay shit
DEBUG: (src/list.c :87 :List_push) gay shit
DEBUG: (src/list.c :87 :List_push) gay shit
DEBUG: (src/list.c :87 :List_push) gay shit
DEBUG: (src/list.c :87 :List_push) gay shit
DEBUG: (src/list.c :87 :List_push) gay shit
DEBUG: (src/list.c :87 :List_push) gay shit
DEBUG: (src/list.c :87 :List_push) gay shit
DEBUG: (src/list.c :87 :List_push) gay shit
DEBUG: (src/list.c :87 :List_push) gay shit
DEBUG: (src/list.c :87 :List_push) gay shit
DEBUG: (src/list.c :87 :List_push) gay shit
DEBUG: (src/list.c :87 :List_push) gay shit
DEBUG: (src/list.c :87 :List_push) gay shit
DEBUG: (src/list.c :87 :List_push) gay shit
DEBUG: (src/list.c :87 :List_push) gay shit
DEBUG: (src/list.c :87 :List_push) gay shit
DEBUG: (src/list.c :87 :List_push) gay shit
DEBUG: (src/list.c :87 :List_push) gay shit
DEBUG: (src/list.c :87 :List_push) gay shit
DEBUG: (src/list.c :87 :List_push) gay shit
DEBUG: (src/list.c :87 :List_push) gay shit
DEBUG: (src/list.c :87 :List_push) gay shit
DEBUG: (src/list.c :87 :List_push) gay shit
DEBUG: (src/list.c :87 :List_push) gay shit
DEBUG: (src/list.c :87 :List_push) gay shit
DEBUG: (src/list.c :87 :List_push) gay shit
DEBUG: (src/list.c :87 :List_push) gay shit
DEBUG: (src/list.c :87 :List_push) gay shit
DEBUG: (src/list.c :87 :List_push) gay shit
DEBUG: (src/list.c :87 :List_push) gay shit
DEBUG: (src/list.c :87 :List_push) gay shit
DEBUG: (src/list.c :87 :List_push) gay shit
DEBUG: (src/list.c :87 :List_push) gay shit
DEBUG: (src/list.c :87 :List_push) gay shit
DEBUG: (src/list.c :87 :List_push) gay shit
DEBUG: (src/list.c :87 :List_push) gay shit
DEBUG: (src/list.c :87 :List_push) gay shit
DEBUG: (src/list.c :87 :List_push) gay shit
DEBUG: (src/list.c :87 :List_push) gay shit
DEBUG: (src/list.c :87 :List_push) gay shit
DEBUG: (src/list.c :87 :List_push) gay shit
DEBUG: (src/list.c :87 :List_push) gay shit
DEBUG: (src/list.c :87 :List_push) gay shit
DEBUG: (src/list.c :87 :List_push) gay shit
DEBUG: (src/list.c :87 :List_push) gay shit
DEBUG: (src/list.c :87 :List_push) gay shit
DEBUG: (src/list.c :87 :List_push) gay shit
DEBUG: (src/list.c :87 :List_push) gay shit
DEBUG: (src/list.c :87 :List_push) gay shit
DEBUG: (src/list.c :87 :List_push) gay shit
DEBUG: (src/list.c :87 :List_push) gay shit
DEBUG: (src/list.c :87 :List_push) gay shit
DEBUG: (src/list.c :87 :List_push) gay shit
DEBUG: (src/list.c :87 :List_push) gay shit
DEBUG: (src/list.c :87 :List_push) gay shit
DEBUG: (src/list.c :87 :List_push) gay shit
DEBUG: (src/list.c :87 :List_push) gay shit
DEBUG: (src/list.c :87 :List_push) gay shit
DEBUG: (src/list.c :87 :List_push) gay shit
DEBUG: (src/list.c :87 :List_push) gay shit
DEBUG: (src/list.c :87 :List_push) gay shit
DEBUG: (src/list.c :87 :List_push) gay shit
DEBUG: (src/list.c :87 :List_push) gay shit
DEBUG: (src/list.c :87 :List_push) gay shit
DEBUG: (src/list.c :87 :List_push) gay shit
DEBUG: (src/list.c :87 :List_push) gay shit
DEBUG: (src/list.c :87 :List_push) gay shit
DEBUG: (src/list.c :87 :List_push) gay shit
DEBUG: (src/list.c :87 :List_push) gay shit
DEBUG: (src/list.c :87 :List_push) gay shit
DEBUG: (src/list.c :87 :List_push) gay shit
DEBUG: (src/list.c :87 :List_push) gay shit
DEBUG: (src/list.c :87 :List_push) gay shit
DEBUG: (src/list.c :87 :List_push) gay shit
DEBUG: (src/list.c :87 :List_push) gay shit
DEBUG: (src/list.c :87 :List_push) gay shit
DEBUG: (src/list.c :87 :List_push) gay shit
DEBUG: (src/list.c :87 :List_push) gay shit
DEBUG: (src/list.c :87 :List_push) gay shit
DEBUG: (src/list.c :87 :List_push) gay shit
DEBUG: (src/list.c :87 :List_push) gay shit
DEBUG: (src/list.c :87 :List_push) gay shit
DEBUG: (src/list.c :87 :List_push) gay shit
DEBUG: (src/list.c :87 :List_push) gay shit
DEBUG: (src/list.c :87 :List_push) gay shit
DEBUG: (src/list.c :87 :List_push) gay shit
DEBUG: (src/list.c :87 :List_push) gay shit
DEBUG: (src/list.c :87 :List_push) gay shit
DEBUG: (src/list.c :87 :List_push) gay shit
DEBUG: (src/list.c :87 :List_push) gay shit
DEBUG: (src/list.c :87 :List_push) gay shit
DEBUG: (src/list.c :87 :List_push) gay shit
DEBUG: (src/list.c :87 :List_push) gay shit
DEBUG: (src/list.c :87 :List_push) gay shit
DEBUG: (src/list.c :87 :List_push) gay shit
DEBUG: (src/list.c :87 :List_push) gay shit
DEBUG: (src/list.c :87 :List_push) gay shit
DEBUG: (src/list.c :87 :List_push) gay shit
DEBUG: (src/list.c :87 :List_push) gay shit
DEBUG: (src/list.c :87 :List_push) gay shit
DEBUG: (src/list.c :87 :List_push) gay shit
DEBUG: (src/list.c :87 :List_push) gay shit
DEBUG: (src/list.c :87 :List_push) gay shit
DEBUG: (src/list.c :87 :List_push) gay shit
DEBUG: (src/list.c :87 :List_push) gay shit
DEBUG: (src/list.c :87 :List_push) gay shit
DEBUG: (src/list.c :87 :List_push) gay shit
DEBUG: (src/list.c :87 :List_push) gay shit
DEBUG: (src/list.c :87 :List_push) gay shit
DEBUG: (src/list.c :87 :List_push) gay shit
DEBUG: (src/list.c :87 :List_push) gay shit
DEBUG: (src/list.c :87 :List_push) gay shit
DEBUG: (src/list.c :87 :List_push) gay shit
DEBUG: (src/list.c :87 :List_push) gay shit
DEBUG: (src/list.c :87 :List_push) gay shit
DEBUG: (src/list.c :87 :List_push) gay shit
DEBUG: (src/list.c :87 :List_push) gay shit
DEBUG: (src/list.c :87 :List_push) gay shit
DEBUG: (src/list.c :87 :List_push) gay shit
DEBUG: (src/list.c :87 :List_push) gay shit
DEBUG: (src/list.c :87 :List_push) gay shit
DEBUG: (src/list.c :87 :List_push) gay shit
DEBUG: (src/list.c :87 :List_push) gay shit
DEBUG: (src/list.c :87 :List_push) gay shit
DEBUG: (src/list.c :87 :List_push) gay shit
DEBUG: (src/list.c :87 :List_push) gay shit
DEBUG: (src/list.c :87 :List_push) gay shit
DEBUG: (src/list.c :87 :List_push) gay shit
DEBUG: (src/list.c :87 :List_push) gay shit
DEBUG: (src/list.c :87 :List_push) gay shit
DEBUG: (src/list.c :87 :List_push) gay shit
DEBUG: (src/list.c :87 :List_push) gay shit
DEBUG: (src/list.c :87 :List_push) gay shit
DEBUG: (src/list.c :87 :List_push) gay shit
DEBUG: (src/list.c :87 :List_push) gay shit
DEBUG: (src/list.c :87 :List_push) gay shit
DEBUG: (src/list.c :87 :List_push) gay shit
DEBUG: (src/list.c :87 :List_push) gay shit
DEBUG: (src/list.c :87 :List_push) gay shit
DEBUG: (src/list.c :87 :List_push) gay shit
DEBUG: (src/list.c :87 :List_push) gay shit
DEBUG: (src/list.c :87 :List_push) gay shit
DEBUG: (src/list.c :87 :List_push) gay shit
DEBUG: (src/list.c :87 :List_push) gay shit
DEBUG: (src/list.c :87 :List_push) gay shit
DEBUG: (src/list.c :87 :List_push) gay shit
DEBUG: (src/list.c :87 :List_push) gay shit
DEBUG: (src/list.c :87 :List_push) gay shit
DEBUG: (src/list.c :87 :List_push) gay shit
DEBUG: (src/list.c :87 :List_push) gay shit
DEBUG: (src/list.c :87 :List_push) gay shit
DEBUG: (src/list.c :87 :List_push) gay shit
DEBUG: (src/list.c :87 :List_push) gay shit
DEBUG: (src/list.c :87 :List_push) gay shit
DEBUG: (src/list.c :87 :List_push) gay shit
DEBUG: (src/list.c :87 :List_push) gay shit
DEBUG: (src/list.c :87 :List_push) gay shit
DEBUG: (src/list.c :87 :List_push) gay shit
DEBUG: (src/list.c :87 :List_push) gay shit
DEBUG: (src/list.c :87 :List_push) gay shit
DEBUG: (src/list.c :87 :List_push) gay shit
DEBUG: (src/list.c :87 :List_push) gay shit
DEBUG: (src/list.c :87 :List_push) gay shit
DEBUG: (src/list.c :87 :List_push) gay shit
DEBUG: (src/list.c :87 :List_push) gay shit
DEBUG: (src/list.c :87 :List_push) gay shit
DEBUG: (src/list.c :87 :List_push) gay shit
DEBUG: (src/list.c :87 :List_push) gay shit
DEBUG: (src/list.c :87 :List_push) gay shit
DEBUG: (src/list.c :87 :List_push) gay shit
DEBUG: (src/list.c :87 :List_push) gay shit
DEBUG: (src/list.c :87 :List_push) gay shit
DEBUG: (src/list.c :87 :List_push) gay shit
DEBUG: (src/list.c :87 :List_push) gay shit
DEBUG: (src/list.c :87 :List_push) gay shit
DEBUG: (src/list.c :87 :List_push) gay shit
DEBUG: (src/list.c :87 :List_push) gay shit
DEBUG: (src/list.c :87 :List_push) gay shit
DEBUG: (src/list.c :87 :List_push) gay shit
DEBUG: (src/list.c :87 :List_push) gay shit
DEBUG: (src/list.c :87 :List_push) gay shit
DEBUG: (src/list.c :87 :List_push) gay shit
DEBUG: (src/list.c :87 :List_push) gay shit
DEBUG: (src/list.c :87 :List_push) gay shit
DEBUG: (src/list.c :87 :List_push) gay shit
DEBUG: (src/list.c :87 :List_push) gay shit
DEBUG: (src/list.c :87 :List_push) gay shit
DEBUG: (src/list.c :87 :List_push) gay shit
DEBUG: (src/list.c :87 :List_push) gay shit
DEBUG: (src/list.c :87 :List_push) gay shit
DEBUG: (src/list.c :87 :List_push) gay shit
DEBUG: (src/list.c :87 :List_push) gay shit
DEBUG: (src/list.c :87 :List_push) gay shit
DEBUG: (src/list.c :87 :List_push) gay shit
DEBUG: (src/list.c :87 :List_push) gay shit
DEBUG: (src/list.c :87 :List_push) gay shit
DEBUG: (src/list.c :87 :List_push) gay shit
DEBUG: (src/list.c :87 :List_push) gay shit
DEBUG: (src/list.c :87 :List_push) gay shit
DEBUG: (src/list.c :87 :List_push) gay shit
DEBUG: (src/list.c :87 :List_push) gay shit
DEBUG: (src/list.c :87 :List_push) gay shit
DEBUG: (src/list.c :87 :List_push) gay shit
DEBUG: (src/list.c :87 :List_push) gay shit
DEBUG: (src/list.c :87 :List_push) gay shit
DEBUG: (src/list.c :87 :List_push) gay shit
DEBUG: (src/list.c :87 :List_push) gay shit
DEBUG: (src/list.c :87 :List_push) gay shit
DEBUG: (src/list.c :87 :List_push) gay shit
DEBUG: (src/list.c :87 :List_push) gay shit
DEBUG: (src/list.c :87 :List_push) gay shit
DEBUG: (src/list.c :87 :List_push) gay shit
DEBUG: (src/list.c :87 :List_push) gay shit
DEBUG: (src/list.c :87 :List_push) gay shit
DEBUG: (src/list.c :87 :List_push) gay shit
DEBUG: (src/list.c :87 :List_push) gay shit
DEBUG: (src/list.c :87 :List_push) gay shit
DEBUG: (src/list.c :87 :List_push) gay shit
DEBUG: (src/list.c :87 :List_push) gay shit
DEBUG: (src/list.c :87 :List_push) gay shit
DEBUG: (src/list.c :87 :List_push) gay shit
DEBUG: (src/list.c :87 :List_push) gay shit
DEBUG: (src/list.c :87 :List_push) gay shit
DEBUG: (src/list.c :87 :List_push) gay shit
DEBUG: (src/list.c :87 :List_push) gay shit
DEBUG: (src/list.c :87 :List_push) gay shit
DEBUG: (src/list.c :87 :List_push) gay shit
DEBUG: (src/list.c :87 :List_push) gay shit
DEBUG: (src/list.c :87 :List_push) gay shit
DEBUG: (src/list.c :87 :List_push) gay shit
DEBUG: (src/list.c :87 :List_push) gay shit
DEBUG: (src/list.c :87 :List_push) gay shit
DEBUG: (src/list.c :87 :List_push) gay shit
DEBUG: (src/list.c :87 :List_push) gay shit
DEBUG: (src/list.c :87 :List_push) gay shit
DEBUG: (src/list.c :87 :List_push) gay shit
DEBUG: (src/list.c :87 :List_push) gay shit
DEBUG: (src/list.c :87 :List_push) gay shit
DEBUG: (src/list.c :87 :List_push) gay shit
DEBUG: (src/list.c :87 :List_push) gay shit
DEBUG: (src/list.c :87 :List_push) gay shit
DEBUG: (src/list.c :87 :List_push) gay shit
DEBUG: (src/list.c :87 :List_push) gay shit
DEBUG: (src/list.c :87 :List_push) gay shit
DEBUG: (src/list.c :87 :List_push) gay shit
DEBUG: (src/list.c :87 :List_push) gay shit
DEBUG: (src/list.c :87 :List_push) gay shit
DEBUG: (src/list.c :87 :List_push) gay shit
DEBUG: (src/list.c :87 :List_push) gay shit
DEBUG: (src/list.c :87 :List_push) gay shit
DEBUG: (src/list.c :87 :List_push) gay shit
DEBUG: (src/list.c :87 :List_push) gay shit
DEBUG: (src/list.c :87 :List_push) gay shit
DEBUG: (src/list.c :87 :List_push) gay shit
DEBUG: (src/list.c :87 :List_push) gay shit
DEBUG: (src/list.c :87 :List_push) gay shit
DEBUG: (src/list.c :87 :List_push) gay shit
DEBUG: (src/list.c :87 :List_push) gay shit
DEBUG: (src/list.c :87 :List_push) gay shit
DEBUG: (src/list.c :87 :List_push) gay shit
DEBUG: (src/list.c :87 :List_push) gay shit
DEBUG: (src/list.c :87 :List_push) gay shit
DEBUG: (src/list.c :87 :List_push) gay shit
DEBUG: (src/list.c :87 :List_push) gay shit
DEBUG: (src/list.c :87 :List_push) gay shit
DEBUG: (src/list.c :87 :List_push) gay shit
DEBUG: (src/list.c :87 :List_push) gay shit
DEBUG: (src/list.c :87 :List_push) gay shit
DEBUG: (src/list.c :87 :List_push) gay shit
DEBUG: (src/list.c :87 :List_push) gay shit
DEBUG: (src/list.c :87 :List_push) gay shit
DEBUG: (src/list.c :87 :List_push) gay shit
DEBUG: (src/list.c :87 :List_push) gay shit
DEBUG: (src/list.c :87 :List_push) gay shit
DEBUG: (src/list.c :87 :List_push) gay shit
DEBUG: (src/list.c :87 :List_push) gay shit
DEBUG: (src/list.c :87 :List_push) gay shit
DEBUG: (src/list.c :87 :List_push) gay shit
DEBUG: (src/list.c :87 :List_push) gay shit
DEBUG: (src/list.c :87 :List_push) gay shit
DEBUG: (src/list.c :87 :List_push) gay shit
DEBUG: (src/list.c :87 :List_push) gay shit
DEBUG: (src/list.c :87 :List_push) gay shit
DEBUG: (src/list.c :87 :List_push) gay shit
DEBUG: (src/list.c :87 :List_push) gay shit
DEBUG: (src/list.c :87 :List_push) gay shit
DEBUG: (src/list.c :87 :List_push) gay shit
DEBUG: (src/list.c :87 :List_push) gay shit
DEBUG: (src/list.c :87 :List_push) gay shit
DEBUG: (src/list.c :87 :List_push) gay shit
DEBUG: (src/list.c :87 :List_push) gay shit
DEBUG: (src/list.c :87 :List_push) gay shit
DEBUG: (src/list.c :87 :List_push) gay shit
DEBUG: (src/list.c :87 :List_push) gay shit
DEBUG: (src/list.c :87 :List_push) gay shit
DEBUG: (src/list.c :87 :List_push) gay shit
DEBUG: (src/list.c :87 :List_push) gay shit
DEBUG: (src/list.c :87 :List_push) gay shit
DEBUG: (src/list.c :87 :List_push) gay shit
DEBUG: (src/list.c :87 :List_push) gay shit
DEBUG: (src/list.c :87 :List_push) gay shit
DEBUG: (src/list.c :87 :List_push) gay shit
DEBUG: (src/list.c :87 :List_push) gay shit
DEBUG: (src/list.c :87 :List_push) gay shit
DEBUG: (src/list.c :87 :List_push) gay shit
DEBUG: (src/list.c :87 :List_push) gay shit
DEBUG: (src/list.c :87 :List_push) gay shit
DEBUG: (src/list.c :87 :List_push) gay shit
DEBUG: (src/list.c :87 :List_push) gay shit
DEBUG: (src/list.c :87 :List_push) gay shit
DEBUG: (src/list.c :87 :List_push) gay shit
DEBUG: (src/list.c :87 :List_push) gay shit
DEBUG: (src/list.c :87 :List_push) gay shit
DEBUG: (src/list.c :87 :List_push) gay shit
DEBUG: (src/list.c :87 :List_push) gay shit
DEBUG: (src/list.c :87 :List_push) gay shit
DEBUG: (src/list.c :87 :List_push) gay shit
DEBUG: (src/list.c :87 :List_push) gay shit
DEBUG: (src/list.c :87 :List_push) gay shit
DEBUG: (src/list.c :87 :List_push) gay shit
DEBUG: (src/list.c :87 :List_push) gay shit
DEBUG: (src/list.c :87 :List_push) gay shit
DEBUG: (src/list.c :87 :List_push) gay shit
DEBUG: (src/list.c :87 :List_push) gay shit
DEBUG: (src/list.c :87 :List_push) gay shit
DEBUG: (src/list.c :87 :List_push) gay shit
DEBUG: (src/list.c :87 :List_push) gay shit
DEBUG: (src/list.c :87 :List_push) gay shit
DEBUG: (src/list.c :87 :List_push) gay shit
DEBUG: (src/list.c :87 :List_push) gay shit
DEBUG: (src/list.c :87 :List_push) gay shit
DEBUG: (src/list.c :87 :List_push) gay shit
DEBUG: (src/list.c :87 :List_push) gay shit
DEBUG: (src/list.c :87 :List_push) gay shit
DEBUG: (src/list.c :87 :List_push) gay shit
DEBUG: (src/list.c :87 :List_push) gay shit
DEBUG: (src/list.c :87 :List_push) gay shit
DEBUG: (src/list.c :87 :List_push) gay shit
DEBUG: (src/list.c :87 :List_push) gay shit
DEBUG: (src/list.c :87 :List_push) gay shit
DEBUG: (src/list.c :87 :List_push) gay shit
DEBUG: (src/list.c :87 :List_push) gay shit
DEBUG: (src/list.c :87 :List_push) gay shit
DEBUG: (src/list.c :87 :List_push) gay shit
DEBUG: (src/list.c :87 :List_push) gay shit
DEBUG: (src/list.c :87 :List_push) gay shit
DEBUG: (src/list.c :87 :List_push) gay shit
DEBUG: (src/list.c :87 :List_push) gay shit
DEBUG: (src/list.c :87 :List_push) gay shit
DEBUG: (src/list.c :87 :List_push) gay shit
DEBUG: (src/list.c :87 :List_push) gay shit
DEBUG: (src/list.c :87 :List_push) gay shit
DEBUG: (src/list.c :87 :List_push) gay shit
DEBUG: (src/list.c :87 :List_push) gay shit
DEBUG: (src/list.c :87 :List_push) gay shit
DEBUG: (src/list.c :87 :List_push) gay shit
DEBUG: (src/list.c :87 :List_push) gay shit
DEBUG: (src/list.c :87 :List_push) gay shit
DEBUG: (src/list.c :87 :List_push) gay shit
DEBUG: (src/list.c :87 :List_push) gay shit
DEBUG: (src/list.c :87 :List_push) gay shit
DEBUG: (src/list.c :87 :List_push) gay shit
DEBUG: (src/list.c :87 :List_push) gay shit
DEBUG: (src/list.c :87 :List_push) gay shit
DEBUG: (src/list.c :87 :List_push) gay shit
DEBUG: (src/list.c :87 :List_push) gay shit
DEBUG: (src/list.c :87 :List_push) gay shit
DEBUG: (src/list.c :87 :List_push) gay shit
DEBUG: (src/list.c :87 :List_push) gay shit
DEBUG: (src/list.c :87 :List_push) gay shit
DEBUG: (src/list.c :87 :List_push) gay shit
DEBUG: (src/list.c :87 :List_push) gay shit
DEBUG: (src/list.c :87 :List_push) gay shit
DEBUG: (src/list.c :87 :List_push) gay shit
DEBUG: (src/list.c :87 :List_push) gay shit
DEBUG: (src/list.c :87 :List_push) gay shit
DEBUG: (src/list.c :87 :List_push) gay shit
DEBUG: (src/list.c :87 :List_push) gay shit
DEBUG: (src/list.c :87 :List_push) gay shit
DEBUG: (src/list.c :87 :List_push) gay shit
DEBUG: (src/list.c :87 :List_push) gay shit
DEBUG: (src/list.c :87 :List_push) gay shit
DEBUG: (src/list.c :87 :List_push) gay shit
DEBUG: (src/list.c :87 :List_push) gay shit
DEBUG: (src/list.c :87 :List_push) gay shit
DEBUG: (src/list.c :87 :List_push) gay shit
DEBUG: (src/list.c :87 :List_push) gay shit
DEBUG: (src/list.c :87 :List_push) gay shit
DEBUG: (src/list.c :87 :List_push) gay shit
DEBUG: (src/list.c :87 :List_push) gay shit
DEBUG: (src/list.c :87 :List_push) gay shit
DEBUG: (src/list.c :87 :List_push) gay shit
DEBUG: (src/list.c :87 :List_push) gay shit
DEBUG: (src/list.c :87 :List_push) gay shit
DEBUG: (src/list.c :87 :List_push) gay shit
DEBUG: (src/list.c :87 :List_push) gay shit
DEBUG: (src/list.c :87 :List_push) gay shit
DEBUG: (src/list.c :87 :List_push) gay shit
DEBUG: (src/list.c :87 :List_push) gay shit
DEBUG: (src/list.c :87 :List_push) gay shit
DEBUG: (src/list.c :87 :List_push) gay shit
DEBUG: (src/list.c :87 :List_push) gay shit
DEBUG: (src/list.c :87 :List_push) gay shit
DEBUG: (src/list.c :87 :List_push) gay shit
DEBUG: (src/list.c :87 :List_push) gay shit
DEBUG: (src/list.c :87 :List_push) gay shit
DEBUG: (src/list.c :87 :List_push) gay shit
DEBUG: (src/list.c :87 :List_push) gay shit
DEBUG: (src/list.c :87 :List_push) gay shit
DEBUG: (src/list.c :87 :List_push) gay shit
DEBUG: (src/list.c :87 :List_push) gay shit
DEBUG: (src/list.c :87 :List_push) gay shit
DEBUG: (src/list.c :87 :List_push) gay shit
DEBUG: (src/list.c :87 :List_push) gay shit
DEBUG: (src/list.c :87 :List_push) gay shit
DEBUG: (src/list.c :87 :List_push) gay shit
DEBUG: (src/list.c :87 :List_push) gay shit
DEBUG: (src/list.c :87 :List_push) gay shit
DEBUG: (src/list.c :87 :List_push) gay shit
DEBUG: (src/list.c :87 :List_push) gay shit
DEBUG: (src/list.c :87 :List_push) gay shit
DEBUG: (src/list.c :87 :List_push) gay shit
DEBUG: (src/list.c :87 :List_push) gay shit
DEBUG: (src/list.c :87 :List_push) gay shit
DEBUG: (src/list.c :87 :List_push) gay shit
DEBUG: (src/list.c :87 :List_push) gay shit
DEBUG: (src/list.c :87 :List_push) gay shit
DEBUG: (src/list.c :87 :List_push) gay shit
DEBUG: (src/list.c :87 :List_push) gay shit
DEBUG: (src/list.c :87 :List_push) gay shit
DEBUG: (src/list.c :87 :List_push) gay shit
DEBUG: (src/list.c :87 :List_push) gay shit
DEBUG: (src/list.c :87 :List_push) gay shit
DEBUG: (src/list.c :87 :List_push) gay shit
DEBUG: (src/list.c :87 :List_push) gay shit
DEBUG: (src/list.c :87 :List_push) gay shit
DEBUG: (src/list.c :87 :List_push) gay shit
DEBUG: (src/list.c :87 :List_push) gay shit
DEBUG: (src/list.c :87 :List_push) gay shit
DEBUG: (src/list.c :87 :List_push) gay shit
DEBUG: (src/list.c :87 :List_push) gay shit
DEBUG: (src/list.c :87 :List_push) gay shit
DEBUG: (src/list.c :87 :List_push) gay shit
DEBUG: (src/list.c :87 :List_push) gay shit
DEBUG: (src/list.c :87 :List_push) gay shit
DEBUG: (src/list.c :87 :List_push) gay shit
DEBUG: (src/list.c :87 :List_push) gay shit
DEBUG: (src/list.c :87 :List_push) gay shit
DEBUG: (src/list.c :87 :List_push) gay shit
DEBUG: (src/list.c :87 :List_push) gay shit
DEBUG: (src/list.c :87 :List_push) gay shit
DEBUG: (src/list.c :87 :List_push) gay shit
DEBUG: (src/list.c :87 :List_push) gay shit
DEBUG: (src/list.c :87 :List_push) gay shit
DEBUG: (src/list.c :87 :List_push) gay shit
DEBUG: (src/list.c :87 :List_push) gay shit
DEBUG: (src/list.c :87 :List_push) gay shit
DEBUG: (src/list.c :87 :List_push) gay shit
DEBUG: (src/list.c :87 :List_push) gay shit
DEBUG: (src/list.c :87 :List_push) gay shit
DEBUG: (src/list.c :87 :List_push) gay shit
DEBUG: (src/list.c :87 :List_push) gay shit
DEBUG: (src/list.c :87 :List_push) gay shit
DEBUG: (src/list.c :87 :List_push) gay shit
DEBUG: (src/list.c :87 :List_push) gay shit
DEBUG: (src/list.c :87 :List_push) gay shit
DEBUG: (src/list.c :87 :List_push) gay shit
DEBUG: (src/list.c :87 :List_push) gay shit
DEBUG: (src/list.c :87 :List_push) gay shit
DEBUG: (src/list.c :87 :List_push) gay shit
DEBUG: (src/list.c :87 :List_push) gay shit
DEBUG: (src/list.c :87 :List_push) gay shit
DEBUG: (src/list.c :87 :List_push) gay shit
DEBUG: (src/list.c :87 :List_push) gay shit
DEBUG: (src/list.c :87 :List_push) gay shit
DEBUG: (src/list.c :87 :List_push) gay shit
DEBUG: (src/list.c :87 :List_push) gay shit
DEBUG: (src/list.c :87 :List_push) gay shit
DEBUG: (src/list.c :87 :List_push) gay shit
DEBUG: (src/list.c :87 :List_push) gay shit
DEBUG: (src/list.c :87 :List_push) gay shit
DEBUG: (src/list.c :87 :List_push) gay shit
DEBUG: (src/list.c :87 :List_push) gay shit
DEBUG: (src/list.c :87 :List_push) gay shit
DEBUG: (src/list.c :87 :List_push) gay shit
DEBUG: (src/list.c :87 :List_push) gay shit
DEBUG: (src/list.c :87 :List_push) gay shit
DEBUG: (src/list.c :87 :List_push) gay shit
DEBUG: (src/list.c :87 :List_push) gay shit
DEBUG: (src/list.c :87 :List_push) gay shit
DEBUG: (src/list.c :87 :List_push) gay shit
DEBUG: (src/list.c :87 :List_push) gay shit
DEBUG: (src/list.c :87 :List_push) gay shit
DEBUG: (src/list.c :87 :List_push) gay shit
DEBUG: (src/list.c :87 :List_push) gay shit
DEBUG: (src/list.c :87 :List_push) gay shit
DEBUG: (src/list.c :87 :List_push) gay shit
DEBUG: (src/list.c :87 :List_push) gay shit
DEBUG: (src/list.c :87 :List_push) gay shit
DEBUG: (src/list.c :87 :List_push) gay shit
DEBUG: (src/list.c :87 :List_push) gay shit
DEBUG: (src/list.c :87 :List_push) gay shit
DEBUG: (src/list.c :87 :List_push) gay shit
DEBUG: (src/list.c :87 :List_push) gay shit
DEBUG: (src/list.c :87 :List_push) gay shit
DEBUG: (src/list.c :87 :List_push) gay shit
DEBUG: (src/list.c :87 :List_push) gay shit
DEBUG: (src/list.c :87 :List_push) gay shit
DEBUG: (src/list.c :87 :List_push) gay shit
DEBUG: (src/list.c :87 :List_push) gay shit
DEBUG: (src/list.c :87 :List_push) gay shit
DEBUG: (src/list.c :87 :List_push) gay shit
DEBUG: (src/list.c :87 :List_push) gay shit
DEBUG: (src/list.c :87 :List_push) gay shit
DEBUG: (src/list.c :87 :List_push) gay shit
DEBUG: (src/list.c :87 :List_push) gay shit
DEBUG: (src/list.c :87 :List_push) gay shit
DEBUG: (src/list.c :87 :List_push) gay shit
DEBUG: (src/list.c :87 :List_push) gay shit
DEBUG: (src/list.c :87 :List_push) gay shit
DEBUG: (src/list.c :87 :List_push) gay shit
DEBUG: (src/list.c :87 :List_push) gay shit
DEBUG: (src/list.c :87 :List_push) gay shit
DEBUG: (src/list.c :87 :List_push) gay shit
DEBUG: (src/list.c :87 :List_push) gay shit
DEBUG: (src/list.c :87 :List_push) gay shit
DEBUG: (src/list.c :87 :List_push) gay shit
DEBUG: (src/list.c :87 :List_push) gay shit
DEBUG: (src/list.c :87 :List_push) gay shit
DEBUG: (src/list.c :87 :List_push) gay shit
DEBUG: (src/list.c :87 :List_push) gay shit
DEBUG: (src/list.c :87 :List_push) gay shit
DEBUG: (src/list.c :87 :List_push) gay shit
DEBUG: (src/list.c :87 :List_push) gay shit
DEBUG: (src/list.c :87 :List_push) gay shit
DEBUG: (src/list.c :87 :List_push) gay shit
DEBUG: (src/list.c :87 :List_push) gay shit
DEBUG: (src/list.c :87 :List_push) gay shit
DEBUG: (src/list.c :87 :List_push) gay shit
DEBUG: (src/list.c :87 :List_push) gay shit
DEBUG: (src/list.c :87 :List_push) gay shit
DEBUG: (src/list.c :87 :List_push) gay shit
DEBUG: (src/list.c :87 :List_push) gay shit
DEBUG: (src/list.c :87 :List_push) gay shit
DEBUG: (src/list.c :87 :List_push) gay shit
DEBUG: (src/list.c :87 :List_push) gay shit
DEBUG: (src/list.c :87 :List_push) gay shit
DEBUG: (src/list.c :87 :List_push) gay shit
DEBUG: (src/list.c :87 :List_push) gay shit
DEBUG: (src/list.c :87 :List_push) gay shit
DEBUG: (src/list.c :87 :List_push) gay shit
DEBUG: (src/list.c :87 :List_push) gay shit
DEBUG: (src/list.c :87 :List_push) gay shit
DEBUG: (src/list.c :87 :List_push) gay shit
DEBUG: (src/list.c :87 :List_push) gay shit
DEBUG: (src/list.c :87 :List_push) gay shit
DEBUG: (src/list.c :87 :List_push) gay shit
DEBUG: (src/list.c :87 :List_push) gay shit
DEBUG: (src/list.c :87 :List_push) gay shit
DEBUG: (src/list.c :87 :List_push) gay shit
DEBUG: (src/list.c :87 :List_push) gay shit
DEBUG: (src/list.c :87 :List_push) gay shit
DEBUG: (src/list.c :87 :List_push) gay shit
DEBUG: (src/list.c :87 :List_push) gay shit
DEBUG: (src/list.c :87 :List_push) gay shit
DEBUG: (src/list.c :87 :List_push) gay shit
DEBUG: (src/list.c :87 :List_push) gay shit
DEBUG: (src/list.c :87 :List_push) gay shit
DEBUG: (src/list.c :87 :List_push) gay shit
DEBUG: (src/list.c :87 :List_push) gay shit
DEBUG: (src/list.c :87 :List_push) gay shit
DEBUG: (src/list.c :87 :List_push) gay shit
DEBUG: (src/list.c :87 :List_push) gay shit
DEBUG: (src/list.c :87 :List_push) gay shit
DEBUG: (src/list.c :87 :List_push) gay shit
DEBUG: (src/list.c :87 :List_push) gay shit
DEBUG: (src/list.c :87 :List_push) gay shit
DEBUG: (src/list.c :87 :List_push) gay shit
DEBUG: (src/list.c :87 :List_push) gay shit
DEBUG: (src/list.c :87 :List_push) gay shit
DEBUG: (src/list.c :87 :List_push) gay shit
DEBUG: (src/list.c :87 :List_push) gay shit
DEBUG: (src/list.c :87 :List_push) gay shit
DEBUG: (src/list.c :87 :List_push) gay shit
DEBUG: (src/list.c :87 :List_push) gay shit
DEBUG: (src/list.c :87 :List_push) gay shit
DEBUG: (src/list.c :87 :List_push) gay shit
DEBUG: (src/list.c :87 :List_push) gay shit
DEBUG: (src/list.c :87 :List_push) gay shit
DEBUG: (src/list.c :87 :List_push) gay shit
DEBUG: (src/list.c :87 :List_push) gay shit
DEBUG: (src/list.c :87 :List_push) gay shit
DEBUG: (src/list.c :87 :List_push) gay shit
DEBUG: (src/list.c :87 :List_push) gay shit
DEBUG: (src/list.c :87 :List_push) gay shit
DEBUG: (src/list.c :87 :List_push) gay shit
DEBUG: (src/list.c :87 :List_push) gay shit
DEBUG: (src/list.c :87 :List_push) gay shit
DEBUG: (src/list.c :87 :List_push) gay shit
DEBUG: (src/list.c :87 :List_push) gay shit
DEBUG: (src/list.c :87 :List_push) gay shit
DEBUG: (src/list.c :87 :List_push) gay shit
DEBUG: (src/list.c :87 :List_push) gay shit
DEBUG: (src/list.c :87 :List_push) gay shit
DEBUG: (src/list.c :87 :List_push) gay shit
DEBUG: (src/list.c :87 :List_push) gay shit
DEBUG: (src/list.c :87 :List_push) gay shit
DEBUG: (src/list.c :87 :List_push) gay shit
DEBUG: (src/list.c :87 :List_push) gay shit
DEBUG: (src/list.c :87 :List_push) gay shit
DEBUG: (src/list.c :87 :List_push) gay shit
DEBUG: (src/list.c :87 :List_push) gay shit
DEBUG: (src/list.c :87 :List_push) gay shit
DEBUG: (src/list.c :87 :List_push) gay shit
DEBUG: (src/list.c :87 :List_push) gay shit
DEBUG: (src/list.c :87 :List_push) gay shit
DEBUG: (src/list.c :87 :List_push) gay shit
DEBUG: (src/list.c :87 :List_push) gay shit
DEBUG: (src/list.c :87 :List_push) gay shit
DEBUG: (src/list.c :87 :List_push) gay shit
DEBUG: (src/list.c :87 :List_push) gay shit
DEBUG: (src/list.c :87 :List_push) gay shit
DEBUG: (src/list.c :87 :List_push) gay shit
DEBUG: (src/list.c :87 :List_push) gay shit
DEBUG: (src/list.c :87 :List_push) gay shit
DEBUG: (src/list.c :87 :List_push) gay shit
DEBUG: (src/list.c :87 :List_push) gay shit
DEBUG: (src/list.c :87 :List_push) gay shit
DEBUG: (src/list.c :87 :List_push) gay shit
DEBUG: (src/list.c :87 :List_push) gay shit
DEBUG: (src/list.c :87 :List_push) gay shit
DEBUG: (src/list.c :87 :List_push) gay shit
DEBUG: (src/list.c :87 :List_push) gay shit
DEBUG: (src/list.c :87 :List_push) gay shit
DEBUG: (src/list.c :87 :List_push) gay shit
DEBUG: (src/list.c :87 :List_push) gay shit
DEBUG: (src/list.c :87 :List_push) gay shit
DEBUG: (src/list.c :87 :List_push) gay shit
DEBUG: (src/list.c :87 :List_push) gay shit
DEBUG: (src/list.c :87 :List_push) gay shit
DEBUG: (src/list.c :87 :List_push) gay shit
DEBUG: (src/list.c :87 :List_push) gay shit
DEBUG: (src/list.c :87 :List_push) gay shit
DEBUG: (src/list.c :87 :List_push) gay shit
DEBUG: (src/list.c :87 :List_push) gay shit
DEBUG: (src/list.c :87 :List_push) gay shit
DEBUG: (src/list.c :87 :List_push) gay shit
DEBUG: (src/list.c :87 :List_push) gay shit
DEBUG: (src/list.c :87 :List_push) gay shit
DEBUG: (src/list.c :87 :List_push) gay shit
DEBUG: (src/list.c :87 :List_push) gay shit
DEBUG: (src/list.c :87 :List_push) gay shit
DEBUG: (src/list.c :87 :List_push) gay shit
DEBUG: (src/list.c :87 :List_push) gay shit
DEBUG: (src/list.c :87 :List_push) gay shit
DEBUG: (src/list.c :87 :List_push) gay shit
DEBUG: (src/list.c :87 :List_push) gay shit
DEBUG: (src/list.c :87 :List_push) gay shit
DEBUG: (src/list.c :87 :List_push) gay shit
DEBUG: (src/list.c :87 :List_push) gay shit
DEBUG: (src/list.c :87 :List_push) gay shit
DEBUG: (src/list.c :87 :List_push) gay shit
DEBUG: (src/list.c :87 :List_push) gay shit
DEBUG: (src/list.c :87 :List_push) gay shit
DEBUG: (src/list.c :87 :List_push) gay shit
DEBUG: (src/list.c :87 :List_push) gay shit
DEBUG: (src/list.c :87 :List_push) gay shit
DEBUG: (src/list.c :87 :List_push) gay shit
DEBUG: (src/list.c :87 :List_push) gay shit
DEBUG: (src/list.c :87 :List_push) gay shit
DEBUG: (src/list.c :87 :List_push) gay shit
DEBUG: (src/list.c :87 :List_push) gay shit
DEBUG: (src/list.c :87 :List_push) gay shit
DEBUG: (src/list.c :87 :List_push) gay shit
DEBUG: (src/list.c :87 :List_push) gay shit
DEBUG: (src/list.c :87 :List_push) gay shit
DEBUG: (src/list.c :87 :List_push) gay shit
DEBUG: (src/list.c :87 :List_push) gay shit
DEBUG: (src/list.c :87 :List_push) gay shit
DEBUG: (src/list.c :87 :List_push) gay shit
DEBUG: (src/list.c :87 :List_push) gay shit
DEBUG: (src/list.c :87 :List_push) gay shit
DEBUG: (src/list.c :87 :List_push) gay shit
DEBUG: (src/list.c :87 :List_push) gay shit
DEBUG: (src/list.c :87 :List_push) gay shit
DEBUG: (src/list.c :87 :List_push) gay shit
DEBUG: (src/list.c :87 :List_push) gay shit
DEBUG: (src/list.c :87 :List_push) gay shit
DEBUG: (src/list.c :87 :List_push) gay shit
DEBUG: (src/list.c :87 :List_push) gay shit
DEBUG: (src/list.c :87 :List_push) gay shit
DEBUG: (src/list.c :87 :List_push) gay shit
DEBUG: (src/list.c :87 :List_push) gay shit
DEBUG: (src/list.c :87 :List_push) gay shit
DEBUG: (src/list.c :87 :List_push) gay shit
DEBUG: (src/list.c :87 :List_push) gay shit
DEBUG: (src/list.c :87 :List_push) gay shit
DEBUG: (src/list.c :87 :List_push) gay shit
DEBUG: (src/list.c :87 :List_push) gay shit
DEBUG: (src/list.c :87 :List_push) gay shit
DEBUG: (src/list.c :87 :List_push) gay shit
DEBUG: (src/list.c :87 :List_push) gay shit
DEBUG: (src/list.c :87 :List_push) gay shit
DEBUG: (src/list.c :87 :List_push) gay shit
DEBUG: (src/list.c :87 :List_push) gay shit
DEBUG: (src/list.c :87 :List_push) gay shit
DEBUG: (src/list.c :87 :List_push) gay shit
DEBUG: (src/list.c :87 :List_push) gay shit
DEBUG: (src/list.c :87 :List_push) gay shit
DEBUG: (src/list.c :87 :List_push) gay shit
DEBUG: (src/list.c :87 :List_push) gay shit
DEBUG: (src/list.c :87 :List_push) gay shit
DEBUG: (src/list.c :87 :List_push) gay shit
DEBUG: (src/list.c :87 :List_push) gay shit
DEBUG: (src/list.c :87 :List_push) gay shit
DEBUG: (src/list.c :87 :List_push) gay shit
DEBUG: (src/list.c :87 :List_push) gay shit
DEBUG: (src/list.c :87 :List_push) gay shit
DEBUG: (src/list.c :87 :List_push) gay shit
DEBUG: (src/list.c :87 :List_push) gay shit
DEBUG: (src/list.c :87 :List_push) gay shit
DEBUG: (src/list.c :87 :List_push) gay shit
DEBUG: (src/list.c :87 :List_push) gay shit
DEBUG: (src/list.c :87 :List_push) gay shit
DEBUG: (src/list.c :87 :List_push) gay shit
DEBUG: (src/list.c :87 :List_push) gay shit
DEBUG: (src/list.c :87 :List_push) gay shit
DEBUG: (src/list.c :87 :List_push) gay shit
DEBUG: (src/list.c :87 :List_push) gay shit
DEBUG: (src/list.c :87 :List_push) gay shit
DEBUG: (src/list.c :87 :List_push) gay shit
DEBUG: (src/list.c :87 :List_push) gay shit
DEBUG: (src/list.c :87 :List_push) gay shit
DEBUG: (src/list.c :87 :List_push) gay shit
DEBUG: (src/list.c :87 :List_push) gay shit
DEBUG: (src/list.c :87 :List_push) gay shit
DEBUG: (src/list.c :87 :List_push) gay shit
DEBUG: (src/list.c :87 :List_push) gay shit
DEBUG: (src/list.c :87 :List_push) gay shit
DEBUG: (src/list.c :87 :List_push) gay shit
DEBUG: (src/list.c :87 :List_push) gay shit
DEBUG: (src/list.c :87 :List_push) gay shit
DEBUG: (src/list.c :87 :List_push) gay shit
DEBUG: (src/list.c :87 :List_push) gay shit
DEBUG: (src/list.c :87 :List_push) gay shit
DEBUG: (src/list.c :87 :List_push) gay shit
DEBUG: (src/list.c :87 :List_push) gay shit
DEBUG: (src/list.c :87 :List_push) gay shit
DEBUG: (src/list.c :87 :List_push) gay shit
DEBUG: (src/list.c :87 :List_push) gay shit
DEBUG: (src/list.c :87 :List_push) gay shit
DEBUG: (src/list.c :87 :List_push) gay shit
DEBUG: (src/list.c :87 :List_push) gay shit
DEBUG: (src/list.c :87 :List_push) gay shit
DEBUG: (src/list.c :87 :List_push) gay shit
DEBUG: (src/list.c :87 :List_push) gay shit
DEBUG: (src/list.c :87 :List_push) gay shit
DEBUG: (src/list.c :87 :List_push) gay shit
DEBUG: (src/list.c :87 :List_push) gay shit
DEBUG: (src/list.c :87 :List_push) gay shit
DEBUG: (src/list.c :87 :List_push) gay shit
DEBUG: (src/list.c :87 :List_push) gay shit
DEBUG: (src/list.c :87 :List_push) gay shit
DEBUG: (src/list.c :87 :List_push) gay shit
DEBUG: (src/list.c :87 :List_push) gay shit
DEBUG: (src/list.c :87 :List_push) gay shit
DEBUG: (src/list.c :87 :List_push) gay shit
DEBUG: (src/list.c :87 :List_push) gay shit
DEBUG: (src/list.c :87 :List_push) gay shit
DEBUG: (src/list.c :87 :List_push) gay shit
DEBUG: (src/list.c :87 :List_push) gay shit
DEBUG: (src/list.c :87 :List_push) gay shit
DEBUG: (src/list.c :87 :List_push) gay shit
DEBUG: (src/list.c :87 :List_push) gay shit
DEBUG: (src/list.c :87 :List_push) gay shit
DEBUG: (src/list.c :87 :List_push) gay shit
DEBUG: (src/list.c :87 :List_push) gay shit
DEBUG: (src/list.c :87 :List_push) gay shit
DEBUG: (src/list.c :87 :List_push) gay shit
DEBUG: (src/list.c :87 :List_push) gay shit
DEBUG: (src/list.c :87 :List_push) gay shit
DEBUG: (src/list.c :87 :List_push) gay shit
DEBUG: (src/list.c :87 :List_push) gay shit
DEBUG: (src/list.c :87 :List_push) gay shit
DEBUG: (src/list.c :87 :List_push) gay shit
DEBUG: (src/list.c :87 :List_push) gay shit
DEBUG: (src/list.c :87 :List_push) gay shit
DEBUG: (src/list.c :87 :List_push) gay shit
DEBUG: (src/list.c :87 :List_push) gay shit
DEBUG: (src/list.c :87 :List_push) gay shit
DEBUG: (src/list.c :87 :List_push) gay shit
DEBUG: (src/list.c :87 :List_push) gay shit
DEBUG: (src/list.c :87 :List_push) gay shit
DEBUG: (src/list.c :87 :List_push) gay shit
DEBUG: (src/list.c :87 :List_push) gay shit
DEBUG: (src/list.c :87 :List_push) gay shit
DEBUG: (src/list.c :87 :List_push) gay shit
DEBUG: (src/list.c :87 :List_push) gay shit
DEBUG: (src/list.c :87 :List_push) gay shit
DEBUG: (src/list.c :87 :List_push) gay shit
DEBUG: (src/list.c :87 :List_push) gay shit
DEBUG: (src/list.c :87 :List_push) gay shit
DEBUG: (src/list.c :87 :List_push) gay shit
DEBUG: (src/list.c :87 :List_push) gay shit
DEBUG: (src/list.c :87 :List_push) gay shit
DEBUG: (src/list.c :87 :List_push) gay shit
DEBUG: (src/list.c :87 :List_push) gay shit
DEBUG: (src/list.c :87 :List_push) gay shit
DEBUG: (src/list.c :87 :List_push) gay shit
DEBUG: (src/list.c :87 :List_push) gay shit
DEBUG: (src/list.c :87 :List_push) gay shit
DEBUG: (src/list.c :87 :List_push) gay shit
DEBUG: (src/list.c :87 :List_push) gay shit
DEBUG: (src/list.c :87 :List_push) gay shit
DEBUG: (src/list.c :87 :List_push) gay shit
DEBUG: (src/list.c :87 :List_push) gay shit
DEBUG: (src/list.c :87 :List_push) gay shit
DEBUG: (src/list.c :87 :List_push) gay shit
DEBUG: (src/list.c :87 :List_push) gay shit
DEBUG: (src/list.c :87 :List_push) gay shit
DEBUG: (src/list.c :87 :List_push) gay shit
DEBUG: (src/list.c :87 :List_push) gay shit
DEBUG: (src/list.c :87 :List_push) gay shit
DEBUG: (src/list.c :87 :List_push) gay shit
DEBUG: (src/list.c :87 :List_push) gay shit
DEBUG: (src/list.c :87 :List_push) gay shit
DEBUG: (src/list.c :87 :List_push) gay shit
DEBUG: (src/list.c :87 :List_push) gay shit
DEBUG: (src/list.c :87 :List_push) gay shit
DEBUG: (src/list.c :87 :List_push) gay shit
DEBUG: (src/list.c :87 :List_push) gay shit
DEBUG: (src/list.c :87 :List_push) gay shit
DEBUG: (src/list.c :87 :List_push) gay shit
DEBUG: (src/list.c :87 :List_push) gay shit
DEBUG: (src/list.c :87 :List_push) gay shit
DEBUG: (src/list.c :87 :List_push) gay shit
DEBUG: (src/list.c :87 :List_push) gay shit
DEBUG: (src/list.c :87 :List_push) gay shit
DEBUG: (src/list.c :87 :List_push) gay shit
DEBUG: (src/list.c :87 :List_push) gay shit
DEBUG: (src/list.c :87 :List_push) gay shit
DEBUG: (src/list.c :87 :List_push) gay shit
DEBUG: (src/list.c :87 :List_push) gay shit
DEBUG: (src/list.c :87 :List_push) gay shit
DEBUG: (src/list.c :87 :List_push) gay shit
DEBUG: (src/list.c :87 :List_push) gay shit
DEBUG: (src/list.c :87 :List_push) gay shit
DEBUG: (src/list.c :87 :List_push) gay shit
DEBUG: (src/list.c :87 :List_push) gay shit
DEBUG: (src/list.c :87 :List_push) gay shit
DEBUG: (src/list.c :87 :List_push) gay shit
DEBUG: (src/list.c :87 :List_push) gay shit
DEBUG: (src/list.c :87 :List_push) gay shit
DEBUG: (src/list.c :87 :List_push) gay shit
DEBUG: (src/list.c :87 :List_push) gay shit
DEBUG: (src/list.c :87 :List_push) gay shit
DEBUG: (src/list.c :87 :List_push) gay shit
DEBUG: (src/list.c :87 :List_push) gay shit
DEBUG: (src/list.c :87 :List_push) gay shit
DEBUG: (src/list.c :87 :List_push) gay shit
DEBUG: (src/list.c :87 :List_push) gay shit
DEBUG: (src/list.c :87 :List_push) gay shit
DEBUG: (src/list.c :87 :List_push) gay shit
DEBUG: (src/list.c :87 :List_push) gay shit
DEBUG: (src/list.c :87 :List_push) gay shit
DEBUG: (src/list.c :87 :List_push) gay shit
DEBUG: (src/list.c :87 :List_push) gay shit
DEBUG: (src/list.c :87 :List_push) gay shit
DEBUG: (src/list.c :87 :List_push) gay shit
DEBUG: (src/list.c :87 :List_push) gay shit
DEBUG: (src/list.c :87 :List_push) gay shit
DEBUG: (src/list.c :87 :List_push) gay shit
DEBUG: (src/list.c :87 :List_push) gay shit
DEBUG: (src/list.c :87 :List_push) gay shit
DEBUG: (src/list.c :87 :List_push) gay shit
DEBUG: (src/list.c :87 :List_push) gay shit
DEBUG: (src/list.c :87 :List_push) gay shit
DEBUG: (src/list.c :87 :List_push) gay shit
DEBUG: (src/list.c :87 :List_push) gay shit
DEBUG: (src/list.c :87 :List_push) gay shit
DEBUG: (src/list.c :87 :List_push) gay shit
DEBUG: (src/list.c :87 :List_push) gay shit
DEBUG: (src/list.c :87 :List_push) gay shit
DEBUG: (src/list.c :87 :List_push) gay shit
DEBUG: (src/list.c :87 :List_push) gay shit
DEBUG: (src/list.c :87 :List_push) gay shit
DEBUG: (src/list.c :87 :List_push) gay shit
DEBUG: (src/list.c :87 :List_push) gay shit
DEBUG: (src/list.c :87 :List_push) gay shit
DEBUG: (src/list.c :87 :List_push) gay shit
DEBUG: (src/list.c :87 :List_push) gay shit
DEBUG: (src/list.c :87 :List_push) gay shit
DEBUG: (src/list.c :87 :List_push) gay shit
DEBUG: (src/list.c :87 :List_push) gay shit
DEBUG: (src/list.c :87 :List_push) gay shit
DEBUG: (src/list.c :87 :List_push) gay shit
DEBUG: (src/list.c :87 :List_push) gay shit
DEBUG: (src/list.c :87 :List_push) gay shit
DEBUG: (src/list.c :87 :List_push) gay shit
DEBUG: (src/list.c :87 :List_push) gay shit
DEBUG: (src/list.c :87 :List_push) gay shit
DEBUG: (src/list.c :87 :List_push) gay shit
DEBUG: (src/list.c :87 :List_push) gay shit
DEBUG: (src/list.c :87 :List_push) gay shit
DEBUG: (src/list.c :87 :List_push) gay shit
DEBUG: (src/list.c :87 :List_push) gay shit
DEBUG: (src/list.c :87 :List_push) gay shit
DEBUG: (src/list.c :87 :List_push) gay shit
DEBUG: (src/list.c :87 :List_push) gay shit
DEBUG: (src/list.c :87 :List_push) gay shit
DEBUG: (src/list.c :87 :List_push) gay shit
DEBUG: (src/list.c :87 :List_push) gay shit
DEBUG: (src/list.c :87 :List_push) gay shit
DEBUG: (src/list.c :87 :List_push) gay shit
DEBUG: (src/list.c :87 :List_push) gay shit
DEBUG: (src/list.c :87 :List_push) gay shit
DEBUG: (src/list.c :87 :List_push) gay shit
DEBUG: (src/list.c :87 :List_push) gay shit
DEBUG: (src/list.c :87 :List_push) gay shit
DEBUG: (src/list.c :87 :List_push) gay shit
DEBUG: (src/list.c :87 :List_push) gay shit
DEBUG: (src/list.c :87 :List_push) gay shit
DEBUG: (src/list.c :87 :List_push) gay shit
DEBUG: (src/list.c :87 :List_push) gay shit
DEBUG: (src/list.c :87 :List_push) gay shit
DEBUG: (src/list.c :87 :List_push) gay shit
DEBUG: (src/list.c :87 :List_push) gay shit
DEBUG: (src/list.c :87 :List_push) gay shit
DEBUG: (src/list.c :87 :List_push) gay shit
DEBUG: (src/list.c :87 :List_push) gay shit
DEBUG: (src/list.c :87 :List_push) gay shit
DEBUG: (src/list.c :87 :List_push) gay shit
DEBUG: (src/list.c :87 :List_push) gay shit
DEBUG: (src/list.c :87 :List_push) gay shit
DEBUG: (src/list.c :87 :List_push) gay shit
DEBUG: (src/list.c :87 :List_push) gay shit
DEBUG: (src/list.c :87 :List_push) gay shit
DEBUG: (src/list.c :87 :List_push) gay shit
DEBUG: (src/list.c :87 :List_push) gay shit
DEBUG: (src/list.c :87 :List_push) gay shit
DEBUG: (src/list.c :87 :List_push) gay shit
DEBUG: (src/list.c :87 :List_push) gay shit
DEBUG: (src/list.c :87 :List_push) gay shit
DEBUG: (src/list.c :87 :List_push) gay shit
DEBUG: (src/list.c :87 :List_push) gay shit
DEBUG: (src/list.c :87 :List_push) gay shit
DEBUG: (src/list.c :87 :List_push) gay shit
DEBUG: (src/list.c :87 :List_push) gay shit
DEBUG: (src/list.c :87 :List_push) gay shit
DEBUG: (src/list.c :87 :List_push) gay shit
DEBUG: (src/list.c :87 :List_push) gay shit
DEBUG: (src/list.c :87 :List_push) gay shit
DEBUG: (src/list.c :87 :List_push) gay shit
DEBUG: (src/list.c :87 :List_push) gay shit
DEBUG: (src/list.c :87 :List_push) gay shit
DEBUG: (src/list.c :87 :List_push) gay shit
DEBUG: (src/list.c :87 :List_push) gay shit
DEBUG: (src/list.c :87 :List_push) gay shit
DEBUG: (src/list.c :87 :List_push) gay shit
DEBUG: (src/list.c :87 :List_push) gay shit
DEBUG: (src/list.c :87 :List_push) gay shit
DEBUG: (src/list.c :87 :List_push) gay shit
DEBUG: (src/list.c :87 :List_push) gay shit
DEBUG: (src/list.c :87 :List_push) gay shit
DEBUG: (src/list.c :87 :List_push) gay shit
DEBUG: (src/list.c :87 :List_push) gay shit
DEBUG: (src/list.c :87 :List_push) gay shit
DEBUG: (src/list.c :87 :List_push) gay shit
DEBUG: (src/list.c :87 :List_push) gay shit
DEBUG: (src/list.c :87 :List_push) gay shit
DEBUG: (src/list.c :87 :List_push) gay shit
DEBUG: (src/list.c :87 :List_push) gay shit
DEBUG: (src/list.c :87 :List_push) gay shit
DEBUG: (src/list.c :87 :List_push) gay shit
DEBUG: (src/list.c :87 :List_push) gay shit
DEBUG: (src/list.c :87 :List_push) gay shit
DEBUG: (src/list.c :87 :List_push) gay shit
DEBUG: (src/list.c :87 :List_push) gay shit
DEBUG: (src/list.c :87 :List_push) gay shit
DEBUG: (src/list.c :87 :List_push) gay shit
DEBUG: (src/list.c :87 :List_push) gay shit
DEBUG: (src/list.c :87 :List_push) gay shit
DEBUG: (src/list.c :87 :List_push) gay shit
DEBUG: (src/list.c :87 :List_push) gay shit
DEBUG: (src/list.c :87 :List_push) gay shit
DEBUG: (src/list.c :87 :List_push) gay shit
DEBUG: (src/list.c :87 :List_push) gay shit
DEBUG: (src/list.c :87 :List_push) gay shit
DEBUG: (src/list.c :87 :List_push) gay shit
DEBUG: (src/list.c :87 :List_push) gay shit
DEBUG: (src/list.c :87 :List_push) gay shit
DEBUG: (src/list.c :87 :List_push) gay shit
DEBUG: (src/list.c :87 :List_push) gay shit
DEBUG: (src/list.c :87 :List_push) gay shit
DEBUG: (src/list.c :87 :List_push) gay shit
DEBUG: (src/list.c :87 :List_push) gay shit
DEBUG: (src/list.c :87 :List_push) gay shit
DEBUG: (src/list.c :87 :List_push) gay shit
DEBUG: (src/list.c :87 :List_push) gay shit
DEBUG: (src/list.c :87 :List_push) gay shit
DEBUG: (src/list.c :87 :List_push) gay shit
DEBUG: (src/list.c :87 :List_push) gay shit
DEBUG: (src/list.c :87 :List_push) gay shit
DEBUG: (src/list.c :87 :List_push) gay shit
DEBUG: (src/list.c :87 :List_push) gay shit
DEBUG: (src/list.c :87 :List_push) gay shit
DEBUG: (src/list.c :87 :List_push) gay shit
DEBUG: (src/list.c :87 :List_push) gay shit
DEBUG: (src/list.c :87 :List_push) gay shit
DEBUG: (src/list.c :87 :List_push) gay shit
DEBUG: (src/list.c :87 :List_push) gay shit
DEBUG: (src/list.c :87 :List_push) gay shit
DEBUG: (src/list.c :87 :List_push) gay shit
DEBUG: (src/list.c :87 :List_push) gay shit
DEBUG: (src/list.c :87 :List_push) gay shit
DEBUG: (src/list.c :87 :List_push) gay shit
DEBUG: (src/list.c :87 :List_push) gay shit
DEBUG: (src/list.c :87 :List_push) gay shit
DEBUG: (src/list.c :87 :List_push) gay shit
DEBUG: (src/list.c :87 :List_push) gay shit
DEBUG: (src/list.c :87 :List_push) gay shit
DEBUG: (src/list.c :87 :List_push) gay shit
DEBUG: (src/list.c :87 :List_push) gay shit
DEBUG: (src/list.c :87 :List_push) gay shit
DEBUG: (src/list.c :87 :List_push) gay shit
DEBUG: (src/list.c :87 :List_push) gay shit
DEBUG: (src/list.c :87 :List_push) gay shit
DEBUG: (src/list.c :87 :List_push) gay shit
DEBUG: (src/list.c :87 :List_push) gay shit
DEBUG: (src/list.c :87 :List_push) gay shit
DEBUG: (src/list.c :87 :List_push) gay shit
DEBUG: (src/list.c :87 :List_push) gay shit
DEBUG: (src/list.c :87 :List_push) gay shit
DEBUG: (src/list.c :87 :List_push) gay shit
DEBUG: (src/list.c :87 :List_push) gay shit
DEBUG: (src/list.c :87 :List_push) gay shit
DEBUG: (src/list.c :87 :List_push) gay shit
DEBUG: (src/list.c :87 :List_push) gay shit
DEBUG: (src/list.c :87 :List_push) gay shit
DEBUG: (src/list.c :87 :List_push) gay shit
DEBUG: (src/list.c :87 :List_push) gay shit
DEBUG: (src/list.c :87 :List_push) gay shit
DEBUG: (src/list.c :87 :List_push) gay shit
DEBUG: (src/list.c :87 :List_push) gay shit
DEBUG: (src/list.c :87 :List_push) gay shit
DEBUG: (src/list.c :87 :List_push) gay shit
DEBUG: (src/list.c :87 :List_push) gay shit
DEBUG: (src/list.c :87 :List_push) gay shit
DEBUG: (src/list.c :87 :List_push) gay shit
DEBUG: (src/list.c :87 :List_push) gay shit
DEBUG: (src/list.c :87 :List_push) gay shit
DEBUG: (src/list.c :87 :List_push) gay shit
DEBUG: (src/list.c :87 :List_push) gay shit
DEBUG: (src/list.c :87 :List_push) gay shit
DEBUG: (src/list.c :87 :List_push) gay shit
DEBUG: (src/list.c :87 :List_push) gay shit
DEBUG: (src/list.c :87 :List_push) gay shit
DEBUG: (src/list.c :87 :List_push) gay shit
DEBUG: (src/list.c :87 :List_push) gay shit
DEBUG: (src/list.c :87 :List_push) gay shit
DEBUG: (src/list.c :87 :List_push) gay shit
DEBUG: (src/list.c :87 :List_push) gay shit
DEBUG: (src/list.c :87 :List_push) gay shit
DEBUG: (src/list.c :87 :List_push) gay shit
DEBUG: (src/list.c :87 :List_push) gay shit
DEBUG: (src/list.c :87 :List_push) gay shit
DEBUG: (src/list.c :87 :List_push) gay shit
DEBUG: (src/list.c :87 :List_push) gay shit
DEBUG: (src/list.c :87 :List_push) gay shit
DEBUG: (src/list.c :87 :List_push) gay shit
DEBUG: (src/list.c :87 :List_push) gay shit
DEBUG: (src/list.c :87 :List_push) gay shit
DEBUG: (src/list.c :87 :List_push) gay shit
DEBUG: (src/list.c :87 :List_push) gay shit
DEBUG: (src/list.c :87 :List_push) gay shit
DEBUG: (src/list.c :87 :List_push) gay shit
DEBUG: (src/list.c :87 :List_push) gay shit
DEBUG: (src/list.c :87 :List_push) gay shit
DEBUG: (src/list.c :87 :List_push) gay shit
DEBUG: (src/list.c :87 :List_push) gay shit
DEBUG: (src/list.c :87 :List_push) gay shit
DEBUG: (src/list.c :87 :List_push) gay shit
DEBUG: (src/list.c :87 :List_push) gay shit
DEBUG: (src/list.c :87 :List_push) gay shit
DEBUG: (src/list.c :87 :List_push) gay shit
DEBUG: (src/list.c :87 :List_push) gay shit
DEBUG: (src/list.c :87 :List_push) gay shit
DEBUG: (src/list.c :87 :List_push) gay shit
DEBUG: (src/list.c :87 :List_push) gay shit
DEBUG: (src/list.c :87 :List_push) gay shit
DEBUG: (src/list.c :87 :List_push) gay shit
DEBUG: (src/list.c :87 :List_push) gay shit
DEBUG: (src/list.c :87 :List_push) gay shit
DEBUG: (src/list.c :87 :List_push) gay shit
DEBUG: (src/list.c :87 :List_push) gay shit
DEBUG: (src/list.c :87 :List_push) gay shit
DEBUG: (src/list.c :87 :List_push) gay shit
DEBUG: (src/list.c :87 :List_push) gay shit
DEBUG: (src/list.c :87 :List_push) gay shit
DEBUG: (src/list.c :87 :List_push) gay shit
DEBUG: (src/list.c :87 :List_push) gay shit
DEBUG: (src/list.c :87 :List_push) gay shit
DEBUG: (src/list.c :87 :List_push) gay shit
DEBUG: (src/list.c :87 :List_push) gay shit
DEBUG: (src/list.c :87 :List_push) gay shit
DEBUG: (src/list.c :87 :List_push) gay shit
DEBUG: (src/list.c :87 :List_push) gay shit
DEBUG: (src/list.c :87 :List_push) gay shit
DEBUG: (src/list.c :87 :List_push) gay shit
DEBUG: (src/list.c :87 :List_push) gay shit
DEBUG: (src/list.c :87 :List_push) gay shit
DEBUG: (src/list.c :87 :List_push) gay shit
DEBUG: (src/list.c :87 :List_push) gay shit
DEBUG: (src/list.c :87 :List_push) gay shit
DEBUG: (src/list.c :87 :List_push) gay shit
DEBUG: (src/list.c :87 :List_push) gay shit
DEBUG: (src/list.c :87 :List_push) gay shit
DEBUG: (src/list.c :87 :List_push) gay shit
DEBUG: (src/list.c :87 :List_push) gay shit
DEBUG: (src/list.c :87 :List_push) gay shit
DEBUG: (src/list.c :87 :List_push) gay shit
DEBUG: (src/list.c :87 :List_push) gay shit
DEBUG: (src/list.c :87 :List_push) gay shit
DEBUG: (src/list.c :87 :List_push) gay shit
DEBUG: (src/list.c :87 :List_push) gay shit
DEBUG: (src/list.c :87 :List_push) gay shit
DEBUG: (src/list.c :87 :List_push) gay shit
DEBUG: (src/list.c :87 :List_push) gay shit
DEBUG: (src/list.c :87 :List_push) gay shit
DEBUG: (src/list.c :87 :List_push) gay shit
DEBUG: (src/list.c :87 :List_push) gay shit
DEBUG: (src/list.c :87 :List_push) gay shit
DEBUG: (src/list.c :87 :List_push) gay shit
DEBUG: (src/list.c :87 :List_push) gay shit
DEBUG: (src/list.c :87 :List_push) gay shit
DEBUG: (src/list.c :87 :List_push) gay shit
DEBUG: (src/list.c :87 :List_push) gay shit
DEBUG: (src/list.c :87 :List_push) gay shit
DEBUG: (src/list.c :87 :List_push) gay shit
DEBUG: (src/list.c :87 :List_push) gay shit
DEBUG: (src/list.c :87 :List_push) gay shit
DEBUG: (src/list.c :87 :List_push) gay shit
DEBUG: (src/list.c :87 :List_push) gay shit
DEBUG: (src/list.c :87 :List_push) gay shit
DEBUG: (src/list.c :87 :List_push) gay shit
DEBUG: (src/list.c :87 :List_push) gay shit
DEBUG: (src/list.c :87 :List_push) gay shit
DEBUG: (src/list.c :87 :List_push) gay shit
DEBUG: (src/list.c :87 :List_push) gay shit
DEBUG: (src/list.c :87 :List_push) gay shit
DEBUG: (src/list.c :87 :List_push) gay shit
DEBUG: (src/list.c :87 :List_push) gay shit
DEBUG: (src/list.c :87 :List_push) gay shit
DEBUG: (src/list.c :87 :List_push) gay shit
DEBUG: (src/list.c :87 :List_push) gay shit
DEBUG: (src/list.c :87 :List_push) gay shit
DEBUG: (src/list.c :87 :List_push) gay shit
DEBUG: (src/list.c :87 :List_push) gay shit
DEBUG: (src/list.c :87 :List_push) gay shit
DEBUG: (src/list.c :87 :List_push) gay shit
DEBUG: (src/list.c :87 :List_push) gay shit
DEBUG: (src/list.c :87 :List_push) gay shit
DEBUG: (src/list.c :87 :List_push) gay shit
DEBUG: (src/list.c :87 :List_push) gay shit
DEBUG: (src/list.c :87 :List_push) gay shit
DEBUG: (src/list.c :87 :List_push) gay shit
DEBUG: (src/list.c :87 :List_push) gay shit
DEBUG: (src/list.c :87 :List_push) gay shit
DEBUG: (src/list.c :87 :List_push) gay shit
DEBUG: (src/list.c :87 :List_push) gay shit
DEBUG: (src/list.c :87 :List_push) gay shit
DEBUG: (src/list.c :87 :List_push) gay shit
DEBUG: (src/list.c :87 :List_push) gay shit
DEBUG: (src/list.c :87 :List_push) gay shit
DEBUG: (src/list.c :87 :List_push) gay shit
DEBUG: (src/list.c :87 :List_push) gay shit
DEBUG: (src/list.c :87 :List_push) gay shit
DEBUG: (src/list.c :87 :List_push) gay shit
DEBUG: (src/list.c :87 :List_push) gay shit
DEBUG: (src/list.c :87 :List_push) gay shit
DEBUG: (src/list.c :87 :List_push) gay shit
DEBUG: (src/list.c :87 :List_push) gay shit
DEBUG: (src/list.c :87 :List_push) gay shit
DEBUG: (src/list.c :87 :List_push) gay shit
DEBUG: (src/list.c :87 :List_push) gay shit
DEBUG: (src/list.c :87 :List_push) gay shit
DEBUG: (src/list.c :87 :List_push) gay shit
DEBUG: (src/list.c :87 :List_push) gay shit
DEBUG: (src/list.c :87 :List_push) gay shit
DEBUG: (src/list.c :87 :List_push) gay shit
DEBUG: (src/list.c :87 :List_push) gay shit
DEBUG: (src/list.c :87 :List_push) gay shit
DEBUG: (src/list.c :87 :List_push) gay shit
DEBUG: (src/list.c :87 :List_push) gay shit
DEBUG: (src/list.c :87 :List_push) gay shit
DEBUG: (src/list.c :87 :List_push) gay shit
DEBUG: (src/list.c :87 :List_push) gay shit
DEBUG: (src/list.c :87 :List_push) gay shit
DEBUG: (src/list.c :87 :List_push) gay shit
DEBUG: (src/list.c :87 :List_push) gay shit
DEBUG: (src/list.c :87 :List_push) gay shit
DEBUG: (src/list.c :87 :List_push) gay shit
DEBUG: (src/list.c :87 :List_push) gay shit
DEBUG: (src/list.c :87 :List_push) gay shit
DEBUG: (src/list.c :87 :List_push) gay shit
DEBUG: (src/list.c :87 :List_push) gay shit
DEBUG: (src/list.c :87 :List_push) gay shit
DEBUG: (src/list.c :87 :List_push) gay shit
DEBUG: (src/list.c :87 :List_push) gay shit
DEBUG: (src/list.c :87 :List_push) gay shit
DEBUG: (src/list.c :87 :List_push) gay shit
DEBUG: (src/list.c :87 :List_push) gay shit
DEBUG: (src/list.c :87 :List_push) gay shit
DEBUG: (src/list.c :87 :List_push) gay shit
DEBUG: (src/list.c :87 :List_push) gay shit
DEBUG: (src/list.c :87 :List_push) gay shit
DEBUG: (src/list.c :87 :List_push) gay shit
DEBUG: (src/list.c :87 :List_push) gay shit
DEBUG: (src/list.c :87 :List_push) gay shit
DEBUG: (src/list.c :87 :List_push) gay shit
DEBUG: (src/list.c :87 :List_push) gay shit
DEBUG: (src/list.c :87 :List_push) gay shit
DEBUG: (src/list.c :87 :List_push) gay shit
DEBUG: (src/list.c :87 :List_push) gay shit
DEBUG: (src/list.c :87 :List_push) gay shit
DEBUG: (src/list.c :87 :List_push) gay shit
DEBUG: (src/list.c :87 :List_push) gay shit
DEBUG: (src/list.c :87 :List_push) gay shit
DEBUG: (src/list.c :87 :List_push) gay shit
DEBUG: (src/list.c :87 :List_push) gay shit
DEBUG: (src/list.c :87 :List_push) gay shit
DEBUG: (src/list.c :87 :List_push) gay shit
DEBUG: (src/list.c :87 :List_push) gay shit
DEBUG: (src/list.c :87 :List_push) gay shit
DEBUG: (src/list.c :87 :List_push) gay shit
DEBUG: (src/list.c :87 :List_push) gay shit
DEBUG: (src/list.c :87 :List_push) gay shit
DEBUG: (src/list.c :87 :List_push) gay shit
DEBUG: (src/list.c :87 :List_push) gay shit
DEBUG: (src/list.c :87 :List_push) gay shit
DEBUG: (src/list.c :87 :List_push) gay shit
DEBUG: (src/list.c :87 :List_push) gay shit
DEBUG: (src/list.c :87 :List_push) gay shit
DEBUG: (src/list.c :87 :List_push) gay shit
DEBUG: (src/list.c :87 :List_push) gay shit
DEBUG: (src/list.c :87 :List_push) gay shit
DEBUG: (src/list.c :87 :List_push) gay shit
DEBUG: (src/list.c :87 :List_push) gay shit
DEBUG: (src/list.c :87 :List_push) gay shit
DEBUG: (src/list.c :87 :List_push) gay shit
DEBUG: (src/list.c :87 :List_push) gay shit
DEBUG: (src/list.c :87 :List_push) gay shit
DEBUG: (src/list.c :87 :List_push) gay shit
DEBUG: (src/list.c :87 :List_push) gay shit
DEBUG: (src/list.c :87 :List_push) gay shit
DEBUG: (src/list.c :87 :List_push) gay shit
DEBUG: (src/list.c :87 :List_push) gay shit
DEBUG: (src/list.c :87 :List_push) gay shit
DEBUG: (src/list.c :87 :List_push) gay shit
DEBUG: (src/list.c :87 :List_push) gay shit
DEBUG: (src/list.c :87 :List_push) gay shit
DEBUG: (src/list.c :87 :List_push) gay shit
DEBUG: (src/list.c :87 :List_push) gay shit
DEBUG: (src/list.c :87 :List_push) gay shit
DEBUG: (src/list.c :87 :List_push) gay shit
DEBUG: (src/list.c :87 :List_push) gay shit
DEBUG: (src/list.c :87 :List_push) gay shit
DEBUG: (src/list.c :87 :List_push) gay shit
DEBUG: (src/list.c :87 :List_push) gay shit
DEBUG: (src/list.c :87 :List_push) gay shit
DEBUG: (src/list.c :87 :List_push) gay shit
DEBUG: (src/list.c :87 :List_push) gay shit
DEBUG: (src/list.c :87 :List_push) gay shit
DEBUG: (src/list.c :87 :List_push) gay shit
DEBUG: (src/list.c :87 :List_push) gay shit
DEBUG: (src/list.c :87 :List_push) gay shit
DEBUG: (src/list.c :87 :List_push) gay shit
DEBUG: (src/list.c :87 :List_push) gay shit
DEBUG: (src/list.c :87 :List_push) gay shit
DEBUG: (src/list.c :87 :List_push) gay shit
DEBUG: (src/list.c :87 :List_push) gay shit
DEBUG: (src/list.c :87 :List_push) gay shit
DEBUG: (src/list.c :87 :List_push) gay shit
DEBUG: (src/list.c :87 :List_push) gay shit
DEBUG: (src/list.c :87 :List_push) gay shit
DEBUG: (src/list.c :87 :List_push) gay shit
DEBUG: (src/list.c :87 :List_push) gay shit
DEBUG: (src/list.c :87 :List_push) gay shit
DEBUG: (src/list.c :87 :List_push) gay shit
DEBUG: (src/list.c :87 :List_push) gay shit
DEBUG: (src/list.c :87 :List_push) gay shit
DEBUG: (src/list.c :87 :List_push) gay shit
DEBUG: (src/list.c :87 :List_push) gay shit
DEBUG: (src/list.c :87 :List_push) gay shit
DEBUG: (src/list.c :87 :List_push) gay shit
DEBUG: (src/list.c :87 :List_push) gay shit
DEBUG: (src/list.c :87 :List_push) gay shit
DEBUG: (src/list.c :87 :List_push) gay shit
DEBUG: (src/list.c :87 :List_push) gay shit
DEBUG: (src/list.c :87 :List_push) gay shit
DEBUG: (src/list.c :87 :List_push) gay shit
DEBUG: (src/list.c :87 :List_push) gay shit
DEBUG: (src/list.c :87 :List_push) gay shit
DEBUG: (src/list.c :87 :List_push) gay shit
DEBUG: (src/list.c :87 :List_push) gay shit
DEBUG: (src/list.c :87 :List_push) gay shit
DEBUG: (src/list.c :87 :List_push) gay shit
DEBUG: (src/list.c :87 :List_push) gay shit
DEBUG: (src/list.c :87 :List_push) gay shit
DEBUG: (src/list.c :87 :List_push) gay shit
DEBUG: (src/list.c :87 :List_push) gay shit
DEBUG: (src/list.c :87 :List_push) gay shit
DEBUG: (src/list.c :87 :List_push) gay shit
DEBUG: (src/list.c :87 :List_push) gay shit
DEBUG: (src/list.c :87 :List_push) gay shit
DEBUG: (src/list.c :87 :List_push) gay shit
DEBUG: (src/list.c :87 :List_push) gay shit
DEBUG: (src/list.c :87 :List_push) gay shit
DEBUG: (src/list.c :87 :List_push) gay shit
DEBUG: (src/list.c :87 :List_push) gay shit
DEBUG: (src/list.c :87 :List_push) gay shit
DEBUG: (src/list.c :87 :List_push) gay shit
DEBUG: (src/list.c :87 :List_push) gay shit
DEBUG: (src/list.c :87 :List_push) gay shit
DEBUG: (src/list.c :87 :List_push) gay shit
DEBUG: (src/list.c :87 :List_push) gay shit
DEBUG: (src/list.c :87 :List_push) gay shit
DEBUG: (src/list.c :87 :List_push) gay shit
DEBUG: (src/list.c :87 :List_push) gay shit
DEBUG: (src/list.c :87 :List_push) gay shit
DEBUG: (src/list.c :87 :List_push) gay shit
DEBUG: (src/list.c :87 :List_push) gay shit
DEBUG: (src/list.c :87 :List_push) gay shit
DEBUG: (src/list.c :87 :List_push) gay shit
DEBUG: (src/list.c :87 :List_push) gay shit
DEBUG: (src/list.c :87 :List_push) gay shit
DEBUG: (src/list.c :87 :List_push) gay shit
DEBUG: (src/list.c :87 :List_push) gay shit
DEBUG: (src/list.c :87 :List_push) gay shit
DEBUG: (src/list.c :87 :List_push) gay shit
DEBUG: (src/list.c :87 :List_push) gay shit
DEBUG: (src/list.c :87 :List_push) gay shit
DEBUG: (src/list.c :87 :List_push) gay shit
DEBUG: (src/list.c :87 :List_push) gay shit
DEBUG: (src/list.c :87 :List_push) gay shit
DEBUG: (src/list.c :87 :List_push) gay shit
DEBUG: (src/list.c :87 :List_push) gay shit
DEBUG: (src/list.c :87 :List_push) gay shit
DEBUG: (src/list.c :87 :List_push) gay shit
DEBUG: (src/list.c :87 :List_push) gay shit
DEBUG: (src/list.c :87 :List_push) gay shit
DEBUG: (src/list.c :87 :List_push) gay shit
DEBUG: (src/list.c :87 :List_push) gay shit
DEBUG: (src/list.c :87 :List_push) gay shit
DEBUG: (src/list.c :87 :List_push) gay shit
DEBUG: (src/list.c :87 :List_push) gay shit
DEBUG: (src/list.c :87 :List_push) gay shit
DEBUG: (src/list.c :87 :List_push) gay shit
DEBUG: (src/list.c :87 :List_push) gay shit
DEBUG: (src/list.c :87 :List_push) gay shit
DEBUG: (src/list.c :87 :List_push) gay shit
DEBUG: (src/list.c :87 :List_push) gay shit
DEBUG: (src/list.c :87 :List_push) gay shit
DEBUG: (src/list.c :87 :List_push) gay shit
DEBUG: (src/list.c :87 :List_push) gay shit
DEBUG: (src/list.c :87 :List_push) gay shit
DEBUG: (src/list.c :87 :List_push) gay shit
DEBUG: (src/list.c :87 :List_push) gay shit
DEBUG: (src/list.c :87 :List_push) gay shit
DEBUG: (src/list.c :87 :List_push) gay shit
DEBUG: (src/list.c :87 :List_push) gay shit
DEBUG: (src/list.c :87 :List_push) gay shit
DEBUG: (src/list.c :87 :List_push) gay shit
DEBUG: (src/list.c :87 :List_push) gay shit
DEBUG: (src/list.c :87 :List_push) gay shit
DEBUG: (src/list.c :87 :List_push) gay shit
DEBUG: (src/list.c :87 :List_push) gay shit
DEBUG: (src/list.c :87 :List_push) gay shit
DEBUG: (src/list.c :87 :List_push) gay shit
DEBUG: (src/list.c :87 :List_push) gay shit
DEBUG: (src/list.c :87 :List_push) gay shit
DEBUG: (src/list.c :87 :List_push) gay shit
DEBUG: (src/list.c :87 :List_push) gay shit
DEBUG: (src/list.c :87 :List_push) gay shit
DEBUG: (src/list.c :87 :List_push) gay shit
DEBUG: (src/list.c :87 :List_push) gay shit
DEBUG: (src/list.c :87 :List_push) gay shit
DEBUG: (src/list.c :87 :List_push) gay shit
DEBUG: (src/list.c :87 :List_push) gay shit
DEBUG: (src/list.c :87 :List_push) gay shit
DEBUG: (src/list.c :87 :List_push) gay shit
DEBUG: (src/list.c :87 :List_push) gay shit
DEBUG: (src/list.c :87 :List_push) gay shit
DEBUG: (src/list.c :87 :List_push) gay shit
DEBUG: (src/list.c :87 :List_push) gay shit
DEBUG: (src/list.c :87 :List_push) gay shit
DEBUG: (src/list.c :87 :List_push) gay shit
DEBUG: (src/list.c :87 :List_push) gay shit
DEBUG: (src/list.c :87 :List_push) gay shit
DEBUG: (src/list.c :87 :List_push) gay shit
DEBUG: (src/list.c :87 :List_push) gay shit
DEBUG: (src/list.c :87 :List_push) gay shit
DEBUG: (src/list.c :87 :List_push) gay shit
DEBUG: (src/list.c :87 :List_push) gay shit
DEBUG: (src/list.c :87 :List_push) gay shit
DEBUG: (src/list.c :87 :List_push) gay shit
DEBUG: (src/list.c :87 :List_push) gay shit
DEBUG: (src/list.c :87 :List_push) gay shit
DEBUG: (src/list.c :87 :List_push) gay shit
DEBUG: (src/list.c :87 :List_push) gay shit
DEBUG: (src/list.c :87 :List_push) gay shit
DEBUG: (src/list.c :87 :List_push) gay shit
DEBUG: (src/list.c :87 :List_push) gay shit
DEBUG: (src/list.c :87 :List_push) gay shit
DEBUG: (src/list.c :87 :List_push) gay shit
DEBUG: (src/list.c :87 :List_push) gay shit
DEBUG: (src/list.c :87 :List_push) gay shit
DEBUG: (src/list.c :87 :List_push) gay shit
DEBUG: (src/list.c :87 :List_push) gay shit
DEBUG: (src/list.c :87 :List_push) gay shit
DEBUG: (src/list.c :87 :List_push) gay shit
DEBUG: (src/list.c :87 :List_push) gay shit
DEBUG: (src/list.c :87 :List_push) gay shit
DEBUG: (src/list.c :87 :List_push) gay shit
DEBUG: (src/list.c :87 :List_push) gay shit
DEBUG: (src/list.c :87 :List_push) gay shit
DEBUG: (src/list.c :87 :List_push) gay shit
DEBUG: (src/list.c :87 :List_push) gay shit
DEBUG: (src/list.c :87 :List_push) gay shit
DEBUG: (src/list.c :87 :List_push) gay shit
DEBUG: (src/list.c :87 :List_push) gay shit
DEBUG: (src/list.c :87 :List_push) gay shit
DEBUG: (src/list.c :87 :List_push) gay shit
DEBUG: (src/list.c :87 :List_push) gay shit
DEBUG: (src/list.c :87 :List_push) gay shit
DEBUG: (src/list.c :87 :List_push) gay shit
DEBUG: (src/list.c :87 :List_push) gay shit
DEBUG: (src/list.c :87 :List_push) gay shit
DEBUG: (src/list.c :87 :List_push) gay shit
DEBUG: (src/list.c :87 :List_push) gay shit
DEBUG: (src/list.c :87 :List_push) gay shit
DEBUG: (src/list.c :87 :List_push) gay shit
DEBUG: (src/list.c :87 :List_push) gay shit
DEBUG: (src/list.c :87 :List_push) gay shit
DEBUG: (src/list.c :87 :List_push) gay shit
DEBUG: (src/list.c :87 :List_push) gay shit
DEBUG: (src/list.c :87 :List_push) gay shit
DEBUG: (src/list.c :87 :List_push) gay shit
DEBUG: (src/list.c :87 :List_push) gay shit
DEBUG: (src/list.c :87 :List_push) gay shit
DEBUG: (src/list.c :87 :List_push) gay shit
DEBUG: (src/list.c :87 :List_push) gay shit
DEBUG: (src/list.c :87 :List_push) gay shit
DEBUG: (src/list.c :87 :List_push) gay shit
DEBUG: (src/list.c :87 :List_push) gay shit
DEBUG: (src/list.c :87 :List_push) gay shit
DEBUG: (src/list.c :87 :List_push) gay shit
DEBUG: (src/list.c :87 :List_push) gay shit
DEBUG: (src/list.c :87 :List_push) gay shit
DEBUG: (src/list.c :87 :List_push) gay shit
DEBUG: (src/list.c :87 :List_push) gay shit
DEBUG: (src/list.c :87 :List_push) gay shit
DEBUG: (src/list.c :87 :List_push) gay shit
DEBUG: (src/list.c :87 :List_push) gay shit
DEBUG: (src/list.c :87 :List_push) gay shit
DEBUG: (src/list.c :87 :List_push) gay shit
DEBUG: (src/list.c :87 :List_push) gay shit
DEBUG: (src/list.c :87 :List_push) gay shit
DEBUG: (src/list.c :87 :List_push) gay shit
DEBUG: (src/list.c :87 :List_push) gay shit
DEBUG: (src/list.c :87 :List_push) gay shit
DEBUG: (src/list.c :87 :List_push) gay shit
DEBUG: (src/list.c :87 :List_push) gay shit
DEBUG: (src/list.c :87 :List_push) gay shit
DEBUG: (src/list.c :87 :List_push) gay shit
DEBUG: (src/list.c :87 :List_push) gay shit
DEBUG: (src/list.c :87 :List_push) gay shit
DEBUG: (src/list.c :87 :List_push) gay shit
DEBUG: (src/list.c :87 :List_push) gay shit
DEBUG: (src/list.c :87 :List_push) gay shit
DEBUG: (src/list.c :87 :List_push) gay shit
DEBUG: (src/list.c :87 :List_push) gay shit
DEBUG: (src/list.c :87 :List_push) gay shit
DEBUG: (src/list.c :87 :List_push) gay shit
DEBUG: (src/list.c :87 :List_push) gay shit
DEBUG: (src/list.c :87 :List_push) gay shit
DEBUG: (src/list.c :87 :List_push) gay shit
DEBUG: (src/list.c :87 :List_push) gay shit
DEBUG: (src/list.c :87 :List_push) gay shit
DEBUG: (src/list.c :87 :List_push) gay shit
DEBUG: (src/list.c :87 :List_push) gay shit
DEBUG: (src/list.c :87 :List_push) gay shit
DEBUG: (src/list.c :87 :List_push) gay shit
DEBUG: (src/list.c :87 :List_push) gay shit
DEBUG: (src/list.c :87 :List_push) gay shit
DEBUG: (src/list.c :87 :List_push) gay shit
DEBUG: (src/list.c :87 :List_push) gay shit
DEBUG: (src/list.c :87 :List_push) gay shit
DEBUG: (src/list.c :87 :List_push) gay shit
DEBUG: (src/list.c :87 :List_push) gay shit
DEBUG: (src/list.c :87 :List_push) gay shit
DEBUG: (src/list.c :87 :List_push) gay shit
DEBUG: (src/list.c :87 :List_push) gay shit
DEBUG: (src/list.c :87 :List_push) gay shit
DEBUG: (src/list.c :87 :List_push) gay shit
DEBUG: (src/list.c :87 :List_push) gay shit
DEBUG: (src/list.c :87 :List_push) gay shit
DEBUG: (src/list.c :87 :List_push) gay shit
DEBUG: (src/list.c :87 :List_push) gay shit
DEBUG: (src/list.c :87 :List_push) gay shit
DEBUG: (src/list.c :87 :List_push) gay shit
DEBUG: (src/list.c :87 :List_push) gay shit
DEBUG: (src/list.c :87 :List_push) gay shit
DEBUG: (src/list.c :87 :List_push) gay shit
DEBUG: (src/list.c :87 :List_push) gay shit
DEBUG: (src/list.c :87 :List_push) gay shit
DEBUG: (src/list.c :87 :List_push) gay shit
DEBUG: (src/list.c :87 :List_push) gay shit
DEBUG: (src/list.c :87 :List_push) gay shit
DEBUG: (src/list.c :87 :List_push) gay shit
DEBUG: (src/list.c :87 :List_push) gay shit
DEBUG: (src/list.c :87 :List_push) gay shit
DEBUG: (src/list.c :87 :List_push) gay shit
DEBUG: (src/list.c :87 :List_push) gay shit
DEBUG: (src/list.c :87 :List_push) gay shit
DEBUG: (src/list.c :87 :List_push) gay shit
DEBUG: (src/list.c :87 :List_push) gay shit
DEBUG: (src/list.c :87 :List_push) gay shit
DEBUG: (src/list.c :87 :List_push) gay shit
DEBUG: (src/list.c :87 :List_push) gay shit
DEBUG: (src/list.c :87 :List_push) gay shit
DEBUG: (src/list.c :87 :List_push) gay shit
DEBUG: (src/list.c :87 :List_push) gay shit
DEBUG: (src/list.c :87 :List_push) gay shit
DEBUG: (src/list.c :87 :List_push) gay shit
DEBUG: (src/list.c :87 :List_push) gay shit
DEBUG: (src/list.c :87 :List_push) gay shit
DEBUG: (src/list.c :87 :List_push) gay shit
DEBUG: (src/list.c :87 :List_push) gay shit
DEBUG: (src/list.c :87 :List_push) gay shit
DEBUG: (src/list.c :87 :List_push) gay shit
DEBUG: (src/list.c :87 :List_push) gay shit
DEBUG: (src/list.c :87 :List_push) gay shit
DEBUG: (src/list.c :87 :List_push) gay shit
DEBUG: (src/list.c :87 :List_push) gay shit
DEBUG: (src/list.c :87 :List_push) gay shit
DEBUG: (src/list.c :87 :List_push) gay shit
DEBUG: (src/list.c :87 :List_push) gay shit
DEBUG: (src/list.c :87 :List_push) gay shit
DEBUG: (src/list.c :87 :List_push) gay shit
DEBUG: (src/list.c :87 :List_push) gay shit
DEBUG: (src/list.c :87 :List_push) gay shit
DEBUG: (src/list.c :87 :List_push) gay shit
DEBUG: (src/list.c :87 :List_push) gay shit
DEBUG: (src/list.c :87 :List_push) gay shit
DEBUG: (src/list.c :87 :List_push) gay shit
DEBUG: (src/list.c :87 :List_push) gay shit
DEBUG: (src/list.c :87 :List_push) gay shit
DEBUG: (src/list.c :87 :List_push) gay shit
DEBUG: (src/list.c :87 :List_push) gay shit
DEBUG: (src/list.c :87 :List_push) gay shit
DEBUG: (src/list.c :87 :List_push) gay shit
DEBUG: (src/list.c :87 :List_push) gay shit
DEBUG: (src/list.c :87 :List_push) gay shit
DEBUG: (src/list.c :87 :List_push) gay shit
DEBUG: (src/list.c :87 :List_push) gay shit
DEBUG: (src/list.c :87 :List_push) gay shit
DEBUG: (src/list.c :87 :List_push) gay shit
DEBUG: (src/list.c :87 :List_push) gay shit
DEBUG: (src/list.c :87 :List_push) gay shit
DEBUG: (src/list.c :87 :List_push) gay shit
DEBUG: (src/list.c :87 :List_push) gay shit
DEBUG: (src/list.c :87 :List_push) gay shit
DEBUG: (src/list.c :87 :List_push) gay shit
DEBUG: (src/list.c :87 :List_push) gay shit
DEBUG: (src/list.c :87 :List_push) gay shit
DEBUG: (src/list.c :87 :List_push) gay shit
DEBUG: (src/list.c :87 :List_push) gay shit
DEBUG: (src/list.c :87 :List_push) gay shit
DEBUG: (src/list.c :87 :List_push) gay shit
DEBUG: (src/list.c :87 :List_push) gay shit
DEBUG: (src/list.c :87 :List_push) gay shit
DEBUG: (src/list.c :87 :List_push) gay shit
DEBUG: (src/list.c :87 :List_push) gay shit
DEBUG: (src/list.c :87 :List_push) gay shit
DEBUG: (src/list.c :87 :List_push) gay shit
DEBUG: (src/list.c :87 :List_push) gay shit
DEBUG: (src/list.c :87 :List_push) gay shit
DEBUG: (src/list.c :87 :List_push) gay shit
DEBUG: (src/list.c :87 :List_push) gay shit
DEBUG: (src/list.c :87 :List_push) gay shit
DEBUG: (src/list.c :87 :List_push) gay shit
DEBUG: (src/list.c :87 :List_push) gay shit
DEBUG: (src/list.c :87 :List_push) gay shit
DEBUG: (src/list.c :87 :List_push) gay shit
DEBUG: (src/list.c :87 :List_push) gay shit
DEBUG: (src/list.c :87 :List_push) gay shit
DEBUG: (src/list.c :87 :List_push) gay shit
DEBUG: (src/list.c :87 :List_push) gay shit
DEBUG: (src/list.c :87 :List_push) gay shit
DEBUG: (src/list.c :87 :List_push) gay shit
DEBUG: (src/list.c :87 :List_push) gay shit
DEBUG: (src/list.c :87 :List_push) gay shit
DEBUG: (src/list.c :87 :List_push) gay shit
DEBUG: (src/list.c :87 :List_push) gay shit
DEBUG: (src/list.c :87 :List_push) gay shit
DEBUG: (src/list.c :87 :List_push) gay shit
DEBUG: (src/list.c :87 :List_push) gay shit
DEBUG: (src/list.c :87 :List_push) gay shit
DEBUG: (src/list.c :87 :List_push) gay shit
DEBUG: (src/list.c :87 :List_push) gay shit
DEBUG: (src/list.c :87 :List_push) gay shit
DEBUG: (src/list.c :87 :List_push) gay shit
DEBUG: (src/list.c :87 :List_push) gay shit
DEBUG: (src/list.c :87 :List_push) gay shit
DEBUG: (src/list.c :87 :List_push) gay shit
DEBUG: (src/list.c :87 :List_push) gay shit
DEBUG: (src/list.c :87 :List_push) gay shit
DEBUG: (src/list.c :87 :List_push) gay shit
DEBUG: (src/list.c :87 :List_push) gay shit
DEBUG: (src/list.c :87 :List_push) gay shit
DEBUG: (src/list.c :87 :List_push) gay shit
DEBUG: (src/list.c :87 :List_push) gay shit
DEBUG: (src/list.c :87 :List_push) gay shit
DEBUG: (src/list.c :87 :List_push) gay shit
DEBUG: (src/list.c :87 :List_push) gay shit
DEBUG: (src/list.c :87 :List_push) gay shit
DEBUG: (src/list.c :87 :List_push) gay shit
DEBUG: (src/list.c :87 :List_push) gay shit
DEBUG: (src/list.c :87 :List_push) gay shit
DEBUG: (src/list.c :87 :List_push) gay shit
DEBUG: (src/list.c :87 :List_push) gay shit
DEBUG: (src/list.c :87 :List_push) gay shit
DEBUG: (src/list.c :87 :List_push) gay shit
DEBUG: (src/list.c :87 :List_push) gay shit
DEBUG: (src/list.c :87 :List_push) gay shit
DEBUG: (src/list.c :87 :List_push) gay shit
DEBUG: (src/list.c :87 :List_push) gay shit
DEBUG: (src/list.c :87 :List_push) gay shit
DEBUG: (src/list.c :87 :List_push) gay shit
DEBUG: (src/list.c :87 :List_push) gay shit
DEBUG: (src/list.c :87 :List_push) gay shit
DEBUG: (src/list.c :87 :List_push) gay shit
DEBUG: (src/list.c :87 :List_push) gay shit
DEBUG: (src/list.c :87 :List_push) gay shit
DEBUG: (src/list.c :87 :List_push) gay shit
DEBUG: (src/list.c :87 :List_push) gay shit
DEBUG: (src/list.c :87 :List_push) gay shit
DEBUG: (src/list.c :87 :List_push) gay shit
DEBUG: (src/list.c :87 :List_push) gay shit
DEBUG: (src/list.c :87 :List_push) gay shit
DEBUG: (src/list.c :87 :List_push) gay shit
DEBUG: (src/list.c :87 :List_push) gay shit
DEBUG: (src/list.c :87 :List_push) gay shit
DEBUG: (src/list.c :87 :List_push) gay shit
DEBUG: (src/list.c :87 :List_push) gay shit
DEBUG: (src/list.c :87 :List_push) gay shit
DEBUG: (src/list.c :87 :List_push) gay shit
DEBUG: (src/list.c :87 :List_push) gay shit
DEBUG: (src/list.c :87 :List_push) gay shit
DEBUG: (src/list.c :87 :List_push) gay shit
DEBUG: (src/list.c :87 :List_push) gay shit
DEBUG: (src/list.c :87 :List_push) gay shit
DEBUG: (src/list.c :87 :List_push) gay shit
DEBUG: (src/list.c :87 :List_push) gay shit
DEBUG: (src/list.c :87 :List_push) gay shit
DEBUG: (src/list.c :87 :List_push) gay shit
DEBUG: (src/list.c :87 :List_push) gay shit
DEBUG: (src/list.c :87 :List_push) gay shit
DEBUG: (src/list.c :87 :List_push) gay shit
DEBUG: (src/list.c :87 :List_push) gay shit
DEBUG: (src/list.c :87 :List_push) gay shit
DEBUG: (src/list.c :87 :List_push) gay shit
DEBUG: (src/list.c :87 :List_push) gay shit
DEBUG: (src/list.c :87 :List_push) gay shit
DEBUG: (src/list.c :87 :List_push) gay shit
DEBUG: (src/list.c :87 :List_push) gay shit
DEBUG: (src/list.c :87 :List_push) gay shit
DEBUG: (src/list.c :87 :List_push) gay shit
DEBUG: (src/list.c :87 :List_push) gay shit
DEBUG: (src/list.c :87 :List_push) gay shit
DEBUG: (src/list.c :87 :List_push) gay shit
DEBUG: (src/list.c :87 :List_push) gay shit
DEBUG: (src/list.c :87 :List_push) gay shit
DEBUG: (src/list.c :87 :List_push) gay shit
DEBUG: (src/list.c :87 :List_push) gay shit
DEBUG: (src/list.c :87 :List_push) gay shit
DEBUG: (src/list.c :87 :List_push) gay shit
DEBUG: (src/list.c :87 :List_push) gay shit
DEBUG: (src/list.c :87 :List_push) gay shit
DEBUG: (src/list.c :87 :List_push) gay shit
DEBUG: (src/list.c :87 :List_push) gay shit
DEBUG: (src/list.c :87 :List_push) gay shit
DEBUG: (src/list.c :87 :List_push) gay shit
DEBUG: (src/list.c :87 :List_push) gay shit
DEBUG: (src/list.c :87 :List_push) gay shit
DEBUG: (src/list.c :87 :List_push) gay shit
DEBUG: (src/list.c :87 :List_push) gay shit
DEBUG: (src/list.c :87 :List_push) gay shit
DEBUG: (src/list.c :87 :List_push) gay shit
DEBUG: (src/list.c :87 :List_push) gay shit
DEBUG: (src/list.c :87 :List_push) gay shit
DEBUG: (src/list.c :87 :List_push) gay shit
DEBUG: (src/list.c :87 :List_push) gay shit
DEBUG: (src/list.c :87 :List_push) gay shit
DEBUG: (src/list.c :87 :List_push) gay shit
DEBUG: (src/list.c :87 :List_push) gay shit
DEBUG: (src/list.c :87 :List_push) gay shit
DEBUG: (src/list.c :87 :List_push) gay shit
DEBUG: (src/list.c :87 :List_push) gay shit
DEBUG: (src/list.c :87 :List_push) gay shit
DEBUG: (src/list.c :87 :List_push) gay shit
DEBUG: (src/list.c :87 :List_push) gay shit
DEBUG: (src/list.c :87 :List_push) gay shit
DEBUG: (src/list.c :87 :List_push) gay shit
DEBUG: (src/list.c :87 :List_push) gay shit
DEBUG: (src/list.c :87 :List_push) gay shit
DEBUG: (src/list.c :87 :List_push) gay shit
DEBUG: (src/list.c :87 :List_push) gay shit
DEBUG: (src/list.c :87 :List_push) gay shit
DEBUG: (src/list.c :87 :List_push) gay shit
DEBUG: (src/list.c :87 :List_push) gay shit
DEBUG: (src/list.c :87 :List_push) gay shit
DEBUG: (src/list.c :87 :List_push) gay shit
DEBUG: (src/list.c :87 :List_push) gay shit
DEBUG: (src/list.c :87 :List_push) gay shit
DEBUG: (src/list.c :87 :List_push) gay shit
DEBUG: (src/list.c :87 :List_push) gay shit
DEBUG: (src/list.c :87 :List_push) gay shit
DEBUG: (src/list.c :87 :List_push) gay shit
DEBUG: (src/list.c :87 :List_push) gay shit
DEBUG: (src/list.c :87 :List_push) gay shit
DEBUG: (src/list.c :87 :List_push) gay shit
DEBUG: (src/list.c :87 :List_push) gay shit
DEBUG: (src/list.c :87 :List_push) gay shit
DEBUG: (src/list.c :87 :List_push) gay shit
DEBUG: (src/list.c :87 :List_push) gay shit
DEBUG: (src/list.c :87 :List_push) gay shit
DEBUG: (src/list.c :87 :List_push) gay shit
DEBUG: (src/list.c :87 :List_push) gay shit
DEBUG: (src/list.c :87 :List_push) gay shit
DEBUG: (src/list.c :87 :List_push) gay shit
DEBUG: (src/list.c :87 :List_push) gay shit
DEBUG: (src/list.c :87 :List_push) gay shit
DEBUG: (src/list.c :87 :List_push) gay shit
DEBUG: (src/list.c :87 :List_push) gay shit
DEBUG: (src/list.c :87 :List_push) gay shit
DEBUG: (src/list.c :87 :List_push) gay shit
DEBUG: (src/list.c :87 :List_push) gay shit
DEBUG: (src/list.c :87 :List_push) gay shit
DEBUG: (src/list.c :87 :List_push) gay shit
DEBUG: (src/list.c :87 :List_push) gay shit
DEBUG: (src/list.c :87 :List_push) gay shit
DEBUG: (src/list.c :87 :List_push) gay shit
DEBUG: (src/list.c :87 :List_push) gay shit
DEBUG: (src/list.c :87 :List_push) gay shit
DEBUG: (src/list.c :87 :List_push) gay shit
DEBUG: (src/list.c :87 :List_push) gay shit
DEBUG: (src/list.c :87 :List_push) gay shit
DEBUG: (src/list.c :87 :List_push) gay shit
DEBUG: (src/list.c :87 :List_push) gay shit
DEBUG: (src/list.c :87 :List_push) gay shit
DEBUG: (src/list.c :87 :List_push) gay shit
DEBUG: (src/list.c :87 :List_push) gay shit
DEBUG: (src/list.c :87 :List_push) gay shit
DEBUG: (src/list.c :87 :List_push) gay shit
DEBUG: (src/list.c :87 :List_push) gay shit
DEBUG: (src/list.c :87 :List_push) gay shit
DEBUG: (src/list.c :87 :List_push) gay shit
DEBUG: (src/list.c :87 :List_push) gay shit
DEBUG: (src/list.c :87 :List_push) gay shit
DEBUG: (src/list.c :87 :List_push) gay shit
DEBUG: (src/list.c :87 :List_push) gay shit
DEBUG: (src/list.c :87 :List_push) gay shit
DEBUG: (src/list.c :87 :List_push) gay shit
DEBUG: (src/list.c :87 :List_push) gay shit
DEBUG: (src/list.c :87 :List_push) gay shit
DEBUG: (src/list.c :87 :List_push) gay shit
DEBUG: (src/list.c :87 :List_push) gay shit
DEBUG: (src/list.c :87 :List_push) gay shit
DEBUG: (src/list.c :87 :List_push) gay shit
DEBUG: (src/list.c :87 :List_push) gay shit
DEBUG: (src/list.c :87 :List_push) gay shit
DEBUG: (src/list.c :87 :List_push) gay shit
DEBUG: (src/list.c :87 :List_push) gay shit
DEBUG: (src/list.c :87 :List_push) gay shit
DEBUG: (src/list.c :87 :List_push) gay shit
DEBUG: (src/list.c :87 :List_push) gay shit
DEBUG: (src/list.c :87 :List_push) gay shit
DEBUG: (src/list.c :87 :List_push) gay shit
DEBUG: (src/list.c :87 :List_push) gay shit
DEBUG: (src/list.c :87 :List_push) gay shit
DEBUG: (src/list.c :87 :List_push) gay shit
DEBUG: (src/list.c :87 :List_push) gay shit
DEBUG: (src/list.c :87 :List_push) gay shit
DEBUG: (src/list.c :87 :List_push) gay shit
DEBUG: (src/list.c :87 :List_push) gay shit
DEBUG: (src/list.c :87 :List_push) gay shit
DEBUG: (src/list.c :87 :List_push) gay shit
DEBUG: (src/list.c :87 :List_push) gay shit
DEBUG: (src/list.c :87 :List_push) gay shit
DEBUG: (src/list.c :87 :List_push) gay shit
DEBUG: (src/list.c :87 :List_push) gay shit
DEBUG: (src/list.c :87 :List_push) gay shit
DEBUG: (src/list.c :87 :List_push) gay shit
DEBUG: (src/list.c :87 :List_push) gay shit
DEBUG: (src/list.c :87 :List_push) gay shit
DEBUG: (src/list.c :87 :List_push) gay shit
DEBUG: (src/list.c :87 :List_push) gay shit
DEBUG: (src/list.c :87 :List_push) gay shit
DEBUG: (src/list.c :87 :List_push) gay shit
DEBUG: (src/list.c :87 :List_push) gay shit
DEBUG: (src/list.c :87 :List_push) gay shit
DEBUG: (src/list.c :87 :List_push) gay shit
DEBUG: (src/list.c :87 :List_push) gay shit
DEBUG: (src/list.c :87 :List_push) gay shit
DEBUG: (src/list.c :87 :List_push) gay shit
DEBUG: (src/list.c :87 :List_push) gay shit
DEBUG: (src/list.c :87 :List_push) gay shit
DEBUG: (src/list.c :87 :List_push) gay shit
DEBUG: (src/list.c :87 :List_push) gay shit
DEBUG: (src/list.c :87 :List_push) gay shit
DEBUG: (src/list.c :87 :List_push) gay shit
DEBUG: (src/list.c :87 :List_push) gay shit
DEBUG: (src/list.c :87 :List_push) gay shit
DEBUG: (src/list.c :87 :List_push) gay shit
DEBUG: (src/list.c :87 :List_push) gay shit
DEBUG: (src/list.c :87 :List_push) gay shit
DEBUG: (src/list.c :87 :List_push) gay shit
DEBUG: (src/list.c :87 :List_push) gay shit
DEBUG: (src/list.c :87 :List_push) gay shit
DEBUG: (src/list.c :87 :List_push) gay shit
DEBUG: (src/list.c :87 :List_push) gay shit
DEBUG: (src/list.c :87 :List_push) gay shit
DEBUG: (src/list.c :87 :List_push) gay shit
DEBUG: (src/list.c :87 :List_push) gay shit
DEBUG: (src/list.c :87 :List_push) gay shit
DEBUG: (src/list.c :87 :List_push) gay shit
DEBUG: (src/list.c :87 :List_push) gay shit
DEBUG: (src/list.c :87 :List_push) gay shit
DEBUG: (src/list.c :87 :List_push) gay shit
DEBUG: (src/list.c :87 :List_push) gay shit
DEBUG: (src/list.c :87 :List_push) gay shit
DEBUG: (src/list.c :87 :List_push) gay shit
DEBUG: (src/list.c :87 :List_push) gay shit
DEBUG: (src/list.c :87 :List_push) gay shit
DEBUG: (src/list.c :87 :List_push) gay shit
DEBUG: (src/list.c :87 :List_push) gay shit
DEBUG: (src/list.c :87 :List_push) gay shit
DEBUG: (src/list.c :87 :List_push) gay shit
DEBUG: (src/list.c :87 :List_push) gay shit
DEBUG: (src/list.c :87 :List_push) gay shit
DEBUG: (src/list.c :87 :List_push) gay shit
DEBUG: (src/list.c :87 :List_push) gay shit
DEBUG: (src/list.c :87 :List_push) gay shit
DEBUG: (src/list.c :87 :List_push) gay shit
DEBUG: (src/list.c :87 :List_push) gay shit
DEBUG: (src/list.c :87 :List_push) gay shit
DEBUG: (src/list.c :87 :List_push) gay shit
DEBUG: (src/list.c :87 :List_push) gay shit
DEBUG: (src/list.c :87 :List_push) gay shit
DEBUG: (src/list.c :87 :List_push) gay shit
DEBUG: (src/list.c :87 :List_push) gay shit
DEBUG: (src/list.c :87 :List_push) gay shit
DEBUG: (src/list.c :87 :List_push) gay shit
DEBUG: (src/list.c :87 :List_push) gay shit
DEBUG: (src/list.c :87 :List_push) gay shit
DEBUG: (src/list.c :87 :List_push) gay shit
DEBUG: (src/list.c :87 :List_push) gay shit
DEBUG: (src/list.c :87 :List_push) gay shit
DEBUG: (src/list.c :87 :List_push) gay shit
DEBUG: (src/list.c :87 :List_push) gay shit
DEBUG: (src/list.c :87 :List_push) gay shit
DEBUG: (src/list.c :87 :List_push) gay shit
DEBUG: (src/list.c :87 :List_push) gay shit
DEBUG: (src/list.c :87 :List_push) gay shit
DEBUG: (src/list.c :87 :List_push) gay shit
DEBUG: (src/list.c :87 :List_push) gay shit
DEBUG: (src/list.c :87 :List_push) gay shit
DEBUG: (src/list.c :87 :List_push) gay shit
DEBUG: (src/list.c :87 :List_push) gay shit
DEBUG: (src/list.c :87 :List_push) gay shit
DEBUG: (src/list.c :87 :List_push) gay shit
DEBUG: (src/list.c :87 :List_push) gay shit
DEBUG: (src/list.c :87 :List_push) gay shit
DEBUG: (src/list.c :87 :List_push) gay shit
DEBUG: (src/list.c :87 :List_push) gay shit
DEBUG: (src/list.c :87 :List_push) gay shit
DEBUG: (src/list.c :87 :List_push) gay shit
DEBUG: (src/list.c :87 :List_push) gay shit
DEBUG: (src/list.c :87 :List_push) gay shit
DEBUG: (src/list.c :87 :List_push) gay shit
DEBUG: (src/list.c :87 :List_push) gay shit
DEBUG: (src/list.c :87 :List_push) gay shit
DEBUG: (src/list.c :87 :List_push) gay shit
DEBUG: (src/list.c :87 :List_push) gay shit
DEBUG: (src/list.c :87 :List_push) gay shit
DEBUG: (src/list.c :87 :List_push) gay shit
DEBUG: (src/list.c :87 :List_push) gay shit
DEBUG: (src/list.c :87 :List_push) gay shit
DEBUG: (src/list.c :87 :List_push) gay shit
DEBUG: (src/list.c :87 :List_push) gay shit
DEBUG: (src/list.c :87 :List_push) gay shit
DEBUG: (src/list.c :87 :List_push) gay shit
DEBUG: (src/list.c :87 :List_push) gay shit
DEBUG: (src/list.c :87 :List_push) gay shit
DEBUG: (src/list.c :87 :List_push) gay shit
DEBUG: (src/list.c :87 :List_push) gay shit
DEBUG: (src/list.c :87 :List_push) gay shit
DEBUG: (src/list.c :87 :List_push) gay shit
DEBUG: (src/list.c :87 :List_push) gay shit
DEBUG: (src/list.c :87 :List_push) gay shit
DEBUG: (src/list.c :87 :List_push) gay shit
DEBUG: (src/list.c :87 :List_push) gay shit
DEBUG: (src/list.c :87 :List_push) gay shit
DEBUG: (src/list.c :87 :List_push) gay shit
DEBUG: (src/list.c :87 :List_push) gay shit
DEBUG: (src/list.c :87 :List_push) gay shit
DEBUG: (src/list.c :87 :List_push) gay shit
DEBUG: (src/list.c :87 :List_push) gay shit
DEBUG: (src/list.c :87 :List_push) gay shit
DEBUG: (src/list.c :87 :List_push) gay shit
DEBUG: (src/list.c :87 :List_push) gay shit
DEBUG: (src/list.c :87 :List_push) gay shit
DEBUG: (src/list.c :87 :List_push) gay shit
DEBUG: (src/list.c :87 :List_push) gay shit
DEBUG: (src/list.c :87 :List_push) gay shit
DEBUG: (src/list.c :87 :List_push) gay shit
DEBUG: (src/list.c :87 :List_push) gay shit
DEBUG: (src/list.c :87 :List_push) gay shit
DEBUG: (src/list.c :87 :List_push) gay shit
DEBUG: (src/list.c :87 :List_push) gay shit
DEBUG: (src/list.c :87 :List_push) gay shit
DEBUG: (src/list.c :87 :List_push) gay shit
DEBUG: (src/list.c :87 :List_push) gay shit
DEBUG: (src/list.c :87 :List_push) gay shit
DEBUG: (src/list.c :87 :List_push) gay shit
DEBUG: (src/list.c :87 :List_push) gay shit
DEBUG: (src/list.c :87 :List_push) gay shit
DEBUG: (src/list.c :87 :List_push) gay shit
DEBUG: (src/list.c :87 :List_push) gay shit
DEBUG: (src/list.c :87 :List_push) gay shit
DEBUG: (src/list.c :87 :List_push) gay shit
DEBUG: (src/list.c :87 :List_push) gay shit
DEBUG: (src/list.c :87 :List_push) gay shit
DEBUG: (src/list.c :87 :List_push) gay shit
DEBUG: (src/list.c :87 :List_push) gay shit
DEBUG: (src/list.c :87 :List_push) gay shit
DEBUG: (src/list.c :87 :List_push) gay shit
DEBUG: (src/list.c :87 :List_push) gay shit
DEBUG: (src/list.c :87 :List_push) gay shit
DEBUG: (src/list.c :87 :List_push) gay shit
DEBUG: (src/list.c :87 :List_push) gay shit
DEBUG: (src/list.c :87 :List_push) gay shit
DEBUG: (src/list.c :87 :List_push) gay shit
DEBUG: (src/list.c :87 :List_push) gay shit
DEBUG: (src/list.c :87 :List_push) gay shit
DEBUG: (src/list.c :87 :List_push) gay shit
DEBUG: (src/list.c :87 :List_push) gay shit
DEBUG: (src/list.c :87 :List_push) gay shit
DEBUG: (src/list.c :87 :List_push) gay shit
DEBUG: (src/list.c :87 :List_push) gay shit
DEBUG: (src/list.c :87 :List_push) gay shit
DEBUG: (src/list.c :87 :List_push) gay shit
DEBUG: (src/list.c :87 :List_push) gay shit
DEBUG: (src/list.c :87 :List_push) gay shit
DEBUG: (src/list.c :87 :List_push) gay shit
DEBUG: (src/list.c :87 :List_push) gay shit
DEBUG: (src/list.c :87 :List_push) gay shit
DEBUG: (src/list.c :87 :List_push) gay shit
DEBUG: (src/list.c :87 :List_push) gay shit
DEBUG: (src/list.c :87 :List_push) gay shit
DEBUG: (src/list.c :87 :List_push) gay shit
DEBUG: (src/list.c :87 :List_push) gay shit
DEBUG: (src/list.c :87 :List_push) gay shit
DEBUG: (src/list.c :87 :List_push) gay shit
DEBUG: (src/list.c :87 :List_push) gay shit
DEBUG: (src/list.c :87 :List_push) gay shit
DEBUG: (src/list.c :87 :List_push) gay shit
DEBUG: (src/list.c :87 :List_push) gay shit
DEBUG: (src/list.c :87 :List_push) gay shit
DEBUG: (src/list.c :87 :List_push) gay shit
DEBUG: (src/list.c :87 :List_push) gay shit
DEBUG: (src/list.c :87 :List_push) gay shit
DEBUG: (src/list.c :87 :List_push) gay shit
DEBUG: (src/list.c :87 :List_push) gay shit
DEBUG: (src/list.c :87 :List_push) gay shit
DEBUG: (src/list.c :87 :List_push) gay shit
DEBUG: (src/list.c :87 :List_push) gay shit
DEBUG: (src/list.c :87 :List_push) gay shit
DEBUG: (src/list.c :87 :List_push) gay shit
DEBUG: (src/list.c :87 :List_push) gay shit
DEBUG: (src/list.c :87 :List_push) gay shit
DEBUG: (src/list.c :87 :List_push) gay shit
DEBUG: (src/list.c :87 :List_push) gay shit
DEBUG: (src/list.c :87 :List_push) gay shit
DEBUG: (src/list.c :87 :List_push) gay shit
DEBUG: (src/list.c :87 :List_push) gay shit
DEBUG: (src/list.c :87 :List_push) gay shit
DEBUG: (src/list.c :87 :List_push) gay shit
DEBUG: (src/list.c :87 :List_push) gay shit
DEBUG: (src/list.c :87 :List_push) gay shit
DEBUG: (src/list.c :87 :List_push) gay shit
DEBUG: (src/list.c :87 :List_push) gay shit
DEBUG: (src/list.c :87 :List_push) gay shit
DEBUG: (src/list.c :87 :List_push) gay shit
DEBUG: (src/list.c :87 :List_push) gay shit
DEBUG: (src/list.c :87 :List_push) gay shit
DEBUG: (src/list.c :87 :List_push) gay shit
DEBUG: (src/list.c :87 :List_push) gay shit
DEBUG: (src/list.c :87 :List_push) gay shit
DEBUG: (src/list.c :87 :List_push) gay shit
DEBUG: (src/list.c :87 :List_push) gay shit
DEBUG: (src/list.c :87 :List_push) gay shit
DEBUG: (src/list.c :87 :List_push) gay shit
DEBUG: (src/list.c :87 :List_push) gay shit
DEBUG: (src/list.c :87 :List_push) gay shit
DEBUG: (src/list.c :87 :List_push) gay shit
DEBUG: (src/list.c :87 :List_push) gay shit
DEBUG: (src/list.c :87 :List_push) gay shit
DEBUG: (src/list.c :87 :List_push) gay shit
DEBUG: (src/list.c :87 :List_push) gay shit
DEBUG: (src/list.c :87 :List_push) gay shit
DEBUG: (src/list.c :87 :List_push) gay shit
DEBUG: (src/list.c :87 :List_push) gay shit
DEBUG: (src/list.c :87 :List_push) gay shit
DEBUG: (src/list.c :87 :List_push) gay shit
DEBUG: (src/list.c :87 :List_push) gay shit
DEBUG: (src/list.c :87 :List_push) gay shit
DEBUG: (src/list.c :87 :List_push) gay shit
DEBUG: (src/list.c :87 :List_push) gay shit
DEBUG: (src/list.c :87 :List_push) gay shit
DEBUG: (src/list.c :87 :List_push) gay shit
DEBUG: (src/list.c :87 :List_push) gay shit
DEBUG: (src/list.c :87 :List_push) gay shit
DEBUG: (src/list.c :87 :List_push) gay shit
DEBUG: (src/list.c :87 :List_push) gay shit
DEBUG: (src/list.c :87 :List_push) gay shit
DEBUG: (src/list.c :87 :List_push) gay shit
DEBUG: (src/list.c :87 :List_push) gay shit
DEBUG: (src/list.c :87 :List_push) gay shit
DEBUG: (src/list.c :87 :List_push) gay shit
DEBUG: (src/list.c :87 :List_push) gay shit
DEBUG: (src/list.c :87 :List_push) gay shit
DEBUG: (src/list.c :87 :List_push) gay shit
DEBUG: (src/list.c :87 :List_push) gay shit
DEBUG: (src/list.c :87 :List_push) gay shit
DEBUG: (src/list.c :87 :List_push) gay shit
DEBUG: (src/list.c :87 :List_push) gay shit
DEBUG: (src/list.c :87 :List_push) gay shit
DEBUG: (src/list.c :87 :List_push) gay shit
DEBUG: (src/list.c :87 :List_push) gay shit
DEBUG: (src/list.c :87 :List_push) gay shit
DEBUG: (src/list.c :87 :List_push) gay shit
DEBUG: (src/list.c :87 :List_push) gay shit
DEBUG: (src/list.c :87 :List_push) gay shit
DEBUG: (src/list.c :87 :List_push) gay shit
DEBUG: (src/list.c :87 :List_push) gay shit
DEBUG: (src/list.c :87 :List_push) gay shit
DEBUG: (src/list.c :87 :List_push) gay shit
DEBUG: (src/list.c :87 :List_push) gay shit
DEBUG: (src/list.c :87 :List_push) gay shit
DEBUG: (src/list.c :87 :List_push) gay shit
DEBUG: (src/list.c :87 :List_push) gay shit
DEBUG: (src/list.c :87 :List_push) gay shit
DEBUG: (src/list.c :87 :List_push) gay shit
DEBUG: (src/list.c :87 :List_push) gay shit
DEBUG: (src/list.c :87 :List_push) gay shit
DEBUG: (src/list.c :87 :List_push) gay shit
DEBUG: (src/list.c :87 :List_push) gay shit
DEBUG: (src/list.c :87 :List_push) gay shit
DEBUG: (src/list.c :87 :List_push) gay shit
DEBUG: (src/list.c :87 :List_push) gay shit
DEBUG: (src/list.c :87 :List_push) gay shit
DEBUG: (src/list.c :87 :List_push) gay shit
DEBUG: (src/list.c :87 :List_push) gay shit
DEBUG: (src/list.c :87 :List_push) gay shit
DEBUG: (src/list.c :87 :List_push) gay shit
DEBUG: (src/list.c :87 :List_push) gay shit
DEBUG: (src/list.c :87 :List_push) gay shit
DEBUG: (src/list.c :87 :List_push) gay shit
DEBUG: (src/list.c :87 :List_push) gay shit
DEBUG: (src/list.c :87 :List_push) gay shit
DEBUG: (src/list.c :87 :List_push) gay shit
DEBUG: (src/list.c :87 :List_push) gay shit
DEBUG: (src/list.c :87 :List_push) gay shit
DEBUG: (src/list.c :87 :List_push) gay shit
DEBUG: (src/list.c :87 :List_push) gay shit
DEBUG: (src/list.c :87 :List_push) gay shit
DEBUG: (src/list.c :87 :List_push) gay shit
DEBUG: (src/list.c :87 :List_push) gay shit
DEBUG: (src/list.c :87 :List_push) gay shit
DEBUG: (src/list.c :87 :List_push) gay shit
DEBUG: (src/list.c :87 :List_push) gay shit
DEBUG: (src/list.c :87 :List_push) gay shit
DEBUG: (src/list.c :87 :List_push) gay shit
DEBUG: (src/list.c :87 :List_push) gay shit
DEBUG: (src/list.c :87 :List_push) gay shit
DEBUG: (src/list.c :87 :List_push) gay shit
DEBUG: (src/list.c :87 :List_push) gay shit
DEBUG: (src/list.c :87 :List_push) gay shit
DEBUG: (src/list.c :87 :List_push) gay shit
DEBUG: (src/list.c :87 :List_push) gay shit
DEBUG: (src/list.c :87 :List_push) gay shit
DEBUG: (src/list.c :87 :List_push) gay shit
DEBUG: (src/list.c :87 :List_push) gay shit
DEBUG: (src/list.c :87 :List_push) gay shit
DEBUG: (src/list.c :87 :List_push) gay shit
DEBUG: (src/list.c :87 :List_push) gay shit
DEBUG: (src/list.c :87 :List_push) gay shit
DEBUG: (src/list.c :87 :List_push) gay shit
DEBUG: (src/list.c :87 :List_push) gay shit
DEBUG: (src/list.c :87 :List_push) gay shit
DEBUG: (src/list.c :87 :List_push) gay shit
DEBUG: (src/list.c :87 :List_push) gay shit
DEBUG: (src/list.c :87 :List_push) gay shit
DEBUG: (src/list.c :87 :List_push) gay shit
DEBUG: (src/list.c :87 :List_push) gay shit
DEBUG: (src/list.c :87 :List_push) gay shit
DEBUG: (src/list.c :87 :List_push) gay shit
DEBUG: (src/list.c :87 :List_push) gay shit
DEBUG: (src/list.c :87 :List_push) gay shit
DEBUG: (src/list.c :87 :List_push) gay shit
DEBUG: (src/list.c :87 :List_push) gay shit
DEBUG: (src/list.c :87 :List_push) gay shit
DEBUG: (src/list.c :87 :List_push) gay shit
DEBUG: (src/list.c :87 :List_push) gay shit
DEBUG: (src/list.c :87 :List_push) gay shit
DEBUG: (src/list.c :87 :List_push) gay shit
DEBUG: (src/list.c :87 :List_push) gay shit
DEBUG: (src/list.c :87 :List_push) gay shit
DEBUG: (src/list.c :87 :List_push) gay shit
DEBUG: (src/list.c :87 :List_push) gay shit
DEBUG: (src/list.c :87 :List_push) gay shit
DEBUG: (src/list.c :87 :List_push) gay shit
DEBUG: (src/list.c :87 :List_push) gay shit
DEBUG: (src/list.c :87 :List_push) gay shit
DEBUG: (src/list.c :87 :List_push) gay shit
DEBUG: (src/list.c :87 :List_push) gay shit
DEBUG: (src/list.c :87 :List_push) gay shit
DEBUG: (src/list.c :87 :List_push) gay shit
DEBUG: (src/list.c :87 :List_push) gay shit
DEBUG: (src/list.c :87 :List_push) gay shit
DEBUG: (src/list.c :87 :List_push) gay shit
DEBUG: (src/list.c :87 :List_push) gay shit
DEBUG: (src/list.c :87 :List_push) gay shit
DEBUG: (src/list.c :87 :List_push) gay shit
DEBUG: (src/list.c :87 :List_push) gay shit
DEBUG: (src/list.c :87 :List_push) gay shit
DEBUG: (src/list.c :87 :List_push) gay shit
DEBUG: (src/list.c :87 :List_push) gay shit
DEBUG: (src/list.c :87 :List_push) gay shit
DEBUG: (src/list.c :87 :List_push) gay shit
DEBUG: (src/list.c :87 :List_push) gay shit
DEBUG: (src/list.c :87 :List_push) gay shit
DEBUG: (src/list.c :87 :List_push) gay shit
DEBUG: (src/list.c :87 :List_push) gay shit
DEBUG: (src/list.c :87 :List_push) gay shit
DEBUG: (src/list.c :87 :List_push) gay shit
DEBUG: (src/list.c :87 :List_push) gay shit
DEBUG: (src/list.c :87 :List_push) gay shit
DEBUG: (src/list.c :87 :List_push) gay shit
DEBUG: (src/list.c :87 :List_push) gay shit
DEBUG: (src/list.c :87 :List_push) gay shit
DEBUG: (src/list.c :87 :List_push) gay shit
DEBUG: (src/list.c :87 :List_push) gay shit
DEBUG: (src/list.c :87 :List_push) gay shit
DEBUG: (src/list.c :87 :List_push) gay shit
DEBUG: (src/list.c :87 :List_push) gay shit
DEBUG: (src/list.c :87 :List_push) gay shit
DEBUG: (src/list.c :87 :List_push) gay shit
DEBUG: (src/list.c :87 :List_push) gay shit
DEBUG: (src/list.c :87 :List_push) gay shit
DEBUG: (src/list.c :87 :List_push) gay shit
DEBUG: (src/list.c :87 :List_push) gay shit
DEBUG: (src/list.c :87 :List_push) gay shit
DEBUG: (src/list.c :87 :List_push) gay shit
DEBUG: (src/list.c :87 :List_push) gay shit
DEBUG: (src/list.c :87 :List_push) gay shit
DEBUG: (src/list.c :87 :List_push) gay shit
DEBUG: (src/list.c :87 :List_push) gay shit
DEBUG: (src/list.c :87 :List_push) gay shit
DEBUG: (src/list.c :87 :List_push) gay shit
DEBUG: (src/list.c :87 :List_push) gay shit
DEBUG: (src/list.c :87 :List_push) gay shit
DEBUG: (src/list.c :87 :List_push) gay shit
DEBUG: (src/list.c :87 :List_push) gay shit
DEBUG: (src/list.c :87 :List_push) gay shit
DEBUG: (src/list.c :87 :List_push) gay shit
DEBUG: (src/list.c :87 :List_push) gay shit
DEBUG: (src/list.c :87 :List_push) gay shit
DEBUG: (src/list.c :87 :List_push) gay shit
DEBUG: (src/list.c :87 :List_push) gay shit
DEBUG: (src/list.c :87 :List_push) gay shit
DEBUG: (src/list.c :87 :List_push) gay shit
DEBUG: (src/list.c :87 :List_push) gay shit
DEBUG: (src/list.c :87 :List_push) gay shit
DEBUG: (src/list.c :87 :List_push) gay shit
DEBUG: (src/list.c :87 :List_push) gay shit
DEBUG: (src/list.c :87 :List_push) gay shit
DEBUG: (src/list.c :87 :List_push) gay shit
DEBUG: (src/list.c :87 :List_push) gay shit
DEBUG: (src/list.c :87 :List_push) gay shit
DEBUG: (src/list.c :87 :List_push) gay shit
DEBUG: (src/list.c :87 :List_push) gay shit
DEBUG: (src/list.c :87 :List_push) gay shit
DEBUG: (src/list.c :87 :List_push) gay shit
DEBUG: (src/list.c :87 :List_push) gay shit
DEBUG: (src/list.c :87 :List_push) gay shit
DEBUG: (src/list.c :87 :List_push) gay shit
DEBUG: (src/list.c :87 :List_push) gay shit
DEBUG: (src/list.c :87 :List_push) gay shit
DEBUG: (src/list.c :87 :List_push) gay shit
DEBUG: (src/list.c :87 :List_push) gay shit
DEBUG: (src/list.c :87 :List_push) gay shit
DEBUG: (src/list.c :87 :List_push) gay shit
DEBUG: (src/list.c :87 :List_push) gay shit
DEBUG: (src/list.c :87 :List_push) gay shit
DEBUG: (src/list.c :87 :List_push) gay shit
DEBUG: (src/list.c :87 :List_push) gay shit
DEBUG: (src/list.c :87 :List_push) gay shit
DEBUG: (src/list.c :87 :List_push) gay shit
DEBUG: (src/list.c :87 :List_push) gay shit
DEBUG: (src/list.c :87 :List_push) gay shit
DEBUG: (src/list.c :87 :List_push) gay shit
DEBUG: (src/list.c :87 :List_push) gay shit
DEBUG: (src/list.c :87 :List_push) gay shit
DEBUG: (src/list.c :87 :List_push) gay shit
DEBUG: (src/list.c :87 :List_push) gay shit
DEBUG: (src/list.c :87 :List_push) gay shit
DEBUG: (src/list.c :87 :List_push) gay shit
DEBUG: (src/list.c :87 :List_push) gay shit
DEBUG: (src/list.c :87 :List_push) gay shit
DEBUG: (src/list.c :87 :List_push) gay shit
DEBUG: (src/list.c :87 :List_push) gay shit
DEBUG: (src/list.c :87 :List_push) gay shit
DEBUG: (src/list.c :87 :List_push) gay shit
DEBUG: (src/list.c :87 :List_push) gay shit
DEBUG: (src/list.c :87 :List_push) gay shit
DEBUG: (src/list.c :87 :List_push) gay shit
DEBUG: (src/list.c :87 :List_push) gay shit
DEBUG: (src/list.c :87 :List_push) gay shit
DEBUG: (src/list.c :87 :List_push) gay shit
DEBUG: (src/list.c :87 :List_push) gay shit
DEBUG: (src/list.c :87 :List_push) gay shit
DEBUG: (src/list.c :87 :List_push) gay shit
DEBUG: (src/list.c :87 :List_push) gay shit
DEBUG: (src/list.c :87 :List_push) gay shit
DEBUG: (src/list.c :87 :List_push) gay shit
DEBUG: (src/list.c :87 :List_push) gay shit
DEBUG: (src/list.c :87 :List_push) gay shit
DEBUG: (src/list.c :87 :List_push) gay shit
DEBUG: (src/list.c :87 :List_push) gay shit
DEBUG: (src/list.c :87 :List_push) gay shit
DEBUG: (src/list.c :87 :List_push) gay shit
DEBUG: (src/list.c :87 :List_push) gay shit
DEBUG: (src/list.c :87 :List_push) gay shit
DEBUG: (src/list.c :87 :List_push) gay shit
DEBUG: (src/list.c :87 :List_push) gay shit
DEBUG: (src/list.c :87 :List_push) gay shit
DEBUG: (src/list.c :87 :List_push) gay shit
DEBUG: (src/list.c :87 :List_push) gay shit
DEBUG: (src/list.c :87 :List_push) gay shit
DEBUG: (src/list.c :87 :List_push) gay shit
DEBUG: (src/list.c :87 :List_push) gay shit
DEBUG: (src/list.c :87 :List_push) gay shit
DEBUG: (src/list.c :87 :List_push) gay shit
DEBUG: (src/list.c :87 :List_push) gay shit
DEBUG: (src/list.c :87 :List_push) gay shit
DEBUG: (src/list.c :87 :List_push) gay shit
DEBUG: (src/list.c :87 :List_push) gay shit
DEBUG: (src/list.c :87 :List_push) gay shit
DEBUG: (src/list.c :87 :List_push) gay shit
DEBUG: (src/list.c :87 :List_push) gay shit
DEBUG: (src/list.c :87 :List_push) gay shit
DEBUG: (src/list.c :87 :List_push) gay shit
DEBUG: (src/list.c :87 :List_push) gay shit
DEBUG: (src/list.c :87 :List_push) gay shit
DEBUG: (src/list.c :87 :List_push) gay shit
DEBUG: (src/list.c :87 :List_push) gay shit
DEBUG: (src/list.c :87 :List_push) gay shit
DEBUG: (src/list.c :87 :List_push) gay shit
DEBUG: (src/list.c :87 :List_push) gay shit
DEBUG: (src/list.c :87 :List_push) gay shit
DEBUG: (src/list.c :87 :List_push) gay shit
DEBUG: (src/list.c :87 :List_push) gay shit
DEBUG: (src/list.c :87 :List_push) gay shit
DEBUG: (src/list.c :87 :List_push) gay shit
DEBUG: (src/list.c :87 :List_push) gay shit
DEBUG: (src/list.c :87 :List_push) gay shit
DEBUG: (src/list.c :87 :List_push) gay shit
DEBUG: (src/list.c :87 :List_push) gay shit
DEBUG: (src/list.c :87 :List_push) gay shit
DEBUG: (src/list.c :87 :List_push) gay shit
DEBUG: (src/list.c :87 :List_push) gay shit
DEBUG: (src/list.c :87 :List_push) gay shit
DEBUG: (src/list.c :87 :List_push) gay shit
DEBUG: (src/list.c :87 :List_push) gay shit
DEBUG: (src/list.c :87 :List_push) gay shit
DEBUG: (src/list.c :87 :List_push) gay shit
DEBUG: (src/list.c :87 :List_push) gay shit
DEBUG: (src/list.c :87 :List_push) gay shit
DEBUG: (src/list.c :87 :List_push) gay shit
DEBUG: (src/list.c :87 :List_push) gay shit
DEBUG: (src/list.c :87 :List_push) gay shit
DEBUG: (src/list.c :87 :List_push) gay shit
DEBUG: (src/list.c :87 :List_push) gay shit
DEBUG: (src/list.c :87 :List_push) gay shit
DEBUG: (src/list.c :87 :List_push) gay shit
DEBUG: (src/list.c :87 :List_push) gay shit
DEBUG: (src/list.c :87 :List_push) gay shit
DEBUG: (src/list.c :87 :List_push) gay shit
DEBUG: (src/list.c :87 :List_push) gay shit
DEBUG: (src/list.c :87 :List_push) gay shit
DEBUG: (src/list.c :87 :List_push) gay shit
DEBUG: (src/list.c :87 :List_push) gay shit
DEBUG: (src/list.c :87 :List_push) gay shit
DEBUG: (src/list.c :87 :List_push) gay shit
DEBUG: (src/list.c :87 :List_push) gay shit
DEBUG: (src/list.c :87 :List_push) gay shit
DEBUG: (src/list.c :87 :List_push) gay shit
DEBUG: (src/list.c :87 :List_push) gay shit
DEBUG: (src/list.c :87 :List_push) gay shit
DEBUG: (src/list.c :87 :List_push) gay shit
DEBUG: (src/list.c :87 :List_push) gay shit
DEBUG: (src/list.c :87 :List_push) gay shit
DEBUG: (src/list.c :87 :List_push) gay shit
DEBUG: (src/list.c :87 :List_push) gay shit
DEBUG: (src/list.c :87 :List_push) gay shit
DEBUG: (src/list.c :87 :List_push) gay shit
DEBUG: (src/list.c :87 :List_push) gay shit
DEBUG: (src/list.c :87 :List_push) gay shit
DEBUG: (src/list.c :87 :List_push) gay shit
DEBUG: (src/list.c :87 :List_push) gay shit
DEBUG: (src/list.c :87 :List_push) gay shit
DEBUG: (src/list.c :87 :List_push) gay shit
DEBUG: (src/list.c :87 :List_push) gay shit
DEBUG: (src/list.c :87 :List_push) gay shit
DEBUG: (src/list.c :87 :List_push) gay shit
DEBUG: (src/list.c :87 :List_push) gay shit
DEBUG: (src/list.c :87 :List_push) gay shit
DEBUG: (src/list.c :87 :List_push) gay shit
DEBUG: (src/list.c :87 :List_push) gay shit
DEBUG: (src/list.c :87 :List_push) gay shit
DEBUG: (src/list.c :87 :List_push) gay shit
DEBUG: (src/list.c :87 :List_push) gay shit
DEBUG: (src/list.c :87 :List_push) gay shit
DEBUG: (src/list.c :87 :List_push) gay shit
DEBUG: (src/list.c :87 :List_push) gay shit
DEBUG: (src/list.c :87 :List_push) gay shit
DEBUG: (src/list.c :87 :List_push) gay shit
DEBUG: (src/list.c :87 :List_push) gay shit
DEBUG: (src/list.c :87 :List_push) gay shit
DEBUG: (src/list.c :87 :List_push) gay shit
DEBUG: (src/list.c :87 :List_push) gay shit
DEBUG: (src/list.c :87 :List_push) gay shit
DEBUG: (src/list.c :87 :List_push) gay shit
DEBUG: (src/list.c :87 :List_push) gay shit
DEBUG: (src/list.c :87 :List_push) gay shit
DEBUG: (src/list.c :87 :List_push) gay shit
DEBUG: (src/list.c :87 :List_push) gay shit
DEBUG: (src/list.c :87 :List_push) gay shit
DEBUG: (src/list.c :87 :List_push) gay shit
DEBUG: (src/list.c :87 :List_push) gay shit
DEBUG: (src/list.c :87 :List_push) gay shit
DEBUG: (src/list.c :87 :List_push) gay shit
DEBUG: (src/list.c :87 :List_push) gay shit
DEBUG: (src/list.c :87 :List_push) gay shit
DEBUG: (src/list.c :87 :List_push) gay shit
DEBUG: (src/list.c :87 :List_push) gay shit
DEBUG: (src/list.c :87 :List_push) gay shit
DEBUG: (src/list.c :87 :List_push) gay shit
DEBUG: (src/list.c :87 :List_push) gay shit
DEBUG: (src/list.c :87 :List_push) gay shit
DEBUG: (src/list.c :87 :List_push) gay shit
DEBUG: (src/list.c :87 :List_push) gay shit
DEBUG: (src/list.c :87 :List_push) gay shit
DEBUG: (src/list.c :87 :List_push) gay shit
DEBUG: (src/list.c :87 :List_push) gay shit
DEBUG: (src/list.c :87 :List_push) gay shit
DEBUG: (src/list.c :87 :List_push) gay shit
DEBUG: (src/list.c :87 :List_push) gay shit
DEBUG: (src/list.c :87 :List_push) gay shit
DEBUG: (src/list.c :87 :List_push) gay shit
DEBUG: (src/list.c :87 :List_push) gay shit
DEBUG: (src/list.c :87 :List_push) gay shit
DEBUG: (src/list.c :87 :List_push) gay shit
DEBUG: (src/list.c :87 :List_push) gay shit
DEBUG: (src/list.c :87 :List_push) gay shit
DEBUG: (src/list.c :87 :List_push) gay shit
DEBUG: (src/list.c :87 :List_push) gay shit
DEBUG: (src/list.c :87 :List_push) gay shit
DEBUG: (src/list.c :87 :List_push) gay shit
DEBUG: (src/list.c :87 :List_push) gay shit
DEBUG: (src/list.c :87 :List_push) gay shit
DEBUG: (src/list.c :87 :List_push) gay shit
DEBUG: (src/list.c :87 :List_push) gay shit
DEBUG: (src/list.c :87 :List_push) gay shit
DEBUG: (src/list.c :87 :List_push) gay shit
DEBUG: (src/list.c :87 :List_push) gay shit
DEBUG: (src/list.c :87 :List_push) gay shit
DEBUG: (src/list.c :87 :List_push) gay shit
DEBUG: (src/list.c :87 :List_push) gay shit
DEBUG: (src/list.c :87 :List_push) gay shit
DEBUG: (src/list.c :87 :List_push) gay shit
DEBUG: (src/list.c :87 :List_push) gay shit
DEBUG: (src/list.c :87 :List_push) gay shit
DEBUG: (src/list.c :87 :List_push) gay shit
DEBUG: (src/list.c :87 :List_push) gay shit
DEBUG: (src/list.c :87 :List_push) gay shit
DEBUG: (src/list.c :87 :List_push) gay shit
DEBUG: (src/list.c :87 :List_push) gay shit
DEBUG: (src/list.c :87 :List_push) gay shit
DEBUG: (src/list.c :87 :List_push) gay shit
DEBUG: (src/list.c :87 :List_push) gay shit
DEBUG: (src/list.c :87 :List_push) gay shit
DEBUG: (src/list.c :87 :List_push) gay shit
DEBUG: (src/list.c :87 :List_push) gay shit
DEBUG: (src/list.c :87 :List_push) gay shit
DEBUG: (src/list.c :87 :List_push) gay shit
DEBUG: (src/list.c :87 :List_push) gay shit
DEBUG: (src/list.c :87 :List_push) gay shit
DEBUG: (src/list.c :87 :List_push) gay shit
DEBUG: (src/list.c :87 :List_push) gay shit
DEBUG: (src/list.c :87 :List_push) gay shit
DEBUG: (src/list.c :87 :List_push) gay shit
DEBUG: (src/list.c :87 :List_push) gay shit
DEBUG: (src/list.c :87 :List_push) gay shit
DEBUG: (src/list.c :87 :List_push) gay shit
DEBUG: (src/list.c :87 :List_push) gay shit
DEBUG: (src/list.c :87 :List_push) gay shit
DEBUG: (src/list.c :87 :List_push) gay shit
DEBUG: (src/list.c :87 :List_push) gay shit
DEBUG: (src/list.c :87 :List_push) gay shit
DEBUG: (src/list.c :87 :List_push) gay shit
DEBUG: (src/list.c :87 :List_push) gay shit
DEBUG: (src/list.c :87 :List_push) gay shit
DEBUG: (src/list.c :87 :List_push) gay shit
DEBUG: (src/list.c :87 :List_push) gay shit
DEBUG: (src/list.c :87 :List_push) gay shit
DEBUG: (src/list.c :87 :List_push) gay shit
DEBUG: (src/list.c :87 :List_push) gay shit
DEBUG: (src/list.c :87 :List_push) gay shit
DEBUG: (src/list.c :87 :List_push) gay shit
DEBUG: (src/list.c :87 :List_push) gay shit
DEBUG: (src/list.c :87 :List_push) gay shit
DEBUG: (src/list.c :87 :List_push) gay shit
DEBUG: (src/list.c :87 :List_push) gay shit
DEBUG: (src/list.c :87 :List_push) gay shit
DEBUG: (src/list.c :87 :List_push) gay shit
DEBUG: (src/list.c :87 :List_push) gay shit
DEBUG: (src/list.c :87 :List_push) gay shit
DEBUG: (src/list.c :87 :List_push) gay shit
DEBUG: (src/list.c :87 :List_push) gay shit
DEBUG: (src/list.c :87 :List_push) gay shit
DEBUG: (src/list.c :87 :List_push) gay shit
DEBUG: (src/list.c :87 :List_push) gay shit
DEBUG: (src/list.c :87 :List_push) gay shit
DEBUG: (src/list.c :87 :List_push) gay shit
DEBUG: (src/list.c :87 :List_push) gay shit
DEBUG: (src/list.c :87 :List_push) gay shit
DEBUG: (src/list.c :87 :List_push) gay shit
DEBUG: (src/list.c :87 :List_push) gay shit
DEBUG: (src/list.c :87 :List_push) gay shit
DEBUG: (src/list.c :87 :List_push) gay shit
DEBUG: (src/list.c :87 :List_push) gay shit
DEBUG: (src/list.c :87 :List_push) gay shit
DEBUG: (src/list.c :87 :List_push) gay shit
DEBUG: (src/list.c :87 :List_push) gay shit
DEBUG: (src/list.c :87 :List_push) gay shit
DEBUG: (src/list.c :87 :List_push) gay shit
DEBUG: (src/list.c :87 :List_push) gay shit
DEBUG: (src/list.c :87 :List_push) gay shit
DEBUG: (src/list.c :87 :List_push) gay shit
DEBUG: (src/list.c :87 :List_push) gay shit
DEBUG: (src/list.c :87 :List_push) gay shit
DEBUG: (src/list.c :87 :List_push) gay shit
DEBUG: (src/list.c :87 :List_push) gay shit
DEBUG: (src/list.c :87 :List_push) gay shit
DEBUG: (src/list.c :87 :List_push) gay shit
DEBUG: (src/list.c :87 :List_push) gay shit
DEBUG: (src/list.c :87 :List_push) gay shit
DEBUG: (src/list.c :87 :List_push) gay shit
DEBUG: (src/list.c :87 :List_push) gay shit
DEBUG: (src/list.c :87 :List_push) gay shit
DEBUG: (src/list.c :87 :List_push) gay shit
DEBUG: (src/list.c :87 :List_push) gay shit
DEBUG: (src/list.c :87 :List_push) gay shit
DEBUG: (src/list.c :87 :List_push) gay shit
DEBUG: (src/list.c :87 :List_push) gay shit
DEBUG: (src/list.c :87 :List_push) gay shit
DEBUG: (src/list.c :87 :List_push) gay shit
DEBUG: (src/list.c :87 :List_push) gay shit
DEBUG: (src/list.c :87 :List_push) gay shit
DEBUG: (src/list.c :87 :List_push) gay shit
DEBUG: (src/list.c :87 :List_push) gay shit
DEBUG: (src/list.c :87 :List_push) gay shit
DEBUG: (src/list.c :87 :List_push) gay shit
DEBUG: (src/list.c :87 :List_push) gay shit
DEBUG: (src/list.c :87 :List_push) gay shit
DEBUG: (src/list.c :87 :List_push) gay shit
DEBUG: (src/list.c :87 :List_push) gay shit
DEBUG: (src/list.c :87 :List_push) gay shit
DEBUG: (src/list.c :87 :List_push) gay shit
DEBUG: (src/list.c :87 :List_push) gay shit
DEBUG: (src/list.c :87 :List_push) gay shit
DEBUG: (src/list.c :87 :List_push) gay shit
DEBUG: (src/list.c :87 :List_push) gay shit
DEBUG: (src/list.c :87 :List_push) gay shit
DEBUG: (src/list.c :87 :List_push) gay shit
DEBUG: (src/list.c :87 :List_push) gay shit
DEBUG: (src/list.c :87 :List_push) gay shit
DEBUG: (src/list.c :87 :List_push) gay shit
DEBUG: (src/list.c :87 :List_push) gay shit
DEBUG: (src/list.c :87 :List_push) gay shit
DEBUG: (src/list.c :87 :List_push) gay shit
DEBUG: (src/list.c :87 :List_push) gay shit
DEBUG: (src/list.c :87 :List_push) gay shit
DEBUG: (src/list.c :87 :List_push) gay shit
DEBUG: (src/list.c :87 :List_push) gay shit
DEBUG: (src/list.c :87 :List_push) gay shit
DEBUG: (src/list.c :87 :List_push) gay shit
DEBUG: (src/list.c :87 :List_push) gay shit
DEBUG: (src/list.c :87 :List_push) gay shit
DEBUG: (src/list.c :87 :List_push) gay shit
DEBUG: (src/list.c :87 :List_push) gay shit
DEBUG: (src/list.c :87 :List_push) gay shit
DEBUG: (src/list.c :87 :List_push) gay shit
DEBUG: (src/list.c :87 :List_push) gay shit
DEBUG: (src/list.c :87 :List_push) gay shit
DEBUG: (src/list.c :87 :List_push) gay shit
DEBUG: (src/list.c :87 :List_push) gay shit
DEBUG: (src/list.c :87 :List_push) gay shit
DEBUG: (src/list.c :87 :List_push) gay shit
DEBUG: (src/list.c :87 :List_push) gay shit
DEBUG: (src/list.c :87 :List_push) gay shit
DEBUG: (src/list.c :87 :List_push) gay shit
DEBUG: (src/list.c :87 :List_push) gay shit
DEBUG: (src/list.c :87 :List_push) gay shit
DEBUG: (src/list.c :87 :List_push) gay shit
DEBUG: (src/list.c :87 :List_push) gay shit
DEBUG: (src/list.c :87 :List_push) gay shit
DEBUG: (src/list.c :87 :List_push) gay shit
DEBUG: (src/list.c :87 :List_push) gay shit
DEBUG: (src/list.c :87 :List_push) gay shit
DEBUG: (src/list.c :87 :List_push) gay shit
DEBUG: (src/list.c :87 :List_push) gay shit
DEBUG: (src/list.c :87 :List_push) gay shit
DEBUG: (src/list.c :87 :List_push) gay shit
DEBUG: (src/list.c :87 :List_push) gay shit
DEBUG: (src/list.c :87 :List_push) gay shit
DEBUG: (src/list.c :87 :List_push) gay shit
DEBUG: (src/list.c :87 :List_push) gay shit
DEBUG: (src/list.c :87 :List_push) gay shit
DEBUG: (src/list.c :87 :List_push) gay shit
DEBUG: (src/list.c :87 :List_push) gay shit
DEBUG: (src/list.c :87 :List_push) gay shit
DEBUG: (src/list.c :87 :List_push) gay shit
DEBUG: (src/list.c :87 :List_push) gay shit
DEBUG: (src/list.c :87 :List_push) gay shit
DEBUG: (src/list.c :87 :List_push) gay shit
DEBUG: (src/list.c :87 :List_push) gay shit
DEBUG: (src/list.c :87 :List_push) gay shit
DEBUG: (src/list.c :87 :List_push) gay shit
DEBUG: (src/list.c :87 :List_push) gay shit
DEBUG: (src/list.c :87 :List_push) gay shit
DEBUG: (src/list.c :87 :List_push) gay shit
DEBUG: (src/list.c :87 :List_push) gay shit
DEBUG: (src/list.c :87 :List_push) gay shit
DEBUG: (src/list.c :87 :List_push) gay shit
DEBUG: (src/list.c :87 :List_push) gay shit
DEBUG: (src/list.c :87 :List_push) gay shit
DEBUG: (src/list.c :87 :List_push) gay shit
DEBUG: (src/list.c :87 :List_push) gay shit
DEBUG: (src/list.c :87 :List_push) gay shit
DEBUG: (src/list.c :87 :List_push) gay shit
DEBUG: (src/list.c :87 :List_push) gay shit
DEBUG: (src/list.c :87 :List_push) gay shit
DEBUG: (src/list.c :87 :List_push) gay shit
DEBUG: (src/list.c :87 :List_push) gay shit
DEBUG: (src/list.c :87 :List_push) gay shit
DEBUG: (src/list.c :87 :List_push) gay shit
DEBUG: (src/list.c :87 :List_push) gay shit
DEBUG: (src/list.c :87 :List_push) gay shit
DEBUG: (src/list.c :87 :List_push) gay shit
DEBUG: (src/list.c :87 :List_push) gay shit
DEBUG: (src/list.c :87 :List_push) gay shit
DEBUG: (src/list.c :87 :List_push) gay shit
DEBUG: (src/list.c :87 :List_push) gay shit
DEBUG: (src/list.c :87 :List_push) gay shit
DEBUG: (src/list.c :87 :List_push) gay shit
DEBUG: (src/list.c :87 :List_push) gay shit
DEBUG: (src/list.c :87 :List_push) gay shit
DEBUG: (src/list.c :87 :List_push) gay shit
DEBUG: (src/list.c :87 :List_push) gay shit
DEBUG: (src/list.c :87 :List_push) gay shit
DEBUG: (src/list.c :87 :List_push) gay shit
DEBUG: (src/list.c :87 :List_push) gay shit
DEBUG: (src/list.c :87 :List_push) gay shit
DEBUG: (src/list.c :87 :List_push) gay shit
DEBUG: (src/list.c :87 :List_push) gay shit
DEBUG: (src/list.c :87 :List_push) gay shit
DEBUG: (src/list.c :87 :List_push) gay shit
DEBUG: (src/list.c :87 :List_push) gay shit
DEBUG: (src/list.c :87 :List_push) gay shit
DEBUG: (src/list.c :87 :List_push) gay shit
DEBUG: (src/list.c :87 :List_push) gay shit
DEBUG: (src/list.c :87 :List_push) gay shit
DEBUG: (src/list.c :87 :List_push) gay shit
DEBUG: (src/list.c :87 :List_push) gay shit
DEBUG: (src/list.c :87 :List_push) gay shit
DEBUG: (src/list.c :87 :List_push) gay shit
DEBUG: (src/list.c :87 :List_push) gay shit
DEBUG: (src/list.c :87 :List_push) gay shit
DEBUG: (src/list.c :87 :List_push) gay shit
DEBUG: (src/list.c :87 :List_push) gay shit
DEBUG: (src/list.c :87 :List_push) gay shit
DEBUG: (src/list.c :87 :List_push) gay shit
DEBUG: (src/list.c :87 :List_push) gay shit
DEBUG: (src/list.c :87 :List_push) gay shit
DEBUG: (src/list.c :87 :List_push) gay shit
DEBUG: (src/list.c :87 :List_push) gay shit
DEBUG: (src/list.c :87 :List_push) gay shit
DEBUG: (src/list.c :87 :List_push) gay shit
DEBUG: (src/list.c :87 :List_push) gay shit
DEBUG: (src/list.c :87 :List_push) gay shit
DEBUG: (src/list.c :87 :List_push) gay shit
DEBUG: (src/list.c :87 :List_push) gay shit
DEBUG: (src/list.c :87 :List_push) gay shit
DEBUG: (src/list.c :87 :List_push) gay shit
DEBUG: (src/list.c :87 :List_push) gay shit
DEBUG: (src/list.c :87 :List_push) gay shit
DEBUG: (src/list.c :87 :List_push) gay shit
DEBUG: (src/list.c :87 :List_push) gay shit
DEBUG: (src/list.c :87 :List_push) gay shit
DEBUG: (src/list.c :87 :List_push) gay shit
DEBUG: (src/list.c :87 :List_push) gay shit
DEBUG: (src/list.c :87 :List_push) gay shit
DEBUG: (src/list.c :87 :List_push) gay shit
DEBUG: (src/list.c :87 :List_push) gay shit
DEBUG: (src/list.c :87 :List_push) gay shit
DEBUG: (src/list.c :87 :List_push) gay shit
DEBUG: (src/list.c :87 :List_push) gay shit
DEBUG: (src/list.c :87 :List_push) gay shit
DEBUG: (src/list.c :87 :List_push) gay shit
DEBUG: (src/list.c :87 :List_push) gay shit
DEBUG: (src/list.c :87 :List_push) gay shit
DEBUG: (src/list.c :87 :List_push) gay shit
DEBUG: (src/list.c :87 :List_push) gay shit
DEBUG: (src/list.c :87 :List_push) gay shit
DEBUG: (src/list.c :87 :List_push) gay shit
DEBUG: (src/list.c :87 :List_push) gay shit
DEBUG: (src/list.c :87 :List_push) gay shit
DEBUG: (src/list.c :87 :List_push) gay shit
DEBUG: (src/list.c :87 :List_push) gay shit
DEBUG: (src/list.c :87 :List_push) gay shit
DEBUG: (src/list.c :87 :List_push) gay shit
DEBUG: (src/list.c :87 :List_push) gay shit
DEBUG: (src/list.c :87 :List_push) gay shit
DEBUG: (src/list.c :87 :List_push) gay shit
DEBUG: (src/list.c :87 :List_push) gay shit
DEBUG: (src/list.c :87 :List_push) gay shit
DEBUG: (src/list.c :87 :List_push) gay shit
DEBUG: (src/list.c :87 :List_push) gay shit
DEBUG: (src/list.c :87 :List_push) gay shit
DEBUG: (src/list.c :87 :List_push) gay shit
DEBUG: (src/list.c :87 :List_push) gay shit
DEBUG: (src/list.c :87 :List_push) gay shit
DEBUG: (src/list.c :87 :List_push) gay shit
DEBUG: (src/list.c :87 :List_push) gay shit
DEBUG: (src/list.c :87 :List_push) gay shit
DEBUG: (src/list.c :87 :List_push) gay shit
DEBUG: (src/list.c :87 :List_push) gay shit
DEBUG: (src/list.c :87 :List_push) gay shit
DEBUG: (src/list.c :87 :List_push) gay shit
DEBUG: (src/list.c :87 :List_push) gay shit
DEBUG: (src/list.c :87 :List_push) gay shit
DEBUG: (src/list.c :87 :List_push) gay shit
DEBUG: (src/list.c :87 :List_push) gay shit
DEBUG: (src/list.c :87 :List_push) gay shit
DEBUG: (src/list.c :87 :List_push) gay shit
DEBUG: (src/list.c :87 :List_push) gay shit
DEBUG: (src/list.c :87 :List_push) gay shit
DEBUG: (src/list.c :87 :List_push) gay shit
DEBUG: (src/list.c :87 :List_push) gay shit
DEBUG: (src/list.c :87 :List_push) gay shit
DEBUG: (src/list.c :87 :List_push) gay shit
DEBUG: (src/list.c :87 :List_push) gay shit
DEBUG: (src/list.c :87 :List_push) gay shit
DEBUG: (src/list.c :87 :List_push) gay shit
DEBUG: (src/list.c :87 :List_push) gay shit
DEBUG: (src/list.c :87 :List_push) gay shit
DEBUG: (src/list.c :87 :List_push) gay shit
DEBUG: (src/list.c :87 :List_push) gay shit
DEBUG: (src/list.c :87 :List_push) gay shit
DEBUG: (src/list.c :87 :List_push) gay shit
DEBUG: (src/list.c :87 :List_push) gay shit
DEBUG: (src/list.c :87 :List_push) gay shit
DEBUG: (src/list.c :87 :List_push) gay shit
DEBUG: (src/list.c :87 :List_push) gay shit
DEBUG: (src/list.c :87 :List_push) gay shit
DEBUG: (src/list.c :87 :List_push) gay shit
DEBUG: (src/list.c :87 :List_push) gay shit
DEBUG: (src/list.c :87 :List_push) gay shit
DEBUG: (src/list.c :87 :List_push) gay shit
DEBUG: (src/list.c :87 :List_push) gay shit
DEBUG: (src/list.c :87 :List_push) gay shit
DEBUG: (src/list.c :87 :List_push) gay shit
DEBUG: (src/list.c :87 :List_push) gay shit
DEBUG: (src/list.c :87 :List_push) gay shit
DEBUG: (src/list.c :87 :List_push) gay shit
DEBUG: (src/list.c :87 :List_push) gay shit
DEBUG: (src/list.c :87 :List_push) gay shit
DEBUG: (src/list.c :87 :List_push) gay shit
DEBUG: (src/list.c :87 :List_push) gay shit
DEBUG: (src/list.c :87 :List_push) gay shit
DEBUG: (src/list.c :87 :List_push) gay shit
DEBUG: (src/list.c :87 :List_push) gay shit
DEBUG: (src/list.c :87 :List_push) gay shit
DEBUG: (src/list.c :87 :List_push) gay shit
DEBUG: (src/list.c :87 :List_push) gay shit
DEBUG: (src/list.c :87 :List_push) gay shit
DEBUG: (src/list.c :87 :List_push) gay shit
DEBUG: (src/list.c :87 :List_push) gay shit
DEBUG: (src/list.c :87 :List_push) gay shit
DEBUG: (src/list.c :87 :List_push) gay shit
DEBUG: (src/list.c :87 :List_push) gay shit
DEBUG: (src/list.c :87 :List_push) gay shit
DEBUG: (src/list.c :87 :List_push) gay shit
DEBUG: (src/list.c :87 :List_push) gay shit
DEBUG: (src/list.c :87 :List_push) gay shit
DEBUG: (src/list.c :87 :List_push) gay shit
DEBUG: (src/list.c :87 :List_push) gay shit
DEBUG: (src/list.c :87 :List_push) gay shit
DEBUG: (src/list.c :87 :List_push) gay shit
DEBUG: (src/list.c :87 :List_push) gay shit
DEBUG: (src/list.c :87 :List_push) gay shit
DEBUG: (src/list.c :87 :List_push) gay shit
DEBUG: (src/list.c :87 :List_push) gay shit
DEBUG: (src/list.c :87 :List_push) gay shit
DEBUG: (src/list.c :87 :List_push) gay shit
DEBUG: (src/list.c :87 :List_push) gay shit
DEBUG: (src/list.c :87 :List_push) gay shit
DEBUG: (src/list.c :87 :List_push) gay shit
DEBUG: (src/list.c :87 :List_push) gay shit
DEBUG: (src/list.c :87 :List_push) gay shit
DEBUG: (src/list.c :87 :List_push) gay shit
DEBUG: (src/list.c :87 :List_push) gay shit
DEBUG: (src/list.c :87 :List_push) gay shit
DEBUG: (src/list.c :87 :List_push) gay shit
DEBUG: (src/list.c :87 :List_push) gay shit
DEBUG: (src/list.c :87 :List_push) gay shit
DEBUG: (src/list.c :87 :List_push) gay shit
DEBUG: (src/list.c :87 :List_push) gay shit
DEBUG: (src/list.c :87 :List_push) gay shit
DEBUG: (src/list.c :87 :List_push) gay shit
DEBUG: (src/list.c :87 :List_push) gay shit
DEBUG: (src/list.c :87 :List_push) gay shit
DEBUG: (src/list.c :87 :List_push) gay shit
DEBUG: (src/list.c :87 :List_push) gay shit
DEBUG: (src/list.c :87 :List_push) gay shit
DEBUG: (src/list.c :87 :List_push) gay shit
DEBUG: (src/list.c :87 :List_push) gay shit
DEBUG: (src/list.c :87 :List_push) gay shit
DEBUG: (src/list.c :87 :List_push) gay shit
DEBUG: (src/list.c :87 :List_push) gay shit
DEBUG: (src/list.c :87 :List_push) gay shit
DEBUG: (src/list.c :87 :List_push) gay shit
DEBUG: (src/list.c :87 :List_push) gay shit
DEBUG: (src/list.c :87 :List_push) gay shit
DEBUG: (src/list.c :87 :List_push) gay shit
DEBUG: (src/list.c :87 :List_push) gay shit
DEBUG: (src/list.c :87 :List_push) gay shit
DEBUG: (src/list.c :87 :List_push) gay shit
DEBUG: (src/list.c :87 :List_push) gay shit
DEBUG: (src/list.c :87 :List_push) gay shit
DEBUG: (src/list.c :87 :List_push) gay shit
DEBUG: (src/list.c :87 :List_push) gay shit
DEBUG: (src/list.c :87 :List_push) gay shit
DEBUG: (src/list.c :87 :List_push) gay shit
DEBUG: (src/list.c :87 :List_push) gay shit
DEBUG: (src/list.c :87 :List_push) gay shit
DEBUG: (src/list.c :87 :List_push) gay shit
DEBUG: (src/list.c :87 :List_push) gay shit
DEBUG: (src/list.c :87 :List_push) gay shit
DEBUG: (src/list.c :87 :List_push) gay shit
DEBUG: (src/list.c :87 :List_push) gay shit
DEBUG: (src/list.c :87 :List_push) gay shit
DEBUG: (src/list.c :87 :List_push) gay shit
DEBUG: (src/list.c :87 :List_push) gay shit
DEBUG: (src/list.c :87 :List_push) gay shit
DEBUG: (src/list.c :87 :List_push) gay shit
DEBUG: (src/list.c :87 :List_push) gay shit
DEBUG: (src/list.c :87 :List_push) gay shit
DEBUG: (src/list.c :87 :List_push) gay shit
DEBUG: (src/list.c :87 :List_push) gay shit
DEBUG: (src/list.c :87 :List_push) gay shit
DEBUG: (src/list.c :87 :List_push) gay shit
DEBUG: (src/list.c :87 :List_push) gay shit
DEBUG: (src/list.c :87 :List_push) gay shit
DEBUG: (src/list.c :87 :List_push) gay shit
DEBUG: (src/list.c :87 :List_push) gay shit
DEBUG: (src/list.c :87 :List_push) gay shit
DEBUG: (src/list.c :87 :List_push) gay shit
DEBUG: (src/list.c :87 :List_push) gay shit
DEBUG: (src/list.c :87 :List_push) gay shit
DEBUG: (src/list.c :87 :List_push) gay shit
DEBUG: (src/list.c :87 :List_push) gay shit
DEBUG: (src/list.c :87 :List_push) gay shit
DEBUG: (src/list.c :87 :List_push) gay shit
DEBUG: (src/list.c :87 :List_push) gay shit
DEBUG: (src/list.c :87 :List_push) gay shit
DEBUG: (src/list.c :87 :List_push) gay shit
DEBUG: (src/list.c :87 :List_push) gay shit
DEBUG: (src/list.c :87 :List_push) gay shit
DEBUG: (src/list.c :87 :List_push) gay shit
DEBUG: (src/list.c :87 :List_push) gay shit
DEBUG: (src/list.c :87 :List_push) gay shit
DEBUG: (src/list.c :87 :List_push) gay shit
DEBUG: (src/list.c :87 :List_push) gay shit
DEBUG: (src/list.c :87 :List_push) gay shit
DEBUG: (src/list.c :87 :List_push) gay shit
DEBUG: (src/list.c :87 :List_push) gay shit
DEBUG: (src/list.c :87 :List_push) gay shit
DEBUG: (src/list.c :87 :List_push) gay shit
DEBUG: (src/list.c :87 :List_push) gay shit
DEBUG: (src/list.c :87 :List_push) gay shit
DEBUG: (src/list.c :87 :List_push) gay shit
DEBUG: (src/list.c :87 :List_push) gay shit
DEBUG: (src/list.c :87 :List_push) gay shit
DEBUG: (src/list.c :87 :List_push) gay shit
DEBUG: (src/list.c :87 :List_push) gay shit
DEBUG: (src/list.c :87 :List_push) gay shit
DEBUG: (src/list.c :87 :List_push) gay shit
DEBUG: (src/list.c :87 :List_push) gay shit
DEBUG: (src/list.c :87 :List_push) gay shit
DEBUG: (src/list.c :87 :List_push) gay shit
DEBUG: (src/list.c :87 :List_push) gay shit
DEBUG: (src/list.c :87 :List_push) gay shit
DEBUG: (src/list.c :87 :List_push) gay shit
DEBUG: (src/list.c :87 :List_push) gay shit
DEBUG: (src/list.c :87 :List_push) gay shit
DEBUG: (src/list.c :87 :List_push) gay shit
DEBUG: (src/list.c :87 :List_push) gay shit
DEBUG: (src/list.c :87 :List_push) gay shit
DEBUG: (src/list.c :87 :List_push) gay shit
DEBUG: (src/list.c :87 :List_push) gay shit
DEBUG: (src/list.c :87 :List_push) gay shit
DEBUG: (src/list.c :87 :List_push) gay shit
DEBUG: (src/list.c :87 :List_push) gay shit
DEBUG: (src/list.c :87 :List_push) gay shit
DEBUG: (src/list.c :87 :List_push) gay shit
DEBUG: (src/list.c :87 :List_push) gay shit
DEBUG: (src/list.c :87 :List_push) gay shit
DEBUG: (src/list.c :87 :List_push) gay shit
DEBUG: (src/list.c :87 :List_push) gay shit
DEBUG: (src/list.c :87 :List_push) gay shit
DEBUG: (src/list.c :87 :List_push) gay shit
DEBUG: (src/list.c :87 :List_push) gay shit
DEBUG: (src/list.c :87 :List_push) gay shit
DEBUG: (src/list.c :87 :List_push) gay shit
DEBUG: (src/list.c :87 :List_push) gay shit
DEBUG: (src/list.c :87 :List_push) gay shit
DEBUG: (src/list.c :87 :List_push) gay shit
DEBUG: (src/list.c :87 :List_push) gay shit
DEBUG: (src/list.c :87 :List_push) gay shit
DEBUG: (src/list.c :87 :List_push) gay shit
DEBUG: (src/list.c :87 :List_push) gay shit
DEBUG: (src/list.c :87 :List_push) gay shit
DEBUG: (src/list.c :87 :List_push) gay shit
DEBUG: (src/list.c :87 :List_push) gay shit
DEBUG: (src/list.c :87 :List_push) gay shit
DEBUG: (src/list.c :87 :List_push) gay shit
DEBUG: (src/list.c :87 :List_push) gay shit
DEBUG: (src/list.c :87 :List_push) gay shit
DEBUG: (src/list.c :87 :List_push) gay shit
DEBUG: (src/list.c :87 :List_push) gay shit
DEBUG: (src/list.c :87 :List_push) gay shit
DEBUG: (src/list.c :87 :List_push) gay shit
DEBUG: (src/list.c :87 :List_push) gay shit
DEBUG: (src/list.c :87 :List_push) gay shit
DEBUG: (src/list.c :87 :List_push) gay shit
DEBUG: (src/list.c :87 :List_push) gay shit
DEBUG: (src/list.c :87 :List_push) gay shit
DEBUG: (src/list.c :87 :List_push) gay shit
DEBUG: (src/list.c :87 :List_push) gay shit
DEBUG: (src/list.c :87 :List_push) gay shit
DEBUG: (src/list.c :87 :List_push) gay shit
DEBUG: (src/list.c :87 :List_push) gay shit
DEBUG: (src/list.c :87 :List_push) gay shit
DEBUG: (src/list.c :87 :List_push) gay shit
DEBUG: (src/list.c :87 :List_push) gay shit
DEBUG: (src/list.c :87 :List_push) gay shit
DEBUG: (src/list.c :87 :List_push) gay shit
DEBUG: (src/list.c :87 :List_push) gay shit
DEBUG: (src/list.c :87 :List_push) gay shit
DEBUG: (src/list.c :87 :List_push) gay shit
DEBUG: (src/list.c :87 :List_push) gay shit
DEBUG: (src/list.c :87 :List_push) gay shit
DEBUG: (src/list.c :87 :List_push) gay shit
DEBUG: (src/list.c :87 :List_push) gay shit
DEBUG: (src/list.c :87 :List_push) gay shit
DEBUG: (src/list.c :87 :List_push) gay shit
DEBUG: (src/list.c :87 :List_push) gay shit
DEBUG: (src/list.c :87 :List_push) gay shit
DEBUG: (src/list.c :87 :List_push) gay shit
DEBUG: (src/list.c :87 :List_push) gay shit
DEBUG: (src/list.c :87 :List_push) gay shit
DEBUG: (src/list.c :87 :List_push) gay shit
DEBUG: (src/list.c :87 :List_push) gay shit
DEBUG: (src/list.c :87 :List_push) gay shit
DEBUG: (src/list.c :87 :List_push) gay shit
DEBUG: (src/list.c :87 :List_push) gay shit
DEBUG: (src/list.c :87 :List_push) gay shit
DEBUG: (src/list.c :87 :List_push) gay shit
DEBUG: (src/list.c :87 :List_push) gay shit
DEBUG: (src/list.c :87 :List_push) gay shit
DEBUG: (src/list.c :87 :List_push) gay shit
DEBUG: (src/list.c :87 :List_push) gay shit
DEBUG: (src/list.c :87 :List_push) gay shit
DEBUG: (src/list.c :87 :List_push) gay shit
DEBUG: (src/list.c :87 :List_push) gay shit
DEBUG: (src/list.c :87 :List_push) gay shit
DEBUG: (src/list.c :87 :List_push) gay shit
DEBUG: (src/list.c :87 :List_push) gay shit
DEBUG: (src/list.c :87 :List_push) gay shit
DEBUG: (src/list.c :87 :List_push) gay shit
DEBUG: (src/list.c :87 :List_push) gay shit
DEBUG: (src/list.c :87 :List_push) gay shit
DEBUG: (src/list.c :87 :List_push) gay shit
DEBUG: (src/list.c :87 :List_push) gay shit
DEBUG: (src/list.c :87 :List_push) gay shit
DEBUG: (src/list.c :87 :List_push) gay shit
DEBUG: (src/list.c :87 :List_push) gay shit
DEBUG: (src/list.c :87 :List_push) gay shit
DEBUG: (src/list.c :87 :List_push) gay shit
DEBUG: (src/list.c :87 :List_push) gay shit
DEBUG: (src/list.c :87 :List_push) gay shit
DEBUG: (src/list.c :87 :List_push) gay shit
DEBUG: (src/list.c :87 :List_push) gay shit
DEBUG: (src/list.c :87 :List_push) gay shit
DEBUG: (src/list.c :87 :List_push) gay shit
DEBUG: (src/list.c :87 :List_push) gay shit
DEBUG: (src/list.c :87 :List_push) gay shit
DEBUG: (src/list.c :87 :List_push) gay shit
DEBUG: (src/list.c :87 :List_push) gay shit
DEBUG: (src/list.c :87 :List_push) gay shit
DEBUG: (src/list.c :87 :List_push) gay shit
DEBUG: (src/list.c :87 :List_push) gay shit
DEBUG: (src/list.c :87 :List_push) gay shit
DEBUG: (src/list.c :87 :List_push) gay shit
DEBUG: (src/list.c :87 :List_push) gay shit
DEBUG: (src/list.c :87 :List_push) gay shit
DEBUG: (src/list.c :87 :List_push) gay shit
DEBUG: (src/list.c :87 :List_push) gay shit
DEBUG: (src/list.c :87 :List_push) gay shit
DEBUG: (src/list.c :87 :List_push) gay shit
DEBUG: (src/list.c :87 :List_push) gay shit
DEBUG: (src/list.c :87 :List_push) gay shit
DEBUG: (src/list.c :87 :List_push) gay shit
DEBUG: (src/list.c :87 :List_push) gay shit
DEBUG: (src/list.c :87 :List_push) gay shit
DEBUG: (src/list.c :87 :List_push) gay shit
DEBUG: (src/list.c :87 :List_push) gay shit
DEBUG: (src/list.c :87 :List_push) gay shit
DEBUG: (src/list.c :87 :List_push) gay shit
DEBUG: (src/list.c :87 :List_push) gay shit
DEBUG: (src/list.c :87 :List_push) gay shit
DEBUG: (src/list.c :87 :List_push) gay shit
DEBUG: (src/list.c :87 :List_push) gay shit
DEBUG: (src/list.c :87 :List_push) gay shit
DEBUG: (src/list.c :87 :List_push) gay shit
DEBUG: (src/list.c :87 :List_push) gay shit
DEBUG: (src/list.c :87 :List_push) gay shit
DEBUG: (src/list.c :87 :List_push) gay shit
DEBUG: (src/list.c :87 :List_push) gay shit
DEBUG: (src/list.c :87 :List_push) gay shit
DEBUG: (src/list.c :87 :List_push) gay shit
DEBUG: (src/list.c :87 :List_push) gay shit
DEBUG: (src/list.c :87 :List_push) gay shit
DEBUG: (src/list.c :87 :List_push) gay shit
DEBUG: (src/list.c :87 :List_push) gay shit
DEBUG: (src/list.c :87 :List_push) gay shit
DEBUG: (src/list.c :87 :List_push) gay shit
DEBUG: (src/list.c :87 :List_push) gay shit
DEBUG: (src/list.c :87 :List_push) gay shit
DEBUG: (src/list.c :87 :List_push) gay shit
DEBUG: (src/list.c :87 :List_push) gay shit
DEBUG: (src/list.c :87 :List_push) gay shit
DEBUG: (src/list.c :87 :List_push) gay shit
DEBUG: (src/list.c :87 :List_push) gay shit
DEBUG: (src/list.c :87 :List_push) gay shit
DEBUG: (src/list.c :87 :List_push) gay shit
DEBUG: (src/list.c :87 :List_push) gay shit
DEBUG: (src/list.c :87 :List_push) gay shit
DEBUG: (src/list.c :87 :List_push) gay shit
DEBUG: (src/list.c :87 :List_push) gay shit
DEBUG: (src/list.c :87 :List_push) gay shit
DEBUG: (src/list.c :87 :List_push) gay shit
DEBUG: (src/list.c :87 :List_push) gay shit
DEBUG: (src/list.c :87 :List_push) gay shit
DEBUG: (src/list.c :87 :List_push) gay shit
DEBUG: (src/list.c :87 :List_push) gay shit
DEBUG: (src/list.c :87 :List_push) gay shit
DEBUG: (src/list.c :87 :List_push) gay shit
DEBUG: (src/list.c :87 :List_push) gay shit
DEBUG: (src/list.c :87 :List_push) gay shit
DEBUG: (src/list.c :87 :List_push) gay shit
DEBUG: (src/list.c :87 :List_push) gay shit
DEBUG: (src/list.c :87 :List_push) gay shit
DEBUG: (src/list.c :87 :List_push) gay shit
DEBUG: (src/list.c :87 :List_push) gay shit
DEBUG: (src/list.c :87 :List_push) gay shit
DEBUG: (src/list.c :87 :List_push) gay shit
DEBUG: (src/list.c :87 :List_push) gay shit
DEBUG: (src/list.c :87 :List_push) gay shit
DEBUG: (src/list.c :87 :List_push) gay shit
DEBUG: (src/list.c :87 :List_push) gay shit
DEBUG: (src/list.c :87 :List_push) gay shit
DEBUG: (src/list.c :87 :List_push) gay shit
DEBUG: (src/list.c :87 :List_push) gay shit
DEBUG: (src/list.c :87 :List_push) gay shit
DEBUG: (src/list.c :87 :List_push) gay shit
DEBUG: (src/list.c :87 :List_push) gay shit
DEBUG: (src/list.c :87 :List_push) gay shit
DEBUG: (src/list.c :87 :List_push) gay shit
DEBUG: (src/list.c :87 :List_push) gay shit
DEBUG: (src/list.c :87 :List_push) gay shit
DEBUG: (src/list.c :87 :List_push) gay shit
DEBUG: (src/list.c :87 :List_push) gay shit
DEBUG: (src/list.c :87 :List_push) gay shit
DEBUG: (src/list.c :87 :List_push) gay shit
DEBUG: (src/list.c :87 :List_push) gay shit
DEBUG: (src/list.c :87 :List_push) gay shit
DEBUG: (src/list.c :87 :List_push) gay shit
DEBUG: (src/list.c :87 :List_push) gay shit
DEBUG: (src/list.c :87 :List_push) gay shit
DEBUG: (src/list.c :87 :List_push) gay shit
DEBUG: (src/list.c :87 :List_push) gay shit
DEBUG: (src/list.c :87 :List_push) gay shit
DEBUG: (src/list.c :87 :List_push) gay shit
DEBUG: (src/list.c :87 :List_push) gay shit
DEBUG: (src/list.c :87 :List_push) gay shit
DEBUG: (src/list.c :87 :List_push) gay shit
DEBUG: (src/list.c :87 :List_push) gay shit
DEBUG: (src/list.c :87 :List_push) gay shit
DEBUG: (src/list.c :87 :List_push) gay shit
DEBUG: (src/list.c :87 :List_push) gay shit
DEBUG: (src/list.c :87 :List_push) gay shit
DEBUG: (src/list.c :87 :List_push) gay shit
DEBUG: (src/list.c :87 :List_push) gay shit
DEBUG: (src/list.c :87 :List_push) gay shit
DEBUG: (src/list.c :87 :List_push) gay shit
DEBUG: (src/list.c :87 :List_push) gay shit
DEBUG: (src/list.c :87 :List_push) gay shit
DEBUG: (src/list.c :87 :List_push) gay shit
DEBUG: (src/list.c :87 :List_push) gay shit
DEBUG: (src/list.c :87 :List_push) gay shit
DEBUG: (src/list.c :87 :List_push) gay shit
DEBUG: (src/list.c :87 :List_push) gay shit
DEBUG: (src/list.c :87 :List_push) gay shit
DEBUG: (src/list.c :87 :List_push) gay shit
DEBUG: (src/list.c :87 :List_push) gay shit
DEBUG: (src/list.c :87 :List_push) gay shit
DEBUG: (src/list.c :87 :List_push) gay shit
DEBUG: (src/list.c :87 :List_push) gay shit
DEBUG: (src/list.c :87 :List_push) gay shit
DEBUG: (src/list.c :87 :List_push) gay shit
DEBUG: (src/list.c :87 :List_push) gay shit
DEBUG: (src/list.c :87 :List_push) gay shit
DEBUG: (src/list.c :87 :List_push) gay shit
DEBUG: (src/list.c :87 :List_push) gay shit
DEBUG: (src/list.c :87 :List_push) gay shit
DEBUG: (src/list.c :87 :List_push) gay shit
DEBUG: (src/list.c :87 :List_push) gay shit
DEBUG: (src/list.c :87 :List_push) gay shit
DEBUG: (src/list.c :87 :List_push) gay shit
DEBUG: (src/list.c :87 :List_push) gay shit
DEBUG: (src/list.c :87 :List_push) gay shit
DEBUG: (src/list.c :87 :List_push) gay shit
DEBUG: (src/list.c :87 :List_push) gay shit
DEBUG: (src/list.c :87 :List_push) gay shit
DEBUG: (src/list.c :87 :List_push) gay shit
DEBUG: (src/list.c :87 :List_push) gay shit
DEBUG: (src/list.c :87 :List_push) gay shit
DEBUG: (src/list.c :87 :List_push) gay shit
DEBUG: (src/list.c :87 :List_push) gay shit
DEBUG: (src/list.c :87 :List_push) gay shit
DEBUG: (src/list.c :87 :List_push) gay shit
DEBUG: (src/list.c :87 :List_push) gay shit
DEBUG: (src/list.c :87 :List_push) gay shit
DEBUG: (src/list.c :87 :List_push) gay shit
DEBUG: (src/list.c :87 :List_push) gay shit
DEBUG: (src/list.c :87 :List_push) gay shit
DEBUG: (src/list.c :87 :List_push) gay shit
DEBUG: (src/list.c :87 :List_push) gay shit
DEBUG: (src/list.c :87 :List_push) gay shit
DEBUG: (src/list.c :87 :List_push) gay shit
DEBUG: (src/list.c :87 :List_push) gay shit
DEBUG: (src/list.c :87 :List_push) gay shit
DEBUG: (src/list.c :87 :List_push) gay shit
DEBUG: (src/list.c :87 :List_push) gay shit
DEBUG: (src/list.c :87 :List_push) gay shit
DEBUG: (src/list.c :87 :List_push) gay shit
DEBUG: (src/list.c :87 :List_push) gay shit
DEBUG: (src/list.c :87 :List_push) gay shit
DEBUG: (src/list.c :87 :List_push) gay shit
DEBUG: (src/list.c :87 :List_push) gay shit
DEBUG: (src/list.c :87 :List_push) gay shit
DEBUG: (src/list.c :87 :List_push) gay shit
DEBUG: (src/list.c :87 :List_push) gay shit
DEBUG: (src/list.c :87 :List_push) gay shit
DEBUG: (src/list.c :87 :List_push) gay shit
DEBUG: (src/list.c :87 :List_push) gay shit
DEBUG: (src/list.c :87 :List_push) gay shit
DEBUG: (src/list.c :87 :List_push) gay shit
DEBUG: (src/list.c :87 :List_push) gay shit
DEBUG: (src/list.c :87 :List_push) gay shit
DEBUG: (src/list.c :87 :List_push) gay shit
DEBUG: (src/list.c :87 :List_push) gay shit
DEBUG: (src/list.c :87 :List_push) gay shit
DEBUG: (src/list.c :87 :List_push) gay shit
DEBUG: (src/list.c :87 :List_push) gay shit
DEBUG: (src/list.c :87 :List_push) gay shit
DEBUG: (src/list.c :87 :List_push) gay shit
DEBUG: (src/list.c :87 :List_push) gay shit
DEBUG: (src/list.c :87 :List_push) gay shit
DEBUG: (src/list.c :87 :List_push) gay shit
DEBUG: (src/list.c :87 :List_push) gay shit
DEBUG: (src/list.c :87 :List_push) gay shit
DEBUG: (src/list.c :87 :List_push) gay shit
DEBUG: (src/list.c :87 :List_push) gay shit
DEBUG: (src/list.c :87 :List_push) gay shit
DEBUG: (src/list.c :87 :List_push) gay shit
DEBUG: (src/list.c :87 :List_push) gay shit
DEBUG: (src/list.c :87 :List_push) gay shit
DEBUG: (src/list.c :87 :List_push) gay shit
DEBUG: (src/list.c :87 :List_push) gay shit
DEBUG: (src/list.c :87 :List_push) gay shit
DEBUG: (src/list.c :87 :List_push) gay shit
DEBUG: (src/list.c :87 :List_push) gay shit
DEBUG: (src/list.c :87 :List_push) gay shit
DEBUG: (src/list.c :87 :List_push) gay shit
DEBUG: (src/list.c :87 :List_push) gay shit
DEBUG: (src/list.c :87 :List_push) gay shit
DEBUG: (src/list.c :87 :List_push) gay shit
DEBUG: (src/list.c :87 :List_push) gay shit
DEBUG: (src/list.c :87 :List_push) gay shit
DEBUG: (src/list.c :87 :List_push) gay shit
DEBUG: (src/list.c :87 :List_push) gay shit
DEBUG: (src/list.c :87 :List_push) gay shit
DEBUG: (src/list.c :87 :List_push) gay shit
DEBUG: (src/list.c :87 :List_push) gay shit
DEBUG: (src/list.c :87 :List_push) gay shit
DEBUG: (src/list.c :87 :List_push) gay shit
DEBUG: (src/list.c :87 :List_push) gay shit
DEBUG: (src/list.c :87 :List_push) gay shit
DEBUG: (src/list.c :87 :List_push) gay shit
DEBUG: (src/list.c :87 :List_push) gay shit
DEBUG: (src/list.c :87 :List_push) gay shit
DEBUG: (src/list.c :87 :List_push) gay shit
DEBUG: (src/list.c :87 :List_push) gay shit
DEBUG: (src/list.c :87 :List_push) gay shit
DEBUG: (src/list.c :87 :List_push) gay shit
DEBUG: (src/list.c :87 :List_push) gay shit
DEBUG: (src/list.c :87 :List_push) gay shit
DEBUG: (src/list.c :87 :List_push) gay shit
DEBUG: (src/list.c :87 :List_push) gay shit
DEBUG: (src/list.c :87 :List_push) gay shit
DEBUG: (src/list.c :87 :List_push) gay shit
DEBUG: (src/list.c :87 :List_push) gay shit
DEBUG: (src/list.c :87 :List_push) gay shit
DEBUG: (src/list.c :87 :List_push) gay shit
DEBUG: (src/list.c :87 :List_push) gay shit
DEBUG: (src/list.c :87 :List_push) gay shit
DEBUG: (src/list.c :87 :List_push) gay shit
DEBUG: (src/list.c :87 :List_push) gay shit
DEBUG: (src/list.c :87 :List_push) gay shit
DEBUG: (src/list.c :87 :List_push) gay shit
DEBUG: (src/list.c :87 :List_push) gay shit
DEBUG: (src/list.c :87 :List_push) gay shit
DEBUG: (src/list.c :87 :List_push) gay shit
DEBUG: (src/list.c :87 :List_push) gay shit
DEBUG: (src/list.c :87 :List_push) gay shit
DEBUG: (src/list.c :87 :List_push) gay shit
DEBUG: (src/list.c :87 :List_push) gay shit
DEBUG: (src/list.c :87 :List_push) gay shit
DEBUG: (src/list.c :87 :List_push) gay shit
DEBUG: (src/list.c :87 :List_push) gay shit
DEBUG: (src/list.c :87 :List_push) gay shit
DEBUG: (src/list.c :87 :List_push) gay shit
DEBUG: (src/list.c :87 :List_push) gay shit
DEBUG: (src/list.c :87 :List_push) gay shit
DEBUG: (src/list.c :87 :List_push) gay shit
DEBUG: (src/list.c :87 :List_push) gay shit
DEBUG: (src/list.c :87 :List_push) gay shit
DEBUG: (src/list.c :87 :List_push) gay shit
DEBUG: (src/list.c :87 :List_push) gay shit
DEBUG: (src/list.c :87 :List_push) gay shit
DEBUG: (src/list.c :87 :List_push) gay shit
DEBUG: (src/list.c :87 :List_push) gay shit
DEBUG: (src/list.c :87 :List_push) gay shit
DEBUG: (src/list.c :87 :List_push) gay shit
DEBUG: (src/list.c :87 :List_push) gay shit
DEBUG: (src/list.c :87 :List_push) gay shit
DEBUG: (src/list.c :87 :List_push) gay shit
DEBUG: (src/list.c :87 :List_push) gay shit
DEBUG: (src/list.c :87 :List_push) gay shit
DEBUG: (src/list.c :87 :List_push) gay shit
DEBUG: (src/list.c :87 :List_push) gay shit
DEBUG: (src/list.c :87 :List_push) gay shit
DEBUG: (src/list.c :87 :List_push) gay shit
DEBUG: (src/list.c :87 :List_push) gay shit
DEBUG: (src/list.c :87 :List_push) gay shit
DEBUG: (src/list.c :87 :List_push) gay shit
DEBUG: (src/list.c :87 :List_push) gay shit
DEBUG: (src/list.c :87 :List_push) gay shit
DEBUG: (src/list.c :87 :List_push) gay shit
DEBUG: (src/list.c :87 :List_push) gay shit
DEBUG: (src/list.c :87 :List_push) gay shit
DEBUG: (src/list.c :87 :List_push) gay shit
DEBUG: (src/list.c :87 :List_push) gay shit
DEBUG: (src/list.c :87 :List_push) gay shit
DEBUG: (src/list.c :87 :List_push) gay shit
DEBUG: (src/list.c :87 :List_push) gay shit
DEBUG: (src/list.c :87 :List_push) gay shit
DEBUG: (src/list.c :87 :List_push) gay shit
DEBUG: (src/list.c :87 :List_push) gay shit
DEBUG: (src/list.c :87 :List_push) gay shit
DEBUG: (src/list.c :87 :List_push) gay shit
DEBUG: (src/list.c :87 :List_push) gay shit
DEBUG: (src/list.c :87 :List_push) gay shit
DEBUG: (src/list.c :87 :List_push) gay shit
DEBUG: (src/list.c :87 :List_push) gay shit
DEBUG: (src/list.c :87 :List_push) gay shit
DEBUG: (src/list.c :87 :List_push) gay shit
DEBUG: (src/list.c :87 :List_push) gay shit
DEBUG: (src/list.c :87 :List_push) gay shit
DEBUG: (src/list.c :87 :List_push) gay shit
DEBUG: (src/list.c :87 :List_push) gay shit
DEBUG: (src/list.c :87 :List_push) gay shit
DEBUG: (src/list.c :87 :List_push) gay shit
DEBUG: (src/list.c :87 :List_push) gay shit
DEBUG: (src/list.c :87 :List_push) gay shit
DEBUG: (src/list.c :87 :List_push) gay shit
DEBUG: (src/list.c :87 :List_push) gay shit
DEBUG: (src/list.c :87 :List_push) gay shit
DEBUG: (src/list.c :87 :List_push) gay shit
DEBUG: (src/list.c :87 :List_push) gay shit
DEBUG: (src/list.c :87 :List_push) gay shit
DEBUG: (src/list.c :87 :List_push) gay shit
DEBUG: (src/list.c :87 :List_push) gay shit
DEBUG: (src/list.c :87 :List_push) gay shit
DEBUG: (src/list.c :87 :List_push) gay shit
DEBUG: (src/list.c :87 :List_push) gay shit
DEBUG: (src/list.c :87 :List_push) gay shit
DEBUG: (src/list.c :87 :List_push) gay shit
DEBUG: (src/list.c :87 :List_push) gay shit
DEBUG: (src/list.c :87 :List_push) gay shit
DEBUG: (src/list.c :87 :List_push) gay shit
DEBUG: (src/list.c :87 :List_push) gay shit
DEBUG: (src/list.c :87 :List_push) gay shit
DEBUG: (src/list.c :87 :List_push) gay shit
DEBUG: (src/list.c :87 :List_push) gay shit
DEBUG: (src/list.c :87 :List_push) gay shit
DEBUG: (src/list.c :87 :List_push) gay shit
DEBUG: (src/list.c :87 :List_push) gay shit
DEBUG: (src/list.c :87 :List_push) gay shit
DEBUG: (src/list.c :87 :List_push) gay shit
DEBUG: (src/list.c :87 :List_push) gay shit
DEBUG: (src/list.c :87 :List_push) gay shit
DEBUG: (src/list.c :87 :List_push) gay shit
DEBUG: (src/list.c :87 :List_push) gay shit
DEBUG: (src/list.c :87 :List_push) gay shit
DEBUG: (src/list.c :87 :List_push) gay shit
DEBUG: (src/list.c :87 :List_push) gay shit
DEBUG: (src/list.c :87 :List_push) gay shit
DEBUG: (src/list.c :87 :List_push) gay shit
DEBUG: (src/list.c :87 :List_push) gay shit
DEBUG: (src/list.c :87 :List_push) gay shit
DEBUG: (src/list.c :87 :List_push) gay shit
DEBUG: (src/list.c :87 :List_push) gay shit
DEBUG: (src/list.c :87 :List_push) gay shit
DEBUG: (src/list.c :87 :List_push) gay shit
DEBUG: (src/list.c :87 :List_push) gay shit
DEBUG: (src/list.c :87 :List_push) gay shit
DEBUG: (src/list.c :87 :List_push) gay shit
DEBUG: (src/list.c :87 :List_push) gay shit
DEBUG: (src/list.c :87 :List_push) gay shit
DEBUG: (src/list.c :87 :List_push) gay shit
DEBUG: (src/list.c :87 :List_push) gay shit
DEBUG: (src/list.c :87 :List_push) gay shit
DEBUG: (src/list.c :87 :List_push) gay shit
DEBUG: (src/list.c :87 :List_push) gay shit
DEBUG: (src/list.c :87 :List_push) gay shit
DEBUG: (src/list.c :87 :List_push) gay shit
DEBUG: (src/list.c :87 :List_push) gay shit
DEBUG: (src/list.c :87 :List_push) gay shit
DEBUG: (src/list.c :87 :List_push) gay shit
DEBUG: (src/list.c :87 :List_push) gay shit
DEBUG: (src/list.c :87 :List_push) gay shit
DEBUG: (src/list.c :87 :List_push) gay shit
DEBUG: (src/list.c :87 :List_push) gay shit
DEBUG: (src/list.c :87 :List_push) gay shit
DEBUG: (src/list.c :87 :List_push) gay shit
DEBUG: (src/list.c :87 :List_push) gay shit
DEBUG: (src/list.c :87 :List_push) gay shit
DEBUG: (src/list.c :87 :List_push) gay shit
DEBUG: (src/list.c :87 :List_push) gay shit
DEBUG: (src/list.c :87 :List_push) gay shit
DEBUG: (src/list.c :87 :List_push) gay shit
DEBUG: (src/list.c :87 :List_push) gay shit
DEBUG: (src/list.c :87 :List_push) gay shit
DEBUG: (src/list.c :87 :List_push) gay shit
DEBUG: (src/list.c :87 :List_push) gay shit
DEBUG: (src/list.c :87 :List_push) gay shit
DEBUG: (src/list.c :87 :List_push) gay shit
DEBUG: (src/list.c :87 :List_push) gay shit
DEBUG: (src/list.c :87 :List_push) gay shit
DEBUG: (src/list.c :87 :List_push) gay shit
DEBUG: (src/list.c :87 :List_push) gay shit
DEBUG: (src/list.c :87 :List_push) gay shit
DEBUG: (src/list.c :87 :List_push) gay shit
DEBUG: (src/list.c :87 :List_push) gay shit
DEBUG: (src/list.c :87 :List_push) gay shit
DEBUG: (src/list.c :87 :List_push) gay shit
DEBUG: (src/list.c :87 :List_push) gay shit
DEBUG: (src/list.c :87 :List_push) gay shit
DEBUG: (src/list.c :87 :List_push) gay shit
DEBUG: (src/list.c :87 :List_push) gay shit
DEBUG: (src/list.c :87 :List_push) gay shit
DEBUG: (src/list.c :87 :List_push) gay shit
DEBUG: (src/list.c :87 :List_push) gay shit
DEBUG: (src/list.c :87 :List_push) gay shit
DEBUG: (src/list.c :87 :List_push) gay shit
DEBUG: (src/list.c :87 :List_push) gay shit
DEBUG: (src/list.c :87 :List_push) gay shit
DEBUG: (src/list.c :87 :List_push) gay shit
DEBUG: (src/list.c :87 :List_push) gay shit
DEBUG: (src/list.c :87 :List_push) gay shit
DEBUG: (src/list.c :87 :List_push) gay shit
DEBUG: (src/list.c :87 :List_push) gay shit
DEBUG: (src/list.c :87 :List_push) gay shit
DEBUG: (src/list.c :87 :List_push) gay shit
DEBUG: (src/list.c :87 :List_push) gay shit
DEBUG: (src/list.c :87 :List_push) gay shit
DEBUG: (src/list.c :87 :List_push) gay shit
DEBUG: (src/list.c :87 :List_push) gay shit
DEBUG: (src/list.c :87 :List_push) gay shit
DEBUG: (src/list.c :87 :List_push) gay shit
DEBUG: (src/list.c :87 :List_push) gay shit
DEBUG: (src/list.c :87 :List_push) gay shit
DEBUG: (src/list.c :87 :List_push) gay shit
DEBUG: (src/list.c :87 :List_push) gay shit
DEBUG: (src/list.c :87 :List_push) gay shit
DEBUG: (src/list.c :87 :List_push) gay shit
DEBUG: (src/list.c :87 :List_push) gay shit
DEBUG: (src/list.c :87 :List_push) gay shit
DEBUG: (src/list.c :87 :List_push) gay shit
DEBUG: (src/list.c :87 :List_push) gay shit
DEBUG: (src/list.c :87 :List_push) gay shit
DEBUG: (src/list.c :87 :List_push) gay shit
DEBUG: (src/list.c :87 :List_push) gay shit
DEBUG: (src/list.c :87 :List_push) gay shit
DEBUG: (src/list.c :87 :List_push) gay shit
DEBUG: (src/list.c :87 :List_push) gay shit
DEBUG: (src/list.c :87 :List_push) gay shit
DEBUG: (src/list.c :87 :List_push) gay shit
DEBUG: (src/list.c :87 :List_push) gay shit
DEBUG: (src/list.c :87 :List_push) gay shit
DEBUG: (src/list.c :87 :List_push) gay shit
DEBUG: (src/list.c :87 :List_push) gay shit
DEBUG: (src/list.c :87 :List_push) gay shit
DEBUG: (src/list.c :87 :List_push) gay shit
DEBUG: (src/list.c :87 :List_push) gay shit
DEBUG: (src/list.c :87 :List_push) gay shit
DEBUG: (src/list.c :87 :List_push) gay shit
DEBUG: (src/list.c :87 :List_push) gay shit
DEBUG: (src/list.c :87 :List_push) gay shit
DEBUG: (src/list.c :87 :List_push) gay shit
DEBUG: (src/list.c :87 :List_push) gay shit
DEBUG: (src/list.c :87 :List_push) gay shit
DEBUG: (src/list.c :87 :List_push) gay shit
DEBUG: (src/list.c :87 :List_push) gay shit
DEBUG: (src/list.c :87 :List_push) gay shit
DEBUG: (src/list.c :87 :List_push) gay shit
DEBUG: (src/list.c :87 :List_push) gay shit
DEBUG: (src/list.c :87 :List_push) gay shit
DEBUG: (src/list.c :87 :List_push) gay shit
DEBUG: (src/list.c :87 :List_push) gay shit
DEBUG: (src/list.c :87 :List_push) gay shit
DEBUG: (src/list.c :87 :List_push) gay shit
DEBUG: (src/list.c :87 :List_push) gay shit
DEBUG: (src/list.c :87 :List_push) gay shit
DEBUG: (src/list.c :87 :List_push) gay shit
DEBUG: (src/list.c :87 :List_push) gay shit
DEBUG: (src/list.c :87 :List_push) gay shit
DEBUG: (src/list.c :87 :List_push) gay shit
DEBUG: (src/list.c :87 :List_push) gay shit
DEBUG: (src/list.c :87 :List_push) gay shit
DEBUG: (src/list.c :87 :List_push) gay shit
DEBUG: (src/list.c :87 :List_push) gay shit
DEBUG: (src/list.c :87 :List_push) gay shit
DEBUG: (src/list.c :87 :List_push) gay shit
DEBUG: (src/list.c :87 :List_push) gay shit
DEBUG: (src/list.c :87 :List_push) gay shit
DEBUG: (src/list.c :87 :List_push) gay shit
DEBUG: (src/list.c :87 :List_push) gay shit
DEBUG: (src/list.c :87 :List_push) gay shit
DEBUG: (src/list.c :87 :List_push) gay shit
DEBUG: (src/list.c :87 :List_push) gay shit
DEBUG: (src/list.c :87 :List_push) gay shit
DEBUG: (src/list.c :87 :List_push) gay shit
DEBUG: (src/list.c :87 :List_push) gay shit
DEBUG: (src/list.c :87 :List_push) gay shit
DEBUG: (src/list.c :87 :List_push) gay shit
DEBUG: (src/list.c :87 :List_push) gay shit
DEBUG: (src/list.c :87 :List_push) gay shit
DEBUG: (src/list.c :87 :List_push) gay shit
DEBUG: (src/list.c :87 :List_push) gay shit
DEBUG: (src/list.c :87 :List_push) gay shit
DEBUG: (src/list.c :87 :List_push) gay shit
DEBUG: (src/list.c :87 :List_push) gay shit
DEBUG: (src/list.c :87 :List_push) gay shit
DEBUG: (src/list.c :87 :List_push) gay shit
DEBUG: (src/list.c :87 :List_push) gay shit
DEBUG: (src/list.c :87 :List_push) gay shit
DEBUG: (src/list.c :87 :List_push) gay shit
DEBUG: (src/list.c :87 :List_push) gay shit
DEBUG: (src/list.c :87 :List_push) gay shit
DEBUG: (src/list.c :87 :List_push) gay shit
DEBUG: (src/list.c :87 :List_push) gay shit
DEBUG: (src/list.c :87 :List_push) gay shit
DEBUG: (src/list.c :87 :List_push) gay shit
DEBUG: (src/list.c :87 :List_push) gay shit
DEBUG: (src/list.c :87 :List_push) gay shit
DEBUG: (src/list.c :87 :List_push) gay shit
DEBUG: (src/list.c :87 :List_push) gay shit
DEBUG: (src/list.c :87 :List_push) gay shit
DEBUG: (src/list.c :87 :List_push) gay shit
DEBUG: (src/list.c :87 :List_push) gay shit
DEBUG: (src/list.c :87 :List_push) gay shit
DEBUG: (src/list.c :87 :List_push) gay shit
DEBUG: (src/list.c :87 :List_push) gay shit
DEBUG: (src/list.c :87 :List_push) gay shit
DEBUG: (src/list.c :87 :List_push) gay shit
DEBUG: (src/list.c :87 :List_push) gay shit
DEBUG: (src/list.c :87 :List_push) gay shit
DEBUG: (src/list.c :87 :List_push) gay shit
DEBUG: (src/list.c :87 :List_push) gay shit
DEBUG: (src/list.c :87 :List_push) gay shit
DEBUG: (src/list.c :87 :List_push) gay shit
DEBUG: (src/list.c :87 :List_push) gay shit
DEBUG: (src/list.c :87 :List_push) gay shit
DEBUG: (src/list.c :87 :List_push) gay shit
DEBUG: (src/list.c :87 :List_push) gay shit
DEBUG: (src/list.c :87 :List_push) gay shit
DEBUG: (src/list.c :87 :List_push) gay shit
DEBUG: (src/list.c :87 :List_push) gay shit
DEBUG: (src/list.c :87 :List_push) gay shit
DEBUG: (src/list.c :87 :List_push) gay shit
DEBUG: (src/list.c :87 :List_push) gay shit
DEBUG: (src/list.c :87 :List_push) gay shit
DEBUG: (src/list.c :87 :List_push) gay shit
DEBUG: (src/list.c :87 :List_push) gay shit
DEBUG: (src/list.c :87 :List_push) gay shit
DEBUG: (src/list.c :87 :List_push) gay shit
DEBUG: (src/list.c :87 :List_push) gay shit
DEBUG: (src/list.c :87 :List_push) gay shit
DEBUG: (src/list.c :87 :List_push) gay shit
DEBUG: (src/list.c :87 :List_push) gay shit
DEBUG: (src/list.c :87 :List_push) gay shit
DEBUG: (src/list.c :87 :List_push) gay shit
DEBUG: (src/list.c :87 :List_push) gay shit
DEBUG: (src/list.c :87 :List_push) gay shit
DEBUG: (src/list.c :87 :List_push) gay shit
DEBUG: (src/list.c :87 :List_push) gay shit
DEBUG: (src/list.c :87 :List_push) gay shit
DEBUG: (src/list.c :87 :List_push) gay shit
DEBUG: (src/list.c :87 :List_push) gay shit
DEBUG: (src/list.c :87 :List_push) gay shit
DEBUG: (src/list.c :87 :List_push) gay shit
DEBUG: (src/list.c :87 :List_push) gay shit
DEBUG: (src/list.c :87 :List_push) gay shit
DEBUG: (src/list.c :87 :List_push) gay shit
DEBUG: (src/list.c :87 :List_push) gay shit
DEBUG: (src/list.c :87 :List_push) gay shit
DEBUG: (src/list.c :87 :List_push) gay shit
DEBUG: (src/list.c :87 :List_push) gay shit
DEBUG: (src/list.c :87 :List_push) gay shit
DEBUG: (src/list.c :87 :List_push) gay shit
DEBUG: (src/list.c :87 :List_push) gay shit
DEBUG: (src/list.c :87 :List_push) gay shit
DEBUG: (src/list.c :87 :List_push) gay shit
DEBUG: (src/list.c :87 :List_push) gay shit
DEBUG: (src/list.c :87 :List_push) gay shit
DEBUG: (src/list.c :87 :List_push) gay shit
DEBUG: (src/list.c :87 :List_push) gay shit
DEBUG: (src/list.c :87 :List_push) gay shit
DEBUG: (src/list.c :87 :List_push) gay shit
DEBUG: (src/list.c :87 :List_push) gay shit
DEBUG: (src/list.c :87 :List_push) gay shit
DEBUG: (src/list.c :87 :List_push) gay shit
DEBUG: (src/list.c :87 :List_push) gay shit
DEBUG: (src/list.c :87 :List_push) gay shit
DEBUG: (src/list.c :87 :List_push) gay shit
DEBUG: (src/list.c :87 :List_push) gay shit
DEBUG: (src/list.c :87 :List_push) gay shit
DEBUG: (src/list.c :87 :List_push) gay shit
DEBUG: (src/list.c :87 :List_push) gay shit
DEBUG: (src/list.c :87 :List_push) gay shit
DEBUG: (src/list.c :87 :List_push) gay shit
DEBUG: (src/list.c :87 :List_push) gay shit
DEBUG: (src/list.c :87 :List_push) gay shit
DEBUG: (src/list.c :87 :List_push) gay shit
DEBUG: (src/list.c :87 :List_push) gay shit
DEBUG: (src/list.c :87 :List_push) gay shit
DEBUG: (src/list.c :87 :List_push) gay shit
DEBUG: (src/list.c :87 :List_push) gay shit
DEBUG: (src/list.c :87 :List_push) gay shit
DEBUG: (src/list.c :87 :List_push) gay shit
DEBUG: (src/list.c :87 :List_push) gay shit
DEBUG: (src/list.c :87 :List_push) gay shit
DEBUG: (src/list.c :87 :List_push) gay shit
DEBUG: (src/list.c :87 :List_push) gay shit
DEBUG: (src/list.c :87 :List_push) gay shit
DEBUG: (src/list.c :87 :List_push) gay shit
DEBUG: (src/list.c :87 :List_push) gay shit
DEBUG: (src/list.c :87 :List_push) gay shit
DEBUG: (src/list.c :87 :List_push) gay shit
DEBUG: (src/list.c :87 :List_push) gay shit
DEBUG: (src/list.c :87 :List_push) gay shit
DEBUG: (src/list.c :87 :List_push) gay shit
DEBUG: (src/list.c :87 :List_push) gay shit
DEBUG: (src/list.c :87 :List_push) gay shit
DEBUG: (src/list.c :87 :List_push) gay shit
DEBUG: (src/list.c :87 :List_push) gay shit
DEBUG: (src/list.c :87 :List_push) gay shit
DEBUG: (src/list.c :87 :List_push) gay shit
DEBUG: (src/list.c :87 :List_push) gay shit
DEBUG: (src/list.c :87 :List_push) gay shit
DEBUG: (src/list.c :87 :List_push) gay shit
DEBUG: (src/list.c :87 :List_push) gay shit
DEBUG: (src/list.c :87 :List_push) gay shit
DEBUG: (src/list.c :87 :List_push) gay shit
DEBUG: (src/list.c :87 :List_push) gay shit
DEBUG: (src/list.c :87 :List_push) gay shit
DEBUG: (src/list.c :87 :List_push) gay shit
DEBUG: (src/list.c :87 :List_push) gay shit
DEBUG: (src/list.c :87 :List_push) gay shit
DEBUG: (src/list.c :87 :List_push) gay shit
DEBUG: (src/list.c :87 :List_push) gay shit
DEBUG: (src/list.c :87 :List_push) gay shit
DEBUG: (src/list.c :87 :List_push) gay shit
DEBUG: (src/list.c :87 :List_push) gay shit
DEBUG: (src/list.c :87 :List_push) gay shit
DEBUG: (src/list.c :87 :List_push) gay shit
DEBUG: (src/list.c :87 :List_push) gay shit
DEBUG: (src/list.c :87 :List_push) gay shit
DEBUG: (src/list.c :87 :List_push) gay shit
DEBUG: (src/list.c :87 :List_push) gay shit
DEBUG: (src/list.c :87 :List_push) gay shit
DEBUG: (src/list.c :87 :List_push) gay shit
DEBUG: (src/list.c :87 :List_push) gay shit
DEBUG: (src/list.c :87 :List_push) gay shit
DEBUG: (src/list.c :87 :List_push) gay shit
DEBUG: (src/list.c :87 :List_push) gay shit
DEBUG: (src/list.c :87 :List_push) gay shit
DEBUG: (src/list.c :87 :List_push) gay shit
DEBUG: (src/list.c :87 :List_push) gay shit
DEBUG: (src/list.c :87 :List_push) gay shit
DEBUG: (src/list.c :87 :List_push) gay shit
DEBUG: (src/list.c :87 :List_push) gay shit
DEBUG: (src/list.c :87 :List_push) gay shit
DEBUG: (src/list.c :87 :List_push) gay shit
DEBUG: (src/list.c :87 :List_push) gay shit
DEBUG: (src/list.c :87 :List_push) gay shit
DEBUG: (src/list.c :87 :List_push) gay shit
DEBUG: (src/list.c :87 :List_push) gay shit
DEBUG: (src/list.c :87 :List_push) gay shit
DEBUG: (src/list.c :87 :List_push) gay shit
DEBUG: (src/list.c :87 :List_push) gay shit
DEBUG: (src/list.c :87 :List_push) gay shit
DEBUG: (src/list.c :87 :List_push) gay shit
DEBUG: (src/list.c :87 :List_push) gay shit
DEBUG: (src/list.c :87 :List_push) gay shit
DEBUG: (src/list.c :87 :List_push) gay shit
DEBUG: (src/list.c :87 :List_push) gay shit
DEBUG: (src/list.c :87 :List_push) gay shit
DEBUG: (src/list.c :87 :List_push) gay shit
DEBUG: (src/list.c :87 :List_push) gay shit
DEBUG: (src/list.c :87 :List_push) gay shit
DEBUG: (src/list.c :87 :List_push) gay shit
DEBUG: (src/list.c :87 :List_push) gay shit
DEBUG: (src/list.c :87 :List_push) gay shit
DEBUG: (src/list.c :87 :List_push) gay shit
DEBUG: (src/list.c :87 :List_push) gay shit
DEBUG: (src/list.c :87 :List_push) gay shit
DEBUG: (src/list.c :87 :List_push) gay shit
DEBUG: (src/list.c :87 :List_push) gay shit
DEBUG: (src/list.c :87 :List_push) gay shit
DEBUG: (src/list.c :87 :List_push) gay shit
DEBUG: (src/list.c :87 :List_push) gay shit
DEBUG: (src/list.c :87 :List_push) gay shit
DEBUG: (src/list.c :87 :List_push) gay shit
DEBUG: (src/list.c :87 :List_push) gay shit
DEBUG: (src/list.c :87 :List_push) gay shit
DEBUG: (src/list.c :87 :List_push) gay shit
DEBUG: (src/list.c :87 :List_push) gay shit
DEBUG: (src/list.c :87 :List_push) gay shit
DEBUG: (src/list.c :87 :List_push) gay shit
DEBUG: (src/list.c :87 :List_push) gay shit
DEBUG: (src/list.c :87 :List_push) gay shit
DEBUG: (src/list.c :87 :List_push) gay shit
DEBUG: (src/list.c :87 :List_push) gay shit
DEBUG: (src/list.c :87 :List_push) gay shit
DEBUG: (src/list.c :87 :List_push) gay shit
DEBUG: (src/list.c :87 :List_push) gay shit
DEBUG: (src/list.c :87 :List_push) gay shit
DEBUG: (src/list.c :87 :List_push) gay shit
DEBUG: (src/list.c :87 :List_push) gay shit
DEBUG: (src/list.c :87 :List_push) gay shit
DEBUG: (src/list.c :87 :List_push) gay shit
DEBUG: (src/list.c :87 :List_push) gay shit
DEBUG: (src/list.c :87 :List_push) gay shit
DEBUG: (src/list.c :87 :List_push) gay shit
DEBUG: (src/list.c :87 :List_push) gay shit
DEBUG: (src/list.c :87 :List_push) gay shit
DEBUG: (src/list.c :87 :List_push) gay shit
DEBUG: (src/list.c :87 :List_push) gay shit
DEBUG: (src/list.c :87 :List_push) gay shit
DEBUG: (src/list.c :87 :List_push) gay shit
DEBUG: (src/list.c :87 :List_push) gay shit
DEBUG: (src/list.c :87 :List_push) gay shit
DEBUG: (src/list.c :87 :List_push) gay shit
DEBUG: (src/list.c :87 :List_push) gay shit
DEBUG: (src/list.c :87 :List_push) gay shit
DEBUG: (src/list.c :87 :List_push) gay shit
DEBUG: (src/list.c :87 :List_push) gay shit
DEBUG: (src/list.c :87 :List_push) gay shit
DEBUG: (src/list.c :87 :List_push) gay shit
DEBUG: (src/list.c :87 :List_push) gay shit
DEBUG: (src/list.c :87 :List_push) gay shit
DEBUG: (src/list.c :87 :List_push) gay shit
DEBUG: (src/list.c :87 :List_push) gay shit
DEBUG: (src/list.c :87 :List_push) gay shit
DEBUG: (src/list.c :87 :List_push) gay shit
DEBUG: (src/list.c :87 :List_push) gay shit
DEBUG: (src/list.c :87 :List_push) gay shit
DEBUG: (src/list.c :87 :List_push) gay shit
DEBUG: (src/list.c :87 :List_push) gay shit
DEBUG: (src/list.c :87 :List_push) gay shit
DEBUG: (src/list.c :87 :List_push) gay shit
DEBUG: (src/list.c :87 :List_push) gay shit
DEBUG: (src/list.c :87 :List_push) gay shit
DEBUG: (src/list.c :87 :List_push) gay shit
DEBUG: (src/list.c :87 :List_push) gay shit
DEBUG: (src/list.c :87 :List_push) gay shit
DEBUG: (src/list.c :87 :List_push) gay shit
DEBUG: (src/list.c :87 :List_push) gay shit
DEBUG: (src/list.c :87 :List_push) gay shit
DEBUG: (src/list.c :87 :List_push) gay shit
DEBUG: (src/list.c :87 :List_push) gay shit
DEBUG: (src/list.c :87 :List_push) gay shit
DEBUG: (src/list.c :87 :List_push) gay shit
DEBUG: (src/list.c :87 :List_push) gay shit
DEBUG: (src/list.c :87 :List_push) gay shit
DEBUG: (src/list.c :87 :List_push) gay shit
DEBUG: (src/list.c :87 :List_push) gay shit
DEBUG: (src/list.c :87 :List_push) gay shit
DEBUG: (src/list.c :87 :List_push) gay shit
DEBUG: (src/list.c :87 :List_push) gay shit
DEBUG: (src/list.c :87 :List_push) gay shit
DEBUG: (src/list.c :87 :List_push) gay shit
DEBUG: (src/list.c :87 :List_push) gay shit
DEBUG: (src/list.c :87 :List_push) gay shit
DEBUG: (src/list.c :87 :List_push) gay shit
DEBUG: (src/list.c :87 :List_push) gay shit
DEBUG: (src/list.c :87 :List_push) gay shit
DEBUG: (src/list.c :87 :List_push) gay shit
DEBUG: (src/list.c :87 :List_push) gay shit
DEBUG: (src/list.c :87 :List_push) gay shit
DEBUG: (src/list.c :87 :List_push) gay shit
DEBUG: (src/list.c :87 :List_push) gay shit
DEBUG: (src/list.c :87 :List_push) gay shit
DEBUG: (src/list.c :87 :List_push) gay shit
DEBUG: (src/list.c :87 :List_push) gay shit
DEBUG: (src/list.c :87 :List_push) gay shit
DEBUG: (src/list.c :87 :List_push) gay shit
DEBUG: (src/list.c :87 :List_push) gay shit
DEBUG: (src/list.c :87 :List_push) gay shit
DEBUG: (src/list.c :87 :List_push) gay shit
DEBUG: (src/list.c :87 :List_push) gay shit
DEBUG: (src/list.c :87 :List_push) gay shit
DEBUG: (src/list.c :87 :List_push) gay shit
DEBUG: (src/list.c :87 :List_push) gay shit
DEBUG: (src/list.c :87 :List_push) gay shit
DEBUG: (src/list.c :87 :List_push) gay shit
DEBUG: (src/list.c :87 :List_push) gay shit
DEBUG: (src/list.c :87 :List_push) gay shit
DEBUG: (src/list.c :87 :List_push) gay shit
DEBUG: (src/list.c :87 :List_push) gay shit
DEBUG: (src/list.c :87 :List_push) gay shit
DEBUG: (src/list.c :87 :List_push) gay shit
DEBUG: (src/list.c :87 :List_push) gay shit
DEBUG: (src/list.c :87 :List_push) gay shit
DEBUG: (src/list.c :87 :List_push) gay shit
DEBUG: (src/list.c :87 :List_push) gay shit
DEBUG: (src/list.c :87 :List_push) gay shit
DEBUG: (src/list.c :87 :List_push) gay shit
DEBUG: (src/list.c :87 :List_push) gay shit
DEBUG: (src/list.c :87 :List_push) gay shit
DEBUG: (src/list.c :87 :List_push) gay shit
DEBUG: (src/list.c :87 :List_push) gay shit
DEBUG: (src/list.c :87 :List_push) gay shit
DEBUG: (src/list.c :87 :List_push) gay shit
DEBUG: (src/list.c :87 :List_push) gay shit
DEBUG: (src/list.c :87 :List_push) gay shit
DEBUG: (src/list.c :87 :List_push) gay shit
DEBUG: (src/list.c :87 :List_push) gay shit
DEBUG: (src/list.c :87 :List_push) gay shit
DEBUG: (src/list.c :87 :List_push) gay shit
DEBUG: (src/list.c :87 :List_push) gay shit
DEBUG: (src/list.c :87 :List_push) gay shit
DEBUG: (src/list.c :87 :List_push) gay shit
DEBUG: (src/list.c :87 :List_push) gay shit
DEBUG: (src/list.c :87 :List_push) gay shit
DEBUG: (src/list.c :87 :List_push) gay shit
DEBUG: (src/list.c :87 :List_push) gay shit
DEBUG: (src/list.c :87 :List_push) gay shit
DEBUG: (src/list.c :87 :List_push) gay shit
DEBUG: (src/list.c :87 :List_push) gay shit
DEBUG: (src/list.c :87 :List_push) gay shit
DEBUG: (src/list.c :87 :List_push) gay shit
DEBUG: (src/list.c :87 :List_push) gay shit
DEBUG: (src/list.c :87 :List_push) gay shit
DEBUG: (src/list.c :87 :List_push) gay shit
DEBUG: (src/list.c :87 :List_push) gay shit
DEBUG: (src/list.c :87 :List_push) gay shit
DEBUG: (src/list.c :87 :List_push) gay shit
DEBUG: (src/list.c :87 :List_push) gay shit
DEBUG: (src/list.c :87 :List_push) gay shit
DEBUG: (src/list.c :87 :List_push) gay shit
DEBUG: (src/list.c :87 :List_push) gay shit
DEBUG: (src/list.c :87 :List_push) gay shit
DEBUG: (src/list.c :87 :List_push) gay shit
DEBUG: (src/list.c :87 :List_push) gay shit
DEBUG: (src/list.c :87 :List_push) gay shit
DEBUG: (src/list.c :87 :List_push) gay shit
DEBUG: (src/list.c :87 :List_push) gay shit
DEBUG: (src/list.c :87 :List_push) gay shit
DEBUG: (src/list.c :87 :List_push) gay shit
DEBUG: (src/list.c :87 :List_push) gay shit
DEBUG: (src/list.c :87 :List_push) gay shit
DEBUG: (src/list.c :87 :List_push) gay shit
DEBUG: (src/list.c :87 :List_push) gay shit
DEBUG: (src/list.c :87 :List_push) gay shit
DEBUG: (src/list.c :87 :List_push) gay shit
DEBUG: (src/list.c :87 :List_push) gay shit
DEBUG: (src/list.c :87 :List_push) gay shit
DEBUG: (src/list.c :87 :List_push) gay shit
DEBUG: (src/list.c :87 :List_push) gay shit
DEBUG: (src/list.c :87 :List_push) gay shit
DEBUG: (src/list.c :87 :List_push) gay shit
DEBUG: (src/list.c :87 :List_push) gay shit
DEBUG: (src/list.c :87 :List_push) gay shit
DEBUG: (src/list.c :87 :List_push) gay shit
DEBUG: (src/list.c :87 :List_push) gay shit
DEBUG: (src/list.c :87 :List_push) gay shit
DEBUG: (src/list.c :87 :List_push) gay shit
DEBUG: (src/list.c :87 :List_push) gay shit
DEBUG: (src/list.c :87 :List_push) gay shit
DEBUG: (src/list.c :87 :List_push) gay shit
DEBUG: (src/list.c :87 :List_push) gay shit
DEBUG: (src/list.c :87 :List_push) gay shit
DEBUG: (src/list.c :87 :List_push) gay shit
DEBUG: (src/list.c :87 :List_push) gay shit
DEBUG: (src/list.c :87 :List_push) gay shit
DEBUG: (src/list.c :87 :List_push) gay shit
DEBUG: (src/list.c :87 :List_push) gay shit
DEBUG: (src/list.c :87 :List_push) gay shit
DEBUG: (src/list.c :87 :List_push) gay shit
DEBUG: (src/list.c :87 :List_push) gay shit
DEBUG: (src/list.c :87 :List_push) gay shit
DEBUG: (src/list.c :87 :List_push) gay shit
DEBUG: (src/list.c :87 :List_push) gay shit
DEBUG: (src/list.c :87 :List_push) gay shit
DEBUG: (src/list.c :87 :List_push) gay shit
DEBUG: (src/list.c :87 :List_push) gay shit
DEBUG: (src/list.c :87 :List_push) gay shit
DEBUG: (src/list.c :87 :List_push) gay shit
DEBUG: (src/list.c :87 :List_push) gay shit
DEBUG: (src/list.c :87 :List_push) gay shit
DEBUG: (src/list.c :87 :List_push) gay shit
DEBUG: (src/list.c :87 :List_push) gay shit
DEBUG: (src/list.c :87 :List_push) gay shit
DEBUG: (src/list.c :87 :List_push) gay shit
DEBUG: (src/list.c :87 :List_push) gay shit
DEBUG: (src/list.c :87 :List_push) gay shit
DEBUG: (src/list.c :87 :List_push) gay shit
DEBUG: (src/list.c :87 :List_push) gay shit
DEBUG: (src/list.c :87 :List_push) gay shit
DEBUG: (src/list.c :87 :List_push) gay shit
DEBUG: (src/list.c :87 :List_push) gay shit
DEBUG: (src/list.c :87 :List_push) gay shit
DEBUG: (src/list.c :87 :List_push) gay shit
DEBUG: (src/list.c :87 :List_push) gay shit
DEBUG: (src/list.c :87 :List_push) gay shit
DEBUG: (src/list.c :87 :List_push) gay shit
DEBUG: (src/list.c :87 :List_push) gay shit
DEBUG: (src/list.c :87 :List_push) gay shit
DEBUG: (src/list.c :87 :List_push) gay shit
DEBUG: (src/list.c :87 :List_push) gay shit
DEBUG: (src/list.c :87 :List_push) gay shit
DEBUG: (src/list.c :87 :List_push) gay shit
DEBUG: (src/list.c :87 :List_push) gay shit
DEBUG: (src/list.c :87 :List_push) gay shit
DEBUG: (src/list.c :87 :List_push) gay shit
DEBUG: (src/list.c :87 :List_push) gay shit
DEBUG: (src/list.c :87 :List_push) gay shit
DEBUG: (src/list.c :87 :List_push) gay shit
DEBUG: (src/list.c :87 :List_push) gay shit
DEBUG: (src/list.c :87 :List_push) gay shit
DEBUG: (src/list.c :87 :List_push) gay shit
DEBUG: (src/list.c :87 :List_push) gay shit
DEBUG: (src/list.c :87 :List_push) gay shit
DEBUG: (src/list.c :87 :List_push) gay shit
DEBUG: (src/list.c :87 :List_push) gay shit
DEBUG: (src/list.c :87 :List_push) gay shit
DEBUG: (src/list.c :87 :List_push) gay shit
DEBUG: (src/list.c :87 :List_push) gay shit
DEBUG: (src/list.c :87 :List_push) gay shit
DEBUG: (src/list.c :87 :List_push) gay shit
DEBUG: (src/list.c :87 :List_push) gay shit
DEBUG: (src/list.c :87 :List_push) gay shit
DEBUG: (src/list.c :87 :List_push) gay shit
DEBUG: (src/list.c :87 :List_push) gay shit
DEBUG: (src/list.c :87 :List_push) gay shit
DEBUG: (src/list.c :87 :List_push) gay shit
DEBUG: (src/list.c :87 :List_push) gay shit
DEBUG: (src/list.c :87 :List_push) gay shit
DEBUG: (src/list.c :87 :List_push) gay shit
DEBUG: (src/list.c :87 :List_push) gay shit
DEBUG: (src/list.c :87 :List_push) gay shit
DEBUG: (src/list.c :87 :List_push) gay shit
DEBUG: (src/list.c :87 :List_push) gay shit
DEBUG: (src/list.c :87 :List_push) gay shit
DEBUG: (src/list.c :87 :List_push) gay shit
DEBUG: (src/list.c :87 :List_push) gay shit
DEBUG: (src/list.c :87 :List_push) gay shit
DEBUG: (src/list.c :87 :List_push) gay shit
DEBUG: (src/list.c :87 :List_push) gay shit
DEBUG: (src/list.c :87 :List_push) gay shit
DEBUG: (src/list.c :87 :List_push) gay shit
DEBUG: (src/list.c :87 :List_push) gay shit
DEBUG: (src/list.c :87 :List_push) gay shit
DEBUG: (src/list.c :87 :List_push) gay shit
DEBUG: (src/list.c :87 :List_push) gay shit
DEBUG: (src/list.c :87 :List_push) gay shit
DEBUG: (src/list.c :87 :List_push) gay shit
DEBUG: (src/list.c :87 :List_push) gay shit
DEBUG: (src/list.c :87 :List_push) gay shit
DEBUG: (src/list.c :87 :List_push) gay shit
DEBUG: (src/list.c :87 :List_push) gay shit
DEBUG: (src/list.c :87 :List_push) gay shit
DEBUG: (src/list.c :87 :List_push) gay shit
DEBUG: (src/list.c :87 :List_push) gay shit
DEBUG: (src/list.c :87 :List_push) gay shit
DEBUG: (src/list.c :87 :List_push) gay shit
DEBUG: (src/list.c :87 :List_push) gay shit
DEBUG: (src/list.c :87 :List_push) gay shit
DEBUG: (src/list.c :87 :List_push) gay shit
DEBUG: (src/list.c :87 :List_push) gay shit
DEBUG: (src/list.c :87 :List_push) gay shit
DEBUG: (src/list.c :87 :List_push) gay shit
DEBUG: (src/list.c :87 :List_push) gay shit
DEBUG: (src/list.c :87 :List_push) gay shit
DEBUG: (src/list.c :87 :List_push) gay shit
DEBUG: (src/list.c :87 :List_push) gay shit
DEBUG: (src/list.c :87 :List_push) gay shit
DEBUG: (src/list.c :87 :List_push) gay shit
DEBUG: (src/list.c :87 :List_push) gay shit
DEBUG: (src/list.c :87 :List_push) gay shit
DEBUG: (src/list.c :87 :List_push) gay shit
DEBUG: (src/list.c :87 :List_push) gay shit
DEBUG: (src/list.c :87 :List_push) gay shit
DEBUG: (src/list.c :87 :List_push) gay shit
DEBUG: (src/list.c :87 :List_push) gay shit
DEBUG: (src/list.c :87 :List_push) gay shit
DEBUG: (src/list.c :87 :List_push) gay shit
DEBUG: (src/list.c :87 :List_push) gay shit
DEBUG: (src/list.c :87 :List_push) gay shit
DEBUG: (src/list.c :87 :List_push) gay shit
DEBUG: (src/list.c :87 :List_push) gay shit
DEBUG: (src/list.c :87 :List_push) gay shit
DEBUG: (src/list.c :87 :List_push) gay shit
DEBUG: (src/list.c :87 :List_push) gay shit
DEBUG: (src/list.c :87 :List_push) gay shit
DEBUG: (src/list.c :87 :List_push) gay shit
DEBUG: (src/list.c :87 :List_push) gay shit
DEBUG: (src/list.c :87 :List_push) gay shit
DEBUG: (src/list.c :87 :List_push) gay shit
DEBUG: (src/list.c :87 :List_push) gay shit
DEBUG: (src/list.c :87 :List_push) gay shit
DEBUG: (src/list.c :87 :List_push) gay shit
DEBUG: (src/list.c :87 :List_push) gay shit
DEBUG: (src/list.c :87 :List_push) gay shit
DEBUG: (src/list.c :87 :List_push) gay shit
DEBUG: (src/list.c :87 :List_push) gay shit
DEBUG: (src/list.c :87 :List_push) gay shit
DEBUG: (src/list.c :87 :List_push) gay shit
DEBUG: (src/list.c :87 :List_push) gay shit
DEBUG: (src/list.c :87 :List_push) gay shit
DEBUG: (src/list.c :87 :List_push) gay shit
DEBUG: (src/list.c :87 :List_push) gay shit
DEBUG: (src/list.c :87 :List_push) gay shit
DEBUG: (src/list.c :87 :List_push) gay shit
DEBUG: (src/list.c :87 :List_push) gay shit
DEBUG: (src/list.c :87 :List_push) gay shit
DEBUG: (src/list.c :87 :List_push) gay shit
DEBUG: (src/list.c :87 :List_push) gay shit
DEBUG: (src/list.c :87 :List_push) gay shit
DEBUG: (src/list.c :87 :List_push) gay shit
DEBUG: (src/list.c :87 :List_push) gay shit
DEBUG: (src/list.c :87 :List_push) gay shit
DEBUG: (src/list.c :87 :List_push) gay shit
DEBUG: (src/list.c :87 :List_push) gay shit
DEBUG: (src/list.c :87 :List_push) gay shit
DEBUG: (src/list.c :87 :List_push) gay shit
DEBUG: (src/list.c :87 :List_push) gay shit
DEBUG: (src/list.c :87 :List_push) gay shit
DEBUG: (src/list.c :87 :List_push) gay shit
DEBUG: (src/list.c :87 :List_push) gay shit
DEBUG: (src/list.c :87 :List_push) gay shit
DEBUG: (src/list.c :87 :List_push) gay shit
DEBUG: (src/list.c :87 :List_push) gay shit
DEBUG: (src/list.c :87 :List_push) gay shit
DEBUG: (src/list.c :87 :List_push) gay shit
DEBUG: (src/list.c :87 :List_push) gay shit
DEBUG: (src/list.c :87 :List_push) gay shit
DEBUG: (src/list.c :87 :List_push) gay shit
DEBUG: (src/list.c :87 :List_push) gay shit
DEBUG: (src/list.c :87 :List_push) gay shit
DEBUG: (src/list.c :87 :List_push) gay shit
DEBUG: (src/list.c :87 :List_push) gay shit
DEBUG: (src/list.c :87 :List_push) gay shit
DEBUG: (src/list.c :87 :List_push) gay shit
DEBUG: (src/list.c :87 :List_push) gay shit
DEBUG: (src/list.c :87 :List_push) gay shit
DEBUG: (src/list.c :87 :List_push) gay shit
DEBUG: (src/list.c :87 :List_push) gay shit
DEBUG: (src/list.c :87 :List_push) gay shit
DEBUG: (src/list.c :87 :List_push) gay shit
DEBUG: (src/list.c :87 :List_push) gay shit
DEBUG: (src/list.c :87 :List_push) gay shit
DEBUG: (src/list.c :87 :List_push) gay shit
DEBUG: (src/list.c :87 :List_push) gay shit
DEBUG: (src/list.c :87 :List_push) gay shit
DEBUG: (src/list.c :87 :List_push) gay shit
DEBUG: (src/list.c :87 :List_push) gay shit
DEBUG: (src/list.c :87 :List_push) gay shit
DEBUG: (src/list.c :87 :List_push) gay shit
DEBUG: (src/list.c :87 :List_push) gay shit
DEBUG: (src/list.c :87 :List_push) gay shit
DEBUG: (src/list.c :87 :List_push) gay shit
DEBUG: (src/list.c :87 :List_push) gay shit
DEBUG: (src/list.c :87 :List_push) gay shit
DEBUG: (src/list.c :87 :List_push) gay shit
DEBUG: (src/list.c :87 :List_push) gay shit
DEBUG: (src/list.c :87 :List_push) gay shit
DEBUG: (src/list.c :87 :List_push) gay shit
DEBUG: (src/list.c :87 :List_push) gay shit
DEBUG: (src/list.c :87 :List_push) gay shit
DEBUG: (src/list.c :87 :List_push) gay shit
DEBUG: (src/list.c :87 :List_push) gay shit
DEBUG: (src/list.c :87 :List_push) gay shit
DEBUG: (src/list.c :87 :List_push) gay shit
DEBUG: (src/list.c :87 :List_push) gay shit
DEBUG: (src/list.c :87 :List_push) gay shit
DEBUG: (src/list.c :87 :List_push) gay shit
DEBUG: (src/list.c :87 :List_push) gay shit
DEBUG: (src/list.c :87 :List_push) gay shit
DEBUG: (src/list.c :87 :List_push) gay shit
DEBUG: (src/list.c :87 :List_push) gay shit
DEBUG: (src/list.c :87 :List_push) gay shit
DEBUG: (src/list.c :87 :List_push) gay shit
DEBUG: (src/list.c :87 :List_push) gay shit
DEBUG: (src/list.c :87 :List_push) gay shit
DEBUG: (src/list.c :87 :List_push) gay shit
DEBUG: (src/list.c :87 :List_push) gay shit
DEBUG: (src/list.c :87 :List_push) gay shit
DEBUG: (src/list.c :87 :List_push) gay shit
DEBUG: (src/list.c :87 :List_push) gay shit
DEBUG: (src/list.c :87 :List_push) gay shit
DEBUG: (src/list.c :87 :List_push) gay shit
DEBUG: (src/list.c :87 :List_push) gay shit
DEBUG: (src/list.c :87 :List_push) gay shit
DEBUG: (src/list.c :87 :List_push) gay shit
DEBUG: (src/list.c :87 :List_push) gay shit
DEBUG: (src/list.c :87 :List_push) gay shit
DEBUG: (src/list.c :87 :List_push) gay shit
DEBUG: (src/list.c :87 :List_push) gay shit
DEBUG: (src/list.c :87 :List_push) gay shit
DEBUG: (src/list.c :87 :List_push) gay shit
DEBUG: (src/list.c :87 :List_push) gay shit
DEBUG: (src/list.c :87 :List_push) gay shit
DEBUG: (src/list.c :87 :List_push) gay shit
DEBUG: (src/list.c :87 :List_push) gay shit
DEBUG: (src/list.c :87 :List_push) gay shit
DEBUG: (src/list.c :87 :List_push) gay shit
DEBUG: (src/list.c :87 :List_push) gay shit
DEBUG: (src/list.c :87 :List_push) gay shit
DEBUG: (src/list.c :87 :List_push) gay shit
DEBUG: (src/list.c :87 :List_push) gay shit
DEBUG: (src/list.c :87 :List_push) gay shit
DEBUG: (src/list.c :87 :List_push) gay shit
DEBUG: (src/list.c :87 :List_push) gay shit
DEBUG: (src/list.c :87 :List_push) gay shit
DEBUG: (src/list.c :87 :List_push) gay shit
DEBUG: (src/list.c :87 :List_push) gay shit
DEBUG: (src/list.c :87 :List_push) gay shit
DEBUG: (src/list.c :87 :List_push) gay shit
DEBUG: (src/list.c :87 :List_push) gay shit
DEBUG: (src/list.c :87 :List_push) gay shit
DEBUG: (src/list.c :87 :List_push) gay shit
DEBUG: (src/list.c :87 :List_push) gay shit
DEBUG: (src/list.c :87 :List_push) gay shit
DEBUG: (src/list.c :87 :List_push) gay shit
DEBUG: (src/list.c :87 :List_push) gay shit
DEBUG: (src/list.c :87 :List_push) gay shit
DEBUG: (src/list.c :87 :List_push) gay shit
DEBUG: (src/list.c :87 :List_push) gay shit
DEBUG: (src/list.c :87 :List_push) gay shit
DEBUG: (src/list.c :87 :List_push) gay shit
DEBUG: (src/list.c :87 :List_push) gay shit
DEBUG: (src/list.c :87 :List_push) gay shit
DEBUG: (src/list.c :87 :List_push) gay shit
DEBUG: (src/list.c :87 :List_push) gay shit
DEBUG: (src/list.c :87 :List_push) gay shit
DEBUG: (src/list.c :87 :List_push) gay shit
DEBUG: (src/list.c :87 :List_push) gay shit
DEBUG: (src/list.c :87 :List_push) gay shit
DEBUG: (src/list.c :87 :List_push) gay shit
DEBUG: (src/list.c :87 :List_push) gay shit
DEBUG: (src/list.c :87 :List_push) gay shit
DEBUG: (src/list.c :87 :List_push) gay shit
DEBUG: (src/list.c :87 :List_push) gay shit
DEBUG: (src/list.c :87 :List_push) gay shit
DEBUG: (src/list.c :87 :List_push) gay shit
DEBUG: (src/list.c :87 :List_push) gay shit
DEBUG: (src/list.c :87 :List_push) gay shit
DEBUG: (src/list.c :87 :List_push) gay shit
DEBUG: (src/list.c :87 :List_push) gay shit
DEBUG: (src/list.c :87 :List_push) gay shit
DEBUG: (src/list.c :87 :List_push) gay shit
DEBUG: (src/list.c :87 :List_push) gay shit
DEBUG: (src/list.c :87 :List_push) gay shit
DEBUG: (src/list.c :87 :List_push) gay shit
DEBUG: (src/list.c :87 :List_push) gay shit
DEBUG: (src/list.c :87 :List_push) gay shit
DEBUG: (src/list.c :87 :List_push) gay shit
DEBUG: (src/list.c :87 :List_push) gay shit
DEBUG: (src/list.c :87 :List_push) gay shit
DEBUG: (src/list.c :87 :List_push) gay shit
DEBUG: (src/list.c :87 :List_push) gay shit
DEBUG: (src/list.c :87 :List_push) gay shit
DEBUG: (src/list.c :87 :List_push) gay shit
DEBUG: (src/list.c :87 :List_push) gay shit
DEBUG: (src/list.c :87 :List_push) gay shit
DEBUG: (src/list.c :87 :List_push) gay shit
DEBUG: (src/list.c :87 :List_push) gay shit
DEBUG: (src/list.c :87 :List_push) gay shit
DEBUG: (src/list.c :87 :List_push) gay shit
DEBUG: (src/list.c :87 :List_push) gay shit
DEBUG: (src/list.c :87 :List_push) gay shit
DEBUG: (src/list.c :87 :List_push) gay shit
DEBUG: (src/list.c :87 :List_push) gay shit
DEBUG: (src/list.c :87 :List_push) gay shit
DEBUG: (src/list.c :87 :List_push) gay shit
DEBUG: (src/list.c :87 :List_push) gay shit
DEBUG: (src/list.c :87 :List_push) gay shit
DEBUG: (src/list.c :87 :List_push) gay shit
DEBUG: (src/list.c :87 :List_push) gay shit
DEBUG: (src/list.c :87 :List_push) gay shit
DEBUG: (src/list.c :87 :List_push) gay shit
DEBUG: (src/list.c :87 :List_push) gay shit
DEBUG: (src/list.c :87 :List_push) gay shit
DEBUG: (src/list.c :87 :List_push) gay shit
DEBUG: (src/list.c :87 :List_push) gay shit
DEBUG: (src/list.c :87 :List_push) gay shit
DEBUG: (src/list.c :87 :List_push) gay shit
DEBUG: (src/list.c :87 :List_push) gay shit
DEBUG: (src/list.c :87 :List_push) gay shit
DEBUG: (src/list.c :87 :List_push) gay shit
DEBUG: (src/list.c :87 :List_push) gay shit
DEBUG: (src/list.c :87 :List_push) gay shit
DEBUG: (src/list.c :87 :List_push) gay shit
DEBUG: (src/list.c :87 :List_push) gay shit
DEBUG: (src/list.c :87 :List_push) gay shit
DEBUG: (src/list.c :87 :List_push) gay shit
DEBUG: (src/list.c :87 :List_push) gay shit
DEBUG: (src/list.c :87 :List_push) gay shit
DEBUG: (src/list.c :87 :List_push) gay shit
DEBUG: (src/list.c :87 :List_push) gay shit
DEBUG: (src/list.c :87 :List_push) gay shit
DEBUG: (src/list.c :87 :List_push) gay shit
DEBUG: (src/list.c :87 :List_push) gay shit
DEBUG: (src/list.c :87 :List_push) gay shit
DEBUG: (src/list.c :87 :List_push) gay shit
DEBUG: (src/list.c :87 :List_push) gay shit
DEBUG: (src/list.c :87 :List_push) gay shit
DEBUG: (src/list.c :87 :List_push) gay shit
DEBUG: (src/list.c :87 :List_push) gay shit
DEBUG: (src/list.c :87 :List_push) gay shit
DEBUG: (src/list.c :87 :List_push) gay shit
DEBUG: (src/list.c :87 :List_push) gay shit
DEBUG: (src/list.c :87 :List_push) gay shit
DEBUG: (src/list.c :87 :List_push) gay shit
DEBUG: (src/list.c :87 :List_push) gay shit
DEBUG: (src/list.c :87 :List_push) gay shit
DEBUG: (src/list.c :87 :List_push) gay shit
DEBUG: (src/list.c :87 :List_push) gay shit
DEBUG: (src/list.c :87 :List_push) gay shit
DEBUG: (src/list.c :87 :List_push) gay shit
DEBUG: (src/list.c :87 :List_push) gay shit
DEBUG: (src/list.c :87 :List_push) gay shit
DEBUG: (src/list.c :87 :List_push) gay shit
DEBUG: (src/list.c :87 :List_push) gay shit
DEBUG: (src/list.c :87 :List_push) gay shit
DEBUG: (src/list.c :87 :List_push) gay shit
DEBUG: (src/list.c :87 :List_push) gay shit
DEBUG: (src/list.c :87 :List_push) gay shit
DEBUG: (src/list.c :87 :List_push) gay shit
DEBUG: (src/list.c :87 :List_push) gay shit
DEBUG: (src/list.c :87 :List_push) gay shit
DEBUG: (src/list.c :87 :List_push) gay shit
DEBUG: (src/list.c :87 :List_push) gay shit
DEBUG: (src/list.c :87 :List_push) gay shit
DEBUG: (src/list.c :87 :List_push) gay shit
DEBUG: (src/list.c :87 :List_push) gay shit
DEBUG: (src/list.c :87 :List_push) gay shit
DEBUG: (src/list.c :87 :List_push) gay shit
DEBUG: (src/list.c :87 :List_push) gay shit
DEBUG: (src/list.c :87 :List_push) gay shit
DEBUG: (src/list.c :87 :List_push) gay shit
DEBUG: (src/list.c :87 :List_push) gay shit
DEBUG: (src/list.c :87 :List_push) gay shit
DEBUG: (src/list.c :87 :List_push) gay shit
DEBUG: (src/list.c :87 :List_push) gay shit
DEBUG: (src/list.c :87 :List_push) gay shit
DEBUG: (src/list.c :87 :List_push) gay shit
DEBUG: (src/list.c :87 :List_push) gay shit
DEBUG: (src/list.c :87 :List_push) gay shit
DEBUG: (src/list.c :87 :List_push) gay shit
DEBUG: (src/list.c :87 :List_push) gay shit
DEBUG: (src/list.c :87 :List_push) gay shit
DEBUG: (src/list.c :87 :List_push) gay shit
DEBUG: (src/list.c :87 :List_push) gay shit
DEBUG: (src/list.c :87 :List_push) gay shit
DEBUG: (src/list.c :87 :List_push) gay shit
DEBUG: (src/list.c :87 :List_push) gay shit
DEBUG: (src/list.c :87 :List_push) gay shit
DEBUG: (src/list.c :87 :List_push) gay shit
DEBUG: (src/list.c :87 :List_push) gay shit
DEBUG: (src/list.c :87 :List_push) gay shit
DEBUG: (src/list.c :87 :List_push) gay shit
DEBUG: (src/list.c :87 :List_push) gay shit
DEBUG: (src/list.c :87 :List_push) gay shit
DEBUG: (src/list.c :87 :List_push) gay shit
DEBUG: (src/list.c :87 :List_push) gay shit
DEBUG: (src/list.c :87 :List_push) gay shit
DEBUG: (src/list.c :87 :List_push) gay shit
DEBUG: (src/list.c :87 :List_push) gay shit
DEBUG: (src/list.c :87 :List_push) gay shit
DEBUG: (src/list.c :87 :List_push) gay shit
DEBUG: (src/list.c :87 :List_push) gay shit
DEBUG: (src/list.c :87 :List_push) gay shit
DEBUG: (src/list.c :87 :List_push) gay shit
DEBUG: (src/list.c :87 :List_push) gay shit
DEBUG: (src/list.c :87 :List_push) gay shit
DEBUG: (src/list.c :87 :List_push) gay shit
DEBUG: (src/list.c :87 :List_push) gay shit
DEBUG: (src/list.c :87 :List_push) gay shit
DEBUG: (src/list.c :87 :List_push) gay shit
DEBUG: (src/list.c :87 :List_push) gay shit
DEBUG: (src/list.c :87 :List_push) gay shit
DEBUG: (src/list.c :87 :List_push) gay shit
DEBUG: (src/list.c :87 :List_push) gay shit
DEBUG: (src/list.c :87 :List_push) gay shit
DEBUG: (src/list.c :87 :List_push) gay shit
DEBUG: (src/list.c :87 :List_push) gay shit
DEBUG: (src/list.c :87 :List_push) gay shit
DEBUG: (src/list.c :87 :List_push) gay shit
DEBUG: (src/list.c :87 :List_push) gay shit
DEBUG: (src/list.c :87 :List_push) gay shit
DEBUG: (src/list.c :87 :List_push) gay shit
DEBUG: (src/list.c :87 :List_push) gay shit
DEBUG: (src/list.c :87 :List_push) gay shit
DEBUG: (src/list.c :87 :List_push) gay shit
DEBUG: (src/list.c :87 :List_push) gay shit
DEBUG: (src/list.c :87 :List_push) gay shit
DEBUG: (src/list.c :87 :List_push) gay shit
DEBUG: (src/list.c :87 :List_push) gay shit
DEBUG: (src/list.c :87 :List_push) gay shit
DEBUG: (src/list.c :87 :List_push) gay shit
DEBUG: (src/list.c :87 :List_push) gay shit
DEBUG: (src/list.c :87 :List_push) gay shit
DEBUG: (src/list.c :87 :List_push) gay shit
DEBUG: (src/list.c :87 :List_push) gay shit
DEBUG: (src/list.c :87 :List_push) gay shit
DEBUG: (src/list.c :87 :List_push) gay shit
DEBUG: (src/list.c :87 :List_push) gay shit
DEBUG: (src/list.c :87 :List_push) gay shit
DEBUG: (src/list.c :87 :List_push) gay shit
DEBUG: (src/list.c :87 :List_push) gay shit
DEBUG: (src/list.c :87 :List_push) gay shit
DEBUG: (src/list.c :87 :List_push) gay shit
DEBUG: (src/list.c :87 :List_push) gay shit
DEBUG: (src/list.c :87 :List_push) gay shit
DEBUG: (src/list.c :87 :List_push) gay shit
DEBUG: (src/list.c :87 :List_push) gay shit
DEBUG: (src/list.c :87 :List_push) gay shit
DEBUG: (src/list.c :87 :List_push) gay shit
DEBUG: (src/list.c :87 :List_push) gay shit
DEBUG: (src/list.c :87 :List_push) gay shit
DEBUG: (src/list.c :87 :List_push) gay shit
DEBUG: (src/list.c :87 :List_push) gay shit
DEBUG: (src/list.c :87 :List_push) gay shit
DEBUG: (src/list.c :87 :List_push) gay shit
DEBUG: (src/list.c :87 :List_push) gay shit
DEBUG: (src/list.c :87 :List_push) gay shit
DEBUG: (src/list.c :87 :List_push) gay shit
DEBUG: (src/list.c :87 :List_push) gay shit
DEBUG: (src/list.c :87 :List_push) gay shit
DEBUG: (src/list.c :87 :List_push) gay shit
DEBUG: (src/list.c :87 :List_push) gay shit
DEBUG: (src/list.c :87 :List_push) gay shit
DEBUG: (src/list.c :87 :List_push) gay shit
DEBUG: (src/list.c :87 :List_push) gay shit
DEBUG: (src/list.c :87 :List_push) gay shit
DEBUG: (src/list.c :87 :List_push) gay shit
DEBUG: (src/list.c :87 :List_push) gay shit
DEBUG: (src/list.c :87 :List_push) gay shit
DEBUG: (src/list.c :87 :List_push) gay shit
DEBUG: (src/list.c :87 :List_push) gay shit
DEBUG: (src/list.c :87 :List_push) gay shit
DEBUG: (src/list.c :87 :List_push) gay shit
DEBUG: (src/list.c :87 :List_push) gay shit
DEBUG: (src/list.c :87 :List_push) gay shit
DEBUG: (src/list.c :87 :List_push) gay shit
DEBUG: (src/list.c :87 :List_push) gay shit
DEBUG: (src/list.c :87 :List_push) gay shit
DEBUG: (src/list.c :87 :List_push) gay shit
DEBUG: (src/list.c :87 :List_push) gay shit
DEBUG: (src/list.c :87 :List_push) gay shit
DEBUG: (src/list.c :87 :List_push) gay shit
DEBUG: (src/list.c :87 :List_push) gay shit
DEBUG: (src/list.c :87 :List_push) gay shit
DEBUG: (src/list.c :87 :List_push) gay shit
DEBUG: (src/list.c :87 :List_push) gay shit
DEBUG: (src/list.c :87 :List_push) gay shit
DEBUG: (src/list.c :87 :List_push) gay shit
DEBUG: (src/list.c :87 :List_push) gay shit
DEBUG: (src/list.c :87 :List_push) gay shit
DEBUG: (src/list.c :87 :List_push) gay shit
DEBUG: (src/list.c :87 :List_push) gay shit
DEBUG: (src/list.c :87 :List_push) gay shit
DEBUG: (src/list.c :87 :List_push) gay shit
DEBUG: (src/list.c :87 :List_push) gay shit
DEBUG: (src/list.c :87 :List_push) gay shit
DEBUG: (src/list.c :87 :List_push) gay shit
DEBUG: (src/list.c :87 :List_push) gay shit
DEBUG: (src/list.c :87 :List_push) gay shit
DEBUG: (src/list.c :87 :List_push) gay shit
DEBUG: (src/list.c :87 :List_push) gay shit
DEBUG: (src/list.c :87 :List_push) gay shit
DEBUG: (src/list.c :87 :List_push) gay shit
DEBUG: (src/list.c :87 :List_push) gay shit
DEBUG: (src/list.c :87 :List_push) gay shit
DEBUG: (src/list.c :87 :List_push) gay shit
DEBUG: (src/list.c :87 :List_push) gay shit
DEBUG: (src/list.c :87 :List_push) gay shit
DEBUG: (src/list.c :87 :List_push) gay shit
DEBUG: (src/list.c :87 :List_push) gay shit
DEBUG: (src/list.c :87 :List_push) gay shit
DEBUG: (src/list.c :87 :List_push) gay shit
DEBUG: (src/list.c :87 :List_push) gay shit
DEBUG: (src/list.c :87 :List_push) gay shit
DEBUG: (src/list.c :87 :List_push) gay shit
DEBUG: (src/list.c :87 :List_push) gay shit
DEBUG: (src/list.c :87 :List_push) gay shit
DEBUG: (src/list.c :87 :List_push) gay shit
DEBUG: (src/list.c :87 :List_push) gay shit
DEBUG: (src/list.c :87 :List_push) gay shit
DEBUG: (src/list.c :87 :List_push) gay shit
DEBUG: (src/list.c :87 :List_push) gay shit
DEBUG: (src/list.c :87 :List_push) gay shit
DEBUG: (src/list.c :87 :List_push) gay shit
DEBUG: (src/list.c :87 :List_push) gay shit
DEBUG: (src/list.c :87 :List_push) gay shit
DEBUG: (src/list.c :87 :List_push) gay shit
DEBUG: (src/list.c :87 :List_push) gay shit
DEBUG: (src/list.c :87 :List_push) gay shit
DEBUG: (src/list.c :87 :List_push) gay shit
DEBUG: (src/list.c :87 :List_push) gay shit
DEBUG: (src/list.c :87 :List_push) gay shit
DEBUG: (src/list.c :87 :List_push) gay shit
DEBUG: (src/list.c :87 :List_push) gay shit
DEBUG: (src/list.c :87 :List_push) gay shit
DEBUG: (src/list.c :87 :List_push) gay shit
DEBUG: (src/list.c :87 :List_push) gay shit
DEBUG: (src/list.c :87 :List_push) gay shit
DEBUG: (src/list.c :87 :List_push) gay shit
DEBUG: (src/list.c :87 :List_push) gay shit
DEBUG: (src/list.c :87 :List_push) gay shit
DEBUG: (src/list.c :87 :List_push) gay shit
DEBUG: (src/list.c :87 :List_push) gay shit
DEBUG: (src/list.c :87 :List_push) gay shit
DEBUG: (src/list.c :87 :List_push) gay shit
DEBUG: (src/list.c :87 :List_push) gay shit
DEBUG: (src/list.c :87 :List_push) gay shit
DEBUG: (src/list.c :87 :List_push) gay shit
DEBUG: (src/list.c :87 :List_push) gay shit
DEBUG: (src/list.c :87 :List_push) gay shit
DEBUG: (src/list.c :87 :List_push) gay shit
DEBUG: (src/list.c :87 :List_push) gay shit
DEBUG: (src/list.c :87 :List_push) gay shit
DEBUG: (src/list.c :87 :List_push) gay shit
DEBUG: (src/list.c :87 :List_push) gay shit
DEBUG: (src/list.c :87 :List_push) gay shit
DEBUG: (src/list.c :87 :List_push) gay shit
DEBUG: (src/list.c :87 :List_push) gay shit
DEBUG: (src/list.c :87 :List_push) gay shit
DEBUG: (src/list.c :87 :List_push) gay shit
DEBUG: (src/list.c :87 :List_push) gay shit
DEBUG: (src/list.c :87 :List_push) gay shit
DEBUG: (src/list.c :87 :List_push) gay shit
DEBUG: (src/list.c :87 :List_push) gay shit
DEBUG: (src/list.c :87 :List_push) gay shit
DEBUG: (src/list.c :87 :List_push) gay shit
DEBUG: (src/list.c :87 :List_push) gay shit
DEBUG: (src/list.c :87 :List_push) gay shit
DEBUG: (src/list.c :87 :List_push) gay shit
DEBUG: (src/list.c :87 :List_push) gay shit
DEBUG: (src/list.c :87 :List_push) gay shit
DEBUG: (src/list.c :87 :List_push) gay shit
DEBUG: (src/list.c :87 :List_push) gay shit
DEBUG: (src/list.c :87 :List_push) gay shit
DEBUG: (src/list.c :87 :List_push) gay shit
DEBUG: (src/list.c :87 :List_push) gay shit
DEBUG: (src/list.c :87 :List_push) gay shit
DEBUG: (src/list.c :87 :List_push) gay shit
DEBUG: (src/list.c :87 :List_push) gay shit
DEBUG: (src/list.c :87 :List_push) gay shit
DEBUG: (src/list.c :87 :List_push) gay shit
DEBUG: (src/list.c :87 :List_push) gay shit
DEBUG: (src/list.c :87 :List_push) gay shit
DEBUG: (src/list.c :87 :List_push) gay shit
DEBUG: (src/list.c :87 :List_push) gay shit
DEBUG: (src/list.c :87 :List_push) gay shit
DEBUG: (src/list.c :87 :List_push) gay shit
DEBUG: (src/list.c :87 :List_push) gay shit
DEBUG: (src/list.c :87 :List_push) gay shit
DEBUG: (src/list.c :87 :List_push) gay shit
DEBUG: (src/list.c :87 :List_push) gay shit
DEBUG: (src/list.c :87 :List_push) gay shit
DEBUG: (src/list.c :87 :List_push) gay shit
DEBUG: (src/list.c :87 :List_push) gay shit
DEBUG: (src/list.c :87 :List_push) gay shit
DEBUG: (src/list.c :87 :List_push) gay shit
DEBUG: (src/list.c :87 :List_push) gay shit
DEBUG: (src/list.c :87 :List_push) gay shit
DEBUG: (src/list.c :87 :List_push) gay shit
DEBUG: (src/list.c :87 :List_push) gay shit
DEBUG: (src/list.c :87 :List_push) gay shit
DEBUG: (src/list.c :87 :List_push) gay shit
DEBUG: (src/list.c :87 :List_push) gay shit
DEBUG: (src/list.c :87 :List_push) gay shit
DEBUG: (src/list.c :87 :List_push) gay shit
DEBUG: (src/list.c :87 :List_push) gay shit
DEBUG: (src/list.c :87 :List_push) gay shit
DEBUG: (src/list.c :87 :List_push) gay shit
DEBUG: (src/list.c :87 :List_push) gay shit
DEBUG: (src/list.c :87 :List_push) gay shit
DEBUG: (src/list.c :87 :List_push) gay shit
DEBUG: (src/list.c :87 :List_push) gay shit
DEBUG: (src/list.c :87 :List_push) gay shit
DEBUG: (src/list.c :87 :List_push) gay shit
DEBUG: (src/list.c :87 :List_push) gay shit
DEBUG: (src/list.c :87 :List_push) gay shit
DEBUG: (src/list.c :87 :List_push) gay shit
DEBUG: (src/list.c :87 :List_push) gay shit
DEBUG: (src/list.c :87 :List_push) gay shit
DEBUG: (src/list.c :87 :List_push) gay shit
DEBUG: (src/list.c :87 :List_push) gay shit
DEBUG: (src/list.c :87 :List_push) gay shit
DEBUG: (src/list.c :87 :List_push) gay shit
DEBUG: (src/list.c :87 :List_push) gay shit
DEBUG: (src/list.c :87 :List_push) gay shit
DEBUG: (src/list.c :87 :List_push) gay shit
DEBUG: (src/list.c :87 :List_push) gay shit
DEBUG: (src/list.c :87 :List_push) gay shit
DEBUG: (src/list.c :87 :List_push) gay shit
DEBUG: (src/list.c :87 :List_push) gay shit
DEBUG: (src/list.c :87 :List_push) gay shit
DEBUG: (src/list.c :87 :List_push) gay shit
DEBUG: (src/list.c :87 :List_push) gay shit
DEBUG: (src/list.c :87 :List_push) gay shit
DEBUG: (src/list.c :87 :List_push) gay shit
DEBUG: (src/list.c :87 :List_push) gay shit
DEBUG: (src/list.c :87 :List_push) gay shit
DEBUG: (src/list.c :87 :List_push) gay shit
DEBUG: (src/list.c :87 :List_push) gay shit
DEBUG: (src/list.c :87 :List_push) gay shit
DEBUG: (src/list.c :87 :List_push) gay shit
DEBUG: (src/list.c :87 :List_push) gay shit
DEBUG: (src/list.c :87 :List_push) gay shit
DEBUG: (src/list.c :87 :List_push) gay shit
DEBUG: (src/list.c :87 :List_push) gay shit
DEBUG: (src/list.c :87 :List_push) gay shit
DEBUG: (src/list.c :87 :List_push) gay shit
DEBUG: (src/list.c :87 :List_push) gay shit
DEBUG: (src/list.c :87 :List_push) gay shit
DEBUG: (src/list.c :87 :List_push) gay shit
DEBUG: (src/list.c :87 :List_push) gay shit
DEBUG: (src/list.c :87 :List_push) gay shit
DEBUG: (src/list.c :87 :List_push) gay shit
DEBUG: (src/list.c :87 :List_push) gay shit
DEBUG: (src/list.c :87 :List_push) gay shit
DEBUG: (src/list.c :87 :List_push) gay shit
DEBUG: (src/list.c :87 :List_push) gay shit
DEBUG: (src/list.c :87 :List_push) gay shit
DEBUG: (src/list.c :87 :List_push) gay shit
DEBUG: (src/list.c :87 :List_push) gay shit
DEBUG: (src/list.c :87 :List_push) gay shit
DEBUG: (src/list.c :87 :List_push) gay shit
DEBUG: (src/list.c :87 :List_push) gay shit
DEBUG: (src/list.c :87 :List_push) gay shit
DEBUG: (src/list.c :87 :List_push) gay shit
DEBUG: (src/list.c :87 :List_push) gay shit
DEBUG: (src/list.c :87 :List_push) gay shit
DEBUG: (src/list.c :87 :List_push) gay shit
DEBUG: (src/list.c :87 :List_push) gay shit
DEBUG: (src/list.c :87 :List_push) gay shit
DEBUG: (src/list.c :87 :List_push) gay shit
DEBUG: (src/list.c :87 :List_push) gay shit
DEBUG: (src/list.c :87 :List_push) gay shit
DEBUG: (src/list.c :87 :List_push) gay shit
DEBUG: (src/list.c :87 :List_push) gay shit
DEBUG: (src/list.c :87 :List_push) gay shit
DEBUG: (src/list.c :87 :List_push) gay shit
DEBUG: (src/list.c :87 :List_push) gay shit
DEBUG: (src/list.c :87 :List_push) gay shit
DEBUG: (src/list.c :87 :List_push) gay shit
DEBUG: (src/list.c :87 :List_push) gay shit
DEBUG: (src/list.c :87 :List_push) gay shit
DEBUG: (src/list.c :87 :List_push) gay shit
DEBUG: (src/list.c :87 :List_push) gay shit
DEBUG: (src/list.c :87 :List_push) gay shit
DEBUG: (src/list.c :87 :List_push) gay shit
DEBUG: (src/list.c :87 :List_push) gay shit
DEBUG: (src/list.c :87 :List_push) gay shit
DEBUG: (src/list.c :87 :List_push) gay shit
DEBUG: (src/list.c :87 :List_push) gay shit
DEBUG: (src/list.c :87 :List_push) gay shit
DEBUG: (src/list.c :87 :List_push) gay shit
DEBUG: (src/list.c :87 :List_push) gay shit
DEBUG: (src/list.c :87 :List_push) gay shit
DEBUG: (src/list.c :87 :List_push) gay shit
DEBUG: (src/list.c :87 :List_push) gay shit
DEBUG: (src/list.c :87 :List_push) gay shit
DEBUG: (src/list.c :87 :List_push) gay shit
DEBUG: (src/list.c :87 :List_push) gay shit
DEBUG: (src/list.c :87 :List_push) gay shit
DEBUG: (src/list.c :87 :List_push) gay shit
DEBUG: (src/list.c :87 :List_push) gay shit
DEBUG: (src/list.c :87 :List_push) gay shit
DEBUG: (src/list.c :87 :List_push) gay shit
DEBUG: (src/list.c :87 :List_push) gay shit
DEBUG: (src/list.c :87 :List_push) gay shit
DEBUG: (src/list.c :87 :List_push) gay shit
DEBUG: (src/list.c :87 :List_push) gay shit
DEBUG: (src/list.c :87 :List_push) gay shit
DEBUG: (src/list.c :87 :List_push) gay shit
DEBUG: (src/list.c :87 :List_push) gay shit
DEBUG: (src/list.c :87 :List_push) gay shit
DEBUG: (src/list.c :87 :List_push) gay shit
DEBUG: (src/list.c :87 :List_push) gay shit
DEBUG: (src/list.c :87 :List_push) gay shit
DEBUG: (src/list.c :87 :List_push) gay shit
DEBUG: (src/list.c :87 :List_push) gay shit
DEBUG: (src/list.c :87 :List_push) gay shit
DEBUG: (src/list.c :87 :List_push) gay shit
DEBUG: (src/list.c :87 :List_push) gay shit
DEBUG: (src/list.c :87 :List_push) gay shit
DEBUG: (src/list.c :87 :List_push) gay shit
DEBUG: (src/list.c :87 :List_push) gay shit
DEBUG: (src/list.c :87 :List_push) gay shit
DEBUG: (src/list.c :87 :List_push) gay shit
DEBUG: (src/list.c :87 :List_push) gay shit
DEBUG: (src/list.c :87 :List_push) gay shit
DEBUG: (src/list.c :87 :List_push) gay shit
DEBUG: (src/list.c :87 :List_push) gay shit
DEBUG: (src/list.c :87 :List_push) gay shit
DEBUG: (src/list.c :87 :List_push) gay shit
DEBUG: (src/list.c :87 :List_push) gay shit
DEBUG: (src/list.c :87 :List_push) gay shit
DEBUG: (src/list.c :87 :List_push) gay shit
DEBUG: (src/list.c :87 :List_push) gay shit
DEBUG: (src/list.c :87 :List_push) gay shit
DEBUG: (src/list.c :87 :List_push) gay shit
DEBUG: (src/list.c :87 :List_push) gay shit
DEBUG: (src/list.c :87 :List_push) gay shit
DEBUG: (src/list.c :87 :List_push) gay shit
DEBUG: (src/list.c :87 :List_push) gay shit
DEBUG: (src/list.c :87 :List_push) gay shit
DEBUG: (src/list.c :87 :List_push) gay shit
DEBUG: (src/list.c :87 :List_push) gay shit
DEBUG: (src/list.c :87 :List_push) gay shit
DEBUG: (src/list.c :87 :List_push) gay shit
DEBUG: (src/list.c :87 :List_push) gay shit
DEBUG: (src/list.c :87 :List_push) gay shit
DEBUG: (src/list.c :87 :List_push) gay shit
DEBUG: (src/list.c :87 :List_push) gay shit
DEBUG: (src/list.c :87 :List_push) gay shit
DEBUG: (src/list.c :87 :List_push) gay shit
DEBUG: (src/list.c :87 :List_push) gay shit
DEBUG: (src/list.c :87 :List_push) gay shit
DEBUG: (src/list.c :87 :List_push) gay shit
DEBUG: (src/list.c :87 :List_push) gay shit
DEBUG: (src/list.c :87 :List_push) gay shit
DEBUG: (src/list.c :87 :List_push) gay shit
DEBUG: (src/list.c :87 :List_push) gay shit
DEBUG: (src/list.c :87 :List_push) gay shit
DEBUG: (src/list.c :87 :List_push) gay shit
DEBUG: (src/list.c :87 :List_push) gay shit
DEBUG: (src/list.c :87 :List_push) gay shit
DEBUG: (src/list.c :87 :List_push) gay shit
DEBUG: (src/list.c :87 :List_push) gay shit
DEBUG: (src/list.c :87 :List_push) gay shit
DEBUG: (src/list.c :87 :List_push) gay shit
DEBUG: (src/list.c :87 :List_push) gay shit
DEBUG: (src/list.c :87 :List_push) gay shit
DEBUG: (src/list.c :87 :List_push) gay shit
DEBUG: (src/list.c :87 :List_push) gay shit
DEBUG: (src/list.c :87 :List_push) gay shit
DEBUG: (src/list.c :87 :List_push) gay shit
DEBUG: (src/list.c :87 :List_push) gay shit
DEBUG: (src/list.c :87 :List_push) gay shit
DEBUG: (src/list.c :87 :List_push) gay shit
DEBUG: (src/list.c :87 :List_push) gay shit
DEBUG: (src/list.c :87 :List_push) gay shit
DEBUG: (src/list.c :87 :List_push) gay shit
DEBUG: (src/list.c :87 :List_push) gay shit
DEBUG: (src/list.c :87 :List_push) gay shit
DEBUG: (src/list.c :87 :List_push) gay shit
DEBUG: (src/list.c :87 :List_push) gay shit
DEBUG: (src/list.c :87 :List_push) gay shit
DEBUG: (src/list.c :87 :List_push) gay shit
DEBUG: (src/list.c :87 :List_push) gay shit
DEBUG: (src/list.c :87 :List_push) gay shit
DEBUG: (src/list.c :87 :List_push) gay shit
DEBUG: (src/list.c :87 :List_push) gay shit
DEBUG: (src/list.c :87 :List_push) gay shit
DEBUG: (src/list.c :87 :List_push) gay shit
DEBUG: (src/list.c :87 :List_push) gay shit
DEBUG: (src/list.c :87 :List_push) gay shit
DEBUG: (src/list.c :87 :List_push) gay shit
DEBUG: (src/list.c :87 :List_push) gay shit
DEBUG: (src/list.c :87 :List_push) gay shit
DEBUG: (src/list.c :87 :List_push) gay shit
DEBUG: (src/list.c :87 :List_push) gay shit
DEBUG: (src/list.c :87 :List_push) gay shit
DEBUG: (src/list.c :87 :List_push) gay shit
DEBUG: (src/list.c :87 :List_push) gay shit
DEBUG: (src/list.c :87 :List_push) gay shit
DEBUG: (src/list.c :87 :List_push) gay shit
DEBUG: (src/list.c :87 :List_push) gay shit
DEBUG: (src/list.c :87 :List_push) gay shit
DEBUG: (src/list.c :87 :List_push) gay shit
DEBUG: (src/list.c :87 :List_push) gay shit
DEBUG: (src/list.c :87 :List_push) gay shit
DEBUG: (src/list.c :87 :List_push) gay shit
DEBUG: (src/list.c :87 :List_push) gay shit
DEBUG: (src/list.c :87 :List_push) gay shit
DEBUG: (src/list.c :87 :List_push) gay shit
DEBUG: (src/list.c :87 :List_push) gay shit
DEBUG: (src/list.c :87 :List_push) gay shit
DEBUG: (src/list.c :87 :List_push) gay shit
DEBUG: (src/list.c :87 :List_push) gay shit
DEBUG: (src/list.c :87 :List_push) gay shit
DEBUG: (src/list.c :87 :List_push) gay shit
DEBUG: (src/list.c :87 :List_push) gay shit
DEBUG: (src/list.c :87 :List_push) gay shit
DEBUG: (src/list.c :87 :List_push) gay shit
DEBUG: (src/list.c :87 :List_push) gay shit
DEBUG: (src/list.c :87 :List_push) gay shit
DEBUG: (src/list.c :87 :List_push) gay shit
DEBUG: (src/list.c :87 :List_push) gay shit
DEBUG: (src/list.c :87 :List_push) gay shit
DEBUG: (src/list.c :87 :List_push) gay shit
DEBUG: (src/list.c :87 :List_push) gay shit
DEBUG: (src/list.c :87 :List_push) gay shit
DEBUG: (src/list.c :87 :List_push) gay shit
DEBUG: (src/list.c :87 :List_push) gay shit
DEBUG: (src/list.c :87 :List_push) gay shit
DEBUG: (src/list.c :87 :List_push) gay shit
DEBUG: (src/list.c :87 :List_push) gay shit
DEBUG: (src/list.c :87 :List_push) gay shit
DEBUG: (src/list.c :87 :List_push) gay shit
DEBUG: (src/list.c :87 :List_push) gay shit
DEBUG: (src/list.c :87 :List_push) gay shit
DEBUG: (src/list.c :87 :List_push) gay shit
DEBUG: (src/list.c :87 :List_push) gay shit
DEBUG: (src/list.c :87 :List_push) gay shit
DEBUG: (src/list.c :87 :List_push) gay shit
DEBUG: (src/list.c :87 :List_push) gay shit
DEBUG: (src/list.c :87 :List_push) gay shit
DEBUG: (src/list.c :87 :List_push) gay shit
DEBUG: (src/list.c :87 :List_push) gay shit
DEBUG: (src/list.c :87 :List_push) gay shit
DEBUG: (src/list.c :87 :List_push) gay shit
DEBUG: (src/list.c :87 :List_push) gay shit
DEBUG: (src/list.c :87 :List_push) gay shit
DEBUG: (src/list.c :87 :List_push) gay shit
DEBUG: (src/list.c :87 :List_push) gay shit
DEBUG: (src/list.c :87 :List_push) gay shit
DEBUG: (src/list.c :87 :List_push) gay shit
DEBUG: (src/list.c :87 :List_push) gay shit
DEBUG: (src/list.c :87 :List_push) gay shit
DEBUG: (src/list.c :87 :List_push) gay shit
DEBUG: (src/list.c :87 :List_push) gay shit
DEBUG: (src/list.c :87 :List_push) gay shit
DEBUG: (src/list.c :87 :List_push) gay shit
DEBUG: (src/list.c :87 :List_push) gay shit
DEBUG: (src/list.c :87 :List_push) gay shit
DEBUG: (src/list.c :87 :List_push) gay shit
DEBUG: (src/list.c :87 :List_push) gay shit
DEBUG: (src/list.c :87 :List_push) gay shit
DEBUG: (src/list.c :87 :List_push) gay shit
DEBUG: (src/list.c :87 :List_push) gay shit
DEBUG: (src/list.c :87 :List_push) gay shit
DEBUG: (src/list.c :87 :List_push) gay shit
DEBUG: (src/list.c :87 :List_push) gay shit
DEBUG: (src/list.c :87 :List_push) gay shit
DEBUG: (src/list.c :87 :List_push) gay shit
DEBUG: (src/list.c :87 :List_push) gay shit
DEBUG: (src/list.c :87 :List_push) gay shit
DEBUG: (src/list.c :87 :List_push) gay shit
DEBUG: (src/list.c :87 :List_push) gay shit
DEBUG: (src/list.c :87 :List_push) gay shit
DEBUG: (src/list.c :87 :List_push) gay shit
DEBUG: (src/list.c :87 :List_push) gay shit
DEBUG: (src/list.c :87 :List_push) gay shit
DEBUG: (src/list.c :87 :List_push) gay shit
DEBUG: (src/list.c :87 :List_push) gay shit
DEBUG: (src/list.c :87 :List_push) gay shit
DEBUG: (src/list.c :87 :List_push) gay shit
DEBUG: (src/list.c :87 :List_push) gay shit
DEBUG: (src/list.c :87 :List_push) gay shit
DEBUG: (src/list.c :87 :List_push) gay shit
DEBUG: (src/list.c :87 :List_push) gay shit
DEBUG: (src/list.c :87 :List_push) gay shit
DEBUG: (src/list.c :87 :List_push) gay shit
DEBUG: (src/list.c :87 :List_push) gay shit
DEBUG: (src/list.c :87 :List_push) gay shit
DEBUG: (src/list.c :87 :List_push) gay shit
DEBUG: (src/list.c :87 :List_push) gay shit
DEBUG: (src/list.c :87 :List_push) gay shit
DEBUG: (src/list.c :87 :List_push) gay shit
DEBUG: (src/list.c :87 :List_push) gay shit
DEBUG: (src/list.c :87 :List_push) gay shit
DEBUG: (src/list.c :87 :List_push) gay shit
DEBUG: (src/list.c :87 :List_push) gay shit
DEBUG: (src/list.c :87 :List_push) gay shit
DEBUG: (src/list.c :87 :List_push) gay shit
DEBUG: (src/list.c :87 :List_push) gay shit
DEBUG: (src/list.c :87 :List_push) gay shit
DEBUG: (src/list.c :87 :List_push) gay shit
DEBUG: (src/list.c :87 :List_push) gay shit
DEBUG: (src/list.c :87 :List_push) gay shit
DEBUG: (src/list.c :87 :List_push) gay shit
DEBUG: (src/list.c :87 :List_push) gay shit
DEBUG: (src/list.c :87 :List_push) gay shit
DEBUG: (src/list.c :87 :List_push) gay shit
DEBUG: (src/list.c :87 :List_push) gay shit
DEBUG: (src/list.c :87 :List_push) gay shit
DEBUG: (src/list.c :87 :List_push) gay shit
DEBUG: (src/list.c :87 :List_push) gay shit
DEBUG: (src/list.c :87 :List_push) gay shit
DEBUG: (src/list.c :87 :List_push) gay shit
DEBUG: (src/list.c :87 :List_push) gay shit
DEBUG: (src/list.c :87 :List_push) gay shit
DEBUG: (src/list.c :87 :List_push) gay shit
DEBUG: (src/list.c :87 :List_push) gay shit
DEBUG: (src/list.c :87 :List_push) gay shit
DEBUG: (src/list.c :87 :List_push) gay shit
DEBUG: (src/list.c :87 :List_push) gay shit
DEBUG: (src/list.c :87 :List_push) gay shit
DEBUG: (src/list.c :87 :List_push) gay shit
DEBUG: (src/list.c :87 :List_push) gay shit
DEBUG: (src/list.c :87 :List_push) gay shit
DEBUG: (src/list.c :87 :List_push) gay shit
DEBUG: (src/list.c :87 :List_push) gay shit
DEBUG: (src/list.c :87 :List_push) gay shit
DEBUG: (src/list.c :87 :List_push) gay shit
DEBUG: (src/list.c :87 :List_push) gay shit
DEBUG: (src/list.c :87 :List_push) gay shit
DEBUG: (src/list.c :87 :List_push) gay shit
DEBUG: (src/list.c :87 :List_push) gay shit
DEBUG: (src/list.c :87 :List_push) gay shit
DEBUG: (src/list.c :87 :List_push) gay shit
DEBUG: (src/list.c :87 :List_push) gay shit
DEBUG: (src/list.c :87 :List_push) gay shit
DEBUG: (src/list.c :87 :List_push) gay shit
DEBUG: (src/list.c :87 :List_push) gay shit
DEBUG: (src/list.c :87 :List_push) gay shit
DEBUG: (src/list.c :87 :List_push) gay shit
DEBUG: (src/list.c :87 :List_push) gay shit
DEBUG: (src/list.c :87 :List_push) gay shit
DEBUG: (src/list.c :87 :List_push) gay shit
DEBUG: (src/list.c :87 :List_push) gay shit
DEBUG: (src/list.c :87 :List_push) gay shit
DEBUG: (src/list.c :87 :List_push) gay shit
DEBUG: (src/list.c :87 :List_push) gay shit
DEBUG: (src/list.c :87 :List_push) gay shit
DEBUG: (src/list.c :87 :List_push) gay shit
DEBUG: (src/list.c :87 :List_push) gay shit
DEBUG: (src/list.c :87 :List_push) gay shit
DEBUG: (src/list.c :87 :List_push) gay shit
DEBUG: (src/list.c :87 :List_push) gay shit
DEBUG: (src/list.c :87 :List_push) gay shit
DEBUG: (src/list.c :87 :List_push) gay shit
DEBUG: (src/list.c :87 :List_push) gay shit
DEBUG: (src/list.c :87 :List_push) gay shit
DEBUG: (src/list.c :87 :List_push) gay shit
DEBUG: (src/list.c :87 :List_push) gay shit
DEBUG: (src/list.c :87 :List_push) gay shit
DEBUG: (src/list.c :87 :List_push) gay shit
DEBUG: (src/list.c :87 :List_push) gay shit
DEBUG: (src/list.c :87 :List_push) gay shit
DEBUG: (src/list.c :87 :List_push) gay shit
DEBUG: (src/list.c :87 :List_push) gay shit
DEBUG: (src/list.c :87 :List_push) gay shit
DEBUG: (src/list.c :87 :List_push) gay shit
DEBUG: (src/list.c :87 :List_push) gay shit
DEBUG: (src/list.c :87 :List_push) gay shit
DEBUG: (src/list.c :87 :List_push) gay shit
DEBUG: (src/list.c :87 :List_push) gay shit
DEBUG: (src/list.c :87 :List_push) gay shit
DEBUG: (src/list.c :87 :List_push) gay shit
DEBUG: (src/list.c :87 :List_push) gay shit
DEBUG: (src/list.c :87 :List_push) gay shit
DEBUG: (src/list.c :87 :List_push) gay shit
DEBUG: (src/list.c :87 :List_push) gay shit
DEBUG: (src/list.c :87 :List_push) gay shit
DEBUG: (src/list.c :87 :List_push) gay shit
DEBUG: (src/list.c :87 :List_push) gay shit
DEBUG: (src/list.c :87 :List_push) gay shit
DEBUG: (src/list.c :87 :List_push) gay shit
DEBUG: (src/list.c :87 :List_push) gay shit
DEBUG: (src/list.c :87 :List_push) gay shit
DEBUG: (src/list.c :87 :List_push) gay shit
DEBUG: (src/list.c :87 :List_push) gay shit
DEBUG: (src/list.c :87 :List_push) gay shit
DEBUG: (src/list.c :87 :List_push) gay shit
DEBUG: (src/list.c :87 :List_push) gay shit
DEBUG: (src/list.c :87 :List_push) gay shit
DEBUG: (src/list.c :87 :List_push) gay shit
DEBUG: (src/list.c :87 :List_push) gay shit
DEBUG: (src/list.c :87 :List_push) gay shit
DEBUG: (src/list.c :87 :List_push) gay shit
DEBUG: (src/list.c :87 :List_push) gay shit
DEBUG: (src/list.c :87 :List_push) gay shit
DEBUG: (src/list.c :87 :List_push) gay shit
DEBUG: (src/list.c :87 :List_push) gay shit
DEBUG: (src/list.c :87 :List_push) gay shit
DEBUG: (src/list.c :87 :List_push) gay shit
DEBUG: (src/list.c :87 :List_push) gay shit
DEBUG: (src/list.c :87 :List_push) gay shit
DEBUG: (src/list.c :87 :List_push) gay shit
DEBUG: (src/list.c :87 :List_push) gay shit
DEBUG: (src/list.c :87 :List_push) gay shit
DEBUG: (src/list.c :87 :List_push) gay shit
DEBUG: (src/list.c :87 :List_push) gay shit
DEBUG: (src/list.c :87 :List_push) gay shit
DEBUG: (src/list.c :87 :List_push) gay shit
DEBUG: (src/list.c :87 :List_push) gay shit
DEBUG: (src/list.c :87 :List_push) gay shit
DEBUG: (src/list.c :87 :List_push) gay shit
DEBUG: (src/list.c :87 :List_push) gay shit
DEBUG: (src/list.c :87 :List_push) gay shit
DEBUG: (src/list.c :87 :List_push) gay shit
DEBUG: (src/list.c :87 :List_push) gay shit
DEBUG: (src/list.c :87 :List_push) gay shit
DEBUG: (src/list.c :87 :List_push) gay shit
DEBUG: (src/list.c :87 :List_push) gay shit
DEBUG: (src/list.c :87 :List_push) gay shit
DEBUG: (src/list.c :87 :List_push) gay shit
DEBUG: (src/list.c :87 :List_push) gay shit
DEBUG: (src/list.c :87 :List_push) gay shit
DEBUG: (src/list.c :87 :List_push) gay shit
DEBUG: (src/list.c :87 :List_push) gay shit
DEBUG: (src/list.c :87 :List_push) gay shit
DEBUG: (src/list.c :87 :List_push) gay shit
DEBUG: (src/list.c :87 :List_push) gay shit
DEBUG: (src/list.c :87 :List_push) gay shit
DEBUG: (src/list.c :87 :List_push) gay shit
DEBUG: (src/list.c :87 :List_push) gay shit
DEBUG: (src/list.c :87 :List_push) gay shit
DEBUG: (src/list.c :87 :List_push) gay shit
DEBUG: (src/list.c :87 :List_push) gay shit
DEBUG: (src/list.c :87 :List_push) gay shit
DEBUG: (src/list.c :87 :List_push) gay shit
DEBUG: (src/list.c :87 :List_push) gay shit
DEBUG: (src/list.c :87 :List_push) gay shit
DEBUG: (src/list.c :87 :List_push) gay shit
DEBUG: (src/list.c :87 :List_push) gay shit
DEBUG: (src/list.c :87 :List_push) gay shit
DEBUG: (src/list.c :87 :List_push) gay shit
DEBUG: (src/list.c :87 :List_push) gay shit
DEBUG: (src/list.c :87 :List_push) gay shit
DEBUG: (src/list.c :87 :List_push) gay shit
DEBUG: (src/list.c :87 :List_push) gay shit
DEBUG: (src/list.c :87 :List_push) gay shit
DEBUG: (src/list.c :87 :List_push) gay shit
DEBUG: (src/list.c :87 :List_push) gay shit
DEBUG: (src/list.c :87 :List_push) gay shit
DEBUG: (src/list.c :87 :List_push) gay shit
DEBUG: (src/list.c :87 :List_push) gay shit
DEBUG: (src/list.c :87 :List_push) gay shit
DEBUG: (src/list.c :87 :List_push) gay shit
DEBUG: (src/list.c :87 :List_push) gay shit
DEBUG: (src/list.c :87 :List_push) gay shit
DEBUG: (src/list.c :87 :List_push) gay shit
DEBUG: (src/list.c :87 :List_push) gay shit
DEBUG: (src/list.c :87 :List_push) gay shit
DEBUG: (src/list.c :87 :List_push) gay shit
DEBUG: (src/list.c :87 :List_push) gay shit
DEBUG: (src/list.c :87 :List_push) gay shit
DEBUG: (src/list.c :87 :List_push) gay shit
DEBUG: (src/list.c :87 :List_push) gay shit
DEBUG: (src/list.c :87 :List_push) gay shit
DEBUG: (src/list.c :87 :List_push) gay shit
DEBUG: (src/list.c :87 :List_push) gay shit
DEBUG: (src/list.c :87 :List_push) gay shit
DEBUG: (src/list.c :87 :List_push) gay shit
DEBUG: (src/list.c :87 :List_push) gay shit
DEBUG: (src/list.c :87 :List_push) gay shit
DEBUG: (src/list.c :87 :List_push) gay shit
DEBUG: (src/list.c :87 :List_push) gay shit
DEBUG: (src/list.c :87 :List_push) gay shit
DEBUG: (src/list.c :87 :List_push) gay shit
DEBUG: (src/list.c :87 :List_push) gay shit
DEBUG: (src/list.c :87 :List_push) gay shit
DEBUG: (src/list.c :87 :List_push) gay shit
DEBUG: (src/list.c :87 :List_push) gay shit
DEBUG: (src/list.c :87 :List_push) gay shit
DEBUG: (src/list.c :87 :List_push) gay shit
DEBUG: (src/list.c :87 :List_push) gay shit
DEBUG: (src/list.c :87 :List_push) gay shit
DEBUG: (src/list.c :87 :List_push) gay shit
DEBUG: (src/list.c :87 :List_push) gay shit
DEBUG: (src/list.c :87 :List_push) gay shit
DEBUG: (src/list.c :87 :List_push) gay shit
DEBUG: (src/list.c :87 :List_push) gay shit
DEBUG: (src/list.c :87 :List_push) gay shit
DEBUG: (src/list.c :87 :List_push) gay shit
DEBUG: (src/list.c :87 :List_push) gay shit
DEBUG: (src/list.c :87 :List_push) gay shit
DEBUG: (src/list.c :87 :List_push) gay shit
DEBUG: (src/list.c :87 :List_push) gay shit
DEBUG: (src/list.c :87 :List_push) gay shit
DEBUG: (src/list.c :87 :List_push) gay shit
DEBUG: (src/list.c :87 :List_push) gay shit
DEBUG: (src/list.c :87 :List_push) gay shit
DEBUG: (src/list.c :87 :List_push) gay shit
DEBUG: (src/list.c :87 :List_push) gay shit
DEBUG: (src/list.c :87 :List_push) gay shit
DEBUG: (src/list.c :87 :List_push) gay shit
DEBUG: (src/list.c :87 :List_push) gay shit
DEBUG: (src/list.c :87 :List_push) gay shit
DEBUG: (src/list.c :87 :List_push) gay shit
DEBUG: (src/list.c :87 :List_push) gay shit
DEBUG: (src/list.c :87 :List_push) gay shit
DEBUG: (src/list.c :87 :List_push) gay shit
DEBUG: (src/list.c :87 :List_push) gay shit
DEBUG: (src/list.c :87 :List_push) gay shit
DEBUG: (src/list.c :87 :List_push) gay shit
DEBUG: (src/list.c :87 :List_push) gay shit
DEBUG: (src/list.c :87 :List_push) gay shit
DEBUG: (src/list.c :87 :List_push) gay shit
DEBUG: (src/list.c :87 :List_push) gay shit
DEBUG: (src/list.c :87 :List_push) gay shit
DEBUG: (src/list.c :87 :List_push) gay shit
DEBUG: (src/list.c :87 :List_push) gay shit
DEBUG: (src/list.c :87 :List_push) gay shit
DEBUG: (src/list.c :87 :List_push) gay shit
DEBUG: (src/list.c :87 :List_push) gay shit
DEBUG: (src/list.c :87 :List_push) gay shit
DEBUG: (src/list.c :87 :List_push) gay shit
DEBUG: (src/list.c :87 :List_push) gay shit
DEBUG: (src/list.c :87 :List_push) gay shit
DEBUG: (src/list.c :87 :List_push) gay shit
DEBUG: (src/list.c :87 :List_push) gay shit
DEBUG: (src/list.c :87 :List_push) gay shit
DEBUG: (src/list.c :87 :List_push) gay shit
DEBUG: (src/list.c :87 :List_push) gay shit
DEBUG: (src/list.c :87 :List_push) gay shit
DEBUG: (src/list.c :87 :List_push) gay shit
DEBUG: (src/list.c :87 :List_push) gay shit
DEBUG: (src/list.c :87 :List_push) gay shit
DEBUG: (src/list.c :87 :List_push) gay shit
DEBUG: (src/list.c :87 :List_push) gay shit
DEBUG: (src/list.c :87 :List_push) gay shit
DEBUG: (src/list.c :87 :List_push) gay shit
DEBUG: (src/list.c :87 :List_push) gay shit
DEBUG: (src/list.c :87 :List_push) gay shit
DEBUG: (src/list.c :87 :List_push) gay shit
DEBUG: (src/list.c :87 :List_push) gay shit
DEBUG: (src/list.c :87 :List_push) gay shit
DEBUG: (src/list.c :87 :List_push) gay shit
DEBUG: (src/list.c :87 :List_push) gay shit
DEBUG: (src/list.c :87 :List_push) gay shit
DEBUG: (src/list.c :87 :List_push) gay shit
DEBUG: (src/list.c :87 :List_push) gay shit
DEBUG: (src/list.c :87 :List_push) gay shit
DEBUG: (src/list.c :87 :List_push) gay shit
DEBUG: (src/list.c :87 :List_push) gay shit
DEBUG: (src/list.c :87 :List_push) gay shit
DEBUG: (src/list.c :87 :List_push) gay shit
DEBUG: (src/list.c :87 :List_push) gay shit
DEBUG: (src/list.c :87 :List_push) gay shit
DEBUG: (src/list.c :87 :List_push) gay shit
DEBUG: (src/list.c :87 :List_push) gay shit
DEBUG: (src/list.c :87 :List_push) gay shit
DEBUG: (src/list.c :87 :List_push) gay shit
DEBUG: (src/list.c :87 :List_push) gay shit
DEBUG: (src/list.c :87 :List_push) gay shit
DEBUG: (src/list.c :87 :List_push) gay shit
DEBUG: (src/list.c :87 :List_push) gay shit
DEBUG: (src/list.c :87 :List_push) gay shit
DEBUG: (src/list.c :87 :List_push) gay shit
DEBUG: (src/list.c :87 :List_push) gay shit
DEBUG: (src/list.c :87 :List_push) gay shit
DEBUG: (src/list.c :87 :List_push) gay shit
DEBUG: (src/list.c :87 :List_push) gay shit
DEBUG: (src/list.c :87 :List_push) gay shit
DEBUG: (src/list.c :87 :List_push) gay shit
DEBUG: (src/list.c :87 :List_push) gay shit
DEBUG: (src/list.c :87 :List_push) gay shit
DEBUG: (src/list.c :87 :List_push) gay shit
DEBUG: (src/list.c :87 :List_push) gay shit
DEBUG: (src/list.c :87 :List_push) gay shit
DEBUG: (src/list.c :87 :List_push) gay shit
DEBUG: (src/list.c :87 :List_push) gay shit
DEBUG: (src/list.c :87 :List_push) gay shit
DEBUG: (src/list.c :87 :List_push) gay shit
DEBUG: (src/list.c :87 :List_push) gay shit
DEBUG: (src/list.c :87 :List_push) gay shit
DEBUG: (src/list.c :87 :List_push) gay shit
DEBUG: (src/list.c :87 :List_push) gay shit
DEBUG: (src/list.c :87 :List_push) gay shit
DEBUG: (src/list.c :87 :List_push) gay shit
DEBUG: (src/list.c :87 :List_push) gay shit
DEBUG: (src/list.c :87 :List_push) gay shit
DEBUG: (src/list.c :87 :List_push) gay shit
DEBUG: (src/list.c :87 :List_push) gay shit
DEBUG: (src/list.c :87 :List_push) gay shit
DEBUG: (src/list.c :87 :List_push) gay shit
DEBUG: (src/list.c :87 :List_push) gay shit
DEBUG: (src/list.c :87 :List_push) gay shit
DEBUG: (src/list.c :87 :List_push) gay shit
DEBUG: (src/list.c :87 :List_push) gay shit
DEBUG: (src/list.c :87 :List_push) gay shit
DEBUG: (src/list.c :87 :List_push) gay shit
DEBUG: (src/list.c :87 :List_push) gay shit
DEBUG: (src/list.c :87 :List_push) gay shit
DEBUG: (src/list.c :87 :List_push) gay shit
DEBUG: (src/list.c :87 :List_push) gay shit
DEBUG: (src/list.c :87 :List_push) gay shit
DEBUG: (src/list.c :87 :List_push) gay shit
DEBUG: (src/list.c :87 :List_push) gay shit
DEBUG: (src/list.c :87 :List_push) gay shit
DEBUG: (src/list.c :87 :List_push) gay shit
DEBUG: (src/list.c :87 :List_push) gay shit
DEBUG: (src/list.c :87 :List_push) gay shit
DEBUG: (src/list.c :87 :List_push) gay shit
DEBUG: (src/list.c :87 :List_push) gay shit
DEBUG: (src/list.c :87 :List_push) gay shit
DEBUG: (src/list.c :87 :List_push) gay shit
DEBUG: (src/list.c :87 :List_push) gay shit
DEBUG: (src/list.c :87 :List_push) gay shit
DEBUG: (src/list.c :87 :List_push) gay shit
DEBUG: (src/list.c :87 :List_push) gay shit
DEBUG: (src/list.c :87 :List_push) gay shit
DEBUG: (src/list.c :87 :List_push) gay shit
DEBUG: (src/list.c :87 :List_push) gay shit
DEBUG: (src/list.c :87 :List_push) gay shit
DEBUG: (src/list.c :87 :List_push) gay shit
DEBUG: (src/list.c :87 :List_push) gay shit
DEBUG: (src/list.c :87 :List_push) gay shit
DEBUG: (src/list.c :87 :List_push) gay shit
DEBUG: (src/list.c :87 :List_push) gay shit
DEBUG: (src/list.c :87 :List_push) gay shit
DEBUG: (src/list.c :87 :List_push) gay shit
DEBUG: (src/list.c :87 :List_push) gay shit
DEBUG: (src/list.c :87 :List_push) gay shit
DEBUG: (src/list.c :87 :List_push) gay shit
DEBUG: (src/list.c :87 :List_push) gay shit
DEBUG: (src/list.c :87 :List_push) gay shit
DEBUG: (src/list.c :87 :List_push) gay shit
DEBUG: (src/list.c :87 :List_push) gay shit
DEBUG: (src/list.c :87 :List_push) gay shit
DEBUG: (src/list.c :87 :List_push) gay shit
DEBUG: (src/list.c :87 :List_push) gay shit
DEBUG: (src/list.c :87 :List_push) gay shit
DEBUG: (src/list.c :87 :List_push) gay shit
DEBUG: (src/list.c :87 :List_push) gay shit
DEBUG: (src/list.c :87 :List_push) gay shit
DEBUG: (src/list.c :87 :List_push) gay shit
DEBUG: (src/list.c :87 :List_push) gay shit
DEBUG: (src/list.c :87 :List_push) gay shit
DEBUG: (src/list.c :87 :List_push) gay shit
DEBUG: (src/list.c :87 :List_push) gay shit
DEBUG: (src/list.c :87 :List_push) gay shit
DEBUG: (src/list.c :87 :List_push) gay shit
DEBUG: (src/list.c :87 :List_push) gay shit
DEBUG: (src/list.c :87 :List_push) gay shit
DEBUG: (src/list.c :87 :List_push) gay shit
DEBUG: (src/list.c :87 :List_push) gay shit
DEBUG: (src/list.c :87 :List_push) gay shit
DEBUG: (src/list.c :87 :List_push) gay shit
DEBUG: (src/list.c :87 :List_push) gay shit
DEBUG: (src/list.c :87 :List_push) gay shit
DEBUG: (src/list.c :87 :List_push) gay shit
DEBUG: (src/list.c :87 :List_push) gay shit
DEBUG: (src/list.c :87 :List_push) gay shit
DEBUG: (src/list.c :87 :List_push) gay shit
DEBUG: (src/list.c :87 :List_push) gay shit
DEBUG: (src/list.c :87 :List_push) gay shit
DEBUG: (src/list.c :87 :List_push) gay shit
DEBUG: (src/list.c :87 :List_push) gay shit
DEBUG: (src/list.c :87 :List_push) gay shit
DEBUG: (src/list.c :87 :List_push) gay shit
DEBUG: (src/list.c :87 :List_push) gay shit
DEBUG: (src/list.c :87 :List_push) gay shit
DEBUG: (src/list.c :87 :List_push) gay shit
DEBUG: (src/list.c :87 :List_push) gay shit
DEBUG: (src/list.c :87 :List_push) gay shit
DEBUG: (src/list.c :87 :List_push) gay shit
DEBUG: (src/list.c :87 :List_push) gay shit
DEBUG: (src/list.c :87 :List_push) gay shit
DEBUG: (src/list.c :87 :List_push) gay shit
DEBUG: (src/list.c :87 :List_push) gay shit
DEBUG: (src/list.c :87 :List_push) gay shit
DEBUG: (src/list.c :87 :List_push) gay shit
DEBUG: (src/list.c :87 :List_push) gay shit
DEBUG: (src/list.c :87 :List_push) gay shit
DEBUG: (src/list.c :87 :List_push) gay shit
DEBUG: (src/list.c :87 :List_push) gay shit
DEBUG: (src/list.c :87 :List_push) gay shit
DEBUG: (src/list.c :87 :List_push) gay shit
DEBUG: (src/list.c :87 :List_push) gay shit
DEBUG: (src/list.c :87 :List_push) gay shit
DEBUG: (src/list.c :87 :List_push) gay shit
DEBUG: (src/list.c :87 :List_push) gay shit
DEBUG: (src/list.c :87 :List_push) gay shit
DEBUG: (src/list.c :87 :List_push) gay shit
DEBUG: (src/list.c :87 :List_push) gay shit
DEBUG: (src/list.c :87 :List_push) gay shit
DEBUG: (src/list.c :87 :List_push) gay shit
DEBUG: (src/list.c :87 :List_push) gay shit
DEBUG: (src/list.c :87 :List_push) gay shit
DEBUG: (src/list.c :87 :List_push) gay shit
DEBUG: (src/list.c :87 :List_push) gay shit
DEBUG: (src/list.c :87 :List_push) gay shit
DEBUG: (src/list.c :87 :List_push) gay shit
DEBUG: (src/list.c :87 :List_push) gay shit
DEBUG: (src/list.c :87 :List_push) gay shit
DEBUG: (src/list.c :87 :List_push) gay shit
DEBUG: (src/list.c :87 :List_push) gay shit
DEBUG: (src/list.c :87 :List_push) gay shit
DEBUG: (src/list.c :87 :List_push) gay shit
DEBUG: (src/list.c :87 :List_push) gay shit
DEBUG: (src/list.c :87 :List_push) gay shit
DEBUG: (src/list.c :87 :List_push) gay shit
DEBUG: (src/list.c :87 :List_push) gay shit
DEBUG: (src/list.c :87 :List_push) gay shit
DEBUG: (src/list.c :87 :List_push) gay shit
DEBUG: (src/list.c :87 :List_push) gay shit
DEBUG: (src/list.c :87 :List_push) gay shit
DEBUG: (src/list.c :87 :List_push) gay shit
DEBUG: (src/list.c :87 :List_push) gay shit
DEBUG: (src/list.c :87 :List_push) gay shit
DEBUG: (src/list.c :87 :List_push) gay shit
DEBUG: (src/list.c :87 :List_push) gay shit
DEBUG: (src/list.c :87 :List_push) gay shit
DEBUG: (src/list.c :87 :List_push) gay shit
DEBUG: (src/list.c :87 :List_push) gay shit
DEBUG: (src/list.c :87 :List_push) gay shit
DEBUG: (src/list.c :87 :List_push) gay shit
DEBUG: (src/list.c :87 :List_push) gay shit
DEBUG: (src/list.c :87 :List_push) gay shit
DEBUG: (src/list.c :87 :List_push) gay shit
DEBUG: (src/list.c :87 :List_push) gay shit
DEBUG: (src/list.c :87 :List_push) gay shit
DEBUG: (src/list.c :87 :List_push) gay shit
DEBUG: (src/list.c :87 :List_push) gay shit
DEBUG: (src/list.c :87 :List_push) gay shit
DEBUG: (src/list.c :87 :List_push) gay shit
DEBUG: (src/list.c :87 :List_push) gay shit
DEBUG: (src/list.c :87 :List_push) gay shit
DEBUG: (src/list.c :87 :List_push) gay shit
DEBUG: (src/list.c :87 :List_push) gay shit
DEBUG: (src/list.c :87 :List_push) gay shit
DEBUG: (src/list.c :87 :List_push) gay shit
DEBUG: (src/list.c :87 :List_push) gay shit
DEBUG: (src/list.c :87 :List_push) gay shit
DEBUG: (src/list.c :87 :List_push) gay shit
DEBUG: (src/list.c :87 :List_push) gay shit
DEBUG: (src/list.c :87 :List_push) gay shit
DEBUG: (src/list.c :87 :List_push) gay shit
DEBUG: (src/list.c :87 :List_push) gay shit
DEBUG: (src/list.c :87 :List_push) gay shit
DEBUG: (src/list.c :87 :List_push) gay shit
DEBUG: (src/list.c :87 :List_push) gay shit
DEBUG: (src/list.c :87 :List_push) gay shit
DEBUG: (src/list.c :87 :List_push) gay shit
DEBUG: (src/list.c :87 :List_push) gay shit
DEBUG: (src/list.c :87 :List_push) gay shit
DEBUG: (src/list.c :87 :List_push) gay shit
DEBUG: (src/list.c :87 :List_push) gay shit
DEBUG: (src/list.c :87 :List_push) gay shit
DEBUG: (src/list.c :87 :List_push) gay shit
DEBUG: (src/list.c :87 :List_push) gay shit
DEBUG: (src/list.c :87 :List_push) gay shit
DEBUG: (src/list.c :87 :List_push) gay shit
DEBUG: (src/list.c :87 :List_push) gay shit
DEBUG: (src/list.c :87 :List_push) gay shit
DEBUG: (src/list.c :87 :List_push) gay shit
DEBUG: (src/list.c :87 :List_push) gay shit
DEBUG: (src/list.c :87 :List_push) gay shit
DEBUG: (src/list.c :87 :List_push) gay shit
DEBUG: (src/list.c :87 :List_push) gay shit
DEBUG: (src/list.c :87 :List_push) gay shit
DEBUG: (src/list.c :87 :List_push) gay shit
DEBUG: (src/list.c :87 :List_push) gay shit
DEBUG: (src/list.c :87 :List_push) gay shit
DEBUG: (src/list.c :87 :List_push) gay shit
DEBUG: (src/list.c :87 :List_push) gay shit
DEBUG: (src/list.c :87 :List_push) gay shit
DEBUG: (src/list.c :87 :List_push) gay shit
DEBUG: (src/list.c :87 :List_push) gay shit
DEBUG: (src/list.c :87 :List_push) gay shit
DEBUG: (src/list.c :87 :List_push) gay shit
DEBUG: (src/list.c :87 :List_push) gay shit
DEBUG: (src/list.c :87 :List_push) gay shit
DEBUG: (src/list.c :87 :List_push) gay shit
DEBUG: (src/list.c :87 :List_push) gay shit
DEBUG: (src/list.c :87 :List_push) gay shit
DEBUG: (src/list.c :87 :List_push) gay shit
DEBUG: (src/list.c :87 :List_push) gay shit
DEBUG: (src/list.c :87 :List_push) gay shit
DEBUG: (src/list.c :87 :List_push) gay shit
DEBUG: (src/list.c :87 :List_push) gay shit
DEBUG: (src/list.c :87 :List_push) gay shit
DEBUG: (src/list.c :87 :List_push) gay shit
DEBUG: (src/list.c :87 :List_push) gay shit
DEBUG: (src/list.c :87 :List_push) gay shit
DEBUG: (src/list.c :87 :List_push) gay shit
DEBUG: (src/list.c :87 :List_push) gay shit
DEBUG: (src/list.c :87 :List_push) gay shit
DEBUG: (src/list.c :87 :List_push) gay shit
DEBUG: (src/list.c :87 :List_push) gay shit
DEBUG: (src/list.c :87 :List_push) gay shit
DEBUG: (src/list.c :87 :List_push) gay shit
DEBUG: (src/list.c :87 :List_push) gay shit
DEBUG: (src/list.c :87 :List_push) gay shit
DEBUG: (src/list.c :87 :List_push) gay shit
DEBUG: (src/list.c :87 :List_push) gay shit
DEBUG: (src/list.c :87 :List_push) gay shit
DEBUG: (src/list.c :87 :List_push) gay shit
DEBUG: (src/list.c :87 :List_push) gay shit
DEBUG: (src/list.c :87 :List_push) gay shit
DEBUG: (src/list.c :87 :List_push) gay shit
DEBUG: (src/list.c :87 :List_push) gay shit
DEBUG: (src/list.c :87 :List_push) gay shit
DEBUG: (src/list.c :87 :List_push) gay shit
DEBUG: (src/list.c :87 :List_push) gay shit
DEBUG: (src/list.c :87 :List_push) gay shit
DEBUG: (src/list.c :87 :List_push) gay shit
DEBUG: (src/list.c :87 :List_push) gay shit
DEBUG: (src/list.c :87 :List_push) gay shit
DEBUG: (src/list.c :87 :List_push) gay shit
DEBUG: (src/list.c :87 :List_push) gay shit
DEBUG: (src/list.c :87 :List_push) gay shit
DEBUG: (src/list.c :87 :List_push) gay shit
DEBUG: (src/list.c :87 :List_push) gay shit
DEBUG: (src/list.c :87 :List_push) gay shit
DEBUG: (src/list.c :87 :List_push) gay shit
DEBUG: (src/list.c :87 :List_push) gay shit
DEBUG: (src/list.c :87 :List_push) gay shit
DEBUG: (src/list.c :87 :List_push) gay shit
DEBUG: (src/list.c :87 :List_push) gay shit
DEBUG: (src/list.c :87 :List_push) gay shit
DEBUG: (src/list.c :87 :List_push) gay shit
DEBUG: (src/list.c :87 :List_push) gay shit
DEBUG: (src/list.c :87 :List_push) gay shit
DEBUG: (src/list.c :87 :List_push) gay shit
DEBUG: (src/list.c :87 :List_push) gay shit
DEBUG: (src/list.c :87 :List_push) gay shit
DEBUG: (src/list.c :87 :List_push) gay shit
DEBUG: (src/list.c :87 :List_push) gay shit
DEBUG: (src/list.c :87 :List_push) gay shit
DEBUG: (src/list.c :87 :List_push) gay shit
DEBUG: (src/list.c :87 :List_push) gay shit
DEBUG: (src/list.c :87 :List_push) gay shit
DEBUG: (src/list.c :87 :List_push) gay shit
DEBUG: (src/list.c :87 :List_push) gay shit
DEBUG: (src/list.c :87 :List_push) gay shit
DEBUG: (src/list.c :87 :List_push) gay shit
DEBUG: (src/list.c :87 :List_push) gay shit
DEBUG: (src/list.c :87 :List_push) gay shit
DEBUG: (src/list.c :87 :List_push) gay shit
DEBUG: (src/list.c :87 :List_push) gay shit
DEBUG: (src/list.c :87 :List_push) gay shit
DEBUG: (src/list.c :87 :List_push) gay shit
DEBUG: (src/list.c :87 :List_push) gay shit
DEBUG: (src/list.c :87 :List_push) gay shit
DEBUG: (src/list.c :87 :List_push) gay shit
DEBUG: (src/list.c :87 :List_push) gay shit
DEBUG: (src/list.c :87 :List_push) gay shit
DEBUG: (src/list.c :87 :List_push) gay shit
DEBUG: (src/list.c :87 :List_push) gay shit
DEBUG: (src/list.c :87 :List_push) gay shit
DEBUG: (src/list.c :87 :List_push) gay shit
DEBUG: (src/list.c :87 :List_push) gay shit
DEBUG: (src/list.c :87 :List_push) gay shit
DEBUG: (src/list.c :87 :List_push) gay shit
DEBUG: (src/list.c :87 :List_push) gay shit
DEBUG: (src/list.c :87 :List_push) gay shit
DEBUG: (src/list.c :87 :List_push) gay shit
DEBUG: (src/list.c :87 :List_push) gay shit
DEBUG: (src/list.c :87 :List_push) gay shit
DEBUG: (src/list.c :87 :List_push) gay shit
DEBUG: (src/list.c :87 :List_push) gay shit
DEBUG: (src/list.c :87 :List_push) gay shit
DEBUG: (src/list.c :87 :List_push) gay shit
DEBUG: (src/list.c :87 :List_push) gay shit
DEBUG: (src/list.c :87 :List_push) gay shit
DEBUG: (src/list.c :87 :List_push) gay shit
DEBUG: (src/list.c :87 :List_push) gay shit
DEBUG: (src/list.c :87 :List_push) gay shit
DEBUG: (src/list.c :87 :List_push) gay shit
DEBUG: (src/list.c :87 :List_push) gay shit
DEBUG: (src/list.c :87 :List_push) gay shit
DEBUG: (src/list.c :87 :List_push) gay shit
DEBUG: (src/list.c :87 :List_push) gay shit
DEBUG: (src/list.c :87 :List_push) gay shit
DEBUG: (src/list.c :87 :List_push) gay shit
DEBUG: (src/list.c :87 :List_push) gay shit
DEBUG: (src/list.c :87 :List_push) gay shit
DEBUG: (src/list.c :87 :List_push) gay shit
DEBUG: (src/list.c :87 :List_push) gay shit
DEBUG: (src/list.c :87 :List_push) gay shit
DEBUG: (src/list.c :87 :List_push) gay shit
DEBUG: (src/list.c :87 :List_push) gay shit
DEBUG: (src/list.c :87 :List_push) gay shit
DEBUG: (src/list.c :87 :List_push) gay shit
DEBUG: (src/list.c :87 :List_push) gay shit
DEBUG: (src/list.c :87 :List_push) gay shit
DEBUG: (src/list.c :87 :List_push) gay shit
DEBUG: (src/list.c :87 :List_push) gay shit
DEBUG: (src/list.c :87 :List_push) gay shit
DEBUG: (src/list.c :87 :List_push) gay shit
DEBUG: (src/list.c :87 :List_push) gay shit
DEBUG: (src/list.c :87 :List_push) gay shit
DEBUG: (src/list.c :87 :List_push) gay shit
DEBUG: (src/list.c :87 :List_push) gay shit
DEBUG: (src/list.c :87 :List_push) gay shit
DEBUG: (src/list.c :87 :List_push) gay shit
DEBUG: (src/list.c :87 :List_push) gay shit
DEBUG: (src/list.c :87 :List_push) gay shit
DEBUG: (src/list.c :87 :List_push) gay shit
DEBUG: (src/list.c :87 :List_push) gay shit
DEBUG: (src/list.c :87 :List_push) gay shit
DEBUG: (src/list.c :87 :List_push) gay shit
DEBUG: (src/list.c :87 :List_push) gay shit
DEBUG: (src/list.c :87 :List_push) gay shit
DEBUG: (src/list.c :87 :List_push) gay shit
DEBUG: (src/list.c :87 :List_push) gay shit
DEBUG: (src/list.c :87 :List_push) gay shit
DEBUG: (src/list.c :87 :List_push) gay shit
DEBUG: (src/list.c :87 :List_push) gay shit
DEBUG: (src/list.c :87 :List_push) gay shit
DEBUG: (src/list.c :87 :List_push) gay shit
DEBUG: (src/list.c :87 :List_push) gay shit
DEBUG: (src/list.c :87 :List_push) gay shit
DEBUG: (src/list.c :87 :List_push) gay shit
DEBUG: (src/list.c :87 :List_push) gay shit
DEBUG: (src/list.c :87 :List_push) gay shit
DEBUG: (src/list.c :87 :List_push) gay shit
DEBUG: (src/list.c :87 :List_push) gay shit
DEBUG: (src/list.c :87 :List_push) gay shit
DEBUG: (src/list.c :87 :List_push) gay shit
DEBUG: (src/list.c :87 :List_push) gay shit
DEBUG: (src/list.c :87 :List_push) gay shit
DEBUG: (src/list.c :87 :List_push) gay shit
DEBUG: (src/list.c :87 :List_push) gay shit
DEBUG: (src/list.c :87 :List_push) gay shit
DEBUG: (src/list.c :87 :List_push) gay shit
DEBUG: (src/list.c :87 :List_push) gay shit
DEBUG: (src/list.c :87 :List_push) gay shit
DEBUG: (src/list.c :87 :List_push) gay shit
DEBUG: (src/list.c :87 :List_push) gay shit
DEBUG: (src/list.c :87 :List_push) gay shit
DEBUG: (src/list.c :87 :List_push) gay shit
DEBUG: (src/list.c :87 :List_push) gay shit
DEBUG: (src/list.c :87 :List_push) gay shit
DEBUG: (src/list.c :87 :List_push) gay shit
DEBUG: (src/list.c :87 :List_push) gay shit
DEBUG: (src/list.c :87 :List_push) gay shit
DEBUG: (src/list.c :87 :List_push) gay shit
DEBUG: (src/list.c :87 :List_push) gay shit
DEBUG: (src/list.c :87 :List_push) gay shit
DEBUG: (src/list.c :87 :List_push) gay shit
DEBUG: (src/list.c :87 :List_push) gay shit
DEBUG: (src/list.c :87 :List_push) gay shit
DEBUG: (src/list.c :87 :List_push) gay shit
DEBUG: (src/list.c :87 :List_push) gay shit
DEBUG: (src/list.c :87 :List_push) gay shit
DEBUG: (src/list.c :87 :List_push) gay shit
DEBUG: (src/list.c :87 :List_push) gay shit
DEBUG: (src/list.c :87 :List_push) gay shit
DEBUG: (src/list.c :87 :List_push) gay shit
DEBUG: (src/list.c :87 :List_push) gay shit
DEBUG: (src/list.c :87 :List_push) gay shit
DEBUG: (src/list.c :87 :List_push) gay shit
DEBUG: (src/list.c :87 :List_push) gay shit
DEBUG: (src/list.c :87 :List_push) gay shit
DEBUG: (src/list.c :87 :List_push) gay shit
DEBUG: (src/list.c :87 :List_push) gay shit
DEBUG: (src/list.c :87 :List_push) gay shit
DEBUG: (src/list.c :87 :List_push) gay shit
DEBUG: (src/list.c :87 :List_push) gay shit
DEBUG: (src/list.c :87 :List_push) gay shit
DEBUG: (src/list.c :87 :List_push) gay shit
DEBUG: (src/list.c :87 :List_push) gay shit
DEBUG: (src/list.c :87 :List_push) gay shit
DEBUG: (src/list.c :87 :List_push) gay shit
DEBUG: (src/list.c :87 :List_push) gay shit
DEBUG: (src/list.c :87 :List_push) gay shit
DEBUG: (src/list.c :87 :List_push) gay shit
DEBUG: (src/list.c :87 :List_push) gay shit
DEBUG: (src/list.c :87 :List_push) gay shit
DEBUG: (src/list.c :87 :List_push) gay shit
DEBUG: (src/list.c :87 :List_push) gay shit
DEBUG: (src/list.c :87 :List_push) gay shit
DEBUG: (src/list.c :87 :List_push) gay shit
DEBUG: (src/list.c :87 :List_push) gay shit
DEBUG: (src/list.c :87 :List_push) gay shit
DEBUG: (src/list.c :87 :List_push) gay shit
DEBUG: (src/list.c :87 :List_push) gay shit
DEBUG: (src/list.c :87 :List_push) gay shit
DEBUG: (src/list.c :87 :List_push) gay shit
DEBUG: (src/list.c :87 :List_push) gay shit
DEBUG: (src/list.c :87 :List_push) gay shit
DEBUG: (src/list.c :87 :List_push) gay shit
DEBUG: (src/list.c :87 :List_push) gay shit
DEBUG: (src/list.c :87 :List_push) gay shit
DEBUG: (src/list.c :87 :List_push) gay shit
DEBUG: (src/list.c :87 :List_push) gay shit
DEBUG: (src/list.c :87 :List_push) gay shit
DEBUG: (src/list.c :87 :List_push) gay shit
DEBUG: (src/list.c :87 :List_push) gay shit
DEBUG: (src/list.c :87 :List_push) gay shit
DEBUG: (src/list.c :87 :List_push) gay shit
DEBUG: (src/list.c :87 :List_push) gay shit
DEBUG: (src/list.c :87 :List_push) gay shit
DEBUG: (src/list.c :87 :List_push) gay shit
DEBUG: (src/list.c :87 :List_push) gay shit
DEBUG: (src/list.c :87 :List_push) gay shit
DEBUG: (src/list.c :87 :List_push) gay shit
DEBUG: (src/list.c :87 :List_push) gay shit
DEBUG: (src/list.c :87 :List_push) gay shit
DEBUG: (src/list.c :87 :List_push) gay shit
DEBUG: (src/list.c :87 :List_push) gay shit
DEBUG: (src/list.c :87 :List_push) gay shit
DEBUG: (src/list.c :87 :List_push) gay shit
DEBUG: (src/list.c :87 :List_push) gay shit
DEBUG: (src/list.c :87 :List_push) gay shit
DEBUG: (src/list.c :87 :List_push) gay shit
DEBUG: (src/list.c :87 :List_push) gay shit
DEBUG: (src/list.c :87 :List_push) gay shit
DEBUG: (src/list.c :87 :List_push) gay shit
DEBUG: (src/list.c :87 :List_push) gay shit
DEBUG: (src/list.c :87 :List_push) gay shit
DEBUG: (src/list.c :87 :List_push) gay shit
DEBUG: (src/list.c :87 :List_push) gay shit
DEBUG: (src/list.c :87 :List_push) gay shit
DEBUG: (src/list.c :87 :List_push) gay shit
DEBUG: (src/list.c :87 :List_push) gay shit
DEBUG: (src/list.c :87 :List_push) gay shit
DEBUG: (src/list.c :87 :List_push) gay shit
DEBUG: (src/list.c :87 :List_push) gay shit
DEBUG: (src/list.c :87 :List_push) gay shit
DEBUG: (src/list.c :87 :List_push) gay shit
DEBUG: (src/list.c :87 :List_push) gay shit
DEBUG: (src/list.c :87 :List_push) gay shit
DEBUG: (src/list.c :87 :List_push) gay shit
DEBUG: (src/list.c :87 :List_push) gay shit
DEBUG: (src/list.c :87 :List_push) gay shit
DEBUG: (src/list.c :87 :List_push) gay shit
DEBUG: (src/list.c :87 :List_push) gay shit
DEBUG: (src/list.c :87 :List_push) gay shit
DEBUG: (src/list.c :87 :List_push) gay shit
DEBUG: (src/list.c :87 :List_push) gay shit
DEBUG: (src/list.c :87 :List_push) gay shit
DEBUG: (src/list.c :87 :List_push) gay shit
DEBUG: (src/list.c :87 :List_push) gay shit
DEBUG: (src/list.c :87 :List_push) gay shit
DEBUG: (src/list.c :87 :List_push) gay shit
DEBUG: (src/list.c :87 :List_push) gay shit
DEBUG: (src/list.c :87 :List_push) gay shit
DEBUG: (src/list.c :87 :List_push) gay shit
DEBUG: (src/list.c :87 :List_push) gay shit
DEBUG: (src/list.c :87 :List_push) gay shit
DEBUG: (src/list.c :87 :List_push) gay shit
DEBUG: (src/list.c :87 :List_push) gay shit
DEBUG: (src/list.c :87 :List_push) gay shit
DEBUG: (src/list.c :87 :List_push) gay shit
DEBUG: (src/list.c :87 :List_push) gay shit
DEBUG: (src/list.c :87 :List_push) gay shit
DEBUG: (src/list.c :87 :List_push) gay shit
DEBUG: (src/list.c :87 :List_push) gay shit
DEBUG: (src/list.c :87 :List_push) gay shit
DEBUG: (src/list.c :87 :List_push) gay shit
DEBUG: (src/list.c :87 :List_push) gay shit
DEBUG: (src/list.c :87 :List_push) gay shit
DEBUG: (src/list.c :87 :List_push) gay shit
DEBUG: (src/list.c :87 :List_push) gay shit
DEBUG: (src/list.c :87 :List_push) gay shit
DEBUG: (src/list.c :87 :List_push) gay shit
DEBUG: (src/list.c :87 :List_push) gay shit
DEBUG: (src/list.c :87 :List_push) gay shit
DEBUG: (src/list.c :87 :List_push) gay shit
DEBUG: (src/list.c :87 :List_push) gay shit
DEBUG: (src/list.c :87 :List_push) gay shit
DEBUG: (src/list.c :87 :List_push) gay shit
DEBUG: (src/list.c :87 :List_push) gay shit
DEBUG: (src/list.c :87 :List_push) gay shit
DEBUG: (src/list.c :87 :List_push) gay shit
DEBUG: (src/list.c :87 :List_push) gay shit
DEBUG: (src/list.c :87 :List_push) gay shit
DEBUG: (src/list.c :87 :List_push) gay shit
DEBUG: (src/list.c :87 :List_push) gay shit
DEBUG: (src/list.c :87 :List_push) gay shit
DEBUG: (src/list.c :87 :List_push) gay shit
DEBUG: (src/list.c :87 :List_push) gay shit
DEBUG: (src/list.c :87 :List_push) gay shit
DEBUG: (src/list.c :87 :List_push) gay shit
DEBUG: (src/list.c :87 :List_push) gay shit
DEBUG: (src/list.c :87 :List_push) gay shit
DEBUG: (src/list.c :87 :List_push) gay shit
DEBUG: (src/list.c :87 :List_push) gay shit
DEBUG: (src/list.c :87 :List_push) gay shit
DEBUG: (src/list.c :87 :List_push) gay shit
DEBUG: (src/list.c :87 :List_push) gay shit
DEBUG: (src/list.c :87 :List_push) gay shit
DEBUG: (src/list.c :87 :List_push) gay shit
DEBUG: (src/list.c :87 :List_push) gay shit
DEBUG: (src/list.c :87 :List_push) gay shit
DEBUG: (src/list.c :87 :List_push) gay shit
DEBUG: (src/list.c :87 :List_push) gay shit
DEBUG: (src/list.c :87 :List_push) gay shit
DEBUG: (src/list.c :87 :List_push) gay shit
DEBUG: (src/list.c :87 :List_push) gay shit
DEBUG: (src/list.c :87 :List_push) gay shit
DEBUG: (src/list.c :87 :List_push) gay shit
DEBUG: (src/list.c :87 :List_push) gay shit
DEBUG: (src/list.c :87 :List_push) gay shit
DEBUG: (src/list.c :87 :List_push) gay shit
DEBUG: (src/list.c :87 :List_push) gay shit
DEBUG: (src/list.c :87 :List_push) gay shit
DEBUG: (src/list.c :87 :List_push) gay shit
DEBUG: (src/list.c :87 :List_push) gay shit
DEBUG: (src/list.c :87 :List_push) gay shit
DEBUG: (src/list.c :87 :List_push) gay shit
DEBUG: (src/list.c :87 :List_push) gay shit
DEBUG: (src/list.c :87 :List_push) gay shit
DEBUG: (src/list.c :87 :List_push) gay shit
DEBUG: (src/list.c :87 :List_push) gay shit
DEBUG: (src/list.c :87 :List_push) gay shit
DEBUG: (src/list.c :87 :List_push) gay shit
DEBUG: (src/list.c :87 :List_push) gay shit
DEBUG: (src/list.c :87 :List_push) gay shit
DEBUG: (src/list.c :87 :List_push) gay shit
DEBUG: (src/list.c :87 :List_push) gay shit
DEBUG: (src/list.c :87 :List_push) gay shit
DEBUG: (src/list.c :87 :List_push) gay shit
DEBUG: (src/list.c :87 :List_push) gay shit
DEBUG: (src/list.c :87 :List_push) gay shit
DEBUG: (src/list.c :87 :List_push) gay shit
DEBUG: (src/list.c :87 :List_push) gay shit
DEBUG: (src/list.c :87 :List_push) gay shit
DEBUG: (src/list.c :87 :List_push) gay shit
DEBUG: (src/list.c :87 :List_push) gay shit
DEBUG: (src/list.c :87 :List_push) gay shit
DEBUG: (src/list.c :87 :List_push) gay shit
DEBUG: (src/list.c :87 :List_push) gay shit
DEBUG: (src/list.c :87 :List_push) gay shit
DEBUG: (src/list.c :87 :List_push) gay shit
DEBUG: (src/list.c :87 :List_push) gay shit
DEBUG: (src/list.c :87 :List_push) gay shit
DEBUG: (src/list.c :87 :List_push) gay shit
DEBUG: (src/list.c :87 :List_push) gay shit
DEBUG: (src/list.c :87 :List_push) gay shit
DEBUG: (src/list.c :87 :List_push) gay shit
DEBUG: (src/list.c :87 :List_push) gay shit
DEBUG: (src/list.c :87 :List_push) gay shit
DEBUG: (src/list.c :87 :List_push) gay shit
DEBUG: (src/list.c :87 :List_push) gay shit
DEBUG: (src/list.c :87 :List_push) gay shit
DEBUG: (src/list.c :87 :List_push) gay shit
DEBUG: (src/list.c :87 :List_push) gay shit
DEBUG: (src/list.c :87 :List_push) gay shit
DEBUG: (src/list.c :87 :List_push) gay shit
DEBUG: (src/list.c :87 :List_push) gay shit
DEBUG: (src/list.c :87 :List_push) gay shit
DEBUG: (src/list.c :87 :List_push) gay shit
DEBUG: (src/list.c :87 :List_push) gay shit
DEBUG: (src/list.c :87 :List_push) gay shit
DEBUG: (src/list.c :87 :List_push) gay shit
DEBUG: (src/list.c :87 :List_push) gay shit
DEBUG: (src/list.c :87 :List_push) gay shit
DEBUG: (src/list.c :87 :List_push) gay shit
DEBUG: (src/list.c :87 :List_push) gay shit
DEBUG: (src/list.c :87 :List_push) gay shit
DEBUG: (src/list.c :87 :List_push) gay shit
DEBUG: (src/list.c :87 :List_push) gay shit
DEBUG: (src/list.c :87 :List_push) gay shit
DEBUG: (src/list.c :87 :List_push) gay shit
DEBUG: (src/list.c :87 :List_push) gay shit
DEBUG: (src/list.c :87 :List_push) gay shit
DEBUG: (src/list.c :87 :List_push) gay shit
DEBUG: (src/list.c :87 :List_push) gay shit
DEBUG: (src/list.c :87 :List_push) gay shit
DEBUG: (src/list.c :87 :List_push) gay shit
DEBUG: (src/list.c :87 :List_push) gay shit
DEBUG: (src/list.c :87 :List_push) gay shit
DEBUG: (src/list.c :87 :List_push) gay shit
DEBUG: (src/list.c :87 :List_push) gay shit
DEBUG: (src/list.c :87 :List_push) gay shit
DEBUG: (src/list.c :87 :List_push) gay shit
DEBUG: (src/list.c :87 :List_push) gay shit
DEBUG: (src/list.c :87 :List_push) gay shit
DEBUG: (src/list.c :87 :List_push) gay shit
DEBUG: (src/list.c :87 :List_push) gay shit
DEBUG: (src/list.c :87 :List_push) gay shit
DEBUG: (src/list.c :87 :List_push) gay shit
DEBUG: (src/list.c :87 :List_push) gay shit
DEBUG: (src/list.c :87 :List_push) gay shit
DEBUG: (src/list.c :87 :List_push) gay shit
DEBUG: (src/list.c :87 :List_push) gay shit
DEBUG: (src/list.c :87 :List_push) gay shit
DEBUG: (src/list.c :87 :List_push) gay shit
DEBUG: (src/list.c :87 :List_push) gay shit
DEBUG: (src/list.c :87 :List_push) gay shit
DEBUG: (src/list.c :87 :List_push) gay shit
DEBUG: (src/list.c :87 :List_push) gay shit
DEBUG: (src/list.c :87 :List_push) gay shit
DEBUG: (src/list.c :87 :List_push) gay shit
DEBUG: (src/list.c :87 :List_push) gay shit
DEBUG: (src/list.c :87 :List_push) gay shit
DEBUG: (src/list.c :87 :List_push) gay shit
DEBUG: (src/list.c :87 :List_push) gay shit
DEBUG: (src/list.c :87 :List_push) gay shit
DEBUG: (src/list.c :87 :List_push) gay shit
DEBUG: (src/list.c :87 :List_push) gay shit
DEBUG: (src/list.c :87 :List_push) gay shit
DEBUG: (src/list.c :87 :List_push) gay shit
DEBUG: (src/list.c :87 :List_push) gay shit
DEBUG: (src/list.c :87 :List_push) gay shit
DEBUG: (src/list.c :87 :List_push) gay shit
DEBUG: (src/list.c :87 :List_push) gay shit
DEBUG: (src/list.c :87 :List_push) gay shit
DEBUG: (src/list.c :87 :List_push) gay shit
DEBUG: (src/list.c :87 :List_push) gay shit
DEBUG: (src/list.c :87 :List_push) gay shit
DEBUG: (src/list.c :87 :List_push) gay shit
DEBUG: (src/list.c :87 :List_push) gay shit
DEBUG: (src/list.c :87 :List_push) gay shit
DEBUG: (src/list.c :87 :List_push) gay shit
DEBUG: (src/list.c :87 :List_push) gay shit
DEBUG: (src/list.c :87 :List_push) gay shit
DEBUG: (src/list.c :87 :List_push) gay shit
DEBUG: (src/list.c :87 :List_push) gay shit
DEBUG: (src/list.c :87 :List_push) gay shit
DEBUG: (src/list.c :87 :List_push) gay shit
DEBUG: (src/list.c :87 :List_push) gay shit
DEBUG: (src/list.c :87 :List_push) gay shit
DEBUG: (src/list.c :87 :List_push) gay shit
DEBUG: (src/list.c :87 :List_push) gay shit
DEBUG: (src/list.c :87 :List_push) gay shit
DEBUG: (src/list.c :87 :List_push) gay shit
DEBUG: (src/list.c :87 :List_push) gay shit
DEBUG: (src/list.c :87 :List_push) gay shit
DEBUG: (src/list.c :87 :List_push) gay shit
DEBUG: (src/list.c :87 :List_push) gay shit
DEBUG: (src/list.c :87 :List_push) gay shit
DEBUG: (src/list.c :87 :List_push) gay shit
DEBUG: (src/list.c :87 :List_push) gay shit
DEBUG: (src/list.c :87 :List_push) gay shit
DEBUG: (src/list.c :87 :List_push) gay shit
DEBUG: (src/list.c :87 :List_push) gay shit
DEBUG: (src/list.c :87 :List_push) gay shit
DEBUG: (src/list.c :87 :List_push) gay shit
DEBUG: (src/list.c :87 :List_push) gay shit
DEBUG: (src/list.c :87 :List_push) gay shit
DEBUG: (src/list.c :87 :List_push) gay shit
DEBUG: (src/list.c :87 :List_push) gay shit
DEBUG: (src/list.c :87 :List_push) gay shit
DEBUG: (src/list.c :87 :List_push) gay shit
DEBUG: (src/list.c :87 :List_push) gay shit
DEBUG: (src/list.c :87 :List_push) gay shit
DEBUG: (src/list.c :87 :List_push) gay shit
DEBUG: (src/list.c :87 :List_push) gay shit
DEBUG: (src/list.c :87 :List_push) gay shit
DEBUG: (src/list.c :87 :List_push) gay shit
DEBUG: (src/list.c :87 :List_push) gay shit
DEBUG: (src/list.c :87 :List_push) gay shit
DEBUG: (src/list.c :87 :List_push) gay shit
DEBUG: (src/list.c :87 :List_push) gay shit
DEBUG: (src/list.c :87 :List_push) gay shit
DEBUG: (src/list.c :87 :List_push) gay shit
DEBUG: (src/list.c :87 :List_push) gay shit
DEBUG: (src/list.c :87 :List_push) gay shit
DEBUG: (src/list.c :87 :List_push) gay shit
DEBUG: (src/list.c :87 :List_push) gay shit
DEBUG: (src/list.c :87 :List_push) gay shit
DEBUG: (src/list.c :87 :List_push) gay shit
DEBUG: (src/list.c :87 :List_push) gay shit
DEBUG: (src/list.c :87 :List_push) gay shit
DEBUG: (src/list.c :87 :List_push) gay shit
DEBUG: (src/list.c :87 :List_push) gay shit
DEBUG: (src/list.c :87 :List_push) gay shit
DEBUG: (src/list.c :87 :List_push) gay shit
DEBUG: (src/list.c :87 :List_push) gay shit
DEBUG: (src/list.c :87 :List_push) gay shit
DEBUG: (src/list.c :87 :List_push) gay shit
DEBUG: (src/list.c :87 :List_push) gay shit
DEBUG: (src/list.c :87 :List_push) gay shit
DEBUG: (src/list.c :87 :List_push) gay shit
DEBUG: (src/list.c :87 :List_push) gay shit
DEBUG: (src/list.c :87 :List_push) gay shit
DEBUG: (src/list.c :87 :List_push) gay shit
DEBUG: (src/list.c :87 :List_push) gay shit
DEBUG: (src/list.c :87 :List_push) gay shit
DEBUG: (src/list.c :87 :List_push) gay shit
DEBUG: (src/list.c :87 :List_push) gay shit
DEBUG: (src/list.c :87 :List_push) gay shit
DEBUG: (src/list.c :87 :List_push) gay shit
DEBUG: (src/list.c :87 :List_push) gay shit
DEBUG: (src/list.c :87 :List_push) gay shit
DEBUG: (src/list.c :87 :List_push) gay shit
DEBUG: (src/list.c :87 :List_push) gay shit
DEBUG: (src/list.c :87 :List_push) gay shit
DEBUG: (src/list.c :87 :List_push) gay shit
DEBUG: (src/list.c :87 :List_push) gay shit
DEBUG: (src/list.c :87 :List_push) gay shit
DEBUG: (src/list.c :87 :List_push) gay shit
DEBUG: (src/list.c :87 :List_push) gay shit
DEBUG: (src/list.c :87 :List_push) gay shit
DEBUG: (src/list.c :87 :List_push) gay shit
DEBUG: (src/list.c :87 :List_push) gay shit
DEBUG: (src/list.c :87 :List_push) gay shit
DEBUG: (src/list.c :87 :List_push) gay shit
DEBUG: (src/list.c :87 :List_push) gay shit
DEBUG: (src/list.c :87 :List_push) gay shit
DEBUG: (src/list.c :87 :List_push) gay shit
DEBUG: (src/list.c :87 :List_push) gay shit
DEBUG: (src/list.c :87 :List_push) gay shit
DEBUG: (src/list.c :87 :List_push) gay shit
DEBUG: (src/list.c :87 :List_push) gay shit
DEBUG: (src/list.c :87 :List_push) gay shit
DEBUG: (src/list.c :87 :List_push) gay shit
DEBUG: (src/list.c :87 :List_push) gay shit
DEBUG: (src/list.c :87 :List_push) gay shit
DEBUG: (src/list.c :87 :List_push) gay shit
DEBUG: (src/list.c :87 :List_push) gay shit
DEBUG: (src/list.c :87 :List_push) gay shit
DEBUG: (src/list.c :87 :List_push) gay shit
DEBUG: (src/list.c :87 :List_push) gay shit
DEBUG: (src/list.c :87 :List_push) gay shit
DEBUG: (src/list.c :87 :List_push) gay shit
DEBUG: (src/list.c :87 :List_push) gay shit
DEBUG: (src/list.c :87 :List_push) gay shit
DEBUG: (src/list.c :87 :List_push) gay shit
DEBUG: (src/list.c :87 :List_push) gay shit
DEBUG: (src/list.c :87 :List_push) gay shit
DEBUG: (src/list.c :87 :List_push) gay shit
DEBUG: (src/list.c :87 :List_push) gay shit
DEBUG: (src/list.c :87 :List_push) gay shit
DEBUG: (src/list.c :87 :List_push) gay shit
DEBUG: (src/list.c :87 :List_push) gay shit
DEBUG: (src/list.c :87 :List_push) gay shit
DEBUG: (src/list.c :87 :List_push) gay shit
DEBUG: (src/list.c :87 :List_push) gay shit
DEBUG: (src/list.c :87 :List_push) gay shit
DEBUG: (src/list.c :87 :List_push) gay shit
DEBUG: (src/list.c :87 :List_push) gay shit
DEBUG: (src/list.c :87 :List_push) gay shit
DEBUG: (src/list.c :87 :List_push) gay shit
DEBUG: (src/list.c :87 :List_push) gay shit
DEBUG: (src/list.c :87 :List_push) gay shit
DEBUG: (src/list.c :87 :List_push) gay shit
DEBUG: (src/list.c :87 :List_push) gay shit
DEBUG: (src/list.c :87 :List_push) gay shit
DEBUG: (src/list.c :87 :List_push) gay shit
DEBUG: (src/list.c :87 :List_push) gay shit
DEBUG: (src/list.c :87 :List_push) gay shit
DEBUG: (src/list.c :87 :List_push) gay shit
DEBUG: (src/list.c :87 :List_push) gay shit
DEBUG: (src/list.c :87 :List_push) gay shit
DEBUG: (src/list.c :87 :List_push) gay shit
DEBUG: (src/list.c :87 :List_push) gay shit
DEBUG: (src/list.c :87 :List_push) gay shit
DEBUG: (src/list.c :87 :List_push) gay shit
DEBUG: (src/list.c :87 :List_push) gay shit
DEBUG: (src/list.c :87 :List_push) gay shit
DEBUG: (src/list.c :87 :List_push) gay shit
DEBUG: (src/list.c :87 :List_push) gay shit
DEBUG: (src/list.c :87 :List_push) gay shit
DEBUG: (src/list.c :87 :List_push) gay shit
DEBUG: (src/list.c :87 :List_push) gay shit
DEBUG: (src/list.c :87 :List_push) gay shit
DEBUG: (src/list.c :87 :List_push) gay shit
DEBUG: (src/list.c :87 :List_push) gay shit
DEBUG: (src/list.c :87 :List_push) gay shit
DEBUG: (src/list.c :87 :List_push) gay shit
DEBUG: (src/list.c :87 :List_push) gay shit
DEBUG: (src/list.c :87 :List_push) gay shit
DEBUG: (src/list.c :87 :List_push) gay shit
DEBUG: (src/list.c :87 :List_push) gay shit
DEBUG: (src/list.c :87 :List_push) gay shit
DEBUG: (src/list.c :87 :List_push) gay shit
DEBUG: (src/list.c :87 :List_push) gay shit
DEBUG: (src/list.c :87 :List_push) gay shit
DEBUG: (src/list.c :87 :List_push) gay shit
DEBUG: (src/list.c :87 :List_push) gay shit
DEBUG: (src/list.c :87 :List_push) gay shit
DEBUG: (src/list.c :87 :List_push) gay shit
DEBUG: (src/list.c :87 :List_push) gay shit
DEBUG: (src/list.c :87 :List_push) gay shit
DEBUG: (src/list.c :87 :List_push) gay shit
DEBUG: (src/list.c :87 :List_push) gay shit
DEBUG: (src/list.c :87 :List_push) gay shit
DEBUG: (src/list.c :87 :List_push) gay shit
DEBUG: (src/list.c :87 :List_push) gay shit
DEBUG: (src/list.c :87 :List_push) gay shit
DEBUG: (src/list.c :87 :List_push) gay shit
DEBUG: (src/list.c :87 :List_push) gay shit
DEBUG: (src/list.c :87 :List_push) gay shit
DEBUG: (src/list.c :87 :List_push) gay shit
DEBUG: (src/list.c :87 :List_push) gay shit
DEBUG: (src/list.c :87 :List_push) gay shit
DEBUG: (src/list.c :87 :List_push) gay shit
DEBUG: (src/list.c :87 :List_push) gay shit
DEBUG: (src/list.c :87 :List_push) gay shit
DEBUG: (src/list.c :87 :List_push) gay shit
DEBUG: (src/list.c :87 :List_push) gay shit
DEBUG: (src/list.c :87 :List_push) gay shit
DEBUG: (src/list.c :87 :List_push) gay shit
DEBUG: (src/list.c :87 :List_push) gay shit
DEBUG: (src/list.c :87 :List_push) gay shit
DEBUG: (src/list.c :87 :List_push) gay shit
DEBUG: (src/list.c :87 :List_push) gay shit
DEBUG: (src/list.c :87 :List_push) gay shit
DEBUG: (src/list.c :87 :List_push) gay shit
DEBUG: (src/list.c :87 :List_push) gay shit
DEBUG: (src/list.c :87 :List_push) gay shit
DEBUG: (src/list.c :87 :List_push) gay shit
DEBUG: (src/list.c :87 :List_push) gay shit
DEBUG: (src/list.c :87 :List_push) gay shit
DEBUG: (src/list.c :87 :List_push) gay shit
DEBUG: (src/list.c :87 :List_push) gay shit
DEBUG: (src/list.c :87 :List_push) gay shit
DEBUG: (src/list.c :87 :List_push) gay shit
DEBUG: (src/list.c :87 :List_push) gay shit
DEBUG: (src/list.c :87 :List_push) gay shit
DEBUG: (src/list.c :87 :List_push) gay shit
DEBUG: (src/list.c :87 :List_push) gay shit
DEBUG: (src/list.c :87 :List_push) gay shit
DEBUG: (src/list.c :87 :List_push) gay shit
DEBUG: (src/list.c :87 :List_push) gay shit
DEBUG: (src/list.c :87 :List_push) gay shit
DEBUG: (src/list.c :87 :List_push) gay shit
DEBUG: (src/list.c :87 :List_push) gay shit
DEBUG: (src/list.c :87 :List_push) gay shit
DEBUG: (src/list.c :87 :List_push) gay shit
DEBUG: (src/list.c :87 :List_push) gay shit
DEBUG: (src/list.c :87 :List_push) gay shit
DEBUG: (src/list.c :87 :List_push) gay shit
DEBUG: (src/list.c :87 :List_push) gay shit
DEBUG: (src/list.c :87 :List_push) gay shit
DEBUG: (src/list.c :87 :List_push) gay shit
DEBUG: (src/list.c :87 :List_push) gay shit
DEBUG: (src/list.c :87 :List_push) gay shit
DEBUG: (src/list.c :87 :List_push) gay shit
DEBUG: (src/list.c :87 :List_push) gay shit
DEBUG: (src/list.c :87 :List_push) gay shit
DEBUG: (src/list.c :87 :List_push) gay shit
DEBUG: (src/list.c :87 :List_push) gay shit
DEBUG: (src/list.c :87 :List_push) gay shit
DEBUG: (src/list.c :87 :List_push) gay shit
DEBUG: (src/list.c :87 :List_push) gay shit
DEBUG: (src/list.c :87 :List_push) gay shit
DEBUG: (src/list.c :87 :List_push) gay shit
DEBUG: (src/list.c :87 :List_push) gay shit
DEBUG: (src/list.c :87 :List_push) gay shit
DEBUG: (src/list.c :87 :List_push) gay shit
DEBUG: (src/list.c :87 :List_push) gay shit
DEBUG: (src/list.c :87 :List_push) gay shit
DEBUG: (src/list.c :87 :List_push) gay shit
DEBUG: (src/list.c :87 :List_push) gay shit
DEBUG: (src/list.c :87 :List_push) gay shit
DEBUG: (src/list.c :87 :List_push) gay shit
DEBUG: (src/list.c :87 :List_push) gay shit
DEBUG: (src/list.c :87 :List_push) gay shit
DEBUG: (src/list.c :87 :List_push) gay shit
DEBUG: (src/list.c :87 :List_push) gay shit
DEBUG: (src/list.c :87 :List_push) gay shit
DEBUG: (src/list.c :87 :List_push) gay shit
DEBUG: (src/list.c :87 :List_push) gay shit
DEBUG: (src/list.c :87 :List_push) gay shit
DEBUG: (src/list.c :87 :List_push) gay shit
DEBUG: (src/list.c :87 :List_push) gay shit
DEBUG: (src/list.c :87 :List_push) gay shit
DEBUG: (src/list.c :87 :List_push) gay shit
DEBUG: (src/list.c :87 :List_push) gay shit
DEBUG: (src/list.c :87 :List_push) gay shit
DEBUG: (src/list.c :87 :List_push) gay shit
DEBUG: (src/list.c :87 :List_push) gay shit
DEBUG: (src/list.c :87 :List_push) gay shit
DEBUG: (src/list.c :87 :List_push) gay shit
DEBUG: (src/list.c :87 :List_push) gay shit
DEBUG: (src/list.c :87 :List_push) gay shit
DEBUG: (src/list.c :87 :List_push) gay shit
DEBUG: (src/list.c :87 :List_push) gay shit
DEBUG: (src/list.c :87 :List_push) gay shit
DEBUG: (src/list.c :87 :List_push) gay shit
DEBUG: (src/list.c :87 :List_push) gay shit
DEBUG: (src/list.c :87 :List_push) gay shit
DEBUG: (src/list.c :87 :List_push) gay shit
DEBUG: (src/list.c :87 :List_push) gay shit
DEBUG: (src/list.c :87 :List_push) gay shit
DEBUG: (src/list.c :87 :List_push) gay shit
DEBUG: (src/list.c :87 :List_push) gay shit
DEBUG: (src/list.c :87 :List_push) gay shit
DEBUG: (src/list.c :87 :List_push) gay shit
DEBUG: (src/list.c :87 :List_push) gay shit
DEBUG: (src/list.c :87 :List_push) gay shit
DEBUG: (src/list.c :87 :List_push) gay shit
DEBUG: (src/list.c :87 :List_push) gay shit
DEBUG: (src/list.c :87 :List_push) gay shit
DEBUG: (src/list.c :87 :List_push) gay shit
DEBUG: (src/list.c :87 :List_push) gay shit
DEBUG: (src/list.c :87 :List_push) gay shit
DEBUG: (src/list.c :87 :List_push) gay shit
DEBUG: (src/list.c :87 :List_push) gay shit
DEBUG: (src/list.c :87 :List_push) gay shit
DEBUG: (src/list.c :87 :List_push) gay shit
DEBUG: (src/list.c :87 :List_push) gay shit
DEBUG: (src/list.c :87 :List_push) gay shit
DEBUG: (src/list.c :87 :List_push) gay shit
DEBUG: (src/list.c :87 :List_push) gay shit
DEBUG: (src/list.c :87 :List_push) gay shit
DEBUG: (src/list.c :87 :List_push) gay shit
DEBUG: (src/list.c :87 :List_push) gay shit
DEBUG: (src/list.c :87 :List_push) gay shit
DEBUG: (src/list.c :87 :List_push) gay shit
DEBUG: (src/list.c :87 :List_push) gay shit
DEBUG: (src/list.c :87 :List_push) gay shit
DEBUG: (src/list.c :87 :List_push) gay shit
DEBUG: (src/list.c :87 :List_push) gay shit
DEBUG: (src/list.c :87 :List_push) gay shit
DEBUG: (src/list.c :87 :List_push) gay shit
DEBUG: (src/list.c :87 :List_push) gay shit
DEBUG: (src/list.c :87 :List_push) gay shit
DEBUG: (src/list.c :87 :List_push) gay shit
DEBUG: (src/list.c :87 :List_push) gay shit
DEBUG: (src/list.c :87 :List_push) gay shit
DEBUG: (src/list.c :87 :List_push) gay shit
DEBUG: (src/list.c :87 :List_push) gay shit
DEBUG: (src/list.c :87 :List_push) gay shit
DEBUG: (src/list.c :87 :List_push) gay shit
DEBUG: (src/list.c :87 :List_push) gay shit
DEBUG: (src/list.c :87 :List_push) gay shit
DEBUG: (src/list.c :87 :List_push) gay shit
DEBUG: (src/list.c :87 :List_push) gay shit
DEBUG: (src/list.c :87 :List_push) gay shit
DEBUG: (src/list.c :87 :List_push) gay shit
DEBUG: (src/list.c :87 :List_push) gay shit
DEBUG: (src/list.c :87 :List_push) gay shit
DEBUG: (src/list.c :87 :List_push) gay shit
DEBUG: (src/list.c :87 :List_push) gay shit
DEBUG: (src/list.c :87 :List_push) gay shit
DEBUG: (src/list.c :87 :List_push) gay shit
DEBUG: (src/list.c :87 :List_push) gay shit
DEBUG: (src/list.c :87 :List_push) gay shit
DEBUG: (src/list.c :87 :List_push) gay shit
DEBUG: (src/list.c :87 :List_push) gay shit
DEBUG: (src/list.c :87 :List_push) gay shit
DEBUG: (src/list.c :87 :List_push) gay shit
DEBUG: (src/list.c :87 :List_push) gay shit
DEBUG: (src/list.c :87 :List_push) gay shit
DEBUG: (src/list.c :87 :List_push) gay shit
DEBUG: (src/list.c :87 :List_push) gay shit
DEBUG: (src/list.c :87 :List_push) gay shit
DEBUG: (src/list.c :87 :List_push) gay shit
DEBUG: (src/list.c :87 :List_push) gay shit
DEBUG: (src/list.c :87 :List_push) gay shit
DEBUG: (src/list.c :87 :List_push) gay shit
DEBUG: (src/list.c :87 :List_push) gay shit
DEBUG: (src/list.c :87 :List_push) gay shit
DEBUG: (src/list.c :87 :List_push) gay shit
DEBUG: (src/list.c :87 :List_push) gay shit
DEBUG: (src/list.c :87 :List_push) gay shit
DEBUG: (src/list.c :87 :List_push) gay shit
DEBUG: (src/list.c :87 :List_push) gay shit
DEBUG: (src/list.c :87 :List_push) gay shit
DEBUG: (src/list.c :87 :List_push) gay shit
DEBUG: (src/list.c :87 :List_push) gay shit
DEBUG: (src/list.c :87 :List_push) gay shit
DEBUG: (src/list.c :87 :List_push) gay shit
DEBUG: (src/list.c :87 :List_push) gay shit
DEBUG: (src/list.c :87 :List_push) gay shit
DEBUG: (src/list.c :87 :List_push) gay shit
DEBUG: (src/list.c :87 :List_push) gay shit
DEBUG: (src/list.c :87 :List_push) gay shit
DEBUG: (src/list.c :87 :List_push) gay shit
DEBUG: (src/list.c :87 :List_push) gay shit
DEBUG: (src/list.c :87 :List_push) gay shit
DEBUG: (src/list.c :87 :List_push) gay shit
DEBUG: (src/list.c :87 :List_push) gay shit
DEBUG: (src/list.c :87 :List_push) gay shit
DEBUG: (src/list.c :87 :List_push) gay shit
DEBUG: (src/list.c :87 :List_push) gay shit
DEBUG: (src/list.c :87 :List_push) gay shit
DEBUG: (src/list.c :87 :List_push) gay shit
DEBUG: (src/list.c :87 :List_push) gay shit
DEBUG: (src/list.c :87 :List_push) gay shit
DEBUG: (src/list.c :87 :List_push) gay shit
DEBUG: (src/list.c :87 :List_push) gay shit
DEBUG: (src/list.c :87 :List_push) gay shit
DEBUG: (src/list.c :87 :List_push) gay shit
DEBUG: (src/list.c :87 :List_push) gay shit
DEBUG: (src/list.c :87 :List_push) gay shit
DEBUG: (src/list.c :87 :List_push) gay shit
DEBUG: (src/list.c :87 :List_push) gay shit
DEBUG: (src/list.c :87 :List_push) gay shit
DEBUG: (src/list.c :87 :List_push) gay shit
DEBUG: (src/list.c :87 :List_push) gay shit
DEBUG: (src/list.c :87 :List_push) gay shit
DEBUG: (src/list.c :87 :List_push) gay shit
DEBUG: (src/list.c :87 :List_push) gay shit
DEBUG: (src/list.c :87 :List_push) gay shit
DEBUG: (src/list.c :87 :List_push) gay shit
DEBUG: (src/list.c :87 :List_push) gay shit
DEBUG: (src/list.c :87 :List_push) gay shit
DEBUG: (src/list.c :87 :List_push) gay shit
DEBUG: (src/list.c :87 :List_push) gay shit
DEBUG: (src/list.c :87 :List_push) gay shit
DEBUG: (src/list.c :87 :List_push) gay shit
DEBUG: (src/list.c :87 :List_push) gay shit
DEBUG: (src/list.c :87 :List_push) gay shit
DEBUG: (src/list.c :87 :List_push) gay shit
DEBUG: (src/list.c :87 :List_push) gay shit
DEBUG: (src/list.c :87 :List_push) gay shit
DEBUG: (src/list.c :87 :List_push) gay shit
DEBUG: (src/list.c :87 :List_push) gay shit
DEBUG: (src/list.c :87 :List_push) gay shit
DEBUG: (src/list.c :87 :List_push) gay shit
DEBUG: (src/list.c :87 :List_push) gay shit
DEBUG: (src/list.c :87 :List_push) gay shit
DEBUG: (src/list.c :87 :List_push) gay shit
DEBUG: (src/list.c :87 :List_push) gay shit
DEBUG: (src/list.c :87 :List_push) gay shit
DEBUG: (src/list.c :87 :List_push) gay shit
DEBUG: (src/list.c :87 :List_push) gay shit
DEBUG: (src/list.c :87 :List_push) gay shit
DEBUG: (src/list.c :87 :List_push) gay shit
DEBUG: (src/list.c :87 :List_push) gay shit
DEBUG: (src/list.c :87 :List_push) gay shit
DEBUG: (src/list.c :87 :List_push) gay shit
DEBUG: (src/list.c :87 :List_push) gay shit
DEBUG: (src/list.c :87 :List_push) gay shit
DEBUG: (src/list.c :87 :List_push) gay shit
DEBUG: (src/list.c :87 :List_push) gay shit
DEBUG: (src/list.c :87 :List_push) gay shit
DEBUG: (src/list.c :87 :List_push) gay shit
DEBUG: (src/list.c :87 :List_push) gay shit
DEBUG: (src/list.c :87 :List_push) gay shit
DEBUG: (src/list.c :87 :List_push) gay shit
DEBUG: (src/list.c :87 :List_push) gay shit
DEBUG: (src/list.c :87 :List_push) gay shit
DEBUG: (src/list.c :87 :List_push) gay shit
DEBUG: (src/list.c :87 :List_push) gay shit
DEBUG: (src/list.c :87 :List_push) gay shit
DEBUG: (src/list.c :87 :List_push) gay shit
DEBUG: (src/list.c :87 :List_push) gay shit
DEBUG: (src/list.c :87 :List_push) gay shit
DEBUG: (src/list.c :87 :List_push) gay shit
DEBUG: (src/list.c :87 :List_push) gay shit
DEBUG: (src/list.c :87 :List_push) gay shit
DEBUG: (src/list.c :87 :List_push) gay shit
DEBUG: (src/list.c :87 :List_push) gay shit
DEBUG: (src/list.c :87 :List_push) gay shit
DEBUG: (src/list.c :87 :List_push) gay shit
DEBUG: (src/list.c :87 :List_push) gay shit
DEBUG: (src/list.c :87 :List_push) gay shit
DEBUG: (src/list.c :87 :List_push) gay shit
DEBUG: (src/list.c :87 :List_push) gay shit
DEBUG: (src/list.c :87 :List_push) gay shit
DEBUG: (src/list.c :87 :List_push) gay shit
DEBUG: (src/list.c :87 :List_push) gay shit
DEBUG: (src/list.c :87 :List_push) gay shit
DEBUG: (src/list.c :87 :List_push) gay shit
DEBUG: (src/list.c :87 :List_push) gay shit
DEBUG: (src/list.c :87 :List_push) gay shit
DEBUG: (src/list.c :87 :List_push) gay shit
DEBUG: (src/list.c :87 :List_push) gay shit
DEBUG: (src/list.c :87 :List_push) gay shit
DEBUG: (src/list.c :87 :List_push) gay shit
DEBUG: (src/list.c :87 :List_push) gay shit
DEBUG: (src/list.c :87 :List_push) gay shit
DEBUG: (src/list.c :87 :List_push) gay shit
DEBUG: (src/list.c :87 :List_push) gay shit
DEBUG: (src/list.c :87 :List_push) gay shit
DEBUG: (src/list.c :87 :List_push) gay shit
DEBUG: (src/list.c :87 :List_push) gay shit
DEBUG: (src/list.c :87 :List_push) gay shit
DEBUG: (src/list.c :87 :List_push) gay shit
DEBUG: (src/list.c :87 :List_push) gay shit
DEBUG: (src/list.c :87 :List_push) gay shit
DEBUG: (src/list.c :87 :List_push) gay shit
DEBUG: (src/list.c :87 :List_push) gay shit
DEBUG: (src/list.c :87 :List_push) gay shit
DEBUG: (src/list.c :87 :List_push) gay shit
DEBUG: (src/list.c :87 :List_push) gay shit
DEBUG: (src/list.c :87 :List_push) gay shit
DEBUG: (src/list.c :87 :List_push) gay shit
DEBUG: (src/list.c :87 :List_push) gay shit
DEBUG: (src/list.c :87 :List_push) gay shit
DEBUG: (src/list.c :87 :List_push) gay shit
DEBUG: (src/list.c :87 :List_push) gay shit
DEBUG: (src/list.c :87 :List_push) gay shit
DEBUG: (src/list.c :87 :List_push) gay shit
DEBUG: (src/list.c :87 :List_push) gay shit
DEBUG: (src/list.c :87 :List_push) gay shit
DEBUG: (src/list.c :87 :List_push) gay shit
DEBUG: (src/list.c :87 :List_push) gay shit
DEBUG: (src/list.c :87 :List_push) gay shit
DEBUG: (src/list.c :87 :List_push) gay shit
DEBUG: (src/list.c :87 :List_push) gay shit
DEBUG: (src/list.c :87 :List_push) gay shit
DEBUG: (src/list.c :87 :List_push) gay shit
DEBUG: (src/list.c :87 :List_push) gay shit
DEBUG: (src/list.c :87 :List_push) gay shit
DEBUG: (src/list.c :87 :List_push) gay shit
DEBUG: (src/list.c :87 :List_push) gay shit
DEBUG: (src/list.c :87 :List_push) gay shit
DEBUG: (src/list.c :87 :List_push) gay shit
DEBUG: (src/list.c :87 :List_push) gay shit
DEBUG: (src/list.c :87 :List_push) gay shit
DEBUG: (src/list.c :87 :List_push) gay shit
DEBUG: (src/list.c :87 :List_push) gay shit
DEBUG: (src/list.c :87 :List_push) gay shit
DEBUG: (src/list.c :87 :List_push) gay shit
DEBUG: (src/list.c :87 :List_push) gay shit
DEBUG: (src/list.c :87 :List_push) gay shit
DEBUG: (src/list.c :87 :List_push) gay shit
DEBUG: (src/list.c :87 :List_push) gay shit
DEBUG: (src/list.c :87 :List_push) gay shit
DEBUG: (src/list.c :87 :List_push) gay shit
DEBUG: (src/list.c :87 :List_push) gay shit
DEBUG: (src/list.c :87 :List_push) gay shit
DEBUG: (src/list.c :87 :List_push) gay shit
DEBUG: (src/list.c :87 :List_push) gay shit
DEBUG: (src/list.c :87 :List_push) gay shit
DEBUG: (src/list.c :87 :List_push) gay shit
DEBUG: (src/list.c :87 :List_push) gay shit
DEBUG: (src/list.c :87 :List_push) gay shit
DEBUG: (src/list.c :87 :List_push) gay shit
DEBUG: (src/list.c :87 :List_push) gay shit
DEBUG: (src/list.c :87 :List_push) gay shit
DEBUG: (src/list.c :87 :List_push) gay shit
DEBUG: (src/list.c :87 :List_push) gay shit
DEBUG: (src/list.c :87 :List_push) gay shit
DEBUG: (src/list.c :87 :List_push) gay shit
DEBUG: (src/list.c :87 :List_push) gay shit
DEBUG: (src/list.c :87 :List_push) gay shit
DEBUG: (src/list.c :87 :List_push) gay shit
DEBUG: (src/list.c :87 :List_push) gay shit
DEBUG: (src/list.c :87 :List_push) gay shit
DEBUG: (src/list.c :87 :List_push) gay shit
DEBUG: (src/list.c :87 :List_push) gay shit
DEBUG: (src/list.c :87 :List_push) gay shit
DEBUG: (src/list.c :87 :List_push) gay shit
DEBUG: (src/list.c :87 :List_push) gay shit
DEBUG: (src/list.c :87 :List_push) gay shit
DEBUG: (src/list.c :87 :List_push) gay shit
DEBUG: (src/list.c :87 :List_push) gay shit
DEBUG: (src/list.c :87 :List_push) gay shit
DEBUG: (src/list.c :87 :List_push) gay shit
DEBUG: (src/list.c :87 :List_push) gay shit
DEBUG: (src/list.c :87 :List_push) gay shit
DEBUG: (src/list.c :87 :List_push) gay shit
DEBUG: (src/list.c :87 :List_push) gay shit
DEBUG: (src/list.c :87 :List_push) gay shit
DEBUG: (src/list.c :87 :List_push) gay shit
DEBUG: (src/list.c :87 :List_push) gay shit
DEBUG: (src/list.c :87 :List_push) gay shit
DEBUG: (src/list.c :87 :List_push) gay shit
DEBUG: (src/list.c :87 :List_push) gay shit
DEBUG: (src/list.c :87 :List_push) gay shit
DEBUG: (src/list.c :87 :List_push) gay shit
DEBUG: (src/list.c :87 :List_push) gay shit
DEBUG: (src/list.c :87 :List_push) gay shit
DEBUG: (src/list.c :87 :List_push) gay shit
DEBUG: (src/list.c :87 :List_push) gay shit
DEBUG: (src/list.c :87 :List_push) gay shit
DEBUG: (src/list.c :87 :List_push) gay shit
DEBUG: (src/list.c :87 :List_push) gay shit
DEBUG: (src/list.c :87 :List_push) gay shit
DEBUG: (src/list.c :87 :List_push) gay shit
DEBUG: (src/list.c :87 :List_push) gay shit
DEBUG: (src/list.c :87 :List_push) gay shit
DEBUG: (src/list.c :87 :List_push) gay shit
DEBUG: (src/list.c :87 :List_push) gay shit
DEBUG: (src/list.c :87 :List_push) gay shit
DEBUG: (src/list.c :87 :List_push) gay shit
DEBUG: (src/list.c :87 :List_push) gay shit
DEBUG: (src/list.c :87 :List_push) gay shit
DEBUG: (src/list.c :87 :List_push) gay shit
DEBUG: (src/list.c :87 :List_push) gay shit
DEBUG: (src/list.c :87 :List_push) gay shit
DEBUG: (src/list.c :87 :List_push) gay shit
DEBUG: (src/list.c :87 :List_push) gay shit
DEBUG: (src/list.c :87 :List_push) gay shit
DEBUG: (src/list.c :87 :List_push) gay shit
DEBUG: (src/list.c :87 :List_push) gay shit
DEBUG: (src/list.c :87 :List_push) gay shit
DEBUG: (src/list.c :87 :List_push) gay shit
DEBUG: (src/list.c :87 :List_push) gay shit
DEBUG: (src/list.c :87 :List_push) gay shit
DEBUG: (src/list.c :87 :List_push) gay shit
DEBUG: (src/list.c :87 :List_push) gay shit
DEBUG: (src/list.c :87 :List_push) gay shit
DEBUG: (src/list.c :87 :List_push) gay shit
DEBUG: (src/list.c :87 :List_push) gay shit
DEBUG: (src/list.c :87 :List_push) gay shit
DEBUG: (src/list.c :87 :List_push) gay shit
DEBUG: (src/list.c :87 :List_push) gay shit
DEBUG: (src/list.c :87 :List_push) gay shit
DEBUG: (src/list.c :87 :List_push) gay shit
DEBUG: (src/list.c :87 :List_push) gay shit
DEBUG: (src/list.c :87 :List_push) gay shit
DEBUG: (src/list.c :87 :List_push) gay shit
DEBUG: (src/list.c :87 :List_push) gay shit
DEBUG: (src/list.c :87 :List_push) gay shit
DEBUG: (src/list.c :87 :List_push) gay shit
DEBUG: (src/list.c :87 :List_push) gay shit
DEBUG: (src/list.c :87 :List_push) gay shit
DEBUG: (src/list.c :87 :List_push) gay shit
DEBUG: (src/list.c :87 :List_push) gay shit
DEBUG: (src/list.c :87 :List_push) gay shit
DEBUG: (src/list.c :87 :List_push) gay shit
DEBUG: (src/list.c :87 :List_push) gay shit
DEBUG: (src/list.c :87 :List_push) gay shit
DEBUG: (src/list.c :87 :List_push) gay shit
DEBUG: (src/list.c :87 :List_push) gay shit
DEBUG: (src/list.c :87 :List_push) gay shit
DEBUG: (src/list.c :87 :List_push) gay shit
DEBUG: (src/list.c :87 :List_push) gay shit
DEBUG: (src/list.c :87 :List_push) gay shit
DEBUG: (src/list.c :87 :List_push) gay shit
DEBUG: (src/list.c :87 :List_push) gay shit
DEBUG: (src/list.c :87 :List_push) gay shit
DEBUG: (src/list.c :87 :List_push) gay shit
DEBUG: (src/list.c :87 :List_push) gay shit
DEBUG: (src/list.c :87 :List_push) gay shit
DEBUG: (src/list.c :87 :List_push) gay shit
DEBUG: (src/list.c :87 :List_push) gay shit
DEBUG: (src/list.c :87 :List_push) gay shit
DEBUG: (src/list.c :87 :List_push) gay shit
DEBUG: (src/list.c :87 :List_push) gay shit
DEBUG: (src/list.c :87 :List_push) gay shit
DEBUG: (src/list.c :87 :List_push) gay shit
DEBUG: (src/list.c :87 :List_push) gay shit
DEBUG: (src/list.c :87 :List_push) gay shit
DEBUG: (src/list.c :87 :List_push) gay shit
DEBUG: (src/list.c :87 :List_push) gay shit
DEBUG: (src/list.c :87 :List_push) gay shit
DEBUG: (src/list.c :87 :List_push) gay shit
DEBUG: (src/list.c :87 :List_push) gay shit
DEBUG: (src/list.c :87 :List_push) gay shit
DEBUG: (src/list.c :87 :List_push) gay shit
DEBUG: (src/list.c :87 :List_push) gay shit
DEBUG: (src/list.c :87 :List_push) gay shit
DEBUG: (src/list.c :87 :List_push) gay shit
DEBUG: (src/list.c :87 :List_push) gay shit
DEBUG: (src/list.c :87 :List_push) gay shit
DEBUG: (src/list.c :87 :List_push) gay shit
DEBUG: (src/list.c :87 :List_push) gay shit
DEBUG: (src/list.c :87 :List_push) gay shit
DEBUG: (src/list.c :87 :List_push) gay shit
DEBUG: (src/list.c :87 :List_push) gay shit
DEBUG: (src/list.c :87 :List_push) gay shit
DEBUG: (src/list.c :87 :List_push) gay shit
DEBUG: (src/list.c :87 :List_push) gay shit
DEBUG: (src/list.c :87 :List_push) gay shit
DEBUG: (src/list.c :87 :List_push) gay shit
DEBUG: (src/list.c :87 :List_push) gay shit
DEBUG: (src/list.c :87 :List_push) gay shit
DEBUG: (src/list.c :87 :List_push) gay shit
DEBUG: (src/list.c :87 :List_push) gay shit
DEBUG: (src/list.c :87 :List_push) gay shit
DEBUG: (src/list.c :87 :List_push) gay shit
DEBUG: (src/list.c :87 :List_push) gay shit
DEBUG: (src/list.c :87 :List_push) gay shit
DEBUG: (src/list.c :87 :List_push) gay shit
DEBUG: (src/list.c :87 :List_push) gay shit
DEBUG: (src/list.c :87 :List_push) gay shit
DEBUG: (src/list.c :87 :List_push) gay shit
DEBUG: (src/list.c :87 :List_push) gay shit
DEBUG: (src/list.c :87 :List_push) gay shit
DEBUG: (src/list.c :87 :List_push) gay shit
DEBUG: (src/list.c :87 :List_push) gay shit
DEBUG: (src/list.c :87 :List_push) gay shit
DEBUG: (src/list.c :87 :List_push) gay shit
DEBUG: (src/list.c :87 :List_push) gay shit
DEBUG: (src/list.c :87 :List_push) gay shit
DEBUG: (src/list.c :87 :List_push) gay shit
DEBUG: (src/list.c :87 :List_push) gay shit
DEBUG: (src/list.c :87 :List_push) gay shit
DEBUG: (src/list.c :87 :List_push) gay shit
DEBUG: (src/list.c :87 :List_push) gay shit
DEBUG: (src/list.c :87 :List_push) gay shit
DEBUG: (src/list.c :87 :List_push) gay shit
DEBUG: (src/list.c :87 :List_push) gay shit
DEBUG: (src/list.c :87 :List_push) gay shit
DEBUG: (src/list.c :87 :List_push) gay shit
DEBUG: (src/list.c :87 :List_push) gay shit
DEBUG: (src/list.c :87 :List_push) gay shit
DEBUG: (src/list.c :87 :List_push) gay shit
DEBUG: (src/list.c :87 :List_push) gay shit
DEBUG: (src/list.c :87 :List_push) gay shit
DEBUG: (src/list.c :87 :List_push) gay shit
DEBUG: (src/list.c :87 :List_push) gay shit
DEBUG: (src/list.c :87 :List_push) gay shit
DEBUG: (src/list.c :87 :List_push) gay shit
DEBUG: (src/list.c :87 :List_push) gay shit
DEBUG: (src/list.c :87 :List_push) gay shit
DEBUG: (src/list.c :87 :List_push) gay shit
DEBUG: (src/list.c :87 :List_push) gay shit
DEBUG: (src/list.c :87 :List_push) gay shit
DEBUG: (src/list.c :87 :List_push) gay shit
DEBUG: (src/list.c :87 :List_push) gay shit
DEBUG: (src/list.c :87 :List_push) gay shit
DEBUG: (src/list.c :87 :List_push) gay shit
DEBUG: (src/list.c :87 :List_push) gay shit
DEBUG: (src/list.c :87 :List_push) gay shit
DEBUG: (src/list.c :87 :List_push) gay shit
DEBUG: (src/list.c :87 :List_push) gay shit
DEBUG: (src/list.c :87 :List_push) gay shit
DEBUG: (src/list.c :87 :List_push) gay shit
DEBUG: (src/list.c :87 :List_push) gay shit
DEBUG: (src/list.c :87 :List_push) gay shit
DEBUG: (src/list.c :87 :List_push) gay shit
DEBUG: (src/list.c :87 :List_push) gay shit
DEBUG: (src/list.c :87 :List_push) gay shit
DEBUG: (src/list.c :87 :List_push) gay shit
DEBUG: (src/list.c :87 :List_push) gay shit
DEBUG: (src/list.c :87 :List_push) gay shit
DEBUG: (src/list.c :87 :List_push) gay shit
DEBUG: (src/list.c :87 :List_push) gay shit
DEBUG: (src/list.c :87 :List_push) gay shit
DEBUG: (src/list.c :87 :List_push) gay shit
DEBUG: (src/list.c :87 :List_push) gay shit
DEBUG: (src/list.c :87 :List_push) gay shit
DEBUG: (src/list.c :87 :List_push) gay shit
DEBUG: (src/list.c :87 :List_push) gay shit
DEBUG: (src/list.c :87 :List_push) gay shit
DEBUG: (src/list.c :87 :List_push) gay shit
DEBUG: (src/list.c :87 :List_push) gay shit
DEBUG: (src/list.c :87 :List_push) gay shit
DEBUG: (src/list.c :87 :List_push) gay shit
DEBUG: (src/list.c :87 :List_push) gay shit
DEBUG: (src/list.c :87 :List_push) gay shit
DEBUG: (src/list.c :87 :List_push) gay shit
DEBUG: (src/list.c :87 :List_push) gay shit
DEBUG: (src/list.c :87 :List_push) gay shit
DEBUG: (src/list.c :87 :List_push) gay shit
DEBUG: (src/list.c :87 :List_push) gay shit
DEBUG: (src/list.c :87 :List_push) gay shit
DEBUG: (src/list.c :87 :List_push) gay shit
DEBUG: (src/list.c :87 :List_push) gay shit
DEBUG: (src/list.c :87 :List_push) gay shit
DEBUG: (src/list.c :87 :List_push) gay shit
DEBUG: (src/list.c :87 :List_push) gay shit
DEBUG: (src/list.c :87 :List_push) gay shit
DEBUG: (src/list.c :87 :List_push) gay shit
DEBUG: (src/list.c :87 :List_push) gay shit
DEBUG: (src/list.c :87 :List_push) gay shit
DEBUG: (src/list.c :87 :List_push) gay shit
DEBUG: (src/list.c :87 :List_push) gay shit
DEBUG: (src/list.c :87 :List_push) gay shit
DEBUG: (src/list.c :87 :List_push) gay shit
DEBUG: (src/list.c :87 :List_push) gay shit
DEBUG: (src/list.c :87 :List_push) gay shit
DEBUG: (src/list.c :87 :List_push) gay shit
DEBUG: (src/list.c :87 :List_push) gay shit
DEBUG: (src/list.c :87 :List_push) gay shit
DEBUG: (src/list.c :87 :List_push) gay shit
DEBUG: (src/list.c :87 :List_push) gay shit
DEBUG: (src/list.c :87 :List_push) gay shit
DEBUG: (src/list.c :87 :List_push) gay shit
DEBUG: (src/list.c :87 :List_push) gay shit
DEBUG: (src/list.c :87 :List_push) gay shit
DEBUG: (src/list.c :87 :List_push) gay shit
DEBUG: (src/list.c :87 :List_push) gay shit
DEBUG: (src/list.c :87 :List_push) gay shit
DEBUG: (src/list.c :87 :List_push) gay shit
DEBUG: (src/list.c :87 :List_push) gay shit
DEBUG: (src/list.c :87 :List_push) gay shit
DEBUG: (src/list.c :87 :List_push) gay shit
DEBUG: (src/list.c :87 :List_push) gay shit
DEBUG: (src/list.c :87 :List_push) gay shit
DEBUG: (src/list.c :87 :List_push) gay shit
DEBUG: (src/list.c :87 :List_push) gay shit
DEBUG: (src/list.c :87 :List_push) gay shit
DEBUG: (src/list.c :87 :List_push) gay shit
DEBUG: (src/list.c :87 :List_push) gay shit
DEBUG: (src/list.c :87 :List_push) gay shit
DEBUG: (src/list.c :87 :List_push) gay shit
DEBUG: (src/list.c :87 :List_push) gay shit
DEBUG: (src/list.c :87 :List_push) gay shit
DEBUG: (src/list.c :87 :List_push) gay shit
DEBUG: (src/list.c :87 :List_push) gay shit
DEBUG: (src/list.c :87 :List_push) gay shit
DEBUG: (src/list.c :87 :List_push) gay shit
DEBUG: (src/list.c :87 :List_push) gay shit
DEBUG: (src/list.c :87 :List_push) gay shit
DEBUG: (src/list.c :87 :List_push) gay shit
DEBUG: (src/list.c :87 :List_push) gay shit
DEBUG: (src/list.c :87 :List_push) gay shit
DEBUG: (src/list.c :87 :List_push) gay shit
DEBUG: (src/list.c :87 :List_push) gay shit
DEBUG: (src/list.c :87 :List_push) gay shit
DEBUG: (src/list.c :87 :List_push) gay shit
DEBUG: (src/list.c :87 :List_push) gay shit
DEBUG: (src/list.c :87 :List_push) gay shit
DEBUG: (src/list.c :87 :List_push) gay shit
DEBUG: (src/list.c :87 :List_push) gay shit
DEBUG: (src/list.c :87 :List_push) gay shit
DEBUG: (src/list.c :87 :List_push) gay shit
DEBUG: (src/list.c :87 :List_push) gay shit
DEBUG: (src/list.c :87 :List_push) gay shit
DEBUG: (src/list.c :87 :List_push) gay shit
DEBUG: (src/list.c :87 :List_push) gay shit
DEBUG: (src/list.c :87 :List_push) gay shit
DEBUG: (src/list.c :87 :List_push) gay shit
DEBUG: (src/list.c :87 :List_push) gay shit
DEBUG: (src/list.c :87 :List_push) gay shit
DEBUG: (src/list.c :87 :List_push) gay shit
DEBUG: (src/list.c :87 :List_push) gay shit
DEBUG: (src/list.c :87 :List_push) gay shit
DEBUG: (src/list.c :87 :List_push) gay shit
DEBUG: (src/list.c :87 :List_push) gay shit
DEBUG: (src/list.c :87 :List_push) gay shit
DEBUG: (src/list.c :87 :List_push) gay shit
DEBUG: (src/list.c :87 :List_push) gay shit
DEBUG: (src/list.c :87 :List_push) gay shit
DEBUG: (src/list.c :87 :List_push) gay shit
DEBUG: (src/list.c :87 :List_push) gay shit
DEBUG: (src/list.c :87 :List_push) gay shit
DEBUG: (src/list.c :87 :List_push) gay shit
DEBUG: (src/list.c :87 :List_push) gay shit
DEBUG: (src/list.c :87 :List_push) gay shit
DEBUG: (src/list.c :87 :List_push) gay shit
DEBUG: (src/list.c :87 :List_push) gay shit
DEBUG: (src/list.c :87 :List_push) gay shit
DEBUG: (src/list.c :87 :List_push) gay shit
DEBUG: (src/list.c :87 :List_push) gay shit
DEBUG: (src/list.c :87 :List_push) gay shit
DEBUG: (src/list.c :87 :List_push) gay shit
DEBUG: (src/list.c :87 :List_push) gay shit
DEBUG: (src/list.c :87 :List_push) gay shit
DEBUG: (src/list.c :87 :List_push) gay shit
DEBUG: (src/list.c :87 :List_push) gay shit
DEBUG: (src/list.c :87 :List_push) gay shit
DEBUG: (src/list.c :87 :List_push) gay shit
DEBUG: (src/list.c :87 :List_push) gay shit
DEBUG: (src/list.c :87 :List_push) gay shit
DEBUG: (src/list.c :87 :List_push) gay shit
DEBUG: (src/list.c :87 :List_push) gay shit
DEBUG: (src/list.c :87 :List_push) gay shit
DEBUG: (src/list.c :87 :List_push) gay shit
DEBUG: (src/list.c :87 :List_push) gay shit
DEBUG: (src/list.c :87 :List_push) gay shit
DEBUG: (src/list.c :87 :List_push) gay shit
DEBUG: (src/list.c :87 :List_push) gay shit
DEBUG: (src/list.c :87 :List_push) gay shit
DEBUG: (src/list.c :87 :List_push) gay shit
DEBUG: (src/list.c :87 :List_push) gay shit
DEBUG: (src/list.c :87 :List_push) gay shit
DEBUG: (src/list.c :87 :List_push) gay shit
DEBUG: (src/list.c :87 :List_push) gay shit
DEBUG: (src/list.c :87 :List_push) gay shit
DEBUG: (src/list.c :87 :List_push) gay shit
DEBUG: (src/list.c :87 :List_push) gay shit
DEBUG: (src/list.c :87 :List_push) gay shit
DEBUG: (src/list.c :87 :List_push) gay shit
DEBUG: (src/list.c :87 :List_push) gay shit
DEBUG: (src/list.c :87 :List_push) gay shit
DEBUG: (src/list.c :87 :List_push) gay shit
DEBUG: (src/list.c :87 :List_push) gay shit
DEBUG: (src/list.c :87 :List_push) gay shit
DEBUG: (src/list.c :87 :List_push) gay shit
DEBUG: (src/list.c :87 :List_push) gay shit
DEBUG: (src/list.c :87 :List_push) gay shit
DEBUG: (src/list.c :87 :List_push) gay shit
DEBUG: (src/list.c :87 :List_push) gay shit
DEBUG: (src/list.c :87 :List_push) gay shit
DEBUG: (src/list.c :87 :List_push) gay shit
DEBUG: (src/list.c :87 :List_push) gay shit
DEBUG: (src/list.c :87 :List_push) gay shit
DEBUG: (src/list.c :87 :List_push) gay shit
DEBUG: (src/list.c :87 :List_push) gay shit
DEBUG: (src/list.c :87 :List_push) gay shit
DEBUG: (src/list.c :87 :List_push) gay shit
DEBUG: (src/list.c :87 :List_push) gay shit
DEBUG: (src/list.c :87 :List_push) gay shit
DEBUG: (src/list.c :87 :List_push) gay shit
DEBUG: (src/list.c :87 :List_push) gay shit
DEBUG: (src/list.c :87 :List_push) gay shit
DEBUG: (src/list.c :87 :List_push) gay shit
DEBUG: (src/list.c :87 :List_push) gay shit
DEBUG: (src/list.c :87 :List_push) gay shit
DEBUG: (src/list.c :87 :List_push) gay shit
DEBUG: (src/list.c :87 :List_push) gay shit
DEBUG: (src/list.c :87 :List_push) gay shit
DEBUG: (src/list.c :87 :List_push) gay shit
DEBUG: (src/list.c :87 :List_push) gay shit
DEBUG: (src/list.c :87 :List_push) gay shit
DEBUG: (src/list.c :87 :List_push) gay shit
DEBUG: (src/list.c :87 :List_push) gay shit
DEBUG: (src/list.c :87 :List_push) gay shit
DEBUG: (src/list.c :87 :List_push) gay shit
DEBUG: (src/list.c :87 :List_push) gay shit
DEBUG: (src/list.c :87 :List_push) gay shit
DEBUG: (src/list.c :87 :List_push) gay shit
DEBUG: (src/list.c :87 :List_push) gay shit
DEBUG: (src/list.c :87 :List_push) gay shit
DEBUG: (src/list.c :87 :List_push) gay shit
DEBUG: (src/list.c :87 :List_push) gay shit
DEBUG: (src/list.c :87 :List_push) gay shit
DEBUG: (src/list.c :87 :List_push) gay shit
DEBUG: (src/list.c :87 :List_push) gay shit
DEBUG: (src/list.c :87 :List_push) gay shit
DEBUG: (src/list.c :87 :List_push) gay shit
DEBUG: (src/list.c :87 :List_push) gay shit
DEBUG: (src/list.c :87 :List_push) gay shit
DEBUG: (src/list.c :87 :List_push) gay shit
DEBUG: (src/list.c :87 :List_push) gay shit
DEBUG: (src/list.c :87 :List_push) gay shit
DEBUG: (src/list.c :87 :List_push) gay shit
DEBUG: (src/list.c :87 :List_push) gay shit
DEBUG: (src/list.c :87 :List_push) gay shit
DEBUG: (src/list.c :87 :List_push) gay shit
DEBUG: (src/list.c :87 :List_push) gay shit
DEBUG: (src/list.c :87 :List_push) gay shit
DEBUG: (src/list.c :87 :List_push) gay shit
DEBUG: (src/list.c :87 :List_push) gay shit
DEBUG: (src/list.c :87 :List_push) gay shit
DEBUG: (src/list.c :87 :List_push) gay shit
DEBUG: (src/list.c :87 :List_push) gay shit
DEBUG: (src/list.c :87 :List_push) gay shit
DEBUG: (src/list.c :87 :List_push) gay shit
DEBUG: (src/list.c :87 :List_push) gay shit
DEBUG: (src/list.c :87 :List_push) gay shit
DEBUG: (src/list.c :87 :List_push) gay shit
DEBUG: (src/list.c :87 :List_push) gay shit
DEBUG: (src/list.c :87 :List_push) gay shit
DEBUG: (src/list.c :87 :List_push) gay shit
DEBUG: (src/list.c :87 :List_push) gay shit
DEBUG: (src/list.c :87 :List_push) gay shit
DEBUG: (src/list.c :87 :List_push) gay shit
DEBUG: (src/list.c :87 :List_push) gay shit
DEBUG: (src/list.c :87 :List_push) gay shit
DEBUG: (src/list.c :87 :List_push) gay shit
DEBUG: (src/list.c :87 :List_push) gay shit
DEBUG: (src/list.c :87 :List_push) gay shit
DEBUG: (src/list.c :87 :List_push) gay shit
DEBUG: (src/list.c :87 :List_push) gay shit
DEBUG: (src/list.c :87 :List_push) gay shit
DEBUG: (src/list.c :87 :List_push) gay shit
DEBUG: (src/list.c :87 :List_push) gay shit
DEBUG: (src/list.c :87 :List_push) gay shit
DEBUG: (src/list.c :87 :List_push) gay shit
DEBUG: (src/list.c :87 :List_push) gay shit
DEBUG: (src/list.c :87 :List_push) gay shit
DEBUG: (src/list.c :87 :List_push) gay shit
DEBUG: (src/list.c :87 :List_push) gay shit
DEBUG: (src/list.c :87 :List_push) gay shit
DEBUG: (src/list.c :87 :List_push) gay shit
DEBUG: (src/list.c :87 :List_push) gay shit
DEBUG: (src/list.c :87 :List_push) gay shit
DEBUG: (src/list.c :87 :List_push) gay shit
DEBUG: (src/list.c :87 :List_push) gay shit
DEBUG: (src/list.c :87 :List_push) gay shit
DEBUG: (src/list.c :87 :List_push) gay shit
DEBUG: (src/list.c :87 :List_push) gay shit
DEBUG: (src/list.c :87 :List_push) gay shit
DEBUG: (src/list.c :87 :List_push) gay shit
DEBUG: (src/list.c :87 :List_push) gay shit
DEBUG: (src/list.c :87 :List_push) gay shit
DEBUG: (src/list.c :87 :List_push) gay shit
DEBUG: (src/list.c :87 :List_push) gay shit
DEBUG: (src/list.c :87 :List_push) gay shit
DEBUG: (src/list.c :87 :List_push) gay shit
DEBUG: (src/list.c :87 :List_push) gay shit
DEBUG: (src/list.c :87 :List_push) gay shit
DEBUG: (src/list.c :87 :List_push) gay shit
DEBUG: (src/list.c :87 :List_push) gay shit
DEBUG: (src/list.c :87 :List_push) gay shit
DEBUG: (src/list.c :87 :List_push) gay shit
DEBUG: (src/list.c :87 :List_push) gay shit
DEBUG: (src/list.c :87 :List_push) gay shit
DEBUG: (src/list.c :87 :List_push) gay shit
DEBUG: (src/list.c :87 :List_push) gay shit
DEBUG: (src/list.c :87 :List_push) gay shit
DEBUG: (src/list.c :87 :List_push) gay shit
DEBUG: (src/list.c :87 :List_push) gay shit
DEBUG: (src/list.c :87 :List_push) gay shit
DEBUG: (src/list.c :87 :List_push) gay shit
DEBUG: (src/list.c :87 :List_push) gay shit
DEBUG: (src/list.c :87 :List_push) gay shit
DEBUG: (src/list.c :87 :List_push) gay shit
DEBUG: (src/list.c :87 :List_push) gay shit
DEBUG: (src/list.c :87 :List_push) gay shit
DEBUG: (src/list.c :87 :List_push) gay shit
DEBUG: (src/list.c :87 :List_push) gay shit
DEBUG: (src/list.c :87 :List_push) gay shit
DEBUG: (src/list.c :87 :List_push) gay shit
DEBUG: (src/list.c :87 :List_push) gay shit
DEBUG: (src/list.c :87 :List_push) gay shit
DEBUG: (src/list.c :87 :List_push) gay shit
DEBUG: (src/list.c :87 :List_push) gay shit
DEBUG: (src/list.c :87 :List_push) gay shit
DEBUG: (src/list.c :87 :List_push) gay shit
DEBUG: (src/list.c :87 :List_push) gay shit
DEBUG: (src/list.c :87 :List_push) gay shit
DEBUG: (src/list.c :87 :List_push) gay shit
DEBUG: (src/list.c :87 :List_push) gay shit
DEBUG: (src/list.c :87 :List_push) gay shit
DEBUG: (src/list.c :87 :List_push) gay shit
DEBUG: (src/list.c :87 :List_push) gay shit
DEBUG: (src/list.c :87 :List_push) gay shit
DEBUG: (src/list.c :87 :List_push) gay shit
DEBUG: (src/list.c :87 :List_push) gay shit
DEBUG: (src/list.c :87 :List_push) gay shit
DEBUG: (src/list.c :87 :List_push) gay shit
DEBUG: (src/list.c :87 :List_push) gay shit
DEBUG: (src/list.c :87 :List_push) gay shit
DEBUG: (src/list.c :87 :List_push) gay shit
DEBUG: (src/list.c :87 :List_push) gay shit
DEBUG: (src/list.c :87 :List_push) gay shit
DEBUG: (src/list.c :87 :List_push) gay shit
DEBUG: (src/list.c :87 :List_push) gay shit
DEBUG: (src/list.c :87 :List_push) gay shit
DEBUG: (src/list.c :87 :List_push) gay shit
DEBUG: (src/list.c :87 :List_push) gay shit
DEBUG: (src/list.c :87 :List_push) gay shit
DEBUG: (src/list.c :87 :List_push) gay shit
DEBUG: (src/list.c :87 :List_push) gay shit
DEBUG: (src/list.c :87 :List_push) gay shit
DEBUG: (src/list.c :87 :List_push) gay shit
DEBUG: (src/list.c :87 :List_push) gay shit
DEBUG: (src/list.c :87 :List_push) gay shit
DEBUG: (src/list.c :87 :List_push) gay shit
DEBUG: (src/list.c :87 :List_push) gay shit
DEBUG: (src/list.c :87 :List_push) gay shit
DEBUG: (src/list.c :87 :List_push) gay shit
DEBUG: (src/list.c :87 :List_push) gay shit
DEBUG: (src/list.c :87 :List_push) gay shit
DEBUG: (src/list.c :87 :List_push) gay shit
DEBUG: (src/list.c :87 :List_push) gay shit
DEBUG: (src/list.c :87 :List_push) gay shit
DEBUG: (src/list.c :87 :List_push) gay shit
DEBUG: (src/list.c :87 :List_push) gay shit
DEBUG: (src/list.c :87 :List_push) gay shit
DEBUG: (src/list.c :87 :List_push) gay shit
DEBUG: (src/list.c :87 :List_push) gay shit
DEBUG: (src/list.c :87 :List_push) gay shit
DEBUG: (src/list.c :87 :List_push) gay shit
DEBUG: (src/list.c :87 :List_push) gay shit
DEBUG: (src/list.c :87 :List_push) gay shit
DEBUG: (src/list.c :87 :List_push) gay shit
DEBUG: (src/list.c :87 :List_push) gay shit
DEBUG: (src/list.c :87 :List_push) gay shit
DEBUG: (src/list.c :87 :List_push) gay shit
DEBUG: (src/list.c :87 :List_push) gay shit
DEBUG: (src/list.c :87 :List_push) gay shit
DEBUG: (src/list.c :87 :List_push) gay shit
DEBUG: (src/list.c :87 :List_push) gay shit
DEBUG: (src/list.c :87 :List_push) gay shit
DEBUG: (src/list.c :87 :List_push) gay shit
DEBUG: (src/list.c :87 :List_push) gay shit
DEBUG: (src/list.c :87 :List_push) gay shit
DEBUG: (src/list.c :87 :List_push) gay shit
DEBUG: (src/list.c :87 :List_push) gay shit
DEBUG: (src/list.c :87 :List_push) gay shit
DEBUG: (src/list.c :87 :List_push) gay shit
DEBUG: (src/list.c :87 :List_push) gay shit
DEBUG: (src/list.c :87 :List_push) gay shit
DEBUG: (src/list.c :87 :List_push) gay shit
DEBUG: (src/list.c :87 :List_push) gay shit
DEBUG: (src/list.c :87 :List_push) gay shit
DEBUG: (src/list.c :87 :List_push) gay shit
DEBUG: (src/list.c :87 :List_push) gay shit
DEBUG: (src/list.c :87 :List_push) gay shit
DEBUG: (src/list.c :87 :List_push) gay shit
DEBUG: (src/list.c :87 :List_push) gay shit
DEBUG: (src/list.c :87 :List_push) gay shit
DEBUG: (src/list.c :87 :List_push) gay shit
DEBUG: (src/list.c :87 :List_push) gay shit
DEBUG: (src/list.c :87 :List_push) gay shit
DEBUG: (src/list.c :87 :List_push) gay shit
DEBUG: (src/list.c :87 :List_push) gay shit
DEBUG: (src/list.c :87 :List_push) gay shit
DEBUG: (src/list.c :87 :List_push) gay shit
DEBUG: (src/list.c :87 :List_push) gay shit
DEBUG: (src/list.c :87 :List_push) gay shit
DEBUG: (src/list.c :87 :List_push) gay shit
DEBUG: (src/list.c :87 :List_push) gay shit
DEBUG: (src/list.c :87 :List_push) gay shit
DEBUG: (src/list.c :87 :List_push) gay shit
DEBUG: (src/list.c :87 :List_push) gay shit
DEBUG: (src/list.c :87 :List_push) gay shit
DEBUG: (src/list.c :87 :List_push) gay shit
DEBUG: (src/list.c :87 :List_push) gay shit
DEBUG: (src/list.c :87 :List_push) gay shit
DEBUG: (src/list.c :87 :List_push) gay shit
DEBUG: (src/list.c :87 :List_push) gay shit
DEBUG: (src/list.c :87 :List_push) gay shit
DEBUG: (src/list.c :87 :List_push) gay shit
DEBUG: (src/list.c :87 :List_push) gay shit
DEBUG: (src/list.c :87 :List_push) gay shit
DEBUG: (src/list.c :87 :List_push) gay shit
DEBUG: (src/list.c :87 :List_push) gay shit
DEBUG: (src/list.c :87 :List_push) gay shit
DEBUG: (src/list.c :87 :List_push) gay shit
DEBUG: (src/list.c :87 :List_push) gay shit
DEBUG: (src/list.c :87 :List_push) gay shit
DEBUG: (src/list.c :87 :List_push) gay shit
DEBUG: (src/list.c :87 :List_push) gay shit
DEBUG: (src/list.c :87 :List_push) gay shit
DEBUG: (src/list.c :87 :List_push) gay shit
DEBUG: (src/list.c :87 :List_push) gay shit
DEBUG: (src/list.c :87 :List_push) gay shit
DEBUG: (src/list.c :87 :List_push) gay shit
DEBUG: (src/list.c :87 :List_push) gay shit
DEBUG: (src/list.c :87 :List_push) gay shit
DEBUG: (src/list.c :87 :List_push) gay shit
DEBUG: (src/list.c :87 :List_push) gay shit
DEBUG: (src/list.c :87 :List_push) gay shit
DEBUG: (src/list.c :87 :List_push) gay shit
DEBUG: (src/list.c :87 :List_push) gay shit
DEBUG: (src/list.c :87 :List_push) gay shit
DEBUG: (src/list.c :87 :List_push) gay shit
DEBUG: (src/list.c :87 :List_push) gay shit
DEBUG: (src/list.c :87 :List_push) gay shit
DEBUG: (src/list.c :87 :List_push) gay shit
DEBUG: (src/list.c :87 :List_push) gay shit
DEBUG: (src/list.c :87 :List_push) gay shit
DEBUG: (src/list.c :87 :List_push) gay shit
DEBUG: (src/list.c :87 :List_push) gay shit
DEBUG: (src/list.c :87 :List_push) gay shit
DEBUG: (src/list.c :87 :List_push) gay shit
DEBUG: (src/list.c :87 :List_push) gay shit
DEBUG: (src/list.c :87 :List_push) gay shit
DEBUG: (src/list.c :87 :List_push) gay shit
DEBUG: (src/list.c :87 :List_push) gay shit
DEBUG: (src/list.c :87 :List_push) gay shit
DEBUG: (src/list.c :87 :List_push) gay shit
DEBUG: (src/list.c :87 :List_push) gay shit
DEBUG: (src/list.c :87 :List_push) gay shit
DEBUG: (src/list.c :87 :List_push) gay shit
DEBUG: (src/list.c :87 :List_push) gay shit
DEBUG: (src/list.c :87 :List_push) gay shit
DEBUG: (src/list.c :87 :List_push) gay shit
DEBUG: (src/list.c :87 :List_push) gay shit
DEBUG: (src/list.c :87 :List_push) gay shit
DEBUG: (src/list.c :87 :List_push) gay shit
DEBUG: (src/list.c :87 :List_push) gay shit
DEBUG: (src/list.c :87 :List_push) gay shit
DEBUG: (src/list.c :87 :List_push) gay shit
DEBUG: (src/list.c :87 :List_push) gay shit
DEBUG: (src/list.c :87 :List_push) gay shit
DEBUG: (src/list.c :87 :List_push) gay shit
DEBUG: (src/list.c :87 :List_push) gay shit
DEBUG: (src/list.c :87 :List_push) gay shit
DEBUG: (src/list.c :87 :List_push) gay shit
DEBUG: (src/list.c :87 :List_push) gay shit
DEBUG: (src/list.c :87 :List_push) gay shit
DEBUG: (src/list.c :87 :List_push) gay shit
DEBUG: (src/list.c :87 :List_push) gay shit
DEBUG: (src/list.c :87 :List_push) gay shit
DEBUG: (src/list.c :87 :List_push) gay shit
DEBUG: (src/list.c :87 :List_push) gay shit
DEBUG: (src/list.c :87 :List_push) gay shit
DEBUG: (src/list.c :87 :List_push) gay shit
DEBUG: (src/list.c :87 :List_push) gay shit
DEBUG: (src/list.c :87 :List_push) gay shit
DEBUG: (src/list.c :87 :List_push) gay shit
DEBUG: (src/list.c :87 :List_push) gay shit
DEBUG: (src/list.c :87 :List_push) gay shit
DEBUG: (src/list.c :87 :List_push) gay shit
DEBUG: (src/list.c :87 :List_push) gay shit
DEBUG: (src/list.c :87 :List_push) gay shit
DEBUG: (src/list.c :87 :List_push) gay shit
DEBUG: (src/list.c :87 :List_push) gay shit
DEBUG: (src/list.c :87 :List_push) gay shit
DEBUG: (src/list.c :87 :List_push) gay shit
DEBUG: (src/list.c :87 :List_push) gay shit
DEBUG: (src/list.c :87 :List_push) gay shit
DEBUG: (src/list.c :87 :List_push) gay shit
DEBUG: (src/list.c :87 :List_push) gay shit
DEBUG: (src/list.c :87 :List_push) gay shit
DEBUG: (src/list.c :87 :List_push) gay shit
DEBUG: (src/list.c :87 :List_push) gay shit
DEBUG: (src/list.c :87 :List_push) gay shit
DEBUG: (src/list.c :87 :List_push) gay shit
DEBUG: (src/list.c :87 :List_push) gay shit
DEBUG: (src/list.c :87 :List_push) gay shit
DEBUG: (src/list.c :87 :List_push) gay shit
DEBUG: (src/list.c :87 :List_push) gay shit
DEBUG: (src/list.c :87 :List_push) gay shit
DEBUG: (src/list.c :87 :List_push) gay shit
DEBUG: (src/list.c :87 :List_push) gay shit
DEBUG: (src/list.c :87 :List_push) gay shit
DEBUG: (src/list.c :87 :List_push) gay shit
DEBUG: (src/list.c :87 :List_push) gay shit
DEBUG: (src/list.c :87 :List_push) gay shit
DEBUG: (src/list.c :87 :List_push) gay shit
DEBUG: (src/list.c :87 :List_push) gay shit
DEBUG: (src/list.c :87 :List_push) gay shit
DEBUG: (src/list.c :87 :List_push) gay shit
DEBUG: (src/list.c :87 :List_push) gay shit
DEBUG: (src/list.c :87 :List_push) gay shit
DEBUG: (src/list.c :87 :List_push) gay shit
DEBUG: (src/list.c :87 :List_push) gay shit
DEBUG: (src/list.c :87 :List_push) gay shit
DEBUG: (src/list.c :87 :List_push) gay shit
DEBUG: (src/list.c :87 :List_push) gay shit
DEBUG: (src/list.c :87 :List_push) gay shit
DEBUG: (src/list.c :87 :List_push) gay shit
DEBUG: (src/list.c :87 :List_push) gay shit
DEBUG: (src/list.c :87 :List_push) gay shit
DEBUG: (src/list.c :87 :List_push) gay shit
DEBUG: (src/list.c :87 :List_push) gay shit
DEBUG: (src/list.c :87 :List_push) gay shit
DEBUG: (src/list.c :87 :List_push) gay shit
DEBUG: (src/list.c :87 :List_push) gay shit
DEBUG: (src/list.c :87 :List_push) gay shit
DEBUG: (src/list.c :87 :List_push) gay shit
DEBUG: (src/list.c :87 :List_push) gay shit
DEBUG: (src/list.c :87 :List_push) gay shit
DEBUG: (src/list.c :87 :List_push) gay shit
DEBUG: (src/list.c :87 :List_push) gay shit
DEBUG: (src/list.c :87 :List_push) gay shit
DEBUG: (src/list.c :87 :List_push) gay shit
DEBUG: (src/list.c :87 :List_push) gay shit
DEBUG: (src/list.c :87 :List_push) gay shit
DEBUG: (src/list.c :87 :List_push) gay shit
DEBUG: (src/list.c :87 :List_push) gay shit
DEBUG: (src/list.c :87 :List_push) gay shit
DEBUG: (src/list.c :87 :List_push) gay shit
DEBUG: (src/list.c :87 :List_push) gay shit
DEBUG: (src/list.c :87 :List_push) gay shit
DEBUG: (src/list.c :87 :List_push) gay shit
DEBUG: (src/list.c :87 :List_push) gay shit
DEBUG: (src/list.c :87 :List_push) gay shit
DEBUG: (src/list.c :87 :List_push) gay shit
DEBUG: (src/list.c :87 :List_push) gay shit
DEBUG: (src/list.c :87 :List_push) gay shit
DEBUG: (src/list.c :87 :List_push) gay shit
DEBUG: (src/list.c :87 :List_push) gay shit
DEBUG: (src/list.c :87 :List_push) gay shit
DEBUG: (src/list.c :87 :List_push) gay shit
DEBUG: (src/list.c :87 :List_push) gay shit
DEBUG: (src/list.c :87 :List_push) gay shit
DEBUG: (src/list.c :87 :List_push) gay shit
DEBUG: (src/list.c :87 :List_push) gay shit
DEBUG: (src/list.c :87 :List_push) gay shit
DEBUG: (src/list.c :87 :List_push) gay shit
DEBUG: (src/list.c :87 :List_push) gay shit
DEBUG: (src/list.c :87 :List_push) gay shit
DEBUG: (src/list.c :87 :List_push) gay shit
DEBUG: (src/list.c :87 :List_push) gay shit
DEBUG: (src/list.c :87 :List_push) gay shit
DEBUG: (src/list.c :87 :List_push) gay shit
DEBUG: (src/list.c :87 :List_push) gay shit
DEBUG: (src/list.c :87 :List_push) gay shit
DEBUG: (src/list.c :87 :List_push) gay shit
DEBUG: (src/list.c :87 :List_push) gay shit
DEBUG: (src/list.c :87 :List_push) gay shit
DEBUG: (src/list.c :87 :List_push) gay shit
DEBUG: (src/list.c :87 :List_push) gay shit
DEBUG: (src/list.c :87 :List_push) gay shit
DEBUG: (src/list.c :87 :List_push) gay shit
DEBUG: (src/list.c :87 :List_push) gay shit
DEBUG: (src/list.c :87 :List_push) gay shit
DEBUG: (src/list.c :87 :List_push) gay shit
DEBUG: (src/list.c :87 :List_push) gay shit
DEBUG: (src/list.c :87 :List_push) gay shit
DEBUG: (src/list.c :87 :List_push) gay shit
DEBUG: (src/list.c :87 :List_push) gay shit
DEBUG: (src/list.c :87 :List_push) gay shit
DEBUG: (src/list.c :87 :List_push) gay shit
DEBUG: (src/list.c :87 :List_push) gay shit
DEBUG: (src/list.c :87 :List_push) gay shit
DEBUG: (src/list.c :87 :List_push) gay shit
DEBUG: (src/list.c :87 :List_push) gay shit
DEBUG: (src/list.c :87 :List_push) gay shit
DEBUG: (src/list.c :87 :List_push) gay shit
DEBUG: (src/list.c :87 :List_push) gay shit
DEBUG: (src/list.c :87 :List_push) gay shit
DEBUG: (src/list.c :87 :List_push) gay shit
DEBUG: (src/list.c :87 :List_push) gay shit
DEBUG: (src/list.c :87 :List_push) gay shit
DEBUG: (src/list.c :87 :List_push) gay shit
DEBUG: (src/list.c :87 :List_push) gay shit
DEBUG: (src/list.c :87 :List_push) gay shit
DEBUG: (src/list.c :87 :List_push) gay shit
DEBUG: (src/list.c :87 :List_push) gay shit
DEBUG: (src/list.c :87 :List_push) gay shit
DEBUG: (src/list.c :87 :List_push) gay shit
DEBUG: (src/list.c :87 :List_push) gay shit
DEBUG: (src/list.c :87 :List_push) gay shit
DEBUG: (src/list.c :87 :List_push) gay shit
DEBUG: (src/list.c :87 :List_push) gay shit
DEBUG: (src/list.c :87 :List_push) gay shit
DEBUG: (src/list.c :87 :List_push) gay shit
DEBUG: (src/list.c :87 :List_push) gay shit
DEBUG: (src/list.c :87 :List_push) gay shit
DEBUG: (src/list.c :87 :List_push) gay shit
DEBUG: (src/list.c :87 :List_push) gay shit
DEBUG: (src/list.c :87 :List_push) gay shit
DEBUG: (src/list.c :87 :List_push) gay shit
DEBUG: (src/list.c :87 :List_push) gay shit
DEBUG: (src/list.c :87 :List_push) gay shit
DEBUG: (src/list.c :87 :List_push) gay shit
DEBUG: (src/list.c :87 :List_push) gay shit
DEBUG: (src/list.c :87 :List_push) gay shit
DEBUG: (src/list.c :87 :List_push) gay shit
DEBUG: (src/list.c :87 :List_push) gay shit
DEBUG: (src/list.c :87 :List_push) gay shit
DEBUG: (src/list.c :87 :List_push) gay shit
DEBUG: (src/list.c :87 :List_push) gay shit
DEBUG: (src/list.c :87 :List_push) gay shit
DEBUG: (src/list.c :87 :List_push) gay shit
DEBUG: (src/list.c :87 :List_push) gay shit
DEBUG: (src/list.c :87 :List_push) gay shit
DEBUG: (src/list.c :87 :List_push) gay shit
DEBUG: (src/list.c :87 :List_push) gay shit
DEBUG: (src/list.c :87 :List_push) gay shit
DEBUG: (src/list.c :87 :List_push) gay shit
DEBUG: (src/list.c :87 :List_push) gay shit
DEBUG: (src/list.c :87 :List_push) gay shit
DEBUG: (src/list.c :87 :List_push) gay shit
DEBUG: (src/list.c :87 :List_push) gay shit
DEBUG: (src/list.c :87 :List_push) gay shit
DEBUG: (src/list.c :87 :List_push) gay shit
DEBUG: (src/list.c :87 :List_push) gay shit
DEBUG: (src/list.c :87 :List_push) gay shit
DEBUG: (src/list.c :87 :List_push) gay shit
DEBUG: (src/list.c :87 :List_push) gay shit
DEBUG: (src/list.c :87 :List_push) gay shit
DEBUG: (src/list.c :87 :List_push) gay shit
DEBUG: (src/list.c :87 :List_push) gay shit
DEBUG: (src/list.c :87 :List_push) gay shit
DEBUG: (src/list.c :87 :List_push) gay shit
DEBUG: (src/list.c :87 :List_push) gay shit
DEBUG: (src/list.c :87 :List_push) gay shit
DEBUG: (src/list.c :87 :List_push) gay shit
DEBUG: (src/list.c :87 :List_push) gay shit
DEBUG: (src/list.c :87 :List_push) gay shit
DEBUG: (src/list.c :87 :List_push) gay shit
DEBUG: (src/list.c :87 :List_push) gay shit
DEBUG: (src/list.c :87 :List_push) gay shit
DEBUG: (src/list.c :87 :List_push) gay shit
DEBUG: (src/list.c :87 :List_push) gay shit
DEBUG: (src/list.c :87 :List_push) gay shit
DEBUG: (src/list.c :87 :List_push) gay shit
DEBUG: (src/list.c :87 :List_push) gay shit
DEBUG: (src/list.c :87 :List_push) gay shit
DEBUG: (src/list.c :87 :List_push) gay shit
DEBUG: (src/list.c :87 :List_push) gay shit
DEBUG: (src/list.c :87 :List_push) gay shit
DEBUG: (src/list.c :87 :List_push) gay shit
DEBUG: (src/list.c :87 :List_push) gay shit
DEBUG: (src/list.c :87 :List_push) gay shit
DEBUG: (src/list.c :87 :List_push) gay shit
DEBUG: (src/list.c :87 :List_push) gay shit
DEBUG: (src/list.c :87 :List_push) gay shit
DEBUG: (src/list.c :87 :List_push) gay shit
DEBUG: (src/list.c :87 :List_push) gay shit
DEBUG: (src/list.c :87 :List_push) gay shit
DEBUG: (src/list.c :87 :List_push) gay shit
DEBUG: (src/list.c :87 :List_push) gay shit
DEBUG: (src/list.c :87 :List_push) gay shit
DEBUG: (src/list.c :87 :List_push) gay shit
DEBUG: (src/list.c :87 :List_push) gay shit
DEBUG: (src/list.c :87 :List_push) gay shit
DEBUG: (src/list.c :87 :List_push) gay shit
DEBUG: (src/list.c :87 :List_push) gay shit
DEBUG: (src/list.c :87 :List_push) gay shit
DEBUG: (src/list.c :87 :List_push) gay shit
DEBUG: (src/list.c :87 :List_push) gay shit
DEBUG: (src/list.c :87 :List_push) gay shit
DEBUG: (src/list.c :87 :List_push) gay shit
DEBUG: (src/list.c :87 :List_push) gay shit
DEBUG: (src/list.c :87 :List_push) gay shit
DEBUG: (src/list.c :87 :List_push) gay shit
DEBUG: (src/list.c :87 :List_push) gay shit
DEBUG: (src/list.c :87 :List_push) gay shit
DEBUG: (src/list.c :87 :List_push) gay shit
DEBUG: (src/list.c :87 :List_push) gay shit
DEBUG: (src/list.c :87 :List_push) gay shit
DEBUG: (src/list.c :87 :List_push) gay shit
DEBUG: (src/list.c :87 :List_push) gay shit
DEBUG: (src/list.c :87 :List_push) gay shit
DEBUG: (src/list.c :87 :List_push) gay shit
DEBUG: (src/list.c :87 :List_push) gay shit
DEBUG: (src/list.c :87 :List_push) gay shit
DEBUG: (src/list.c :87 :List_push) gay shit
DEBUG: (src/list.c :87 :List_push) gay shit
DEBUG: (src/list.c :87 :List_push) gay shit
DEBUG: (src/list.c :87 :List_push) gay shit
DEBUG: (src/list.c :87 :List_push) gay shit
DEBUG: (src/list.c :87 :List_push) gay shit
DEBUG: (src/list.c :87 :List_push) gay shit
DEBUG: (src/list.c :87 :List_push) gay shit
DEBUG: (src/list.c :87 :List_push) gay shit
DEBUG: (src/list.c :87 :List_push) gay shit
DEBUG: (src/list.c :87 :List_push) gay shit
DEBUG: (src/list.c :87 :List_push) gay shit
DEBUG: (src/list.c :87 :List_push) gay shit
DEBUG: (src/list.c :87 :List_push) gay shit
DEBUG: (src/list.c :87 :List_push) gay shit
DEBUG: (src/list.c :87 :List_push) gay shit
DEBUG: (src/list.c :87 :List_push) gay shit
DEBUG: (src/list.c :87 :List_push) gay shit
DEBUG: (src/list.c :87 :List_push) gay shit
DEBUG: (src/list.c :87 :List_push) gay shit
DEBUG: (src/list.c :87 :List_push) gay shit
DEBUG: (src/list.c :87 :List_push) gay shit
DEBUG: (src/list.c :87 :List_push) gay shit
DEBUG: (src/list.c :87 :List_push) gay shit
DEBUG: (src/list.c :87 :List_push) gay shit
DEBUG: (src/list.c :87 :List_push) gay shit
DEBUG: (src/list.c :87 :List_push) gay shit
DEBUG: (src/list.c :87 :List_push) gay shit
DEBUG: (src/list.c :87 :List_push) gay shit
DEBUG: (src/list.c :87 :List_push) gay shit
DEBUG: (src/list.c :87 :List_push) gay shit
DEBUG: (src/list.c :87 :List_push) gay shit
DEBUG: (src/list.c :87 :List_push) gay shit
DEBUG: (src/list.c :87 :List_push) gay shit
DEBUG: (src/list.c :87 :List_push) gay shit
DEBUG: (src/list.c :87 :List_push) gay shit
DEBUG: (src/list.c :87 :List_push) gay shit
DEBUG: (src/list.c :87 :List_push) gay shit
DEBUG: (src/list.c :87 :List_push) gay shit
DEBUG: (src/list.c :87 :List_push) gay shit
DEBUG: (src/list.c :87 :List_push) gay shit
DEBUG: (src/list.c :87 :List_push) gay shit
DEBUG: (src/list.c :87 :List_push) gay shit
DEBUG: (src/list.c :87 :List_push) gay shit
DEBUG: (src/list.c :87 :List_push) gay shit
DEBUG: (src/list.c :87 :List_push) gay shit
DEBUG: (src/list.c :87 :List_push) gay shit
DEBUG: (src/list.c :87 :List_push) gay shit
DEBUG: (src/list.c :87 :List_push) gay shit
DEBUG: (src/list.c :87 :List_push) gay shit
DEBUG: (src/list.c :87 :List_push) gay shit
DEBUG: (src/list.c :87 :List_push) gay shit
DEBUG: (src/list.c :87 :List_push) gay shit
DEBUG: (src/list.c :87 :List_push) gay shit
DEBUG: (src/list.c :87 :List_push) gay shit
DEBUG: (src/list.c :87 :List_push) gay shit
DEBUG: (src/list.c :87 :List_push) gay shit
DEBUG: (src/list.c :87 :List_push) gay shit
DEBUG: (src/list.c :87 :List_push) gay shit
DEBUG: (src/list.c :87 :List_push) gay shit
DEBUG: (src/list.c :87 :List_push) gay shit
DEBUG: (src/list.c :87 :List_push) gay shit
DEBUG: (src/list.c :87 :List_push) gay shit
DEBUG: (src/list.c :87 :List_push) gay shit
DEBUG: (src/list.c :87 :List_push) gay shit
DEBUG: (src/list.c :87 :List_push) gay shit
DEBUG: (src/list.c :87 :List_push) gay shit
DEBUG: (src/list.c :87 :List_push) gay shit
DEBUG: (src/list.c :87 :List_push) gay shit
DEBUG: (src/list.c :87 :List_push) gay shit
DEBUG: (src/list.c :87 :List_push) gay shit
DEBUG: (src/list.c :87 :List_push) gay shit
DEBUG: (src/list.c :87 :List_push) gay shit
DEBUG: (src/list.c :87 :List_push) gay shit
DEBUG: (src/list.c :87 :List_push) gay shit
DEBUG: (src/list.c :87 :List_push) gay shit
DEBUG: (src/list.c :87 :List_push) gay shit
DEBUG: (src/list.c :87 :List_push) gay shit
DEBUG: (src/list.c :87 :List_push) gay shit
DEBUG: (src/list.c :87 :List_push) gay shit
DEBUG: (src/list.c :87 :List_push) gay shit
DEBUG: (src/list.c :87 :List_push) gay shit
DEBUG: (src/list.c :87 :List_push) gay shit
DEBUG: (src/list.c :87 :List_push) gay shit
DEBUG: (src/list.c :87 :List_push) gay shit
DEBUG: (src/list.c :87 :List_push) gay shit
DEBUG: (src/list.c :87 :List_push) gay shit
DEBUG: (src/list.c :87 :List_push) gay shit
DEBUG: (src/list.c :87 :List_push) gay shit
DEBUG: (src/list.c :87 :List_push) gay shit
DEBUG: (src/list.c :87 :List_push) gay shit
DEBUG: (src/list.c :87 :List_push) gay shit
DEBUG: (src/list.c :87 :List_push) gay shit
DEBUG: (src/list.c :87 :List_push) gay shit
DEBUG: (src/list.c :87 :List_push) gay shit
DEBUG: (src/list.c :87 :List_push) gay shit
DEBUG: (src/list.c :87 :List_push) gay shit
DEBUG: (src/list.c :87 :List_push) gay shit
DEBUG: (src/list.c :87 :List_push) gay shit
DEBUG: (src/list.c :87 :List_push) gay shit
DEBUG: (src/list.c :87 :List_push) gay shit
DEBUG: (src/list.c :87 :List_push) gay shit
DEBUG: (src/list.c :87 :List_push) gay shit
DEBUG: (src/list.c :87 :List_push) gay shit
DEBUG: (src/list.c :87 :List_push) gay shit
DEBUG: (src/list.c :87 :List_push) gay shit
DEBUG: (src/list.c :87 :List_push) gay shit
DEBUG: (src/list.c :87 :List_push) gay shit
DEBUG: (src/list.c :87 :List_push) gay shit
DEBUG: (src/list.c :87 :List_push) gay shit
DEBUG: (src/list.c :87 :List_push) gay shit
DEBUG: (src/list.c :87 :List_push) gay shit
DEBUG: (src/list.c :87 :List_push) gay shit
DEBUG: (src/list.c :87 :List_push) gay shit
DEBUG: (src/list.c :87 :List_push) gay shit
DEBUG: (src/list.c :87 :List_push) gay shit
DEBUG: (src/list.c :87 :List_push) gay shit
DEBUG: (src/list.c :87 :List_push) gay shit
DEBUG: (src/list.c :87 :List_push) gay shit
DEBUG: (src/list.c :87 :List_push) gay shit
DEBUG: (src/list.c :87 :List_push) gay shit
DEBUG: (src/list.c :87 :List_push) gay shit
DEBUG: (src/list.c :87 :List_push) gay shit
DEBUG: (src/list.c :87 :List_push) gay shit
DEBUG: (src/list.c :87 :List_push) gay shit
DEBUG: (src/list.c :87 :List_push) gay shit
DEBUG: (src/list.c :87 :List_push) gay shit
DEBUG: (src/list.c :87 :List_push) gay shit
DEBUG: (src/list.c :87 :List_push) gay shit
DEBUG: (src/list.c :87 :List_push) gay shit
DEBUG: (src/list.c :87 :List_push) gay shit
DEBUG: (src/list.c :87 :List_push) gay shit
DEBUG: (src/list.c :87 :List_push) gay shit
DEBUG: (src/list.c :87 :List_push) gay shit
DEBUG: (src/list.c :87 :List_push) gay shit
DEBUG: (src/list.c :87 :List_push) gay shit
DEBUG: (src/list.c :87 :List_push) gay shit
DEBUG: (src/list.c :87 :List_push) gay shit
DEBUG: (src/list.c :87 :List_push) gay shit
DEBUG: (src/list.c :87 :List_push) gay shit
DEBUG: (src/list.c :87 :List_push) gay shit
DEBUG: (src/list.c :87 :List_push) gay shit
DEBUG: (src/list.c :87 :List_push) gay shit
DEBUG: (src/list.c :87 :List_push) gay shit
DEBUG: (src/list.c :87 :List_push) gay shit
DEBUG: (src/list.c :87 :List_push) gay shit
DEBUG: (src/list.c :87 :List_push) gay shit
DEBUG: (src/list.c :87 :List_push) gay shit
DEBUG: (src/list.c :87 :List_push) gay shit
DEBUG: (src/list.c :87 :List_push) gay shit
DEBUG: (src/list.c :87 :List_push) gay shit
DEBUG: (src/list.c :87 :List_push) gay shit
DEBUG: (src/list.c :87 :List_push) gay shit
DEBUG: (src/list.c :87 :List_push) gay shit
DEBUG: (src/list.c :87 :List_push) gay shit
DEBUG: (src/list.c :87 :List_push) gay shit
DEBUG: (src/list.c :87 :List_push) gay shit
DEBUG: (src/list.c :87 :List_push) gay shit
DEBUG: (src/list.c :87 :List_push) gay shit
DEBUG: (src/list.c :87 :List_push) gay shit
DEBUG: (src/list.c :87 :List_push) gay shit
DEBUG: (src/list.c :87 :List_push) gay shit
DEBUG: (src/list.c :87 :List_push) gay shit
DEBUG: (src/list.c :87 :List_push) gay shit
DEBUG: (src/list.c :87 :List_push) gay shit
DEBUG: (src/list.c :87 :List_push) gay shit
DEBUG: (src/list.c :87 :List_push) gay shit
DEBUG: (src/list.c :87 :List_push) gay shit
DEBUG: (src/list.c :87 :List_push) gay shit
DEBUG: (src/list.c :87 :List_push) gay shit
DEBUG: (src/list.c :87 :List_push) gay shit
DEBUG: (src/list.c :87 :List_push) gay shit
DEBUG: (src/list.c :87 :List_push) gay shit
DEBUG: (src/list.c :87 :List_push) gay shit
DEBUG: (src/list.c :87 :List_push) gay shit
DEBUG: (src/list.c :87 :List_push) gay shit
DEBUG: (src/list.c :87 :List_push) gay shit
DEBUG: (src/list.c :87 :List_push) gay shit
DEBUG: (src/list.c :87 :List_push) gay shit
DEBUG: (src/list.c :87 :List_push) gay shit
DEBUG: (src/list.c :87 :List_push) gay shit
DEBUG: (src/list.c :87 :List_push) gay shit
DEBUG: (src/list.c :87 :List_push) gay shit
DEBUG: (src/list.c :87 :List_push) gay shit
DEBUG: (src/list.c :87 :List_push) gay shit
DEBUG: (src/list.c :87 :List_push) gay shit
DEBUG: (src/list.c :87 :List_push) gay shit
DEBUG: (src/list.c :87 :List_push) gay shit
DEBUG: (src/list.c :87 :List_push) gay shit
DEBUG: (src/list.c :87 :List_push) gay shit
DEBUG: (src/list.c :87 :List_push) gay shit
DEBUG: (src/list.c :87 :List_push) gay shit
DEBUG: (src/list.c :87 :List_push) gay shit
DEBUG: (src/list.c :87 :List_push) gay shit
DEBUG: (src/list.c :87 :List_push) gay shit
DEBUG: (src/list.c :87 :List_push) gay shit
DEBUG: (src/list.c :87 :List_push) gay shit
DEBUG: (src/list.c :87 :List_push) gay shit
DEBUG: (src/list.c :87 :List_push) gay shit
DEBUG: (src/list.c :87 :List_push) gay shit
DEBUG: (src/list.c :87 :List_push) gay shit
DEBUG: (src/list.c :87 :List_push) gay shit
DEBUG: (src/list.c :87 :List_push) gay shit
DEBUG: (src/list.c :87 :List_push) gay shit
DEBUG: (src/list.c :87 :List_push) gay shit
DEBUG: (src/list.c :87 :List_push) gay shit
DEBUG: (src/list.c :87 :List_push) gay shit
DEBUG: (src/list.c :87 :List_push) gay shit
DEBUG: (src/list.c :87 :List_push) gay shit
DEBUG: (src/list.c :87 :List_push) gay shit
DEBUG: (src/list.c :87 :List_push) gay shit
DEBUG: (src/list.c :87 :List_push) gay shit
DEBUG: (src/list.c :87 :List_push) gay shit
DEBUG: (src/list.c :87 :List_push) gay shit
DEBUG: (src/list.c :87 :List_push) gay shit
DEBUG: (src/list.c :87 :List_push) gay shit
DEBUG: (src/list.c :87 :List_push) gay shit
DEBUG: (src/list.c :87 :List_push) gay shit
DEBUG: (src/list.c :87 :List_push) gay shit
DEBUG: (src/list.c :87 :List_push) gay shit
DEBUG: (src/list.c :87 :List_push) gay shit
DEBUG: (src/list.c :87 :List_push) gay shit
DEBUG: (src/list.c :87 :List_push) gay shit
DEBUG: (src/list.c :87 :List_push) gay shit
DEBUG: (src/list.c :87 :List_push) gay shit
DEBUG: (src/list.c :87 :List_push) gay shit
DEBUG: (src/list.c :87 :List_push) gay shit
DEBUG: (src/list.c :87 :List_push) gay shit
DEBUG: (src/list.c :87 :List_push) gay shit
DEBUG: (src/list.c :87 :List_push) gay shit
DEBUG: (src/list.c :87 :List_push) gay shit
DEBUG: (src/list.c :87 :List_push) gay shit
DEBUG: (src/list.c :87 :List_push) gay shit
DEBUG: (src/list.c :87 :List_push) gay shit
DEBUG: (src/list.c :87 :List_push) gay shit
DEBUG: (src/list.c :87 :List_push) gay shit
DEBUG: (src/list.c :87 :List_push) gay shit
DEBUG: (src/list.c :87 :List_push) gay shit
DEBUG: (src/list.c :87 :List_push) gay shit
DEBUG: (src/list.c :87 :List_push) gay shit
DEBUG: (src/list.c :87 :List_push) gay shit
DEBUG: (src/list.c :87 :List_push) gay shit
DEBUG: (src/list.c :87 :List_push) gay shit
DEBUG: (src/list.c :87 :List_push) gay shit
DEBUG: (src/list.c :87 :List_push) gay shit
DEBUG: (src/list.c :87 :List_push) gay shit
DEBUG: (src/list.c :87 :List_push) gay shit
DEBUG: (src/list.c :87 :List_push) gay shit
DEBUG: (src/list.c :87 :List_push) gay shit
DEBUG: (src/list.c :87 :List_push) gay shit
DEBUG: (src/list.c :87 :List_push) gay shit
DEBUG: (src/list.c :87 :List_push) gay shit
DEBUG: (src/list.c :87 :List_push) gay shit
DEBUG: (src/list.c :87 :List_push) gay shit
DEBUG: (src/list.c :87 :List_push) gay shit
DEBUG: (src/list.c :87 :List_push) gay shit
DEBUG: (src/list.c :87 :List_push) gay shit
DEBUG: (src/list.c :87 :List_push) gay shit
DEBUG: (src/list.c :87 :List_push) gay shit
DEBUG: (src/list.c :87 :List_push) gay shit
DEBUG: (src/list.c :87 :List_push) gay shit
DEBUG: (src/list.c :87 :List_push) gay shit
DEBUG: (src/list.c :87 :List_push) gay shit
DEBUG: (src/list.c :87 :List_push) gay shit
DEBUG: (src/list.c :87 :List_push) gay shit
DEBUG: (src/list.c :87 :List_push) gay shit
DEBUG: (src/list.c :87 :List_push) gay shit
DEBUG: (src/list.c :87 :List_push) gay shit
DEBUG: (src/list.c :87 :List_push) gay shit
DEBUG: (src/list.c :87 :List_push) gay shit
DEBUG: (src/list.c :87 :List_push) gay shit
DEBUG: (src/list.c :87 :List_push) gay shit
DEBUG: (src/list.c :87 :List_push) gay shit
DEBUG: (src/list.c :87 :List_push) gay shit
DEBUG: (src/list.c :87 :List_push) gay shit
DEBUG: (src/list.c :87 :List_push) gay shit
DEBUG: (src/list.c :87 :List_push) gay shit
DEBUG: (src/list.c :87 :List_push) gay shit
DEBUG: (src/list.c :87 :List_push) gay shit
DEBUG: (src/list.c :87 :List_push) gay shit
DEBUG: (src/list.c :87 :List_push) gay shit
DEBUG: (src/list.c :87 :List_push) gay shit
DEBUG: (src/list.c :87 :List_push) gay shit
DEBUG: (src/list.c :87 :List_push) gay shit
DEBUG: (src/list.c :87 :List_push) gay shit
DEBUG: (src/list.c :87 :List_push) gay shit
DEBUG: (src/list.c :87 :List_push) gay shit
DEBUG: (src/list.c :87 :List_push) gay shit
DEBUG: (src/list.c :87 :List_push) gay shit
DEBUG: (src/list.c :87 :List_push) gay shit
DEBUG: (src/list.c :87 :List_push) gay shit
DEBUG: (src/list.c :87 :List_push) gay shit
DEBUG: (src/list.c :87 :List_push) gay shit
DEBUG: (src/list.c :87 :List_push) gay shit
DEBUG: (src/list.c :87 :List_push) gay shit
DEBUG: (src/list.c :87 :List_push) gay shit
DEBUG: (src/list.c :87 :List_push) gay shit
DEBUG: (src/list.c :87 :List_push) gay shit
DEBUG: (src/list.c :87 :List_push) gay shit
DEBUG: (src/list.c :87 :List_push) gay shit
DEBUG: (src/list.c :87 :List_push) gay shit
DEBUG: (src/list.c :87 :List_push) gay shit
DEBUG: (src/list.c :87 :List_push) gay shit
DEBUG: (src/list.c :87 :List_push) gay shit
DEBUG: (src/list.c :87 :List_push) gay shit
DEBUG: (src/list.c :87 :List_push) gay shit
DEBUG: (src/list.c :87 :List_push) gay shit
DEBUG: (src/list.c :87 :List_push) gay shit
DEBUG: (src/list.c :87 :List_push) gay shit
DEBUG: (src/list.c :87 :List_push) gay shit
DEBUG: (src/list.c :87 :List_push) gay shit
DEBUG: (src/list.c :87 :List_push) gay shit
DEBUG: (src/list.c :87 :List_push) gay shit
DEBUG: (src/list.c :87 :List_push) gay shit
DEBUG: (src/list.c :87 :List_push) gay shit
DEBUG: (src/list.c :87 :List_push) gay shit
DEBUG: (src/list.c :87 :List_push) gay shit
DEBUG: (src/list.c :87 :List_push) gay shit
DEBUG: (src/list.c :87 :List_push) gay shit
DEBUG: (src/list.c :87 :List_push) gay shit
DEBUG: (src/list.c :87 :List_push) gay shit
DEBUG: (src/list.c :87 :List_push) gay shit
DEBUG: (src/list.c :87 :List_push) gay shit
DEBUG: (src/list.c :87 :List_push) gay shit
DEBUG: (src/list.c :87 :List_push) gay shit
DEBUG: (src/list.c :87 :List_push) gay shit
DEBUG: (src/list.c :87 :List_push) gay shit
DEBUG: (src/list.c :87 :List_push) gay shit
DEBUG: (src/list.c :87 :List_push) gay shit
DEBUG: (src/list.c :87 :List_push) gay shit
DEBUG: (src/list.c :87 :List_push) gay shit
DEBUG: (src/list.c :87 :List_push) gay shit
DEBUG: (src/list.c :87 :List_push) gay shit
DEBUG: (src/list.c :87 :List_push) gay shit
DEBUG: (src/list.c :87 :List_push) gay shit
DEBUG: (src/list.c :87 :List_push) gay shit
DEBUG: (src/list.c :87 :List_push) gay shit
DEBUG: (src/list.c :87 :List_push) gay shit
DEBUG: (src/list.c :87 :List_push) gay shit
DEBUG: (src/list.c :87 :List_push) gay shit
DEBUG: (src/list.c :87 :List_push) gay shit
DEBUG: (src/list.c :87 :List_push) gay shit
DEBUG: (src/list.c :87 :List_push) gay shit
DEBUG: (src/list.c :87 :List_push) gay shit
DEBUG: (src/list.c :87 :List_push) gay shit
DEBUG: (src/list.c :87 :List_push) gay shit
DEBUG: (src/list.c :87 :List_push) gay shit
DEBUG: (src/list.c :87 :List_push) gay shit
DEBUG: (src/list.c :87 :List_push) gay shit
DEBUG: (src/list.c :87 :List_push) gay shit
DEBUG: (src/list.c :87 :List_push) gay shit
DEBUG: (src/list.c :87 :List_push) gay shit
DEBUG: (src/list.c :87 :List_push) gay shit
DEBUG: (src/list.c :87 :List_push) gay shit
DEBUG: (src/list.c :87 :List_push) gay shit
DEBUG: (src/list.c :87 :List_push) gay shit
DEBUG: (src/list.c :87 :List_push) gay shit
DEBUG: (src/list.c :87 :List_push) gay shit
DEBUG: (src/list.c :87 :List_push) gay shit
DEBUG: (src/list.c :87 :List_push) gay shit
DEBUG: (src/list.c :87 :List_push) gay shit
DEBUG: (src/list.c :87 :List_push) gay shit
DEBUG: (src/list.c :87 :List_push) gay shit
DEBUG: (src/list.c :87 :List_push) gay shit
DEBUG: (src/list.c :87 :List_push) gay shit
DEBUG: (src/list.c :87 :List_push) gay shit
DEBUG: (src/list.c :87 :List_push) gay shit
DEBUG: (src/list.c :87 :List_push) gay shit
DEBUG: (src/list.c :87 :List_push) gay shit
DEBUG: (src/list.c :87 :List_push) gay shit
DEBUG: (src/list.c :87 :List_push) gay shit
DEBUG: (src/list.c :87 :List_push) gay shit
DEBUG: (src/list.c :87 :List_push) gay shit
DEBUG: (src/list.c :87 :List_push) gay shit
DEBUG: (src/list.c :87 :List_push) gay shit
DEBUG: (src/list.c :87 :List_push) gay shit
DEBUG: (src/list.c :87 :List_push) gay shit
DEBUG: (src/list.c :87 :List_push) gay shit
DEBUG: (src/list.c :87 :List_push) gay shit
DEBUG: (src/list.c :87 :List_push) gay shit
DEBUG: (src/list.c :87 :List_push) gay shit
DEBUG: (src/list.c :87 :List_push) gay shit
DEBUG: (src/list.c :87 :List_push) gay shit
DEBUG: (src/list.c :87 :List_push) gay shit
DEBUG: (src/list.c :87 :List_push) gay shit
DEBUG: (src/list.c :87 :List_push) gay shit
DEBUG: (src/list.c :87 :List_push) gay shit
DEBUG: (src/list.c :87 :List_push) gay shit
DEBUG: (src/list.c :87 :List_push) gay shit
DEBUG: (src/list.c :87 :List_push) gay shit
DEBUG: (src/list.c :87 :List_push) gay shit
DEBUG: (src/list.c :87 :List_push) gay shit
DEBUG: (src/list.c :87 :List_push) gay shit
DEBUG: (src/list.c :87 :List_push) gay shit
DEBUG: (src/list.c :87 :List_push) gay shit
DEBUG: (src/list.c :87 :List_push) gay shit
DEBUG: (src/list.c :87 :List_push) gay shit
DEBUG: (src/list.c :87 :List_push) gay shit
DEBUG: (src/list.c :87 :List_push) gay shit
DEBUG: (src/list.c :87 :List_push) gay shit
DEBUG: (src/list.c :87 :List_push) gay shit
DEBUG: (src/list.c :87 :List_push) gay shit
DEBUG: (src/list.c :87 :List_push) gay shit
DEBUG: (src/list.c :87 :List_push) gay shit
DEBUG: (src/list.c :87 :List_push) gay shit
DEBUG: (src/list.c :87 :List_push) gay shit
DEBUG: (src/list.c :87 :List_push) gay shit
DEBUG: (src/list.c :87 :List_push) gay shit
DEBUG: (src/list.c :87 :List_push) gay shit
DEBUG: (src/list.c :87 :List_push) gay shit
DEBUG: (src/list.c :87 :List_push) gay shit
DEBUG: (src/list.c :87 :List_push) gay shit
DEBUG: (src/list.c :87 :List_push) gay shit
DEBUG: (src/list.c :87 :List_push) gay shit
DEBUG: (src/list.c :87 :List_push) gay shit
DEBUG: (src/list.c :87 :List_push) gay shit
DEBUG: (src/list.c :87 :List_push) gay shit
DEBUG: (src/list.c :87 :List_push) gay shit
DEBUG: (src/list.c :87 :List_push) gay shit
DEBUG: (src/list.c :87 :List_push) gay shit
DEBUG: (src/list.c :87 :List_push) gay shit
DEBUG: (src/list.c :87 :List_push) gay shit
DEBUG: (src/list.c :87 :List_push) gay shit
DEBUG: (src/list.c :87 :List_push) gay shit
DEBUG: (src/list.c :87 :List_push) gay shit
DEBUG: (src/list.c :87 :List_push) gay shit
DEBUG: (src/list.c :87 :List_push) gay shit
DEBUG: (src/list.c :87 :List_push) gay shit
DEBUG: (src/list.c :87 :List_push) gay shit
DEBUG: (src/list.c :87 :List_push) gay shit
DEBUG: (src/list.c :87 :List_push) gay shit
DEBUG: (src/list.c :87 :List_push) gay shit
DEBUG: (src/list.c :87 :List_push) gay shit
DEBUG: (src/list.c :87 :List_push) gay shit
DEBUG: (src/list.c :87 :List_push) gay shit
DEBUG: (src/list.c :87 :List_push) gay shit
DEBUG: (src/list.c :87 :List_push) gay shit
DEBUG: (src/list.c :87 :List_push) gay shit
DEBUG: (src/list.c :87 :List_push) gay shit
DEBUG: (src/list.c :87 :List_push) gay shit
DEBUG: (src/list.c :87 :List_push) gay shit
DEBUG: (src/list.c :87 :List_push) gay shit
DEBUG: (src/list.c :87 :List_push) gay shit
DEBUG: (src/list.c :87 :List_push) gay shit
DEBUG: (src/list.c :87 :List_push) gay shit
DEBUG: (src/list.c :87 :List_push) gay shit
DEBUG: (src/list.c :87 :List_push) gay shit
DEBUG: (src/list.c :87 :List_push) gay shit
DEBUG: (src/list.c :87 :List_push) gay shit
DEBUG: (src/list.c :87 :List_push) gay shit
DEBUG: (src/list.c :87 :List_push) gay shit
DEBUG: (src/list.c :87 :List_push) gay shit
DEBUG: (src/list.c :87 :List_push) gay shit
DEBUG: (src/list.c :87 :List_push) gay shit
DEBUG: (src/list.c :87 :List_push) gay shit
DEBUG: (src/list.c :87 :List_push) gay shit
DEBUG: (src/list.c :87 :List_push) gay shit
DEBUG: (src/list.c :87 :List_push) gay shit
DEBUG: (src/list.c :87 :List_push) gay shit
DEBUG: (src/list.c :87 :List_push) gay shit
DEBUG: (src/list.c :87 :List_push) gay shit
DEBUG: (src/list.c :87 :List_push) gay shit
DEBUG: (src/list.c :87 :List_push) gay shit
DEBUG: (src/list.c :87 :List_push) gay shit
DEBUG: (src/list.c :87 :List_push) gay shit
DEBUG: (src/list.c :87 :List_push) gay shit
DEBUG: (src/list.c :87 :List_push) gay shit
DEBUG: (src/list.c :87 :List_push) gay shit
DEBUG: (src/list.c :87 :List_push) gay shit
DEBUG: (src/list.c :87 :List_push) gay shit
DEBUG: (src/list.c :87 :List_push) gay shit
DEBUG: (src/list.c :87 :List_push) gay shit
DEBUG: (src/list.c :87 :List_push) gay shit
DEBUG: (src/list.c :87 :List_push) gay shit
DEBUG: (src/list.c :87 :List_push) gay shit
DEBUG: (src/list.c :87 :List_push) gay shit
DEBUG: (src/list.c :87 :List_push) gay shit
DEBUG: (src/list.c :87 :List_push) gay shit
DEBUG: (src/list.c :87 :List_push) gay shit
DEBUG: (src/list.c :87 :List_push) gay shit
DEBUG: (src/list.c :87 :List_push) gay shit
DEBUG: (src/list.c :87 :List_push) gay shit
DEBUG: (src/list.c :87 :List_push) gay shit
DEBUG: (src/list.c :87 :List_push) gay shit
DEBUG: (src/list.c :87 :List_push) gay shit
DEBUG: (src/list.c :87 :List_push) gay shit
DEBUG: (src/list.c :87 :List_push) gay shit
DEBUG: (src/list.c :87 :List_push) gay shit
DEBUG: (src/list.c :87 :List_push) gay shit
DEBUG: (src/list.c :87 :List_push) gay shit
DEBUG: (src/list.c :87 :List_push) gay shit
DEBUG: (src/list.c :87 :List_push) gay shit
DEBUG: (src/list.c :87 :List_push) gay shit
DEBUG: (src/list.c :87 :List_push) gay shit
DEBUG: (src/list.c :87 :List_push) gay shit
DEBUG: (src/list.c :87 :List_push) gay shit
DEBUG: (src/list.c :87 :List_push) gay shit
DEBUG: (src/list.c :87 :List_push) gay shit
DEBUG: (src/list.c :87 :List_push) gay shit
DEBUG: (src/list.c :87 :List_push) gay shit
DEBUG: (src/list.c :87 :List_push) gay shit
DEBUG: (src/list.c :87 :List_push) gay shit
DEBUG: (src/list.c :87 :List_push) gay shit
DEBUG: (src/list.c :87 :List_push) gay shit
DEBUG: (src/list.c :87 :List_push) gay shit
DEBUG: (src/list.c :87 :List_push) gay shit
DEBUG: (src/list.c :87 :List_push) gay shit
DEBUG: (src/list.c :87 :List_push) gay shit
DEBUG: (src/list.c :87 :List_push) gay shit
DEBUG: (src/list.c :87 :List_push) gay shit
DEBUG: (src/list.c :87 :List_push) gay shit
DEBUG: (src/list.c :87 :List_push) gay shit
DEBUG: (src/list.c :87 :List_push) gay shit
DEBUG: (src/list.c :87 :List_push) gay shit
DEBUG: (src/list.c :87 :List_push) gay shit
DEBUG: (src/list.c :87 :List_push) gay shit
DEBUG: (src/list.c :87 :List_push) gay shit
DEBUG: (src/list.c :87 :List_push) gay shit
DEBUG: (src/list.c :87 :List_push) gay shit
DEBUG: (src/list.c :87 :List_push) gay shit
DEBUG: (src/list.c :87 :List_push) gay shit
DEBUG: (src/list.c :87 :List_push) gay shit
DEBUG: (src/list.c :87 :List_push) gay shit
DEBUG: (src/list.c :87 :List_push) gay shit
DEBUG: (src/list.c :87 :List_push) gay shit
DEBUG: (src/list.c :87 :List_push) gay shit
DEBUG: (src/list.c :87 :List_push) gay shit
DEBUG: (src/list.c :87 :List_push) gay shit
DEBUG: (src/list.c :87 :List_push) gay shit
DEBUG: (src/list.c :87 :List_push) gay shit
DEBUG: (src/list.c :87 :List_push) gay shit
DEBUG: (src/list.c :87 :List_push) gay shit
DEBUG: (src/list.c :87 :List_push) gay shit
DEBUG: (src/list.c :87 :List_push) gay shit
DEBUG: (src/list.c :87 :List_push) gay shit
DEBUG: (src/list.c :87 :List_push) gay shit
DEBUG: (src/list.c :87 :List_push) gay shit
DEBUG: (src/list.c :87 :List_push) gay shit
DEBUG: (src/list.c :87 :List_push) gay shit
DEBUG: (src/list.c :87 :List_push) gay shit
DEBUG: (src/list.c :87 :List_push) gay shit
DEBUG: (src/list.c :87 :List_push) gay shit
DEBUG: (src/list.c :87 :List_push) gay shit
DEBUG: (src/list.c :87 :List_push) gay shit
DEBUG: (src/list.c :87 :List_push) gay shit
DEBUG: (src/list.c :87 :List_push) gay shit
DEBUG: (src/list.c :87 :List_push) gay shit
DEBUG: (src/list.c :87 :List_push) gay shit
DEBUG: (src/list.c :87 :List_push) gay shit
DEBUG: (src/list.c :87 :List_push) gay shit
DEBUG: (src/list.c :87 :List_push) gay shit
DEBUG: (src/list.c :87 :List_push) gay shit
DEBUG: (src/list.c :87 :List_push) gay shit
DEBUG: (src/list.c :87 :List_push) gay shit
DEBUG: (src/list.c :87 :List_push) gay shit
DEBUG: (src/list.c :87 :List_push) gay shit
DEBUG: (src/list.c :87 :List_push) gay shit
DEBUG: (src/list.c :87 :List_push) gay shit
DEBUG: (src/list.c :87 :List_push) gay shit
DEBUG: (src/list.c :87 :List_push) gay shit
DEBUG: (src/list.c :87 :List_push) gay shit
DEBUG: (src/list.c :87 :List_push) gay shit
DEBUG: (src/list.c :87 :List_push) gay shit
DEBUG: (src/list.c :87 :List_push) gay shit
DEBUG: (src/list.c :87 :List_push) gay shit
DEBUG: (src/list.c :87 :List_push) gay shit
DEBUG: (src/list.c :87 :List_push) gay shit
DEBUG: (src/list.c :87 :List_push) gay shit
DEBUG: (src/list.c :87 :List_push) gay shit
DEBUG: (src/list.c :87 :List_push) gay shit
DEBUG: (src/list.c :87 :List_push) gay shit
DEBUG: (src/list.c :87 :List_push) gay shit
DEBUG: (src/list.c :87 :List_push) gay shit
DEBUG: (src/list.c :87 :List_push) gay shit
DEBUG: (src/list.c :87 :List_push) gay shit
DEBUG: (src/list.c :87 :List_push) gay shit
DEBUG: (src/list.c :87 :List_push) gay shit
DEBUG: (src/list.c :87 :List_push) gay shit
DEBUG: (src/list.c :87 :List_push) gay shit
DEBUG: (src/list.c :87 :List_push) gay shit
DEBUG: (src/list.c :87 :List_push) gay shit
DEBUG: (src/list.c :87 :List_push) gay shit
DEBUG: (src/list.c :87 :List_push) gay shit
DEBUG: (src/list.c :87 :List_push) gay shit
DEBUG: (src/list.c :87 :List_push) gay shit
DEBUG: (src/list.c :87 :List_push) gay shit
DEBUG: (src/list.c :87 :List_push) gay shit
DEBUG: (src/list.c :87 :List_push) gay shit
DEBUG: (src/list.c :87 :List_push) gay shit
DEBUG: (src/list.c :87 :List_push) gay shit
DEBUG: (src/list.c :87 :List_push) gay shit
DEBUG: (src/list.c :87 :List_push) gay shit
DEBUG: (src/list.c :87 :List_push) gay shit
DEBUG: (src/list.c :87 :List_push) gay shit
DEBUG: (src/list.c :87 :List_push) gay shit
DEBUG: (src/list.c :87 :List_push) gay shit
DEBUG: (src/list.c :87 :List_push) gay shit
DEBUG: (src/list.c :87 :List_push) gay shit
DEBUG: (src/list.c :87 :List_push) gay shit
DEBUG: (src/list.c :87 :List_push) gay shit
DEBUG: (src/list.c :87 :List_push) gay shit
DEBUG: (src/list.c :87 :List_push) gay shit
DEBUG: (src/list.c :87 :List_push) gay shit
DEBUG: (src/list.c :87 :List_push) gay shit
DEBUG: (src/list.c :87 :List_push) gay shit
DEBUG: (src/list.c :87 :List_push) gay shit
DEBUG: (src/list.c :87 :List_push) gay shit
DEBUG: (src/list.c :87 :List_push) gay shit
DEBUG: (src/list.c :87 :List_push) gay shit
DEBUG: (src/list.c :87 :List_push) gay shit
DEBUG: (src/list.c :87 :List_push) gay shit
DEBUG: (src/list.c :87 :List_push) gay shit
DEBUG: (src/list.c :87 :List_push) gay shit
DEBUG: (src/list.c :87 :List_push) gay shit
DEBUG: (src/list.c :87 :List_push) gay shit
DEBUG: (src/list.c :87 :List_push) gay shit
DEBUG: (src/list.c :87 :List_push) gay shit
DEBUG: (src/list.c :87 :List_push) gay shit
DEBUG: (src/list.c :87 :List_push) gay shit
DEBUG: (src/list.c :87 :List_push) gay shit
DEBUG: (src/list.c :87 :List_push) gay shit
DEBUG: (src/list.c :87 :List_push) gay shit
DEBUG: (src/list.c :87 :List_push) gay shit
DEBUG: (src/list.c :87 :List_push) gay shit
DEBUG: (src/list.c :87 :List_push) gay shit
DEBUG: (src/list.c :87 :List_push) gay shit
DEBUG: (src/list.c :87 :List_push) gay shit
DEBUG: (src/list.c :87 :List_push) gay shit
DEBUG: (src/list.c :87 :List_push) gay shit
DEBUG: (src/list.c :87 :List_push) gay shit
DEBUG: (src/list.c :87 :List_push) gay shit
DEBUG: (src/list.c :87 :List_push) gay shit
DEBUG: (src/list.c :87 :List_push) gay shit
DEBUG: (src/list.c :87 :List_push) gay shit
DEBUG: (src/list.c :87 :List_push) gay shit
DEBUG: (src/list.c :87 :List_push) gay shit
DEBUG: (src/list.c :87 :List_push) gay shit
DEBUG: (src/list.c :87 :List_push) gay shit
DEBUG: (src/list.c :87 :List_push) gay shit
DEBUG: (src/list.c :87 :List_push) gay shit
DEBUG: (src/list.c :87 :List_push) gay shit
DEBUG: (src/list.c :87 :List_push) gay shit
DEBUG: (src/list.c :87 :List_push) gay shit
DEBUG: (src/list.c :87 :List_push) gay shit
DEBUG: (src/list.c :87 :List_push) gay shit
DEBUG: (src/list.c :87 :List_push) gay shit
DEBUG: (src/list.c :87 :List_push) gay shit
DEBUG: (src/list.c :87 :List_push) gay shit
DEBUG: (src/list.c :87 :List_push) gay shit
DEBUG: (src/list.c :87 :List_push) gay shit
DEBUG: (src/list.c :87 :List_push) gay shit
DEBUG: (src/list.c :87 :List_push) gay shit
DEBUG: (src/list.c :87 :List_push) gay shit
DEBUG: (src/list.c :87 :List_push) gay shit
DEBUG: (src/list.c :87 :List_push) gay shit
DEBUG: (src/list.c :87 :List_push) gay shit
DEBUG: (src/list.c :87 :List_push) gay shit
DEBUG: (src/list.c :87 :List_push) gay shit
DEBUG: (src/list.c :87 :List_push) gay shit
DEBUG: (src/list.c :87 :List_push) gay shit
DEBUG: (src/list.c :87 :List_push) gay shit
DEBUG: (src/list.c :87 :List_push) gay shit
DEBUG: (src/list.c :87 :List_push) gay shit
DEBUG: (src/list.c :87 :List_push) gay shit
DEBUG: (src/list.c :87 :List_push) gay shit
DEBUG: (src/list.c :87 :List_push) gay shit
DEBUG: (src/list.c :87 :List_push) gay shit
DEBUG: (src/list.c :87 :List_push) gay shit
DEBUG: (src/list.c :87 :List_push) gay shit
DEBUG: (src/list.c :87 :List_push) gay shit
DEBUG: (src/list.c :87 :List_push) gay shit
DEBUG: (src/list.c :87 :List_push) gay shit
DEBUG: (src/list.c :87 :List_push) gay shit
DEBUG: (src/list.c :87 :List_push) gay shit
DEBUG: (src/list.c :87 :List_push) gay shit
DEBUG: (src/list.c :87 :List_push) gay shit
DEBUG: (src/list.c :87 :List_push) gay shit
DEBUG: (src/list.c :87 :List_push) gay shit
DEBUG: (src/list.c :87 :List_push) gay shit
DEBUG: (src/list.c :87 :List_push) gay shit
DEBUG: (src/list.c :87 :List_push) gay shit
DEBUG: (src/list.c :87 :List_push) gay shit
DEBUG: (src/list.c :87 :List_push) gay shit
DEBUG: (src/list.c :87 :List_push) gay shit
DEBUG: (src/list.c :87 :List_push) gay shit
DEBUG: (src/list.c :87 :List_push) gay shit
DEBUG: (src/list.c :87 :List_push) gay shit
DEBUG: (src/list.c :87 :List_push) gay shit
DEBUG: (src/list.c :87 :List_push) gay shit
DEBUG: (src/list.c :87 :List_push) gay shit
DEBUG: (src/list.c :87 :List_push) gay shit
DEBUG: (src/list.c :87 :List_push) gay shit
DEBUG: (src/list.c :87 :List_push) gay shit
DEBUG: (src/list.c :87 :List_push) gay shit
DEBUG: (src/list.c :87 :List_push) gay shit
DEBUG: (src/list.c :87 :List_push) gay shit
DEBUG: (src/list.c :87 :List_push) gay shit
DEBUG: (src/list.c :87 :List_push) gay shit
DEBUG: (src/list.c :87 :List_push) gay shit
DEBUG: (src/list.c :87 :List_push) gay shit
DEBUG: (src/list.c :87 :List_push) gay shit
DEBUG: (src/list.c :87 :List_push) gay shit
DEBUG: (src/list.c :87 :List_push) gay shit
DEBUG: (src/list.c :87 :List_push) gay shit
DEBUG: (src/list.c :87 :List_push) gay shit
DEBUG: (src/list.c :87 :List_push) gay shit
DEBUG: (src/list.c :87 :List_push) gay shit
DEBUG: (src/list.c :87 :List_push) gay shit
DEBUG: (src/list.c :87 :List_push) gay shit
DEBUG: (src/list.c :87 :List_push) gay shit
DEBUG: (src/list.c :87 :List_push) gay shit
DEBUG: (src/list.c :87 :List_push) gay shit
DEBUG: (src/list.c :87 :List_push) gay shit
DEBUG: (src/list.c :87 :List_push) gay shit
DEBUG: (src/list.c :87 :List_push) gay shit
DEBUG: (src/list.c :87 :List_push) gay shit
DEBUG: (src/list.c :87 :List_push) gay shit
DEBUG: (src/list.c :87 :List_push) gay shit
DEBUG: (src/list.c :87 :List_push) gay shit
DEBUG: (src/list.c :87 :List_push) gay shit
DEBUG: (src/list.c :87 :List_push) gay shit
DEBUG: (src/list.c :87 :List_push) gay shit
DEBUG: (src/list.c :87 :List_push) gay shit
DEBUG: (src/list.c :87 :List_push) gay shit
DEBUG: (src/list.c :87 :List_push) gay shit
DEBUG: (src/list.c :87 :List_push) gay shit
DEBUG: (src/list.c :87 :List_push) gay shit
DEBUG: (src/list.c :87 :List_push) gay shit
DEBUG: (src/list.c :87 :List_push) gay shit
DEBUG: (src/list.c :87 :List_push) gay shit
DEBUG: (src/list.c :87 :List_push) gay shit
DEBUG: (src/list.c :87 :List_push) gay shit
DEBUG: (src/list.c :87 :List_push) gay shit
DEBUG: (src/list.c :87 :List_push) gay shit
DEBUG: (src/list.c :87 :List_push) gay shit
DEBUG: (src/list.c :87 :List_push) gay shit
DEBUG: (src/list.c :87 :List_push) gay shit
DEBUG: (src/list.c :87 :List_push) gay shit
DEBUG: (src/list.c :87 :List_push) gay shit
DEBUG: (src/list.c :87 :List_push) gay shit
DEBUG: (src/list.c :87 :List_push) gay shit
DEBUG: (src/list.c :87 :List_push) gay shit
DEBUG: (src/list.c :87 :List_push) gay shit
DEBUG: (src/list.c :87 :List_push) gay shit
DEBUG: (src/list.c :87 :List_push) gay shit
DEBUG: (src/list.c :87 :List_push) gay shit
DEBUG: (src/list.c :87 :List_push) gay shit
DEBUG: (src/list.c :87 :List_push) gay shit
DEBUG: (src/list.c :87 :List_push) gay shit
DEBUG: (src/list.c :87 :List_push) gay shit
DEBUG: (src/list.c :87 :List_push) gay shit
DEBUG: (src/list.c :87 :List_push) gay shit
DEBUG: (src/list.c :87 :List_push) gay shit
DEBUG: (src/list.c :87 :List_push) gay shit
DEBUG: (src/list.c :87 :List_push) gay shit
DEBUG: (src/list.c :87 :List_push) gay shit
DEBUG: (src/list.c :87 :List_push) gay shit
DEBUG: (src/list.c :87 :List_push) gay shit
DEBUG: (src/list.c :87 :List_push) gay shit
DEBUG: (src/list.c :87 :List_push) gay shit
DEBUG: (src/list.c :87 :List_push) gay shit
DEBUG: (src/list.c :87 :List_push) gay shit
DEBUG: (src/list.c :87 :List_push) gay shit
DEBUG: (src/list.c :87 :List_push) gay shit
DEBUG: (src/list.c :87 :List_push) gay shit
DEBUG: (src/list.c :87 :List_push) gay shit
DEBUG: (src/list.c :87 :List_push) gay shit
DEBUG: (src/list.c :87 :List_push) gay shit
DEBUG: (src/list.c :87 :List_push) gay shit
DEBUG: (src/list.c :87 :List_push) gay shit
DEBUG: (src/list.c :87 :List_push) gay shit
DEBUG: (src/list.c :87 :List_push) gay shit
DEBUG: (src/list.c :87 :List_push) gay shit
DEBUG: (src/list.c :87 :List_push) gay shit
DEBUG: (src/list.c :87 :List_push) gay shit
DEBUG: (src/list.c :87 :List_push) gay shit
DEBUG: (src/list.c :87 :List_push) gay shit
DEBUG: (src/list.c :87 :List_push) gay shit
DEBUG: (src/list.c :87 :List_push) gay shit
DEBUG: (src/list.c :87 :List_push) gay shit
DEBUG: (src/list.c :87 :List_push) gay shit
DEBUG: (src/list.c :87 :List_push) gay shit
DEBUG: (src/list.c :87 :List_push) gay shit
DEBUG: (src/list.c :87 :List_push) gay shit
DEBUG: (src/list.c :87 :List_push) gay shit
DEBUG: (src/list.c :87 :List_push) gay shit
DEBUG: (src/list.c :87 :List_push) gay shit
DEBUG: (src/list.c :87 :List_push) gay shit
DEBUG: (src/list.c :87 :List_push) gay shit
DEBUG: (src/list.c :87 :List_push) gay shit
DEBUG: (src/list.c :87 :List_push) gay shit
DEBUG: (src/list.c :87 :List_push) gay shit
DEBUG: (src/list.c :87 :List_push) gay shit
DEBUG: (src/list.c :87 :List_push) gay shit
DEBUG: (src/list.c :87 :List_push) gay shit
DEBUG: (src/list.c :87 :List_push) gay shit
DEBUG: (src/list.c :87 :List_push) gay shit
DEBUG: (src/list.c :87 :List_push) gay shit
DEBUG: (src/list.c :87 :List_push) gay shit
DEBUG: (src/list.c :87 :List_push) gay shit
DEBUG: (src/list.c :87 :List_push) gay shit
DEBUG: (src/list.c :87 :List_push) gay shit
DEBUG: (src/list.c :87 :List_push) gay shit
DEBUG: (src/list.c :87 :List_push) gay shit
DEBUG: (src/list.c :87 :List_push) gay shit
DEBUG: (src/list.c :87 :List_push) gay shit
DEBUG: (src/list.c :87 :List_push) gay shit
DEBUG: (src/list.c :87 :List_push) gay shit
DEBUG: (src/list.c :87 :List_push) gay shit
DEBUG: (src/list.c :87 :List_push) gay shit
DEBUG: (src/list.c :87 :List_push) gay shit
DEBUG: (src/list.c :87 :List_push) gay shit
DEBUG: (src/list.c :87 :List_push) gay shit
DEBUG: (src/list.c :87 :List_push) gay shit
DEBUG: (src/list.c :87 :List_push) gay shit
DEBUG: (src/list.c :87 :List_push) gay shit
DEBUG: (src/list.c :87 :List_push) gay shit
DEBUG: (src/list.c :87 :List_push) gay shit
DEBUG: (src/list.c :87 :List_push) gay shit
DEBUG: (src/list.c :87 :List_push) gay shit
DEBUG: (src/list.c :87 :List_push) gay shit
DEBUG: (src/list.c :87 :List_push) gay shit
DEBUG: (src/list.c :87 :List_push) gay shit
DEBUG: (src/list.c :87 :List_push) gay shit
DEBUG: (src/list.c :87 :List_push) gay shit
DEBUG: (src/list.c :87 :List_push) gay shit
DEBUG: (src/list.c :87 :List_push) gay shit
DEBUG: (src/list.c :87 :List_push) gay shit
DEBUG: (src/list.c :87 :List_push) gay shit
DEBUG: (src/list.c :87 :List_push) gay shit
DEBUG: (src/list.c :87 :List_push) gay shit
DEBUG: (src/list.c :87 :List_push) gay shit
DEBUG: (src/list.c :87 :List_push) gay shit
DEBUG: (src/list.c :87 :List_push) gay shit
DEBUG: (src/list.c :87 :List_push) gay shit
DEBUG: (src/list.c :87 :List_push) gay shit
DEBUG: (src/list.c :87 :List_push) gay shit
DEBUG: (src/list.c :87 :List_push) gay shit
DEBUG: (src/list.c :87 :List_push) gay shit
DEBUG: (src/list.c :87 :List_push) gay shit
DEBUG: (src/list.c :87 :List_push) gay shit
DEBUG: (src/list.c :87 :List_push) gay shit
DEBUG: (src/list.c :87 :List_push) gay shit
DEBUG: (src/list.c :87 :List_push) gay shit
DEBUG: (src/list.c :87 :List_push) gay shit
DEBUG: (src/list.c :87 :List_push) gay shit
DEBUG: (src/list.c :87 :List_push) gay shit
DEBUG: (src/list.c :87 :List_push) gay shit
DEBUG: (src/list.c :87 :List_push) gay shit
DEBUG: (src/list.c :87 :List_push) gay shit
DEBUG: (src/list.c :87 :List_push) gay shit
DEBUG: (src/list.c :87 :List_push) gay shit
DEBUG: (src/list.c :87 :List_push) gay shit
DEBUG: (src/list.c :87 :List_push) gay shit
DEBUG: (src/list.c :87 :List_push) gay shit
DEBUG: (src/list.c :87 :List_push) gay shit
DEBUG: (src/list.c :87 :List_push) gay shit
DEBUG: (src/list.c :87 :List_push) gay shit
DEBUG: (src/list.c :87 :List_push) gay shit
DEBUG: (src/list.c :87 :List_push) gay shit
DEBUG: (src/list.c :87 :List_push) gay shit
DEBUG: (src/list.c :87 :List_push) gay shit
DEBUG: (src/list.c :87 :List_push) gay shit
DEBUG: (src/list.c :87 :List_push) gay shit
DEBUG: (src/list.c :87 :List_push) gay shit
DEBUG: (src/list.c :87 :List_push) gay shit
DEBUG: (src/list.c :87 :List_push) gay shit
DEBUG: (src/list.c :87 :List_push) gay shit
DEBUG: (src/list.c :87 :List_push) gay shit
DEBUG: (src/list.c :87 :List_push) gay shit
DEBUG: (src/list.c :87 :List_push) gay shit
DEBUG: (src/list.c :87 :List_push) gay shit
DEBUG: (src/list.c :87 :List_push) gay shit
DEBUG: (src/list.c :87 :List_push) gay shit
DEBUG: (src/list.c :87 :List_push) gay shit
DEBUG: (src/list.c :87 :List_push) gay shit
DEBUG: (src/list.c :87 :List_push) gay shit
DEBUG: (src/list.c :87 :List_push) gay shit
DEBUG: (src/list.c :87 :List_push) gay shit
DEBUG: (src/list.c :87 :List_push) gay shit
DEBUG: (src/list.c :87 :List_push) gay shit
DEBUG: (src/list.c :87 :List_push) gay shit
DEBUG: (src/list.c :87 :List_push) gay shit
DEBUG: (src/list.c :87 :List_push) gay shit
DEBUG: (src/list.c :87 :List_push) gay shit
DEBUG: (src/list.c :87 :List_push) gay shit
DEBUG: (src/list.c :87 :List_push) gay shit
DEBUG: (src/list.c :87 :List_push) gay shit
DEBUG: (src/list.c :87 :List_push) gay shit
DEBUG: (src/list.c :87 :List_push) gay shit
DEBUG: (src/list.c :87 :List_push) gay shit
DEBUG: (src/list.c :87 :List_push) gay shit
DEBUG: (src/list.c :87 :List_push) gay shit
DEBUG: (src/list.c :87 :List_push) gay shit
DEBUG: (src/list.c :87 :List_push) gay shit
DEBUG: (src/list.c :87 :List_push) gay shit
DEBUG: (src/list.c :87 :List_push) gay shit
DEBUG: (src/list.c :87 :List_push) gay shit
DEBUG: (src/list.c :87 :List_push) gay shit
DEBUG: (src/list.c :87 :List_push) gay shit
DEBUG: (src/list.c :87 :List_push) gay shit
DEBUG: (src/list.c :87 :List_push) gay shit
DEBUG: (src/list.c :87 :List_push) gay shit
DEBUG: (src/list.c :87 :List_push) gay shit
DEBUG: (src/list.c :87 :List_push) gay shit
DEBUG: (src/list.c :87 :List_push) gay shit
DEBUG: (src/list.c :87 :List_push) gay shit
DEBUG: (src/list.c :87 :List_push) gay shit
DEBUG: (src/list.c :87 :List_push) gay shit
DEBUG: (src/list.c :87 :List_push) gay shit
DEBUG: (src/list.c :87 :List_push) gay shit
DEBUG: (src/list.c :87 :List_push) gay shit
DEBUG: (src/list.c :87 :List_push) gay shit
DEBUG: (src/list.c :87 :List_push) gay shit
DEBUG: (src/list.c :87 :List_push) gay shit
DEBUG: (src/list.c :87 :List_push) gay shit
DEBUG: (src/list.c :87 :List_push) gay shit
DEBUG: (src/list.c :87 :List_push) gay shit
DEBUG: (src/list.c :87 :List_push) gay shit
DEBUG: (src/list.c :87 :List_push) gay shit
DEBUG: (src/list.c :87 :List_push) gay shit
DEBUG: (src/list.c :87 :List_push) gay shit
DEBUG: (src/list.c :87 :List_push) gay shit
DEBUG: (src/list.c :87 :List_push) gay shit
DEBUG: (src/list.c :87 :List_push) gay shit
DEBUG: (src/list.c :87 :List_push) gay shit
DEBUG: (src/list.c :87 :List_push) gay shit
DEBUG: (src/list.c :87 :List_push) gay shit
DEBUG: (src/list.c :87 :List_push) gay shit
DEBUG: (src/list.c :87 :List_push) gay shit
DEBUG: (src/list.c :87 :List_push) gay shit
DEBUG: (src/list.c :87 :List_push) gay shit
DEBUG: (src/list.c :87 :List_push) gay shit
DEBUG: (src/list.c :87 :List_push) gay shit
DEBUG: (src/list.c :87 :List_push) gay shit
DEBUG: (src/list.c :87 :List_push) gay shit
DEBUG: (src/list.c :87 :List_push) gay shit
DEBUG: (src/list.c :87 :List_push) gay shit
DEBUG: (src/list.c :87 :List_push) gay shit
DEBUG: (src/list.c :87 :List_push) gay shit
DEBUG: (src/list.c :87 :List_push) gay shit
DEBUG: (src/list.c :87 :List_push) gay shit
DEBUG: (src/list.c :87 :List_push) gay shit
DEBUG: (src/list.c :87 :List_push) gay shit
DEBUG: (src/list.c :87 :List_push) gay shit
DEBUG: (src/list.c :87 :List_push) gay shit
DEBUG: (src/list.c :87 :List_push) gay shit
DEBUG: (src/list.c :87 :List_push) gay shit
DEBUG: (src/list.c :87 :List_push) gay shit
DEBUG: (src/list.c :87 :List_push) gay shit
DEBUG: (src/list.c :87 :List_push) gay shit
DEBUG: (src/list.c :87 :List_push) gay shit
DEBUG: (src/list.c :87 :List_push) gay shit
DEBUG: (src/list.c :87 :List_push) gay shit
DEBUG: (src/list.c :87 :List_push) gay shit
DEBUG: (src/list.c :87 :List_push) gay shit
DEBUG: (src/list.c :87 :List_push) gay shit
DEBUG: (src/list.c :87 :List_push) gay shit
DEBUG: (src/list.c :87 :List_push) gay shit
DEBUG: (src/list.c :87 :List_push) gay shit
DEBUG: (src/list.c :87 :List_push) gay shit
DEBUG: (src/list.c :87 :List_push) gay shit
DEBUG: (src/list.c :87 :List_push) gay shit
DEBUG: (src/list.c :87 :List_push) gay shit
DEBUG: (src/list.c :87 :List_push) gay shit
DEBUG: (src/list.c :87 :List_push) gay shit
DEBUG: (src/list.c :87 :List_push) gay shit
DEBUG: (src/list.c :87 :List_push) gay shit
DEBUG: (src/list.c :87 :List_push) gay shit
DEBUG: (src/list.c :87 :List_push) gay shit
DEBUG: (src/list.c :87 :List_push) gay shit
DEBUG: (src/list.c :87 :List_push) gay shit
DEBUG: (src/list.c :87 :List_push) gay shit
DEBUG: (src/list.c :87 :List_push) gay shit
DEBUG: (src/list.c :87 :List_push) gay shit
DEBUG: (src/list.c :87 :List_push) gay shit
DEBUG: (src/list.c :87 :List_push) gay shit
DEBUG: (src/list.c :87 :List_push) gay shit
DEBUG: (src/list.c :87 :List_push) gay shit
DEBUG: (src/list.c :87 :List_push) gay shit
DEBUG: (src/list.c :87 :List_push) gay shit
DEBUG: (src/list.c :87 :List_push) gay shit
DEBUG: (src/list.c :87 :List_push) gay shit
DEBUG: (src/list.c :87 :List_push) gay shit
DEBUG: (src/list.c :87 :List_push) gay shit
DEBUG: (src/list.c :87 :List_push) gay shit
DEBUG: (src/list.c :87 :List_push) gay shit
DEBUG: (src/list.c :87 :List_push) gay shit
DEBUG: (src/list.c :87 :List_push) gay shit
DEBUG: (src/list.c :87 :List_push) gay shit
DEBUG: (src/list.c :87 :List_push) gay shit
DEBUG: (src/list.c :87 :List_push) gay shit
DEBUG: (src/list.c :87 :List_push) gay shit
DEBUG: (src/list.c :87 :List_push) gay shit
DEBUG: (src/list.c :87 :List_push) gay shit
DEBUG: (src/list.c :87 :List_push) gay shit
DEBUG: (src/list.c :87 :List_push) gay shit
DEBUG: (src/list.c :87 :List_push) gay shit
DEBUG: (src/list.c :87 :List_push) gay shit
DEBUG: (src/list.c :87 :List_push) gay shit
DEBUG: (src/list.c :87 :List_push) gay shit
DEBUG: (src/list.c :87 :List_push) gay shit
DEBUG: (src/list.c :87 :List_push) gay shit
DEBUG: (src/list.c :87 :List_push) gay shit
DEBUG: (src/list.c :87 :List_push) gay shit
DEBUG: (src/list.c :87 :List_push) gay shit
DEBUG: (src/list.c :87 :List_push) gay shit
DEBUG: (src/list.c :87 :List_push) gay shit
DEBUG: (src/list.c :87 :List_push) gay shit
DEBUG: (src/list.c :87 :List_push) gay shit
DEBUG: (src/list.c :87 :List_push) gay shit
DEBUG: (src/list.c :87 :List_push) gay shit
DEBUG: (src/list.c :87 :List_push) gay shit
DEBUG: (src/list.c :87 :List_push) gay shit
DEBUG: (src/list.c :87 :List_push) gay shit
DEBUG: (src/list.c :87 :List_push) gay shit
DEBUG: (src/list.c :87 :List_push) gay shit
DEBUG: (src/list.c :87 :List_push) gay shit
DEBUG: (src/list.c :87 :List_push) gay shit
DEBUG: (src/list.c :87 :List_push) gay shit
DEBUG: (src/list.c :87 :List_push) gay shit
DEBUG: (src/list.c :87 :List_push) gay shit
DEBUG: (src/list.c :87 :List_push) gay shit
DEBUG: (src/list.c :87 :List_push) gay shit
DEBUG: (src/list.c :87 :List_push) gay shit
DEBUG: (src/list.c :87 :List_push) gay shit
DEBUG: (src/list.c :87 :List_push) gay shit
DEBUG: (src/list.c :87 :List_push) gay shit
DEBUG: (src/list.c :87 :List_push) gay shit
DEBUG: (src/list.c :87 :List_push) gay shit
DEBUG: (src/list.c :87 :List_push) gay shit
DEBUG: (src/list.c :87 :List_push) gay shit
DEBUG: (src/list.c :87 :List_push) gay shit
DEBUG: (src/list.c :87 :List_push) gay shit
DEBUG: (src/list.c :87 :List_push) gay shit
DEBUG: (src/list.c :87 :List_push) gay shit
DEBUG: (src/list.c :87 :List_push) gay shit
DEBUG: (src/list.c :87 :List_push) gay shit
DEBUG: (src/list.c :87 :List_push) gay shit
DEBUG: (src/list.c :87 :List_push) gay shit
DEBUG: (src/list.c :87 :List_push) gay shit
DEBUG: (src/list.c :87 :List_push) gay shit
DEBUG: (src/list.c :87 :List_push) gay shit
DEBUG: (src/list.c :87 :List_push) gay shit
DEBUG: (src/list.c :87 :List_push) gay shit
DEBUG: (src/list.c :87 :List_push) gay shit
DEBUG: (src/list.c :87 :List_push) gay shit
DEBUG: (src/list.c :87 :List_push) gay shit
DEBUG: (src/list.c :87 :List_push) gay shit
DEBUG: (src/list.c :87 :List_push) gay shit
DEBUG: (src/list.c :87 :List_push) gay shit
DEBUG: (src/list.c :87 :List_push) gay shit
DEBUG: (src/list.c :87 :List_push) gay shit
DEBUG: (src/list.c :87 :List_push) gay shit
DEBUG: (src/list.c :87 :List_push) gay shit
DEBUG: (src/list.c :87 :List_push) gay shit
DEBUG: (src/list.c :87 :List_push) gay shit
DEBUG: (src/list.c :87 :List_push) gay shit
DEBUG: (src/list.c :87 :List_push) gay shit
DEBUG: (src/list.c :87 :List_push) gay shit
DEBUG: (src/list.c :87 :List_push) gay shit
DEBUG: (src/list.c :87 :List_push) gay shit
DEBUG: (src/list.c :87 :List_push) gay shit
DEBUG: (src/list.c :87 :List_push) gay shit
DEBUG: (src/list.c :87 :List_push) gay shit
DEBUG: (src/list.c :87 :List_push) gay shit
DEBUG: (src/list.c :87 :List_push) gay shit
DEBUG: (src/list.c :87 :List_push) gay shit
DEBUG: (src/list.c :87 :List_push) gay shit
DEBUG: (src/list.c :87 :List_push) gay shit
DEBUG: (src/list.c :87 :List_push) gay shit
DEBUG: (src/list.c :87 :List_push) gay shit
DEBUG: (src/list.c :87 :List_push) gay shit
DEBUG: (src/list.c :87 :List_push) gay shit
DEBUG: (src/list.c :87 :List_push) gay shit
DEBUG: (src/list.c :87 :List_push) gay shit
DEBUG: (src/list.c :87 :List_push) gay shit
DEBUG: (src/list.c :87 :List_push) gay shit
DEBUG: (src/list.c :87 :List_push) gay shit
DEBUG: (src/list.c :87 :List_push) gay shit
DEBUG: (src/list.c :87 :List_push) gay shit
DEBUG: (src/list.c :87 :List_push) gay shit
DEBUG: (src/list.c :87 :List_push) gay shit
DEBUG: (src/list.c :87 :List_push) gay shit
DEBUG: (src/list.c :87 :List_push) gay shit
DEBUG: (src/list.c :87 :List_push) gay shit
DEBUG: (src/list.c :87 :List_push) gay shit
DEBUG: (src/list.c :87 :List_push) gay shit
DEBUG: (src/list.c :87 :List_push) gay shit
DEBUG: (src/list.c :87 :List_push) gay shit
DEBUG: (src/list.c :87 :List_push) gay shit
DEBUG: (src/list.c :87 :List_push) gay shit
DEBUG: (src/list.c :87 :List_push) gay shit
DEBUG: (src/list.c :87 :List_push) gay shit
DEBUG: (src/list.c :87 :List_push) gay shit
DEBUG: (src/list.c :87 :List_push) gay shit
DEBUG: (src/list.c :87 :List_push) gay shit
DEBUG: (src/list.c :87 :List_push) gay shit
DEBUG: (src/list.c :87 :List_push) gay shit
DEBUG: (src/list.c :87 :List_push) gay shit
DEBUG: (src/list.c :87 :List_push) gay shit
DEBUG: (src/list.c :87 :List_push) gay shit
DEBUG: (src/list.c :87 :List_push) gay shit
DEBUG: (src/list.c :87 :List_push) gay shit
DEBUG: (src/list.c :87 :List_push) gay shit
DEBUG: (src/list.c :87 :List_push) gay shit
DEBUG: (src/list.c :87 :List_push) gay shit
DEBUG: (src/list.c :87 :List_push) gay shit
DEBUG: (src/list.c :87 :List_push) gay shit
DEBUG: (src/list.c :87 :List_push) gay shit
DEBUG: (src/list.c :87 :List_push) gay shit
DEBUG: (src/list.c :87 :List_push) gay shit
DEBUG: (src/list.c :87 :List_push) gay shit
DEBUG: (src/list.c :87 :List_push) gay shit
DEBUG: (src/list.c :87 :List_push) gay shit
DEBUG: (src/list.c :87 :List_push) gay shit
DEBUG: (src/list.c :87 :List_push) gay shit
DEBUG: (src/list.c :87 :List_push) gay shit
DEBUG: (src/list.c :87 :List_push) gay shit
DEBUG: (src/list.c :87 :List_push) gay shit
DEBUG: (src/list.c :87 :List_push) gay shit
DEBUG: (src/list.c :87 :List_push) gay shit
DEBUG: (src/list.c :87 :List_push) gay shit
DEBUG: (src/list.c :87 :List_push) gay shit
DEBUG: (src/list.c :87 :List_push) gay shit
DEBUG: (src/list.c :87 :List_push) gay shit
DEBUG: (src/list.c :87 :List_push) gay shit
DEBUG: (src/list.c :87 :List_push) gay shit
DEBUG: (src/list.c :87 :List_push) gay shit
DEBUG: (src/list.c :87 :List_push) gay shit
DEBUG: (src/list.c :87 :List_push) gay shit
DEBUG: (src/list.c :87 :List_push) gay shit
DEBUG: (src/list.c :87 :List_push) gay shit
DEBUG: (src/list.c :87 :List_push) gay shit
DEBUG: (src/list.c :87 :List_push) gay shit
DEBUG: (src/list.c :87 :List_push) gay shit
DEBUG: (src/list.c :87 :List_push) gay shit
DEBUG: (src/list.c :87 :List_push) gay shit
DEBUG: (src/list.c :87 :List_push) gay shit
DEBUG: (src/list.c :87 :List_push) gay shit
DEBUG: (src/list.c :87 :List_push) gay shit
DEBUG: (src/list.c :87 :List_push) gay shit
DEBUG: (src/list.c :87 :List_push) gay shit
DEBUG: (src/list.c :87 :List_push) gay shit
DEBUG: (src/list.c :87 :List_push) gay shit
DEBUG: (src/list.c :87 :List_push) gay shit
DEBUG: (src/list.c :87 :List_push) gay shit
DEBUG: (src/list.c :87 :List_push) gay shit
DEBUG: (src/list.c :87 :List_push) gay shit
DEBUG: (src/list.c :87 :List_push) gay shit
DEBUG: (src/list.c :87 :List_push) gay shit
DEBUG: (src/list.c :87 :List_push) gay shit
DEBUG: (src/list.c :87 :List_push) gay shit
DEBUG: (src/list.c :87 :List_push) gay shit
DEBUG: (src/list.c :87 :List_push) gay shit
DEBUG: (src/list.c :87 :List_push) gay shit
DEBUG: (src/list.c :87 :List_push) gay shit
DEBUG: (src/list.c :87 :List_push) gay shit
DEBUG: (src/list.c :87 :List_push) gay shit
DEBUG: (src/list.c :87 :List_push) gay shit
DEBUG: (src/list.c :87 :List_push) gay shit
DEBUG: (src/list.c :87 :List_push) gay shit
DEBUG: (src/list.c :87 :List_push) gay shit
DEBUG: (src/list.c :87 :List_push) gay shit
DEBUG: (src/list.c :87 :List_push) gay shit
DEBUG: (src/list.c :87 :List_push) gay shit
DEBUG: (src/list.c :87 :List_push) gay shit
DEBUG: (src/list.c :87 :List_push) gay shit
DEBUG: (src/list.c :87 :List_push) gay shit
DEBUG: (src/list.c :87 :List_push) gay shit
DEBUG: (src/list.c :87 :List_push) gay shit
DEBUG: (src/list.c :87 :List_push) gay shit
DEBUG: (src/list.c :87 :List_push) gay shit
DEBUG: (src/list.c :87 :List_push) gay shit
DEBUG: (src/list.c :87 :List_push) gay shit
DEBUG: (src/list.c :87 :List_push) gay shit
DEBUG: (src/list.c :87 :List_push) gay shit
DEBUG: (src/list.c :87 :List_push) gay shit
DEBUG: (src/list.c :87 :List_push) gay shit
DEBUG: (src/list.c :87 :List_push) gay shit
DEBUG: (src/list.c :87 :List_push) gay shit
DEBUG: (src/list.c :87 :List_push) gay shit
DEBUG: (src/list.c :87 :List_push) gay shit
DEBUG: (src/list.c :87 :List_push) gay shit
DEBUG: (src/list.c :87 :List_push) gay shit
DEBUG: (src/list.c :87 :List_push) gay shit
DEBUG: (src/list.c :87 :List_push) gay shit
DEBUG: (src/list.c :87 :List_push) gay shit
DEBUG: (src/list.c :87 :List_push) gay shit
DEBUG: (src/list.c :87 :List_push) gay shit
DEBUG: (src/list.c :87 :List_push) gay shit
DEBUG: (src/list.c :87 :List_push) gay shit
DEBUG: (src/list.c :87 :List_push) gay shit
DEBUG: (src/list.c :87 :List_push) gay shit
DEBUG: (src/list.c :87 :List_push) gay shit
DEBUG: (src/list.c :87 :List_push) gay shit
DEBUG: (src/list.c :87 :List_push) gay shit
DEBUG: (src/list.c :87 :List_push) gay shit
DEBUG: (src/list.c :87 :List_push) gay shit
DEBUG: (src/list.c :87 :List_push) gay shit
DEBUG: (src/list.c :87 :List_push) gay shit
DEBUG: (src/list.c :87 :List_push) gay shit
DEBUG: (src/list.c :87 :List_push) gay shit
DEBUG: (src/list.c :87 :List_push) gay shit
DEBUG: (src/list.c :87 :List_push) gay shit
DEBUG: (src/list.c :87 :List_push) gay shit
DEBUG: (src/list.c :87 :List_push) gay shit
DEBUG: (src/list.c :87 :List_push) gay shit
DEBUG: (src/list.c :87 :List_push) gay shit
DEBUG: (src/list.c :87 :List_push) gay shit
DEBUG: (src/list.c :87 :List_push) gay shit
DEBUG: (src/list.c :87 :List_push) gay shit
DEBUG: (src/list.c :87 :List_push) gay shit
DEBUG: (src/list.c :87 :List_push) gay shit
DEBUG: (src/list.c :87 :List_push) gay shit
DEBUG: (src/list.c :87 :List_push) gay shit
DEBUG: (src/list.c :87 :List_push) gay shit
DEBUG: (src/list.c :87 :List_push) gay shit
DEBUG: (src/list.c :87 :List_push) gay shit
DEBUG: (src/list.c :87 :List_push) gay shit
DEBUG: (src/list.c :87 :List_push) gay shit
DEBUG: (src/list.c :87 :List_push) gay shit
DEBUG: (src/list.c :87 :List_push) gay shit
DEBUG: (src/list.c :87 :List_push) gay shit
DEBUG: (src/list.c :87 :List_push) gay shit
DEBUG: (src/list.c :87 :List_push) gay shit
DEBUG: (src/list.c :87 :List_push) gay shit
DEBUG: (src/list.c :87 :List_push) gay shit
DEBUG: (src/list.c :87 :List_push) gay shit
DEBUG: (src/list.c :87 :List_push) gay shit
DEBUG: (src/list.c :87 :List_push) gay shit
DEBUG: (src/list.c :87 :List_push) gay shit
DEBUG: (src/list.c :87 :List_push) gay shit
DEBUG: (src/list.c :87 :List_push) gay shit
DEBUG: (src/list.c :87 :List_push) gay shit
DEBUG: (src/list.c :87 :List_push) gay shit
DEBUG: (src/list.c :87 :List_push) gay shit
DEBUG: (src/list.c :87 :List_push) gay shit
DEBUG: (src/list.c :87 :List_push) gay shit
DEBUG: (src/list.c :87 :List_push) gay shit
DEBUG: (src/list.c :87 :List_push) gay shit
DEBUG: (src/list.c :87 :List_push) gay shit
DEBUG: (src/list.c :87 :List_push) gay shit
DEBUG: (src/list.c :87 :List_push) gay shit
DEBUG: (src/list.c :87 :List_push) gay shit
DEBUG: (src/list.c :87 :List_push) gay shit
DEBUG: (src/list.c :87 :List_push) gay shit
DEBUG: (src/list.c :87 :List_push) gay shit
DEBUG: (src/list.c :87 :List_push) gay shit
DEBUG: (src/list.c :87 :List_push) gay shit
DEBUG: (src/list.c :87 :List_push) gay shit
DEBUG: (src/list.c :87 :List_push) gay shit
DEBUG: (src/list.c :87 :List_push) gay shit
DEBUG: (src/list.c :87 :List_push) gay shit
DEBUG: (src/list.c :87 :List_push) gay shit
DEBUG: (src/list.c :87 :List_push) gay shit
DEBUG: (src/list.c :87 :List_push) gay shit
DEBUG: (src/list.c :87 :List_push) gay shit
DEBUG: (src/list.c :87 :List_push) gay shit
DEBUG: (src/list.c :87 :List_push) gay shit
DEBUG: (src/list.c :87 :List_push) gay shit
DEBUG: (src/list.c :87 :List_push) gay shit
DEBUG: (src/list.c :87 :List_push) gay shit
DEBUG: (src/list.c :87 :List_push) gay shit
DEBUG: (src/list.c :87 :List_push) gay shit
DEBUG: (src/list.c :87 :List_push) gay shit
DEBUG: (src/list.c :87 :List_push) gay shit
DEBUG: (src/list.c :87 :List_push) gay shit
DEBUG: (src/list.c :87 :List_push) gay shit
DEBUG: (src/list.c :87 :List_push) gay shit
DEBUG: (src/list.c :87 :List_push) gay shit
DEBUG: (src/list.c :87 :List_push) gay shit
DEBUG: (src/list.c :87 :List_push) gay shit
DEBUG: (src/list.c :87 :List_push) gay shit
DEBUG: (src/list.c :87 :List_push) gay shit
DEBUG: (src/list.c :87 :List_push) gay shit
DEBUG: (src/list.c :87 :List_push) gay shit
DEBUG: (src/list.c :87 :List_push) gay shit
DEBUG: (src/list.c :87 :List_push) gay shit
DEBUG: (src/list.c :87 :List_push) gay shit
DEBUG: (src/list.c :87 :List_push) gay shit
DEBUG: (src/list.c :87 :List_push) gay shit
DEBUG: (src/list.c :87 :List_push) gay shit
DEBUG: (src/list.c :87 :List_push) gay shit
DEBUG: (src/list.c :87 :List_push) gay shit
DEBUG: (src/list.c :87 :List_push) gay shit
DEBUG: (src/list.c :87 :List_push) gay shit
DEBUG: (src/list.c :87 :List_push) gay shit
DEBUG: (src/list.c :87 :List_push) gay shit
DEBUG: (src/list.c :87 :List_push) gay shit
DEBUG: (src/list.c :87 :List_push) gay shit
DEBUG: (src/list.c :87 :List_push) gay shit
DEBUG: (src/list.c :87 :List_push) gay shit
DEBUG: (src/list.c :87 :List_push) gay shit
DEBUG: (src/list.c :87 :List_push) gay shit
DEBUG: (src/list.c :87 :List_push) gay shit
DEBUG: (src/list.c :87 :List_push) gay shit
DEBUG: (src/list.c :87 :List_push) gay shit
DEBUG: (src/list.c :87 :List_push) gay shit
DEBUG: (src/list.c :87 :List_push) gay shit
DEBUG: (src/list.c :87 :List_push) gay shit
DEBUG: (src/list.c :87 :List_push) gay shit
DEBUG: (src/list.c :87 :List_push) gay shit
DEBUG: (src/list.c :87 :List_push) gay shit
DEBUG: (src/list.c :87 :List_push) gay shit
DEBUG: (src/list.c :87 :List_push) gay shit
DEBUG: (src/list.c :87 :List_push) gay shit
DEBUG: (src/list.c :87 :List_push) gay shit
DEBUG: (src/list.c :87 :List_push) gay shit
DEBUG: (src/list.c :87 :List_push) gay shit
DEBUG: (src/list.c :87 :List_push) gay shit
DEBUG: (src/list.c :87 :List_push) gay shit
DEBUG: (src/list.c :87 :List_push) gay shit
DEBUG: (src/list.c :87 :List_push) gay shit
DEBUG: (src/list.c :87 :List_push) gay shit
DEBUG: (src/list.c :87 :List_push) gay shit
DEBUG: (src/list.c :87 :List_push) gay shit
DEBUG: (src/list.c :87 :List_push) gay shit
DEBUG: (src/list.c :87 :List_push) gay shit
DEBUG: (src/list.c :87 :List_push) gay shit
DEBUG: (src/list.c :87 :List_push) gay shit
DEBUG: (src/list.c :87 :List_push) gay shit
DEBUG: (src/list.c :87 :List_push) gay shit
DEBUG: (src/list.c :87 :List_push) gay shit
DEBUG: (src/list.c :87 :List_push) gay shit
DEBUG: (src/list.c :87 :List_push) gay shit
DEBUG: (src/list.c :87 :List_push) gay shit
DEBUG: (src/list.c :87 :List_push) gay shit
DEBUG: (src/list.c :87 :List_push) gay shit
DEBUG: (src/list.c :87 :List_push) gay shit
DEBUG: (src/list.c :87 :List_push) gay shit
DEBUG: (src/list.c :87 :List_push) gay shit
DEBUG: (src/list.c :87 :List_push) gay shit
DEBUG: (src/list.c :87 :List_push) gay shit
DEBUG: (src/list.c :87 :List_push) gay shit
DEBUG: (src/list.c :87 :List_push) gay shit
DEBUG: (src/list.c :87 :List_push) gay shit
DEBUG: (src/list.c :87 :List_push) gay shit
DEBUG: (src/list.c :87 :List_push) gay shit
DEBUG: (src/list.c :87 :List_push) gay shit
DEBUG: (src/list.c :87 :List_push) gay shit
DEBUG: (src/list.c :87 :List_push) gay shit
DEBUG: (src/list.c :87 :List_push) gay shit
DEBUG: (src/list.c :87 :List_push) gay shit
DEBUG: (src/list.c :87 :List_push) gay shit
DEBUG: (src/list.c :87 :List_push) gay shit
DEBUG: (src/list.c :87 :List_push) gay shit
DEBUG: (src/list.c :87 :List_push) gay shit
DEBUG: (src/list.c :87 :List_push) gay shit
DEBUG: (src/list.c :87 :List_push) gay shit
DEBUG: (src/list.c :87 :List_push) gay shit
DEBUG: (src/list.c :87 :List_push) gay shit
DEBUG: (src/list.c :87 :List_push) gay shit
DEBUG: (src/list.c :87 :List_push) gay shit
DEBUG: (src/list.c :87 :List_push) gay shit
DEBUG: (src/list.c :87 :List_push) gay shit
DEBUG: (src/list.c :87 :List_push) gay shit
DEBUG: (src/list.c :87 :List_push) gay shit
DEBUG: (src/list.c :87 :List_push) gay shit
DEBUG: (src/list.c :87 :List_push) gay shit
DEBUG: (src/list.c :87 :List_push) gay shit
DEBUG: (src/list.c :87 :List_push) gay shit
DEBUG: (src/list.c :87 :List_push) gay shit
DEBUG: (src/list.c :87 :List_push) gay shit
DEBUG: (src/list.c :87 :List_push) gay shit
DEBUG: (src/list.c :87 :List_push) gay shit
DEBUG: (src/list.c :87 :List_push) gay shit
DEBUG: (src/list.c :87 :List_push) gay shit
DEBUG: (src/list.c :87 :List_push) gay shit
DEBUG: (src/list.c :87 :List_push) gay shit
DEBUG: (src/list.c :87 :List_push) gay shit
DEBUG: (src/list.c :87 :List_push) gay shit
DEBUG: (src/list.c :87 :List_push) gay shit
DEBUG: (src/list.c :87 :List_push) gay shit
DEBUG: (src/list.c :87 :List_push) gay shit
DEBUG: (src/list.c :87 :List_push) gay shit
DEBUG: (src/list.c :87 :List_push) gay shit
DEBUG: (src/list.c :87 :List_push) gay shit
DEBUG: (src/list.c :87 :List_push) gay shit
DEBUG: (src/list.c :87 :List_push) gay shit
DEBUG: (src/list.c :87 :List_push) gay shit
DEBUG: (src/list.c :87 :List_push) gay shit
DEBUG: (src/list.c :87 :List_push) gay shit
DEBUG: (src/list.c :87 :List_push) gay shit
DEBUG: (src/list.c :87 :List_push) gay shit
DEBUG: (src/list.c :87 :List_push) gay shit
DEBUG: (src/list.c :87 :List_push) gay shit
DEBUG: (src/list.c :87 :List_push) gay shit
DEBUG: (src/list.c :87 :List_push) gay shit
DEBUG: (src/list.c :87 :List_push) gay shit
DEBUG: (src/list.c :87 :List_push) gay shit
DEBUG: (src/list.c :87 :List_push) gay shit
DEBUG: (src/list.c :87 :List_push) gay shit
DEBUG: (src/list.c :87 :List_push) gay shit
DEBUG: (src/list.c :87 :List_push) gay shit
DEBUG: (src/list.c :87 :List_push) gay shit
DEBUG: (src/list.c :87 :List_push) gay shit
DEBUG: (src/list.c :87 :List_push) gay shit
DEBUG: (src/list.c :87 :List_push) gay shit
DEBUG: (src/list.c :87 :List_push) gay shit
DEBUG: (src/list.c :87 :List_push) gay shit
DEBUG: (src/list.c :87 :List_push) gay shit
DEBUG: (src/list.c :87 :List_push) gay shit
DEBUG: (src/list.c :87 :List_push) gay shit
DEBUG: (src/list.c :87 :List_push) gay shit
DEBUG: (src/list.c :87 :List_push) gay shit
DEBUG: (src/list.c :87 :List_push) gay shit
DEBUG: (src/list.c :87 :List_push) gay shit
DEBUG: (src/list.c :87 :List_push) gay shit
DEBUG: (src/list.c :87 :List_push) gay shit
DEBUG: (src/list.c :87 :List_push) gay shit
DEBUG: (src/list.c :87 :List_push) gay shit
DEBUG: (src/list.c :87 :List_push) gay shit
DEBUG: (src/list.c :87 :List_push) gay shit
DEBUG: (src/list.c :87 :List_push) gay shit
DEBUG: (src/list.c :87 :List_push) gay shit
DEBUG: (src/list.c :87 :List_push) gay shit
DEBUG: (src/list.c :87 :List_push) gay shit
DEBUG: (src/list.c :87 :List_push) gay shit
DEBUG: (src/list.c :87 :List_push) gay shit
DEBUG: (src/list.c :87 :List_push) gay shit
DEBUG: (src/list.c :87 :List_push) gay shit
DEBUG: (src/list.c :87 :List_push) gay shit
DEBUG: (src/list.c :87 :List_push) gay shit
DEBUG: (src/list.c :87 :List_push) gay shit
DEBUG: (src/list.c :87 :List_push) gay shit
DEBUG: (src/list.c :87 :List_push) gay shit
DEBUG: (src/list.c :87 :List_push) gay shit
DEBUG: (src/list.c :87 :List_push) gay shit
DEBUG: (src/list.c :87 :List_push) gay shit
DEBUG: (src/list.c :87 :List_push) gay shit
DEBUG: (src/list.c :87 :List_push) gay shit
DEBUG: (src/list.c :87 :List_push) gay shit
DEBUG: (src/list.c :87 :List_push) gay shit
DEBUG: (src/list.c :87 :List_push) gay shit
DEBUG: (src/list.c :87 :List_push) gay shit
DEBUG: (src/list.c :87 :List_push) gay shit
DEBUG: (src/list.c :87 :List_push) gay shit
DEBUG: (src/list.c :87 :List_push) gay shit
DEBUG: (src/list.c :87 :List_push) gay shit
DEBUG: (src/list.c :87 :List_push) gay shit
DEBUG: (src/list.c :87 :List_push) gay shit
DEBUG: (src/list.c :87 :List_push) gay shit
DEBUG: (src/list.c :87 :List_push) gay shit
DEBUG: (src/list.c :87 :List_push) gay shit
DEBUG: (src/list.c :87 :List_push) gay shit
DEBUG: (src/list.c :87 :List_push) gay shit
DEBUG: (src/list.c :87 :List_push) gay shit
DEBUG: (src/list.c :87 :List_push) gay shit
DEBUG: (src/list.c :87 :List_push) gay shit
DEBUG: (src/list.c :87 :List_push) gay shit
DEBUG: (src/list.c :87 :List_push) gay shit
DEBUG: (src/list.c :87 :List_push) gay shit
DEBUG: (src/list.c :87 :List_push) gay shit
DEBUG: (src/list.c :87 :List_push) gay shit
DEBUG: (src/list.c :87 :List_push) gay shit
DEBUG: (src/list.c :87 :List_push) gay shit
DEBUG: (src/list.c :87 :List_push) gay shit
DEBUG: (src/list.c :87 :List_push) gay shit
DEBUG: (src/list.c :87 :List_push) gay shit
DEBUG: (src/list.c :87 :List_push) gay shit
DEBUG: (src/list.c :87 :List_push) gay shit
DEBUG: (src/list.c :87 :List_push) gay shit
DEBUG: (src/list.c :87 :List_push) gay shit
DEBUG: (src/list.c :87 :List_push) gay shit
DEBUG: (src/list.c :87 :List_push) gay shit
DEBUG: (src/list.c :87 :List_push) gay shit
DEBUG: (src/list.c :87 :List_push) gay shit
DEBUG: (src/list.c :87 :List_push) gay shit
DEBUG: (src/list.c :87 :List_push) gay shit
DEBUG: (src/list.c :87 :List_push) gay shit
DEBUG: (src/list.c :87 :List_push) gay shit
DEBUG: (src/list.c :87 :List_push) gay shit
DEBUG: (src/list.c :87 :List_push) gay shit
DEBUG: (src/list.c :87 :List_push) gay shit
DEBUG: (src/list.c :87 :List_push) gay shit
DEBUG: (src/list.c :87 :List_push) gay shit
DEBUG: (src/list.c :87 :List_push) gay shit
DEBUG: (src/list.c :87 :List_push) gay shit
DEBUG: (src/list.c :87 :List_push) gay shit
DEBUG: (src/list.c :87 :List_push) gay shit
DEBUG: (src/list.c :87 :List_push) gay shit
DEBUG: (src/list.c :87 :List_push) gay shit
DEBUG: (src/list.c :87 :List_push) gay shit
DEBUG: (src/list.c :87 :List_push) gay shit
DEBUG: (src/list.c :87 :List_push) gay shit
DEBUG: (src/list.c :87 :List_push) gay shit
DEBUG: (src/list.c :87 :List_push) gay shit
DEBUG: (src/list.c :87 :List_push) gay shit
DEBUG: (src/list.c :87 :List_push) gay shit
DEBUG: (src/list.c :87 :List_push) gay shit
DEBUG: (src/list.c :87 :List_push) gay shit
DEBUG: (src/list.c :87 :List_push) gay shit
DEBUG: (src/list.c :87 :List_push) gay shit
DEBUG: (src/list.c :87 :List_push) gay shit
DEBUG: (src/list.c :87 :List_push) gay shit
DEBUG: (src/list.c :87 :List_push) gay shit
DEBUG: (src/list.c :87 :List_push) gay shit
DEBUG: (src/list.c :87 :List_push) gay shit
DEBUG: (src/list.c :87 :List_push) gay shit
DEBUG: (src/list.c :87 :List_push) gay shit
DEBUG: (src/list.c :87 :List_push) gay shit
DEBUG: (src/list.c :87 :List_push) gay shit
DEBUG: (src/list.c :87 :List_push) gay shit
DEBUG: (src/list.c :87 :List_push) gay shit
DEBUG: (src/list.c :87 :List_push) gay shit
DEBUG: (src/list.c :87 :List_push) gay shit
DEBUG: (src/list.c :87 :List_push) gay shit
DEBUG: (src/list.c :87 :List_push) gay shit
DEBUG: (src/list.c :87 :List_push) gay shit
DEBUG: (src/list.c :87 :List_push) gay shit
DEBUG: (src/list.c :87 :List_push) gay shit
DEBUG: (src/list.c :87 :List_push) gay shit
DEBUG: (src/list.c :87 :List_push) gay shit
DEBUG: (src/list.c :87 :List_push) gay shit
DEBUG: (src/list.c :87 :List_push) gay shit
DEBUG: (src/list.c :87 :List_push) gay shit
DEBUG: (src/list.c :87 :List_push) gay shit
DEBUG: (src/list.c :87 :List_push) gay shit
DEBUG: (src/list.c :87 :List_push) gay shit
DEBUG: (src/list.c :87 :List_push) gay shit
DEBUG: (src/list.c :87 :List_push) gay shit
DEBUG: (src/list.c :87 :List_push) gay shit
DEBUG: (src/list.c :87 :List_push) gay shit
DEBUG: (src/list.c :87 :List_push) gay shit
DEBUG: (src/list.c :87 :List_push) gay shit
DEBUG: (src/list.c :87 :List_push) gay shit
DEBUG: (src/list.c :87 :List_push) gay shit
DEBUG: (src/list.c :87 :List_push) gay shit
DEBUG: (src/list.c :87 :List_push) gay shit
DEBUG: (src/list.c :87 :List_push) gay shit
DEBUG: (src/list.c :87 :List_push) gay shit
DEBUG: (src/list.c :87 :List_push) gay shit
DEBUG: (src/list.c :87 :List_push) gay shit
DEBUG: (src/list.c :87 :List_push) gay shit
DEBUG: (src/list.c :87 :List_push) gay shit
DEBUG: (src/list.c :87 :List_push) gay shit
DEBUG: (src/list.c :87 :List_push) gay shit
DEBUG: (src/list.c :87 :List_push) gay shit
DEBUG: (src/list.c :87 :List_push) gay shit
DEBUG: (src/list.c :87 :List_push) gay shit
DEBUG: (src/list.c :87 :List_push) gay shit
DEBUG: (src/list.c :87 :List_push) gay shit
DEBUG: (src/list.c :87 :List_push) gay shit
DEBUG: (src/list.c :87 :List_push) gay shit
DEBUG: (src/list.c :87 :List_push) gay shit
DEBUG: (src/list.c :87 :List_push) gay shit
DEBUG: (src/list.c :87 :List_push) gay shit
DEBUG: (src/list.c :87 :List_push) gay shit
DEBUG: (src/list.c :87 :List_push) gay shit
DEBUG: (src/list.c :87 :List_push) gay shit
DEBUG: (src/list.c :87 :List_push) gay shit
DEBUG: (src/list.c :87 :List_push) gay shit
DEBUG: (src/list.c :87 :List_push) gay shit
DEBUG: (src/list.c :87 :List_push) gay shit
DEBUG: (src/list.c :87 :List_push) gay shit
DEBUG: (src/list.c :87 :List_push) gay shit
DEBUG: (src/list.c :87 :List_push) gay shit
DEBUG: (src/list.c :87 :List_push) gay shit
DEBUG: (src/list.c :87 :List_push) gay shit
DEBUG: (src/list.c :87 :List_push) gay shit
DEBUG: (src/list.c :87 :List_push) gay shit
DEBUG: (src/list.c :87 :List_push) gay shit
DEBUG: (src/list.c :87 :List_push) gay shit
DEBUG: (src/list.c :87 :List_push) gay shit
DEBUG: (src/list.c :87 :List_push) gay shit
DEBUG: (src/list.c :87 :List_push) gay shit
DEBUG: (src/list.c :87 :List_push) gay shit
DEBUG: (src/list.c :87 :List_push) gay shit
DEBUG: (src/list.c :87 :List_push) gay shit
DEBUG: (src/list.c :87 :List_push) gay shit
DEBUG: (src/list.c :87 :List_push) gay shit
DEBUG: (src/list.c :87 :List_push) gay shit
DEBUG: (src/list.c :87 :List_push) gay shit
DEBUG: (src/list.c :87 :List_push) gay shit
DEBUG: (src/list.c :87 :List_push) gay shit
DEBUG: (src/list.c :87 :List_push) gay shit
DEBUG: (src/list.c :87 :List_push) gay shit
DEBUG: (src/list.c :87 :List_push) gay shit
DEBUG: (src/list.c :87 :List_push) gay shit
DEBUG: (src/list.c :87 :List_push) gay shit
DEBUG: (src/list.c :87 :List_push) gay shit
DEBUG: (src/list.c :87 :List_push) gay shit
DEBUG: (src/list.c :87 :List_push) gay shit
DEBUG: (src/list.c :87 :List_push) gay shit
DEBUG: (src/list.c :87 :List_push) gay shit
DEBUG: (src/list.c :87 :List_push) gay shit
DEBUG: (src/list.c :87 :List_push) gay shit
DEBUG: (src/list.c :87 :List_push) gay shit
DEBUG: (src/list.c :87 :List_push) gay shit
DEBUG: (src/list.c :87 :List_push) gay shit
DEBUG: (src/list.c :87 :List_push) gay shit
DEBUG: (src/list.c :87 :List_push) gay shit
DEBUG: (src/list.c :87 :List_push) gay shit
DEBUG: (src/list.c :87 :List_push) gay shit
DEBUG: (src/list.c :87 :List_push) gay shit
DEBUG: (src/list.c :87 :List_push) gay shit
DEBUG: (src/list.c :87 :List_push) gay shit
DEBUG: (src/list.c :87 :List_push) gay shit
DEBUG: (src/list.c :87 :List_push) gay shit
DEBUG: (src/list.c :87 :List_push) gay shit
DEBUG: (src/list.c :87 :List_push) gay shit
DEBUG: (src/list.c :87 :List_push) gay shit
DEBUG: (src/list.c :87 :List_push) gay shit
DEBUG: (src/list.c :87 :List_push) gay shit
DEBUG: (src/list.c :87 :List_push) gay shit
DEBUG: (src/list.c :87 :List_push) gay shit
DEBUG: (src/list.c :87 :List_push) gay shit
DEBUG: (src/list.c :87 :List_push) gay shit
DEBUG: (src/list.c :87 :List_push) gay shit
DEBUG: (src/list.c :87 :List_push) gay shit
DEBUG: (src/list.c :87 :List_push) gay shit
DEBUG: (src/list.c :87 :List_push) gay shit
DEBUG: (src/list.c :87 :List_push) gay shit
DEBUG: (src/list.c :87 :List_push) gay shit
DEBUG: (src/list.c :87 :List_push) gay shit
DEBUG: (src/list.c :87 :List_push) gay shit
DEBUG: (src/list.c :87 :List_push) gay shit
DEBUG: (src/list.c :87 :List_push) gay shit
DEBUG: (src/list.c :87 :List_push) gay shit
DEBUG: (src/list.c :87 :List_push) gay shit
DEBUG: (src/list.c :87 :List_push) gay shit
DEBUG: (src/list.c :87 :List_push) gay shit
DEBUG: (src/list.c :87 :List_push) gay shit
DEBUG: (src/list.c :87 :List_push) gay shit
DEBUG: (src/list.c :87 :List_push) gay shit
DEBUG: (src/list.c :87 :List_push) gay shit
DEBUG: (src/list.c :87 :List_push) gay shit
DEBUG: (src/list.c :87 :List_push) gay shit
DEBUG: (src/list.c :87 :List_push) gay shit
DEBUG: (src/list.c :87 :List_push) gay shit
DEBUG: (src/list.c :87 :List_push) gay shit
DEBUG: (src/list.c :87 :List_push) gay shit
DEBUG: (src/list.c :87 :List_push) gay shit
DEBUG: (src/list.c :87 :List_push) gay shit
DEBUG: (src/list.c :87 :List_push) gay shit
DEBUG: (src/list.c :87 :List_push) gay shit
DEBUG: (src/list.c :87 :List_push) gay shit
DEBUG: (src/list.c :87 :List_push) gay shit
DEBUG: (src/list.c :87 :List_push) gay shit
DEBUG: (src/list.c :87 :List_push) gay shit
DEBUG: (src/list.c :87 :List_push) gay shit
DEBUG: (src/list.c :87 :List_push) gay shit
DEBUG: (src/list.c :87 :List_push) gay shit
DEBUG: (src/list.c :87 :List_push) gay shit
DEBUG: (src/list.c :87 :List_push) gay shit
DEBUG: (src/list.c :87 :List_push) gay shit
DEBUG: (src/list.c :87 :List_push) gay shit
DEBUG: (src/list.c :87 :List_push) gay shit
DEBUG: (src/list.c :87 :List_push) gay shit
DEBUG: (src/list.c :87 :List_push) gay shit
DEBUG: (src/list.c :87 :List_push) gay shit
DEBUG: (src/list.c :87 :List_push) gay shit
DEBUG: (src/list.c :87 :List_push) gay shit
DEBUG: (src/list.c :87 :List_push) gay shit
DEBUG: (src/list.c :87 :List_push) gay shit
DEBUG: (src/list.c :87 :List_push) gay shit
DEBUG: (src/list.c :87 :List_push) gay shit
DEBUG: (src/list.c :87 :List_push) gay shit
DEBUG: (src/list.c :87 :List_push) gay shit
DEBUG: (src/list.c :87 :List_push) gay shit
DEBUG: (src/list.c :87 :List_push) gay shit
DEBUG: (src/list.c :87 :List_push) gay shit
DEBUG: (src/list.c :87 :List_push) gay shit
DEBUG: (src/list.c :87 :List_push) gay shit
DEBUG: (src/list.c :87 :List_push) gay shit
DEBUG: (src/list.c :87 :List_push) gay shit
DEBUG: (src/list.c :87 :List_push) gay shit
DEBUG: (src/list.c :87 :List_push) gay shit
DEBUG: (src/list.c :87 :List_push) gay shit
DEBUG: (src/list.c :87 :List_push) gay shit
DEBUG: (src/list.c :87 :List_push) gay shit
DEBUG: (src/list.c :87 :List_push) gay shit
DEBUG: (src/list.c :87 :List_push) gay shit
DEBUG: (src/list.c :87 :List_push) gay shit
DEBUG: (src/list.c :87 :List_push) gay shit
DEBUG: (src/list.c :87 :List_push) gay shit
DEBUG: (src/list.c :87 :List_push) gay shit
DEBUG: (src/list.c :87 :List_push) gay shit
DEBUG: (src/list.c :87 :List_push) gay shit
DEBUG: (src/list.c :87 :List_push) gay shit
DEBUG: (src/list.c :87 :List_push) gay shit
DEBUG: (src/list.c :87 :List_push) gay shit
DEBUG: (src/list.c :87 :List_push) gay shit
DEBUG: (src/list.c :87 :List_push) gay shit
DEBUG: (src/list.c :87 :List_push) gay shit
DEBUG: (src/list.c :87 :List_push) gay shit
DEBUG: (src/list.c :87 :List_push) gay shit
DEBUG: (src/list.c :87 :List_push) gay shit
DEBUG: (src/list.c :87 :List_push) gay shit
DEBUG: (src/list.c :87 :List_push) gay shit
DEBUG: (src/list.c :87 :List_push) gay shit
DEBUG: (src/list.c :87 :List_push) gay shit
DEBUG: (src/list.c :87 :List_push) gay shit
DEBUG: (src/list.c :87 :List_push) gay shit
DEBUG: (src/list.c :87 :List_push) gay shit
DEBUG: (src/list.c :87 :List_push) gay shit
DEBUG: (src/list.c :87 :List_push) gay shit
DEBUG: (src/list.c :87 :List_push) gay shit
DEBUG: (src/list.c :87 :List_push) gay shit
DEBUG: (src/list.c :87 :List_push) gay shit
DEBUG: (src/list.c :87 :List_push) gay shit
DEBUG: (src/list.c :87 :List_push) gay shit
DEBUG: (src/list.c :87 :List_push) gay shit
DEBUG: (src/list.c :87 :List_push) gay shit
DEBUG: (src/list.c :87 :List_push) gay shit
DEBUG: (src/list.c :87 :List_push) gay shit
DEBUG: (src/list.c :87 :List_push) gay shit
DEBUG: (src/list.c :87 :List_push) gay shit
DEBUG: (src/list.c :87 :List_push) gay shit
DEBUG: (src/list.c :87 :List_push) gay shit
DEBUG: (src/list.c :87 :List_push) gay shit
DEBUG: (src/list.c :87 :List_push) gay shit
DEBUG: (src/list.c :87 :List_push) gay shit
DEBUG: (src/list.c :87 :List_push) gay shit
DEBUG: (src/list.c :87 :List_push) gay shit
DEBUG: (src/list.c :87 :List_push) gay shit
DEBUG: (src/list.c :87 :List_push) gay shit
DEBUG: (src/list.c :87 :List_push) gay shit
DEBUG: (src/list.c :87 :List_push) gay shit
DEBUG: (src/list.c :87 :List_push) gay shit
DEBUG: (src/list.c :87 :List_push) gay shit
DEBUG: (src/list.c :87 :List_push) gay shit
DEBUG: (src/list.c :87 :List_push) gay shit
DEBUG: (src/list.c :87 :List_push) gay shit
DEBUG: (src/list.c :87 :List_push) gay shit
DEBUG: (src/list.c :87 :List_push) gay shit
DEBUG: (src/list.c :87 :List_push) gay shit
DEBUG: (src/list.c :87 :List_push) gay shit
DEBUG: (src/list.c :87 :List_push) gay shit
DEBUG: (src/list.c :87 :List_push) gay shit
DEBUG: (src/list.c :87 :List_push) gay shit
DEBUG: (src/list.c :87 :List_push) gay shit
DEBUG: (src/list.c :87 :List_push) gay shit
DEBUG: (src/list.c :87 :List_push) gay shit
DEBUG: (src/list.c :87 :List_push) gay shit
DEBUG: (src/list.c :87 :List_push) gay shit
DEBUG: (src/list.c :87 :List_push) gay shit
DEBUG: (src/list.c :87 :List_push) gay shit
DEBUG: (src/list.c :87 :List_push) gay shit
DEBUG: (src/list.c :87 :List_push) gay shit
DEBUG: (src/list.c :87 :List_push) gay shit
DEBUG: (src/list.c :87 :List_push) gay shit
DEBUG: (src/list.c :87 :List_push) gay shit
DEBUG: (src/list.c :87 :List_push) gay shit
DEBUG: (src/list.c :87 :List_push) gay shit
DEBUG: (src/list.c :87 :List_push) gay shit
DEBUG: (src/list.c :87 :List_push) gay shit
DEBUG: (src/list.c :87 :List_push) gay shit
DEBUG: (src/list.c :87 :List_push) gay shit
DEBUG: (src/list.c :87 :List_push) gay shit
DEBUG: (src/list.c :87 :List_push) gay shit
DEBUG: (src/list.c :87 :List_push) gay shit
DEBUG: (src/list.c :87 :List_push) gay shit
DEBUG: (src/list.c :87 :List_push) gay shit
DEBUG: (src/list.c :87 :List_push) gay shit
DEBUG: (src/list.c :87 :List_push) gay shit
DEBUG: (src/list.c :87 :List_push) gay shit
DEBUG: (src/list.c :87 :List_push) gay shit
DEBUG: (src/list.c :87 :List_push) gay shit
DEBUG: (src/list.c :87 :List_push) gay shit
DEBUG: (src/list.c :87 :List_push) gay shit
DEBUG: (src/list.c :87 :List_push) gay shit
DEBUG: (src/list.c :87 :List_push) gay shit
DEBUG: (src/list.c :87 :List_push) gay shit
DEBUG: (src/list.c :87 :List_push) gay shit
DEBUG: (src/list.c :87 :List_push) gay shit
DEBUG: (src/list.c :87 :List_push) gay shit
DEBUG: (src/list.c :87 :List_push) gay shit
DEBUG: (src/list.c :87 :List_push) gay shit
DEBUG: (src/list.c :87 :List_push) gay shit
DEBUG: (src/list.c :87 :List_push) gay shit
DEBUG: (src/list.c :87 :List_push) gay shit
DEBUG: (src/list.c :87 :List_push) gay shit
DEBUG: (src/list.c :87 :List_push) gay shit
DEBUG: (src/list.c :87 :List_push) gay shit
DEBUG: (src/list.c :87 :List_push) gay shit
DEBUG: (src/list.c :87 :List_push) gay shit
DEBUG: (src/list.c :87 :List_push) gay shit
DEBUG: (src/list.c :87 :List_push) gay shit
DEBUG: (src/list.c :87 :List_push) gay shit
DEBUG: (src/list.c :87 :List_push) gay shit
DEBUG: (src/list.c :87 :List_push) gay shit
DEBUG: (src/list.c :87 :List_push) gay shit
DEBUG: (src/list.c :87 :List_push) gay shit
DEBUG: (src/list.c :87 :List_push) gay shit
DEBUG: (src/list.c :87 :List_push) gay shit
DEBUG: (src/list.c :87 :List_push) gay shit
DEBUG: (src/list.c :87 :List_push) gay shit
DEBUG: (src/list.c :87 :List_push) gay shit
DEBUG: (src/list.c :87 :List_push) gay shit
DEBUG: (src/list.c :87 :List_push) gay shit
DEBUG: (src/list.c :87 :List_push) gay shit
DEBUG: (src/list.c :87 :List_push) gay shit
DEBUG: (src/list.c :87 :List_push) gay shit
DEBUG: (src/list.c :87 :List_push) gay shit
DEBUG: (src/list.c :87 :List_push) gay shit
DEBUG: (src/list.c :87 :List_push) gay shit
DEBUG: (src/list.c :87 :List_push) gay shit
DEBUG: (src/list.c :87 :List_push) gay shit
DEBUG: (src/list.c :87 :List_push) gay shit
DEBUG: (src/list.c :87 :List_push) gay shit
DEBUG: (src/list.c :87 :List_push) gay shit
DEBUG: (src/list.c :87 :List_push) gay shit
DEBUG: (src/list.c :87 :List_push) gay shit
DEBUG: (src/list.c :87 :List_push) gay shit
DEBUG: (src/list.c :87 :List_push) gay shit
DEBUG: (src/list.c :87 :List_push) gay shit
DEBUG: (src/list.c :87 :List_push) gay shit
DEBUG: (src/list.c :87 :List_push) gay shit
DEBUG: (src/list.c :87 :List_push) gay shit
DEBUG: (src/list.c :87 :List_push) gay shit
DEBUG: (src/list.c :87 :List_push) gay shit
DEBUG: (src/list.c :87 :List_push) gay shit
DEBUG: (src/list.c :87 :List_push) gay shit
DEBUG: (src/list.c :87 :List_push) gay shit
DEBUG: (src/list.c :87 :List_push) gay shit
DEBUG: (src/list.c :87 :List_push) gay shit
DEBUG: (src/list.c :87 :List_push) gay shit
DEBUG: (src/list.c :87 :List_push) gay shit
DEBUG: (src/list.c :87 :List_push) gay shit
DEBUG: (src/list.c :87 :List_push) gay shit
DEBUG: (src/list.c :87 :List_push) gay shit
DEBUG: (src/list.c :87 :List_push) gay shit
DEBUG: (src/list.c :87 :List_push) gay shit
DEBUG: (src/list.c :87 :List_push) gay shit
DEBUG: (src/list.c :87 :List_push) gay shit
DEBUG: (src/list.c :87 :List_push) gay shit
DEBUG: (src/list.c :87 :List_push) gay shit
DEBUG: (src/list.c :87 :List_push) gay shit
DEBUG: (src/list.c :87 :List_push) gay shit
DEBUG: (src/list.c :87 :List_push) gay shit
DEBUG: (src/list.c :87 :List_push) gay shit
DEBUG: (src/list.c :87 :List_push) gay shit
DEBUG: (src/list.c :87 :List_push) gay shit
DEBUG: (src/list.c :87 :List_push) gay shit
DEBUG: (src/list.c :87 :List_push) gay shit
DEBUG: (src/list.c :87 :List_push) gay shit
DEBUG: (src/list.c :87 :List_push) gay shit
DEBUG: (src/list.c :87 :List_push) gay shit
DEBUG: (src/list.c :87 :List_push) gay shit
DEBUG: (src/list.c :87 :List_push) gay shit
DEBUG: (src/list.c :87 :List_push) gay shit
DEBUG: (src/list.c :87 :List_push) gay shit
DEBUG: (src/list.c :87 :List_push) gay shit
DEBUG: (src/list.c :87 :List_push) gay shit
DEBUG: (src/list.c :87 :List_push) gay shit
DEBUG: (src/list.c :87 :List_push) gay shit
DEBUG: (src/list.c :87 :List_push) gay shit
DEBUG: (src/list.c :87 :List_push) gay shit
DEBUG: (src/list.c :87 :List_push) gay shit
DEBUG: (src/list.c :87 :List_push) gay shit
DEBUG: (src/list.c :87 :List_push) gay shit
DEBUG: (src/list.c :87 :List_push) gay shit
DEBUG: (src/list.c :87 :List_push) gay shit
DEBUG: (src/list.c :87 :List_push) gay shit
DEBUG: (src/list.c :87 :List_push) gay shit
DEBUG: (src/list.c :87 :List_push) gay shit
DEBUG: (src/list.c :87 :List_push) gay shit
DEBUG: (src/list.c :87 :List_push) gay shit
DEBUG: (src/list.c :87 :List_push) gay shit
DEBUG: (src/list.c :87 :List_push) gay shit
DEBUG: (src/list.c :87 :List_push) gay shit
DEBUG: (src/list.c :87 :List_push) gay shit
DEBUG: (src/list.c :87 :List_push) gay shit
DEBUG: (src/list.c :87 :List_push) gay shit
DEBUG: (src/list.c :87 :List_push) gay shit
DEBUG: (src/list.c :87 :List_push) gay shit
DEBUG: (src/list.c :87 :List_push) gay shit
DEBUG: (src/list.c :87 :List_push) gay shit
DEBUG: (src/list.c :87 :List_push) gay shit
DEBUG: (src/list.c :87 :List_push) gay shit
DEBUG: (src/list.c :87 :List_push) gay shit
DEBUG: (src/list.c :87 :List_push) gay shit
DEBUG: (src/list.c :87 :List_push) gay shit
DEBUG: (src/list.c :87 :List_push) gay shit
DEBUG: (src/list.c :87 :List_push) gay shit
DEBUG: (src/list.c :87 :List_push) gay shit
DEBUG: (src/list.c :87 :List_push) gay shit
DEBUG: (src/list.c :87 :List_push) gay shit
DEBUG: (src/list.c :87 :List_push) gay shit
DEBUG: (src/list.c :87 :List_push) gay shit
DEBUG: (src/list.c :87 :List_push) gay shit
DEBUG: (src/list.c :87 :List_push) gay shit
DEBUG: (src/list.c :87 :List_push) gay shit
DEBUG: (src/list.c :87 :List_push) gay shit
DEBUG: (src/list.c :87 :List_push) gay shit
DEBUG: (src/list.c :87 :List_push) gay shit
DEBUG: (src/list.c :87 :List_push) gay shit
DEBUG: (src/list.c :87 :List_push) gay shit
DEBUG: (src/list.c :87 :List_push) gay shit
DEBUG: (src/list.c :87 :List_push) gay shit
DEBUG: (src/list.c :87 :List_push) gay shit
DEBUG: (src/list.c :87 :List_push) gay shit
DEBUG: (src/list.c :87 :List_push) gay shit
DEBUG: (src/list.c :87 :List_push) gay shit
DEBUG: (src/list.c :87 :List_push) gay shit
DEBUG: (src/list.c :87 :List_push) gay shit
DEBUG: (src/list.c :87 :List_push) gay shit
DEBUG: (src/list.c :87 :List_push) gay shit
DEBUG: (src/list.c :87 :List_push) gay shit
DEBUG: (src/list.c :87 :List_push) gay shit
DEBUG: (src/list.c :87 :List_push) gay shit
DEBUG: (src/list.c :87 :List_push) gay shit
DEBUG: (src/list.c :87 :List_push) gay shit
DEBUG: (src/list.c :87 :List_push) gay shit
DEBUG: (src/list.c :87 :List_push) gay shit
DEBUG: (src/list.c :87 :List_push) gay shit
DEBUG: (src/list.c :87 :List_push) gay shit
DEBUG: (src/list.c :87 :List_push) gay shit
DEBUG: (src/list.c :87 :List_push) gay shit
DEBUG: (src/list.c :87 :List_push) gay shit
DEBUG: (src/list.c :87 :List_push) gay shit
DEBUG: (src/list.c :87 :List_push) gay shit
DEBUG: (src/list.c :87 :List_push) gay shit
DEBUG: (src/list.c :87 :List_push) gay shit
DEBUG: (src/list.c :87 :List_push) gay shit
DEBUG: (src/list.c :87 :List_push) gay shit
DEBUG: (src/list.c :87 :List_push) gay shit
DEBUG: (src/list.c :87 :List_push) gay shit
DEBUG: (src/list.c :87 :List_push) gay shit
DEBUG: (src/list.c :87 :List_push) gay shit
DEBUG: (src/list.c :87 :List_push) gay shit
DEBUG: (src/list.c :87 :List_push) gay shit
DEBUG: (src/list.c :87 :List_push) gay shit
DEBUG: (src/list.c :87 :List_push) gay shit
DEBUG: (src/list.c :87 :List_push) gay shit
DEBUG: (src/list.c :87 :List_push) gay shit
DEBUG: (src/list.c :87 :List_push) gay shit
DEBUG: (src/list.c :87 :List_push) gay shit
DEBUG: (src/list.c :87 :List_push) gay shit
DEBUG: (src/list.c :87 :List_push) gay shit
DEBUG: (src/list.c :87 :List_push) gay shit
DEBUG: (src/list.c :87 :List_push) gay shit
DEBUG: (src/list.c :87 :List_push) gay shit
DEBUG: (src/list.c :87 :List_push) gay shit
DEBUG: (src/list.c :87 :List_push) gay shit
DEBUG: (src/list.c :87 :List_push) gay shit
DEBUG: (src/list.c :87 :List_push) gay shit
DEBUG: (src/list.c :87 :List_push) gay shit
DEBUG: (src/list.c :87 :List_push) gay shit
DEBUG: (src/list.c :87 :List_push) gay shit
DEBUG: (src/list.c :87 :List_push) gay shit
DEBUG: (src/list.c :87 :List_push) gay shit
DEBUG: (src/list.c :87 :List_push) gay shit
DEBUG: (src/list.c :87 :List_push) gay shit
DEBUG: (src/list.c :87 :List_push) gay shit
DEBUG: (src/list.c :87 :List_push) gay shit
DEBUG: (src/list.c :87 :List_push) gay shit
DEBUG: (src/list.c :87 :List_push) gay shit
DEBUG: (src/list.c :87 :List_push) gay shit
DEBUG: (src/list.c :87 :List_push) gay shit
DEBUG: (src/list.c :87 :List_push) gay shit
DEBUG: (src/list.c :87 :List_push) gay shit
DEBUG: (src/list.c :87 :List_push) gay shit
DEBUG: (src/list.c :87 :List_push) gay shit
DEBUG: (src/list.c :87 :List_push) gay shit
DEBUG: (src/list.c :87 :List_push) gay shit
DEBUG: (src/list.c :87 :List_push) gay shit
DEBUG: (src/list.c :87 :List_push) gay shit
DEBUG: (src/list.c :87 :List_push) gay shit
DEBUG: (src/list.c :87 :List_push) gay shit
DEBUG: (src/list.c :87 :List_push) gay shit
DEBUG: (src/list.c :87 :List_push) gay shit
DEBUG: (src/list.c :87 :List_push) gay shit
DEBUG: (src/list.c :87 :List_push) gay shit
DEBUG: (src/list.c :87 :List_push) gay shit
DEBUG: (src/list.c :87 :List_push) gay shit
DEBUG: (src/list.c :87 :List_push) gay shit
DEBUG: (src/list.c :87 :List_push) gay shit
DEBUG: (src/list.c :87 :List_push) gay shit
DEBUG: (src/list.c :87 :List_push) gay shit
DEBUG: (src/list.c :87 :List_push) gay shit
DEBUG: (src/list.c :87 :List_push) gay shit
DEBUG: (src/list.c :87 :List_push) gay shit
DEBUG: (src/list.c :87 :List_push) gay shit
DEBUG: (src/list.c :87 :List_push) gay shit
DEBUG: (src/list.c :87 :List_push) gay shit
DEBUG: (src/list.c :87 :List_push) gay shit
DEBUG: (src/list.c :87 :List_push) gay shit
DEBUG: (src/list.c :87 :List_push) gay shit
DEBUG: (src/list.c :87 :List_push) gay shit
DEBUG: (src/list.c :87 :List_push) gay shit
DEBUG: (src/list.c :87 :List_push) gay shit
DEBUG: (src/list.c :87 :List_push) gay shit
DEBUG: (src/list.c :87 :List_push) gay shit
DEBUG: (src/list.c :87 :List_push) gay shit
DEBUG: (src/list.c :87 :List_push) gay shit
DEBUG: (src/list.c :87 :List_push) gay shit
DEBUG: (src/list.c :87 :List_push) gay shit
DEBUG: (src/list.c :87 :List_push) gay shit
DEBUG: (src/list.c :87 :List_push) gay shit
DEBUG: (src/list.c :87 :List_push) gay shit
DEBUG: (src/list.c :87 :List_push) gay shit
DEBUG: (src/list.c :87 :List_push) gay shit
DEBUG: (src/list.c :87 :List_push) gay shit
DEBUG: (src/list.c :87 :List_push) gay shit
DEBUG: (src/list.c :87 :List_push) gay shit
DEBUG: (src/list.c :87 :List_push) gay shit
DEBUG: (src/list.c :87 :List_push) gay shit
DEBUG: (src/list.c :87 :List_push) gay shit
DEBUG: (src/list.c :87 :List_push) gay shit
DEBUG: (src/list.c :87 :List_push) gay shit
DEBUG: (src/list.c :87 :List_push) gay shit
DEBUG: (src/list.c :87 :List_push) gay shit
DEBUG: (src/list.c :87 :List_push) gay shit
DEBUG: (src/list.c :87 :List_push) gay shit
DEBUG: (src/list.c :87 :List_push) gay shit
DEBUG: (src/list.c :87 :List_push) gay shit
DEBUG: (src/list.c :87 :List_push) gay shit
DEBUG: (src/list.c :87 :List_push) gay shit
DEBUG: (src/list.c :87 :List_push) gay shit
DEBUG: (src/list.c :87 :List_push) gay shit
DEBUG: (src/list.c :87 :List_push) gay shit
DEBUG: (src/list.c :87 :List_push) gay shit
DEBUG: (src/list.c :87 :List_push) gay shit
DEBUG: (src/list.c :87 :List_push) gay shit
DEBUG: (src/list.c :87 :List_push) gay shit
DEBUG: (src/list.c :87 :List_push) gay shit
DEBUG: (src/list.c :87 :List_push) gay shit
DEBUG: (src/list.c :87 :List_push) gay shit
DEBUG: (src/list.c :87 :List_push) gay shit
DEBUG: (src/list.c :87 :List_push) gay shit
DEBUG: (src/list.c :87 :List_push) gay shit
DEBUG: (src/list.c :87 :List_push) gay shit
DEBUG: (src/list.c :87 :List_push) gay shit
DEBUG: (src/list.c :87 :List_push) gay shit
DEBUG: (src/list.c :87 :List_push) gay shit
DEBUG: (src/list.c :87 :List_push) gay shit
DEBUG: (src/list.c :87 :List_push) gay shit
DEBUG: (src/list.c :87 :List_push) gay shit
DEBUG: (src/list.c :87 :List_push) gay shit
DEBUG: (src/list.c :87 :List_push) gay shit
DEBUG: (src/list.c :87 :List_push) gay shit
DEBUG: (src/list.c :87 :List_push) gay shit
DEBUG: (src/list.c :87 :List_push) gay shit
DEBUG: (src/list.c :87 :List_push) gay shit
DEBUG: (src/list.c :87 :List_push) gay shit
DEBUG: (src/list.c :87 :List_push) gay shit
DEBUG: (src/list.c :87 :List_push) gay shit
DEBUG: (src/list.c :87 :List_push) gay shit
DEBUG: (src/list.c :87 :List_push) gay shit
DEBUG: (src/list.c :87 :List_push) gay shit
DEBUG: (src/list.c :87 :List_push) gay shit
DEBUG: (src/list.c :87 :List_push) gay shit
DEBUG: (src/list.c :87 :List_push) gay shit
DEBUG: (src/list.c :87 :List_push) gay shit
DEBUG: (src/list.c :87 :List_push) gay shit
DEBUG: (src/list.c :87 :List_push) gay shit
DEBUG: (src/list.c :87 :List_push) gay shit
DEBUG: (src/list.c :87 :List_push) gay shit
DEBUG: (src/list.c :87 :List_push) gay shit
DEBUG: (src/list.c :87 :List_push) gay shit
DEBUG: (src/list.c :87 :List_push) gay shit
DEBUG: (src/list.c :87 :List_push) gay shit
DEBUG: (src/list.c :87 :List_push) gay shit
DEBUG: (src/list.c :87 :List_push) gay shit
DEBUG: (src/list.c :87 :List_push) gay shit
DEBUG: (src/list.c :87 :List_push) gay shit
DEBUG: (src/list.c :87 :List_push) gay shit
DEBUG: (src/list.c :87 :List_push) gay shit
DEBUG: (src/list.c :87 :List_push) gay shit
DEBUG: (src/list.c :87 :List_push) gay shit
DEBUG: (src/list.c :87 :List_push) gay shit
DEBUG: (src/list.c :87 :List_push) gay shit
DEBUG: (src/list.c :87 :List_push) gay shit
DEBUG: (src/list.c :87 :List_push) gay shit
DEBUG: (src/list.c :87 :List_push) gay shit
DEBUG: (src/list.c :87 :List_push) gay shit
DEBUG: (src/list.c :87 :List_push) gay shit
DEBUG: (src/list.c :87 :List_push) gay shit
DEBUG: (src/list.c :87 :List_push) gay shit
DEBUG: (src/list.c :87 :List_push) gay shit
DEBUG: (src/list.c :87 :List_push) gay shit
DEBUG: (src/list.c :87 :List_push) gay shit
DEBUG: (src/list.c :87 :List_push) gay shit
DEBUG: (src/list.c :87 :List_push) gay shit
DEBUG: (src/list.c :87 :List_push) gay shit
DEBUG: (src/list.c :87 :List_push) gay shit
DEBUG: (src/list.c :87 :List_push) gay shit
DEBUG: (src/list.c :87 :List_push) gay shit
DEBUG: (src/list.c :87 :List_push) gay shit
DEBUG: (src/list.c :87 :List_push) gay shit
DEBUG: (src/list.c :87 :List_push) gay shit
DEBUG: (src/list.c :87 :List_push) gay shit
DEBUG: (src/list.c :87 :List_push) gay shit
DEBUG: (src/list.c :87 :List_push) gay shit
DEBUG: (src/list.c :87 :List_push) gay shit
DEBUG: (src/list.c :87 :List_push) gay shit
DEBUG: (src/list.c :87 :List_push) gay shit
DEBUG: (src/list.c :87 :List_push) gay shit
DEBUG: (src/list.c :87 :List_push) gay shit
DEBUG: (src/list.c :87 :List_push) gay shit
DEBUG: (src/list.c :87 :List_push) gay shit
DEBUG: (src/list.c :87 :List_push) gay shit
DEBUG: (src/list.c :87 :List_push) gay shit
DEBUG: (src/list.c :87 :List_push) gay shit
DEBUG: (src/list.c :87 :List_push) gay shit
DEBUG: (src/list.c :87 :List_push) gay shit
DEBUG: (src/list.c :87 :List_push) gay shit
DEBUG: (src/list.c :87 :List_push) gay shit
DEBUG: (src/list.c :87 :List_push) gay shit
DEBUG: (src/list.c :87 :List_push) gay shit
DEBUG: (src/list.c :87 :List_push) gay shit
DEBUG: (src/list.c :87 :List_push) gay shit
DEBUG: (src/list.c :87 :List_push) gay shit
DEBUG: (src/list.c :87 :List_push) gay shit
DEBUG: (src/list.c :87 :List_push) gay shit
DEBUG: (src/list.c :87 :List_push) gay shit
DEBUG: (src/list.c :87 :List_push) gay shit
DEBUG: (src/list.c :87 :List_push) gay shit
DEBUG: (src/list.c :87 :List_push) gay shit
DEBUG: (src/list.c :87 :List_push) gay shit
DEBUG: (src/list.c :87 :List_push) gay shit
DEBUG: (src/list.c :87 :List_push) gay shit
DEBUG: (src/list.c :87 :List_push) gay shit
DEBUG: (src/list.c :87 :List_push) gay shit
DEBUG: (src/list.c :87 :List_push) gay shit
DEBUG: (src/list.c :87 :List_push) gay shit
DEBUG: (src/list.c :87 :List_push) gay shit
DEBUG: (src/list.c :87 :List_push) gay shit
DEBUG: (src/list.c :87 :List_push) gay shit
DEBUG: (src/list.c :87 :List_push) gay shit
DEBUG: (src/list.c :87 :List_push) gay shit
DEBUG: (src/list.c :87 :List_push) gay shit
DEBUG: (src/list.c :87 :List_push) gay shit
DEBUG: (src/list.c :87 :List_push) gay shit
DEBUG: (src/list.c :87 :List_push) gay shit
DEBUG: (src/list.c :87 :List_push) gay shit
DEBUG: (src/list.c :87 :List_push) gay shit
DEBUG: (src/list.c :87 :List_push) gay shit
DEBUG: (src/list.c :87 :List_push) gay shit
DEBUG: (src/list.c :87 :List_push) gay shit
DEBUG: (src/list.c :87 :List_push) gay shit
DEBUG: (src/list.c :87 :List_push) gay shit
DEBUG: (src/list.c :87 :List_push) gay shit
DEBUG: (src/list.c :87 :List_push) gay shit
DEBUG: (src/list.c :87 :List_push) gay shit
DEBUG: (src/list.c :87 :List_push) gay shit
DEBUG: (src/list.c :87 :List_push) gay shit
DEBUG: (src/list.c :87 :List_push) gay shit
DEBUG: (src/list.c :87 :List_push) gay shit
DEBUG: (src/list.c :87 :List_push) gay shit
DEBUG: (src/list.c :87 :List_push) gay shit
DEBUG: (src/list.c :87 :List_push) gay shit
DEBUG: (src/list.c :87 :List_push) gay shit
DEBUG: (src/list.c :87 :List_push) gay shit
DEBUG: (src/list.c :87 :List_push) gay shit
DEBUG: (src/list.c :87 :List_push) gay shit
DEBUG: (src/list.c :87 :List_push) gay shit
DEBUG: (src/list.c :87 :List_push) gay shit
DEBUG: (src/list.c :87 :List_push) gay shit
DEBUG: (src/list.c :87 :List_push) gay shit
DEBUG: (src/list.c :87 :List_push) gay shit
DEBUG: (src/list.c :87 :List_push) gay shit
DEBUG: (src/list.c :87 :List_push) gay shit
DEBUG: (src/list.c :87 :List_push) gay shit
DEBUG: (src/list.c :87 :List_push) gay shit
DEBUG: (src/list.c :87 :List_push) gay shit
DEBUG: (src/list.c :87 :List_push) gay shit
DEBUG: (src/list.c :87 :List_push) gay shit
DEBUG: (src/list.c :87 :List_push) gay shit
DEBUG: (src/list.c :87 :List_push) gay shit
DEBUG: (src/list.c :87 :List_push) gay shit
DEBUG: (src/list.c :87 :List_push) gay shit
DEBUG: (src/list.c :87 :List_push) gay shit
DEBUG: (src/list.c :87 :List_push) gay shit
DEBUG: (src/list.c :87 :List_push) gay shit
DEBUG: (src/list.c :87 :List_push) gay shit
DEBUG: (src/list.c :87 :List_push) gay shit
DEBUG: (src/list.c :87 :List_push) gay shit
DEBUG: (src/list.c :87 :List_push) gay shit
DEBUG: (src/list.c :87 :List_push) gay shit
DEBUG: (src/list.c :87 :List_push) gay shit
DEBUG: (src/list.c :87 :List_push) gay shit
DEBUG: (src/list.c :87 :List_push) gay shit
DEBUG: (src/list.c :87 :List_push) gay shit
DEBUG: (src/list.c :87 :List_push) gay shit
DEBUG: (src/list.c :87 :List_push) gay shit
DEBUG: (src/list.c :87 :List_push) gay shit
DEBUG: (src/list.c :87 :List_push) gay shit
DEBUG: (src/list.c :87 :List_push) gay shit
DEBUG: (src/list.c :87 :List_push) gay shit
DEBUG: (src/list.c :87 :List_push) gay shit
DEBUG: (src/list.c :87 :List_push) gay shit
DEBUG: (src/list.c :87 :List_push) gay shit
DEBUG: (src/list.c :87 :List_push) gay shit
DEBUG: (src/list.c :87 :List_push) gay shit
DEBUG: (src/list.c :87 :List_push) gay shit
DEBUG: (src/list.c :87 :List_push) gay shit
DEBUG: (src/list.c :87 :List_push) gay shit
DEBUG: (src/list.c :87 :List_push) gay shit
DEBUG: (src/list.c :87 :List_push) gay shit
DEBUG: (src/list.c :87 :List_push) gay shit
DEBUG: (src/list.c :87 :List_push) gay shit
DEBUG: (src/list.c :87 :List_push) gay shit
DEBUG: (src/list.c :87 :List_push) gay shit
DEBUG: (src/list.c :87 :List_push) gay shit
DEBUG: (src/list.c :87 :List_push) gay shit
DEBUG: (src/list.c :87 :List_push) gay shit
DEBUG: (src/list.c :87 :List_push) gay shit
DEBUG: (src/list.c :87 :List_push) gay shit
DEBUG: (src/list.c :87 :List_push) gay shit
DEBUG: (src/list.c :87 :List_push) gay shit
DEBUG: (src/list.c :87 :List_push) gay shit
DEBUG: (src/list.c :87 :List_push) gay shit
DEBUG: (src/list.c :87 :List_push) gay shit
DEBUG: (src/list.c :87 :List_push) gay shit
DEBUG: (src/list.c :87 :List_push) gay shit
DEBUG: (src/list.c :87 :List_push) gay shit
DEBUG: (src/list.c :87 :List_push) gay shit
DEBUG: (src/list.c :87 :List_push) gay shit
DEBUG: (src/list.c :87 :List_push) gay shit
DEBUG: (src/list.c :87 :List_push) gay shit
DEBUG: (src/list.c :87 :List_push) gay shit
DEBUG: (src/list.c :87 :List_push) gay shit
DEBUG: (src/list.c :87 :List_push) gay shit
DEBUG: (src/list.c :87 :List_push) gay shit
DEBUG: (src/list.c :87 :List_push) gay shit
DEBUG: (src/list.c :87 :List_push) gay shit
DEBUG: (src/list.c :87 :List_push) gay shit
DEBUG: (src/list.c :87 :List_push) gay shit
DEBUG: (src/list.c :87 :List_push) gay shit
DEBUG: (src/list.c :87 :List_push) gay shit
DEBUG: (src/list.c :87 :List_push) gay shit
DEBUG: (src/list.c :87 :List_push) gay shit
DEBUG: (src/list.c :87 :List_push) gay shit
DEBUG: (src/list.c :87 :List_push) gay shit
DEBUG: (src/list.c :87 :List_push) gay shit
DEBUG: (src/list.c :87 :List_push) gay shit
DEBUG: (src/list.c :87 :List_push) gay shit
DEBUG: (src/list.c :87 :List_push) gay shit
DEBUG: (src/list.c :87 :List_push) gay shit
DEBUG: (src/list.c :87 :List_push) gay shit
DEBUG: (src/list.c :87 :List_push) gay shit
DEBUG: (src/list.c :87 :List_push) gay shit
DEBUG: (src/list.c :87 :List_push) gay shit
DEBUG: (src/list.c :87 :List_push) gay shit
DEBUG: (src/list.c :87 :List_push) gay shit
DEBUG: (src/list.c :87 :List_push) gay shit
DEBUG: (src/list.c :87 :List_push) gay shit
DEBUG: (src/list.c :87 :List_push) gay shit
DEBUG: (src/list.c :87 :List_push) gay shit
DEBUG: (src/list.c :87 :List_push) gay shit
DEBUG: (src/list.c :87 :List_push) gay shit
DEBUG: (src/list.c :87 :List_push) gay shit
DEBUG: (src/list.c :87 :List_push) gay shit
DEBUG: (src/list.c :87 :List_push) gay shit
DEBUG: (src/list.c :87 :List_push) gay shit
DEBUG: (src/list.c :87 :List_push) gay shit
DEBUG: (src/list.c :87 :List_push) gay shit
DEBUG: (src/list.c :87 :List_push) gay shit
DEBUG: (src/list.c :87 :List_push) gay shit
DEBUG: (src/list.c :87 :List_push) gay shit
DEBUG: (src/list.c :87 :List_push) gay shit
DEBUG: (src/list.c :87 :List_push) gay shit
DEBUG: (src/list.c :87 :List_push) gay shit
DEBUG: (src/list.c :87 :List_push) gay shit
DEBUG: (src/list.c :87 :List_push) gay shit
DEBUG: (src/list.c :87 :List_push) gay shit
DEBUG: (src/list.c :87 :List_push) gay shit
DEBUG: (src/list.c :87 :List_push) gay shit
DEBUG: (src/list.c :87 :List_push) gay shit
DEBUG: (src/list.c :87 :List_push) gay shit
DEBUG: (src/list.c :87 :List_push) gay shit
DEBUG: (src/list.c :87 :List_push) gay shit
DEBUG: (src/list.c :87 :List_push) gay shit
DEBUG: (src/list.c :87 :List_push) gay shit
DEBUG: (src/list.c :87 :List_push) gay shit
DEBUG: (src/list.c :87 :List_push) gay shit
DEBUG: (src/list.c :87 :List_push) gay shit
DEBUG: (src/list.c :87 :List_push) gay shit
DEBUG: (src/list.c :87 :List_push) gay shit
DEBUG: (src/list.c :87 :List_push) gay shit
DEBUG: (src/list.c :87 :List_push) gay shit
DEBUG: (src/list.c :87 :List_push) gay shit
DEBUG: (src/list.c :87 :List_push) gay shit
DEBUG: (src/list.c :87 :List_push) gay shit
DEBUG: (src/list.c :87 :List_push) gay shit
DEBUG: (src/list.c :87 :List_push) gay shit
DEBUG: (src/list.c :87 :List_push) gay shit
DEBUG: (src/list.c :87 :List_push) gay shit
DEBUG: (src/list.c :87 :List_push) gay shit
DEBUG: (src/list.c :87 :List_push) gay shit
DEBUG: (src/list.c :87 :List_push) gay shit
DEBUG: (src/list.c :87 :List_push) gay shit
DEBUG: (src/list.c :87 :List_push) gay shit
DEBUG: (src/list.c :87 :List_push) gay shit
DEBUG: (src/list.c :87 :List_push) gay shit
DEBUG: (src/list.c :87 :List_push) gay shit
DEBUG: (src/list.c :87 :List_push) gay shit
DEBUG: (src/list.c :87 :List_push) gay shit
DEBUG: (src/list.c :87 :List_push) gay shit
DEBUG: (src/list.c :87 :List_push) gay shit
DEBUG: (src/list.c :87 :List_push) gay shit
DEBUG: (src/list.c :87 :List_push) gay shit
DEBUG: (src/list.c :87 :List_push) gay shit
DEBUG: (src/list.c :87 :List_push) gay shit
DEBUG: (src/list.c :87 :List_push) gay shit
DEBUG: (src/list.c :87 :List_push) gay shit
DEBUG: (src/list.c :87 :List_push) gay shit
DEBUG: (src/list.c :87 :List_push) gay shit
DEBUG: (src/list.c :87 :List_push) gay shit
DEBUG: (src/list.c :87 :List_push) gay shit
DEBUG: (src/list.c :87 :List_push) gay shit
DEBUG: (src/list.c :87 :List_push) gay shit
DEBUG: (src/list.c :87 :List_push) gay shit
DEBUG: (src/list.c :87 :List_push) gay shit
DEBUG: (src/list.c :87 :List_push) gay shit
DEBUG: (src/list.c :87 :List_push) gay shit
DEBUG: (src/list.c :87 :List_push) gay shit
DEBUG: (src/list.c :87 :List_push) gay shit
DEBUG: (src/list.c :87 :List_push) gay shit
DEBUG: (src/list.c :87 :List_push) gay shit
DEBUG: (src/list.c :87 :List_push) gay shit
DEBUG: (src/list.c :87 :List_push) gay shit
DEBUG: (src/list.c :87 :List_push) gay shit
DEBUG: (src/list.c :87 :List_push) gay shit
DEBUG: (src/list.c :87 :List_push) gay shit
DEBUG: (src/list.c :87 :List_push) gay shit
DEBUG: (src/list.c :87 :List_push) gay shit
DEBUG: (src/list.c :87 :List_push) gay shit
DEBUG: (src/list.c :87 :List_push) gay shit
DEBUG: (src/list.c :87 :List_push) gay shit
DEBUG: (src/list.c :87 :List_push) gay shit
DEBUG: (src/list.c :87 :List_push) gay shit
DEBUG: (src/list.c :87 :List_push) gay shit
DEBUG: (src/list.c :87 :List_push) gay shit
DEBUG: (src/list.c :87 :List_push) gay shit
DEBUG: (src/list.c :87 :List_push) gay shit
DEBUG: (src/list.c :87 :List_push) gay shit
DEBUG: (src/list.c :87 :List_push) gay shit
DEBUG: (src/list.c :87 :List_push) gay shit
DEBUG: (src/list.c :87 :List_push) gay shit
DEBUG: (src/list.c :87 :List_push) gay shit
DEBUG: (src/list.c :87 :List_push) gay shit
DEBUG: (src/list.c :87 :List_push) gay shit
DEBUG: (src/list.c :87 :List_push) gay shit
DEBUG: (src/list.c :87 :List_push) gay shit
DEBUG: (src/list.c :87 :List_push) gay shit
DEBUG: (src/list.c :87 :List_push) gay shit
DEBUG: (src/list.c :87 :List_push) gay shit
DEBUG: (src/list.c :87 :List_push) gay shit
DEBUG: (src/list.c :87 :List_push) gay shit
DEBUG: (src/list.c :87 :List_push) gay shit
DEBUG: (src/list.c :87 :List_push) gay shit
DEBUG: (src/list.c :87 :List_push) gay shit
DEBUG: (src/list.c :87 :List_push) gay shit
DEBUG: (src/list.c :87 :List_push) gay shit
DEBUG: (src/list.c :87 :List_push) gay shit
DEBUG: (src/list.c :87 :List_push) gay shit
DEBUG: (src/list.c :87 :List_push) gay shit
DEBUG: (src/list.c :87 :List_push) gay shit
DEBUG: (src/list.c :87 :List_push) gay shit
DEBUG: (src/list.c :87 :List_push) gay shit
DEBUG: (src/list.c :87 :List_push) gay shit
DEBUG: (src/list.c :87 :List_push) gay shit
DEBUG: (src/list.c :87 :List_push) gay shit
DEBUG: (src/list.c :87 :List_push) gay shit
DEBUG: (src/list.c :87 :List_push) gay shit
DEBUG: (src/list.c :87 :List_push) gay shit
DEBUG: (src/list.c :87 :List_push) gay shit
DEBUG: (src/list.c :87 :List_push) gay shit
DEBUG: (src/list.c :87 :List_push) gay shit
DEBUG: (src/list.c :87 :List_push) gay shit
DEBUG: (src/list.c :87 :List_push) gay shit
DEBUG: (src/list.c :87 :List_push) gay shit
DEBUG: (src/list.c :87 :List_push) gay shit
DEBUG: (src/list.c :87 :List_push) gay shit
DEBUG: (src/list.c :87 :List_push) gay shit
DEBUG: (src/list.c :87 :List_push) gay shit
DEBUG: (src/list.c :87 :List_push) gay shit
DEBUG: (src/list.c :87 :List_push) gay shit
DEBUG: (src/list.c :87 :List_push) gay shit
DEBUG: (src/list.c :87 :List_push) gay shit
DEBUG: (src/list.c :87 :List_push) gay shit
DEBUG: (src/list.c :87 :List_push) gay shit
DEBUG: (src/list.c :87 :List_push) gay shit
DEBUG: (src/list.c :87 :List_push) gay shit
DEBUG: (src/list.c :87 :List_push) gay shit
DEBUG: (src/list.c :87 :List_push) gay shit
DEBUG: (src/list.c :87 :List_push) gay shit
DEBUG: (src/list.c :87 :List_push) gay shit
DEBUG: (src/list.c :87 :List_push) gay shit
DEBUG: (src/list.c :87 :List_push) gay shit
DEBUG: (src/list.c :87 :List_push) gay shit
DEBUG: (src/list.c :87 :List_push) gay shit
DEBUG: (src/list.c :87 :List_push) gay shit
DEBUG: (src/list.c :87 :List_push) gay shit
DEBUG: (src/list.c :87 :List_push) gay shit
DEBUG: (src/list.c :87 :List_push) gay shit
DEBUG: (src/list.c :87 :List_push) gay shit
DEBUG: (src/list.c :87 :List_push) gay shit
DEBUG: (src/list.c :87 :List_push) gay shit
DEBUG: (src/list.c :87 :List_push) gay shit
DEBUG: (src/list.c :87 :List_push) gay shit
DEBUG: (src/list.c :87 :List_push) gay shit
DEBUG: (src/list.c :87 :List_push) gay shit
DEBUG: (src/list.c :87 :List_push) gay shit
DEBUG: (src/list.c :87 :List_push) gay shit
DEBUG: (src/list.c :87 :List_push) gay shit
DEBUG: (src/list.c :87 :List_push) gay shit
DEBUG: (src/list.c :87 :List_push) gay shit
DEBUG: (src/list.c :87 :List_push) gay shit
DEBUG: (src/list.c :87 :List_push) gay shit
DEBUG: (src/list.c :87 :List_push) gay shit
DEBUG: (src/list.c :87 :List_push) gay shit
DEBUG: (src/list.c :87 :List_push) gay shit
DEBUG: (src/list.c :87 :List_push) gay shit
DEBUG: (src/list.c :87 :List_push) gay shit
DEBUG: (src/list.c :87 :List_push) gay shit
DEBUG: (src/list.c :87 :List_push) gay shit
DEBUG: (src/list.c :87 :List_push) gay shit
DEBUG: (src/list.c :87 :List_push) gay shit
DEBUG: (src/list.c :87 :List_push) gay shit
DEBUG: (src/list.c :87 :List_push) gay shit
DEBUG: (src/list.c :87 :List_push) gay shit
DEBUG: (src/list.c :87 :List_push) gay shit
DEBUG: (src/list.c :87 :List_push) gay shit
DEBUG: (src/list.c :87 :List_push) gay shit
DEBUG: (src/list.c :87 :List_push) gay shit
DEBUG: (src/list.c :87 :List_push) gay shit
DEBUG: (src/list.c :87 :List_push) gay shit
DEBUG: (src/list.c :87 :List_push) gay shit
DEBUG: (src/list.c :87 :List_push) gay shit
DEBUG: (src/list.c :87 :List_push) gay shit
DEBUG: (src/list.c :87 :List_push) gay shit
DEBUG: (src/list.c :87 :List_push) gay shit
DEBUG: (src/list.c :87 :List_push) gay shit
DEBUG: (src/list.c :87 :List_push) gay shit
DEBUG: (src/list.c :87 :List_push) gay shit
DEBUG: (src/list.c :87 :List_push) gay shit
DEBUG: (src/list.c :87 :List_push) gay shit
DEBUG: (src/list.c :87 :List_push) gay shit
DEBUG: (src/list.c :87 :List_push) gay shit
DEBUG: (src/list.c :87 :List_push) gay shit
DEBUG: (test/list_algos_tests.c :73 :test_speed) time1: 54798 vs time2: 44077
DEBUG: (test/list_algos_tests.c :91 :all_tests) 
------test_insert
DEBUG: (src/list.c :87 :List_push) gay shit
DEBUG: (src/list.c :87 :List_push) gay shit
DEBUG: (test/list_tests.c :79 :main) -----RUNNING :././test/list_tests
DEBUG: (test/list_tests.c :71 :all_tests) 
------test_create
DEBUG: (test/list_tests.c :72 :all_tests) 
------test_destroy
DEBUG: (test/list_tests.c :73 :all_tests) 
------test_push_pop
DEBUG: (src/list.c :87 :List_push) gay shit
DEBUG: (src/list.c :87 :List_push) gay shit
DEBUG: (src/list.c :87 :List_push) gay shit
DEBUG: (test/list_tests.c :74 :all_tests) 
------test_unshift
DEBUG: (test/list_tests.c :75 :all_tests) 
------test_remove
DEBUG: (test/list_tests.c :47 :test_remove) good af
DEBUG: (test/list_tests.c :50 :test_remove) true_test_remove
DEBUG: (test/list_tests.c :76 :all_tests) 
------test_shift
DEBUG: (test/list_tests.c :59 :test_shift) true test_shift
DEBUG: (test/proc_request_tests.c :66 :main) -----RUNNING :././test/proc_request_tests
DEBUG: (test/proc_request_tests.c :60 :all_test) 
------test_create
DEBUG: (src/proc_request.c :112 :process_request) a/b/c address: (nil)
DEBUG: (src/proc_request.c :118 :process_request) command is create a/b/c
DEBUG: (src/proc_request.c :121 :process_request) data is : create and name is a/b/c
DEBUG: (src/proc_request.c :34 :create_request) 0x55ce6e591780
DEBUG: (src/tstree.c :46 :TSTree_delim_insert_base) node->stat is :0x55ce6e5918b0
DEBUG: (src/list.c :87 :List_push) gay shit
DEBUG: (src/tstree.c :46 :TSTree_delim_insert_base) node->stat is :0x55ce6e591980
DEBUG: (src/list.c :87 :List_push) gay shit
DEBUG: (src/proc_request.c :112 :process_request) a/b/c address: 0x55ce6e5919d0
DEBUG: (src/proc_request.c :118 :process_request) command is create a/b/d
DEBUG: (src/proc_request.c :121 :process_request) data is : create and name is a/b/d
DEBUG: (src/proc_request.c :34 :create_request) 0x55ce6e591b10
DEBUG: (src/list.c :87 :List_push) gay shit
DEBUG: (src/list.c :87 :List_push) gay shit
DEBUG: (test/proc_request_tests.c :16 :test_create) root is 0x55ce6e591830
DEBUG: (test/proc_request_tests.c :61 :all_test) 
------test_update
DEBUG: (src/proc_request.c :112 :process_request) a/b/c address: 0x55ce6e5919d0
DEBUG: (src/proc_request.c :118 :process_request) command is update a/b/c 1 2 3 4
DEBUG: (src/proc_request.c :121 :process_request) data is : update and name is a/b/c
DEBUG: (src/list.c :87 :List_push) gay shit
DEBUG: (src/list.c :87 :List_push) gay shit
DEBUG: (src/tstree.c :155 :TSTree_delim_search) node be4 push: 0x55ce6e5917b0
DEBUG: (src/list.c :87 :List_push) gay shit
DEBUG: (src/tstree.c :159 :TSTree_delim_search) node after push: 0x55ce6e5917b0
DEBUG: (src/proc_request.c :58 :update_request) length of list is 3
DEBUG: (src/tstree.c :270 :update_tracer) oh ok man
DEBUG: (src/tstree.c :270 :update_tracer) oh ok man
DEBUG: (src/tstree.c :288 :update_tracer) oh ok again
DEBUG: (src/tstree.c :288 :update_tracer) oh ok again
DEBUG: (src/tstree.c :293 :update_tracer) stat is 10.000000
DEBUG: (src/proc_request.c :69 :update_request) a/b/: 2.500000
DEBUG: (test/proc_request_tests.c :22 :test_update) a/b/c: 4 and 10.000000
DEBUG: (src/proc_request.c :112 :process_request) a/b/c address: 0x55ce6e5919d0
DEBUG: (src/proc_request.c :118 :process_request) command is update clgt 1 2 3 4
DEBUG: (src/proc_request.c :121 :process_request) data is : update and name is clgt
DEBUG: (src/proc_request.c :58 :update_request) length of list is 0
DEBUG: (src/proc_request.c :112 :process_request) a/b/c address: 0x55ce6e5919d0
DEBUG: (src/proc_request.c :118 :process_request) command is update a/b/d 1 3 5
DEBUG: (src/proc_request.c :121 :process_request) data is : update and name is a/b/d
DEBUG: (src/list.c :87 :List_push) gay shit
DEBUG: (src/list.c :87 :List_push) gay shit
DEBUG: (src/tstree.c :155 :TSTree_delim_search) node be4 push: 0x55ce6e591b40
DEBUG: (src/list.c :87 :List_push) gay shit
DEBUG: (src/tstree.c :159 :TSTree_delim_search) node after push: 0x55ce6e591b40
DEBUG: (src/proc_request.c :58 :update_request) length of list is 3
DEBUG: (src/tstree.c :270 :update_tracer) oh ok man
DEBUG: (src/tstree.c :270 :update_tracer) oh ok man
DEBUG: (src/tstree.c :288 :update_tracer) oh ok again
DEBUG: (src/tstree.c :288 :update_tracer) oh ok again
DEBUG: (src/tstree.c :293 :update_tracer) stat is 9.000000
DEBUG: (src/proc_request.c :69 :update_request) a/b/: 5.500000
DEBUG: (test/proc_request_tests.c :27 :test_update) a/b/: 2 and 5.500000
DEBUG: (test/proc_request_tests.c :62 :all_test) 
------test_read
DEBUG: (src/proc_request.c :112 :process_request) a/b/c address: 0x55ce6e5919d0
DEBUG: (src/proc_request.c :118 :process_request) command is read a/b/c
DEBUG: (src/proc_request.c :121 :process_request) data is : read and name is a/b/c
DEBUG: (src/proc_request.c :127 :process_request) still ok?
DEBUG: (src/proc_request.c :42 :read_request) still ok here?
DEBUG: (src/proc_request.c :44 :read_request) after this?
DEBUG: (src/proc_request.c :48 :read_request) this? : 0x55ce6e5917b0, 0x55ce6e591780
DEBUG: (src/proc_request.c :112 :process_request) a/b/c address: 0x55ce6e5919d0
DEBUG: (src/proc_request.c :118 :process_request) command is read a/b/q
DEBUG: (src/proc_request.c :121 :process_request) data is : read and name is a/b/q
DEBUG: (src/proc_request.c :127 :process_request) still ok?
DEBUG: (src/proc_request.c :42 :read_request) still ok here?
DEBUG: (src/proc_request.c :44 :read_request) after this?
ERROR: (src/proc_request.c : 45 :read_request :errno None ) error: statistic doesn't exist
DEBUG: (test/proc_request_tests.c :37 :test_read) root is 0x55ce6e591830
DEBUG: (test/proc_request_tests.c :63 :all_test) 
------test_delete
DEBUG: (src/proc_request.c :112 :process_request) a/b/c address: 0x55ce6e5919d0
DEBUG: (src/proc_request.c :118 :process_request) command is delete a/b/f
DEBUG: (src/proc_request.c :121 :process_request) data is : delete and name is a/b/f
DEBUG: (src/list.c :87 :List_push) gay shit
DEBUG: (src/list.c :87 :List_push) gay shit
DEBUG: (test/proc_request_tests.c :43 :test_delete) root is 0x55ce6e591830
DEBUG: (src/proc_request.c :112 :process_request) a/b/c address: 0x55ce6e5919d0
DEBUG: (src/proc_request.c :118 :process_request) command is delete a/b/d
DEBUG: (src/proc_request.c :121 :process_request) data is : delete and name is a/b/d
DEBUG: (src/list.c :87 :List_push) gay shit
DEBUG: (src/list.c :87 :List_push) gay shit
DEBUG: (src/list.c :87 :List_push) gay shit
DEBUG: (src/tstree.c :270 :update_tracer) oh ok man
DEBUG: (src/tstree.c :270 :update_tracer) oh ok man
DEBUG: (src/tstree.c :288 :update_tracer) oh ok again
DEBUG: (src/tstree.c :288 :update_tracer) oh ok again
DEBUG: (src/tstree.c :293 :update_tracer) stat is 0.000000
DEBUG: (src/proc_request.c :112 :process_request) a/b/c address: 0x55ce6e5919d0
DEBUG: (src/proc_request.c :118 :process_request) command is read a/b/d
DEBUG: (src/proc_request.c :121 :process_request) data is : read and name is a/b/d
DEBUG: (src/proc_request.c :127 :process_request) still ok?
DEBUG: (src/proc_request.c :42 :read_request) still ok here?
DEBUG: (src/proc_request.c :44 :read_request) after this?
ERROR: (src/proc_request.c : 45 :read_request :errno None ) error: statistic doesn't exist
DEBUG: (test/proc_request_tests.c :47 :test_delete) 2.500000
DEBUG: (src/proc_request.c :112 :process_request) a/b/c address: 0x55ce6e5919d0
DEBUG: (src/proc_request.c :118 :process_request) command is delete a/b/
DEBUG: (src/proc_request.c :121 :process_request) data is : delete and name is a/b/
DEBUG: (src/list.c :87 :List_push) gay shit
DEBUG: (src/list.c :87 :List_push) gay shit
DEBUG: (src/tstree.c :270 :update_tracer) oh ok man
DEBUG: (src/tstree.c :288 :update_tracer) oh ok again
DEBUG: (src/tstree.c :293 :update_tracer) stat is 0.000000
DEBUG: (src/proc_request.c :112 :process_request) a/b/c address: (nil)
DEBUG: (src/proc_request.c :118 :process_request) command is read a/b/c
DEBUG: (src/proc_request.c :121 :process_request) data is : read and name is a/b/c
DEBUG: (src/proc_request.c :127 :process_request) still ok?
DEBUG: (src/proc_request.c :42 :read_request) still ok here?
DEBUG: (src/proc_request.c :44 :read_request) after this?
ERROR: (src/proc_request.c : 45 :read_request :errno None ) error: statistic doesn't exist
DEBUG: (test/queue_tests.c :41 :main) -----RUNNING :././test/queue_tests
DEBUG: (test/queue_tests.c :36 :all_tests) 
------test_create
DEBUG: (test/queue_tests.c :37 :all_tests) 
------test_send_recv
DEBUG: (src/list.c :87 :List_push) gay shit
DEBUG: (src/list.c :87 :List_push) gay shit
DEBUG: (src/list.c :87 :List_push) gay shit
DEBUG: (test/queue_tests.c :25 :test_send_recv) VAL: test1 data
DEBUG: (test/queue_tests.c :25 :test_send_recv) VAL: test2 data
DEBUG: (test/queue_tests.c :25 :test_send_recv) VAL: test3 data
DEBUG: (test/queue_tests.c :38 :all_tests) 
------test_destroy
DEBUG: (test/radixmap_tests.c :75 :main) -----RUNNING :././test/radixmap_tests
DEBUG: (test/radixmap_tests.c :72 :all_tests) 
------test_operations
DEBUG: (test/radixmap_tests.c :46 :test_operations) nothing goes wrong
DEBUG: (test/radixmap_tests.c :52 :test_operations) 9 ccc
DEBUG: (test/ringbuffer_tests.c :129 :main) -----RUNNING :././test/ringbuffer_tests
DEBUG: (test/ringbuffer_tests.c :117 :all_tests) 
------test_create
DEBUG: (test/ringbuffer_tests.c :118 :all_tests) 
------test_read_write
DEBUG: (test/ringbuffer_tests.c :20 :test_read_write) start end 0 0
DEBUG: (test/ringbuffer_tests.c :22 :test_read_write) start1 end 0 0
DEBUG: (test/ringbuffer_tests.c :26 :test_read_write) start2 end 5 0
DEBUG: (test/ringbuffer_tests.c :30 :test_read_write) start3 end 8 0
DEBUG: (test/ringbuffer_tests.c :35 :test_read_write) 89014
DEBUG: (test/ringbuffer_tests.c :119 :all_tests) 
------test_get_all
DEBUG: (test/ringbuffer_tests.c :120 :all_tests) 
------test_destroy
DEBUG: (test/ringbuffer_tests.c :121 :all_tests) 
------test_create1
DEBUG: (test/ringbuffer_tests.c :122 :all_tests) 
------test_read_write1
DEBUG: (test/ringbuffer_tests.c :51 :test_read_write1) start end 0 0
DEBUG: (test/ringbuffer_tests.c :53 :test_read_write1) start1 end 0 10
DEBUG: (test/ringbuffer_tests.c :57 :test_read_write1) start2 end 5 10
DEBUG: (test/ringbuffer_tests.c :61 :test_read_write1) start3 end 8 10
DEBUG: (test/ringbuffer_tests.c :66 :test_read_write1) 89014
DEBUG: (test/ringbuffer_tests.c :123 :all_tests) 
------test_destroy1
DEBUG: (test/stack_tests.c :41 :main) -----RUNNING :././test/stack_tests
DEBUG: (test/stack_tests.c :36 :all_tests) 
------test_create
DEBUG: (test/stack_tests.c :37 :all_tests) 
------test_push_pop
DEBUG: (src/list.c :87 :List_push) gay shit
DEBUG: (src/list.c :87 :List_push) gay shit
DEBUG: (src/list.c :87 :List_push) gay shit
DEBUG: (test/stack_tests.c :25 :test_push_pop) VAL: test1 data
DEBUG: (test/stack_tests.c :25 :test_push_pop) VAL: test2 data
DEBUG: (test/stack_tests.c :25 :test_push_pop) VAL: test3 data
DEBUG: (test/stack_tests.c :38 :all_tests) 
------test_destroy
DEBUG: (test/stats_tests.c :49 :main) -----RUNNING :././test/stats_tests
DEBUG: (test/stats_tests.c :45 :all_tests) 
------test_operations
sum : 55.846019, sumsq 425.164097, n: 10,min:0.333348, max: 9.678320,mean: 5.584602, stddev: 3.547868 
DEBUG: (test/stats_tests.c :46 :all_tests) 
------test_recreate
DEBUG: (test/suffix_tree_tests.c :16 :main) -----RUNNING :././test/suffix_tree_tests
DEBUG: (test/suffix_tree_tests.c :13 :all_test) 
------create_tree_test
WARN (src/suffix_tree.c: 9: Suffix_create_node : errno None)Creating root node, if you see this line twice, then there are 2 roots in your tree
DEBUG: (src/suffix_tree.c :44 :Suffix_tree_build) 
end: a
DEBUG: (src/suffix_tree.c :55 :Suffix_tree_build)  creating new edge node: 0x5618bcc00670 
 prev_node 0x5618bcc00670:
 active_node : 0x5618bcc00670 active_edge:   active_len: 0 
 remain: 0 
DEBUG: (src/suffix_tree.c :44 :Suffix_tree_build) 
end: b
DEBUG: (src/suffix_tree.c :55 :Suffix_tree_build)  creating new edge node: 0x5618bcc00670 
 prev_node 0x5618bcc00670:
 active_node : 0x5618bcc00670 active_edge:   active_len: 0 
 remain: 0 
DEBUG: (src/suffix_tree.c :44 :Suffix_tree_build) 
end: c
DEBUG: (src/suffix_tree.c :55 :Suffix_tree_build)  creating new edge node: 0x5618bcc00670 
 prev_node 0x5618bcc00670:
 active_node : 0x5618bcc00670 active_edge:   active_len: 0 
 remain: 0 
DEBUG: (src/suffix_tree.c :44 :Suffix_tree_build) 
end: a
DEBUG: (src/suffix_tree.c :59 :Suffix_tree_build) already exist edge node: 0x5618bcc00670 
 prev_node (nil):
 active_node : 0x5618bcc00670 active_edge: a active_len: 1 
 remain: 1 
DEBUG: (src/suffix_tree.c :44 :Suffix_tree_build) 
end: b
DEBUG: (src/suffix_tree.c :71 :Suffix_tree_build) already exist suffix,node: 0x5618bcc00670 
 prev_node (nil):
 active_node : 0x5618bcc00670 active_edge: a active_len: 2 
 remain: 2 
DEBUG: (src/suffix_tree.c :44 :Suffix_tree_build) 
end: x
DEBUG: (src/suffix_tree.c :87 :Suffix_tree_build) splitting existing edge, node: 0x5618bcc007b0 
 prev_node 0x5618bcc007b0:
 active_node : 0x5618bcc00670 active_edge: b active_len: 1 
 remain: 2 
DEBUG: (src/suffix_tree.c :87 :Suffix_tree_build) splitting existing edge, node: 0x5618bcc008f0 
 prev_node 0x5618bcc008f0:
 active_node : 0x5618bcc00670 active_edge: x active_len: 0 
 remain: 1 
DEBUG: (src/suffix_tree.c :55 :Suffix_tree_build)  creating new edge node: 0x5618bcc008f0 
 prev_node 0x5618bcc00670:
 active_node : 0x5618bcc00670 active_edge: x active_len: 0 
 remain: 0 
DEBUG: (src/suffix_tree.c :44 :Suffix_tree_build) 
end: a
DEBUG: (src/suffix_tree.c :59 :Suffix_tree_build) already exist edge node: 0x5618bcc008f0 
 prev_node (nil):
 active_node : 0x5618bcc00670 active_edge: a active_len: 1 
 remain: 1 
DEBUG: (src/suffix_tree.c :44 :Suffix_tree_build) 
end: b
DEBUG: (src/suffix_tree.c :71 :Suffix_tree_build) already exist suffix,node: 0x5618bcc008f0 
 prev_node (nil):
 active_node : 0x5618bcc00670 active_edge: a active_len: 2 
 remain: 2 
DEBUG: (src/suffix_tree.c :44 :Suffix_tree_build) 
end: c
DEBUG: (src/suffix_tree.c :68 :Suffix_tree_build)  active_node : 0x5618bcc007b0 active_edge: c active_len: 0 
DEBUG: (src/suffix_tree.c :71 :Suffix_tree_build) already exist suffix,node: 0x5618bcc008f0 
 prev_node (nil):
 active_node : 0x5618bcc007b0 active_edge: c active_len: 1 
 remain: 3 
DEBUG: (src/suffix_tree.c :44 :Suffix_tree_build) 
end: d
DEBUG: (src/suffix_tree.c :84 :Suffix_tree_build) ap.node 0x5618bcc007b0
DEBUG: (src/suffix_tree.c :87 :Suffix_tree_build) splitting existing edge, node: 0x5618bcc00a50 
 prev_node 0x5618bcc00a50:
 active_node : 0x5618bcc008f0 active_edge: c active_len: 1 
 remain: 3 
DEBUG: (src/suffix_tree.c :84 :Suffix_tree_build) ap.node 0x5618bcc008f0
DEBUG: (src/suffix_tree.c :87 :Suffix_tree_build) splitting existing edge, node: 0x5618bcc00b90 
 prev_node 0x5618bcc00b90:
 active_node : 0x5618bcc00670 active_edge: c active_len: 1 
 remain: 2 
DEBUG: (src/suffix_tree.c :87 :Suffix_tree_build) splitting existing edge, node: 0x5618bcc00cd0 
 prev_node 0x5618bcc00cd0:
 active_node : 0x5618bcc00670 active_edge: d active_len: 0 
 remain: 1 
DEBUG: (src/suffix_tree.c :55 :Suffix_tree_build)  creating new edge node: 0x5618bcc00cd0 
 prev_node 0x5618bcc00670:
 active_node : 0x5618bcc00670 active_edge: d active_len: 0 
 remain: 0 
DEBUG: (test/tstree_tests.c :82 :main) -----RUNNING :././test/tstree_tests
DEBUG: (test/tstree_tests.c :74 :all_tests) 
------test_insert
DEBUG: (test/tstree_tests.c :75 :all_tests) 
------test_search_exact
DEBUG: (test/tstree_tests.c :30 :test_search_exact) VALUEA
DEBUG: (test/tstree_tests.c :76 :all_tests) 
------test_search_prefix
DEBUG: (test/tstree_tests.c :38 :test_search_prefix) result :0x55ab94eee954 ,expected 0x55ab94eee954
DEBUG: (test/tstree_tests.c :41 :test_search_prefix) result :0x55ab94eee93f,expected: 0x55ab94eee93f
DEBUG: (test/tstree_tests.c :78 :all_tests) 
------test_traverse
DEBUG: (test/tstree_tests.c :57 :test_traverse) traverse count is :4
DEBUG: (test/tstree_tests.c :79 :all_tests) 
------test_destroy
DEBUG: (test/bstree_tests.c :177 :main) -----RUNNING :././test/bstree_tests
DEBUG: (test/bstree_tests.c :169 :all_tests) 
------test_create
DEBUG: (test/bstree_tests.c :170 :all_tests) 
------test_get_set
DEBUG: (test/bstree_tests.c :171 :all_tests) 
------test_traverse
DEBUG: (test/bstree_tests.c :17 :traverse_good_cb) Key: test data 3
DEBUG: (test/bstree_tests.c :17 :traverse_good_cb) Key: test data 2
DEBUG: (test/bstree_tests.c :17 :traverse_good_cb) Key: test data 1
DEBUG: (test/bstree_tests.c :34 :traverse_fail_cb) Key: test data 3 
DEBUG: (test/bstree_tests.c :34 :traverse_fail_cb) Key: test data 2 
DEBUG: (test/bstree_tests.c :172 :all_tests) 
------test_delete
DEBUG: (src/bstree.c :284 :AVLTree_get) wow wtf
DEBUG: (test/bstree_tests.c :173 :all_tests) 
------test_destroy
DEBUG: (test/bstree_tests.c :174 :all_tests) 
------test_fuzzing
DEBUG: (src/bstree.c :127 :rotate) 1:63b969c0
DEBUG: (src/bstree.c :129 :rotate) 2:63b96ab0
DEBUG: (src/bstree.c :140 :rotate) 3:63b96ba0
DEBUG: (src/bstree.c :142 :rotate) 4:63b96c90
DEBUG: (src/bstree.c :127 :rotate) 1:63b96ab0
DEBUG: (src/bstree.c :129 :rotate) 2:63b97050
DEBUG: (src/bstree.c :127 :rotate) 1:63b97aa0
DEBUG: (src/bstree.c :129 :rotate) 2:63b97e60
DEBUG: (src/bstree.c :140 :rotate) 3:63b97b90
DEBUG: (src/bstree.c :142 :rotate) 4:63b98130
DEBUG: (src/bstree.c :127 :rotate) 1:63b978c0
DEBUG: (src/bstree.c :129 :rotate) 2:63b979b0
DEBUG: (src/bstree.c :140 :rotate) 3:63b97500
DEBUG: (src/bstree.c :142 :rotate) 4:63b986d0
DEBUG: (src/bstree.c :127 :rotate) 1:63b98400
DEBUG: (src/bstree.c :129 :rotate) 2:63b98a90
DEBUG: (src/bstree.c :127 :rotate) 1:63b976e0
DEBUG: (src/bstree.c :129 :rotate) 2:63b98130
DEBUG: (src/bstree.c :127 :rotate) 1:63b99030
DEBUG: (src/bstree.c :129 :rotate) 2:63b99a80
DEBUG: (src/bstree.c :127 :rotate) 1:63b99990
DEBUG: (src/bstree.c :129 :rotate) 2:63b99b70
DEBUG: (src/bstree.c :127 :rotate) 1:63b99300
DEBUG: (src/bstree.c :129 :rotate) 2:63b9a2f0
DEBUG: (src/bstree.c :127 :rotate) 1:63b9a110
DEBUG: (src/bstree.c :129 :rotate) 2:63b9a980
DEBUG: (src/bstree.c :140 :rotate) 3:63b9a4d0
DEBUG: (src/bstree.c :142 :rotate) 4:63b9aa70
DEBUG: (src/bstree.c :127 :rotate) 1:63b96e70
DEBUG: (src/bstree.c :129 :rotate) 2:63b997b0
DEBUG: (src/bstree.c :140 :rotate) 3:63b9b4c0
DEBUG: (src/bstree.c :142 :rotate) 4:63b9ba60
DEBUG: (src/bstree.c :127 :rotate) 1:63b98c70
DEBUG: (src/bstree.c :129 :rotate) 2:63b995d0
DEBUG: (src/bstree.c :140 :rotate) 3:63b9b970
DEBUG: (src/bstree.c :142 :rotate) 4:63b9bc40
DEBUG: (src/bstree.c :140 :rotate) 3:63b97500
DEBUG: (src/bstree.c :142 :rotate) 4:63b9af20
DEBUG: (src/bstree.c :140 :rotate) 3:63b9a2f0
DEBUG: (src/bstree.c :142 :rotate) 4:63b97e60
DEBUG: (test/bstree_tests.c :17 :traverse_good_cb) Key: 992880138
DEBUG: (test/bstree_tests.c :17 :traverse_good_cb) Key: 945148753
DEBUG: (test/bstree_tests.c :17 :traverse_good_cb) Key: 913264808
DEBUG: (test/bstree_tests.c :17 :traverse_good_cb) Key: 966758195
DEBUG: (test/bstree_tests.c :17 :traverse_good_cb) Key: 879554584
DEBUG: (test/bstree_tests.c :17 :traverse_good_cb) Key: 891393459
DEBUG: (test/bstree_tests.c :17 :traverse_good_cb) Key: 855763963
DEBUG: (test/bstree_tests.c :17 :traverse_good_cb) Key: 854514855
DEBUG: (test/bstree_tests.c :17 :traverse_good_cb) Key: 848077183
DEBUG: (test/bstree_tests.c :17 :traverse_good_cb) Key: 81906397
DEBUG: (test/bstree_tests.c :17 :traverse_good_cb) Key: 854120145
DEBUG: (test/bstree_tests.c :17 :traverse_good_cb) Key: 910973741
DEBUG: (test/bstree_tests.c :17 :traverse_good_cb) Key: 757237940
DEBUG: (test/bstree_tests.c :17 :traverse_good_cb) Key: 749042148
DEBUG: (test/bstree_tests.c :17 :traverse_good_cb) Key: 716351377
DEBUG: (test/bstree_tests.c :17 :traverse_good_cb) Key: 742293710
DEBUG: (test/bstree_tests.c :17 :traverse_good_cb) Key: 682439042
DEBUG: (test/bstree_tests.c :17 :traverse_good_cb) Key: 660622535
DEBUG: (test/bstree_tests.c :17 :traverse_good_cb) Key: 697024805
DEBUG: (test/bstree_tests.c :17 :traverse_good_cb) Key: 807481334
DEBUG: (test/bstree_tests.c :17 :traverse_good_cb) Key: 657117479
DEBUG: (test/bstree_tests.c :17 :traverse_good_cb) Key: 612684151
DEBUG: (test/bstree_tests.c :17 :traverse_good_cb) Key: 660459462
DEBUG: (test/bstree_tests.c :17 :traverse_good_cb) Key: 578852870
DEBUG: (test/bstree_tests.c :17 :traverse_good_cb) Key: 599592972
DEBUG: (test/bstree_tests.c :17 :traverse_good_cb) Key: 81769664
DEBUG: (test/bstree_tests.c :17 :traverse_good_cb) Key: 545989621
DEBUG: (test/bstree_tests.c :17 :traverse_good_cb) Key: 44433328
DEBUG: (test/bstree_tests.c :17 :traverse_good_cb) Key: 477154874
DEBUG: (test/bstree_tests.c :17 :traverse_good_cb) Key: 531170421
DEBUG: (test/bstree_tests.c :17 :traverse_good_cb) Key: 314128386
DEBUG: (test/bstree_tests.c :17 :traverse_good_cb) Key: 285869322
DEBUG: (test/bstree_tests.c :17 :traverse_good_cb) Key: 242158118
DEBUG: (test/bstree_tests.c :17 :traverse_good_cb) Key: 234667308
DEBUG: (test/bstree_tests.c :17 :traverse_good_cb) Key: 237937166
DEBUG: (test/bstree_tests.c :17 :traverse_good_cb) Key: 306135660
DEBUG: (test/bstree_tests.c :17 :traverse_good_cb) Key: 364409136
DEBUG: (test/bstree_tests.c :17 :traverse_good_cb) Key: 222494128
DEBUG: (test/bstree_tests.c :17 :traverse_good_cb) Key: 222957814
DEBUG: (test/bstree_tests.c :17 :traverse_good_cb) Key: 2135310467
DEBUG: (test/bstree_tests.c :17 :traverse_good_cb) Key: 2093990261
DEBUG: (test/bstree_tests.c :17 :traverse_good_cb) Key: 2082296023
DEBUG: (test/bstree_tests.c :17 :traverse_good_cb) Key: 2123600973
DEBUG: (test/bstree_tests.c :17 :traverse_good_cb) Key: 200157742
DEBUG: (test/bstree_tests.c :17 :traverse_good_cb) Key: 2010367473
DEBUG: (test/bstree_tests.c :17 :traverse_good_cb) Key: 2048957625
DEBUG: (test/bstree_tests.c :17 :traverse_good_cb) Key: 2075935414
DEBUG: (test/bstree_tests.c :17 :traverse_good_cb) Key: 1966180846
DEBUG: (test/bstree_tests.c :17 :traverse_good_cb) Key: 1956198096
DEBUG: (test/bstree_tests.c :17 :traverse_good_cb) Key: 1928461076
DEBUG: (test/bstree_tests.c :17 :traverse_good_cb) Key: 1906047654
DEBUG: (test/bstree_tests.c :17 :traverse_good_cb) Key: 1938769121
DEBUG: (test/bstree_tests.c :17 :traverse_good_cb) Key: 1991452879
DEBUG: (test/bstree_tests.c :17 :traverse_good_cb) Key: 180105471
DEBUG: (test/bstree_tests.c :17 :traverse_good_cb) Key: 1829284107
DEBUG: (test/bstree_tests.c :17 :traverse_good_cb) Key: 1903970118
DEBUG: (test/bstree_tests.c :17 :traverse_good_cb) Key: 223719613
DEBUG: (test/bstree_tests.c :17 :traverse_good_cb) Key: 554189244
DEBUG: (test/bstree_tests.c :17 :traverse_good_cb) Key: 1734069439
DEBUG: (test/bstree_tests.c :17 :traverse_good_cb) Key: 1750784454
DEBUG: (test/bstree_tests.c :17 :traverse_good_cb) Key: 1729182304
DEBUG: (test/bstree_tests.c :17 :traverse_good_cb) Key: 1724871588
DEBUG: (test/bstree_tests.c :17 :traverse_good_cb) Key: 1711729544
DEBUG: (test/bstree_tests.c :17 :traverse_good_cb) Key: 1690523910
DEBUG: (test/bstree_tests.c :17 :traverse_good_cb) Key: 1696371113
DEBUG: (test/bstree_tests.c :17 :traverse_good_cb) Key: 1590370893
DEBUG: (test/bstree_tests.c :17 :traverse_good_cb) Key: 1587592518
DEBUG: (test/bstree_tests.c :17 :traverse_good_cb) Key: 1613203521
DEBUG: (test/bstree_tests.c :17 :traverse_good_cb) Key: 1710077802
DEBUG: (test/bstree_tests.c :17 :traverse_good_cb) Key: 1535338238
DEBUG: (test/bstree_tests.c :17 :traverse_good_cb) Key: 156460247
DEBUG: (test/bstree_tests.c :17 :traverse_good_cb) Key: 1517647805
DEBUG: (test/bstree_tests.c :17 :traverse_good_cb) Key: 1433367726
DEBUG: (test/bstree_tests.c :17 :traverse_good_cb) Key: 1444651095
DEBUG: (test/bstree_tests.c :17 :traverse_good_cb) Key: 136896739
DEBUG: (test/bstree_tests.c :17 :traverse_good_cb) Key: 1378877991
DEBUG: (test/bstree_tests.c :17 :traverse_good_cb) Key: 1428892780
DEBUG: (test/bstree_tests.c :17 :traverse_good_cb) Key: 1309694803
DEBUG: (test/bstree_tests.c :17 :traverse_good_cb) Key: 1350879468
DEBUG: (test/bstree_tests.c :17 :traverse_good_cb) Key: 1454212994
DEBUG: (test/bstree_tests.c :17 :traverse_good_cb) Key: 1276253777
DEBUG: (test/bstree_tests.c :17 :traverse_good_cb) Key: 1273759053
DEBUG: (test/bstree_tests.c :17 :traverse_good_cb) Key: 1273464131
DEBUG: (test/bstree_tests.c :17 :traverse_good_cb) Key: 1133551577
DEBUG: (test/bstree_tests.c :17 :traverse_good_cb) Key: 11709494
DEBUG: (test/bstree_tests.c :17 :traverse_good_cb) Key: 1126451554
DEBUG: (test/bstree_tests.c :17 :traverse_good_cb) Key: 1129589331
DEBUG: (test/bstree_tests.c :17 :traverse_good_cb) Key: 1201137565
DEBUG: (test/bstree_tests.c :17 :traverse_good_cb) Key: 1251214049
DEBUG: (test/bstree_tests.c :17 :traverse_good_cb) Key: 1077839759
DEBUG: (test/bstree_tests.c :17 :traverse_good_cb) Key: 1080241959
DEBUG: (test/bstree_tests.c :17 :traverse_good_cb) Key: 1065932830
DEBUG: (test/bstree_tests.c :17 :traverse_good_cb) Key: 1019953517
DEBUG: (test/bstree_tests.c :17 :traverse_good_cb) Key: 1053759649
DEBUG: (test/bstree_tests.c :17 :traverse_good_cb) Key: 1056077487
DEBUG: (test/bstree_tests.c :17 :traverse_good_cb) Key: 1115537828
DEBUG: (test/bstree_tests.c :17 :traverse_good_cb) Key: 1307581055
DEBUG: (test/bstree_tests.c :17 :traverse_good_cb) Key: 1475122469
DEBUG: (test/bstree_tests.c :17 :traverse_good_cb) Key: 1572711013
DEBUG: (test/bstree_tests.c :17 :traverse_good_cb) Key: 1778575623
DEBUG: (test/bstree_tests.c :140 :test_fuzzing) 100
DEBUG: (test/bstree_tests.c :22 :traverse_good_cb1) Key : 1019953517
DEBUG: (test/bstree_tests.c :25 :traverse_good_cb1) left
DEBUG: (test/bstree_tests.c :22 :traverse_good_cb1) Key : 1056077487
DEBUG: (test/bstree_tests.c :27 :traverse_good_cb1) right
DEBUG: (test/bstree_tests.c :22 :traverse_good_cb1) Key : 1053759649
DEBUG: (test/bstree_tests.c :25 :traverse_good_cb1) left
DEBUG: (test/bstree_tests.c :22 :traverse_good_cb1) Key : 1077839759
DEBUG: (test/bstree_tests.c :25 :traverse_good_cb1) left
DEBUG: (test/bstree_tests.c :22 :traverse_good_cb1) Key : 1080241959
DEBUG: (test/bstree_tests.c :27 :traverse_good_cb1) right
DEBUG: (test/bstree_tests.c :22 :traverse_good_cb1) Key : 1065932830
DEBUG: (test/bstree_tests.c :25 :traverse_good_cb1) left
DEBUG: (test/bstree_tests.c :22 :traverse_good_cb1) Key : 1126451554
DEBUG: (test/bstree_tests.c :25 :traverse_good_cb1) left
DEBUG: (test/bstree_tests.c :22 :traverse_good_cb1) Key : 1133551577
DEBUG: (test/bstree_tests.c :27 :traverse_good_cb1) right
DEBUG: (test/bstree_tests.c :22 :traverse_good_cb1) Key : 1129589331
DEBUG: (test/bstree_tests.c :25 :traverse_good_cb1) left
DEBUG: (test/bstree_tests.c :22 :traverse_good_cb1) Key : 1201137565
DEBUG: (test/bstree_tests.c :27 :traverse_good_cb1) right
DEBUG: (test/bstree_tests.c :22 :traverse_good_cb1) Key : 11709494
DEBUG: (test/bstree_tests.c :25 :traverse_good_cb1) left
DEBUG: (test/bstree_tests.c :22 :traverse_good_cb1) Key : 1273464131
DEBUG: (test/bstree_tests.c :25 :traverse_good_cb1) left
DEBUG: (test/bstree_tests.c :22 :traverse_good_cb1) Key : 1276253777
DEBUG: (test/bstree_tests.c :25 :traverse_good_cb1) left
DEBUG: (test/bstree_tests.c :22 :traverse_good_cb1) Key : 1309694803
DEBUG: (test/bstree_tests.c :27 :traverse_good_cb1) right
DEBUG: (test/bstree_tests.c :22 :traverse_good_cb1) Key : 1307581055
DEBUG: (test/bstree_tests.c :27 :traverse_good_cb1) right
DEBUG: (test/bstree_tests.c :22 :traverse_good_cb1) Key : 1273759053
DEBUG: (test/bstree_tests.c :27 :traverse_good_cb1) right
DEBUG: (test/bstree_tests.c :22 :traverse_good_cb1) Key : 1251214049
DEBUG: (test/bstree_tests.c :27 :traverse_good_cb1) right
DEBUG: (test/bstree_tests.c :22 :traverse_good_cb1) Key : 1115537828
DEBUG: (test/bstree_tests.c :25 :traverse_good_cb1) left
DEBUG: (test/bstree_tests.c :22 :traverse_good_cb1) Key : 136896739
DEBUG: (test/bstree_tests.c :25 :traverse_good_cb1) left
DEBUG: (test/bstree_tests.c :22 :traverse_good_cb1) Key : 1378877991
DEBUG: (test/bstree_tests.c :25 :traverse_good_cb1) left
DEBUG: (test/bstree_tests.c :22 :traverse_good_cb1) Key : 1433367726
DEBUG: (test/bstree_tests.c :25 :traverse_good_cb1) left
DEBUG: (test/bstree_tests.c :22 :traverse_good_cb1) Key : 1454212994
DEBUG: (test/bstree_tests.c :27 :traverse_good_cb1) right
DEBUG: (test/bstree_tests.c :22 :traverse_good_cb1) Key : 1444651095
DEBUG: (test/bstree_tests.c :27 :traverse_good_cb1) right
DEBUG: (test/bstree_tests.c :22 :traverse_good_cb1) Key : 1428892780
DEBUG: (test/bstree_tests.c :25 :traverse_good_cb1) left
DEBUG: (test/bstree_tests.c :22 :traverse_good_cb1) Key : 1517647805
DEBUG: (test/bstree_tests.c :25 :traverse_good_cb1) left
DEBUG: (test/bstree_tests.c :22 :traverse_good_cb1) Key : 156460247
DEBUG: (test/bstree_tests.c :27 :traverse_good_cb1) right
DEBUG: (test/bstree_tests.c :22 :traverse_good_cb1) Key : 1535338238
DEBUG: (test/bstree_tests.c :25 :traverse_good_cb1) left
DEBUG: (test/bstree_tests.c :22 :traverse_good_cb1) Key : 1590370893
DEBUG: (test/bstree_tests.c :27 :traverse_good_cb1) right
DEBUG: (test/bstree_tests.c :22 :traverse_good_cb1) Key : 1587592518
DEBUG: (test/bstree_tests.c :27 :traverse_good_cb1) right
DEBUG: (test/bstree_tests.c :22 :traverse_good_cb1) Key : 1572711013
DEBUG: (test/bstree_tests.c :27 :traverse_good_cb1) right
DEBUG: (test/bstree_tests.c :22 :traverse_good_cb1) Key : 1475122469
DEBUG: (test/bstree_tests.c :25 :traverse_good_cb1) left
DEBUG: (test/bstree_tests.c :22 :traverse_good_cb1) Key : 1690523910
DEBUG: (test/bstree_tests.c :25 :traverse_good_cb1) left
DEBUG: (test/bstree_tests.c :22 :traverse_good_cb1) Key : 1696371113
DEBUG: (test/bstree_tests.c :25 :traverse_good_cb1) left
DEBUG: (test/bstree_tests.c :22 :traverse_good_cb1) Key : 1711729544
DEBUG: (test/bstree_tests.c :27 :traverse_good_cb1) right
DEBUG: (test/bstree_tests.c :22 :traverse_good_cb1) Key : 1710077802
DEBUG: (test/bstree_tests.c :25 :traverse_good_cb1) left
DEBUG: (test/bstree_tests.c :22 :traverse_good_cb1) Key : 1734069439
DEBUG: (test/bstree_tests.c :27 :traverse_good_cb1) right
DEBUG: (test/bstree_tests.c :22 :traverse_good_cb1) Key : 1729182304
DEBUG: (test/bstree_tests.c :25 :traverse_good_cb1) left
DEBUG: (test/bstree_tests.c :22 :traverse_good_cb1) Key : 1778575623
DEBUG: (test/bstree_tests.c :25 :traverse_good_cb1) left
DEBUG: (test/bstree_tests.c :22 :traverse_good_cb1) Key : 1829284107
DEBUG: (test/bstree_tests.c :27 :traverse_good_cb1) right
DEBUG: (test/bstree_tests.c :22 :traverse_good_cb1) Key : 180105471
DEBUG: (test/bstree_tests.c :27 :traverse_good_cb1) right
DEBUG: (test/bstree_tests.c :22 :traverse_good_cb1) Key : 1750784454
DEBUG: (test/bstree_tests.c :27 :traverse_good_cb1) right
DEBUG: (test/bstree_tests.c :22 :traverse_good_cb1) Key : 1724871588
DEBUG: (test/bstree_tests.c :27 :traverse_good_cb1) right
DEBUG: (test/bstree_tests.c :22 :traverse_good_cb1) Key : 1613203521
DEBUG: (test/bstree_tests.c :27 :traverse_good_cb1) right
DEBUG: (test/bstree_tests.c :22 :traverse_good_cb1) Key : 1350879468
DEBUG: (test/bstree_tests.c :25 :traverse_good_cb1) left
DEBUG: (test/bstree_tests.c :22 :traverse_good_cb1) Key : 1906047654
DEBUG: (test/bstree_tests.c :25 :traverse_good_cb1) left
DEBUG: (test/bstree_tests.c :22 :traverse_good_cb1) Key : 1938769121
DEBUG: (test/bstree_tests.c :25 :traverse_good_cb1) left
DEBUG: (test/bstree_tests.c :22 :traverse_good_cb1) Key : 1966180846
DEBUG: (test/bstree_tests.c :27 :traverse_good_cb1) right
DEBUG: (test/bstree_tests.c :22 :traverse_good_cb1) Key : 1956198096
DEBUG: (test/bstree_tests.c :27 :traverse_good_cb1) right
DEBUG: (test/bstree_tests.c :22 :traverse_good_cb1) Key : 1928461076
DEBUG: (test/bstree_tests.c :25 :traverse_good_cb1) left
DEBUG: (test/bstree_tests.c :22 :traverse_good_cb1) Key : 200157742
DEBUG: (test/bstree_tests.c :25 :traverse_good_cb1) left
DEBUG: (test/bstree_tests.c :22 :traverse_good_cb1) Key : 2048957625
DEBUG: (test/bstree_tests.c :27 :traverse_good_cb1) right
DEBUG: (test/bstree_tests.c :22 :traverse_good_cb1) Key : 2010367473
DEBUG: (test/bstree_tests.c :27 :traverse_good_cb1) right
DEBUG: (test/bstree_tests.c :22 :traverse_good_cb1) Key : 1991452879
DEBUG: (test/bstree_tests.c :25 :traverse_good_cb1) left
DEBUG: (test/bstree_tests.c :22 :traverse_good_cb1) Key : 2093990261
DEBUG: (test/bstree_tests.c :27 :traverse_good_cb1) right
DEBUG: (test/bstree_tests.c :22 :traverse_good_cb1) Key : 2082296023
DEBUG: (test/bstree_tests.c :25 :traverse_good_cb1) left
DEBUG: (test/bstree_tests.c :22 :traverse_good_cb1) Key : 2135310467
DEBUG: (test/bstree_tests.c :25 :traverse_good_cb1) left
DEBUG: (test/bstree_tests.c :22 :traverse_good_cb1) Key : 222957814
DEBUG: (test/bstree_tests.c :27 :traverse_good_cb1) right
DEBUG: (test/bstree_tests.c :22 :traverse_good_cb1) Key : 222494128
DEBUG: (test/bstree_tests.c :27 :traverse_good_cb1) right
DEBUG: (test/bstree_tests.c :22 :traverse_good_cb1) Key : 2123600973
DEBUG: (test/bstree_tests.c :27 :traverse_good_cb1) right
DEBUG: (test/bstree_tests.c :22 :traverse_good_cb1) Key : 2075935414
DEBUG: (test/bstree_tests.c :25 :traverse_good_cb1) left
DEBUG: (test/bstree_tests.c :22 :traverse_good_cb1) Key : 234667308
DEBUG: (test/bstree_tests.c :25 :traverse_good_cb1) left
DEBUG: (test/bstree_tests.c :22 :traverse_good_cb1) Key : 237937166
DEBUG: (test/bstree_tests.c :25 :traverse_good_cb1) left
DEBUG: (test/bstree_tests.c :22 :traverse_good_cb1) Key : 285869322
DEBUG: (test/bstree_tests.c :25 :traverse_good_cb1) left
DEBUG: (test/bstree_tests.c :22 :traverse_good_cb1) Key : 314128386
DEBUG: (test/bstree_tests.c :27 :traverse_good_cb1) right
DEBUG: (test/bstree_tests.c :22 :traverse_good_cb1) Key : 306135660
DEBUG: (test/bstree_tests.c :27 :traverse_good_cb1) right
DEBUG: (test/bstree_tests.c :22 :traverse_good_cb1) Key : 242158118
DEBUG: (test/bstree_tests.c :25 :traverse_good_cb1) left
DEBUG: (test/bstree_tests.c :22 :traverse_good_cb1) Key : 44433328
DEBUG: (test/bstree_tests.c :25 :traverse_good_cb1) left
DEBUG: (test/bstree_tests.c :22 :traverse_good_cb1) Key : 477154874
DEBUG: (test/bstree_tests.c :25 :traverse_good_cb1) left
DEBUG: (test/bstree_tests.c :22 :traverse_good_cb1) Key : 545989621
DEBUG: (test/bstree_tests.c :27 :traverse_good_cb1) right
DEBUG: (test/bstree_tests.c :22 :traverse_good_cb1) Key : 531170421
DEBUG: (test/bstree_tests.c :27 :traverse_good_cb1) right
DEBUG: (test/bstree_tests.c :22 :traverse_good_cb1) Key : 364409136
DEBUG: (test/bstree_tests.c :27 :traverse_good_cb1) right
DEBUG: (test/bstree_tests.c :22 :traverse_good_cb1) Key : 223719613
DEBUG: (test/bstree_tests.c :25 :traverse_good_cb1) left
DEBUG: (test/bstree_tests.c :22 :traverse_good_cb1) Key : 578852870
DEBUG: (test/bstree_tests.c :25 :traverse_good_cb1) left
DEBUG: (test/bstree_tests.c :22 :traverse_good_cb1) Key : 657117479
DEBUG: (test/bstree_tests.c :27 :traverse_good_cb1) right
DEBUG: (test/bstree_tests.c :22 :traverse_good_cb1) Key : 612684151
DEBUG: (test/bstree_tests.c :27 :traverse_good_cb1) right
DEBUG: (test/bstree_tests.c :22 :traverse_good_cb1) Key : 599592972
DEBUG: (test/bstree_tests.c :25 :traverse_good_cb1) left
DEBUG: (test/bstree_tests.c :22 :traverse_good_cb1) Key : 682439042
DEBUG: (test/bstree_tests.c :27 :traverse_good_cb1) right
DEBUG: (test/bstree_tests.c :22 :traverse_good_cb1) Key : 660622535
DEBUG: (test/bstree_tests.c :27 :traverse_good_cb1) right
DEBUG: (test/bstree_tests.c :22 :traverse_good_cb1) Key : 660459462
DEBUG: (test/bstree_tests.c :25 :traverse_good_cb1) left
DEBUG: (test/bstree_tests.c :22 :traverse_good_cb1) Key : 716351377
DEBUG: (test/bstree_tests.c :25 :traverse_good_cb1) left
DEBUG: (test/bstree_tests.c :22 :traverse_good_cb1) Key : 742293710
DEBUG: (test/bstree_tests.c :25 :traverse_good_cb1) left
DEBUG: (test/bstree_tests.c :22 :traverse_good_cb1) Key : 757237940
DEBUG: (test/bstree_tests.c :27 :traverse_good_cb1) right
DEBUG: (test/bstree_tests.c :22 :traverse_good_cb1) Key : 749042148
DEBUG: (test/bstree_tests.c :27 :traverse_good_cb1) right
DEBUG: (test/bstree_tests.c :22 :traverse_good_cb1) Key : 697024805
DEBUG: (test/bstree_tests.c :25 :traverse_good_cb1) left
DEBUG: (test/bstree_tests.c :22 :traverse_good_cb1) Key : 81769664
DEBUG: (test/bstree_tests.c :25 :traverse_good_cb1) left
DEBUG: (test/bstree_tests.c :22 :traverse_good_cb1) Key : 848077183
DEBUG: (test/bstree_tests.c :27 :traverse_good_cb1) right
DEBUG: (test/bstree_tests.c :22 :traverse_good_cb1) Key : 81906397
DEBUG: (test/bstree_tests.c :25 :traverse_good_cb1) left
DEBUG: (test/bstree_tests.c :22 :traverse_good_cb1) Key : 854514855
DEBUG: (test/bstree_tests.c :27 :traverse_good_cb1) right
DEBUG: (test/bstree_tests.c :22 :traverse_good_cb1) Key : 854120145
DEBUG: (test/bstree_tests.c :25 :traverse_good_cb1) left
DEBUG: (test/bstree_tests.c :22 :traverse_good_cb1) Key : 879554584
DEBUG: (test/bstree_tests.c :25 :traverse_good_cb1) left
DEBUG: (test/bstree_tests.c :22 :traverse_good_cb1) Key : 891393459
DEBUG: (test/bstree_tests.c :25 :traverse_good_cb1) left
DEBUG: (test/bstree_tests.c :22 :traverse_good_cb1) Key : 945148753
DEBUG: (test/bstree_tests.c :27 :traverse_good_cb1) right
DEBUG: (test/bstree_tests.c :22 :traverse_good_cb1) Key : 913264808
DEBUG: (test/bstree_tests.c :25 :traverse_good_cb1) left
DEBUG: (test/bstree_tests.c :22 :traverse_good_cb1) Key : 992880138
DEBUG: (test/bstree_tests.c :27 :traverse_good_cb1) right
DEBUG: (test/bstree_tests.c :22 :traverse_good_cb1) Key : 966758195
DEBUG: (test/bstree_tests.c :27 :traverse_good_cb1) right
DEBUG: (test/bstree_tests.c :22 :traverse_good_cb1) Key : 910973741
DEBUG: (test/bstree_tests.c :27 :traverse_good_cb1) right
DEBUG: (test/bstree_tests.c :22 :traverse_good_cb1) Key : 855763963
DEBUG: (test/bstree_tests.c :27 :traverse_good_cb1) right
DEBUG: (test/bstree_tests.c :22 :traverse_good_cb1) Key : 807481334
DEBUG: (test/bstree_tests.c :27 :traverse_good_cb1) right
DEBUG: (test/bstree_tests.c :22 :traverse_good_cb1) Key : 554189244
DEBUG: (test/bstree_tests.c :27 :traverse_good_cb1) right
DEBUG: (test/bstree_tests.c :22 :traverse_good_cb1) Key : 1903970118
DEBUG: (test/bstree_tests.c :143 :test_fuzzing) 100
DEBUG: (test/bstring_tests.c :50 :main) -----RUNNING :././test/bstring_tests
DEBUG: (test/bstring_tests.c :47 :all_tests) 
------test_string
DEBUG: (test/bstring_tests.c :20 :test_string) conwow
DEBUG: (test/bstring_tests.c :27 :test_string) 1
DEBUG: (test/bstring_tests.c :31 :test_string) 3
DEBUG: (test/bstring_tests.c :33 :test_string) d
DEBUG: (test/bstring_tests.c :34 :test_string) mwowvai
DEBUG: (test/bstring_tests.c :35 :test_string) alon
DEBUG: (test/bstring_tests.c :36 :test_string) 3 4
DEBUG: (test/bstring_tests.c :41 :test_string) 123 SSS
DEBUG: (test/darray_algos_tests.c :65 :main) -----RUNNING :././test/darray_algos_tests
DEBUG: (test/darray_algos_tests.c :59 :all_tests) 
------test_qsort
DEBUG: (test/darray_algos_tests.c :20 :is_sorted) unsorted numbers: xasd 123: 1 
DEBUG: (test/darray_algos_tests.c :29 :run_sort_test) ------------------testing sorting algo: qsort
DEBUG: (src/darray_algos.c :20 :quicksort) start 0 -end 4
DEBUG: (src/darray_algos.c :21 :quicksort) piv_location: 2, pivot XXX,same XXX
DEBUG: (src/darray_algos.c :20 :quicksort) start 0 -end 1
DEBUG: (src/darray_algos.c :21 :quicksort) piv_location: 1, pivot Qerf,same Qerf
DEBUG: (src/darray_algos.c :20 :quicksort) start 3 -end 4
DEBUG: (src/darray_algos.c :21 :quicksort) piv_location: 3, pivot qwe,same qwe
DEBUG: (test/darray_algos_tests.c :60 :all_tests) 
------test_heapsort
DEBUG: (test/darray_algos_tests.c :20 :is_sorted) unsorted numbers: xasd 123: 1 
DEBUG: (test/darray_algos_tests.c :29 :run_sort_test) ------------------testing sorting algo: heapsort
DEBUG: (test/darray_algos_tests.c :61 :all_tests) 
------test_mergesort
DEBUG: (test/darray_algos_tests.c :20 :is_sorted) unsorted numbers: xasd 123: 1 
DEBUG: (test/darray_algos_tests.c :29 :run_sort_test) ------------------testing sorting algo: mergesort
DEBUG: (src/darray_algos.c :108 :mergesort) sorting array: 557021d3e6a0 count 5
DEBUG: (src/darray_algos.c :108 :mergesort) sorting array: 557021d3f030 count 2
DEBUG: (src/darray_algos.c :122 :mergesort) left and right and count 557021d3f070 ,557021d3f090,2
DEBUG: (src/darray_algos.c :108 :mergesort) sorting array: 557021d3f050 count 3
DEBUG: (src/darray_algos.c :108 :mergesort) sorting array: 557021d3f0f0 count 2
DEBUG: (src/darray_algos.c :122 :mergesort) left and right and count 557021d3f110 ,557021d3f130,2
DEBUG: (src/darray_algos.c :122 :mergesort) left and right and count 557021d3f0d0 ,557021d3f150,3
DEBUG: (src/darray_algos.c :122 :mergesort) left and right and count 557021d3f0b0 ,557021d3f170,5
DEBUG: (test/darray_algos_tests.c :62 :all_tests) 
------test_define
DEBUG: (test/darray_algos_tests.c :20 :is_sorted) unsorted numbers: xasd 123: 1 
DEBUG: (test/darray_algos_tests.c :49 :test_define) --------------------------test all
DEBUG: (src/darray_algos.c :20 :quicksort) start 0 -end 4
DEBUG: (src/darray_algos.c :21 :quicksort) piv_location: 2, pivot XXX,same XXX
DEBUG: (src/darray_algos.c :20 :quicksort) start 0 -end 1
DEBUG: (src/darray_algos.c :21 :quicksort) piv_location: 1, pivot Qerf,same Qerf
DEBUG: (src/darray_algos.c :20 :quicksort) start 3 -end 4
DEBUG: (src/darray_algos.c :21 :quicksort) piv_location: 3, pivot qwe,same qwe
DEBUG: (test/darray_tests.c :87 :main) -----RUNNING :././test/darray_tests
DEBUG: (test/darray_tests.c :77 :all_tests) 
------test_create
DEBUG: (test/darray_tests.c :78 :all_tests) 
------test_new
DEBUG: (test/darray_tests.c :79 :all_tests) 
------test_set
DEBUG: (test/darray_tests.c :80 :all_tests) 
------test_get
DEBUG: (test/darray_tests.c :81 :all_tests) 
------test_remove
DEBUG: (test/darray_tests.c :82 :all_tests) 
------test_expand_contract
DEBUG: (test/darray_tests.c :83 :all_tests) 
------test_push_pop
DEBUG: (test/darray_tests.c :84 :all_tests) 
------test_destroy
DEBUG: (test/hashmap_algos_tests.c :104 :main) -----RUNNING :././test/hashmap_algos_tests
DEBUG: (test/hashmap_algos_tests.c :98 :all_tests) 
------test_fnv1a
DEBUG: (test/hashmap_algos_tests.c :99 :all_tests) 
------test_adler32
DEBUG: (test/hashmap_algos_tests.c :100 :all_tests) 
------test_djb
DEBUG: (test/hashmap_algos_tests.c :101 :all_tests) 
------test_distribution
DEBUG: (test/hashmap_perf_tests.c :32 :main) okkkkkkkks
DEBUG: (src/hashmap.c :94 :Hashmap_get_node) start end mid bucketmax 0 0 0 50
DEBUG: (src/hashmap.c :96 :Hashmap_get_node) key: w]ÅoOš(OR vs Û†t[3{Ì‡;R 
DEBUG: (src/hashmap.c :103 :Hashmap_get_node) start end 1 0
DEBUG: (src/hashmap.c :94 :Hashmap_get_node) start end mid bucketmax 0 0 0 50
DEBUG: (src/hashmap.c :96 :Hashmap_get_node) key: ËÜˆZàá¿®ty vs ¾Ôý-Ó_Ë7— 
DEBUG: (src/hashmap.c :103 :Hashmap_get_node) start end 1 0
DEBUG: (src/hashmap.c :94 :Hashmap_get_node) start end mid bucketmax 0 0 0 50
DEBUG: (src/hashmap.c :96 :Hashmap_get_node) key: ‡^¥MÓ<×¶ vs  
DEBUG: (src/hashmap.c :103 :Hashmap_get_node) start end 0 -1
DEBUG: (src/hashmap.c :94 :Hashmap_get_node) start end mid bucketmax 0 0 0 50
DEBUG: (src/hashmap.c :96 :Hashmap_get_node) key: ×Qý;¯¥ŠÞÎ% vs :VoÕ´bÒkG 
DEBUG: (src/hashmap.c :103 :Hashmap_get_node) start end 0 -1
DEBUG: (src/hashmap.c :94 :Hashmap_get_node) start end mid bucketmax 0 1 0 50
DEBUG: (src/hashmap.c :96 :Hashmap_get_node) key: ®³ÅFCÕ^}à- vs Û†t[3{Ì‡;R 
DEBUG: (src/hashmap.c :103 :Hashmap_get_node) start end 0 -1
DEBUG: (src/hashmap.c :94 :Hashmap_get_node) start end mid bucketmax 0 1 0 50
DEBUG: (src/hashmap.c :96 :Hashmap_get_node) key: ü‡Ô¥çàåí‚ vs ×Qý;¯¥ŠÞÎ% 
DEBUG: (src/hashmap.c :103 :Hashmap_get_node) start end 1 1
DEBUG: (src/hashmap.c :94 :Hashmap_get_node) start end mid bucketmax 1 1 1 50
DEBUG: (src/hashmap.c :96 :Hashmap_get_node) key: ü‡Ô¥çàåí‚ vs :VoÕ´bÒkG 
DEBUG: (src/hashmap.c :103 :Hashmap_get_node) start end 1 0
DEBUG: (src/hashmap.c :94 :Hashmap_get_node) start end mid bucketmax 0 0 0 50
DEBUG: (src/hashmap.c :96 :Hashmap_get_node) key: ®ÖÊ[êñ‘û* vs q;”V´’mWÁù 
DEBUG: (src/hashmap.c :103 :Hashmap_get_node) start end 0 -1
DEBUG: (src/hashmap.c :94 :Hashmap_get_node) start end mid bucketmax 0 2 1 50
DEBUG: (src/hashmap.c :96 :Hashmap_get_node) key: O,å£¨6ŠMO vs Û†t[3{Ì‡;R 
DEBUG: (src/hashmap.c :103 :Hashmap_get_node) start end 2 2
DEBUG: (src/hashmap.c :94 :Hashmap_get_node) start end mid bucketmax 2 2 2 50
DEBUG: (src/hashmap.c :96 :Hashmap_get_node) key: O,å£¨6ŠMO vs w]ÅoOš(OR 
DEBUG: (src/hashmap.c :103 :Hashmap_get_node) start end 2 1
DEBUG: (src/hashmap.c :94 :Hashmap_get_node) start end mid bucketmax 0 3 1 50
DEBUG: (src/hashmap.c :96 :Hashmap_get_node) key: ‰á-?=dsKì’ vs Û†t[3{Ì‡;R 
DEBUG: (src/hashmap.c :103 :Hashmap_get_node) start end 0 0
DEBUG: (src/hashmap.c :94 :Hashmap_get_node) start end mid bucketmax 0 0 0 50
DEBUG: (src/hashmap.c :96 :Hashmap_get_node) key: ‰á-?=dsKì’ vs ®³ÅFCÕ^}à- 
DEBUG: (src/hashmap.c :103 :Hashmap_get_node) start end 0 -1
DEBUG: (src/hashmap.c :94 :Hashmap_get_node) start end mid bucketmax 0 2 1 50
DEBUG: (src/hashmap.c :96 :Hashmap_get_node) key: ¼$²“3/g vs ü‡Ô¥çàåí‚ 
DEBUG: (src/hashmap.c :103 :Hashmap_get_node) start end 2 2
DEBUG: (src/hashmap.c :94 :Hashmap_get_node) start end mid bucketmax 2 2 2 50
DEBUG: (src/hashmap.c :96 :Hashmap_get_node) key: ¼$²“3/g vs :VoÕ´bÒkG 
DEBUG: (src/hashmap.c :103 :Hashmap_get_node) start end 2 1
DEBUG: (src/hashmap.c :94 :Hashmap_get_node) start end mid bucketmax 0 1 0 50
DEBUG: (src/hashmap.c :96 :Hashmap_get_node) key: üC˜ôí\À=È vs ‡^¥MÓ<×¶ 
DEBUG: (src/hashmap.c :103 :Hashmap_get_node) start end 1 1
DEBUG: (src/hashmap.c :94 :Hashmap_get_node) start end mid bucketmax 1 1 1 50
DEBUG: (src/hashmap.c :96 :Hashmap_get_node) key: üC˜ôí\À=È vs  
DEBUG: (src/hashmap.c :103 :Hashmap_get_node) start end 1 0
DEBUG: (test/hashmap_perf_tests.c :37 :main) okkkkkkkk
DEBUG: (src/hashmap.c :129 :Hashmap_get) 940816a0
DEBUG: (src/hashmap.c :94 :Hashmap_get_node) start end mid bucketmax 0 4 2 50
DEBUG: (src/hashmap.c :96 :Hashmap_get_node) key: Û†t[3{Ì‡;R vs Û†t[3{Ì‡;R 
DEBUG: (src/hashmap.c :132 :Hashmap_get) 2
DEBUG: (src/hashmap.c :129 :Hashmap_get) 94081890
DEBUG: (src/hashmap.c :94 :Hashmap_get_node) start end mid bucketmax 0 1 0 50
DEBUG: (src/hashmap.c :96 :Hashmap_get_node) key: ¾Ôý-Ó_Ë7— vs ¾Ôý-Ó_Ë7— 
DEBUG: (src/hashmap.c :132 :Hashmap_get) 0
DEBUG: (src/hashmap.c :129 :Hashmap_get) 94081a80
DEBUG: (src/hashmap.c :94 :Hashmap_get_node) start end mid bucketmax 0 2 1 50
DEBUG: (src/hashmap.c :96 :Hashmap_get_node) key:  vs üC˜ôí\À=È 
DEBUG: (src/hashmap.c :103 :Hashmap_get_node) start end 2 2
DEBUG: (src/hashmap.c :94 :Hashmap_get_node) start end mid bucketmax 2 2 2 50
DEBUG: (src/hashmap.c :96 :Hashmap_get_node) key:  vs  
DEBUG: (src/hashmap.c :132 :Hashmap_get) 2
DEBUG: (src/hashmap.c :129 :Hashmap_get) 94081c70
DEBUG: (src/hashmap.c :94 :Hashmap_get_node) start end mid bucketmax 0 0 0 50
DEBUG: (src/hashmap.c :96 :Hashmap_get_node) key: X½Òœ=†ôÒ5­ vs X½Òœ=†ôÒ5­ 
DEBUG: (src/hashmap.c :132 :Hashmap_get) 0
DEBUG: (src/hashmap.c :129 :Hashmap_get) 940816a0
DEBUG: (src/hashmap.c :94 :Hashmap_get_node) start end mid bucketmax 0 4 2 50
DEBUG: (src/hashmap.c :96 :Hashmap_get_node) key: w]ÅoOš(OR vs Û†t[3{Ì‡;R 
DEBUG: (src/hashmap.c :103 :Hashmap_get_node) start end 3 4
DEBUG: (src/hashmap.c :94 :Hashmap_get_node) start end mid bucketmax 3 4 3 50
DEBUG: (src/hashmap.c :96 :Hashmap_get_node) key: w]ÅoOš(OR vs O,å£¨6ŠMO 
DEBUG: (src/hashmap.c :103 :Hashmap_get_node) start end 4 4
DEBUG: (src/hashmap.c :94 :Hashmap_get_node) start end mid bucketmax 4 4 4 50
DEBUG: (src/hashmap.c :96 :Hashmap_get_node) key: w]ÅoOš(OR vs w]ÅoOš(OR 
DEBUG: (src/hashmap.c :132 :Hashmap_get) 4
DEBUG: (src/hashmap.c :129 :Hashmap_get) 94081890
DEBUG: (src/hashmap.c :94 :Hashmap_get_node) start end mid bucketmax 0 1 0 50
DEBUG: (src/hashmap.c :96 :Hashmap_get_node) key: ËÜˆZàá¿®ty vs ¾Ôý-Ó_Ë7— 
DEBUG: (src/hashmap.c :103 :Hashmap_get_node) start end 1 1
DEBUG: (src/hashmap.c :94 :Hashmap_get_node) start end mid bucketmax 1 1 1 50
DEBUG: (src/hashmap.c :96 :Hashmap_get_node) key: ËÜˆZàá¿®ty vs ËÜˆZàá¿®ty 
DEBUG: (src/hashmap.c :132 :Hashmap_get) 1
DEBUG: (src/hashmap.c :129 :Hashmap_get) 94081a80
DEBUG: (src/hashmap.c :94 :Hashmap_get_node) start end mid bucketmax 0 2 1 50
DEBUG: (src/hashmap.c :96 :Hashmap_get_node) key: ‡^¥MÓ<×¶ vs üC˜ôí\À=È 
DEBUG: (src/hashmap.c :103 :Hashmap_get_node) start end 0 0
DEBUG: (src/hashmap.c :94 :Hashmap_get_node) start end mid bucketmax 0 0 0 50
DEBUG: (src/hashmap.c :96 :Hashmap_get_node) key: ‡^¥MÓ<×¶ vs ‡^¥MÓ<×¶ 
DEBUG: (src/hashmap.c :132 :Hashmap_get) 0
DEBUG: (src/hashmap.c :129 :Hashmap_get) 94081ec0
DEBUG: (src/hashmap.c :94 :Hashmap_get_node) start end mid bucketmax 0 3 1 50
DEBUG: (src/hashmap.c :96 :Hashmap_get_node) key: :VoÕ´bÒkG vs ü‡Ô¥çàåí‚ 
DEBUG: (src/hashmap.c :103 :Hashmap_get_node) start end 2 3
DEBUG: (src/hashmap.c :94 :Hashmap_get_node) start end mid bucketmax 2 3 2 50
DEBUG: (src/hashmap.c :96 :Hashmap_get_node) key: :VoÕ´bÒkG vs ¼$²“3/g 
DEBUG: (src/hashmap.c :103 :Hashmap_get_node) start end 3 3
DEBUG: (src/hashmap.c :94 :Hashmap_get_node) start end mid bucketmax 3 3 3 50
DEBUG: (src/hashmap.c :96 :Hashmap_get_node) key: :VoÕ´bÒkG vs :VoÕ´bÒkG 
DEBUG: (src/hashmap.c :132 :Hashmap_get) 3
DEBUG: (src/hashmap.c :129 :Hashmap_get) 94081ec0
DEBUG: (src/hashmap.c :94 :Hashmap_get_node) start end mid bucketmax 0 3 1 50
DEBUG: (src/hashmap.c :96 :Hashmap_get_node) key: ×Qý;¯¥ŠÞÎ% vs ü‡Ô¥çàåí‚ 
DEBUG: (src/hashmap.c :103 :Hashmap_get_node) start end 0 0
DEBUG: (src/hashmap.c :94 :Hashmap_get_node) start end mid bucketmax 0 0 0 50
DEBUG: (src/hashmap.c :96 :Hashmap_get_node) key: ×Qý;¯¥ŠÞÎ% vs ×Qý;¯¥ŠÞÎ% 
DEBUG: (src/hashmap.c :132 :Hashmap_get) 0
DEBUG: (src/hashmap.c :129 :Hashmap_get) 940820d0
DEBUG: (src/hashmap.c :94 :Hashmap_get_node) start end mid bucketmax 0 1 0 50
DEBUG: (src/hashmap.c :96 :Hashmap_get_node) key: q;”V´’mWÁù vs ®ÖÊ[êñ‘û* 
DEBUG: (src/hashmap.c :103 :Hashmap_get_node) start end 1 1
DEBUG: (src/hashmap.c :94 :Hashmap_get_node) start end mid bucketmax 1 1 1 50
DEBUG: (src/hashmap.c :96 :Hashmap_get_node) key: q;”V´’mWÁù vs q;”V´’mWÁù 
DEBUG: (src/hashmap.c :132 :Hashmap_get) 1
DEBUG: (src/hashmap.c :129 :Hashmap_get) 940816a0
DEBUG: (src/hashmap.c :94 :Hashmap_get_node) start end mid bucketmax 0 4 2 50
DEBUG: (src/hashmap.c :96 :Hashmap_get_node) key: ®³ÅFCÕ^}à- vs Û†t[3{Ì‡;R 
DEBUG: (src/hashmap.c :103 :Hashmap_get_node) start end 0 1
DEBUG: (src/hashmap.c :94 :Hashmap_get_node) start end mid bucketmax 0 1 0 50
DEBUG: (src/hashmap.c :96 :Hashmap_get_node) key: ®³ÅFCÕ^}à- vs ‰á-?=dsKì’ 
DEBUG: (src/hashmap.c :103 :Hashmap_get_node) start end 1 1
DEBUG: (src/hashmap.c :94 :Hashmap_get_node) start end mid bucketmax 1 1 1 50
DEBUG: (src/hashmap.c :96 :Hashmap_get_node) key: ®³ÅFCÕ^}à- vs ®³ÅFCÕ^}à- 
DEBUG: (src/hashmap.c :132 :Hashmap_get) 1
DEBUG: (src/hashmap.c :129 :Hashmap_get) 94081ec0
DEBUG: (src/hashmap.c :94 :Hashmap_get_node) start end mid bucketmax 0 3 1 50
DEBUG: (src/hashmap.c :96 :Hashmap_get_node) key: ü‡Ô¥çàåí‚ vs ü‡Ô¥çàåí‚ 
DEBUG: (src/hashmap.c :132 :Hashmap_get) 1
DEBUG: (src/hashmap.c :129 :Hashmap_get) 94082300
DEBUG: (src/hashmap.c :94 :Hashmap_get_node) start end mid bucketmax 0 0 0 50
DEBUG: (src/hashmap.c :96 :Hashmap_get_node) key: 8ÓùTV´04 vs 8ÓùTV´04 
DEBUG: (src/hashmap.c :132 :Hashmap_get) 0
DEBUG: (src/hashmap.c :129 :Hashmap_get) 940820d0
DEBUG: (src/hashmap.c :94 :Hashmap_get_node) start end mid bucketmax 0 1 0 50
DEBUG: (src/hashmap.c :96 :Hashmap_get_node) key: ®ÖÊ[êñ‘û* vs ®ÖÊ[êñ‘û* 
DEBUG: (src/hashmap.c :132 :Hashmap_get) 0
DEBUG: (src/hashmap.c :129 :Hashmap_get) 940816a0
DEBUG: (src/hashmap.c :94 :Hashmap_get_node) start end mid bucketmax 0 4 2 50
DEBUG: (src/hashmap.c :96 :Hashmap_get_node) key: O,å£¨6ŠMO vs Û†t[3{Ì‡;R 
DEBUG: (src/hashmap.c :103 :Hashmap_get_node) start end 3 4
DEBUG: (src/hashmap.c :94 :Hashmap_get_node) start end mid bucketmax 3 4 3 50
DEBUG: (src/hashmap.c :96 :Hashmap_get_node) key: O,å£¨6ŠMO vs O,å£¨6ŠMO 
DEBUG: (src/hashmap.c :132 :Hashmap_get) 3
DEBUG: (src/hashmap.c :129 :Hashmap_get) 940816a0
DEBUG: (src/hashmap.c :94 :Hashmap_get_node) start end mid bucketmax 0 4 2 50
DEBUG: (src/hashmap.c :96 :Hashmap_get_node) key: ‰á-?=dsKì’ vs Û†t[3{Ì‡;R 
DEBUG: (src/hashmap.c :103 :Hashmap_get_node) start end 0 1
DEBUG: (src/hashmap.c :94 :Hashmap_get_node) start end mid bucketmax 0 1 0 50
DEBUG: (src/hashmap.c :96 :Hashmap_get_node) key: ‰á-?=dsKì’ vs ‰á-?=dsKì’ 
DEBUG: (src/hashmap.c :132 :Hashmap_get) 0
DEBUG: (src/hashmap.c :129 :Hashmap_get) 94082550
DEBUG: (src/hashmap.c :94 :Hashmap_get_node) start end mid bucketmax 0 0 0 50
DEBUG: (src/hashmap.c :96 :Hashmap_get_node) key: îT±dH	F;Ã vs îT±dH	F;Ã 
DEBUG: (src/hashmap.c :132 :Hashmap_get) 0
DEBUG: (src/hashmap.c :129 :Hashmap_get) 94081ec0
DEBUG: (src/hashmap.c :94 :Hashmap_get_node) start end mid bucketmax 0 3 1 50
DEBUG: (src/hashmap.c :96 :Hashmap_get_node) key: ¼$²“3/g vs ü‡Ô¥çàåí‚ 
DEBUG: (src/hashmap.c :103 :Hashmap_get_node) start end 2 3
DEBUG: (src/hashmap.c :94 :Hashmap_get_node) start end mid bucketmax 2 3 2 50
DEBUG: (src/hashmap.c :96 :Hashmap_get_node) key: ¼$²“3/g vs ¼$²“3/g 
DEBUG: (src/hashmap.c :132 :Hashmap_get) 2
DEBUG: (src/hashmap.c :129 :Hashmap_get) 94081a80
DEBUG: (src/hashmap.c :94 :Hashmap_get_node) start end mid bucketmax 0 2 1 50
DEBUG: (src/hashmap.c :96 :Hashmap_get_node) key: üC˜ôí\À=È vs üC˜ôí\À=È 
DEBUG: (src/hashmap.c :132 :Hashmap_get) 1
DEBUG: (src/hashmap.c :129 :Hashmap_get) 94082780
DEBUG: (src/hashmap.c :94 :Hashmap_get_node) start end mid bucketmax 0 0 0 50
DEBUG: (src/hashmap.c :96 :Hashmap_get_node) key: ¶bjC)@5½þ vs ¶bjC)@5½þ 
DEBUG: (src/hashmap.c :132 :Hashmap_get) 0
DEBUG: (test/hashmap_perf_tests.c :42 :main) time1: 851.000000 2:1110.000000
DEBUG: (test/hashmap_tests.c :88 :main) -----RUNNING :././test/hashmap_tests
DEBUG: (test/hashmap_tests.c :81 :all_tests) 
------test_create
DEBUG: (test/hashmap_tests.c :82 :all_tests) 
------test_get_set
DEBUG: (src/hashmap.c :129 :Hashmap_get) d3db4720
DEBUG: (src/hashmap.c :94 :Hashmap_get_node) start end mid bucketmax 0 0 0 50
DEBUG: (src/hashmap.c :96 :Hashmap_get_node) key: test data1 vs test data1 
DEBUG: (src/hashmap.c :132 :Hashmap_get) 0
DEBUG: (src/hashmap.c :129 :Hashmap_get) d3db4910
DEBUG: (src/hashmap.c :94 :Hashmap_get_node) start end mid bucketmax 0 0 0 50
DEBUG: (src/hashmap.c :96 :Hashmap_get_node) key: test data2 vs test data2 
DEBUG: (src/hashmap.c :132 :Hashmap_get) 0
DEBUG: (src/hashmap.c :94 :Hashmap_get_node) start end mid bucketmax 0 0 0 50
DEBUG: (src/hashmap.c :96 :Hashmap_get_node) key: test data3 vs test data1 
DEBUG: (src/hashmap.c :103 :Hashmap_get_node) start end 1 0
DEBUG: (src/hashmap.c :129 :Hashmap_get) d3db4720
DEBUG: (src/hashmap.c :94 :Hashmap_get_node) start end mid bucketmax 0 1 0 50
DEBUG: (src/hashmap.c :96 :Hashmap_get_node) key: test data3 vs test data1 
DEBUG: (src/hashmap.c :103 :Hashmap_get_node) start end 1 1
DEBUG: (src/hashmap.c :94 :Hashmap_get_node) start end mid bucketmax 1 1 1 50
DEBUG: (src/hashmap.c :96 :Hashmap_get_node) key: test data3 vs test data3 
DEBUG: (src/hashmap.c :132 :Hashmap_get) 1
DEBUG: (test/hashmap_tests.c :83 :all_tests) 
------test_traverse
DEBUG: (test/hashmap_tests.c :15 :traverse_good_cb) Key test data1
DEBUG: (test/hashmap_tests.c :15 :traverse_good_cb) Key test data3
DEBUG: (test/hashmap_tests.c :15 :traverse_good_cb) Key test data2
DEBUG: (test/hashmap_tests.c :20 :traverse_fail_cb) KEY: test data1
DEBUG: (test/hashmap_tests.c :20 :traverse_fail_cb) KEY: test data3
DEBUG: (test/hashmap_tests.c :84 :all_tests) 
------test_delete
DEBUG: (src/hashmap.c :94 :Hashmap_get_node) start end mid bucketmax 0 1 0 50
DEBUG: (src/hashmap.c :96 :Hashmap_get_node) key: test data1 vs test data1 
DEBUG: (src/hashmap.c :129 :Hashmap_get) d3db4720
DEBUG: (src/hashmap.c :94 :Hashmap_get_node) start end mid bucketmax 0 0 0 50
DEBUG: (src/hashmap.c :96 :Hashmap_get_node) key: test data1 vs test data3 
DEBUG: (src/hashmap.c :103 :Hashmap_get_node) start end 0 -1
DEBUG: (src/hashmap.c :132 :Hashmap_get) -1
DEBUG: (src/hashmap.c :94 :Hashmap_get_node) start end mid bucketmax 0 0 0 50
DEBUG: (src/hashmap.c :96 :Hashmap_get_node) key: test data2 vs test data2 
DEBUG: (src/hashmap.c :129 :Hashmap_get) d3db4910
DEBUG: (src/hashmap.c :132 :Hashmap_get) -1
DEBUG: (src/hashmap.c :94 :Hashmap_get_node) start end mid bucketmax 0 0 0 50
DEBUG: (src/hashmap.c :96 :Hashmap_get_node) key: test data3 vs test data3 
DEBUG: (src/hashmap.c :129 :Hashmap_get) d3db4720
DEBUG: (src/hashmap.c :132 :Hashmap_get) -1
DEBUG: (test/hashmap_tests.c :85 :all_tests) 
------test_destroy
DEBUG: (test/list_algos_tests.c :94 :main) -----RUNNING :././test/list_algos_tests
DEBUG: (test/list_algos_tests.c :88 :all_tests) 
------test_bubble_sort
DEBUG: (src/list.c :87 :List_push) gay shit
DEBUG: (src/list.c :87 :List_push) gay shit
DEBUG: (src/list.c :87 :List_push) gay shit
DEBUG: (src/list.c :87 :List_push) gay shit
DEBUG: (src/list.c :87 :List_push) gay shit
DEBUG: (test/list_algos_tests.c :89 :all_tests) 
------test_merge_sort
DEBUG: (src/list.c :87 :List_push) gay shit
DEBUG: (src/list.c :87 :List_push) gay shit
DEBUG: (src/list.c :87 :List_push) gay shit
DEBUG: (src/list.c :87 :List_push) gay shit
DEBUG: (src/list.c :87 :List_push) gay shit
DEBUG: (src/list.c :87 :List_push) gay shit
DEBUG: (test/list_algos_tests.c :90 :all_tests) 
------test_speed
DEBUG: (src/list.c :87 :List_push) gay shit
DEBUG: (src/list.c :87 :List_push) gay shit
DEBUG: (src/list.c :87 :List_push) gay shit
DEBUG: (src/list.c :87 :List_push) gay shit
DEBUG: (src/list.c :87 :List_push) gay shit
DEBUG: (src/list.c :87 :List_push) gay shit
DEBUG: (src/list.c :87 :List_push) gay shit
DEBUG: (src/list.c :87 :List_push) gay shit
DEBUG: (src/list.c :87 :List_push) gay shit
DEBUG: (src/list.c :87 :List_push) gay shit
DEBUG: (src/list.c :87 :List_push) gay shit
DEBUG: (src/list.c :87 :List_push) gay shit
DEBUG: (src/list.c :87 :List_push) gay shit
DEBUG: (src/list.c :87 :List_push) gay shit
DEBUG: (src/list.c :87 :List_push) gay shit
DEBUG: (src/list.c :87 :List_push) gay shit
DEBUG: (src/list.c :87 :List_push) gay shit
DEBUG: (src/list.c :87 :List_push) gay shit
DEBUG: (src/list.c :87 :List_push) gay shit
DEBUG: (src/list.c :87 :List_push) gay shit
DEBUG: (src/list.c :87 :List_push) gay shit
DEBUG: (src/list.c :87 :List_push) gay shit
DEBUG: (src/list.c :87 :List_push) gay shit
DEBUG: (src/list.c :87 :List_push) gay shit
DEBUG: (src/list.c :87 :List_push) gay shit
DEBUG: (src/list.c :87 :List_push) gay shit
DEBUG: (src/list.c :87 :List_push) gay shit
DEBUG: (src/list.c :87 :List_push) gay shit
DEBUG: (src/list.c :87 :List_push) gay shit
DEBUG: (src/list.c :87 :List_push) gay shit
DEBUG: (src/list.c :87 :List_push) gay shit
DEBUG: (src/list.c :87 :List_push) gay shit
DEBUG: (src/list.c :87 :List_push) gay shit
DEBUG: (src/list.c :87 :List_push) gay shit
DEBUG: (src/list.c :87 :List_push) gay shit
DEBUG: (src/list.c :87 :List_push) gay shit
DEBUG: (src/list.c :87 :List_push) gay shit
DEBUG: (src/list.c :87 :List_push) gay shit
DEBUG: (src/list.c :87 :List_push) gay shit
DEBUG: (src/list.c :87 :List_push) gay shit
DEBUG: (src/list.c :87 :List_push) gay shit
DEBUG: (src/list.c :87 :List_push) gay shit
DEBUG: (src/list.c :87 :List_push) gay shit
DEBUG: (src/list.c :87 :List_push) gay shit
DEBUG: (src/list.c :87 :List_push) gay shit
DEBUG: (src/list.c :87 :List_push) gay shit
DEBUG: (src/list.c :87 :List_push) gay shit
DEBUG: (src/list.c :87 :List_push) gay shit
DEBUG: (src/list.c :87 :List_push) gay shit
DEBUG: (src/list.c :87 :List_push) gay shit
DEBUG: (src/list.c :87 :List_push) gay shit
DEBUG: (src/list.c :87 :List_push) gay shit
DEBUG: (src/list.c :87 :List_push) gay shit
DEBUG: (src/list.c :87 :List_push) gay shit
DEBUG: (src/list.c :87 :List_push) gay shit
DEBUG: (src/list.c :87 :List_push) gay shit
DEBUG: (src/list.c :87 :List_push) gay shit
DEBUG: (src/list.c :87 :List_push) gay shit
DEBUG: (src/list.c :87 :List_push) gay shit
DEBUG: (src/list.c :87 :List_push) gay shit
DEBUG: (src/list.c :87 :List_push) gay shit
DEBUG: (src/list.c :87 :List_push) gay shit
DEBUG: (src/list.c :87 :List_push) gay shit
DEBUG: (src/list.c :87 :List_push) gay shit
DEBUG: (src/list.c :87 :List_push) gay shit
DEBUG: (src/list.c :87 :List_push) gay shit
DEBUG: (src/list.c :87 :List_push) gay shit
DEBUG: (src/list.c :87 :List_push) gay shit
DEBUG: (src/list.c :87 :List_push) gay shit
DEBUG: (src/list.c :87 :List_push) gay shit
DEBUG: (src/list.c :87 :List_push) gay shit
DEBUG: (src/list.c :87 :List_push) gay shit
DEBUG: (src/list.c :87 :List_push) gay shit
DEBUG: (src/list.c :87 :List_push) gay shit
DEBUG: (src/list.c :87 :List_push) gay shit
DEBUG: (src/list.c :87 :List_push) gay shit
DEBUG: (src/list.c :87 :List_push) gay shit
DEBUG: (src/list.c :87 :List_push) gay shit
DEBUG: (src/list.c :87 :List_push) gay shit
DEBUG: (src/list.c :87 :List_push) gay shit
DEBUG: (src/list.c :87 :List_push) gay shit
DEBUG: (src/list.c :87 :List_push) gay shit
DEBUG: (src/list.c :87 :List_push) gay shit
DEBUG: (src/list.c :87 :List_push) gay shit
DEBUG: (src/list.c :87 :List_push) gay shit
DEBUG: (src/list.c :87 :List_push) gay shit
DEBUG: (src/list.c :87 :List_push) gay shit
DEBUG: (src/list.c :87 :List_push) gay shit
DEBUG: (src/list.c :87 :List_push) gay shit
DEBUG: (src/list.c :87 :List_push) gay shit
DEBUG: (src/list.c :87 :List_push) gay shit
DEBUG: (src/list.c :87 :List_push) gay shit
DEBUG: (src/list.c :87 :List_push) gay shit
DEBUG: (src/list.c :87 :List_push) gay shit
DEBUG: (src/list.c :87 :List_push) gay shit
DEBUG: (src/list.c :87 :List_push) gay shit
DEBUG: (src/list.c :87 :List_push) gay shit
DEBUG: (src/list.c :87 :List_push) gay shit
DEBUG: (src/list.c :87 :List_push) gay shit
DEBUG: (src/list.c :87 :List_push) gay shit
DEBUG: (src/list.c :87 :List_push) gay shit
DEBUG: (src/list.c :87 :List_push) gay shit
DEBUG: (src/list.c :87 :List_push) gay shit
DEBUG: (src/list.c :87 :List_push) gay shit
DEBUG: (src/list.c :87 :List_push) gay shit
DEBUG: (src/list.c :87 :List_push) gay shit
DEBUG: (src/list.c :87 :List_push) gay shit
DEBUG: (src/list.c :87 :List_push) gay shit
DEBUG: (src/list.c :87 :List_push) gay shit
DEBUG: (src/list.c :87 :List_push) gay shit
DEBUG: (src/list.c :87 :List_push) gay shit
DEBUG: (src/list.c :87 :List_push) gay shit
DEBUG: (src/list.c :87 :List_push) gay shit
DEBUG: (src/list.c :87 :List_push) gay shit
DEBUG: (src/list.c :87 :List_push) gay shit
DEBUG: (src/list.c :87 :List_push) gay shit
DEBUG: (src/list.c :87 :List_push) gay shit
DEBUG: (src/list.c :87 :List_push) gay shit
DEBUG: (src/list.c :87 :List_push) gay shit
DEBUG: (src/list.c :87 :List_push) gay shit
DEBUG: (src/list.c :87 :List_push) gay shit
DEBUG: (src/list.c :87 :List_push) gay shit
DEBUG: (src/list.c :87 :List_push) gay shit
DEBUG: (src/list.c :87 :List_push) gay shit
DEBUG: (src/list.c :87 :List_push) gay shit
DEBUG: (src/list.c :87 :List_push) gay shit
DEBUG: (src/list.c :87 :List_push) gay shit
DEBUG: (src/list.c :87 :List_push) gay shit
DEBUG: (src/list.c :87 :List_push) gay shit
DEBUG: (src/list.c :87 :List_push) gay shit
DEBUG: (src/list.c :87 :List_push) gay shit
DEBUG: (src/list.c :87 :List_push) gay shit
DEBUG: (src/list.c :87 :List_push) gay shit
DEBUG: (src/list.c :87 :List_push) gay shit
DEBUG: (src/list.c :87 :List_push) gay shit
DEBUG: (src/list.c :87 :List_push) gay shit
DEBUG: (src/list.c :87 :List_push) gay shit
DEBUG: (src/list.c :87 :List_push) gay shit
DEBUG: (src/list.c :87 :List_push) gay shit
DEBUG: (src/list.c :87 :List_push) gay shit
DEBUG: (src/list.c :87 :List_push) gay shit
DEBUG: (src/list.c :87 :List_push) gay shit
DEBUG: (src/list.c :87 :List_push) gay shit
DEBUG: (src/list.c :87 :List_push) gay shit
DEBUG: (src/list.c :87 :List_push) gay shit
DEBUG: (src/list.c :87 :List_push) gay shit
DEBUG: (src/list.c :87 :List_push) gay shit
DEBUG: (src/list.c :87 :List_push) gay shit
DEBUG: (src/list.c :87 :List_push) gay shit
DEBUG: (src/list.c :87 :List_push) gay shit
DEBUG: (src/list.c :87 :List_push) gay shit
DEBUG: (src/list.c :87 :List_push) gay shit
DEBUG: (src/list.c :87 :List_push) gay shit
DEBUG: (src/list.c :87 :List_push) gay shit
DEBUG: (src/list.c :87 :List_push) gay shit
DEBUG: (src/list.c :87 :List_push) gay shit
DEBUG: (src/list.c :87 :List_push) gay shit
DEBUG: (src/list.c :87 :List_push) gay shit
DEBUG: (src/list.c :87 :List_push) gay shit
DEBUG: (src/list.c :87 :List_push) gay shit
DEBUG: (src/list.c :87 :List_push) gay shit
DEBUG: (src/list.c :87 :List_push) gay shit
DEBUG: (src/list.c :87 :List_push) gay shit
DEBUG: (src/list.c :87 :List_push) gay shit
DEBUG: (src/list.c :87 :List_push) gay shit
DEBUG: (src/list.c :87 :List_push) gay shit
DEBUG: (src/list.c :87 :List_push) gay shit
DEBUG: (src/list.c :87 :List_push) gay shit
DEBUG: (src/list.c :87 :List_push) gay shit
DEBUG: (src/list.c :87 :List_push) gay shit
DEBUG: (src/list.c :87 :List_push) gay shit
DEBUG: (src/list.c :87 :List_push) gay shit
DEBUG: (src/list.c :87 :List_push) gay shit
DEBUG: (src/list.c :87 :List_push) gay shit
DEBUG: (src/list.c :87 :List_push) gay shit
DEBUG: (src/list.c :87 :List_push) gay shit
DEBUG: (src/list.c :87 :List_push) gay shit
DEBUG: (src/list.c :87 :List_push) gay shit
DEBUG: (src/list.c :87 :List_push) gay shit
DEBUG: (src/list.c :87 :List_push) gay shit
DEBUG: (src/list.c :87 :List_push) gay shit
DEBUG: (src/list.c :87 :List_push) gay shit
DEBUG: (src/list.c :87 :List_push) gay shit
DEBUG: (src/list.c :87 :List_push) gay shit
DEBUG: (src/list.c :87 :List_push) gay shit
DEBUG: (src/list.c :87 :List_push) gay shit
DEBUG: (src/list.c :87 :List_push) gay shit
DEBUG: (src/list.c :87 :List_push) gay shit
DEBUG: (src/list.c :87 :List_push) gay shit
DEBUG: (src/list.c :87 :List_push) gay shit
DEBUG: (src/list.c :87 :List_push) gay shit
DEBUG: (src/list.c :87 :List_push) gay shit
DEBUG: (src/list.c :87 :List_push) gay shit
DEBUG: (src/list.c :87 :List_push) gay shit
DEBUG: (src/list.c :87 :List_push) gay shit
DEBUG: (src/list.c :87 :List_push) gay shit
DEBUG: (src/list.c :87 :List_push) gay shit
DEBUG: (src/list.c :87 :List_push) gay shit
DEBUG: (src/list.c :87 :List_push) gay shit
DEBUG: (src/list.c :87 :List_push) gay shit
DEBUG: (src/list.c :87 :List_push) gay shit
DEBUG: (src/list.c :87 :List_push) gay shit
DEBUG: (src/list.c :87 :List_push) gay shit
DEBUG: (src/list.c :87 :List_push) gay shit
DEBUG: (src/list.c :87 :List_push) gay shit
DEBUG: (src/list.c :87 :List_push) gay shit
DEBUG: (src/list.c :87 :List_push) gay shit
DEBUG: (src/list.c :87 :List_push) gay shit
DEBUG: (src/list.c :87 :List_push) gay shit
DEBUG: (src/list.c :87 :List_push) gay shit
DEBUG: (src/list.c :87 :List_push) gay shit
DEBUG: (src/list.c :87 :List_push) gay shit
DEBUG: (src/list.c :87 :List_push) gay shit
DEBUG: (src/list.c :87 :List_push) gay shit
DEBUG: (src/list.c :87 :List_push) gay shit
DEBUG: (src/list.c :87 :List_push) gay shit
DEBUG: (src/list.c :87 :List_push) gay shit
DEBUG: (src/list.c :87 :List_push) gay shit
DEBUG: (src/list.c :87 :List_push) gay shit
DEBUG: (src/list.c :87 :List_push) gay shit
DEBUG: (src/list.c :87 :List_push) gay shit
DEBUG: (src/list.c :87 :List_push) gay shit
DEBUG: (src/list.c :87 :List_push) gay shit
DEBUG: (src/list.c :87 :List_push) gay shit
DEBUG: (src/list.c :87 :List_push) gay shit
DEBUG: (src/list.c :87 :List_push) gay shit
DEBUG: (src/list.c :87 :List_push) gay shit
DEBUG: (src/list.c :87 :List_push) gay shit
DEBUG: (src/list.c :87 :List_push) gay shit
DEBUG: (src/list.c :87 :List_push) gay shit
DEBUG: (src/list.c :87 :List_push) gay shit
DEBUG: (src/list.c :87 :List_push) gay shit
DEBUG: (src/list.c :87 :List_push) gay shit
DEBUG: (src/list.c :87 :List_push) gay shit
DEBUG: (src/list.c :87 :List_push) gay shit
DEBUG: (src/list.c :87 :List_push) gay shit
DEBUG: (src/list.c :87 :List_push) gay shit
DEBUG: (src/list.c :87 :List_push) gay shit
DEBUG: (src/list.c :87 :List_push) gay shit
DEBUG: (src/list.c :87 :List_push) gay shit
DEBUG: (src/list.c :87 :List_push) gay shit
DEBUG: (src/list.c :87 :List_push) gay shit
DEBUG: (src/list.c :87 :List_push) gay shit
DEBUG: (src/list.c :87 :List_push) gay shit
DEBUG: (src/list.c :87 :List_push) gay shit
DEBUG: (src/list.c :87 :List_push) gay shit
DEBUG: (src/list.c :87 :List_push) gay shit
DEBUG: (src/list.c :87 :List_push) gay shit
DEBUG: (src/list.c :87 :List_push) gay shit
DEBUG: (src/list.c :87 :List_push) gay shit
DEBUG: (src/list.c :87 :List_push) gay shit
DEBUG: (src/list.c :87 :List_push) gay shit
DEBUG: (src/list.c :87 :List_push) gay shit
DEBUG: (src/list.c :87 :List_push) gay shit
DEBUG: (src/list.c :87 :List_push) gay shit
DEBUG: (src/list.c :87 :List_push) gay shit
DEBUG: (src/list.c :87 :List_push) gay shit
DEBUG: (src/list.c :87 :List_push) gay shit
DEBUG: (src/list.c :87 :List_push) gay shit
DEBUG: (src/list.c :87 :List_push) gay shit
DEBUG: (src/list.c :87 :List_push) gay shit
DEBUG: (src/list.c :87 :List_push) gay shit
DEBUG: (src/list.c :87 :List_push) gay shit
DEBUG: (src/list.c :87 :List_push) gay shit
DEBUG: (src/list.c :87 :List_push) gay shit
DEBUG: (src/list.c :87 :List_push) gay shit
DEBUG: (src/list.c :87 :List_push) gay shit
DEBUG: (src/list.c :87 :List_push) gay shit
DEBUG: (src/list.c :87 :List_push) gay shit
DEBUG: (src/list.c :87 :List_push) gay shit
DEBUG: (src/list.c :87 :List_push) gay shit
DEBUG: (src/list.c :87 :List_push) gay shit
DEBUG: (src/list.c :87 :List_push) gay shit
DEBUG: (src/list.c :87 :List_push) gay shit
DEBUG: (src/list.c :87 :List_push) gay shit
DEBUG: (src/list.c :87 :List_push) gay shit
DEBUG: (src/list.c :87 :List_push) gay shit
DEBUG: (src/list.c :87 :List_push) gay shit
DEBUG: (src/list.c :87 :List_push) gay shit
DEBUG: (src/list.c :87 :List_push) gay shit
DEBUG: (src/list.c :87 :List_push) gay shit
DEBUG: (src/list.c :87 :List_push) gay shit
DEBUG: (src/list.c :87 :List_push) gay shit
DEBUG: (src/list.c :87 :List_push) gay shit
DEBUG: (src/list.c :87 :List_push) gay shit
DEBUG: (src/list.c :87 :List_push) gay shit
DEBUG: (src/list.c :87 :List_push) gay shit
DEBUG: (src/list.c :87 :List_push) gay shit
DEBUG: (src/list.c :87 :List_push) gay shit
DEBUG: (src/list.c :87 :List_push) gay shit
DEBUG: (src/list.c :87 :List_push) gay shit
DEBUG: (src/list.c :87 :List_push) gay shit
DEBUG: (src/list.c :87 :List_push) gay shit
DEBUG: (src/list.c :87 :List_push) gay shit
DEBUG: (src/list.c :87 :List_push) gay shit
DEBUG: (src/list.c :87 :List_push) gay shit
DEBUG: (src/list.c :87 :List_push) gay shit
DEBUG: (src/list.c :87 :List_push) gay shit
DEBUG: (src/list.c :87 :List_push) gay shit
DEBUG: (src/list.c :87 :List_push) gay shit
DEBUG: (src/list.c :87 :List_push) gay shit
DEBUG: (src/list.c :87 :List_push) gay shit
DEBUG: (src/list.c :87 :List_push) gay shit
DEBUG: (src/list.c :87 :List_push) gay shit
DEBUG: (src/list.c :87 :List_push) gay shit
DEBUG: (src/list.c :87 :List_push) gay shit
DEBUG: (src/list.c :87 :List_push) gay shit
DEBUG: (src/list.c :87 :List_push) gay shit
DEBUG: (src/list.c :87 :List_push) gay shit
DEBUG: (src/list.c :87 :List_push) gay shit
DEBUG: (src/list.c :87 :List_push) gay shit
DEBUG: (src/list.c :87 :List_push) gay shit
DEBUG: (src/list.c :87 :List_push) gay shit
DEBUG: (src/list.c :87 :List_push) gay shit
DEBUG: (src/list.c :87 :List_push) gay shit
DEBUG: (src/list.c :87 :List_push) gay shit
DEBUG: (src/list.c :87 :List_push) gay shit
DEBUG: (src/list.c :87 :List_push) gay shit
DEBUG: (src/list.c :87 :List_push) gay shit
DEBUG: (src/list.c :87 :List_push) gay shit
DEBUG: (src/list.c :87 :List_push) gay shit
DEBUG: (src/list.c :87 :List_push) gay shit
DEBUG: (src/list.c :87 :List_push) gay shit
DEBUG: (src/list.c :87 :List_push) gay shit
DEBUG: (src/list.c :87 :List_push) gay shit
DEBUG: (src/list.c :87 :List_push) gay shit
DEBUG: (src/list.c :87 :List_push) gay shit
DEBUG: (src/list.c :87 :List_push) gay shit
DEBUG: (src/list.c :87 :List_push) gay shit
DEBUG: (src/list.c :87 :List_push) gay shit
DEBUG: (src/list.c :87 :List_push) gay shit
DEBUG: (src/list.c :87 :List_push) gay shit
DEBUG: (src/list.c :87 :List_push) gay shit
DEBUG: (src/list.c :87 :List_push) gay shit
DEBUG: (src/list.c :87 :List_push) gay shit
DEBUG: (src/list.c :87 :List_push) gay shit
DEBUG: (src/list.c :87 :List_push) gay shit
DEBUG: (src/list.c :87 :List_push) gay shit
DEBUG: (src/list.c :87 :List_push) gay shit
DEBUG: (src/list.c :87 :List_push) gay shit
DEBUG: (src/list.c :87 :List_push) gay shit
DEBUG: (src/list.c :87 :List_push) gay shit
DEBUG: (src/list.c :87 :List_push) gay shit
DEBUG: (src/list.c :87 :List_push) gay shit
DEBUG: (src/list.c :87 :List_push) gay shit
DEBUG: (src/list.c :87 :List_push) gay shit
DEBUG: (src/list.c :87 :List_push) gay shit
DEBUG: (src/list.c :87 :List_push) gay shit
DEBUG: (src/list.c :87 :List_push) gay shit
DEBUG: (src/list.c :87 :List_push) gay shit
DEBUG: (src/list.c :87 :List_push) gay shit
DEBUG: (src/list.c :87 :List_push) gay shit
DEBUG: (src/list.c :87 :List_push) gay shit
DEBUG: (src/list.c :87 :List_push) gay shit
DEBUG: (src/list.c :87 :List_push) gay shit
DEBUG: (src/list.c :87 :List_push) gay shit
DEBUG: (src/list.c :87 :List_push) gay shit
DEBUG: (src/list.c :87 :List_push) gay shit
DEBUG: (src/list.c :87 :List_push) gay shit
DEBUG: (src/list.c :87 :List_push) gay shit
DEBUG: (src/list.c :87 :List_push) gay shit
DEBUG: (src/list.c :87 :List_push) gay shit
DEBUG: (src/list.c :87 :List_push) gay shit
DEBUG: (src/list.c :87 :List_push) gay shit
DEBUG: (src/list.c :87 :List_push) gay shit
DEBUG: (src/list.c :87 :List_push) gay shit
DEBUG: (src/list.c :87 :List_push) gay shit
DEBUG: (src/list.c :87 :List_push) gay shit
DEBUG: (src/list.c :87 :List_push) gay shit
DEBUG: (src/list.c :87 :List_push) gay shit
DEBUG: (src/list.c :87 :List_push) gay shit
DEBUG: (src/list.c :87 :List_push) gay shit
DEBUG: (src/list.c :87 :List_push) gay shit
DEBUG: (src/list.c :87 :List_push) gay shit
DEBUG: (src/list.c :87 :List_push) gay shit
DEBUG: (src/list.c :87 :List_push) gay shit
DEBUG: (src/list.c :87 :List_push) gay shit
DEBUG: (src/list.c :87 :List_push) gay shit
DEBUG: (src/list.c :87 :List_push) gay shit
DEBUG: (src/list.c :87 :List_push) gay shit
DEBUG: (src/list.c :87 :List_push) gay shit
DEBUG: (src/list.c :87 :List_push) gay shit
DEBUG: (src/list.c :87 :List_push) gay shit
DEBUG: (src/list.c :87 :List_push) gay shit
DEBUG: (src/list.c :87 :List_push) gay shit
DEBUG: (src/list.c :87 :List_push) gay shit
DEBUG: (src/list.c :87 :List_push) gay shit
DEBUG: (src/list.c :87 :List_push) gay shit
DEBUG: (src/list.c :87 :List_push) gay shit
DEBUG: (src/list.c :87 :List_push) gay shit
DEBUG: (src/list.c :87 :List_push) gay shit
DEBUG: (src/list.c :87 :List_push) gay shit
DEBUG: (src/list.c :87 :List_push) gay shit
DEBUG: (src/list.c :87 :List_push) gay shit
DEBUG: (src/list.c :87 :List_push) gay shit
DEBUG: (src/list.c :87 :List_push) gay shit
DEBUG: (src/list.c :87 :List_push) gay shit
DEBUG: (src/list.c :87 :List_push) gay shit
DEBUG: (src/list.c :87 :List_push) gay shit
DEBUG: (src/list.c :87 :List_push) gay shit
DEBUG: (src/list.c :87 :List_push) gay shit
DEBUG: (src/list.c :87 :List_push) gay shit
DEBUG: (src/list.c :87 :List_push) gay shit
DEBUG: (src/list.c :87 :List_push) gay shit
DEBUG: (src/list.c :87 :List_push) gay shit
DEBUG: (src/list.c :87 :List_push) gay shit
DEBUG: (src/list.c :87 :List_push) gay shit
DEBUG: (src/list.c :87 :List_push) gay shit
DEBUG: (src/list.c :87 :List_push) gay shit
DEBUG: (src/list.c :87 :List_push) gay shit
DEBUG: (src/list.c :87 :List_push) gay shit
DEBUG: (src/list.c :87 :List_push) gay shit
DEBUG: (src/list.c :87 :List_push) gay shit
DEBUG: (src/list.c :87 :List_push) gay shit
DEBUG: (src/list.c :87 :List_push) gay shit
DEBUG: (src/list.c :87 :List_push) gay shit
DEBUG: (src/list.c :87 :List_push) gay shit
DEBUG: (src/list.c :87 :List_push) gay shit
DEBUG: (src/list.c :87 :List_push) gay shit
DEBUG: (src/list.c :87 :List_push) gay shit
DEBUG: (src/list.c :87 :List_push) gay shit
DEBUG: (src/list.c :87 :List_push) gay shit
DEBUG: (src/list.c :87 :List_push) gay shit
DEBUG: (src/list.c :87 :List_push) gay shit
DEBUG: (src/list.c :87 :List_push) gay shit
DEBUG: (src/list.c :87 :List_push) gay shit
DEBUG: (src/list.c :87 :List_push) gay shit
DEBUG: (src/list.c :87 :List_push) gay shit
DEBUG: (src/list.c :87 :List_push) gay shit
DEBUG: (src/list.c :87 :List_push) gay shit
DEBUG: (src/list.c :87 :List_push) gay shit
DEBUG: (src/list.c :87 :List_push) gay shit
DEBUG: (src/list.c :87 :List_push) gay shit
DEBUG: (src/list.c :87 :List_push) gay shit
DEBUG: (src/list.c :87 :List_push) gay shit
DEBUG: (src/list.c :87 :List_push) gay shit
DEBUG: (src/list.c :87 :List_push) gay shit
DEBUG: (src/list.c :87 :List_push) gay shit
DEBUG: (src/list.c :87 :List_push) gay shit
DEBUG: (src/list.c :87 :List_push) gay shit
DEBUG: (src/list.c :87 :List_push) gay shit
DEBUG: (src/list.c :87 :List_push) gay shit
DEBUG: (src/list.c :87 :List_push) gay shit
DEBUG: (src/list.c :87 :List_push) gay shit
DEBUG: (src/list.c :87 :List_push) gay shit
DEBUG: (src/list.c :87 :List_push) gay shit
DEBUG: (src/list.c :87 :List_push) gay shit
DEBUG: (src/list.c :87 :List_push) gay shit
DEBUG: (src/list.c :87 :List_push) gay shit
DEBUG: (src/list.c :87 :List_push) gay shit
DEBUG: (src/list.c :87 :List_push) gay shit
DEBUG: (src/list.c :87 :List_push) gay shit
DEBUG: (src/list.c :87 :List_push) gay shit
DEBUG: (src/list.c :87 :List_push) gay shit
DEBUG: (src/list.c :87 :List_push) gay shit
DEBUG: (src/list.c :87 :List_push) gay shit
DEBUG: (src/list.c :87 :List_push) gay shit
DEBUG: (src/list.c :87 :List_push) gay shit
DEBUG: (src/list.c :87 :List_push) gay shit
DEBUG: (src/list.c :87 :List_push) gay shit
DEBUG: (src/list.c :87 :List_push) gay shit
DEBUG: (src/list.c :87 :List_push) gay shit
DEBUG: (src/list.c :87 :List_push) gay shit
DEBUG: (src/list.c :87 :List_push) gay shit
DEBUG: (src/list.c :87 :List_push) gay shit
DEBUG: (src/list.c :87 :List_push) gay shit
DEBUG: (src/list.c :87 :List_push) gay shit
DEBUG: (src/list.c :87 :List_push) gay shit
DEBUG: (src/list.c :87 :List_push) gay shit
DEBUG: (src/list.c :87 :List_push) gay shit
DEBUG: (src/list.c :87 :List_push) gay shit
DEBUG: (src/list.c :87 :List_push) gay shit
DEBUG: (src/list.c :87 :List_push) gay shit
DEBUG: (src/list.c :87 :List_push) gay shit
DEBUG: (src/list.c :87 :List_push) gay shit
DEBUG: (src/list.c :87 :List_push) gay shit
DEBUG: (src/list.c :87 :List_push) gay shit
DEBUG: (src/list.c :87 :List_push) gay shit
DEBUG: (src/list.c :87 :List_push) gay shit
DEBUG: (src/list.c :87 :List_push) gay shit
DEBUG: (src/list.c :87 :List_push) gay shit
DEBUG: (src/list.c :87 :List_push) gay shit
DEBUG: (src/list.c :87 :List_push) gay shit
DEBUG: (src/list.c :87 :List_push) gay shit
DEBUG: (src/list.c :87 :List_push) gay shit
DEBUG: (src/list.c :87 :List_push) gay shit
DEBUG: (src/list.c :87 :List_push) gay shit
DEBUG: (src/list.c :87 :List_push) gay shit
DEBUG: (src/list.c :87 :List_push) gay shit
DEBUG: (src/list.c :87 :List_push) gay shit
DEBUG: (src/list.c :87 :List_push) gay shit
DEBUG: (src/list.c :87 :List_push) gay shit
DEBUG: (src/list.c :87 :List_push) gay shit
DEBUG: (src/list.c :87 :List_push) gay shit
DEBUG: (src/list.c :87 :List_push) gay shit
DEBUG: (src/list.c :87 :List_push) gay shit
DEBUG: (src/list.c :87 :List_push) gay shit
DEBUG: (src/list.c :87 :List_push) gay shit
DEBUG: (src/list.c :87 :List_push) gay shit
DEBUG: (src/list.c :87 :List_push) gay shit
DEBUG: (src/list.c :87 :List_push) gay shit
DEBUG: (src/list.c :87 :List_push) gay shit
DEBUG: (src/list.c :87 :List_push) gay shit
DEBUG: (src/list.c :87 :List_push) gay shit
DEBUG: (src/list.c :87 :List_push) gay shit
DEBUG: (src/list.c :87 :List_push) gay shit
DEBUG: (src/list.c :87 :List_push) gay shit
DEBUG: (src/list.c :87 :List_push) gay shit
DEBUG: (src/list.c :87 :List_push) gay shit
DEBUG: (src/list.c :87 :List_push) gay shit
DEBUG: (src/list.c :87 :List_push) gay shit
DEBUG: (src/list.c :87 :List_push) gay shit
DEBUG: (src/list.c :87 :List_push) gay shit
DEBUG: (src/list.c :87 :List_push) gay shit
DEBUG: (src/list.c :87 :List_push) gay shit
DEBUG: (src/list.c :87 :List_push) gay shit
DEBUG: (src/list.c :87 :List_push) gay shit
DEBUG: (src/list.c :87 :List_push) gay shit
DEBUG: (src/list.c :87 :List_push) gay shit
DEBUG: (src/list.c :87 :List_push) gay shit
DEBUG: (src/list.c :87 :List_push) gay shit
DEBUG: (src/list.c :87 :List_push) gay shit
DEBUG: (src/list.c :87 :List_push) gay shit
DEBUG: (src/list.c :87 :List_push) gay shit
DEBUG: (src/list.c :87 :List_push) gay shit
DEBUG: (src/list.c :87 :List_push) gay shit
DEBUG: (src/list.c :87 :List_push) gay shit
DEBUG: (src/list.c :87 :List_push) gay shit
DEBUG: (src/list.c :87 :List_push) gay shit
DEBUG: (src/list.c :87 :List_push) gay shit
DEBUG: (src/list.c :87 :List_push) gay shit
DEBUG: (src/list.c :87 :List_push) gay shit
DEBUG: (src/list.c :87 :List_push) gay shit
DEBUG: (src/list.c :87 :List_push) gay shit
DEBUG: (src/list.c :87 :List_push) gay shit
DEBUG: (src/list.c :87 :List_push) gay shit
DEBUG: (src/list.c :87 :List_push) gay shit
DEBUG: (src/list.c :87 :List_push) gay shit
DEBUG: (src/list.c :87 :List_push) gay shit
DEBUG: (src/list.c :87 :List_push) gay shit
DEBUG: (src/list.c :87 :List_push) gay shit
DEBUG: (src/list.c :87 :List_push) gay shit
DEBUG: (src/list.c :87 :List_push) gay shit
DEBUG: (src/list.c :87 :List_push) gay shit
DEBUG: (src/list.c :87 :List_push) gay shit
DEBUG: (src/list.c :87 :List_push) gay shit
DEBUG: (src/list.c :87 :List_push) gay shit
DEBUG: (src/list.c :87 :List_push) gay shit
DEBUG: (src/list.c :87 :List_push) gay shit
DEBUG: (src/list.c :87 :List_push) gay shit
DEBUG: (src/list.c :87 :List_push) gay shit
DEBUG: (src/list.c :87 :List_push) gay shit
DEBUG: (src/list.c :87 :List_push) gay shit
DEBUG: (src/list.c :87 :List_push) gay shit
DEBUG: (src/list.c :87 :List_push) gay shit
DEBUG: (src/list.c :87 :List_push) gay shit
DEBUG: (src/list.c :87 :List_push) gay shit
DEBUG: (src/list.c :87 :List_push) gay shit
DEBUG: (src/list.c :87 :List_push) gay shit
DEBUG: (src/list.c :87 :List_push) gay shit
DEBUG: (src/list.c :87 :List_push) gay shit
DEBUG: (src/list.c :87 :List_push) gay shit
DEBUG: (src/list.c :87 :List_push) gay shit
DEBUG: (src/list.c :87 :List_push) gay shit
DEBUG: (src/list.c :87 :List_push) gay shit
DEBUG: (src/list.c :87 :List_push) gay shit
DEBUG: (src/list.c :87 :List_push) gay shit
DEBUG: (src/list.c :87 :List_push) gay shit
DEBUG: (src/list.c :87 :List_push) gay shit
DEBUG: (src/list.c :87 :List_push) gay shit
DEBUG: (src/list.c :87 :List_push) gay shit
DEBUG: (src/list.c :87 :List_push) gay shit
DEBUG: (src/list.c :87 :List_push) gay shit
DEBUG: (src/list.c :87 :List_push) gay shit
DEBUG: (src/list.c :87 :List_push) gay shit
DEBUG: (src/list.c :87 :List_push) gay shit
DEBUG: (src/list.c :87 :List_push) gay shit
DEBUG: (src/list.c :87 :List_push) gay shit
DEBUG: (src/list.c :87 :List_push) gay shit
DEBUG: (src/list.c :87 :List_push) gay shit
DEBUG: (src/list.c :87 :List_push) gay shit
DEBUG: (src/list.c :87 :List_push) gay shit
DEBUG: (src/list.c :87 :List_push) gay shit
DEBUG: (src/list.c :87 :List_push) gay shit
DEBUG: (src/list.c :87 :List_push) gay shit
DEBUG: (src/list.c :87 :List_push) gay shit
DEBUG: (src/list.c :87 :List_push) gay shit
DEBUG: (src/list.c :87 :List_push) gay shit
DEBUG: (src/list.c :87 :List_push) gay shit
DEBUG: (src/list.c :87 :List_push) gay shit
DEBUG: (src/list.c :87 :List_push) gay shit
DEBUG: (src/list.c :87 :List_push) gay shit
DEBUG: (src/list.c :87 :List_push) gay shit
DEBUG: (src/list.c :87 :List_push) gay shit
DEBUG: (src/list.c :87 :List_push) gay shit
DEBUG: (src/list.c :87 :List_push) gay shit
DEBUG: (src/list.c :87 :List_push) gay shit
DEBUG: (src/list.c :87 :List_push) gay shit
DEBUG: (src/list.c :87 :List_push) gay shit
DEBUG: (src/list.c :87 :List_push) gay shit
DEBUG: (src/list.c :87 :List_push) gay shit
DEBUG: (src/list.c :87 :List_push) gay shit
DEBUG: (src/list.c :87 :List_push) gay shit
DEBUG: (src/list.c :87 :List_push) gay shit
DEBUG: (src/list.c :87 :List_push) gay shit
DEBUG: (src/list.c :87 :List_push) gay shit
DEBUG: (src/list.c :87 :List_push) gay shit
DEBUG: (src/list.c :87 :List_push) gay shit
DEBUG: (src/list.c :87 :List_push) gay shit
DEBUG: (src/list.c :87 :List_push) gay shit
DEBUG: (src/list.c :87 :List_push) gay shit
DEBUG: (src/list.c :87 :List_push) gay shit
DEBUG: (src/list.c :87 :List_push) gay shit
DEBUG: (src/list.c :87 :List_push) gay shit
DEBUG: (src/list.c :87 :List_push) gay shit
DEBUG: (src/list.c :87 :List_push) gay shit
DEBUG: (src/list.c :87 :List_push) gay shit
DEBUG: (src/list.c :87 :List_push) gay shit
DEBUG: (src/list.c :87 :List_push) gay shit
DEBUG: (src/list.c :87 :List_push) gay shit
DEBUG: (src/list.c :87 :List_push) gay shit
DEBUG: (src/list.c :87 :List_push) gay shit
DEBUG: (src/list.c :87 :List_push) gay shit
DEBUG: (src/list.c :87 :List_push) gay shit
DEBUG: (src/list.c :87 :List_push) gay shit
DEBUG: (src/list.c :87 :List_push) gay shit
DEBUG: (src/list.c :87 :List_push) gay shit
DEBUG: (src/list.c :87 :List_push) gay shit
DEBUG: (src/list.c :87 :List_push) gay shit
DEBUG: (src/list.c :87 :List_push) gay shit
DEBUG: (src/list.c :87 :List_push) gay shit
DEBUG: (src/list.c :87 :List_push) gay shit
DEBUG: (src/list.c :87 :List_push) gay shit
DEBUG: (src/list.c :87 :List_push) gay shit
DEBUG: (src/list.c :87 :List_push) gay shit
DEBUG: (src/list.c :87 :List_push) gay shit
DEBUG: (src/list.c :87 :List_push) gay shit
DEBUG: (src/list.c :87 :List_push) gay shit
DEBUG: (src/list.c :87 :List_push) gay shit
DEBUG: (src/list.c :87 :List_push) gay shit
DEBUG: (src/list.c :87 :List_push) gay shit
DEBUG: (src/list.c :87 :List_push) gay shit
DEBUG: (src/list.c :87 :List_push) gay shit
DEBUG: (src/list.c :87 :List_push) gay shit
DEBUG: (src/list.c :87 :List_push) gay shit
DEBUG: (src/list.c :87 :List_push) gay shit
DEBUG: (src/list.c :87 :List_push) gay shit
DEBUG: (src/list.c :87 :List_push) gay shit
DEBUG: (src/list.c :87 :List_push) gay shit
DEBUG: (src/list.c :87 :List_push) gay shit
DEBUG: (src/list.c :87 :List_push) gay shit
DEBUG: (src/list.c :87 :List_push) gay shit
DEBUG: (src/list.c :87 :List_push) gay shit
DEBUG: (src/list.c :87 :List_push) gay shit
DEBUG: (src/list.c :87 :List_push) gay shit
DEBUG: (src/list.c :87 :List_push) gay shit
DEBUG: (src/list.c :87 :List_push) gay shit
DEBUG: (src/list.c :87 :List_push) gay shit
DEBUG: (src/list.c :87 :List_push) gay shit
DEBUG: (src/list.c :87 :List_push) gay shit
DEBUG: (src/list.c :87 :List_push) gay shit
DEBUG: (src/list.c :87 :List_push) gay shit
DEBUG: (src/list.c :87 :List_push) gay shit
DEBUG: (src/list.c :87 :List_push) gay shit
DEBUG: (src/list.c :87 :List_push) gay shit
DEBUG: (src/list.c :87 :List_push) gay shit
DEBUG: (src/list.c :87 :List_push) gay shit
DEBUG: (src/list.c :87 :List_push) gay shit
DEBUG: (src/list.c :87 :List_push) gay shit
DEBUG: (src/list.c :87 :List_push) gay shit
DEBUG: (src/list.c :87 :List_push) gay shit
DEBUG: (src/list.c :87 :List_push) gay shit
DEBUG: (src/list.c :87 :List_push) gay shit
DEBUG: (src/list.c :87 :List_push) gay shit
DEBUG: (src/list.c :87 :List_push) gay shit
DEBUG: (src/list.c :87 :List_push) gay shit
DEBUG: (src/list.c :87 :List_push) gay shit
DEBUG: (src/list.c :87 :List_push) gay shit
DEBUG: (src/list.c :87 :List_push) gay shit
DEBUG: (src/list.c :87 :List_push) gay shit
DEBUG: (src/list.c :87 :List_push) gay shit
DEBUG: (src/list.c :87 :List_push) gay shit
DEBUG: (src/list.c :87 :List_push) gay shit
DEBUG: (src/list.c :87 :List_push) gay shit
DEBUG: (src/list.c :87 :List_push) gay shit
DEBUG: (src/list.c :87 :List_push) gay shit
DEBUG: (src/list.c :87 :List_push) gay shit
DEBUG: (src/list.c :87 :List_push) gay shit
DEBUG: (src/list.c :87 :List_push) gay shit
DEBUG: (src/list.c :87 :List_push) gay shit
DEBUG: (src/list.c :87 :List_push) gay shit
DEBUG: (src/list.c :87 :List_push) gay shit
DEBUG: (src/list.c :87 :List_push) gay shit
DEBUG: (src/list.c :87 :List_push) gay shit
DEBUG: (src/list.c :87 :List_push) gay shit
DEBUG: (src/list.c :87 :List_push) gay shit
DEBUG: (src/list.c :87 :List_push) gay shit
DEBUG: (src/list.c :87 :List_push) gay shit
DEBUG: (src/list.c :87 :List_push) gay shit
DEBUG: (src/list.c :87 :List_push) gay shit
DEBUG: (src/list.c :87 :List_push) gay shit
DEBUG: (src/list.c :87 :List_push) gay shit
DEBUG: (src/list.c :87 :List_push) gay shit
DEBUG: (src/list.c :87 :List_push) gay shit
DEBUG: (src/list.c :87 :List_push) gay shit
DEBUG: (src/list.c :87 :List_push) gay shit
DEBUG: (src/list.c :87 :List_push) gay shit
DEBUG: (src/list.c :87 :List_push) gay shit
DEBUG: (src/list.c :87 :List_push) gay shit
DEBUG: (src/list.c :87 :List_push) gay shit
DEBUG: (src/list.c :87 :List_push) gay shit
DEBUG: (src/list.c :87 :List_push) gay shit
DEBUG: (src/list.c :87 :List_push) gay shit
DEBUG: (src/list.c :87 :List_push) gay shit
DEBUG: (src/list.c :87 :List_push) gay shit
DEBUG: (src/list.c :87 :List_push) gay shit
DEBUG: (src/list.c :87 :List_push) gay shit
DEBUG: (src/list.c :87 :List_push) gay shit
DEBUG: (src/list.c :87 :List_push) gay shit
DEBUG: (src/list.c :87 :List_push) gay shit
DEBUG: (src/list.c :87 :List_push) gay shit
DEBUG: (src/list.c :87 :List_push) gay shit
DEBUG: (src/list.c :87 :List_push) gay shit
DEBUG: (src/list.c :87 :List_push) gay shit
DEBUG: (src/list.c :87 :List_push) gay shit
DEBUG: (src/list.c :87 :List_push) gay shit
DEBUG: (src/list.c :87 :List_push) gay shit
DEBUG: (src/list.c :87 :List_push) gay shit
DEBUG: (src/list.c :87 :List_push) gay shit
DEBUG: (src/list.c :87 :List_push) gay shit
DEBUG: (src/list.c :87 :List_push) gay shit
DEBUG: (src/list.c :87 :List_push) gay shit
DEBUG: (src/list.c :87 :List_push) gay shit
DEBUG: (src/list.c :87 :List_push) gay shit
DEBUG: (src/list.c :87 :List_push) gay shit
DEBUG: (src/list.c :87 :List_push) gay shit
DEBUG: (src/list.c :87 :List_push) gay shit
DEBUG: (src/list.c :87 :List_push) gay shit
DEBUG: (src/list.c :87 :List_push) gay shit
DEBUG: (src/list.c :87 :List_push) gay shit
DEBUG: (src/list.c :87 :List_push) gay shit
DEBUG: (src/list.c :87 :List_push) gay shit
DEBUG: (src/list.c :87 :List_push) gay shit
DEBUG: (src/list.c :87 :List_push) gay shit
DEBUG: (src/list.c :87 :List_push) gay shit
DEBUG: (src/list.c :87 :List_push) gay shit
DEBUG: (src/list.c :87 :List_push) gay shit
DEBUG: (src/list.c :87 :List_push) gay shit
DEBUG: (src/list.c :87 :List_push) gay shit
DEBUG: (src/list.c :87 :List_push) gay shit
DEBUG: (src/list.c :87 :List_push) gay shit
DEBUG: (src/list.c :87 :List_push) gay shit
DEBUG: (src/list.c :87 :List_push) gay shit
DEBUG: (src/list.c :87 :List_push) gay shit
DEBUG: (src/list.c :87 :List_push) gay shit
DEBUG: (src/list.c :87 :List_push) gay shit
DEBUG: (src/list.c :87 :List_push) gay shit
DEBUG: (src/list.c :87 :List_push) gay shit
DEBUG: (src/list.c :87 :List_push) gay shit
DEBUG: (src/list.c :87 :List_push) gay shit
DEBUG: (src/list.c :87 :List_push) gay shit
DEBUG: (src/list.c :87 :List_push) gay shit
DEBUG: (src/list.c :87 :List_push) gay shit
DEBUG: (src/list.c :87 :List_push) gay shit
DEBUG: (src/list.c :87 :List_push) gay shit
DEBUG: (src/list.c :87 :List_push) gay shit
DEBUG: (src/list.c :87 :List_push) gay shit
DEBUG: (src/list.c :87 :List_push) gay shit
DEBUG: (src/list.c :87 :List_push) gay shit
DEBUG: (src/list.c :87 :List_push) gay shit
DEBUG: (src/list.c :87 :List_push) gay shit
DEBUG: (src/list.c :87 :List_push) gay shit
DEBUG: (src/list.c :87 :List_push) gay shit
DEBUG: (src/list.c :87 :List_push) gay shit
DEBUG: (src/list.c :87 :List_push) gay shit
DEBUG: (src/list.c :87 :List_push) gay shit
DEBUG: (src/list.c :87 :List_push) gay shit
DEBUG: (src/list.c :87 :List_push) gay shit
DEBUG: (src/list.c :87 :List_push) gay shit
DEBUG: (src/list.c :87 :List_push) gay shit
DEBUG: (src/list.c :87 :List_push) gay shit
DEBUG: (src/list.c :87 :List_push) gay shit
DEBUG: (src/list.c :87 :List_push) gay shit
DEBUG: (src/list.c :87 :List_push) gay shit
DEBUG: (src/list.c :87 :List_push) gay shit
DEBUG: (src/list.c :87 :List_push) gay shit
DEBUG: (src/list.c :87 :List_push) gay shit
DEBUG: (src/list.c :87 :List_push) gay shit
DEBUG: (src/list.c :87 :List_push) gay shit
DEBUG: (src/list.c :87 :List_push) gay shit
DEBUG: (src/list.c :87 :List_push) gay shit
DEBUG: (src/list.c :87 :List_push) gay shit
DEBUG: (src/list.c :87 :List_push) gay shit
DEBUG: (src/list.c :87 :List_push) gay shit
DEBUG: (src/list.c :87 :List_push) gay shit
DEBUG: (src/list.c :87 :List_push) gay shit
DEBUG: (src/list.c :87 :List_push) gay shit
DEBUG: (src/list.c :87 :List_push) gay shit
DEBUG: (src/list.c :87 :List_push) gay shit
DEBUG: (src/list.c :87 :List_push) gay shit
DEBUG: (src/list.c :87 :List_push) gay shit
DEBUG: (src/list.c :87 :List_push) gay shit
DEBUG: (src/list.c :87 :List_push) gay shit
DEBUG: (src/list.c :87 :List_push) gay shit
DEBUG: (src/list.c :87 :List_push) gay shit
DEBUG: (src/list.c :87 :List_push) gay shit
DEBUG: (src/list.c :87 :List_push) gay shit
DEBUG: (src/list.c :87 :List_push) gay shit
DEBUG: (src/list.c :87 :List_push) gay shit
DEBUG: (src/list.c :87 :List_push) gay shit
DEBUG: (src/list.c :87 :List_push) gay shit
DEBUG: (src/list.c :87 :List_push) gay shit
DEBUG: (src/list.c :87 :List_push) gay shit
DEBUG: (src/list.c :87 :List_push) gay shit
DEBUG: (src/list.c :87 :List_push) gay shit
DEBUG: (src/list.c :87 :List_push) gay shit
DEBUG: (src/list.c :87 :List_push) gay shit
DEBUG: (src/list.c :87 :List_push) gay shit
DEBUG: (src/list.c :87 :List_push) gay shit
DEBUG: (src/list.c :87 :List_push) gay shit
DEBUG: (src/list.c :87 :List_push) gay shit
DEBUG: (src/list.c :87 :List_push) gay shit
DEBUG: (src/list.c :87 :List_push) gay shit
DEBUG: (src/list.c :87 :List_push) gay shit
DEBUG: (src/list.c :87 :List_push) gay shit
DEBUG: (src/list.c :87 :List_push) gay shit
DEBUG: (src/list.c :87 :List_push) gay shit
DEBUG: (src/list.c :87 :List_push) gay shit
DEBUG: (src/list.c :87 :List_push) gay shit
DEBUG: (src/list.c :87 :List_push) gay shit
DEBUG: (src/list.c :87 :List_push) gay shit
DEBUG: (src/list.c :87 :List_push) gay shit
DEBUG: (src/list.c :87 :List_push) gay shit
DEBUG: (src/list.c :87 :List_push) gay shit
DEBUG: (src/list.c :87 :List_push) gay shit
DEBUG: (src/list.c :87 :List_push) gay shit
DEBUG: (src/list.c :87 :List_push) gay shit
DEBUG: (src/list.c :87 :List_push) gay shit
DEBUG: (src/list.c :87 :List_push) gay shit
DEBUG: (src/list.c :87 :List_push) gay shit
DEBUG: (src/list.c :87 :List_push) gay shit
DEBUG: (src/list.c :87 :List_push) gay shit
DEBUG: (src/list.c :87 :List_push) gay shit
DEBUG: (src/list.c :87 :List_push) gay shit
DEBUG: (src/list.c :87 :List_push) gay shit
DEBUG: (src/list.c :87 :List_push) gay shit
DEBUG: (src/list.c :87 :List_push) gay shit
DEBUG: (src/list.c :87 :List_push) gay shit
DEBUG: (src/list.c :87 :List_push) gay shit
DEBUG: (src/list.c :87 :List_push) gay shit
DEBUG: (src/list.c :87 :List_push) gay shit
DEBUG: (src/list.c :87 :List_push) gay shit
DEBUG: (src/list.c :87 :List_push) gay shit
DEBUG: (src/list.c :87 :List_push) gay shit
DEBUG: (src/list.c :87 :List_push) gay shit
DEBUG: (src/list.c :87 :List_push) gay shit
DEBUG: (src/list.c :87 :List_push) gay shit
DEBUG: (src/list.c :87 :List_push) gay shit
DEBUG: (src/list.c :87 :List_push) gay shit
DEBUG: (src/list.c :87 :List_push) gay shit
DEBUG: (src/list.c :87 :List_push) gay shit
DEBUG: (src/list.c :87 :List_push) gay shit
DEBUG: (src/list.c :87 :List_push) gay shit
DEBUG: (src/list.c :87 :List_push) gay shit
DEBUG: (src/list.c :87 :List_push) gay shit
DEBUG: (src/list.c :87 :List_push) gay shit
DEBUG: (src/list.c :87 :List_push) gay shit
DEBUG: (src/list.c :87 :List_push) gay shit
DEBUG: (src/list.c :87 :List_push) gay shit
DEBUG: (src/list.c :87 :List_push) gay shit
DEBUG: (src/list.c :87 :List_push) gay shit
DEBUG: (src/list.c :87 :List_push) gay shit
DEBUG: (src/list.c :87 :List_push) gay shit
DEBUG: (src/list.c :87 :List_push) gay shit
DEBUG: (src/list.c :87 :List_push) gay shit
DEBUG: (src/list.c :87 :List_push) gay shit
DEBUG: (src/list.c :87 :List_push) gay shit
DEBUG: (src/list.c :87 :List_push) gay shit
DEBUG: (src/list.c :87 :List_push) gay shit
DEBUG: (src/list.c :87 :List_push) gay shit
DEBUG: (src/list.c :87 :List_push) gay shit
DEBUG: (src/list.c :87 :List_push) gay shit
DEBUG: (src/list.c :87 :List_push) gay shit
DEBUG: (src/list.c :87 :List_push) gay shit
DEBUG: (src/list.c :87 :List_push) gay shit
DEBUG: (src/list.c :87 :List_push) gay shit
DEBUG: (src/list.c :87 :List_push) gay shit
DEBUG: (src/list.c :87 :List_push) gay shit
DEBUG: (src/list.c :87 :List_push) gay shit
DEBUG: (src/list.c :87 :List_push) gay shit
DEBUG: (src/list.c :87 :List_push) gay shit
DEBUG: (src/list.c :87 :List_push) gay shit
DEBUG: (src/list.c :87 :List_push) gay shit
DEBUG: (src/list.c :87 :List_push) gay shit
DEBUG: (src/list.c :87 :List_push) gay shit
DEBUG: (src/list.c :87 :List_push) gay shit
DEBUG: (src/list.c :87 :List_push) gay shit
DEBUG: (src/list.c :87 :List_push) gay shit
DEBUG: (src/list.c :87 :List_push) gay shit
DEBUG: (src/list.c :87 :List_push) gay shit
DEBUG: (src/list.c :87 :List_push) gay shit
DEBUG: (src/list.c :87 :List_push) gay shit
DEBUG: (src/list.c :87 :List_push) gay shit
DEBUG: (src/list.c :87 :List_push) gay shit
DEBUG: (src/list.c :87 :List_push) gay shit
DEBUG: (src/list.c :87 :List_push) gay shit
DEBUG: (src/list.c :87 :List_push) gay shit
DEBUG: (src/list.c :87 :List_push) gay shit
DEBUG: (src/list.c :87 :List_push) gay shit
DEBUG: (src/list.c :87 :List_push) gay shit
DEBUG: (src/list.c :87 :List_push) gay shit
DEBUG: (src/list.c :87 :List_push) gay shit
DEBUG: (src/list.c :87 :List_push) gay shit
DEBUG: (src/list.c :87 :List_push) gay shit
DEBUG: (src/list.c :87 :List_push) gay shit
DEBUG: (src/list.c :87 :List_push) gay shit
DEBUG: (src/list.c :87 :List_push) gay shit
DEBUG: (src/list.c :87 :List_push) gay shit
DEBUG: (src/list.c :87 :List_push) gay shit
DEBUG: (src/list.c :87 :List_push) gay shit
DEBUG: (src/list.c :87 :List_push) gay shit
DEBUG: (src/list.c :87 :List_push) gay shit
DEBUG: (src/list.c :87 :List_push) gay shit
DEBUG: (src/list.c :87 :List_push) gay shit
DEBUG: (src/list.c :87 :List_push) gay shit
DEBUG: (src/list.c :87 :List_push) gay shit
DEBUG: (src/list.c :87 :List_push) gay shit
DEBUG: (src/list.c :87 :List_push) gay shit
DEBUG: (src/list.c :87 :List_push) gay shit
DEBUG: (src/list.c :87 :List_push) gay shit
DEBUG: (src/list.c :87 :List_push) gay shit
DEBUG: (src/list.c :87 :List_push) gay shit
DEBUG: (src/list.c :87 :List_push) gay shit
DEBUG: (src/list.c :87 :List_push) gay shit
DEBUG: (src/list.c :87 :List_push) gay shit
DEBUG: (src/list.c :87 :List_push) gay shit
DEBUG: (src/list.c :87 :List_push) gay shit
DEBUG: (src/list.c :87 :List_push) gay shit
DEBUG: (src/list.c :87 :List_push) gay shit
DEBUG: (src/list.c :87 :List_push) gay shit
DEBUG: (src/list.c :87 :List_push) gay shit
DEBUG: (src/list.c :87 :List_push) gay shit
DEBUG: (src/list.c :87 :List_push) gay shit
DEBUG: (src/list.c :87 :List_push) gay shit
DEBUG: (src/list.c :87 :List_push) gay shit
DEBUG: (src/list.c :87 :List_push) gay shit
DEBUG: (src/list.c :87 :List_push) gay shit
DEBUG: (src/list.c :87 :List_push) gay shit
DEBUG: (src/list.c :87 :List_push) gay shit
DEBUG: (src/list.c :87 :List_push) gay shit
DEBUG: (src/list.c :87 :List_push) gay shit
DEBUG: (src/list.c :87 :List_push) gay shit
DEBUG: (src/list.c :87 :List_push) gay shit
DEBUG: (src/list.c :87 :List_push) gay shit
DEBUG: (src/list.c :87 :List_push) gay shit
DEBUG: (src/list.c :87 :List_push) gay shit
DEBUG: (src/list.c :87 :List_push) gay shit
DEBUG: (src/list.c :87 :List_push) gay shit
DEBUG: (src/list.c :87 :List_push) gay shit
DEBUG: (src/list.c :87 :List_push) gay shit
DEBUG: (src/list.c :87 :List_push) gay shit
DEBUG: (src/list.c :87 :List_push) gay shit
DEBUG: (src/list.c :87 :List_push) gay shit
DEBUG: (src/list.c :87 :List_push) gay shit
DEBUG: (src/list.c :87 :List_push) gay shit
DEBUG: (src/list.c :87 :List_push) gay shit
DEBUG: (src/list.c :87 :List_push) gay shit
DEBUG: (src/list.c :87 :List_push) gay shit
DEBUG: (src/list.c :87 :List_push) gay shit
DEBUG: (src/list.c :87 :List_push) gay shit
DEBUG: (src/list.c :87 :List_push) gay shit
DEBUG: (src/list.c :87 :List_push) gay shit
DEBUG: (src/list.c :87 :List_push) gay shit
DEBUG: (src/list.c :87 :List_push) gay shit
DEBUG: (src/list.c :87 :List_push) gay shit
DEBUG: (src/list.c :87 :List_push) gay shit
DEBUG: (src/list.c :87 :List_push) gay shit
DEBUG: (src/list.c :87 :List_push) gay shit
DEBUG: (src/list.c :87 :List_push) gay shit
DEBUG: (src/list.c :87 :List_push) gay shit
DEBUG: (src/list.c :87 :List_push) gay shit
DEBUG: (src/list.c :87 :List_push) gay shit
DEBUG: (src/list.c :87 :List_push) gay shit
DEBUG: (src/list.c :87 :List_push) gay shit
DEBUG: (src/list.c :87 :List_push) gay shit
DEBUG: (src/list.c :87 :List_push) gay shit
DEBUG: (src/list.c :87 :List_push) gay shit
DEBUG: (src/list.c :87 :List_push) gay shit
DEBUG: (src/list.c :87 :List_push) gay shit
DEBUG: (src/list.c :87 :List_push) gay shit
DEBUG: (src/list.c :87 :List_push) gay shit
DEBUG: (src/list.c :87 :List_push) gay shit
DEBUG: (src/list.c :87 :List_push) gay shit
DEBUG: (src/list.c :87 :List_push) gay shit
DEBUG: (src/list.c :87 :List_push) gay shit
DEBUG: (src/list.c :87 :List_push) gay shit
DEBUG: (src/list.c :87 :List_push) gay shit
DEBUG: (src/list.c :87 :List_push) gay shit
DEBUG: (src/list.c :87 :List_push) gay shit
DEBUG: (src/list.c :87 :List_push) gay shit
DEBUG: (src/list.c :87 :List_push) gay shit
DEBUG: (src/list.c :87 :List_push) gay shit
DEBUG: (src/list.c :87 :List_push) gay shit
DEBUG: (src/list.c :87 :List_push) gay shit
DEBUG: (src/list.c :87 :List_push) gay shit
DEBUG: (src/list.c :87 :List_push) gay shit
DEBUG: (src/list.c :87 :List_push) gay shit
DEBUG: (src/list.c :87 :List_push) gay shit
DEBUG: (src/list.c :87 :List_push) gay shit
DEBUG: (src/list.c :87 :List_push) gay shit
DEBUG: (src/list.c :87 :List_push) gay shit
DEBUG: (src/list.c :87 :List_push) gay shit
DEBUG: (src/list.c :87 :List_push) gay shit
DEBUG: (src/list.c :87 :List_push) gay shit
DEBUG: (src/list.c :87 :List_push) gay shit
DEBUG: (src/list.c :87 :List_push) gay shit
DEBUG: (src/list.c :87 :List_push) gay shit
DEBUG: (src/list.c :87 :List_push) gay shit
DEBUG: (src/list.c :87 :List_push) gay shit
DEBUG: (src/list.c :87 :List_push) gay shit
DEBUG: (src/list.c :87 :List_push) gay shit
DEBUG: (src/list.c :87 :List_push) gay shit
DEBUG: (src/list.c :87 :List_push) gay shit
DEBUG: (src/list.c :87 :List_push) gay shit
DEBUG: (src/list.c :87 :List_push) gay shit
DEBUG: (src/list.c :87 :List_push) gay shit
DEBUG: (src/list.c :87 :List_push) gay shit
DEBUG: (src/list.c :87 :List_push) gay shit
DEBUG: (src/list.c :87 :List_push) gay shit
DEBUG: (src/list.c :87 :List_push) gay shit
DEBUG: (src/list.c :87 :List_push) gay shit
DEBUG: (src/list.c :87 :List_push) gay shit
DEBUG: (src/list.c :87 :List_push) gay shit
DEBUG: (src/list.c :87 :List_push) gay shit
DEBUG: (src/list.c :87 :List_push) gay shit
DEBUG: (src/list.c :87 :List_push) gay shit
DEBUG: (src/list.c :87 :List_push) gay shit
DEBUG: (src/list.c :87 :List_push) gay shit
DEBUG: (src/list.c :87 :List_push) gay shit
DEBUG: (src/list.c :87 :List_push) gay shit
DEBUG: (src/list.c :87 :List_push) gay shit
DEBUG: (src/list.c :87 :List_push) gay shit
DEBUG: (src/list.c :87 :List_push) gay shit
DEBUG: (src/list.c :87 :List_push) gay shit
DEBUG: (src/list.c :87 :List_push) gay shit
DEBUG: (src/list.c :87 :List_push) gay shit
DEBUG: (src/list.c :87 :List_push) gay shit
DEBUG: (src/list.c :87 :List_push) gay shit
DEBUG: (src/list.c :87 :List_push) gay shit
DEBUG: (src/list.c :87 :List_push) gay shit
DEBUG: (src/list.c :87 :List_push) gay shit
DEBUG: (src/list.c :87 :List_push) gay shit
DEBUG: (src/list.c :87 :List_push) gay shit
DEBUG: (src/list.c :87 :List_push) gay shit
DEBUG: (src/list.c :87 :List_push) gay shit
DEBUG: (src/list.c :87 :List_push) gay shit
DEBUG: (src/list.c :87 :List_push) gay shit
DEBUG: (src/list.c :87 :List_push) gay shit
DEBUG: (src/list.c :87 :List_push) gay shit
DEBUG: (src/list.c :87 :List_push) gay shit
DEBUG: (src/list.c :87 :List_push) gay shit
DEBUG: (src/list.c :87 :List_push) gay shit
DEBUG: (src/list.c :87 :List_push) gay shit
DEBUG: (src/list.c :87 :List_push) gay shit
DEBUG: (src/list.c :87 :List_push) gay shit
DEBUG: (src/list.c :87 :List_push) gay shit
DEBUG: (src/list.c :87 :List_push) gay shit
DEBUG: (src/list.c :87 :List_push) gay shit
DEBUG: (src/list.c :87 :List_push) gay shit
DEBUG: (src/list.c :87 :List_push) gay shit
DEBUG: (src/list.c :87 :List_push) gay shit
DEBUG: (src/list.c :87 :List_push) gay shit
DEBUG: (src/list.c :87 :List_push) gay shit
DEBUG: (src/list.c :87 :List_push) gay shit
DEBUG: (src/list.c :87 :List_push) gay shit
DEBUG: (src/list.c :87 :List_push) gay shit
DEBUG: (src/list.c :87 :List_push) gay shit
DEBUG: (src/list.c :87 :List_push) gay shit
DEBUG: (src/list.c :87 :List_push) gay shit
DEBUG: (src/list.c :87 :List_push) gay shit
DEBUG: (src/list.c :87 :List_push) gay shit
DEBUG: (src/list.c :87 :List_push) gay shit
DEBUG: (src/list.c :87 :List_push) gay shit
DEBUG: (src/list.c :87 :List_push) gay shit
DEBUG: (src/list.c :87 :List_push) gay shit
DEBUG: (src/list.c :87 :List_push) gay shit
DEBUG: (src/list.c :87 :List_push) gay shit
DEBUG: (src/list.c :87 :List_push) gay shit
DEBUG: (src/list.c :87 :List_push) gay shit
DEBUG: (src/list.c :87 :List_push) gay shit
DEBUG: (src/list.c :87 :List_push) gay shit
DEBUG: (src/list.c :87 :List_push) gay shit
DEBUG: (src/list.c :87 :List_push) gay shit
DEBUG: (src/list.c :87 :List_push) gay shit
DEBUG: (src/list.c :87 :List_push) gay shit
DEBUG: (src/list.c :87 :List_push) gay shit
DEBUG: (src/list.c :87 :List_push) gay shit
DEBUG: (src/list.c :87 :List_push) gay shit
DEBUG: (src/list.c :87 :List_push) gay shit
DEBUG: (src/list.c :87 :List_push) gay shit
DEBUG: (src/list.c :87 :List_push) gay shit
DEBUG: (src/list.c :87 :List_push) gay shit
DEBUG: (src/list.c :87 :List_push) gay shit
DEBUG: (src/list.c :87 :List_push) gay shit
DEBUG: (src/list.c :87 :List_push) gay shit
DEBUG: (src/list.c :87 :List_push) gay shit
DEBUG: (src/list.c :87 :List_push) gay shit
DEBUG: (src/list.c :87 :List_push) gay shit
DEBUG: (src/list.c :87 :List_push) gay shit
DEBUG: (src/list.c :87 :List_push) gay shit
DEBUG: (src/list.c :87 :List_push) gay shit
DEBUG: (src/list.c :87 :List_push) gay shit
DEBUG: (src/list.c :87 :List_push) gay shit
DEBUG: (src/list.c :87 :List_push) gay shit
DEBUG: (src/list.c :87 :List_push) gay shit
DEBUG: (src/list.c :87 :List_push) gay shit
DEBUG: (src/list.c :87 :List_push) gay shit
DEBUG: (src/list.c :87 :List_push) gay shit
DEBUG: (src/list.c :87 :List_push) gay shit
DEBUG: (src/list.c :87 :List_push) gay shit
DEBUG: (src/list.c :87 :List_push) gay shit
DEBUG: (src/list.c :87 :List_push) gay shit
DEBUG: (src/list.c :87 :List_push) gay shit
DEBUG: (src/list.c :87 :List_push) gay shit
DEBUG: (src/list.c :87 :List_push) gay shit
DEBUG: (src/list.c :87 :List_push) gay shit
DEBUG: (src/list.c :87 :List_push) gay shit
DEBUG: (src/list.c :87 :List_push) gay shit
DEBUG: (src/list.c :87 :List_push) gay shit
DEBUG: (src/list.c :87 :List_push) gay shit
DEBUG: (src/list.c :87 :List_push) gay shit
DEBUG: (src/list.c :87 :List_push) gay shit
DEBUG: (src/list.c :87 :List_push) gay shit
DEBUG: (src/list.c :87 :List_push) gay shit
DEBUG: (src/list.c :87 :List_push) gay shit
DEBUG: (src/list.c :87 :List_push) gay shit
DEBUG: (src/list.c :87 :List_push) gay shit
DEBUG: (src/list.c :87 :List_push) gay shit
DEBUG: (src/list.c :87 :List_push) gay shit
DEBUG: (src/list.c :87 :List_push) gay shit
DEBUG: (src/list.c :87 :List_push) gay shit
DEBUG: (src/list.c :87 :List_push) gay shit
DEBUG: (src/list.c :87 :List_push) gay shit
DEBUG: (src/list.c :87 :List_push) gay shit
DEBUG: (src/list.c :87 :List_push) gay shit
DEBUG: (src/list.c :87 :List_push) gay shit
DEBUG: (src/list.c :87 :List_push) gay shit
DEBUG: (src/list.c :87 :List_push) gay shit
DEBUG: (src/list.c :87 :List_push) gay shit
DEBUG: (src/list.c :87 :List_push) gay shit
DEBUG: (src/list.c :87 :List_push) gay shit
DEBUG: (src/list.c :87 :List_push) gay shit
DEBUG: (src/list.c :87 :List_push) gay shit
DEBUG: (src/list.c :87 :List_push) gay shit
DEBUG: (src/list.c :87 :List_push) gay shit
DEBUG: (src/list.c :87 :List_push) gay shit
DEBUG: (src/list.c :87 :List_push) gay shit
DEBUG: (src/list.c :87 :List_push) gay shit
DEBUG: (src/list.c :87 :List_push) gay shit
DEBUG: (src/list.c :87 :List_push) gay shit
DEBUG: (src/list.c :87 :List_push) gay shit
DEBUG: (src/list.c :87 :List_push) gay shit
DEBUG: (src/list.c :87 :List_push) gay shit
DEBUG: (src/list.c :87 :List_push) gay shit
DEBUG: (src/list.c :87 :List_push) gay shit
DEBUG: (src/list.c :87 :List_push) gay shit
DEBUG: (src/list.c :87 :List_push) gay shit
DEBUG: (src/list.c :87 :List_push) gay shit
DEBUG: (src/list.c :87 :List_push) gay shit
DEBUG: (src/list.c :87 :List_push) gay shit
DEBUG: (src/list.c :87 :List_push) gay shit
DEBUG: (src/list.c :87 :List_push) gay shit
DEBUG: (src/list.c :87 :List_push) gay shit
DEBUG: (src/list.c :87 :List_push) gay shit
DEBUG: (src/list.c :87 :List_push) gay shit
DEBUG: (src/list.c :87 :List_push) gay shit
DEBUG: (src/list.c :87 :List_push) gay shit
DEBUG: (src/list.c :87 :List_push) gay shit
DEBUG: (src/list.c :87 :List_push) gay shit
DEBUG: (src/list.c :87 :List_push) gay shit
DEBUG: (src/list.c :87 :List_push) gay shit
DEBUG: (src/list.c :87 :List_push) gay shit
DEBUG: (src/list.c :87 :List_push) gay shit
DEBUG: (src/list.c :87 :List_push) gay shit
DEBUG: (src/list.c :87 :List_push) gay shit
DEBUG: (src/list.c :87 :List_push) gay shit
DEBUG: (src/list.c :87 :List_push) gay shit
DEBUG: (src/list.c :87 :List_push) gay shit
DEBUG: (src/list.c :87 :List_push) gay shit
DEBUG: (src/list.c :87 :List_push) gay shit
DEBUG: (src/list.c :87 :List_push) gay shit
DEBUG: (src/list.c :87 :List_push) gay shit
DEBUG: (src/list.c :87 :List_push) gay shit
DEBUG: (src/list.c :87 :List_push) gay shit
DEBUG: (src/list.c :87 :List_push) gay shit
DEBUG: (src/list.c :87 :List_push) gay shit
DEBUG: (src/list.c :87 :List_push) gay shit
DEBUG: (src/list.c :87 :List_push) gay shit
DEBUG: (src/list.c :87 :List_push) gay shit
DEBUG: (src/list.c :87 :List_push) gay shit
DEBUG: (src/list.c :87 :List_push) gay shit
DEBUG: (src/list.c :87 :List_push) gay shit
DEBUG: (src/list.c :87 :List_push) gay shit
DEBUG: (src/list.c :87 :List_push) gay shit
DEBUG: (src/list.c :87 :List_push) gay shit
DEBUG: (src/list.c :87 :List_push) gay shit
DEBUG: (src/list.c :87 :List_push) gay shit
DEBUG: (src/list.c :87 :List_push) gay shit
DEBUG: (src/list.c :87 :List_push) gay shit
DEBUG: (src/list.c :87 :List_push) gay shit
DEBUG: (src/list.c :87 :List_push) gay shit
DEBUG: (src/list.c :87 :List_push) gay shit
DEBUG: (src/list.c :87 :List_push) gay shit
DEBUG: (src/list.c :87 :List_push) gay shit
DEBUG: (src/list.c :87 :List_push) gay shit
DEBUG: (src/list.c :87 :List_push) gay shit
DEBUG: (src/list.c :87 :List_push) gay shit
DEBUG: (src/list.c :87 :List_push) gay shit
DEBUG: (src/list.c :87 :List_push) gay shit
DEBUG: (src/list.c :87 :List_push) gay shit
DEBUG: (src/list.c :87 :List_push) gay shit
DEBUG: (src/list.c :87 :List_push) gay shit
DEBUG: (src/list.c :87 :List_push) gay shit
DEBUG: (src/list.c :87 :List_push) gay shit
DEBUG: (src/list.c :87 :List_push) gay shit
DEBUG: (src/list.c :87 :List_push) gay shit
DEBUG: (src/list.c :87 :List_push) gay shit
DEBUG: (src/list.c :87 :List_push) gay shit
DEBUG: (src/list.c :87 :List_push) gay shit
DEBUG: (src/list.c :87 :List_push) gay shit
DEBUG: (src/list.c :87 :List_push) gay shit
DEBUG: (src/list.c :87 :List_push) gay shit
DEBUG: (src/list.c :87 :List_push) gay shit
DEBUG: (src/list.c :87 :List_push) gay shit
DEBUG: (src/list.c :87 :List_push) gay shit
DEBUG: (src/list.c :87 :List_push) gay shit
DEBUG: (src/list.c :87 :List_push) gay shit
DEBUG: (src/list.c :87 :List_push) gay shit
DEBUG: (src/list.c :87 :List_push) gay shit
DEBUG: (src/list.c :87 :List_push) gay shit
DEBUG: (src/list.c :87 :List_push) gay shit
DEBUG: (src/list.c :87 :List_push) gay shit
DEBUG: (src/list.c :87 :List_push) gay shit
DEBUG: (src/list.c :87 :List_push) gay shit
DEBUG: (src/list.c :87 :List_push) gay shit
DEBUG: (src/list.c :87 :List_push) gay shit
DEBUG: (src/list.c :87 :List_push) gay shit
DEBUG: (src/list.c :87 :List_push) gay shit
DEBUG: (src/list.c :87 :List_push) gay shit
DEBUG: (src/list.c :87 :List_push) gay shit
DEBUG: (src/list.c :87 :List_push) gay shit
DEBUG: (src/list.c :87 :List_push) gay shit
DEBUG: (src/list.c :87 :List_push) gay shit
DEBUG: (src/list.c :87 :List_push) gay shit
DEBUG: (src/list.c :87 :List_push) gay shit
DEBUG: (src/list.c :87 :List_push) gay shit
DEBUG: (src/list.c :87 :List_push) gay shit
DEBUG: (src/list.c :87 :List_push) gay shit
DEBUG: (src/list.c :87 :List_push) gay shit
DEBUG: (src/list.c :87 :List_push) gay shit
DEBUG: (src/list.c :87 :List_push) gay shit
DEBUG: (src/list.c :87 :List_push) gay shit
DEBUG: (src/list.c :87 :List_push) gay shit
DEBUG: (src/list.c :87 :List_push) gay shit
DEBUG: (src/list.c :87 :List_push) gay shit
DEBUG: (src/list.c :87 :List_push) gay shit
DEBUG: (src/list.c :87 :List_push) gay shit
DEBUG: (src/list.c :87 :List_push) gay shit
DEBUG: (src/list.c :87 :List_push) gay shit
DEBUG: (src/list.c :87 :List_push) gay shit
DEBUG: (src/list.c :87 :List_push) gay shit
DEBUG: (src/list.c :87 :List_push) gay shit
DEBUG: (src/list.c :87 :List_push) gay shit
DEBUG: (src/list.c :87 :List_push) gay shit
DEBUG: (src/list.c :87 :List_push) gay shit
DEBUG: (src/list.c :87 :List_push) gay shit
DEBUG: (src/list.c :87 :List_push) gay shit
DEBUG: (src/list.c :87 :List_push) gay shit
DEBUG: (src/list.c :87 :List_push) gay shit
DEBUG: (src/list.c :87 :List_push) gay shit
DEBUG: (src/list.c :87 :List_push) gay shit
DEBUG: (src/list.c :87 :List_push) gay shit
DEBUG: (src/list.c :87 :List_push) gay shit
DEBUG: (src/list.c :87 :List_push) gay shit
DEBUG: (src/list.c :87 :List_push) gay shit
DEBUG: (src/list.c :87 :List_push) gay shit
DEBUG: (src/list.c :87 :List_push) gay shit
DEBUG: (src/list.c :87 :List_push) gay shit
DEBUG: (src/list.c :87 :List_push) gay shit
DEBUG: (src/list.c :87 :List_push) gay shit
DEBUG: (src/list.c :87 :List_push) gay shit
DEBUG: (src/list.c :87 :List_push) gay shit
DEBUG: (src/list.c :87 :List_push) gay shit
DEBUG: (src/list.c :87 :List_push) gay shit
DEBUG: (src/list.c :87 :List_push) gay shit
DEBUG: (src/list.c :87 :List_push) gay shit
DEBUG: (src/list.c :87 :List_push) gay shit
DEBUG: (src/list.c :87 :List_push) gay shit
DEBUG: (src/list.c :87 :List_push) gay shit
DEBUG: (src/list.c :87 :List_push) gay shit
DEBUG: (src/list.c :87 :List_push) gay shit
DEBUG: (src/list.c :87 :List_push) gay shit
DEBUG: (src/list.c :87 :List_push) gay shit
DEBUG: (src/list.c :87 :List_push) gay shit
DEBUG: (src/list.c :87 :List_push) gay shit
DEBUG: (src/list.c :87 :List_push) gay shit
DEBUG: (src/list.c :87 :List_push) gay shit
DEBUG: (src/list.c :87 :List_push) gay shit
DEBUG: (src/list.c :87 :List_push) gay shit
DEBUG: (src/list.c :87 :List_push) gay shit
DEBUG: (src/list.c :87 :List_push) gay shit
DEBUG: (src/list.c :87 :List_push) gay shit
DEBUG: (src/list.c :87 :List_push) gay shit
DEBUG: (src/list.c :87 :List_push) gay shit
DEBUG: (src/list.c :87 :List_push) gay shit
DEBUG: (src/list.c :87 :List_push) gay shit
DEBUG: (src/list.c :87 :List_push) gay shit
DEBUG: (src/list.c :87 :List_push) gay shit
DEBUG: (src/list.c :87 :List_push) gay shit
DEBUG: (src/list.c :87 :List_push) gay shit
DEBUG: (src/list.c :87 :List_push) gay shit
DEBUG: (src/list.c :87 :List_push) gay shit
DEBUG: (src/list.c :87 :List_push) gay shit
DEBUG: (src/list.c :87 :List_push) gay shit
DEBUG: (src/list.c :87 :List_push) gay shit
DEBUG: (src/list.c :87 :List_push) gay shit
DEBUG: (src/list.c :87 :List_push) gay shit
DEBUG: (src/list.c :87 :List_push) gay shit
DEBUG: (src/list.c :87 :List_push) gay shit
DEBUG: (src/list.c :87 :List_push) gay shit
DEBUG: (src/list.c :87 :List_push) gay shit
DEBUG: (src/list.c :87 :List_push) gay shit
DEBUG: (src/list.c :87 :List_push) gay shit
DEBUG: (src/list.c :87 :List_push) gay shit
DEBUG: (src/list.c :87 :List_push) gay shit
DEBUG: (src/list.c :87 :List_push) gay shit
DEBUG: (src/list.c :87 :List_push) gay shit
DEBUG: (src/list.c :87 :List_push) gay shit
DEBUG: (src/list.c :87 :List_push) gay shit
DEBUG: (src/list.c :87 :List_push) gay shit
DEBUG: (src/list.c :87 :List_push) gay shit
DEBUG: (src/list.c :87 :List_push) gay shit
DEBUG: (src/list.c :87 :List_push) gay shit
DEBUG: (src/list.c :87 :List_push) gay shit
DEBUG: (src/list.c :87 :List_push) gay shit
DEBUG: (src/list.c :87 :List_push) gay shit
DEBUG: (src/list.c :87 :List_push) gay shit
DEBUG: (src/list.c :87 :List_push) gay shit
DEBUG: (src/list.c :87 :List_push) gay shit
DEBUG: (src/list.c :87 :List_push) gay shit
DEBUG: (src/list.c :87 :List_push) gay shit
DEBUG: (src/list.c :87 :List_push) gay shit
DEBUG: (src/list.c :87 :List_push) gay shit
DEBUG: (src/list.c :87 :List_push) gay shit
DEBUG: (src/list.c :87 :List_push) gay shit
DEBUG: (src/list.c :87 :List_push) gay shit
DEBUG: (src/list.c :87 :List_push) gay shit
DEBUG: (src/list.c :87 :List_push) gay shit
DEBUG: (src/list.c :87 :List_push) gay shit
DEBUG: (src/list.c :87 :List_push) gay shit
DEBUG: (src/list.c :87 :List_push) gay shit
DEBUG: (src/list.c :87 :List_push) gay shit
DEBUG: (src/list.c :87 :List_push) gay shit
DEBUG: (src/list.c :87 :List_push) gay shit
DEBUG: (src/list.c :87 :List_push) gay shit
DEBUG: (src/list.c :87 :List_push) gay shit
DEBUG: (src/list.c :87 :List_push) gay shit
DEBUG: (src/list.c :87 :List_push) gay shit
DEBUG: (src/list.c :87 :List_push) gay shit
DEBUG: (src/list.c :87 :List_push) gay shit
DEBUG: (src/list.c :87 :List_push) gay shit
DEBUG: (src/list.c :87 :List_push) gay shit
DEBUG: (src/list.c :87 :List_push) gay shit
DEBUG: (src/list.c :87 :List_push) gay shit
DEBUG: (src/list.c :87 :List_push) gay shit
DEBUG: (src/list.c :87 :List_push) gay shit
DEBUG: (src/list.c :87 :List_push) gay shit
DEBUG: (src/list.c :87 :List_push) gay shit
DEBUG: (src/list.c :87 :List_push) gay shit
DEBUG: (src/list.c :87 :List_push) gay shit
DEBUG: (src/list.c :87 :List_push) gay shit
DEBUG: (src/list.c :87 :List_push) gay shit
DEBUG: (src/list.c :87 :List_push) gay shit
DEBUG: (src/list.c :87 :List_push) gay shit
DEBUG: (src/list.c :87 :List_push) gay shit
DEBUG: (src/list.c :87 :List_push) gay shit
DEBUG: (src/list.c :87 :List_push) gay shit
DEBUG: (src/list.c :87 :List_push) gay shit
DEBUG: (src/list.c :87 :List_push) gay shit
DEBUG: (src/list.c :87 :List_push) gay shit
DEBUG: (src/list.c :87 :List_push) gay shit
DEBUG: (src/list.c :87 :List_push) gay shit
DEBUG: (src/list.c :87 :List_push) gay shit
DEBUG: (src/list.c :87 :List_push) gay shit
DEBUG: (src/list.c :87 :List_push) gay shit
DEBUG: (src/list.c :87 :List_push) gay shit
DEBUG: (src/list.c :87 :List_push) gay shit
DEBUG: (src/list.c :87 :List_push) gay shit
DEBUG: (src/list.c :87 :List_push) gay shit
DEBUG: (src/list.c :87 :List_push) gay shit
DEBUG: (src/list.c :87 :List_push) gay shit
DEBUG: (src/list.c :87 :List_push) gay shit
DEBUG: (src/list.c :87 :List_push) gay shit
DEBUG: (src/list.c :87 :List_push) gay shit
DEBUG: (src/list.c :87 :List_push) gay shit
DEBUG: (src/list.c :87 :List_push) gay shit
DEBUG: (src/list.c :87 :List_push) gay shit
DEBUG: (src/list.c :87 :List_push) gay shit
DEBUG: (src/list.c :87 :List_push) gay shit
DEBUG: (src/list.c :87 :List_push) gay shit
DEBUG: (src/list.c :87 :List_push) gay shit
DEBUG: (src/list.c :87 :List_push) gay shit
DEBUG: (src/list.c :87 :List_push) gay shit
DEBUG: (src/list.c :87 :List_push) gay shit
DEBUG: (src/list.c :87 :List_push) gay shit
DEBUG: (src/list.c :87 :List_push) gay shit
DEBUG: (src/list.c :87 :List_push) gay shit
DEBUG: (src/list.c :87 :List_push) gay shit
DEBUG: (src/list.c :87 :List_push) gay shit
DEBUG: (src/list.c :87 :List_push) gay shit
DEBUG: (src/list.c :87 :List_push) gay shit
DEBUG: (src/list.c :87 :List_push) gay shit
DEBUG: (src/list.c :87 :List_push) gay shit
DEBUG: (src/list.c :87 :List_push) gay shit
DEBUG: (src/list.c :87 :List_push) gay shit
DEBUG: (src/list.c :87 :List_push) gay shit
DEBUG: (src/list.c :87 :List_push) gay shit
DEBUG: (src/list.c :87 :List_push) gay shit
DEBUG: (src/list.c :87 :List_push) gay shit
DEBUG: (src/list.c :87 :List_push) gay shit
DEBUG: (src/list.c :87 :List_push) gay shit
DEBUG: (src/list.c :87 :List_push) gay shit
DEBUG: (src/list.c :87 :List_push) gay shit
DEBUG: (src/list.c :87 :List_push) gay shit
DEBUG: (src/list.c :87 :List_push) gay shit
DEBUG: (src/list.c :87 :List_push) gay shit
DEBUG: (src/list.c :87 :List_push) gay shit
DEBUG: (src/list.c :87 :List_push) gay shit
DEBUG: (src/list.c :87 :List_push) gay shit
DEBUG: (src/list.c :87 :List_push) gay shit
DEBUG: (src/list.c :87 :List_push) gay shit
DEBUG: (src/list.c :87 :List_push) gay shit
DEBUG: (src/list.c :87 :List_push) gay shit
DEBUG: (src/list.c :87 :List_push) gay shit
DEBUG: (src/list.c :87 :List_push) gay shit
DEBUG: (src/list.c :87 :List_push) gay shit
DEBUG: (src/list.c :87 :List_push) gay shit
DEBUG: (src/list.c :87 :List_push) gay shit
DEBUG: (src/list.c :87 :List_push) gay shit
DEBUG: (src/list.c :87 :List_push) gay shit
DEBUG: (src/list.c :87 :List_push) gay shit
DEBUG: (src/list.c :87 :List_push) gay shit
DEBUG: (src/list.c :87 :List_push) gay shit
DEBUG: (src/list.c :87 :List_push) gay shit
DEBUG: (src/list.c :87 :List_push) gay shit
DEBUG: (src/list.c :87 :List_push) gay shit
DEBUG: (src/list.c :87 :List_push) gay shit
DEBUG: (src/list.c :87 :List_push) gay shit
DEBUG: (src/list.c :87 :List_push) gay shit
DEBUG: (src/list.c :87 :List_push) gay shit
DEBUG: (src/list.c :87 :List_push) gay shit
DEBUG: (src/list.c :87 :List_push) gay shit
DEBUG: (src/list.c :87 :List_push) gay shit
DEBUG: (src/list.c :87 :List_push) gay shit
DEBUG: (src/list.c :87 :List_push) gay shit
DEBUG: (src/list.c :87 :List_push) gay shit
DEBUG: (src/list.c :87 :List_push) gay shit
DEBUG: (src/list.c :87 :List_push) gay shit
DEBUG: (src/list.c :87 :List_push) gay shit
DEBUG: (src/list.c :87 :List_push) gay shit
DEBUG: (src/list.c :87 :List_push) gay shit
DEBUG: (src/list.c :87 :List_push) gay shit
DEBUG: (src/list.c :87 :List_push) gay shit
DEBUG: (src/list.c :87 :List_push) gay shit
DEBUG: (src/list.c :87 :List_push) gay shit
DEBUG: (src/list.c :87 :List_push) gay shit
DEBUG: (src/list.c :87 :List_push) gay shit
DEBUG: (src/list.c :87 :List_push) gay shit
DEBUG: (src/list.c :87 :List_push) gay shit
DEBUG: (src/list.c :87 :List_push) gay shit
DEBUG: (src/list.c :87 :List_push) gay shit
DEBUG: (src/list.c :87 :List_push) gay shit
DEBUG: (src/list.c :87 :List_push) gay shit
DEBUG: (src/list.c :87 :List_push) gay shit
DEBUG: (src/list.c :87 :List_push) gay shit
DEBUG: (src/list.c :87 :List_push) gay shit
DEBUG: (src/list.c :87 :List_push) gay shit
DEBUG: (src/list.c :87 :List_push) gay shit
DEBUG: (src/list.c :87 :List_push) gay shit
DEBUG: (src/list.c :87 :List_push) gay shit
DEBUG: (src/list.c :87 :List_push) gay shit
DEBUG: (src/list.c :87 :List_push) gay shit
DEBUG: (src/list.c :87 :List_push) gay shit
DEBUG: (src/list.c :87 :List_push) gay shit
DEBUG: (src/list.c :87 :List_push) gay shit
DEBUG: (src/list.c :87 :List_push) gay shit
DEBUG: (src/list.c :87 :List_push) gay shit
DEBUG: (src/list.c :87 :List_push) gay shit
DEBUG: (src/list.c :87 :List_push) gay shit
DEBUG: (src/list.c :87 :List_push) gay shit
DEBUG: (src/list.c :87 :List_push) gay shit
DEBUG: (src/list.c :87 :List_push) gay shit
DEBUG: (src/list.c :87 :List_push) gay shit
DEBUG: (src/list.c :87 :List_push) gay shit
DEBUG: (src/list.c :87 :List_push) gay shit
DEBUG: (src/list.c :87 :List_push) gay shit
DEBUG: (src/list.c :87 :List_push) gay shit
DEBUG: (src/list.c :87 :List_push) gay shit
DEBUG: (src/list.c :87 :List_push) gay shit
DEBUG: (src/list.c :87 :List_push) gay shit
DEBUG: (src/list.c :87 :List_push) gay shit
DEBUG: (src/list.c :87 :List_push) gay shit
DEBUG: (src/list.c :87 :List_push) gay shit
DEBUG: (src/list.c :87 :List_push) gay shit
DEBUG: (src/list.c :87 :List_push) gay shit
DEBUG: (src/list.c :87 :List_push) gay shit
DEBUG: (src/list.c :87 :List_push) gay shit
DEBUG: (src/list.c :87 :List_push) gay shit
DEBUG: (src/list.c :87 :List_push) gay shit
DEBUG: (src/list.c :87 :List_push) gay shit
DEBUG: (src/list.c :87 :List_push) gay shit
DEBUG: (src/list.c :87 :List_push) gay shit
DEBUG: (src/list.c :87 :List_push) gay shit
DEBUG: (src/list.c :87 :List_push) gay shit
DEBUG: (src/list.c :87 :List_push) gay shit
DEBUG: (src/list.c :87 :List_push) gay shit
DEBUG: (src/list.c :87 :List_push) gay shit
DEBUG: (src/list.c :87 :List_push) gay shit
DEBUG: (src/list.c :87 :List_push) gay shit
DEBUG: (src/list.c :87 :List_push) gay shit
DEBUG: (src/list.c :87 :List_push) gay shit
DEBUG: (src/list.c :87 :List_push) gay shit
DEBUG: (src/list.c :87 :List_push) gay shit
DEBUG: (src/list.c :87 :List_push) gay shit
DEBUG: (src/list.c :87 :List_push) gay shit
DEBUG: (src/list.c :87 :List_push) gay shit
DEBUG: (src/list.c :87 :List_push) gay shit
DEBUG: (src/list.c :87 :List_push) gay shit
DEBUG: (src/list.c :87 :List_push) gay shit
DEBUG: (src/list.c :87 :List_push) gay shit
DEBUG: (src/list.c :87 :List_push) gay shit
DEBUG: (src/list.c :87 :List_push) gay shit
DEBUG: (src/list.c :87 :List_push) gay shit
DEBUG: (src/list.c :87 :List_push) gay shit
DEBUG: (src/list.c :87 :List_push) gay shit
DEBUG: (src/list.c :87 :List_push) gay shit
DEBUG: (src/list.c :87 :List_push) gay shit
DEBUG: (src/list.c :87 :List_push) gay shit
DEBUG: (src/list.c :87 :List_push) gay shit
DEBUG: (src/list.c :87 :List_push) gay shit
DEBUG: (src/list.c :87 :List_push) gay shit
DEBUG: (src/list.c :87 :List_push) gay shit
DEBUG: (src/list.c :87 :List_push) gay shit
DEBUG: (src/list.c :87 :List_push) gay shit
DEBUG: (src/list.c :87 :List_push) gay shit
DEBUG: (src/list.c :87 :List_push) gay shit
DEBUG: (src/list.c :87 :List_push) gay shit
DEBUG: (src/list.c :87 :List_push) gay shit
DEBUG: (src/list.c :87 :List_push) gay shit
DEBUG: (src/list.c :87 :List_push) gay shit
DEBUG: (src/list.c :87 :List_push) gay shit
DEBUG: (src/list.c :87 :List_push) gay shit
DEBUG: (src/list.c :87 :List_push) gay shit
DEBUG: (src/list.c :87 :List_push) gay shit
DEBUG: (src/list.c :87 :List_push) gay shit
DEBUG: (src/list.c :87 :List_push) gay shit
DEBUG: (src/list.c :87 :List_push) gay shit
DEBUG: (src/list.c :87 :List_push) gay shit
DEBUG: (src/list.c :87 :List_push) gay shit
DEBUG: (src/list.c :87 :List_push) gay shit
DEBUG: (src/list.c :87 :List_push) gay shit
DEBUG: (src/list.c :87 :List_push) gay shit
DEBUG: (src/list.c :87 :List_push) gay shit
DEBUG: (src/list.c :87 :List_push) gay shit
DEBUG: (src/list.c :87 :List_push) gay shit
DEBUG: (src/list.c :87 :List_push) gay shit
DEBUG: (src/list.c :87 :List_push) gay shit
DEBUG: (src/list.c :87 :List_push) gay shit
DEBUG: (src/list.c :87 :List_push) gay shit
DEBUG: (src/list.c :87 :List_push) gay shit
DEBUG: (src/list.c :87 :List_push) gay shit
DEBUG: (src/list.c :87 :List_push) gay shit
DEBUG: (src/list.c :87 :List_push) gay shit
DEBUG: (src/list.c :87 :List_push) gay shit
DEBUG: (src/list.c :87 :List_push) gay shit
DEBUG: (src/list.c :87 :List_push) gay shit
DEBUG: (src/list.c :87 :List_push) gay shit
DEBUG: (src/list.c :87 :List_push) gay shit
DEBUG: (src/list.c :87 :List_push) gay shit
DEBUG: (src/list.c :87 :List_push) gay shit
DEBUG: (src/list.c :87 :List_push) gay shit
DEBUG: (src/list.c :87 :List_push) gay shit
DEBUG: (src/list.c :87 :List_push) gay shit
DEBUG: (src/list.c :87 :List_push) gay shit
DEBUG: (src/list.c :87 :List_push) gay shit
DEBUG: (src/list.c :87 :List_push) gay shit
DEBUG: (src/list.c :87 :List_push) gay shit
DEBUG: (src/list.c :87 :List_push) gay shit
DEBUG: (src/list.c :87 :List_push) gay shit
DEBUG: (src/list.c :87 :List_push) gay shit
DEBUG: (src/list.c :87 :List_push) gay shit
DEBUG: (src/list.c :87 :List_push) gay shit
DEBUG: (src/list.c :87 :List_push) gay shit
DEBUG: (src/list.c :87 :List_push) gay shit
DEBUG: (src/list.c :87 :List_push) gay shit
DEBUG: (src/list.c :87 :List_push) gay shit
DEBUG: (src/list.c :87 :List_push) gay shit
DEBUG: (src/list.c :87 :List_push) gay shit
DEBUG: (src/list.c :87 :List_push) gay shit
DEBUG: (src/list.c :87 :List_push) gay shit
DEBUG: (src/list.c :87 :List_push) gay shit
DEBUG: (src/list.c :87 :List_push) gay shit
DEBUG: (src/list.c :87 :List_push) gay shit
DEBUG: (src/list.c :87 :List_push) gay shit
DEBUG: (src/list.c :87 :List_push) gay shit
DEBUG: (src/list.c :87 :List_push) gay shit
DEBUG: (src/list.c :87 :List_push) gay shit
DEBUG: (src/list.c :87 :List_push) gay shit
DEBUG: (src/list.c :87 :List_push) gay shit
DEBUG: (src/list.c :87 :List_push) gay shit
DEBUG: (src/list.c :87 :List_push) gay shit
DEBUG: (src/list.c :87 :List_push) gay shit
DEBUG: (src/list.c :87 :List_push) gay shit
DEBUG: (src/list.c :87 :List_push) gay shit
DEBUG: (src/list.c :87 :List_push) gay shit
DEBUG: (src/list.c :87 :List_push) gay shit
DEBUG: (src/list.c :87 :List_push) gay shit
DEBUG: (src/list.c :87 :List_push) gay shit
DEBUG: (src/list.c :87 :List_push) gay shit
DEBUG: (src/list.c :87 :List_push) gay shit
DEBUG: (src/list.c :87 :List_push) gay shit
DEBUG: (src/list.c :87 :List_push) gay shit
DEBUG: (src/list.c :87 :List_push) gay shit
DEBUG: (src/list.c :87 :List_push) gay shit
DEBUG: (src/list.c :87 :List_push) gay shit
DEBUG: (src/list.c :87 :List_push) gay shit
DEBUG: (src/list.c :87 :List_push) gay shit
DEBUG: (src/list.c :87 :List_push) gay shit
DEBUG: (src/list.c :87 :List_push) gay shit
DEBUG: (src/list.c :87 :List_push) gay shit
DEBUG: (src/list.c :87 :List_push) gay shit
DEBUG: (src/list.c :87 :List_push) gay shit
DEBUG: (src/list.c :87 :List_push) gay shit
DEBUG: (src/list.c :87 :List_push) gay shit
DEBUG: (src/list.c :87 :List_push) gay shit
DEBUG: (src/list.c :87 :List_push) gay shit
DEBUG: (src/list.c :87 :List_push) gay shit
DEBUG: (src/list.c :87 :List_push) gay shit
DEBUG: (src/list.c :87 :List_push) gay shit
DEBUG: (src/list.c :87 :List_push) gay shit
DEBUG: (src/list.c :87 :List_push) gay shit
DEBUG: (src/list.c :87 :List_push) gay shit
DEBUG: (src/list.c :87 :List_push) gay shit
DEBUG: (src/list.c :87 :List_push) gay shit
DEBUG: (src/list.c :87 :List_push) gay shit
DEBUG: (src/list.c :87 :List_push) gay shit
DEBUG: (src/list.c :87 :List_push) gay shit
DEBUG: (src/list.c :87 :List_push) gay shit
DEBUG: (src/list.c :87 :List_push) gay shit
DEBUG: (src/list.c :87 :List_push) gay shit
DEBUG: (src/list.c :87 :List_push) gay shit
DEBUG: (src/list.c :87 :List_push) gay shit
DEBUG: (src/list.c :87 :List_push) gay shit
DEBUG: (src/list.c :87 :List_push) gay shit
DEBUG: (src/list.c :87 :List_push) gay shit
DEBUG: (src/list.c :87 :List_push) gay shit
DEBUG: (src/list.c :87 :List_push) gay shit
DEBUG: (src/list.c :87 :List_push) gay shit
DEBUG: (src/list.c :87 :List_push) gay shit
DEBUG: (src/list.c :87 :List_push) gay shit
DEBUG: (src/list.c :87 :List_push) gay shit
DEBUG: (src/list.c :87 :List_push) gay shit
DEBUG: (src/list.c :87 :List_push) gay shit
DEBUG: (src/list.c :87 :List_push) gay shit
DEBUG: (src/list.c :87 :List_push) gay shit
DEBUG: (src/list.c :87 :List_push) gay shit
DEBUG: (src/list.c :87 :List_push) gay shit
DEBUG: (src/list.c :87 :List_push) gay shit
DEBUG: (src/list.c :87 :List_push) gay shit
DEBUG: (src/list.c :87 :List_push) gay shit
DEBUG: (src/list.c :87 :List_push) gay shit
DEBUG: (src/list.c :87 :List_push) gay shit
DEBUG: (src/list.c :87 :List_push) gay shit
DEBUG: (src/list.c :87 :List_push) gay shit
DEBUG: (src/list.c :87 :List_push) gay shit
DEBUG: (src/list.c :87 :List_push) gay shit
DEBUG: (src/list.c :87 :List_push) gay shit
DEBUG: (src/list.c :87 :List_push) gay shit
DEBUG: (src/list.c :87 :List_push) gay shit
DEBUG: (src/list.c :87 :List_push) gay shit
DEBUG: (src/list.c :87 :List_push) gay shit
DEBUG: (src/list.c :87 :List_push) gay shit
DEBUG: (src/list.c :87 :List_push) gay shit
DEBUG: (src/list.c :87 :List_push) gay shit
DEBUG: (src/list.c :87 :List_push) gay shit
DEBUG: (src/list.c :87 :List_push) gay shit
DEBUG: (src/list.c :87 :List_push) gay shit
DEBUG: (src/list.c :87 :List_push) gay shit
DEBUG: (src/list.c :87 :List_push) gay shit
DEBUG: (src/list.c :87 :List_push) gay shit
DEBUG: (src/list.c :87 :List_push) gay shit
DEBUG: (src/list.c :87 :List_push) gay shit
DEBUG: (src/list.c :87 :List_push) gay shit
DEBUG: (src/list.c :87 :List_push) gay shit
DEBUG: (src/list.c :87 :List_push) gay shit
DEBUG: (src/list.c :87 :List_push) gay shit
DEBUG: (src/list.c :87 :List_push) gay shit
DEBUG: (src/list.c :87 :List_push) gay shit
DEBUG: (src/list.c :87 :List_push) gay shit
DEBUG: (src/list.c :87 :List_push) gay shit
DEBUG: (src/list.c :87 :List_push) gay shit
DEBUG: (src/list.c :87 :List_push) gay shit
DEBUG: (src/list.c :87 :List_push) gay shit
DEBUG: (src/list.c :87 :List_push) gay shit
DEBUG: (src/list.c :87 :List_push) gay shit
DEBUG: (src/list.c :87 :List_push) gay shit
DEBUG: (src/list.c :87 :List_push) gay shit
DEBUG: (src/list.c :87 :List_push) gay shit
DEBUG: (src/list.c :87 :List_push) gay shit
DEBUG: (src/list.c :87 :List_push) gay shit
DEBUG: (src/list.c :87 :List_push) gay shit
DEBUG: (src/list.c :87 :List_push) gay shit
DEBUG: (src/list.c :87 :List_push) gay shit
DEBUG: (src/list.c :87 :List_push) gay shit
DEBUG: (src/list.c :87 :List_push) gay shit
DEBUG: (src/list.c :87 :List_push) gay shit
DEBUG: (src/list.c :87 :List_push) gay shit
DEBUG: (src/list.c :87 :List_push) gay shit
DEBUG: (src/list.c :87 :List_push) gay shit
DEBUG: (src/list.c :87 :List_push) gay shit
DEBUG: (src/list.c :87 :List_push) gay shit
DEBUG: (src/list.c :87 :List_push) gay shit
DEBUG: (src/list.c :87 :List_push) gay shit
DEBUG: (src/list.c :87 :List_push) gay shit
DEBUG: (src/list.c :87 :List_push) gay shit
DEBUG: (src/list.c :87 :List_push) gay shit
DEBUG: (src/list.c :87 :List_push) gay shit
DEBUG: (src/list.c :87 :List_push) gay shit
DEBUG: (src/list.c :87 :List_push) gay shit
DEBUG: (src/list.c :87 :List_push) gay shit
DEBUG: (src/list.c :87 :List_push) gay shit
DEBUG: (src/list.c :87 :List_push) gay shit
DEBUG: (src/list.c :87 :List_push) gay shit
DEBUG: (src/list.c :87 :List_push) gay shit
DEBUG: (src/list.c :87 :List_push) gay shit
DEBUG: (src/list.c :87 :List_push) gay shit
DEBUG: (src/list.c :87 :List_push) gay shit
DEBUG: (src/list.c :87 :List_push) gay shit
DEBUG: (src/list.c :87 :List_push) gay shit
DEBUG: (src/list.c :87 :List_push) gay shit
DEBUG: (src/list.c :87 :List_push) gay shit
DEBUG: (src/list.c :87 :List_push) gay shit
DEBUG: (src/list.c :87 :List_push) gay shit
DEBUG: (src/list.c :87 :List_push) gay shit
DEBUG: (src/list.c :87 :List_push) gay shit
DEBUG: (src/list.c :87 :List_push) gay shit
DEBUG: (src/list.c :87 :List_push) gay shit
DEBUG: (src/list.c :87 :List_push) gay shit
DEBUG: (src/list.c :87 :List_push) gay shit
DEBUG: (src/list.c :87 :List_push) gay shit
DEBUG: (src/list.c :87 :List_push) gay shit
DEBUG: (src/list.c :87 :List_push) gay shit
DEBUG: (src/list.c :87 :List_push) gay shit
DEBUG: (src/list.c :87 :List_push) gay shit
DEBUG: (src/list.c :87 :List_push) gay shit
DEBUG: (src/list.c :87 :List_push) gay shit
DEBUG: (src/list.c :87 :List_push) gay shit
DEBUG: (src/list.c :87 :List_push) gay shit
DEBUG: (src/list.c :87 :List_push) gay shit
DEBUG: (src/list.c :87 :List_push) gay shit
DEBUG: (src/list.c :87 :List_push) gay shit
DEBUG: (src/list.c :87 :List_push) gay shit
DEBUG: (src/list.c :87 :List_push) gay shit
DEBUG: (src/list.c :87 :List_push) gay shit
DEBUG: (src/list.c :87 :List_push) gay shit
DEBUG: (src/list.c :87 :List_push) gay shit
DEBUG: (src/list.c :87 :List_push) gay shit
DEBUG: (src/list.c :87 :List_push) gay shit
DEBUG: (src/list.c :87 :List_push) gay shit
DEBUG: (src/list.c :87 :List_push) gay shit
DEBUG: (src/list.c :87 :List_push) gay shit
DEBUG: (src/list.c :87 :List_push) gay shit
DEBUG: (src/list.c :87 :List_push) gay shit
DEBUG: (src/list.c :87 :List_push) gay shit
DEBUG: (src/list.c :87 :List_push) gay shit
DEBUG: (src/list.c :87 :List_push) gay shit
DEBUG: (src/list.c :87 :List_push) gay shit
DEBUG: (src/list.c :87 :List_push) gay shit
DEBUG: (src/list.c :87 :List_push) gay shit
DEBUG: (src/list.c :87 :List_push) gay shit
DEBUG: (src/list.c :87 :List_push) gay shit
DEBUG: (src/list.c :87 :List_push) gay shit
DEBUG: (src/list.c :87 :List_push) gay shit
DEBUG: (src/list.c :87 :List_push) gay shit
DEBUG: (src/list.c :87 :List_push) gay shit
DEBUG: (src/list.c :87 :List_push) gay shit
DEBUG: (src/list.c :87 :List_push) gay shit
DEBUG: (src/list.c :87 :List_push) gay shit
DEBUG: (src/list.c :87 :List_push) gay shit
DEBUG: (src/list.c :87 :List_push) gay shit
DEBUG: (src/list.c :87 :List_push) gay shit
DEBUG: (src/list.c :87 :List_push) gay shit
DEBUG: (src/list.c :87 :List_push) gay shit
DEBUG: (src/list.c :87 :List_push) gay shit
DEBUG: (src/list.c :87 :List_push) gay shit
DEBUG: (src/list.c :87 :List_push) gay shit
DEBUG: (src/list.c :87 :List_push) gay shit
DEBUG: (src/list.c :87 :List_push) gay shit
DEBUG: (src/list.c :87 :List_push) gay shit
DEBUG: (src/list.c :87 :List_push) gay shit
DEBUG: (src/list.c :87 :List_push) gay shit
DEBUG: (src/list.c :87 :List_push) gay shit
DEBUG: (src/list.c :87 :List_push) gay shit
DEBUG: (src/list.c :87 :List_push) gay shit
DEBUG: (src/list.c :87 :List_push) gay shit
DEBUG: (src/list.c :87 :List_push) gay shit
DEBUG: (src/list.c :87 :List_push) gay shit
DEBUG: (src/list.c :87 :List_push) gay shit
DEBUG: (src/list.c :87 :List_push) gay shit
DEBUG: (src/list.c :87 :List_push) gay shit
DEBUG: (src/list.c :87 :List_push) gay shit
DEBUG: (src/list.c :87 :List_push) gay shit
DEBUG: (src/list.c :87 :List_push) gay shit
DEBUG: (src/list.c :87 :List_push) gay shit
DEBUG: (src/list.c :87 :List_push) gay shit
DEBUG: (src/list.c :87 :List_push) gay shit
DEBUG: (src/list.c :87 :List_push) gay shit
DEBUG: (src/list.c :87 :List_push) gay shit
DEBUG: (src/list.c :87 :List_push) gay shit
DEBUG: (src/list.c :87 :List_push) gay shit
DEBUG: (src/list.c :87 :List_push) gay shit
DEBUG: (src/list.c :87 :List_push) gay shit
DEBUG: (src/list.c :87 :List_push) gay shit
DEBUG: (src/list.c :87 :List_push) gay shit
DEBUG: (src/list.c :87 :List_push) gay shit
DEBUG: (src/list.c :87 :List_push) gay shit
DEBUG: (src/list.c :87 :List_push) gay shit
DEBUG: (src/list.c :87 :List_push) gay shit
DEBUG: (src/list.c :87 :List_push) gay shit
DEBUG: (src/list.c :87 :List_push) gay shit
DEBUG: (src/list.c :87 :List_push) gay shit
DEBUG: (src/list.c :87 :List_push) gay shit
DEBUG: (src/list.c :87 :List_push) gay shit
DEBUG: (src/list.c :87 :List_push) gay shit
DEBUG: (src/list.c :87 :List_push) gay shit
DEBUG: (src/list.c :87 :List_push) gay shit
DEBUG: (src/list.c :87 :List_push) gay shit
DEBUG: (src/list.c :87 :List_push) gay shit
DEBUG: (src/list.c :87 :List_push) gay shit
DEBUG: (src/list.c :87 :List_push) gay shit
DEBUG: (src/list.c :87 :List_push) gay shit
DEBUG: (src/list.c :87 :List_push) gay shit
DEBUG: (src/list.c :87 :List_push) gay shit
DEBUG: (src/list.c :87 :List_push) gay shit
DEBUG: (src/list.c :87 :List_push) gay shit
DEBUG: (src/list.c :87 :List_push) gay shit
DEBUG: (src/list.c :87 :List_push) gay shit
DEBUG: (src/list.c :87 :List_push) gay shit
DEBUG: (src/list.c :87 :List_push) gay shit
DEBUG: (src/list.c :87 :List_push) gay shit
DEBUG: (src/list.c :87 :List_push) gay shit
DEBUG: (src/list.c :87 :List_push) gay shit
DEBUG: (src/list.c :87 :List_push) gay shit
DEBUG: (src/list.c :87 :List_push) gay shit
DEBUG: (src/list.c :87 :List_push) gay shit
DEBUG: (src/list.c :87 :List_push) gay shit
DEBUG: (src/list.c :87 :List_push) gay shit
DEBUG: (src/list.c :87 :List_push) gay shit
DEBUG: (src/list.c :87 :List_push) gay shit
DEBUG: (src/list.c :87 :List_push) gay shit
DEBUG: (src/list.c :87 :List_push) gay shit
DEBUG: (src/list.c :87 :List_push) gay shit
DEBUG: (src/list.c :87 :List_push) gay shit
DEBUG: (src/list.c :87 :List_push) gay shit
DEBUG: (src/list.c :87 :List_push) gay shit
DEBUG: (src/list.c :87 :List_push) gay shit
DEBUG: (src/list.c :87 :List_push) gay shit
DEBUG: (src/list.c :87 :List_push) gay shit
DEBUG: (src/list.c :87 :List_push) gay shit
DEBUG: (src/list.c :87 :List_push) gay shit
DEBUG: (src/list.c :87 :List_push) gay shit
DEBUG: (src/list.c :87 :List_push) gay shit
DEBUG: (src/list.c :87 :List_push) gay shit
DEBUG: (src/list.c :87 :List_push) gay shit
DEBUG: (src/list.c :87 :List_push) gay shit
DEBUG: (src/list.c :87 :List_push) gay shit
DEBUG: (src/list.c :87 :List_push) gay shit
DEBUG: (src/list.c :87 :List_push) gay shit
DEBUG: (src/list.c :87 :List_push) gay shit
DEBUG: (src/list.c :87 :List_push) gay shit
DEBUG: (src/list.c :87 :List_push) gay shit
DEBUG: (src/list.c :87 :List_push) gay shit
DEBUG: (src/list.c :87 :List_push) gay shit
DEBUG: (src/list.c :87 :List_push) gay shit
DEBUG: (src/list.c :87 :List_push) gay shit
DEBUG: (src/list.c :87 :List_push) gay shit
DEBUG: (src/list.c :87 :List_push) gay shit
DEBUG: (src/list.c :87 :List_push) gay shit
DEBUG: (src/list.c :87 :List_push) gay shit
DEBUG: (src/list.c :87 :List_push) gay shit
DEBUG: (src/list.c :87 :List_push) gay shit
DEBUG: (src/list.c :87 :List_push) gay shit
DEBUG: (src/list.c :87 :List_push) gay shit
DEBUG: (src/list.c :87 :List_push) gay shit
DEBUG: (src/list.c :87 :List_push) gay shit
DEBUG: (src/list.c :87 :List_push) gay shit
DEBUG: (src/list.c :87 :List_push) gay shit
DEBUG: (src/list.c :87 :List_push) gay shit
DEBUG: (src/list.c :87 :List_push) gay shit
DEBUG: (src/list.c :87 :List_push) gay shit
DEBUG: (src/list.c :87 :List_push) gay shit
DEBUG: (src/list.c :87 :List_push) gay shit
DEBUG: (src/list.c :87 :List_push) gay shit
DEBUG: (src/list.c :87 :List_push) gay shit
DEBUG: (src/list.c :87 :List_push) gay shit
DEBUG: (src/list.c :87 :List_push) gay shit
DEBUG: (src/list.c :87 :List_push) gay shit
DEBUG: (src/list.c :87 :List_push) gay shit
DEBUG: (src/list.c :87 :List_push) gay shit
DEBUG: (src/list.c :87 :List_push) gay shit
DEBUG: (src/list.c :87 :List_push) gay shit
DEBUG: (src/list.c :87 :List_push) gay shit
DEBUG: (src/list.c :87 :List_push) gay shit
DEBUG: (src/list.c :87 :List_push) gay shit
DEBUG: (src/list.c :87 :List_push) gay shit
DEBUG: (src/list.c :87 :List_push) gay shit
DEBUG: (src/list.c :87 :List_push) gay shit
DEBUG: (src/list.c :87 :List_push) gay shit
DEBUG: (src/list.c :87 :List_push) gay shit
DEBUG: (src/list.c :87 :List_push) gay shit
DEBUG: (src/list.c :87 :List_push) gay shit
DEBUG: (src/list.c :87 :List_push) gay shit
DEBUG: (src/list.c :87 :List_push) gay shit
DEBUG: (src/list.c :87 :List_push) gay shit
DEBUG: (src/list.c :87 :List_push) gay shit
DEBUG: (src/list.c :87 :List_push) gay shit
DEBUG: (src/list.c :87 :List_push) gay shit
DEBUG: (src/list.c :87 :List_push) gay shit
DEBUG: (src/list.c :87 :List_push) gay shit
DEBUG: (src/list.c :87 :List_push) gay shit
DEBUG: (src/list.c :87 :List_push) gay shit
DEBUG: (src/list.c :87 :List_push) gay shit
DEBUG: (src/list.c :87 :List_push) gay shit
DEBUG: (src/list.c :87 :List_push) gay shit
DEBUG: (src/list.c :87 :List_push) gay shit
DEBUG: (src/list.c :87 :List_push) gay shit
DEBUG: (src/list.c :87 :List_push) gay shit
DEBUG: (src/list.c :87 :List_push) gay shit
DEBUG: (src/list.c :87 :List_push) gay shit
DEBUG: (src/list.c :87 :List_push) gay shit
DEBUG: (src/list.c :87 :List_push) gay shit
DEBUG: (src/list.c :87 :List_push) gay shit
DEBUG: (src/list.c :87 :List_push) gay shit
DEBUG: (src/list.c :87 :List_push) gay shit
DEBUG: (src/list.c :87 :List_push) gay shit
DEBUG: (src/list.c :87 :List_push) gay shit
DEBUG: (src/list.c :87 :List_push) gay shit
DEBUG: (src/list.c :87 :List_push) gay shit
DEBUG: (src/list.c :87 :List_push) gay shit
DEBUG: (src/list.c :87 :List_push) gay shit
DEBUG: (src/list.c :87 :List_push) gay shit
DEBUG: (src/list.c :87 :List_push) gay shit
DEBUG: (src/list.c :87 :List_push) gay shit
DEBUG: (src/list.c :87 :List_push) gay shit
DEBUG: (src/list.c :87 :List_push) gay shit
DEBUG: (src/list.c :87 :List_push) gay shit
DEBUG: (src/list.c :87 :List_push) gay shit
DEBUG: (src/list.c :87 :List_push) gay shit
DEBUG: (src/list.c :87 :List_push) gay shit
DEBUG: (src/list.c :87 :List_push) gay shit
DEBUG: (src/list.c :87 :List_push) gay shit
DEBUG: (src/list.c :87 :List_push) gay shit
DEBUG: (src/list.c :87 :List_push) gay shit
DEBUG: (src/list.c :87 :List_push) gay shit
DEBUG: (src/list.c :87 :List_push) gay shit
DEBUG: (src/list.c :87 :List_push) gay shit
DEBUG: (src/list.c :87 :List_push) gay shit
DEBUG: (src/list.c :87 :List_push) gay shit
DEBUG: (src/list.c :87 :List_push) gay shit
DEBUG: (src/list.c :87 :List_push) gay shit
DEBUG: (src/list.c :87 :List_push) gay shit
DEBUG: (src/list.c :87 :List_push) gay shit
DEBUG: (src/list.c :87 :List_push) gay shit
DEBUG: (src/list.c :87 :List_push) gay shit
DEBUG: (src/list.c :87 :List_push) gay shit
DEBUG: (src/list.c :87 :List_push) gay shit
DEBUG: (src/list.c :87 :List_push) gay shit
DEBUG: (src/list.c :87 :List_push) gay shit
DEBUG: (src/list.c :87 :List_push) gay shit
DEBUG: (src/list.c :87 :List_push) gay shit
DEBUG: (src/list.c :87 :List_push) gay shit
DEBUG: (src/list.c :87 :List_push) gay shit
DEBUG: (src/list.c :87 :List_push) gay shit
DEBUG: (src/list.c :87 :List_push) gay shit
DEBUG: (src/list.c :87 :List_push) gay shit
DEBUG: (src/list.c :87 :List_push) gay shit
DEBUG: (src/list.c :87 :List_push) gay shit
DEBUG: (src/list.c :87 :List_push) gay shit
DEBUG: (src/list.c :87 :List_push) gay shit
DEBUG: (src/list.c :87 :List_push) gay shit
DEBUG: (src/list.c :87 :List_push) gay shit
DEBUG: (src/list.c :87 :List_push) gay shit
DEBUG: (src/list.c :87 :List_push) gay shit
DEBUG: (src/list.c :87 :List_push) gay shit
DEBUG: (src/list.c :87 :List_push) gay shit
DEBUG: (src/list.c :87 :List_push) gay shit
DEBUG: (src/list.c :87 :List_push) gay shit
DEBUG: (src/list.c :87 :List_push) gay shit
DEBUG: (src/list.c :87 :List_push) gay shit
DEBUG: (src/list.c :87 :List_push) gay shit
DEBUG: (src/list.c :87 :List_push) gay shit
DEBUG: (src/list.c :87 :List_push) gay shit
DEBUG: (src/list.c :87 :List_push) gay shit
DEBUG: (src/list.c :87 :List_push) gay shit
DEBUG: (src/list.c :87 :List_push) gay shit
DEBUG: (src/list.c :87 :List_push) gay shit
DEBUG: (src/list.c :87 :List_push) gay shit
DEBUG: (src/list.c :87 :List_push) gay shit
DEBUG: (src/list.c :87 :List_push) gay shit
DEBUG: (src/list.c :87 :List_push) gay shit
DEBUG: (src/list.c :87 :List_push) gay shit
DEBUG: (src/list.c :87 :List_push) gay shit
DEBUG: (src/list.c :87 :List_push) gay shit
DEBUG: (src/list.c :87 :List_push) gay shit
DEBUG: (src/list.c :87 :List_push) gay shit
DEBUG: (src/list.c :87 :List_push) gay shit
DEBUG: (src/list.c :87 :List_push) gay shit
DEBUG: (src/list.c :87 :List_push) gay shit
DEBUG: (src/list.c :87 :List_push) gay shit
DEBUG: (src/list.c :87 :List_push) gay shit
DEBUG: (src/list.c :87 :List_push) gay shit
DEBUG: (src/list.c :87 :List_push) gay shit
DEBUG: (src/list.c :87 :List_push) gay shit
DEBUG: (src/list.c :87 :List_push) gay shit
DEBUG: (src/list.c :87 :List_push) gay shit
DEBUG: (src/list.c :87 :List_push) gay shit
DEBUG: (src/list.c :87 :List_push) gay shit
DEBUG: (src/list.c :87 :List_push) gay shit
DEBUG: (src/list.c :87 :List_push) gay shit
DEBUG: (src/list.c :87 :List_push) gay shit
DEBUG: (src/list.c :87 :List_push) gay shit
DEBUG: (src/list.c :87 :List_push) gay shit
DEBUG: (src/list.c :87 :List_push) gay shit
DEBUG: (src/list.c :87 :List_push) gay shit
DEBUG: (src/list.c :87 :List_push) gay shit
DEBUG: (src/list.c :87 :List_push) gay shit
DEBUG: (src/list.c :87 :List_push) gay shit
DEBUG: (src/list.c :87 :List_push) gay shit
DEBUG: (src/list.c :87 :List_push) gay shit
DEBUG: (src/list.c :87 :List_push) gay shit
DEBUG: (src/list.c :87 :List_push) gay shit
DEBUG: (src/list.c :87 :List_push) gay shit
DEBUG: (src/list.c :87 :List_push) gay shit
DEBUG: (src/list.c :87 :List_push) gay shit
DEBUG: (src/list.c :87 :List_push) gay shit
DEBUG: (src/list.c :87 :List_push) gay shit
DEBUG: (src/list.c :87 :List_push) gay shit
DEBUG: (src/list.c :87 :List_push) gay shit
DEBUG: (src/list.c :87 :List_push) gay shit
DEBUG: (src/list.c :87 :List_push) gay shit
DEBUG: (src/list.c :87 :List_push) gay shit
DEBUG: (src/list.c :87 :List_push) gay shit
DEBUG: (src/list.c :87 :List_push) gay shit
DEBUG: (src/list.c :87 :List_push) gay shit
DEBUG: (src/list.c :87 :List_push) gay shit
DEBUG: (src/list.c :87 :List_push) gay shit
DEBUG: (src/list.c :87 :List_push) gay shit
DEBUG: (src/list.c :87 :List_push) gay shit
DEBUG: (src/list.c :87 :List_push) gay shit
DEBUG: (src/list.c :87 :List_push) gay shit
DEBUG: (src/list.c :87 :List_push) gay shit
DEBUG: (src/list.c :87 :List_push) gay shit
DEBUG: (src/list.c :87 :List_push) gay shit
DEBUG: (src/list.c :87 :List_push) gay shit
DEBUG: (src/list.c :87 :List_push) gay shit
DEBUG: (src/list.c :87 :List_push) gay shit
DEBUG: (src/list.c :87 :List_push) gay shit
DEBUG: (src/list.c :87 :List_push) gay shit
DEBUG: (src/list.c :87 :List_push) gay shit
DEBUG: (src/list.c :87 :List_push) gay shit
DEBUG: (src/list.c :87 :List_push) gay shit
DEBUG: (src/list.c :87 :List_push) gay shit
DEBUG: (src/list.c :87 :List_push) gay shit
DEBUG: (src/list.c :87 :List_push) gay shit
DEBUG: (src/list.c :87 :List_push) gay shit
DEBUG: (src/list.c :87 :List_push) gay shit
DEBUG: (src/list.c :87 :List_push) gay shit
DEBUG: (src/list.c :87 :List_push) gay shit
DEBUG: (src/list.c :87 :List_push) gay shit
DEBUG: (src/list.c :87 :List_push) gay shit
DEBUG: (src/list.c :87 :List_push) gay shit
DEBUG: (src/list.c :87 :List_push) gay shit
DEBUG: (src/list.c :87 :List_push) gay shit
DEBUG: (src/list.c :87 :List_push) gay shit
DEBUG: (src/list.c :87 :List_push) gay shit
DEBUG: (src/list.c :87 :List_push) gay shit
DEBUG: (src/list.c :87 :List_push) gay shit
DEBUG: (src/list.c :87 :List_push) gay shit
DEBUG: (src/list.c :87 :List_push) gay shit
DEBUG: (src/list.c :87 :List_push) gay shit
DEBUG: (src/list.c :87 :List_push) gay shit
DEBUG: (src/list.c :87 :List_push) gay shit
DEBUG: (src/list.c :87 :List_push) gay shit
DEBUG: (src/list.c :87 :List_push) gay shit
DEBUG: (src/list.c :87 :List_push) gay shit
DEBUG: (src/list.c :87 :List_push) gay shit
DEBUG: (src/list.c :87 :List_push) gay shit
DEBUG: (src/list.c :87 :List_push) gay shit
DEBUG: (src/list.c :87 :List_push) gay shit
DEBUG: (src/list.c :87 :List_push) gay shit
DEBUG: (src/list.c :87 :List_push) gay shit
DEBUG: (src/list.c :87 :List_push) gay shit
DEBUG: (src/list.c :87 :List_push) gay shit
DEBUG: (src/list.c :87 :List_push) gay shit
DEBUG: (src/list.c :87 :List_push) gay shit
DEBUG: (src/list.c :87 :List_push) gay shit
DEBUG: (src/list.c :87 :List_push) gay shit
DEBUG: (src/list.c :87 :List_push) gay shit
DEBUG: (src/list.c :87 :List_push) gay shit
DEBUG: (src/list.c :87 :List_push) gay shit
DEBUG: (src/list.c :87 :List_push) gay shit
DEBUG: (src/list.c :87 :List_push) gay shit
DEBUG: (src/list.c :87 :List_push) gay shit
DEBUG: (src/list.c :87 :List_push) gay shit
DEBUG: (src/list.c :87 :List_push) gay shit
DEBUG: (src/list.c :87 :List_push) gay shit
DEBUG: (src/list.c :87 :List_push) gay shit
DEBUG: (src/list.c :87 :List_push) gay shit
DEBUG: (src/list.c :87 :List_push) gay shit
DEBUG: (src/list.c :87 :List_push) gay shit
DEBUG: (src/list.c :87 :List_push) gay shit
DEBUG: (src/list.c :87 :List_push) gay shit
DEBUG: (src/list.c :87 :List_push) gay shit
DEBUG: (src/list.c :87 :List_push) gay shit
DEBUG: (src/list.c :87 :List_push) gay shit
DEBUG: (src/list.c :87 :List_push) gay shit
DEBUG: (src/list.c :87 :List_push) gay shit
DEBUG: (src/list.c :87 :List_push) gay shit
DEBUG: (src/list.c :87 :List_push) gay shit
DEBUG: (src/list.c :87 :List_push) gay shit
DEBUG: (src/list.c :87 :List_push) gay shit
DEBUG: (src/list.c :87 :List_push) gay shit
DEBUG: (src/list.c :87 :List_push) gay shit
DEBUG: (src/list.c :87 :List_push) gay shit
DEBUG: (src/list.c :87 :List_push) gay shit
DEBUG: (src/list.c :87 :List_push) gay shit
DEBUG: (src/list.c :87 :List_push) gay shit
DEBUG: (src/list.c :87 :List_push) gay shit
DEBUG: (src/list.c :87 :List_push) gay shit
DEBUG: (src/list.c :87 :List_push) gay shit
DEBUG: (src/list.c :87 :List_push) gay shit
DEBUG: (src/list.c :87 :List_push) gay shit
DEBUG: (src/list.c :87 :List_push) gay shit
DEBUG: (src/list.c :87 :List_push) gay shit
DEBUG: (src/list.c :87 :List_push) gay shit
DEBUG: (src/list.c :87 :List_push) gay shit
DEBUG: (src/list.c :87 :List_push) gay shit
DEBUG: (src/list.c :87 :List_push) gay shit
DEBUG: (src/list.c :87 :List_push) gay shit
DEBUG: (src/list.c :87 :List_push) gay shit
DEBUG: (src/list.c :87 :List_push) gay shit
DEBUG: (src/list.c :87 :List_push) gay shit
DEBUG: (src/list.c :87 :List_push) gay shit
DEBUG: (src/list.c :87 :List_push) gay shit
DEBUG: (src/list.c :87 :List_push) gay shit
DEBUG: (src/list.c :87 :List_push) gay shit
DEBUG: (src/list.c :87 :List_push) gay shit
DEBUG: (src/list.c :87 :List_push) gay shit
DEBUG: (src/list.c :87 :List_push) gay shit
DEBUG: (src/list.c :87 :List_push) gay shit
DEBUG: (src/list.c :87 :List_push) gay shit
DEBUG: (src/list.c :87 :List_push) gay shit
DEBUG: (src/list.c :87 :List_push) gay shit
DEBUG: (src/list.c :87 :List_push) gay shit
DEBUG: (src/list.c :87 :List_push) gay shit
DEBUG: (src/list.c :87 :List_push) gay shit
DEBUG: (src/list.c :87 :List_push) gay shit
DEBUG: (src/list.c :87 :List_push) gay shit
DEBUG: (src/list.c :87 :List_push) gay shit
DEBUG: (src/list.c :87 :List_push) gay shit
DEBUG: (src/list.c :87 :List_push) gay shit
DEBUG: (src/list.c :87 :List_push) gay shit
DEBUG: (src/list.c :87 :List_push) gay shit
DEBUG: (src/list.c :87 :List_push) gay shit
DEBUG: (src/list.c :87 :List_push) gay shit
DEBUG: (src/list.c :87 :List_push) gay shit
DEBUG: (src/list.c :87 :List_push) gay shit
DEBUG: (src/list.c :87 :List_push) gay shit
DEBUG: (src/list.c :87 :List_push) gay shit
DEBUG: (src/list.c :87 :List_push) gay shit
DEBUG: (src/list.c :87 :List_push) gay shit
DEBUG: (src/list.c :87 :List_push) gay shit
DEBUG: (src/list.c :87 :List_push) gay shit
DEBUG: (src/list.c :87 :List_push) gay shit
DEBUG: (src/list.c :87 :List_push) gay shit
DEBUG: (src/list.c :87 :List_push) gay shit
DEBUG: (src/list.c :87 :List_push) gay shit
DEBUG: (src/list.c :87 :List_push) gay shit
DEBUG: (src/list.c :87 :List_push) gay shit
DEBUG: (src/list.c :87 :List_push) gay shit
DEBUG: (src/list.c :87 :List_push) gay shit
DEBUG: (src/list.c :87 :List_push) gay shit
DEBUG: (src/list.c :87 :List_push) gay shit
DEBUG: (src/list.c :87 :List_push) gay shit
DEBUG: (src/list.c :87 :List_push) gay shit
DEBUG: (src/list.c :87 :List_push) gay shit
DEBUG: (src/list.c :87 :List_push) gay shit
DEBUG: (src/list.c :87 :List_push) gay shit
DEBUG: (src/list.c :87 :List_push) gay shit
DEBUG: (src/list.c :87 :List_push) gay shit
DEBUG: (src/list.c :87 :List_push) gay shit
DEBUG: (src/list.c :87 :List_push) gay shit
DEBUG: (src/list.c :87 :List_push) gay shit
DEBUG: (src/list.c :87 :List_push) gay shit
DEBUG: (src/list.c :87 :List_push) gay shit
DEBUG: (src/list.c :87 :List_push) gay shit
DEBUG: (src/list.c :87 :List_push) gay shit
DEBUG: (src/list.c :87 :List_push) gay shit
DEBUG: (src/list.c :87 :List_push) gay shit
DEBUG: (src/list.c :87 :List_push) gay shit
DEBUG: (src/list.c :87 :List_push) gay shit
DEBUG: (src/list.c :87 :List_push) gay shit
DEBUG: (src/list.c :87 :List_push) gay shit
DEBUG: (src/list.c :87 :List_push) gay shit
DEBUG: (src/list.c :87 :List_push) gay shit
DEBUG: (src/list.c :87 :List_push) gay shit
DEBUG: (src/list.c :87 :List_push) gay shit
DEBUG: (src/list.c :87 :List_push) gay shit
DEBUG: (src/list.c :87 :List_push) gay shit
DEBUG: (src/list.c :87 :List_push) gay shit
DEBUG: (src/list.c :87 :List_push) gay shit
DEBUG: (src/list.c :87 :List_push) gay shit
DEBUG: (src/list.c :87 :List_push) gay shit
DEBUG: (src/list.c :87 :List_push) gay shit
DEBUG: (src/list.c :87 :List_push) gay shit
DEBUG: (src/list.c :87 :List_push) gay shit
DEBUG: (src/list.c :87 :List_push) gay shit
DEBUG: (src/list.c :87 :List_push) gay shit
DEBUG: (src/list.c :87 :List_push) gay shit
DEBUG: (src/list.c :87 :List_push) gay shit
DEBUG: (src/list.c :87 :List_push) gay shit
DEBUG: (src/list.c :87 :List_push) gay shit
DEBUG: (src/list.c :87 :List_push) gay shit
DEBUG: (src/list.c :87 :List_push) gay shit
DEBUG: (src/list.c :87 :List_push) gay shit
DEBUG: (src/list.c :87 :List_push) gay shit
DEBUG: (src/list.c :87 :List_push) gay shit
DEBUG: (src/list.c :87 :List_push) gay shit
DEBUG: (src/list.c :87 :List_push) gay shit
DEBUG: (src/list.c :87 :List_push) gay shit
DEBUG: (src/list.c :87 :List_push) gay shit
DEBUG: (src/list.c :87 :List_push) gay shit
DEBUG: (src/list.c :87 :List_push) gay shit
DEBUG: (src/list.c :87 :List_push) gay shit
DEBUG: (src/list.c :87 :List_push) gay shit
DEBUG: (src/list.c :87 :List_push) gay shit
DEBUG: (src/list.c :87 :List_push) gay shit
DEBUG: (src/list.c :87 :List_push) gay shit
DEBUG: (src/list.c :87 :List_push) gay shit
DEBUG: (src/list.c :87 :List_push) gay shit
DEBUG: (src/list.c :87 :List_push) gay shit
DEBUG: (src/list.c :87 :List_push) gay shit
DEBUG: (src/list.c :87 :List_push) gay shit
DEBUG: (src/list.c :87 :List_push) gay shit
DEBUG: (src/list.c :87 :List_push) gay shit
DEBUG: (src/list.c :87 :List_push) gay shit
DEBUG: (src/list.c :87 :List_push) gay shit
DEBUG: (src/list.c :87 :List_push) gay shit
DEBUG: (src/list.c :87 :List_push) gay shit
DEBUG: (src/list.c :87 :List_push) gay shit
DEBUG: (src/list.c :87 :List_push) gay shit
DEBUG: (src/list.c :87 :List_push) gay shit
DEBUG: (src/list.c :87 :List_push) gay shit
DEBUG: (src/list.c :87 :List_push) gay shit
DEBUG: (src/list.c :87 :List_push) gay shit
DEBUG: (src/list.c :87 :List_push) gay shit
DEBUG: (src/list.c :87 :List_push) gay shit
DEBUG: (src/list.c :87 :List_push) gay shit
DEBUG: (src/list.c :87 :List_push) gay shit
DEBUG: (src/list.c :87 :List_push) gay shit
DEBUG: (src/list.c :87 :List_push) gay shit
DEBUG: (src/list.c :87 :List_push) gay shit
DEBUG: (src/list.c :87 :List_push) gay shit
DEBUG: (src/list.c :87 :List_push) gay shit
DEBUG: (src/list.c :87 :List_push) gay shit
DEBUG: (src/list.c :87 :List_push) gay shit
DEBUG: (src/list.c :87 :List_push) gay shit
DEBUG: (src/list.c :87 :List_push) gay shit
DEBUG: (src/list.c :87 :List_push) gay shit
DEBUG: (src/list.c :87 :List_push) gay shit
DEBUG: (src/list.c :87 :List_push) gay shit
DEBUG: (src/list.c :87 :List_push) gay shit
DEBUG: (src/list.c :87 :List_push) gay shit
DEBUG: (src/list.c :87 :List_push) gay shit
DEBUG: (src/list.c :87 :List_push) gay shit
DEBUG: (src/list.c :87 :List_push) gay shit
DEBUG: (src/list.c :87 :List_push) gay shit
DEBUG: (src/list.c :87 :List_push) gay shit
DEBUG: (src/list.c :87 :List_push) gay shit
DEBUG: (src/list.c :87 :List_push) gay shit
DEBUG: (src/list.c :87 :List_push) gay shit
DEBUG: (src/list.c :87 :List_push) gay shit
DEBUG: (src/list.c :87 :List_push) gay shit
DEBUG: (src/list.c :87 :List_push) gay shit
DEBUG: (src/list.c :87 :List_push) gay shit
DEBUG: (src/list.c :87 :List_push) gay shit
DEBUG: (src/list.c :87 :List_push) gay shit
DEBUG: (src/list.c :87 :List_push) gay shit
DEBUG: (src/list.c :87 :List_push) gay shit
DEBUG: (src/list.c :87 :List_push) gay shit
DEBUG: (src/list.c :87 :List_push) gay shit
DEBUG: (src/list.c :87 :List_push) gay shit
DEBUG: (src/list.c :87 :List_push) gay shit
DEBUG: (src/list.c :87 :List_push) gay shit
DEBUG: (src/list.c :87 :List_push) gay shit
DEBUG: (src/list.c :87 :List_push) gay shit
DEBUG: (src/list.c :87 :List_push) gay shit
DEBUG: (src/list.c :87 :List_push) gay shit
DEBUG: (src/list.c :87 :List_push) gay shit
DEBUG: (src/list.c :87 :List_push) gay shit
DEBUG: (src/list.c :87 :List_push) gay shit
DEBUG: (src/list.c :87 :List_push) gay shit
DEBUG: (src/list.c :87 :List_push) gay shit
DEBUG: (src/list.c :87 :List_push) gay shit
DEBUG: (src/list.c :87 :List_push) gay shit
DEBUG: (src/list.c :87 :List_push) gay shit
DEBUG: (src/list.c :87 :List_push) gay shit
DEBUG: (src/list.c :87 :List_push) gay shit
DEBUG: (src/list.c :87 :List_push) gay shit
DEBUG: (src/list.c :87 :List_push) gay shit
DEBUG: (src/list.c :87 :List_push) gay shit
DEBUG: (src/list.c :87 :List_push) gay shit
DEBUG: (src/list.c :87 :List_push) gay shit
DEBUG: (src/list.c :87 :List_push) gay shit
DEBUG: (src/list.c :87 :List_push) gay shit
DEBUG: (src/list.c :87 :List_push) gay shit
DEBUG: (src/list.c :87 :List_push) gay shit
DEBUG: (src/list.c :87 :List_push) gay shit
DEBUG: (src/list.c :87 :List_push) gay shit
DEBUG: (src/list.c :87 :List_push) gay shit
DEBUG: (src/list.c :87 :List_push) gay shit
DEBUG: (src/list.c :87 :List_push) gay shit
DEBUG: (src/list.c :87 :List_push) gay shit
DEBUG: (src/list.c :87 :List_push) gay shit
DEBUG: (src/list.c :87 :List_push) gay shit
DEBUG: (src/list.c :87 :List_push) gay shit
DEBUG: (src/list.c :87 :List_push) gay shit
DEBUG: (src/list.c :87 :List_push) gay shit
DEBUG: (src/list.c :87 :List_push) gay shit
DEBUG: (src/list.c :87 :List_push) gay shit
DEBUG: (src/list.c :87 :List_push) gay shit
DEBUG: (src/list.c :87 :List_push) gay shit
DEBUG: (src/list.c :87 :List_push) gay shit
DEBUG: (src/list.c :87 :List_push) gay shit
DEBUG: (src/list.c :87 :List_push) gay shit
DEBUG: (src/list.c :87 :List_push) gay shit
DEBUG: (src/list.c :87 :List_push) gay shit
DEBUG: (src/list.c :87 :List_push) gay shit
DEBUG: (src/list.c :87 :List_push) gay shit
DEBUG: (src/list.c :87 :List_push) gay shit
DEBUG: (src/list.c :87 :List_push) gay shit
DEBUG: (src/list.c :87 :List_push) gay shit
DEBUG: (src/list.c :87 :List_push) gay shit
DEBUG: (src/list.c :87 :List_push) gay shit
DEBUG: (src/list.c :87 :List_push) gay shit
DEBUG: (src/list.c :87 :List_push) gay shit
DEBUG: (src/list.c :87 :List_push) gay shit
DEBUG: (src/list.c :87 :List_push) gay shit
DEBUG: (src/list.c :87 :List_push) gay shit
DEBUG: (src/list.c :87 :List_push) gay shit
DEBUG: (src/list.c :87 :List_push) gay shit
DEBUG: (src/list.c :87 :List_push) gay shit
DEBUG: (src/list.c :87 :List_push) gay shit
DEBUG: (src/list.c :87 :List_push) gay shit
DEBUG: (src/list.c :87 :List_push) gay shit
DEBUG: (src/list.c :87 :List_push) gay shit
DEBUG: (src/list.c :87 :List_push) gay shit
DEBUG: (src/list.c :87 :List_push) gay shit
DEBUG: (src/list.c :87 :List_push) gay shit
DEBUG: (src/list.c :87 :List_push) gay shit
DEBUG: (src/list.c :87 :List_push) gay shit
DEBUG: (src/list.c :87 :List_push) gay shit
DEBUG: (src/list.c :87 :List_push) gay shit
DEBUG: (src/list.c :87 :List_push) gay shit
DEBUG: (src/list.c :87 :List_push) gay shit
DEBUG: (src/list.c :87 :List_push) gay shit
DEBUG: (src/list.c :87 :List_push) gay shit
DEBUG: (src/list.c :87 :List_push) gay shit
DEBUG: (src/list.c :87 :List_push) gay shit
DEBUG: (src/list.c :87 :List_push) gay shit
DEBUG: (src/list.c :87 :List_push) gay shit
DEBUG: (src/list.c :87 :List_push) gay shit
DEBUG: (src/list.c :87 :List_push) gay shit
DEBUG: (src/list.c :87 :List_push) gay shit
DEBUG: (src/list.c :87 :List_push) gay shit
DEBUG: (src/list.c :87 :List_push) gay shit
DEBUG: (src/list.c :87 :List_push) gay shit
DEBUG: (src/list.c :87 :List_push) gay shit
DEBUG: (src/list.c :87 :List_push) gay shit
DEBUG: (src/list.c :87 :List_push) gay shit
DEBUG: (src/list.c :87 :List_push) gay shit
DEBUG: (src/list.c :87 :List_push) gay shit
DEBUG: (src/list.c :87 :List_push) gay shit
DEBUG: (src/list.c :87 :List_push) gay shit
DEBUG: (src/list.c :87 :List_push) gay shit
DEBUG: (src/list.c :87 :List_push) gay shit
DEBUG: (src/list.c :87 :List_push) gay shit
DEBUG: (src/list.c :87 :List_push) gay shit
DEBUG: (src/list.c :87 :List_push) gay shit
DEBUG: (src/list.c :87 :List_push) gay shit
DEBUG: (src/list.c :87 :List_push) gay shit
DEBUG: (src/list.c :87 :List_push) gay shit
DEBUG: (src/list.c :87 :List_push) gay shit
DEBUG: (src/list.c :87 :List_push) gay shit
DEBUG: (src/list.c :87 :List_push) gay shit
DEBUG: (src/list.c :87 :List_push) gay shit
DEBUG: (src/list.c :87 :List_push) gay shit
DEBUG: (src/list.c :87 :List_push) gay shit
DEBUG: (src/list.c :87 :List_push) gay shit
DEBUG: (src/list.c :87 :List_push) gay shit
DEBUG: (src/list.c :87 :List_push) gay shit
DEBUG: (src/list.c :87 :List_push) gay shit
DEBUG: (src/list.c :87 :List_push) gay shit
DEBUG: (src/list.c :87 :List_push) gay shit
DEBUG: (src/list.c :87 :List_push) gay shit
DEBUG: (src/list.c :87 :List_push) gay shit
DEBUG: (src/list.c :87 :List_push) gay shit
DEBUG: (src/list.c :87 :List_push) gay shit
DEBUG: (src/list.c :87 :List_push) gay shit
DEBUG: (src/list.c :87 :List_push) gay shit
DEBUG: (src/list.c :87 :List_push) gay shit
DEBUG: (src/list.c :87 :List_push) gay shit
DEBUG: (src/list.c :87 :List_push) gay shit
DEBUG: (src/list.c :87 :List_push) gay shit
DEBUG: (src/list.c :87 :List_push) gay shit
DEBUG: (src/list.c :87 :List_push) gay shit
DEBUG: (src/list.c :87 :List_push) gay shit
DEBUG: (src/list.c :87 :List_push) gay shit
DEBUG: (src/list.c :87 :List_push) gay shit
DEBUG: (src/list.c :87 :List_push) gay shit
DEBUG: (src/list.c :87 :List_push) gay shit
DEBUG: (src/list.c :87 :List_push) gay shit
DEBUG: (src/list.c :87 :List_push) gay shit
DEBUG: (src/list.c :87 :List_push) gay shit
DEBUG: (src/list.c :87 :List_push) gay shit
DEBUG: (src/list.c :87 :List_push) gay shit
DEBUG: (src/list.c :87 :List_push) gay shit
DEBUG: (src/list.c :87 :List_push) gay shit
DEBUG: (src/list.c :87 :List_push) gay shit
DEBUG: (src/list.c :87 :List_push) gay shit
DEBUG: (src/list.c :87 :List_push) gay shit
DEBUG: (src/list.c :87 :List_push) gay shit
DEBUG: (src/list.c :87 :List_push) gay shit
DEBUG: (src/list.c :87 :List_push) gay shit
DEBUG: (src/list.c :87 :List_push) gay shit
DEBUG: (src/list.c :87 :List_push) gay shit
DEBUG: (src/list.c :87 :List_push) gay shit
DEBUG: (src/list.c :87 :List_push) gay shit
DEBUG: (src/list.c :87 :List_push) gay shit
DEBUG: (src/list.c :87 :List_push) gay shit
DEBUG: (src/list.c :87 :List_push) gay shit
DEBUG: (src/list.c :87 :List_push) gay shit
DEBUG: (src/list.c :87 :List_push) gay shit
DEBUG: (src/list.c :87 :List_push) gay shit
DEBUG: (src/list.c :87 :List_push) gay shit
DEBUG: (src/list.c :87 :List_push) gay shit
DEBUG: (src/list.c :87 :List_push) gay shit
DEBUG: (src/list.c :87 :List_push) gay shit
DEBUG: (src/list.c :87 :List_push) gay shit
DEBUG: (src/list.c :87 :List_push) gay shit
DEBUG: (src/list.c :87 :List_push) gay shit
DEBUG: (src/list.c :87 :List_push) gay shit
DEBUG: (src/list.c :87 :List_push) gay shit
DEBUG: (src/list.c :87 :List_push) gay shit
DEBUG: (src/list.c :87 :List_push) gay shit
DEBUG: (src/list.c :87 :List_push) gay shit
DEBUG: (src/list.c :87 :List_push) gay shit
DEBUG: (src/list.c :87 :List_push) gay shit
DEBUG: (src/list.c :87 :List_push) gay shit
DEBUG: (src/list.c :87 :List_push) gay shit
DEBUG: (src/list.c :87 :List_push) gay shit
DEBUG: (src/list.c :87 :List_push) gay shit
DEBUG: (src/list.c :87 :List_push) gay shit
DEBUG: (src/list.c :87 :List_push) gay shit
DEBUG: (src/list.c :87 :List_push) gay shit
DEBUG: (src/list.c :87 :List_push) gay shit
DEBUG: (src/list.c :87 :List_push) gay shit
DEBUG: (src/list.c :87 :List_push) gay shit
DEBUG: (src/list.c :87 :List_push) gay shit
DEBUG: (src/list.c :87 :List_push) gay shit
DEBUG: (src/list.c :87 :List_push) gay shit
DEBUG: (src/list.c :87 :List_push) gay shit
DEBUG: (src/list.c :87 :List_push) gay shit
DEBUG: (src/list.c :87 :List_push) gay shit
DEBUG: (src/list.c :87 :List_push) gay shit
DEBUG: (src/list.c :87 :List_push) gay shit
DEBUG: (src/list.c :87 :List_push) gay shit
DEBUG: (src/list.c :87 :List_push) gay shit
DEBUG: (src/list.c :87 :List_push) gay shit
DEBUG: (src/list.c :87 :List_push) gay shit
DEBUG: (src/list.c :87 :List_push) gay shit
DEBUG: (src/list.c :87 :List_push) gay shit
DEBUG: (src/list.c :87 :List_push) gay shit
DEBUG: (src/list.c :87 :List_push) gay shit
DEBUG: (src/list.c :87 :List_push) gay shit
DEBUG: (src/list.c :87 :List_push) gay shit
DEBUG: (src/list.c :87 :List_push) gay shit
DEBUG: (src/list.c :87 :List_push) gay shit
DEBUG: (src/list.c :87 :List_push) gay shit
DEBUG: (src/list.c :87 :List_push) gay shit
DEBUG: (src/list.c :87 :List_push) gay shit
DEBUG: (src/list.c :87 :List_push) gay shit
DEBUG: (src/list.c :87 :List_push) gay shit
DEBUG: (src/list.c :87 :List_push) gay shit
DEBUG: (src/list.c :87 :List_push) gay shit
DEBUG: (src/list.c :87 :List_push) gay shit
DEBUG: (src/list.c :87 :List_push) gay shit
DEBUG: (src/list.c :87 :List_push) gay shit
DEBUG: (src/list.c :87 :List_push) gay shit
DEBUG: (src/list.c :87 :List_push) gay shit
DEBUG: (src/list.c :87 :List_push) gay shit
DEBUG: (src/list.c :87 :List_push) gay shit
DEBUG: (src/list.c :87 :List_push) gay shit
DEBUG: (src/list.c :87 :List_push) gay shit
DEBUG: (src/list.c :87 :List_push) gay shit
DEBUG: (src/list.c :87 :List_push) gay shit
DEBUG: (src/list.c :87 :List_push) gay shit
DEBUG: (src/list.c :87 :List_push) gay shit
DEBUG: (src/list.c :87 :List_push) gay shit
DEBUG: (src/list.c :87 :List_push) gay shit
DEBUG: (src/list.c :87 :List_push) gay shit
DEBUG: (src/list.c :87 :List_push) gay shit
DEBUG: (src/list.c :87 :List_push) gay shit
DEBUG: (src/list.c :87 :List_push) gay shit
DEBUG: (src/list.c :87 :List_push) gay shit
DEBUG: (src/list.c :87 :List_push) gay shit
DEBUG: (src/list.c :87 :List_push) gay shit
DEBUG: (src/list.c :87 :List_push) gay shit
DEBUG: (src/list.c :87 :List_push) gay shit
DEBUG: (src/list.c :87 :List_push) gay shit
DEBUG: (src/list.c :87 :List_push) gay shit
DEBUG: (src/list.c :87 :List_push) gay shit
DEBUG: (src/list.c :87 :List_push) gay shit
DEBUG: (src/list.c :87 :List_push) gay shit
DEBUG: (src/list.c :87 :List_push) gay shit
DEBUG: (src/list.c :87 :List_push) gay shit
DEBUG: (src/list.c :87 :List_push) gay shit
DEBUG: (src/list.c :87 :List_push) gay shit
DEBUG: (src/list.c :87 :List_push) gay shit
DEBUG: (src/list.c :87 :List_push) gay shit
DEBUG: (src/list.c :87 :List_push) gay shit
DEBUG: (src/list.c :87 :List_push) gay shit
DEBUG: (src/list.c :87 :List_push) gay shit
DEBUG: (src/list.c :87 :List_push) gay shit
DEBUG: (src/list.c :87 :List_push) gay shit
DEBUG: (src/list.c :87 :List_push) gay shit
DEBUG: (src/list.c :87 :List_push) gay shit
DEBUG: (src/list.c :87 :List_push) gay shit
DEBUG: (src/list.c :87 :List_push) gay shit
DEBUG: (src/list.c :87 :List_push) gay shit
DEBUG: (src/list.c :87 :List_push) gay shit
DEBUG: (src/list.c :87 :List_push) gay shit
DEBUG: (src/list.c :87 :List_push) gay shit
DEBUG: (src/list.c :87 :List_push) gay shit
DEBUG: (src/list.c :87 :List_push) gay shit
DEBUG: (src/list.c :87 :List_push) gay shit
DEBUG: (src/list.c :87 :List_push) gay shit
DEBUG: (src/list.c :87 :List_push) gay shit
DEBUG: (src/list.c :87 :List_push) gay shit
DEBUG: (src/list.c :87 :List_push) gay shit
DEBUG: (src/list.c :87 :List_push) gay shit
DEBUG: (src/list.c :87 :List_push) gay shit
DEBUG: (src/list.c :87 :List_push) gay shit
DEBUG: (src/list.c :87 :List_push) gay shit
DEBUG: (src/list.c :87 :List_push) gay shit
DEBUG: (src/list.c :87 :List_push) gay shit
DEBUG: (src/list.c :87 :List_push) gay shit
DEBUG: (src/list.c :87 :List_push) gay shit
DEBUG: (src/list.c :87 :List_push) gay shit
DEBUG: (src/list.c :87 :List_push) gay shit
DEBUG: (src/list.c :87 :List_push) gay shit
DEBUG: (src/list.c :87 :List_push) gay shit
DEBUG: (src/list.c :87 :List_push) gay shit
DEBUG: (src/list.c :87 :List_push) gay shit
DEBUG: (src/list.c :87 :List_push) gay shit
DEBUG: (src/list.c :87 :List_push) gay shit
DEBUG: (src/list.c :87 :List_push) gay shit
DEBUG: (src/list.c :87 :List_push) gay shit
DEBUG: (src/list.c :87 :List_push) gay shit
DEBUG: (src/list.c :87 :List_push) gay shit
DEBUG: (src/list.c :87 :List_push) gay shit
DEBUG: (src/list.c :87 :List_push) gay shit
DEBUG: (src/list.c :87 :List_push) gay shit
DEBUG: (src/list.c :87 :List_push) gay shit
DEBUG: (src/list.c :87 :List_push) gay shit
DEBUG: (src/list.c :87 :List_push) gay shit
DEBUG: (src/list.c :87 :List_push) gay shit
DEBUG: (src/list.c :87 :List_push) gay shit
DEBUG: (src/list.c :87 :List_push) gay shit
DEBUG: (src/list.c :87 :List_push) gay shit
DEBUG: (src/list.c :87 :List_push) gay shit
DEBUG: (src/list.c :87 :List_push) gay shit
DEBUG: (src/list.c :87 :List_push) gay shit
DEBUG: (src/list.c :87 :List_push) gay shit
DEBUG: (src/list.c :87 :List_push) gay shit
DEBUG: (src/list.c :87 :List_push) gay shit
DEBUG: (src/list.c :87 :List_push) gay shit
DEBUG: (src/list.c :87 :List_push) gay shit
DEBUG: (src/list.c :87 :List_push) gay shit
DEBUG: (src/list.c :87 :List_push) gay shit
DEBUG: (src/list.c :87 :List_push) gay shit
DEBUG: (src/list.c :87 :List_push) gay shit
DEBUG: (src/list.c :87 :List_push) gay shit
DEBUG: (src/list.c :87 :List_push) gay shit
DEBUG: (src/list.c :87 :List_push) gay shit
DEBUG: (src/list.c :87 :List_push) gay shit
DEBUG: (src/list.c :87 :List_push) gay shit
DEBUG: (src/list.c :87 :List_push) gay shit
DEBUG: (src/list.c :87 :List_push) gay shit
DEBUG: (src/list.c :87 :List_push) gay shit
DEBUG: (src/list.c :87 :List_push) gay shit
DEBUG: (src/list.c :87 :List_push) gay shit
DEBUG: (src/list.c :87 :List_push) gay shit
DEBUG: (src/list.c :87 :List_push) gay shit
DEBUG: (src/list.c :87 :List_push) gay shit
DEBUG: (src/list.c :87 :List_push) gay shit
DEBUG: (src/list.c :87 :List_push) gay shit
DEBUG: (src/list.c :87 :List_push) gay shit
DEBUG: (src/list.c :87 :List_push) gay shit
DEBUG: (src/list.c :87 :List_push) gay shit
DEBUG: (src/list.c :87 :List_push) gay shit
DEBUG: (src/list.c :87 :List_push) gay shit
DEBUG: (src/list.c :87 :List_push) gay shit
DEBUG: (src/list.c :87 :List_push) gay shit
DEBUG: (src/list.c :87 :List_push) gay shit
DEBUG: (src/list.c :87 :List_push) gay shit
DEBUG: (src/list.c :87 :List_push) gay shit
DEBUG: (src/list.c :87 :List_push) gay shit
DEBUG: (src/list.c :87 :List_push) gay shit
DEBUG: (src/list.c :87 :List_push) gay shit
DEBUG: (src/list.c :87 :List_push) gay shit
DEBUG: (src/list.c :87 :List_push) gay shit
DEBUG: (src/list.c :87 :List_push) gay shit
DEBUG: (src/list.c :87 :List_push) gay shit
DEBUG: (src/list.c :87 :List_push) gay shit
DEBUG: (src/list.c :87 :List_push) gay shit
DEBUG: (src/list.c :87 :List_push) gay shit
DEBUG: (src/list.c :87 :List_push) gay shit
DEBUG: (src/list.c :87 :List_push) gay shit
DEBUG: (src/list.c :87 :List_push) gay shit
DEBUG: (src/list.c :87 :List_push) gay shit
DEBUG: (src/list.c :87 :List_push) gay shit
DEBUG: (src/list.c :87 :List_push) gay shit
DEBUG: (src/list.c :87 :List_push) gay shit
DEBUG: (src/list.c :87 :List_push) gay shit
DEBUG: (src/list.c :87 :List_push) gay shit
DEBUG: (src/list.c :87 :List_push) gay shit
DEBUG: (src/list.c :87 :List_push) gay shit
DEBUG: (src/list.c :87 :List_push) gay shit
DEBUG: (src/list.c :87 :List_push) gay shit
DEBUG: (src/list.c :87 :List_push) gay shit
DEBUG: (src/list.c :87 :List_push) gay shit
DEBUG: (src/list.c :87 :List_push) gay shit
DEBUG: (src/list.c :87 :List_push) gay shit
DEBUG: (src/list.c :87 :List_push) gay shit
DEBUG: (src/list.c :87 :List_push) gay shit
DEBUG: (src/list.c :87 :List_push) gay shit
DEBUG: (src/list.c :87 :List_push) gay shit
DEBUG: (src/list.c :87 :List_push) gay shit
DEBUG: (src/list.c :87 :List_push) gay shit
DEBUG: (src/list.c :87 :List_push) gay shit
DEBUG: (src/list.c :87 :List_push) gay shit
DEBUG: (src/list.c :87 :List_push) gay shit
DEBUG: (src/list.c :87 :List_push) gay shit
DEBUG: (src/list.c :87 :List_push) gay shit
DEBUG: (src/list.c :87 :List_push) gay shit
DEBUG: (src/list.c :87 :List_push) gay shit
DEBUG: (src/list.c :87 :List_push) gay shit
DEBUG: (src/list.c :87 :List_push) gay shit
DEBUG: (src/list.c :87 :List_push) gay shit
DEBUG: (src/list.c :87 :List_push) gay shit
DEBUG: (src/list.c :87 :List_push) gay shit
DEBUG: (src/list.c :87 :List_push) gay shit
DEBUG: (src/list.c :87 :List_push) gay shit
DEBUG: (src/list.c :87 :List_push) gay shit
DEBUG: (src/list.c :87 :List_push) gay shit
DEBUG: (src/list.c :87 :List_push) gay shit
DEBUG: (src/list.c :87 :List_push) gay shit
DEBUG: (src/list.c :87 :List_push) gay shit
DEBUG: (src/list.c :87 :List_push) gay shit
DEBUG: (src/list.c :87 :List_push) gay shit
DEBUG: (src/list.c :87 :List_push) gay shit
DEBUG: (src/list.c :87 :List_push) gay shit
DEBUG: (src/list.c :87 :List_push) gay shit
DEBUG: (src/list.c :87 :List_push) gay shit
DEBUG: (src/list.c :87 :List_push) gay shit
DEBUG: (src/list.c :87 :List_push) gay shit
DEBUG: (src/list.c :87 :List_push) gay shit
DEBUG: (src/list.c :87 :List_push) gay shit
DEBUG: (src/list.c :87 :List_push) gay shit
DEBUG: (src/list.c :87 :List_push) gay shit
DEBUG: (src/list.c :87 :List_push) gay shit
DEBUG: (src/list.c :87 :List_push) gay shit
DEBUG: (src/list.c :87 :List_push) gay shit
DEBUG: (src/list.c :87 :List_push) gay shit
DEBUG: (src/list.c :87 :List_push) gay shit
DEBUG: (src/list.c :87 :List_push) gay shit
DEBUG: (src/list.c :87 :List_push) gay shit
DEBUG: (src/list.c :87 :List_push) gay shit
DEBUG: (src/list.c :87 :List_push) gay shit
DEBUG: (src/list.c :87 :List_push) gay shit
DEBUG: (src/list.c :87 :List_push) gay shit
DEBUG: (src/list.c :87 :List_push) gay shit
DEBUG: (src/list.c :87 :List_push) gay shit
DEBUG: (src/list.c :87 :List_push) gay shit
DEBUG: (src/list.c :87 :List_push) gay shit
DEBUG: (src/list.c :87 :List_push) gay shit
DEBUG: (src/list.c :87 :List_push) gay shit
DEBUG: (src/list.c :87 :List_push) gay shit
DEBUG: (src/list.c :87 :List_push) gay shit
DEBUG: (src/list.c :87 :List_push) gay shit
DEBUG: (src/list.c :87 :List_push) gay shit
DEBUG: (src/list.c :87 :List_push) gay shit
DEBUG: (src/list.c :87 :List_push) gay shit
DEBUG: (src/list.c :87 :List_push) gay shit
DEBUG: (src/list.c :87 :List_push) gay shit
DEBUG: (src/list.c :87 :List_push) gay shit
DEBUG: (src/list.c :87 :List_push) gay shit
DEBUG: (src/list.c :87 :List_push) gay shit
DEBUG: (src/list.c :87 :List_push) gay shit
DEBUG: (src/list.c :87 :List_push) gay shit
DEBUG: (src/list.c :87 :List_push) gay shit
DEBUG: (src/list.c :87 :List_push) gay shit
DEBUG: (src/list.c :87 :List_push) gay shit
DEBUG: (src/list.c :87 :List_push) gay shit
DEBUG: (src/list.c :87 :List_push) gay shit
DEBUG: (src/list.c :87 :List_push) gay shit
DEBUG: (src/list.c :87 :List_push) gay shit
DEBUG: (src/list.c :87 :List_push) gay shit
DEBUG: (src/list.c :87 :List_push) gay shit
DEBUG: (src/list.c :87 :List_push) gay shit
DEBUG: (src/list.c :87 :List_push) gay shit
DEBUG: (src/list.c :87 :List_push) gay shit
DEBUG: (src/list.c :87 :List_push) gay shit
DEBUG: (src/list.c :87 :List_push) gay shit
DEBUG: (src/list.c :87 :List_push) gay shit
DEBUG: (src/list.c :87 :List_push) gay shit
DEBUG: (src/list.c :87 :List_push) gay shit
DEBUG: (src/list.c :87 :List_push) gay shit
DEBUG: (src/list.c :87 :List_push) gay shit
DEBUG: (src/list.c :87 :List_push) gay shit
DEBUG: (src/list.c :87 :List_push) gay shit
DEBUG: (src/list.c :87 :List_push) gay shit
DEBUG: (src/list.c :87 :List_push) gay shit
DEBUG: (src/list.c :87 :List_push) gay shit
DEBUG: (src/list.c :87 :List_push) gay shit
DEBUG: (src/list.c :87 :List_push) gay shit
DEBUG: (src/list.c :87 :List_push) gay shit
DEBUG: (src/list.c :87 :List_push) gay shit
DEBUG: (src/list.c :87 :List_push) gay shit
DEBUG: (src/list.c :87 :List_push) gay shit
DEBUG: (src/list.c :87 :List_push) gay shit
DEBUG: (src/list.c :87 :List_push) gay shit
DEBUG: (src/list.c :87 :List_push) gay shit
DEBUG: (src/list.c :87 :List_push) gay shit
DEBUG: (src/list.c :87 :List_push) gay shit
DEBUG: (src/list.c :87 :List_push) gay shit
DEBUG: (src/list.c :87 :List_push) gay shit
DEBUG: (src/list.c :87 :List_push) gay shit
DEBUG: (src/list.c :87 :List_push) gay shit
DEBUG: (src/list.c :87 :List_push) gay shit
DEBUG: (src/list.c :87 :List_push) gay shit
DEBUG: (src/list.c :87 :List_push) gay shit
DEBUG: (src/list.c :87 :List_push) gay shit
DEBUG: (src/list.c :87 :List_push) gay shit
DEBUG: (src/list.c :87 :List_push) gay shit
DEBUG: (src/list.c :87 :List_push) gay shit
DEBUG: (src/list.c :87 :List_push) gay shit
DEBUG: (src/list.c :87 :List_push) gay shit
DEBUG: (src/list.c :87 :List_push) gay shit
DEBUG: (src/list.c :87 :List_push) gay shit
DEBUG: (src/list.c :87 :List_push) gay shit
DEBUG: (src/list.c :87 :List_push) gay shit
DEBUG: (src/list.c :87 :List_push) gay shit
DEBUG: (src/list.c :87 :List_push) gay shit
DEBUG: (src/list.c :87 :List_push) gay shit
DEBUG: (src/list.c :87 :List_push) gay shit
DEBUG: (src/list.c :87 :List_push) gay shit
DEBUG: (src/list.c :87 :List_push) gay shit
DEBUG: (src/list.c :87 :List_push) gay shit
DEBUG: (src/list.c :87 :List_push) gay shit
DEBUG: (src/list.c :87 :List_push) gay shit
DEBUG: (src/list.c :87 :List_push) gay shit
DEBUG: (src/list.c :87 :List_push) gay shit
DEBUG: (src/list.c :87 :List_push) gay shit
DEBUG: (src/list.c :87 :List_push) gay shit
DEBUG: (src/list.c :87 :List_push) gay shit
DEBUG: (src/list.c :87 :List_push) gay shit
DEBUG: (src/list.c :87 :List_push) gay shit
DEBUG: (src/list.c :87 :List_push) gay shit
DEBUG: (src/list.c :87 :List_push) gay shit
DEBUG: (src/list.c :87 :List_push) gay shit
DEBUG: (src/list.c :87 :List_push) gay shit
DEBUG: (src/list.c :87 :List_push) gay shit
DEBUG: (src/list.c :87 :List_push) gay shit
DEBUG: (src/list.c :87 :List_push) gay shit
DEBUG: (src/list.c :87 :List_push) gay shit
DEBUG: (src/list.c :87 :List_push) gay shit
DEBUG: (src/list.c :87 :List_push) gay shit
DEBUG: (src/list.c :87 :List_push) gay shit
DEBUG: (src/list.c :87 :List_push) gay shit
DEBUG: (src/list.c :87 :List_push) gay shit
DEBUG: (src/list.c :87 :List_push) gay shit
DEBUG: (src/list.c :87 :List_push) gay shit
DEBUG: (src/list.c :87 :List_push) gay shit
DEBUG: (src/list.c :87 :List_push) gay shit
DEBUG: (src/list.c :87 :List_push) gay shit
DEBUG: (src/list.c :87 :List_push) gay shit
DEBUG: (src/list.c :87 :List_push) gay shit
DEBUG: (src/list.c :87 :List_push) gay shit
DEBUG: (src/list.c :87 :List_push) gay shit
DEBUG: (src/list.c :87 :List_push) gay shit
DEBUG: (src/list.c :87 :List_push) gay shit
DEBUG: (src/list.c :87 :List_push) gay shit
DEBUG: (src/list.c :87 :List_push) gay shit
DEBUG: (src/list.c :87 :List_push) gay shit
DEBUG: (src/list.c :87 :List_push) gay shit
DEBUG: (src/list.c :87 :List_push) gay shit
DEBUG: (src/list.c :87 :List_push) gay shit
DEBUG: (src/list.c :87 :List_push) gay shit
DEBUG: (src/list.c :87 :List_push) gay shit
DEBUG: (src/list.c :87 :List_push) gay shit
DEBUG: (src/list.c :87 :List_push) gay shit
DEBUG: (src/list.c :87 :List_push) gay shit
DEBUG: (src/list.c :87 :List_push) gay shit
DEBUG: (src/list.c :87 :List_push) gay shit
DEBUG: (src/list.c :87 :List_push) gay shit
DEBUG: (src/list.c :87 :List_push) gay shit
DEBUG: (src/list.c :87 :List_push) gay shit
DEBUG: (src/list.c :87 :List_push) gay shit
DEBUG: (src/list.c :87 :List_push) gay shit
DEBUG: (src/list.c :87 :List_push) gay shit
DEBUG: (src/list.c :87 :List_push) gay shit
DEBUG: (src/list.c :87 :List_push) gay shit
DEBUG: (src/list.c :87 :List_push) gay shit
DEBUG: (src/list.c :87 :List_push) gay shit
DEBUG: (src/list.c :87 :List_push) gay shit
DEBUG: (src/list.c :87 :List_push) gay shit
DEBUG: (src/list.c :87 :List_push) gay shit
DEBUG: (src/list.c :87 :List_push) gay shit
DEBUG: (src/list.c :87 :List_push) gay shit
DEBUG: (src/list.c :87 :List_push) gay shit
DEBUG: (src/list.c :87 :List_push) gay shit
DEBUG: (src/list.c :87 :List_push) gay shit
DEBUG: (src/list.c :87 :List_push) gay shit
DEBUG: (src/list.c :87 :List_push) gay shit
DEBUG: (src/list.c :87 :List_push) gay shit
DEBUG: (src/list.c :87 :List_push) gay shit
DEBUG: (src/list.c :87 :List_push) gay shit
DEBUG: (src/list.c :87 :List_push) gay shit
DEBUG: (src/list.c :87 :List_push) gay shit
DEBUG: (src/list.c :87 :List_push) gay shit
DEBUG: (src/list.c :87 :List_push) gay shit
DEBUG: (src/list.c :87 :List_push) gay shit
DEBUG: (src/list.c :87 :List_push) gay shit
DEBUG: (src/list.c :87 :List_push) gay shit
DEBUG: (src/list.c :87 :List_push) gay shit
DEBUG: (src/list.c :87 :List_push) gay shit
DEBUG: (src/list.c :87 :List_push) gay shit
DEBUG: (src/list.c :87 :List_push) gay shit
DEBUG: (src/list.c :87 :List_push) gay shit
DEBUG: (src/list.c :87 :List_push) gay shit
DEBUG: (src/list.c :87 :List_push) gay shit
DEBUG: (src/list.c :87 :List_push) gay shit
DEBUG: (src/list.c :87 :List_push) gay shit
DEBUG: (src/list.c :87 :List_push) gay shit
DEBUG: (src/list.c :87 :List_push) gay shit
DEBUG: (src/list.c :87 :List_push) gay shit
DEBUG: (src/list.c :87 :List_push) gay shit
DEBUG: (src/list.c :87 :List_push) gay shit
DEBUG: (src/list.c :87 :List_push) gay shit
DEBUG: (src/list.c :87 :List_push) gay shit
DEBUG: (src/list.c :87 :List_push) gay shit
DEBUG: (src/list.c :87 :List_push) gay shit
DEBUG: (src/list.c :87 :List_push) gay shit
DEBUG: (src/list.c :87 :List_push) gay shit
DEBUG: (src/list.c :87 :List_push) gay shit
DEBUG: (src/list.c :87 :List_push) gay shit
DEBUG: (src/list.c :87 :List_push) gay shit
DEBUG: (src/list.c :87 :List_push) gay shit
DEBUG: (src/list.c :87 :List_push) gay shit
DEBUG: (src/list.c :87 :List_push) gay shit
DEBUG: (src/list.c :87 :List_push) gay shit
DEBUG: (src/list.c :87 :List_push) gay shit
DEBUG: (src/list.c :87 :List_push) gay shit
DEBUG: (src/list.c :87 :List_push) gay shit
DEBUG: (src/list.c :87 :List_push) gay shit
DEBUG: (src/list.c :87 :List_push) gay shit
DEBUG: (src/list.c :87 :List_push) gay shit
DEBUG: (src/list.c :87 :List_push) gay shit
DEBUG: (src/list.c :87 :List_push) gay shit
DEBUG: (src/list.c :87 :List_push) gay shit
DEBUG: (src/list.c :87 :List_push) gay shit
DEBUG: (src/list.c :87 :List_push) gay shit
DEBUG: (src/list.c :87 :List_push) gay shit
DEBUG: (src/list.c :87 :List_push) gay shit
DEBUG: (src/list.c :87 :List_push) gay shit
DEBUG: (src/list.c :87 :List_push) gay shit
DEBUG: (src/list.c :87 :List_push) gay shit
DEBUG: (src/list.c :87 :List_push) gay shit
DEBUG: (src/list.c :87 :List_push) gay shit
DEBUG: (src/list.c :87 :List_push) gay shit
DEBUG: (src/list.c :87 :List_push) gay shit
DEBUG: (src/list.c :87 :List_push) gay shit
DEBUG: (src/list.c :87 :List_push) gay shit
DEBUG: (src/list.c :87 :List_push) gay shit
DEBUG: (src/list.c :87 :List_push) gay shit
DEBUG: (src/list.c :87 :List_push) gay shit
DEBUG: (src/list.c :87 :List_push) gay shit
DEBUG: (src/list.c :87 :List_push) gay shit
DEBUG: (src/list.c :87 :List_push) gay shit
DEBUG: (src/list.c :87 :List_push) gay shit
DEBUG: (src/list.c :87 :List_push) gay shit
DEBUG: (src/list.c :87 :List_push) gay shit
DEBUG: (src/list.c :87 :List_push) gay shit
DEBUG: (src/list.c :87 :List_push) gay shit
DEBUG: (src/list.c :87 :List_push) gay shit
DEBUG: (src/list.c :87 :List_push) gay shit
DEBUG: (src/list.c :87 :List_push) gay shit
DEBUG: (src/list.c :87 :List_push) gay shit
DEBUG: (src/list.c :87 :List_push) gay shit
DEBUG: (src/list.c :87 :List_push) gay shit
DEBUG: (src/list.c :87 :List_push) gay shit
DEBUG: (src/list.c :87 :List_push) gay shit
DEBUG: (src/list.c :87 :List_push) gay shit
DEBUG: (src/list.c :87 :List_push) gay shit
DEBUG: (src/list.c :87 :List_push) gay shit
DEBUG: (src/list.c :87 :List_push) gay shit
DEBUG: (src/list.c :87 :List_push) gay shit
DEBUG: (src/list.c :87 :List_push) gay shit
DEBUG: (src/list.c :87 :List_push) gay shit
DEBUG: (src/list.c :87 :List_push) gay shit
DEBUG: (src/list.c :87 :List_push) gay shit
DEBUG: (src/list.c :87 :List_push) gay shit
DEBUG: (src/list.c :87 :List_push) gay shit
DEBUG: (src/list.c :87 :List_push) gay shit
DEBUG: (src/list.c :87 :List_push) gay shit
DEBUG: (src/list.c :87 :List_push) gay shit
DEBUG: (src/list.c :87 :List_push) gay shit
DEBUG: (src/list.c :87 :List_push) gay shit
DEBUG: (src/list.c :87 :List_push) gay shit
DEBUG: (src/list.c :87 :List_push) gay shit
DEBUG: (src/list.c :87 :List_push) gay shit
DEBUG: (src/list.c :87 :List_push) gay shit
DEBUG: (src/list.c :87 :List_push) gay shit
DEBUG: (src/list.c :87 :List_push) gay shit
DEBUG: (src/list.c :87 :List_push) gay shit
DEBUG: (src/list.c :87 :List_push) gay shit
DEBUG: (src/list.c :87 :List_push) gay shit
DEBUG: (src/list.c :87 :List_push) gay shit
DEBUG: (src/list.c :87 :List_push) gay shit
DEBUG: (src/list.c :87 :List_push) gay shit
DEBUG: (src/list.c :87 :List_push) gay shit
DEBUG: (src/list.c :87 :List_push) gay shit
DEBUG: (src/list.c :87 :List_push) gay shit
DEBUG: (src/list.c :87 :List_push) gay shit
DEBUG: (src/list.c :87 :List_push) gay shit
DEBUG: (src/list.c :87 :List_push) gay shit
DEBUG: (src/list.c :87 :List_push) gay shit
DEBUG: (src/list.c :87 :List_push) gay shit
DEBUG: (src/list.c :87 :List_push) gay shit
DEBUG: (src/list.c :87 :List_push) gay shit
DEBUG: (src/list.c :87 :List_push) gay shit
DEBUG: (src/list.c :87 :List_push) gay shit
DEBUG: (src/list.c :87 :List_push) gay shit
DEBUG: (src/list.c :87 :List_push) gay shit
DEBUG: (src/list.c :87 :List_push) gay shit
DEBUG: (src/list.c :87 :List_push) gay shit
DEBUG: (src/list.c :87 :List_push) gay shit
DEBUG: (src/list.c :87 :List_push) gay shit
DEBUG: (src/list.c :87 :List_push) gay shit
DEBUG: (src/list.c :87 :List_push) gay shit
DEBUG: (src/list.c :87 :List_push) gay shit
DEBUG: (src/list.c :87 :List_push) gay shit
DEBUG: (src/list.c :87 :List_push) gay shit
DEBUG: (src/list.c :87 :List_push) gay shit
DEBUG: (src/list.c :87 :List_push) gay shit
DEBUG: (src/list.c :87 :List_push) gay shit
DEBUG: (src/list.c :87 :List_push) gay shit
DEBUG: (src/list.c :87 :List_push) gay shit
DEBUG: (src/list.c :87 :List_push) gay shit
DEBUG: (src/list.c :87 :List_push) gay shit
DEBUG: (src/list.c :87 :List_push) gay shit
DEBUG: (src/list.c :87 :List_push) gay shit
DEBUG: (src/list.c :87 :List_push) gay shit
DEBUG: (src/list.c :87 :List_push) gay shit
DEBUG: (src/list.c :87 :List_push) gay shit
DEBUG: (src/list.c :87 :List_push) gay shit
DEBUG: (src/list.c :87 :List_push) gay shit
DEBUG: (src/list.c :87 :List_push) gay shit
DEBUG: (src/list.c :87 :List_push) gay shit
DEBUG: (src/list.c :87 :List_push) gay shit
DEBUG: (src/list.c :87 :List_push) gay shit
DEBUG: (src/list.c :87 :List_push) gay shit
DEBUG: (src/list.c :87 :List_push) gay shit
DEBUG: (src/list.c :87 :List_push) gay shit
DEBUG: (src/list.c :87 :List_push) gay shit
DEBUG: (src/list.c :87 :List_push) gay shit
DEBUG: (src/list.c :87 :List_push) gay shit
DEBUG: (src/list.c :87 :List_push) gay shit
DEBUG: (src/list.c :87 :List_push) gay shit
DEBUG: (src/list.c :87 :List_push) gay shit
DEBUG: (src/list.c :87 :List_push) gay shit
DEBUG: (src/list.c :87 :List_push) gay shit
DEBUG: (src/list.c :87 :List_push) gay shit
DEBUG: (src/list.c :87 :List_push) gay shit
DEBUG: (src/list.c :87 :List_push) gay shit
DEBUG: (src/list.c :87 :List_push) gay shit
DEBUG: (src/list.c :87 :List_push) gay shit
DEBUG: (src/list.c :87 :List_push) gay shit
DEBUG: (src/list.c :87 :List_push) gay shit
DEBUG: (src/list.c :87 :List_push) gay shit
DEBUG: (src/list.c :87 :List_push) gay shit
DEBUG: (src/list.c :87 :List_push) gay shit
DEBUG: (src/list.c :87 :List_push) gay shit
DEBUG: (src/list.c :87 :List_push) gay shit
DEBUG: (src/list.c :87 :List_push) gay shit
DEBUG: (src/list.c :87 :List_push) gay shit
DEBUG: (src/list.c :87 :List_push) gay shit
DEBUG: (src/list.c :87 :List_push) gay shit
DEBUG: (src/list.c :87 :List_push) gay shit
DEBUG: (src/list.c :87 :List_push) gay shit
DEBUG: (src/list.c :87 :List_push) gay shit
DEBUG: (src/list.c :87 :List_push) gay shit
DEBUG: (src/list.c :87 :List_push) gay shit
DEBUG: (src/list.c :87 :List_push) gay shit
DEBUG: (src/list.c :87 :List_push) gay shit
DEBUG: (src/list.c :87 :List_push) gay shit
DEBUG: (src/list.c :87 :List_push) gay shit
DEBUG: (src/list.c :87 :List_push) gay shit
DEBUG: (src/list.c :87 :List_push) gay shit
DEBUG: (src/list.c :87 :List_push) gay shit
DEBUG: (src/list.c :87 :List_push) gay shit
DEBUG: (src/list.c :87 :List_push) gay shit
DEBUG: (src/list.c :87 :List_push) gay shit
DEBUG: (src/list.c :87 :List_push) gay shit
DEBUG: (src/list.c :87 :List_push) gay shit
DEBUG: (src/list.c :87 :List_push) gay shit
DEBUG: (src/list.c :87 :List_push) gay shit
DEBUG: (src/list.c :87 :List_push) gay shit
DEBUG: (src/list.c :87 :List_push) gay shit
DEBUG: (src/list.c :87 :List_push) gay shit
DEBUG: (src/list.c :87 :List_push) gay shit
DEBUG: (src/list.c :87 :List_push) gay shit
DEBUG: (src/list.c :87 :List_push) gay shit
DEBUG: (src/list.c :87 :List_push) gay shit
DEBUG: (src/list.c :87 :List_push) gay shit
DEBUG: (src/list.c :87 :List_push) gay shit
DEBUG: (src/list.c :87 :List_push) gay shit
DEBUG: (src/list.c :87 :List_push) gay shit
DEBUG: (src/list.c :87 :List_push) gay shit
DEBUG: (src/list.c :87 :List_push) gay shit
DEBUG: (src/list.c :87 :List_push) gay shit
DEBUG: (src/list.c :87 :List_push) gay shit
DEBUG: (src/list.c :87 :List_push) gay shit
DEBUG: (src/list.c :87 :List_push) gay shit
DEBUG: (src/list.c :87 :List_push) gay shit
DEBUG: (src/list.c :87 :List_push) gay shit
DEBUG: (src/list.c :87 :List_push) gay shit
DEBUG: (src/list.c :87 :List_push) gay shit
DEBUG: (src/list.c :87 :List_push) gay shit
DEBUG: (src/list.c :87 :List_push) gay shit
DEBUG: (src/list.c :87 :List_push) gay shit
DEBUG: (src/list.c :87 :List_push) gay shit
DEBUG: (src/list.c :87 :List_push) gay shit
DEBUG: (src/list.c :87 :List_push) gay shit
DEBUG: (src/list.c :87 :List_push) gay shit
DEBUG: (src/list.c :87 :List_push) gay shit
DEBUG: (src/list.c :87 :List_push) gay shit
DEBUG: (src/list.c :87 :List_push) gay shit
DEBUG: (src/list.c :87 :List_push) gay shit
DEBUG: (src/list.c :87 :List_push) gay shit
DEBUG: (src/list.c :87 :List_push) gay shit
DEBUG: (src/list.c :87 :List_push) gay shit
DEBUG: (src/list.c :87 :List_push) gay shit
DEBUG: (src/list.c :87 :List_push) gay shit
DEBUG: (src/list.c :87 :List_push) gay shit
DEBUG: (src/list.c :87 :List_push) gay shit
DEBUG: (src/list.c :87 :List_push) gay shit
DEBUG: (src/list.c :87 :List_push) gay shit
DEBUG: (src/list.c :87 :List_push) gay shit
DEBUG: (src/list.c :87 :List_push) gay shit
DEBUG: (src/list.c :87 :List_push) gay shit
DEBUG: (src/list.c :87 :List_push) gay shit
DEBUG: (src/list.c :87 :List_push) gay shit
DEBUG: (src/list.c :87 :List_push) gay shit
DEBUG: (src/list.c :87 :List_push) gay shit
DEBUG: (src/list.c :87 :List_push) gay shit
DEBUG: (src/list.c :87 :List_push) gay shit
DEBUG: (src/list.c :87 :List_push) gay shit
DEBUG: (src/list.c :87 :List_push) gay shit
DEBUG: (src/list.c :87 :List_push) gay shit
DEBUG: (src/list.c :87 :List_push) gay shit
DEBUG: (src/list.c :87 :List_push) gay shit
DEBUG: (src/list.c :87 :List_push) gay shit
DEBUG: (src/list.c :87 :List_push) gay shit
DEBUG: (src/list.c :87 :List_push) gay shit
DEBUG: (src/list.c :87 :List_push) gay shit
DEBUG: (src/list.c :87 :List_push) gay shit
DEBUG: (src/list.c :87 :List_push) gay shit
DEBUG: (src/list.c :87 :List_push) gay shit
DEBUG: (src/list.c :87 :List_push) gay shit
DEBUG: (src/list.c :87 :List_push) gay shit
DEBUG: (src/list.c :87 :List_push) gay shit
DEBUG: (src/list.c :87 :List_push) gay shit
DEBUG: (src/list.c :87 :List_push) gay shit
DEBUG: (src/list.c :87 :List_push) gay shit
DEBUG: (src/list.c :87 :List_push) gay shit
DEBUG: (src/list.c :87 :List_push) gay shit
DEBUG: (src/list.c :87 :List_push) gay shit
DEBUG: (src/list.c :87 :List_push) gay shit
DEBUG: (src/list.c :87 :List_push) gay shit
DEBUG: (src/list.c :87 :List_push) gay shit
DEBUG: (src/list.c :87 :List_push) gay shit
DEBUG: (src/list.c :87 :List_push) gay shit
DEBUG: (src/list.c :87 :List_push) gay shit
DEBUG: (src/list.c :87 :List_push) gay shit
DEBUG: (src/list.c :87 :List_push) gay shit
DEBUG: (src/list.c :87 :List_push) gay shit
DEBUG: (src/list.c :87 :List_push) gay shit
DEBUG: (src/list.c :87 :List_push) gay shit
DEBUG: (src/list.c :87 :List_push) gay shit
DEBUG: (src/list.c :87 :List_push) gay shit
DEBUG: (src/list.c :87 :List_push) gay shit
DEBUG: (src/list.c :87 :List_push) gay shit
DEBUG: (src/list.c :87 :List_push) gay shit
DEBUG: (src/list.c :87 :List_push) gay shit
DEBUG: (src/list.c :87 :List_push) gay shit
DEBUG: (src/list.c :87 :List_push) gay shit
DEBUG: (src/list.c :87 :List_push) gay shit
DEBUG: (src/list.c :87 :List_push) gay shit
DEBUG: (src/list.c :87 :List_push) gay shit
DEBUG: (src/list.c :87 :List_push) gay shit
DEBUG: (src/list.c :87 :List_push) gay shit
DEBUG: (src/list.c :87 :List_push) gay shit
DEBUG: (src/list.c :87 :List_push) gay shit
DEBUG: (src/list.c :87 :List_push) gay shit
DEBUG: (src/list.c :87 :List_push) gay shit
DEBUG: (src/list.c :87 :List_push) gay shit
DEBUG: (src/list.c :87 :List_push) gay shit
DEBUG: (src/list.c :87 :List_push) gay shit
DEBUG: (src/list.c :87 :List_push) gay shit
DEBUG: (src/list.c :87 :List_push) gay shit
DEBUG: (src/list.c :87 :List_push) gay shit
DEBUG: (src/list.c :87 :List_push) gay shit
DEBUG: (src/list.c :87 :List_push) gay shit
DEBUG: (src/list.c :87 :List_push) gay shit
DEBUG: (src/list.c :87 :List_push) gay shit
DEBUG: (src/list.c :87 :List_push) gay shit
DEBUG: (src/list.c :87 :List_push) gay shit
DEBUG: (src/list.c :87 :List_push) gay shit
DEBUG: (src/list.c :87 :List_push) gay shit
DEBUG: (src/list.c :87 :List_push) gay shit
DEBUG: (src/list.c :87 :List_push) gay shit
DEBUG: (src/list.c :87 :List_push) gay shit
DEBUG: (src/list.c :87 :List_push) gay shit
DEBUG: (src/list.c :87 :List_push) gay shit
DEBUG: (src/list.c :87 :List_push) gay shit
DEBUG: (src/list.c :87 :List_push) gay shit
DEBUG: (src/list.c :87 :List_push) gay shit
DEBUG: (src/list.c :87 :List_push) gay shit
DEBUG: (src/list.c :87 :List_push) gay shit
DEBUG: (src/list.c :87 :List_push) gay shit
DEBUG: (src/list.c :87 :List_push) gay shit
DEBUG: (src/list.c :87 :List_push) gay shit
DEBUG: (src/list.c :87 :List_push) gay shit
DEBUG: (src/list.c :87 :List_push) gay shit
DEBUG: (src/list.c :87 :List_push) gay shit
DEBUG: (src/list.c :87 :List_push) gay shit
DEBUG: (src/list.c :87 :List_push) gay shit
DEBUG: (src/list.c :87 :List_push) gay shit
DEBUG: (src/list.c :87 :List_push) gay shit
DEBUG: (src/list.c :87 :List_push) gay shit
DEBUG: (src/list.c :87 :List_push) gay shit
DEBUG: (src/list.c :87 :List_push) gay shit
DEBUG: (src/list.c :87 :List_push) gay shit
DEBUG: (src/list.c :87 :List_push) gay shit
DEBUG: (src/list.c :87 :List_push) gay shit
DEBUG: (src/list.c :87 :List_push) gay shit
DEBUG: (src/list.c :87 :List_push) gay shit
DEBUG: (src/list.c :87 :List_push) gay shit
DEBUG: (src/list.c :87 :List_push) gay shit
DEBUG: (src/list.c :87 :List_push) gay shit
DEBUG: (src/list.c :87 :List_push) gay shit
DEBUG: (src/list.c :87 :List_push) gay shit
DEBUG: (src/list.c :87 :List_push) gay shit
DEBUG: (src/list.c :87 :List_push) gay shit
DEBUG: (src/list.c :87 :List_push) gay shit
DEBUG: (src/list.c :87 :List_push) gay shit
DEBUG: (src/list.c :87 :List_push) gay shit
DEBUG: (src/list.c :87 :List_push) gay shit
DEBUG: (src/list.c :87 :List_push) gay shit
DEBUG: (src/list.c :87 :List_push) gay shit
DEBUG: (src/list.c :87 :List_push) gay shit
DEBUG: (src/list.c :87 :List_push) gay shit
DEBUG: (src/list.c :87 :List_push) gay shit
DEBUG: (src/list.c :87 :List_push) gay shit
DEBUG: (src/list.c :87 :List_push) gay shit
DEBUG: (src/list.c :87 :List_push) gay shit
DEBUG: (src/list.c :87 :List_push) gay shit
DEBUG: (src/list.c :87 :List_push) gay shit
DEBUG: (src/list.c :87 :List_push) gay shit
DEBUG: (src/list.c :87 :List_push) gay shit
DEBUG: (src/list.c :87 :List_push) gay shit
DEBUG: (src/list.c :87 :List_push) gay shit
DEBUG: (src/list.c :87 :List_push) gay shit
DEBUG: (src/list.c :87 :List_push) gay shit
DEBUG: (src/list.c :87 :List_push) gay shit
DEBUG: (src/list.c :87 :List_push) gay shit
DEBUG: (src/list.c :87 :List_push) gay shit
DEBUG: (src/list.c :87 :List_push) gay shit
DEBUG: (src/list.c :87 :List_push) gay shit
DEBUG: (src/list.c :87 :List_push) gay shit
DEBUG: (src/list.c :87 :List_push) gay shit
DEBUG: (src/list.c :87 :List_push) gay shit
DEBUG: (src/list.c :87 :List_push) gay shit
DEBUG: (src/list.c :87 :List_push) gay shit
DEBUG: (src/list.c :87 :List_push) gay shit
DEBUG: (src/list.c :87 :List_push) gay shit
DEBUG: (src/list.c :87 :List_push) gay shit
DEBUG: (src/list.c :87 :List_push) gay shit
DEBUG: (src/list.c :87 :List_push) gay shit
DEBUG: (src/list.c :87 :List_push) gay shit
DEBUG: (src/list.c :87 :List_push) gay shit
DEBUG: (src/list.c :87 :List_push) gay shit
DEBUG: (src/list.c :87 :List_push) gay shit
DEBUG: (src/list.c :87 :List_push) gay shit
DEBUG: (src/list.c :87 :List_push) gay shit
DEBUG: (src/list.c :87 :List_push) gay shit
DEBUG: (src/list.c :87 :List_push) gay shit
DEBUG: (src/list.c :87 :List_push) gay shit
DEBUG: (src/list.c :87 :List_push) gay shit
DEBUG: (src/list.c :87 :List_push) gay shit
DEBUG: (src/list.c :87 :List_push) gay shit
DEBUG: (src/list.c :87 :List_push) gay shit
DEBUG: (src/list.c :87 :List_push) gay shit
DEBUG: (src/list.c :87 :List_push) gay shit
DEBUG: (src/list.c :87 :List_push) gay shit
DEBUG: (src/list.c :87 :List_push) gay shit
DEBUG: (src/list.c :87 :List_push) gay shit
DEBUG: (src/list.c :87 :List_push) gay shit
DEBUG: (src/list.c :87 :List_push) gay shit
DEBUG: (src/list.c :87 :List_push) gay shit
DEBUG: (src/list.c :87 :List_push) gay shit
DEBUG: (src/list.c :87 :List_push) gay shit
DEBUG: (src/list.c :87 :List_push) gay shit
DEBUG: (src/list.c :87 :List_push) gay shit
DEBUG: (src/list.c :87 :List_push) gay shit
DEBUG: (src/list.c :87 :List_push) gay shit
DEBUG: (src/list.c :87 :List_push) gay shit
DEBUG: (src/list.c :87 :List_push) gay shit
DEBUG: (src/list.c :87 :List_push) gay shit
DEBUG: (src/list.c :87 :List_push) gay shit
DEBUG: (src/list.c :87 :List_push) gay shit
DEBUG: (src/list.c :87 :List_push) gay shit
DEBUG: (src/list.c :87 :List_push) gay shit
DEBUG: (src/list.c :87 :List_push) gay shit
DEBUG: (src/list.c :87 :List_push) gay shit
DEBUG: (src/list.c :87 :List_push) gay shit
DEBUG: (src/list.c :87 :List_push) gay shit
DEBUG: (src/list.c :87 :List_push) gay shit
DEBUG: (src/list.c :87 :List_push) gay shit
DEBUG: (src/list.c :87 :List_push) gay shit
DEBUG: (src/list.c :87 :List_push) gay shit
DEBUG: (src/list.c :87 :List_push) gay shit
DEBUG: (src/list.c :87 :List_push) gay shit
DEBUG: (src/list.c :87 :List_push) gay shit
DEBUG: (src/list.c :87 :List_push) gay shit
DEBUG: (src/list.c :87 :List_push) gay shit
DEBUG: (src/list.c :87 :List_push) gay shit
DEBUG: (src/list.c :87 :List_push) gay shit
DEBUG: (src/list.c :87 :List_push) gay shit
DEBUG: (src/list.c :87 :List_push) gay shit
DEBUG: (src/list.c :87 :List_push) gay shit
DEBUG: (src/list.c :87 :List_push) gay shit
DEBUG: (src/list.c :87 :List_push) gay shit
DEBUG: (src/list.c :87 :List_push) gay shit
DEBUG: (src/list.c :87 :List_push) gay shit
DEBUG: (src/list.c :87 :List_push) gay shit
DEBUG: (src/list.c :87 :List_push) gay shit
DEBUG: (src/list.c :87 :List_push) gay shit
DEBUG: (src/list.c :87 :List_push) gay shit
DEBUG: (src/list.c :87 :List_push) gay shit
DEBUG: (src/list.c :87 :List_push) gay shit
DEBUG: (src/list.c :87 :List_push) gay shit
DEBUG: (src/list.c :87 :List_push) gay shit
DEBUG: (src/list.c :87 :List_push) gay shit
DEBUG: (src/list.c :87 :List_push) gay shit
DEBUG: (src/list.c :87 :List_push) gay shit
DEBUG: (src/list.c :87 :List_push) gay shit
DEBUG: (src/list.c :87 :List_push) gay shit
DEBUG: (src/list.c :87 :List_push) gay shit
DEBUG: (src/list.c :87 :List_push) gay shit
DEBUG: (src/list.c :87 :List_push) gay shit
DEBUG: (src/list.c :87 :List_push) gay shit
DEBUG: (src/list.c :87 :List_push) gay shit
DEBUG: (src/list.c :87 :List_push) gay shit
DEBUG: (src/list.c :87 :List_push) gay shit
DEBUG: (src/list.c :87 :List_push) gay shit
DEBUG: (src/list.c :87 :List_push) gay shit
DEBUG: (src/list.c :87 :List_push) gay shit
DEBUG: (src/list.c :87 :List_push) gay shit
DEBUG: (src/list.c :87 :List_push) gay shit
DEBUG: (src/list.c :87 :List_push) gay shit
DEBUG: (src/list.c :87 :List_push) gay shit
DEBUG: (src/list.c :87 :List_push) gay shit
DEBUG: (src/list.c :87 :List_push) gay shit
DEBUG: (src/list.c :87 :List_push) gay shit
DEBUG: (src/list.c :87 :List_push) gay shit
DEBUG: (src/list.c :87 :List_push) gay shit
DEBUG: (src/list.c :87 :List_push) gay shit
DEBUG: (src/list.c :87 :List_push) gay shit
DEBUG: (src/list.c :87 :List_push) gay shit
DEBUG: (src/list.c :87 :List_push) gay shit
DEBUG: (src/list.c :87 :List_push) gay shit
DEBUG: (src/list.c :87 :List_push) gay shit
DEBUG: (src/list.c :87 :List_push) gay shit
DEBUG: (src/list.c :87 :List_push) gay shit
DEBUG: (src/list.c :87 :List_push) gay shit
DEBUG: (src/list.c :87 :List_push) gay shit
DEBUG: (src/list.c :87 :List_push) gay shit
DEBUG: (src/list.c :87 :List_push) gay shit
DEBUG: (src/list.c :87 :List_push) gay shit
DEBUG: (src/list.c :87 :List_push) gay shit
DEBUG: (src/list.c :87 :List_push) gay shit
DEBUG: (src/list.c :87 :List_push) gay shit
DEBUG: (src/list.c :87 :List_push) gay shit
DEBUG: (src/list.c :87 :List_push) gay shit
DEBUG: (src/list.c :87 :List_push) gay shit
DEBUG: (src/list.c :87 :List_push) gay shit
DEBUG: (src/list.c :87 :List_push) gay shit
DEBUG: (src/list.c :87 :List_push) gay shit
DEBUG: (src/list.c :87 :List_push) gay shit
DEBUG: (src/list.c :87 :List_push) gay shit
DEBUG: (src/list.c :87 :List_push) gay shit
DEBUG: (src/list.c :87 :List_push) gay shit
DEBUG: (src/list.c :87 :List_push) gay shit
DEBUG: (src/list.c :87 :List_push) gay shit
DEBUG: (src/list.c :87 :List_push) gay shit
DEBUG: (src/list.c :87 :List_push) gay shit
DEBUG: (src/list.c :87 :List_push) gay shit
DEBUG: (src/list.c :87 :List_push) gay shit
DEBUG: (src/list.c :87 :List_push) gay shit
DEBUG: (src/list.c :87 :List_push) gay shit
DEBUG: (src/list.c :87 :List_push) gay shit
DEBUG: (src/list.c :87 :List_push) gay shit
DEBUG: (src/list.c :87 :List_push) gay shit
DEBUG: (src/list.c :87 :List_push) gay shit
DEBUG: (src/list.c :87 :List_push) gay shit
DEBUG: (src/list.c :87 :List_push) gay shit
DEBUG: (src/list.c :87 :List_push) gay shit
DEBUG: (src/list.c :87 :List_push) gay shit
DEBUG: (src/list.c :87 :List_push) gay shit
DEBUG: (src/list.c :87 :List_push) gay shit
DEBUG: (src/list.c :87 :List_push) gay shit
DEBUG: (src/list.c :87 :List_push) gay shit
DEBUG: (src/list.c :87 :List_push) gay shit
DEBUG: (src/list.c :87 :List_push) gay shit
DEBUG: (src/list.c :87 :List_push) gay shit
DEBUG: (src/list.c :87 :List_push) gay shit
DEBUG: (src/list.c :87 :List_push) gay shit
DEBUG: (src/list.c :87 :List_push) gay shit
DEBUG: (src/list.c :87 :List_push) gay shit
DEBUG: (src/list.c :87 :List_push) gay shit
DEBUG: (src/list.c :87 :List_push) gay shit
DEBUG: (src/list.c :87 :List_push) gay shit
DEBUG: (src/list.c :87 :List_push) gay shit
DEBUG: (src/list.c :87 :List_push) gay shit
DEBUG: (src/list.c :87 :List_push) gay shit
DEBUG: (src/list.c :87 :List_push) gay shit
DEBUG: (src/list.c :87 :List_push) gay shit
DEBUG: (src/list.c :87 :List_push) gay shit
DEBUG: (src/list.c :87 :List_push) gay shit
DEBUG: (src/list.c :87 :List_push) gay shit
DEBUG: (src/list.c :87 :List_push) gay shit
DEBUG: (src/list.c :87 :List_push) gay shit
DEBUG: (src/list.c :87 :List_push) gay shit
DEBUG: (src/list.c :87 :List_push) gay shit
DEBUG: (src/list.c :87 :List_push) gay shit
DEBUG: (src/list.c :87 :List_push) gay shit
DEBUG: (src/list.c :87 :List_push) gay shit
DEBUG: (src/list.c :87 :List_push) gay shit
DEBUG: (src/list.c :87 :List_push) gay shit
DEBUG: (src/list.c :87 :List_push) gay shit
DEBUG: (src/list.c :87 :List_push) gay shit
DEBUG: (src/list.c :87 :List_push) gay shit
DEBUG: (src/list.c :87 :List_push) gay shit
DEBUG: (src/list.c :87 :List_push) gay shit
DEBUG: (src/list.c :87 :List_push) gay shit
DEBUG: (src/list.c :87 :List_push) gay shit
DEBUG: (src/list.c :87 :List_push) gay shit
DEBUG: (src/list.c :87 :List_push) gay shit
DEBUG: (src/list.c :87 :List_push) gay shit
DEBUG: (src/list.c :87 :List_push) gay shit
DEBUG: (src/list.c :87 :List_push) gay shit
DEBUG: (src/list.c :87 :List_push) gay shit
DEBUG: (src/list.c :87 :List_push) gay shit
DEBUG: (src/list.c :87 :List_push) gay shit
DEBUG: (src/list.c :87 :List_push) gay shit
DEBUG: (src/list.c :87 :List_push) gay shit
DEBUG: (src/list.c :87 :List_push) gay shit
DEBUG: (src/list.c :87 :List_push) gay shit
DEBUG: (src/list.c :87 :List_push) gay shit
DEBUG: (src/list.c :87 :List_push) gay shit
DEBUG: (src/list.c :87 :List_push) gay shit
DEBUG: (src/list.c :87 :List_push) gay shit
DEBUG: (src/list.c :87 :List_push) gay shit
DEBUG: (src/list.c :87 :List_push) gay shit
DEBUG: (src/list.c :87 :List_push) gay shit
DEBUG: (src/list.c :87 :List_push) gay shit
DEBUG: (src/list.c :87 :List_push) gay shit
DEBUG: (src/list.c :87 :List_push) gay shit
DEBUG: (src/list.c :87 :List_push) gay shit
DEBUG: (src/list.c :87 :List_push) gay shit
DEBUG: (src/list.c :87 :List_push) gay shit
DEBUG: (src/list.c :87 :List_push) gay shit
DEBUG: (src/list.c :87 :List_push) gay shit
DEBUG: (src/list.c :87 :List_push) gay shit
DEBUG: (src/list.c :87 :List_push) gay shit
DEBUG: (src/list.c :87 :List_push) gay shit
DEBUG: (src/list.c :87 :List_push) gay shit
DEBUG: (src/list.c :87 :List_push) gay shit
DEBUG: (src/list.c :87 :List_push) gay shit
DEBUG: (src/list.c :87 :List_push) gay shit
DEBUG: (src/list.c :87 :List_push) gay shit
DEBUG: (src/list.c :87 :List_push) gay shit
DEBUG: (src/list.c :87 :List_push) gay shit
DEBUG: (src/list.c :87 :List_push) gay shit
DEBUG: (src/list.c :87 :List_push) gay shit
DEBUG: (src/list.c :87 :List_push) gay shit
DEBUG: (src/list.c :87 :List_push) gay shit
DEBUG: (src/list.c :87 :List_push) gay shit
DEBUG: (src/list.c :87 :List_push) gay shit
DEBUG: (src/list.c :87 :List_push) gay shit
DEBUG: (src/list.c :87 :List_push) gay shit
DEBUG: (src/list.c :87 :List_push) gay shit
DEBUG: (src/list.c :87 :List_push) gay shit
DEBUG: (src/list.c :87 :List_push) gay shit
DEBUG: (src/list.c :87 :List_push) gay shit
DEBUG: (src/list.c :87 :List_push) gay shit
DEBUG: (src/list.c :87 :List_push) gay shit
DEBUG: (src/list.c :87 :List_push) gay shit
DEBUG: (src/list.c :87 :List_push) gay shit
DEBUG: (src/list.c :87 :List_push) gay shit
DEBUG: (src/list.c :87 :List_push) gay shit
DEBUG: (src/list.c :87 :List_push) gay shit
DEBUG: (src/list.c :87 :List_push) gay shit
DEBUG: (src/list.c :87 :List_push) gay shit
DEBUG: (src/list.c :87 :List_push) gay shit
DEBUG: (src/list.c :87 :List_push) gay shit
DEBUG: (src/list.c :87 :List_push) gay shit
DEBUG: (src/list.c :87 :List_push) gay shit
DEBUG: (src/list.c :87 :List_push) gay shit
DEBUG: (src/list.c :87 :List_push) gay shit
DEBUG: (src/list.c :87 :List_push) gay shit
DEBUG: (src/list.c :87 :List_push) gay shit
DEBUG: (src/list.c :87 :List_push) gay shit
DEBUG: (src/list.c :87 :List_push) gay shit
DEBUG: (src/list.c :87 :List_push) gay shit
DEBUG: (src/list.c :87 :List_push) gay shit
DEBUG: (src/list.c :87 :List_push) gay shit
DEBUG: (src/list.c :87 :List_push) gay shit
DEBUG: (src/list.c :87 :List_push) gay shit
DEBUG: (src/list.c :87 :List_push) gay shit
DEBUG: (src/list.c :87 :List_push) gay shit
DEBUG: (src/list.c :87 :List_push) gay shit
DEBUG: (src/list.c :87 :List_push) gay shit
DEBUG: (src/list.c :87 :List_push) gay shit
DEBUG: (src/list.c :87 :List_push) gay shit
DEBUG: (src/list.c :87 :List_push) gay shit
DEBUG: (src/list.c :87 :List_push) gay shit
DEBUG: (src/list.c :87 :List_push) gay shit
DEBUG: (src/list.c :87 :List_push) gay shit
DEBUG: (src/list.c :87 :List_push) gay shit
DEBUG: (src/list.c :87 :List_push) gay shit
DEBUG: (src/list.c :87 :List_push) gay shit
DEBUG: (src/list.c :87 :List_push) gay shit
DEBUG: (src/list.c :87 :List_push) gay shit
DEBUG: (src/list.c :87 :List_push) gay shit
DEBUG: (src/list.c :87 :List_push) gay shit
DEBUG: (src/list.c :87 :List_push) gay shit
DEBUG: (src/list.c :87 :List_push) gay shit
DEBUG: (src/list.c :87 :List_push) gay shit
DEBUG: (src/list.c :87 :List_push) gay shit
DEBUG: (src/list.c :87 :List_push) gay shit
DEBUG: (src/list.c :87 :List_push) gay shit
DEBUG: (src/list.c :87 :List_push) gay shit
DEBUG: (src/list.c :87 :List_push) gay shit
DEBUG: (src/list.c :87 :List_push) gay shit
DEBUG: (src/list.c :87 :List_push) gay shit
DEBUG: (src/list.c :87 :List_push) gay shit
DEBUG: (src/list.c :87 :List_push) gay shit
DEBUG: (src/list.c :87 :List_push) gay shit
DEBUG: (src/list.c :87 :List_push) gay shit
DEBUG: (src/list.c :87 :List_push) gay shit
DEBUG: (src/list.c :87 :List_push) gay shit
DEBUG: (src/list.c :87 :List_push) gay shit
DEBUG: (src/list.c :87 :List_push) gay shit
DEBUG: (src/list.c :87 :List_push) gay shit
DEBUG: (src/list.c :87 :List_push) gay shit
DEBUG: (src/list.c :87 :List_push) gay shit
DEBUG: (src/list.c :87 :List_push) gay shit
DEBUG: (src/list.c :87 :List_push) gay shit
DEBUG: (src/list.c :87 :List_push) gay shit
DEBUG: (src/list.c :87 :List_push) gay shit
DEBUG: (src/list.c :87 :List_push) gay shit
DEBUG: (src/list.c :87 :List_push) gay shit
DEBUG: (src/list.c :87 :List_push) gay shit
DEBUG: (src/list.c :87 :List_push) gay shit
DEBUG: (src/list.c :87 :List_push) gay shit
DEBUG: (src/list.c :87 :List_push) gay shit
DEBUG: (src/list.c :87 :List_push) gay shit
DEBUG: (src/list.c :87 :List_push) gay shit
DEBUG: (src/list.c :87 :List_push) gay shit
DEBUG: (src/list.c :87 :List_push) gay shit
DEBUG: (src/list.c :87 :List_push) gay shit
DEBUG: (src/list.c :87 :List_push) gay shit
DEBUG: (src/list.c :87 :List_push) gay shit
DEBUG: (src/list.c :87 :List_push) gay shit
DEBUG: (src/list.c :87 :List_push) gay shit
DEBUG: (src/list.c :87 :List_push) gay shit
DEBUG: (src/list.c :87 :List_push) gay shit
DEBUG: (src/list.c :87 :List_push) gay shit
DEBUG: (src/list.c :87 :List_push) gay shit
DEBUG: (src/list.c :87 :List_push) gay shit
DEBUG: (src/list.c :87 :List_push) gay shit
DEBUG: (src/list.c :87 :List_push) gay shit
DEBUG: (src/list.c :87 :List_push) gay shit
DEBUG: (src/list.c :87 :List_push) gay shit
DEBUG: (src/list.c :87 :List_push) gay shit
DEBUG: (src/list.c :87 :List_push) gay shit
DEBUG: (src/list.c :87 :List_push) gay shit
DEBUG: (src/list.c :87 :List_push) gay shit
DEBUG: (src/list.c :87 :List_push) gay shit
DEBUG: (src/list.c :87 :List_push) gay shit
DEBUG: (src/list.c :87 :List_push) gay shit
DEBUG: (src/list.c :87 :List_push) gay shit
DEBUG: (src/list.c :87 :List_push) gay shit
DEBUG: (src/list.c :87 :List_push) gay shit
DEBUG: (src/list.c :87 :List_push) gay shit
DEBUG: (src/list.c :87 :List_push) gay shit
DEBUG: (src/list.c :87 :List_push) gay shit
DEBUG: (src/list.c :87 :List_push) gay shit
DEBUG: (src/list.c :87 :List_push) gay shit
DEBUG: (src/list.c :87 :List_push) gay shit
DEBUG: (src/list.c :87 :List_push) gay shit
DEBUG: (src/list.c :87 :List_push) gay shit
DEBUG: (src/list.c :87 :List_push) gay shit
DEBUG: (src/list.c :87 :List_push) gay shit
DEBUG: (src/list.c :87 :List_push) gay shit
DEBUG: (src/list.c :87 :List_push) gay shit
DEBUG: (src/list.c :87 :List_push) gay shit
DEBUG: (src/list.c :87 :List_push) gay shit
DEBUG: (src/list.c :87 :List_push) gay shit
DEBUG: (src/list.c :87 :List_push) gay shit
DEBUG: (src/list.c :87 :List_push) gay shit
DEBUG: (src/list.c :87 :List_push) gay shit
DEBUG: (src/list.c :87 :List_push) gay shit
DEBUG: (src/list.c :87 :List_push) gay shit
DEBUG: (src/list.c :87 :List_push) gay shit
DEBUG: (src/list.c :87 :List_push) gay shit
DEBUG: (src/list.c :87 :List_push) gay shit
DEBUG: (src/list.c :87 :List_push) gay shit
DEBUG: (src/list.c :87 :List_push) gay shit
DEBUG: (src/list.c :87 :List_push) gay shit
DEBUG: (src/list.c :87 :List_push) gay shit
DEBUG: (src/list.c :87 :List_push) gay shit
DEBUG: (src/list.c :87 :List_push) gay shit
DEBUG: (src/list.c :87 :List_push) gay shit
DEBUG: (src/list.c :87 :List_push) gay shit
DEBUG: (src/list.c :87 :List_push) gay shit
DEBUG: (src/list.c :87 :List_push) gay shit
DEBUG: (src/list.c :87 :List_push) gay shit
DEBUG: (src/list.c :87 :List_push) gay shit
DEBUG: (src/list.c :87 :List_push) gay shit
DEBUG: (src/list.c :87 :List_push) gay shit
DEBUG: (src/list.c :87 :List_push) gay shit
DEBUG: (src/list.c :87 :List_push) gay shit
DEBUG: (src/list.c :87 :List_push) gay shit
DEBUG: (src/list.c :87 :List_push) gay shit
DEBUG: (src/list.c :87 :List_push) gay shit
DEBUG: (src/list.c :87 :List_push) gay shit
DEBUG: (src/list.c :87 :List_push) gay shit
DEBUG: (src/list.c :87 :List_push) gay shit
DEBUG: (src/list.c :87 :List_push) gay shit
DEBUG: (src/list.c :87 :List_push) gay shit
DEBUG: (src/list.c :87 :List_push) gay shit
DEBUG: (src/list.c :87 :List_push) gay shit
DEBUG: (src/list.c :87 :List_push) gay shit
DEBUG: (src/list.c :87 :List_push) gay shit
DEBUG: (src/list.c :87 :List_push) gay shit
DEBUG: (src/list.c :87 :List_push) gay shit
DEBUG: (src/list.c :87 :List_push) gay shit
DEBUG: (src/list.c :87 :List_push) gay shit
DEBUG: (src/list.c :87 :List_push) gay shit
DEBUG: (src/list.c :87 :List_push) gay shit
DEBUG: (src/list.c :87 :List_push) gay shit
DEBUG: (src/list.c :87 :List_push) gay shit
DEBUG: (src/list.c :87 :List_push) gay shit
DEBUG: (src/list.c :87 :List_push) gay shit
DEBUG: (src/list.c :87 :List_push) gay shit
DEBUG: (src/list.c :87 :List_push) gay shit
DEBUG: (src/list.c :87 :List_push) gay shit
DEBUG: (src/list.c :87 :List_push) gay shit
DEBUG: (src/list.c :87 :List_push) gay shit
DEBUG: (src/list.c :87 :List_push) gay shit
DEBUG: (src/list.c :87 :List_push) gay shit
DEBUG: (src/list.c :87 :List_push) gay shit
DEBUG: (src/list.c :87 :List_push) gay shit
DEBUG: (src/list.c :87 :List_push) gay shit
DEBUG: (src/list.c :87 :List_push) gay shit
DEBUG: (src/list.c :87 :List_push) gay shit
DEBUG: (src/list.c :87 :List_push) gay shit
DEBUG: (src/list.c :87 :List_push) gay shit
DEBUG: (src/list.c :87 :List_push) gay shit
DEBUG: (src/list.c :87 :List_push) gay shit
DEBUG: (src/list.c :87 :List_push) gay shit
DEBUG: (src/list.c :87 :List_push) gay shit
DEBUG: (src/list.c :87 :List_push) gay shit
DEBUG: (src/list.c :87 :List_push) gay shit
DEBUG: (src/list.c :87 :List_push) gay shit
DEBUG: (src/list.c :87 :List_push) gay shit
DEBUG: (src/list.c :87 :List_push) gay shit
DEBUG: (src/list.c :87 :List_push) gay shit
DEBUG: (src/list.c :87 :List_push) gay shit
DEBUG: (src/list.c :87 :List_push) gay shit
DEBUG: (src/list.c :87 :List_push) gay shit
DEBUG: (src/list.c :87 :List_push) gay shit
DEBUG: (src/list.c :87 :List_push) gay shit
DEBUG: (src/list.c :87 :List_push) gay shit
DEBUG: (src/list.c :87 :List_push) gay shit
DEBUG: (src/list.c :87 :List_push) gay shit
DEBUG: (src/list.c :87 :List_push) gay shit
DEBUG: (src/list.c :87 :List_push) gay shit
DEBUG: (src/list.c :87 :List_push) gay shit
DEBUG: (src/list.c :87 :List_push) gay shit
DEBUG: (src/list.c :87 :List_push) gay shit
DEBUG: (src/list.c :87 :List_push) gay shit
DEBUG: (src/list.c :87 :List_push) gay shit
DEBUG: (src/list.c :87 :List_push) gay shit
DEBUG: (src/list.c :87 :List_push) gay shit
DEBUG: (src/list.c :87 :List_push) gay shit
DEBUG: (src/list.c :87 :List_push) gay shit
DEBUG: (src/list.c :87 :List_push) gay shit
DEBUG: (src/list.c :87 :List_push) gay shit
DEBUG: (src/list.c :87 :List_push) gay shit
DEBUG: (src/list.c :87 :List_push) gay shit
DEBUG: (src/list.c :87 :List_push) gay shit
DEBUG: (src/list.c :87 :List_push) gay shit
DEBUG: (src/list.c :87 :List_push) gay shit
DEBUG: (src/list.c :87 :List_push) gay shit
DEBUG: (src/list.c :87 :List_push) gay shit
DEBUG: (src/list.c :87 :List_push) gay shit
DEBUG: (src/list.c :87 :List_push) gay shit
DEBUG: (src/list.c :87 :List_push) gay shit
DEBUG: (src/list.c :87 :List_push) gay shit
DEBUG: (src/list.c :87 :List_push) gay shit
DEBUG: (src/list.c :87 :List_push) gay shit
DEBUG: (src/list.c :87 :List_push) gay shit
DEBUG: (src/list.c :87 :List_push) gay shit
DEBUG: (src/list.c :87 :List_push) gay shit
DEBUG: (src/list.c :87 :List_push) gay shit
DEBUG: (src/list.c :87 :List_push) gay shit
DEBUG: (src/list.c :87 :List_push) gay shit
DEBUG: (src/list.c :87 :List_push) gay shit
DEBUG: (src/list.c :87 :List_push) gay shit
DEBUG: (src/list.c :87 :List_push) gay shit
DEBUG: (src/list.c :87 :List_push) gay shit
DEBUG: (src/list.c :87 :List_push) gay shit
DEBUG: (src/list.c :87 :List_push) gay shit
DEBUG: (src/list.c :87 :List_push) gay shit
DEBUG: (src/list.c :87 :List_push) gay shit
DEBUG: (src/list.c :87 :List_push) gay shit
DEBUG: (src/list.c :87 :List_push) gay shit
DEBUG: (src/list.c :87 :List_push) gay shit
DEBUG: (src/list.c :87 :List_push) gay shit
DEBUG: (src/list.c :87 :List_push) gay shit
DEBUG: (src/list.c :87 :List_push) gay shit
DEBUG: (src/list.c :87 :List_push) gay shit
DEBUG: (src/list.c :87 :List_push) gay shit
DEBUG: (src/list.c :87 :List_push) gay shit
DEBUG: (src/list.c :87 :List_push) gay shit
DEBUG: (src/list.c :87 :List_push) gay shit
DEBUG: (src/list.c :87 :List_push) gay shit
DEBUG: (src/list.c :87 :List_push) gay shit
DEBUG: (src/list.c :87 :List_push) gay shit
DEBUG: (src/list.c :87 :List_push) gay shit
DEBUG: (src/list.c :87 :List_push) gay shit
DEBUG: (src/list.c :87 :List_push) gay shit
DEBUG: (src/list.c :87 :List_push) gay shit
DEBUG: (src/list.c :87 :List_push) gay shit
DEBUG: (src/list.c :87 :List_push) gay shit
DEBUG: (src/list.c :87 :List_push) gay shit
DEBUG: (src/list.c :87 :List_push) gay shit
DEBUG: (src/list.c :87 :List_push) gay shit
DEBUG: (src/list.c :87 :List_push) gay shit
DEBUG: (src/list.c :87 :List_push) gay shit
DEBUG: (src/list.c :87 :List_push) gay shit
DEBUG: (src/list.c :87 :List_push) gay shit
DEBUG: (src/list.c :87 :List_push) gay shit
DEBUG: (src/list.c :87 :List_push) gay shit
DEBUG: (src/list.c :87 :List_push) gay shit
DEBUG: (src/list.c :87 :List_push) gay shit
DEBUG: (src/list.c :87 :List_push) gay shit
DEBUG: (src/list.c :87 :List_push) gay shit
DEBUG: (src/list.c :87 :List_push) gay shit
DEBUG: (src/list.c :87 :List_push) gay shit
DEBUG: (src/list.c :87 :List_push) gay shit
DEBUG: (src/list.c :87 :List_push) gay shit
DEBUG: (src/list.c :87 :List_push) gay shit
DEBUG: (src/list.c :87 :List_push) gay shit
DEBUG: (src/list.c :87 :List_push) gay shit
DEBUG: (src/list.c :87 :List_push) gay shit
DEBUG: (src/list.c :87 :List_push) gay shit
DEBUG: (src/list.c :87 :List_push) gay shit
DEBUG: (src/list.c :87 :List_push) gay shit
DEBUG: (src/list.c :87 :List_push) gay shit
DEBUG: (src/list.c :87 :List_push) gay shit
DEBUG: (src/list.c :87 :List_push) gay shit
DEBUG: (src/list.c :87 :List_push) gay shit
DEBUG: (src/list.c :87 :List_push) gay shit
DEBUG: (src/list.c :87 :List_push) gay shit
DEBUG: (src/list.c :87 :List_push) gay shit
DEBUG: (src/list.c :87 :List_push) gay shit
DEBUG: (src/list.c :87 :List_push) gay shit
DEBUG: (src/list.c :87 :List_push) gay shit
DEBUG: (src/list.c :87 :List_push) gay shit
DEBUG: (src/list.c :87 :List_push) gay shit
DEBUG: (src/list.c :87 :List_push) gay shit
DEBUG: (src/list.c :87 :List_push) gay shit
DEBUG: (src/list.c :87 :List_push) gay shit
DEBUG: (src/list.c :87 :List_push) gay shit
DEBUG: (src/list.c :87 :List_push) gay shit
DEBUG: (src/list.c :87 :List_push) gay shit
DEBUG: (src/list.c :87 :List_push) gay shit
DEBUG: (src/list.c :87 :List_push) gay shit
DEBUG: (src/list.c :87 :List_push) gay shit
DEBUG: (src/list.c :87 :List_push) gay shit
DEBUG: (src/list.c :87 :List_push) gay shit
DEBUG: (src/list.c :87 :List_push) gay shit
DEBUG: (src/list.c :87 :List_push) gay shit
DEBUG: (src/list.c :87 :List_push) gay shit
DEBUG: (src/list.c :87 :List_push) gay shit
DEBUG: (src/list.c :87 :List_push) gay shit
DEBUG: (src/list.c :87 :List_push) gay shit
DEBUG: (src/list.c :87 :List_push) gay shit
DEBUG: (src/list.c :87 :List_push) gay shit
DEBUG: (src/list.c :87 :List_push) gay shit
DEBUG: (src/list.c :87 :List_push) gay shit
DEBUG: (src/list.c :87 :List_push) gay shit
DEBUG: (src/list.c :87 :List_push) gay shit
DEBUG: (src/list.c :87 :List_push) gay shit
DEBUG: (src/list.c :87 :List_push) gay shit
DEBUG: (src/list.c :87 :List_push) gay shit
DEBUG: (src/list.c :87 :List_push) gay shit
DEBUG: (src/list.c :87 :List_push) gay shit
DEBUG: (src/list.c :87 :List_push) gay shit
DEBUG: (src/list.c :87 :List_push) gay shit
DEBUG: (src/list.c :87 :List_push) gay shit
DEBUG: (src/list.c :87 :List_push) gay shit
DEBUG: (src/list.c :87 :List_push) gay shit
DEBUG: (src/list.c :87 :List_push) gay shit
DEBUG: (src/list.c :87 :List_push) gay shit
DEBUG: (src/list.c :87 :List_push) gay shit
DEBUG: (src/list.c :87 :List_push) gay shit
DEBUG: (src/list.c :87 :List_push) gay shit
DEBUG: (src/list.c :87 :List_push) gay shit
DEBUG: (src/list.c :87 :List_push) gay shit
DEBUG: (src/list.c :87 :List_push) gay shit
DEBUG: (src/list.c :87 :List_push) gay shit
DEBUG: (src/list.c :87 :List_push) gay shit
DEBUG: (src/list.c :87 :List_push) gay shit
DEBUG: (src/list.c :87 :List_push) gay shit
DEBUG: (src/list.c :87 :List_push) gay shit
DEBUG: (src/list.c :87 :List_push) gay shit
DEBUG: (src/list.c :87 :List_push) gay shit
DEBUG: (src/list.c :87 :List_push) gay shit
DEBUG: (src/list.c :87 :List_push) gay shit
DEBUG: (src/list.c :87 :List_push) gay shit
DEBUG: (src/list.c :87 :List_push) gay shit
DEBUG: (src/list.c :87 :List_push) gay shit
DEBUG: (src/list.c :87 :List_push) gay shit
DEBUG: (src/list.c :87 :List_push) gay shit
DEBUG: (src/list.c :87 :List_push) gay shit
DEBUG: (src/list.c :87 :List_push) gay shit
DEBUG: (src/list.c :87 :List_push) gay shit
DEBUG: (src/list.c :87 :List_push) gay shit
DEBUG: (src/list.c :87 :List_push) gay shit
DEBUG: (src/list.c :87 :List_push) gay shit
DEBUG: (src/list.c :87 :List_push) gay shit
DEBUG: (src/list.c :87 :List_push) gay shit
DEBUG: (src/list.c :87 :List_push) gay shit
DEBUG: (src/list.c :87 :List_push) gay shit
DEBUG: (src/list.c :87 :List_push) gay shit
DEBUG: (src/list.c :87 :List_push) gay shit
DEBUG: (src/list.c :87 :List_push) gay shit
DEBUG: (src/list.c :87 :List_push) gay shit
DEBUG: (src/list.c :87 :List_push) gay shit
DEBUG: (src/list.c :87 :List_push) gay shit
DEBUG: (src/list.c :87 :List_push) gay shit
DEBUG: (src/list.c :87 :List_push) gay shit
DEBUG: (src/list.c :87 :List_push) gay shit
DEBUG: (src/list.c :87 :List_push) gay shit
DEBUG: (src/list.c :87 :List_push) gay shit
DEBUG: (src/list.c :87 :List_push) gay shit
DEBUG: (src/list.c :87 :List_push) gay shit
DEBUG: (src/list.c :87 :List_push) gay shit
DEBUG: (src/list.c :87 :List_push) gay shit
DEBUG: (src/list.c :87 :List_push) gay shit
DEBUG: (src/list.c :87 :List_push) gay shit
DEBUG: (src/list.c :87 :List_push) gay shit
DEBUG: (src/list.c :87 :List_push) gay shit
DEBUG: (src/list.c :87 :List_push) gay shit
DEBUG: (src/list.c :87 :List_push) gay shit
DEBUG: (src/list.c :87 :List_push) gay shit
DEBUG: (src/list.c :87 :List_push) gay shit
DEBUG: (src/list.c :87 :List_push) gay shit
DEBUG: (src/list.c :87 :List_push) gay shit
DEBUG: (src/list.c :87 :List_push) gay shit
DEBUG: (src/list.c :87 :List_push) gay shit
DEBUG: (src/list.c :87 :List_push) gay shit
DEBUG: (src/list.c :87 :List_push) gay shit
DEBUG: (src/list.c :87 :List_push) gay shit
DEBUG: (src/list.c :87 :List_push) gay shit
DEBUG: (src/list.c :87 :List_push) gay shit
DEBUG: (src/list.c :87 :List_push) gay shit
DEBUG: (src/list.c :87 :List_push) gay shit
DEBUG: (src/list.c :87 :List_push) gay shit
DEBUG: (src/list.c :87 :List_push) gay shit
DEBUG: (src/list.c :87 :List_push) gay shit
DEBUG: (src/list.c :87 :List_push) gay shit
DEBUG: (src/list.c :87 :List_push) gay shit
DEBUG: (src/list.c :87 :List_push) gay shit
DEBUG: (src/list.c :87 :List_push) gay shit
DEBUG: (src/list.c :87 :List_push) gay shit
DEBUG: (src/list.c :87 :List_push) gay shit
DEBUG: (src/list.c :87 :List_push) gay shit
DEBUG: (src/list.c :87 :List_push) gay shit
DEBUG: (src/list.c :87 :List_push) gay shit
DEBUG: (src/list.c :87 :List_push) gay shit
DEBUG: (src/list.c :87 :List_push) gay shit
DEBUG: (src/list.c :87 :List_push) gay shit
DEBUG: (src/list.c :87 :List_push) gay shit
DEBUG: (src/list.c :87 :List_push) gay shit
DEBUG: (src/list.c :87 :List_push) gay shit
DEBUG: (src/list.c :87 :List_push) gay shit
DEBUG: (src/list.c :87 :List_push) gay shit
DEBUG: (src/list.c :87 :List_push) gay shit
DEBUG: (src/list.c :87 :List_push) gay shit
DEBUG: (src/list.c :87 :List_push) gay shit
DEBUG: (src/list.c :87 :List_push) gay shit
DEBUG: (src/list.c :87 :List_push) gay shit
DEBUG: (src/list.c :87 :List_push) gay shit
DEBUG: (src/list.c :87 :List_push) gay shit
DEBUG: (src/list.c :87 :List_push) gay shit
DEBUG: (src/list.c :87 :List_push) gay shit
DEBUG: (src/list.c :87 :List_push) gay shit
DEBUG: (src/list.c :87 :List_push) gay shit
DEBUG: (src/list.c :87 :List_push) gay shit
DEBUG: (src/list.c :87 :List_push) gay shit
DEBUG: (src/list.c :87 :List_push) gay shit
DEBUG: (src/list.c :87 :List_push) gay shit
DEBUG: (src/list.c :87 :List_push) gay shit
DEBUG: (src/list.c :87 :List_push) gay shit
DEBUG: (src/list.c :87 :List_push) gay shit
DEBUG: (src/list.c :87 :List_push) gay shit
DEBUG: (src/list.c :87 :List_push) gay shit
DEBUG: (src/list.c :87 :List_push) gay shit
DEBUG: (src/list.c :87 :List_push) gay shit
DEBUG: (src/list.c :87 :List_push) gay shit
DEBUG: (src/list.c :87 :List_push) gay shit
DEBUG: (src/list.c :87 :List_push) gay shit
DEBUG: (src/list.c :87 :List_push) gay shit
DEBUG: (src/list.c :87 :List_push) gay shit
DEBUG: (src/list.c :87 :List_push) gay shit
DEBUG: (src/list.c :87 :List_push) gay shit
DEBUG: (src/list.c :87 :List_push) gay shit
DEBUG: (src/list.c :87 :List_push) gay shit
DEBUG: (src/list.c :87 :List_push) gay shit
DEBUG: (src/list.c :87 :List_push) gay shit
DEBUG: (src/list.c :87 :List_push) gay shit
DEBUG: (src/list.c :87 :List_push) gay shit
DEBUG: (src/list.c :87 :List_push) gay shit
DEBUG: (src/list.c :87 :List_push) gay shit
DEBUG: (src/list.c :87 :List_push) gay shit
DEBUG: (src/list.c :87 :List_push) gay shit
DEBUG: (src/list.c :87 :List_push) gay shit
DEBUG: (src/list.c :87 :List_push) gay shit
DEBUG: (src/list.c :87 :List_push) gay shit
DEBUG: (src/list.c :87 :List_push) gay shit
DEBUG: (src/list.c :87 :List_push) gay shit
DEBUG: (src/list.c :87 :List_push) gay shit
DEBUG: (src/list.c :87 :List_push) gay shit
DEBUG: (src/list.c :87 :List_push) gay shit
DEBUG: (src/list.c :87 :List_push) gay shit
DEBUG: (src/list.c :87 :List_push) gay shit
DEBUG: (src/list.c :87 :List_push) gay shit
DEBUG: (src/list.c :87 :List_push) gay shit
DEBUG: (src/list.c :87 :List_push) gay shit
DEBUG: (src/list.c :87 :List_push) gay shit
DEBUG: (src/list.c :87 :List_push) gay shit
DEBUG: (src/list.c :87 :List_push) gay shit
DEBUG: (src/list.c :87 :List_push) gay shit
DEBUG: (src/list.c :87 :List_push) gay shit
DEBUG: (src/list.c :87 :List_push) gay shit
DEBUG: (src/list.c :87 :List_push) gay shit
DEBUG: (src/list.c :87 :List_push) gay shit
DEBUG: (src/list.c :87 :List_push) gay shit
DEBUG: (src/list.c :87 :List_push) gay shit
DEBUG: (src/list.c :87 :List_push) gay shit
DEBUG: (src/list.c :87 :List_push) gay shit
DEBUG: (src/list.c :87 :List_push) gay shit
DEBUG: (src/list.c :87 :List_push) gay shit
DEBUG: (src/list.c :87 :List_push) gay shit
DEBUG: (src/list.c :87 :List_push) gay shit
DEBUG: (src/list.c :87 :List_push) gay shit
DEBUG: (src/list.c :87 :List_push) gay shit
DEBUG: (src/list.c :87 :List_push) gay shit
DEBUG: (src/list.c :87 :List_push) gay shit
DEBUG: (src/list.c :87 :List_push) gay shit
DEBUG: (src/list.c :87 :List_push) gay shit
DEBUG: (src/list.c :87 :List_push) gay shit
DEBUG: (src/list.c :87 :List_push) gay shit
DEBUG: (src/list.c :87 :List_push) gay shit
DEBUG: (src/list.c :87 :List_push) gay shit
DEBUG: (src/list.c :87 :List_push) gay shit
DEBUG: (src/list.c :87 :List_push) gay shit
DEBUG: (src/list.c :87 :List_push) gay shit
DEBUG: (src/list.c :87 :List_push) gay shit
DEBUG: (src/list.c :87 :List_push) gay shit
DEBUG: (src/list.c :87 :List_push) gay shit
DEBUG: (src/list.c :87 :List_push) gay shit
DEBUG: (src/list.c :87 :List_push) gay shit
DEBUG: (src/list.c :87 :List_push) gay shit
DEBUG: (src/list.c :87 :List_push) gay shit
DEBUG: (src/list.c :87 :List_push) gay shit
DEBUG: (src/list.c :87 :List_push) gay shit
DEBUG: (src/list.c :87 :List_push) gay shit
DEBUG: (src/list.c :87 :List_push) gay shit
DEBUG: (src/list.c :87 :List_push) gay shit
DEBUG: (src/list.c :87 :List_push) gay shit
DEBUG: (src/list.c :87 :List_push) gay shit
DEBUG: (src/list.c :87 :List_push) gay shit
DEBUG: (src/list.c :87 :List_push) gay shit
DEBUG: (src/list.c :87 :List_push) gay shit
DEBUG: (src/list.c :87 :List_push) gay shit
DEBUG: (src/list.c :87 :List_push) gay shit
DEBUG: (src/list.c :87 :List_push) gay shit
DEBUG: (src/list.c :87 :List_push) gay shit
DEBUG: (src/list.c :87 :List_push) gay shit
DEBUG: (src/list.c :87 :List_push) gay shit
DEBUG: (src/list.c :87 :List_push) gay shit
DEBUG: (src/list.c :87 :List_push) gay shit
DEBUG: (src/list.c :87 :List_push) gay shit
DEBUG: (src/list.c :87 :List_push) gay shit
DEBUG: (src/list.c :87 :List_push) gay shit
DEBUG: (src/list.c :87 :List_push) gay shit
DEBUG: (src/list.c :87 :List_push) gay shit
DEBUG: (src/list.c :87 :List_push) gay shit
DEBUG: (src/list.c :87 :List_push) gay shit
DEBUG: (src/list.c :87 :List_push) gay shit
DEBUG: (src/list.c :87 :List_push) gay shit
DEBUG: (src/list.c :87 :List_push) gay shit
DEBUG: (src/list.c :87 :List_push) gay shit
DEBUG: (src/list.c :87 :List_push) gay shit
DEBUG: (src/list.c :87 :List_push) gay shit
DEBUG: (src/list.c :87 :List_push) gay shit
DEBUG: (src/list.c :87 :List_push) gay shit
DEBUG: (src/list.c :87 :List_push) gay shit
DEBUG: (src/list.c :87 :List_push) gay shit
DEBUG: (src/list.c :87 :List_push) gay shit
DEBUG: (src/list.c :87 :List_push) gay shit
DEBUG: (src/list.c :87 :List_push) gay shit
DEBUG: (src/list.c :87 :List_push) gay shit
DEBUG: (src/list.c :87 :List_push) gay shit
DEBUG: (src/list.c :87 :List_push) gay shit
DEBUG: (src/list.c :87 :List_push) gay shit
DEBUG: (src/list.c :87 :List_push) gay shit
DEBUG: (src/list.c :87 :List_push) gay shit
DEBUG: (src/list.c :87 :List_push) gay shit
DEBUG: (src/list.c :87 :List_push) gay shit
DEBUG: (src/list.c :87 :List_push) gay shit
DEBUG: (src/list.c :87 :List_push) gay shit
DEBUG: (src/list.c :87 :List_push) gay shit
DEBUG: (src/list.c :87 :List_push) gay shit
DEBUG: (src/list.c :87 :List_push) gay shit
DEBUG: (src/list.c :87 :List_push) gay shit
DEBUG: (src/list.c :87 :List_push) gay shit
DEBUG: (src/list.c :87 :List_push) gay shit
DEBUG: (src/list.c :87 :List_push) gay shit
DEBUG: (src/list.c :87 :List_push) gay shit
DEBUG: (src/list.c :87 :List_push) gay shit
DEBUG: (src/list.c :87 :List_push) gay shit
DEBUG: (src/list.c :87 :List_push) gay shit
DEBUG: (src/list.c :87 :List_push) gay shit
DEBUG: (src/list.c :87 :List_push) gay shit
DEBUG: (src/list.c :87 :List_push) gay shit
DEBUG: (src/list.c :87 :List_push) gay shit
DEBUG: (src/list.c :87 :List_push) gay shit
DEBUG: (src/list.c :87 :List_push) gay shit
DEBUG: (src/list.c :87 :List_push) gay shit
DEBUG: (src/list.c :87 :List_push) gay shit
DEBUG: (src/list.c :87 :List_push) gay shit
DEBUG: (src/list.c :87 :List_push) gay shit
DEBUG: (src/list.c :87 :List_push) gay shit
DEBUG: (src/list.c :87 :List_push) gay shit
DEBUG: (src/list.c :87 :List_push) gay shit
DEBUG: (src/list.c :87 :List_push) gay shit
DEBUG: (src/list.c :87 :List_push) gay shit
DEBUG: (src/list.c :87 :List_push) gay shit
DEBUG: (src/list.c :87 :List_push) gay shit
DEBUG: (src/list.c :87 :List_push) gay shit
DEBUG: (src/list.c :87 :List_push) gay shit
DEBUG: (src/list.c :87 :List_push) gay shit
DEBUG: (src/list.c :87 :List_push) gay shit
DEBUG: (src/list.c :87 :List_push) gay shit
DEBUG: (src/list.c :87 :List_push) gay shit
DEBUG: (src/list.c :87 :List_push) gay shit
DEBUG: (src/list.c :87 :List_push) gay shit
DEBUG: (src/list.c :87 :List_push) gay shit
DEBUG: (src/list.c :87 :List_push) gay shit
DEBUG: (src/list.c :87 :List_push) gay shit
DEBUG: (src/list.c :87 :List_push) gay shit
DEBUG: (src/list.c :87 :List_push) gay shit
DEBUG: (src/list.c :87 :List_push) gay shit
DEBUG: (src/list.c :87 :List_push) gay shit
DEBUG: (src/list.c :87 :List_push) gay shit
DEBUG: (src/list.c :87 :List_push) gay shit
DEBUG: (src/list.c :87 :List_push) gay shit
DEBUG: (src/list.c :87 :List_push) gay shit
DEBUG: (src/list.c :87 :List_push) gay shit
DEBUG: (src/list.c :87 :List_push) gay shit
DEBUG: (src/list.c :87 :List_push) gay shit
DEBUG: (src/list.c :87 :List_push) gay shit
DEBUG: (src/list.c :87 :List_push) gay shit
DEBUG: (src/list.c :87 :List_push) gay shit
DEBUG: (src/list.c :87 :List_push) gay shit
DEBUG: (src/list.c :87 :List_push) gay shit
DEBUG: (src/list.c :87 :List_push) gay shit
DEBUG: (src/list.c :87 :List_push) gay shit
DEBUG: (src/list.c :87 :List_push) gay shit
DEBUG: (src/list.c :87 :List_push) gay shit
DEBUG: (src/list.c :87 :List_push) gay shit
DEBUG: (src/list.c :87 :List_push) gay shit
DEBUG: (src/list.c :87 :List_push) gay shit
DEBUG: (src/list.c :87 :List_push) gay shit
DEBUG: (src/list.c :87 :List_push) gay shit
DEBUG: (src/list.c :87 :List_push) gay shit
DEBUG: (src/list.c :87 :List_push) gay shit
DEBUG: (src/list.c :87 :List_push) gay shit
DEBUG: (src/list.c :87 :List_push) gay shit
DEBUG: (src/list.c :87 :List_push) gay shit
DEBUG: (src/list.c :87 :List_push) gay shit
DEBUG: (src/list.c :87 :List_push) gay shit
DEBUG: (src/list.c :87 :List_push) gay shit
DEBUG: (src/list.c :87 :List_push) gay shit
DEBUG: (src/list.c :87 :List_push) gay shit
DEBUG: (src/list.c :87 :List_push) gay shit
DEBUG: (src/list.c :87 :List_push) gay shit
DEBUG: (src/list.c :87 :List_push) gay shit
DEBUG: (src/list.c :87 :List_push) gay shit
DEBUG: (src/list.c :87 :List_push) gay shit
DEBUG: (src/list.c :87 :List_push) gay shit
DEBUG: (src/list.c :87 :List_push) gay shit
DEBUG: (src/list.c :87 :List_push) gay shit
DEBUG: (src/list.c :87 :List_push) gay shit
DEBUG: (src/list.c :87 :List_push) gay shit
DEBUG: (src/list.c :87 :List_push) gay shit
DEBUG: (src/list.c :87 :List_push) gay shit
DEBUG: (src/list.c :87 :List_push) gay shit
DEBUG: (src/list.c :87 :List_push) gay shit
DEBUG: (src/list.c :87 :List_push) gay shit
DEBUG: (src/list.c :87 :List_push) gay shit
DEBUG: (src/list.c :87 :List_push) gay shit
DEBUG: (src/list.c :87 :List_push) gay shit
DEBUG: (src/list.c :87 :List_push) gay shit
DEBUG: (src/list.c :87 :List_push) gay shit
DEBUG: (src/list.c :87 :List_push) gay shit
DEBUG: (src/list.c :87 :List_push) gay shit
DEBUG: (src/list.c :87 :List_push) gay shit
DEBUG: (src/list.c :87 :List_push) gay shit
DEBUG: (src/list.c :87 :List_push) gay shit
DEBUG: (src/list.c :87 :List_push) gay shit
DEBUG: (src/list.c :87 :List_push) gay shit
DEBUG: (src/list.c :87 :List_push) gay shit
DEBUG: (src/list.c :87 :List_push) gay shit
DEBUG: (src/list.c :87 :List_push) gay shit
DEBUG: (src/list.c :87 :List_push) gay shit
DEBUG: (src/list.c :87 :List_push) gay shit
DEBUG: (src/list.c :87 :List_push) gay shit
DEBUG: (src/list.c :87 :List_push) gay shit
DEBUG: (src/list.c :87 :List_push) gay shit
DEBUG: (src/list.c :87 :List_push) gay shit
DEBUG: (src/list.c :87 :List_push) gay shit
DEBUG: (src/list.c :87 :List_push) gay shit
DEBUG: (src/list.c :87 :List_push) gay shit
DEBUG: (src/list.c :87 :List_push) gay shit
DEBUG: (src/list.c :87 :List_push) gay shit
DEBUG: (src/list.c :87 :List_push) gay shit
DEBUG: (src/list.c :87 :List_push) gay shit
DEBUG: (src/list.c :87 :List_push) gay shit
DEBUG: (src/list.c :87 :List_push) gay shit
DEBUG: (src/list.c :87 :List_push) gay shit
DEBUG: (src/list.c :87 :List_push) gay shit
DEBUG: (src/list.c :87 :List_push) gay shit
DEBUG: (src/list.c :87 :List_push) gay shit
DEBUG: (src/list.c :87 :List_push) gay shit
DEBUG: (src/list.c :87 :List_push) gay shit
DEBUG: (src/list.c :87 :List_push) gay shit
DEBUG: (src/list.c :87 :List_push) gay shit
DEBUG: (src/list.c :87 :List_push) gay shit
DEBUG: (src/list.c :87 :List_push) gay shit
DEBUG: (src/list.c :87 :List_push) gay shit
DEBUG: (src/list.c :87 :List_push) gay shit
DEBUG: (src/list.c :87 :List_push) gay shit
DEBUG: (src/list.c :87 :List_push) gay shit
DEBUG: (src/list.c :87 :List_push) gay shit
DEBUG: (src/list.c :87 :List_push) gay shit
DEBUG: (src/list.c :87 :List_push) gay shit
DEBUG: (src/list.c :87 :List_push) gay shit
DEBUG: (src/list.c :87 :List_push) gay shit
DEBUG: (src/list.c :87 :List_push) gay shit
DEBUG: (src/list.c :87 :List_push) gay shit
DEBUG: (src/list.c :87 :List_push) gay shit
DEBUG: (src/list.c :87 :List_push) gay shit
DEBUG: (src/list.c :87 :List_push) gay shit
DEBUG: (src/list.c :87 :List_push) gay shit
DEBUG: (src/list.c :87 :List_push) gay shit
DEBUG: (src/list.c :87 :List_push) gay shit
DEBUG: (src/list.c :87 :List_push) gay shit
DEBUG: (src/list.c :87 :List_push) gay shit
DEBUG: (src/list.c :87 :List_push) gay shit
DEBUG: (src/list.c :87 :List_push) gay shit
DEBUG: (src/list.c :87 :List_push) gay shit
DEBUG: (src/list.c :87 :List_push) gay shit
DEBUG: (src/list.c :87 :List_push) gay shit
DEBUG: (src/list.c :87 :List_push) gay shit
DEBUG: (src/list.c :87 :List_push) gay shit
DEBUG: (src/list.c :87 :List_push) gay shit
DEBUG: (src/list.c :87 :List_push) gay shit
DEBUG: (src/list.c :87 :List_push) gay shit
DEBUG: (src/list.c :87 :List_push) gay shit
DEBUG: (src/list.c :87 :List_push) gay shit
DEBUG: (src/list.c :87 :List_push) gay shit
DEBUG: (src/list.c :87 :List_push) gay shit
DEBUG: (src/list.c :87 :List_push) gay shit
DEBUG: (src/list.c :87 :List_push) gay shit
DEBUG: (src/list.c :87 :List_push) gay shit
DEBUG: (src/list.c :87 :List_push) gay shit
DEBUG: (src/list.c :87 :List_push) gay shit
DEBUG: (src/list.c :87 :List_push) gay shit
DEBUG: (src/list.c :87 :List_push) gay shit
DEBUG: (src/list.c :87 :List_push) gay shit
DEBUG: (src/list.c :87 :List_push) gay shit
DEBUG: (src/list.c :87 :List_push) gay shit
DEBUG: (src/list.c :87 :List_push) gay shit
DEBUG: (src/list.c :87 :List_push) gay shit
DEBUG: (src/list.c :87 :List_push) gay shit
DEBUG: (src/list.c :87 :List_push) gay shit
DEBUG: (src/list.c :87 :List_push) gay shit
DEBUG: (src/list.c :87 :List_push) gay shit
DEBUG: (src/list.c :87 :List_push) gay shit
DEBUG: (src/list.c :87 :List_push) gay shit
DEBUG: (src/list.c :87 :List_push) gay shit
DEBUG: (src/list.c :87 :List_push) gay shit
DEBUG: (src/list.c :87 :List_push) gay shit
DEBUG: (src/list.c :87 :List_push) gay shit
DEBUG: (src/list.c :87 :List_push) gay shit
DEBUG: (src/list.c :87 :List_push) gay shit
DEBUG: (src/list.c :87 :List_push) gay shit
DEBUG: (src/list.c :87 :List_push) gay shit
DEBUG: (src/list.c :87 :List_push) gay shit
DEBUG: (src/list.c :87 :List_push) gay shit
DEBUG: (src/list.c :87 :List_push) gay shit
DEBUG: (src/list.c :87 :List_push) gay shit
DEBUG: (src/list.c :87 :List_push) gay shit
DEBUG: (src/list.c :87 :List_push) gay shit
DEBUG: (src/list.c :87 :List_push) gay shit
DEBUG: (src/list.c :87 :List_push) gay shit
DEBUG: (src/list.c :87 :List_push) gay shit
DEBUG: (src/list.c :87 :List_push) gay shit
DEBUG: (src/list.c :87 :List_push) gay shit
DEBUG: (src/list.c :87 :List_push) gay shit
DEBUG: (src/list.c :87 :List_push) gay shit
DEBUG: (src/list.c :87 :List_push) gay shit
DEBUG: (src/list.c :87 :List_push) gay shit
DEBUG: (src/list.c :87 :List_push) gay shit
DEBUG: (src/list.c :87 :List_push) gay shit
DEBUG: (src/list.c :87 :List_push) gay shit
DEBUG: (src/list.c :87 :List_push) gay shit
DEBUG: (src/list.c :87 :List_push) gay shit
DEBUG: (src/list.c :87 :List_push) gay shit
DEBUG: (src/list.c :87 :List_push) gay shit
DEBUG: (src/list.c :87 :List_push) gay shit
DEBUG: (src/list.c :87 :List_push) gay shit
DEBUG: (src/list.c :87 :List_push) gay shit
DEBUG: (src/list.c :87 :List_push) gay shit
DEBUG: (src/list.c :87 :List_push) gay shit
DEBUG: (src/list.c :87 :List_push) gay shit
DEBUG: (src/list.c :87 :List_push) gay shit
DEBUG: (src/list.c :87 :List_push) gay shit
DEBUG: (src/list.c :87 :List_push) gay shit
DEBUG: (src/list.c :87 :List_push) gay shit
DEBUG: (src/list.c :87 :List_push) gay shit
DEBUG: (src/list.c :87 :List_push) gay shit
DEBUG: (src/list.c :87 :List_push) gay shit
DEBUG: (src/list.c :87 :List_push) gay shit
DEBUG: (src/list.c :87 :List_push) gay shit
DEBUG: (src/list.c :87 :List_push) gay shit
DEBUG: (src/list.c :87 :List_push) gay shit
DEBUG: (src/list.c :87 :List_push) gay shit
DEBUG: (src/list.c :87 :List_push) gay shit
DEBUG: (src/list.c :87 :List_push) gay shit
DEBUG: (src/list.c :87 :List_push) gay shit
DEBUG: (src/list.c :87 :List_push) gay shit
DEBUG: (src/list.c :87 :List_push) gay shit
DEBUG: (src/list.c :87 :List_push) gay shit
DEBUG: (src/list.c :87 :List_push) gay shit
DEBUG: (src/list.c :87 :List_push) gay shit
DEBUG: (src/list.c :87 :List_push) gay shit
DEBUG: (src/list.c :87 :List_push) gay shit
DEBUG: (src/list.c :87 :List_push) gay shit
DEBUG: (src/list.c :87 :List_push) gay shit
DEBUG: (src/list.c :87 :List_push) gay shit
DEBUG: (src/list.c :87 :List_push) gay shit
DEBUG: (src/list.c :87 :List_push) gay shit
DEBUG: (src/list.c :87 :List_push) gay shit
DEBUG: (src/list.c :87 :List_push) gay shit
DEBUG: (src/list.c :87 :List_push) gay shit
DEBUG: (src/list.c :87 :List_push) gay shit
DEBUG: (src/list.c :87 :List_push) gay shit
DEBUG: (src/list.c :87 :List_push) gay shit
DEBUG: (src/list.c :87 :List_push) gay shit
DEBUG: (src/list.c :87 :List_push) gay shit
DEBUG: (src/list.c :87 :List_push) gay shit
DEBUG: (src/list.c :87 :List_push) gay shit
DEBUG: (src/list.c :87 :List_push) gay shit
DEBUG: (src/list.c :87 :List_push) gay shit
DEBUG: (src/list.c :87 :List_push) gay shit
DEBUG: (src/list.c :87 :List_push) gay shit
DEBUG: (src/list.c :87 :List_push) gay shit
DEBUG: (src/list.c :87 :List_push) gay shit
DEBUG: (src/list.c :87 :List_push) gay shit
DEBUG: (src/list.c :87 :List_push) gay shit
DEBUG: (src/list.c :87 :List_push) gay shit
DEBUG: (src/list.c :87 :List_push) gay shit
DEBUG: (src/list.c :87 :List_push) gay shit
DEBUG: (src/list.c :87 :List_push) gay shit
DEBUG: (src/list.c :87 :List_push) gay shit
DEBUG: (src/list.c :87 :List_push) gay shit
DEBUG: (src/list.c :87 :List_push) gay shit
DEBUG: (src/list.c :87 :List_push) gay shit
DEBUG: (src/list.c :87 :List_push) gay shit
DEBUG: (src/list.c :87 :List_push) gay shit
DEBUG: (src/list.c :87 :List_push) gay shit
DEBUG: (src/list.c :87 :List_push) gay shit
DEBUG: (src/list.c :87 :List_push) gay shit
DEBUG: (src/list.c :87 :List_push) gay shit
DEBUG: (src/list.c :87 :List_push) gay shit
DEBUG: (src/list.c :87 :List_push) gay shit
DEBUG: (src/list.c :87 :List_push) gay shit
DEBUG: (src/list.c :87 :List_push) gay shit
DEBUG: (src/list.c :87 :List_push) gay shit
DEBUG: (src/list.c :87 :List_push) gay shit
DEBUG: (src/list.c :87 :List_push) gay shit
DEBUG: (src/list.c :87 :List_push) gay shit
DEBUG: (src/list.c :87 :List_push) gay shit
DEBUG: (src/list.c :87 :List_push) gay shit
DEBUG: (src/list.c :87 :List_push) gay shit
DEBUG: (src/list.c :87 :List_push) gay shit
DEBUG: (src/list.c :87 :List_push) gay shit
DEBUG: (src/list.c :87 :List_push) gay shit
DEBUG: (src/list.c :87 :List_push) gay shit
DEBUG: (src/list.c :87 :List_push) gay shit
DEBUG: (src/list.c :87 :List_push) gay shit
DEBUG: (src/list.c :87 :List_push) gay shit
DEBUG: (src/list.c :87 :List_push) gay shit
DEBUG: (src/list.c :87 :List_push) gay shit
DEBUG: (src/list.c :87 :List_push) gay shit
DEBUG: (src/list.c :87 :List_push) gay shit
DEBUG: (src/list.c :87 :List_push) gay shit
DEBUG: (src/list.c :87 :List_push) gay shit
DEBUG: (src/list.c :87 :List_push) gay shit
DEBUG: (src/list.c :87 :List_push) gay shit
DEBUG: (src/list.c :87 :List_push) gay shit
DEBUG: (src/list.c :87 :List_push) gay shit
DEBUG: (src/list.c :87 :List_push) gay shit
DEBUG: (src/list.c :87 :List_push) gay shit
DEBUG: (src/list.c :87 :List_push) gay shit
DEBUG: (src/list.c :87 :List_push) gay shit
DEBUG: (src/list.c :87 :List_push) gay shit
DEBUG: (src/list.c :87 :List_push) gay shit
DEBUG: (src/list.c :87 :List_push) gay shit
DEBUG: (src/list.c :87 :List_push) gay shit
DEBUG: (src/list.c :87 :List_push) gay shit
DEBUG: (src/list.c :87 :List_push) gay shit
DEBUG: (src/list.c :87 :List_push) gay shit
DEBUG: (src/list.c :87 :List_push) gay shit
DEBUG: (src/list.c :87 :List_push) gay shit
DEBUG: (src/list.c :87 :List_push) gay shit
DEBUG: (src/list.c :87 :List_push) gay shit
DEBUG: (src/list.c :87 :List_push) gay shit
DEBUG: (src/list.c :87 :List_push) gay shit
DEBUG: (src/list.c :87 :List_push) gay shit
DEBUG: (src/list.c :87 :List_push) gay shit
DEBUG: (src/list.c :87 :List_push) gay shit
DEBUG: (src/list.c :87 :List_push) gay shit
DEBUG: (src/list.c :87 :List_push) gay shit
DEBUG: (src/list.c :87 :List_push) gay shit
DEBUG: (src/list.c :87 :List_push) gay shit
DEBUG: (src/list.c :87 :List_push) gay shit
DEBUG: (src/list.c :87 :List_push) gay shit
DEBUG: (src/list.c :87 :List_push) gay shit
DEBUG: (src/list.c :87 :List_push) gay shit
DEBUG: (src/list.c :87 :List_push) gay shit
DEBUG: (src/list.c :87 :List_push) gay shit
DEBUG: (src/list.c :87 :List_push) gay shit
DEBUG: (src/list.c :87 :List_push) gay shit
DEBUG: (src/list.c :87 :List_push) gay shit
DEBUG: (src/list.c :87 :List_push) gay shit
DEBUG: (src/list.c :87 :List_push) gay shit
DEBUG: (src/list.c :87 :List_push) gay shit
DEBUG: (src/list.c :87 :List_push) gay shit
DEBUG: (src/list.c :87 :List_push) gay shit
DEBUG: (src/list.c :87 :List_push) gay shit
DEBUG: (src/list.c :87 :List_push) gay shit
DEBUG: (src/list.c :87 :List_push) gay shit
DEBUG: (src/list.c :87 :List_push) gay shit
DEBUG: (src/list.c :87 :List_push) gay shit
DEBUG: (src/list.c :87 :List_push) gay shit
DEBUG: (src/list.c :87 :List_push) gay shit
DEBUG: (src/list.c :87 :List_push) gay shit
DEBUG: (src/list.c :87 :List_push) gay shit
DEBUG: (src/list.c :87 :List_push) gay shit
DEBUG: (src/list.c :87 :List_push) gay shit
DEBUG: (src/list.c :87 :List_push) gay shit
DEBUG: (src/list.c :87 :List_push) gay shit
DEBUG: (src/list.c :87 :List_push) gay shit
DEBUG: (src/list.c :87 :List_push) gay shit
DEBUG: (src/list.c :87 :List_push) gay shit
DEBUG: (src/list.c :87 :List_push) gay shit
DEBUG: (src/list.c :87 :List_push) gay shit
DEBUG: (src/list.c :87 :List_push) gay shit
DEBUG: (src/list.c :87 :List_push) gay shit
DEBUG: (src/list.c :87 :List_push) gay shit
DEBUG: (src/list.c :87 :List_push) gay shit
DEBUG: (src/list.c :87 :List_push) gay shit
DEBUG: (src/list.c :87 :List_push) gay shit
DEBUG: (src/list.c :87 :List_push) gay shit
DEBUG: (src/list.c :87 :List_push) gay shit
DEBUG: (src/list.c :87 :List_push) gay shit
DEBUG: (src/list.c :87 :List_push) gay shit
DEBUG: (src/list.c :87 :List_push) gay shit
DEBUG: (src/list.c :87 :List_push) gay shit
DEBUG: (src/list.c :87 :List_push) gay shit
DEBUG: (src/list.c :87 :List_push) gay shit
DEBUG: (src/list.c :87 :List_push) gay shit
DEBUG: (src/list.c :87 :List_push) gay shit
DEBUG: (src/list.c :87 :List_push) gay shit
DEBUG: (src/list.c :87 :List_push) gay shit
DEBUG: (src/list.c :87 :List_push) gay shit
DEBUG: (src/list.c :87 :List_push) gay shit
DEBUG: (src/list.c :87 :List_push) gay shit
DEBUG: (src/list.c :87 :List_push) gay shit
DEBUG: (src/list.c :87 :List_push) gay shit
DEBUG: (src/list.c :87 :List_push) gay shit
DEBUG: (src/list.c :87 :List_push) gay shit
DEBUG: (src/list.c :87 :List_push) gay shit
DEBUG: (src/list.c :87 :List_push) gay shit
DEBUG: (src/list.c :87 :List_push) gay shit
DEBUG: (src/list.c :87 :List_push) gay shit
DEBUG: (src/list.c :87 :List_push) gay shit
DEBUG: (src/list.c :87 :List_push) gay shit
DEBUG: (src/list.c :87 :List_push) gay shit
DEBUG: (src/list.c :87 :List_push) gay shit
DEBUG: (src/list.c :87 :List_push) gay shit
DEBUG: (src/list.c :87 :List_push) gay shit
DEBUG: (src/list.c :87 :List_push) gay shit
DEBUG: (src/list.c :87 :List_push) gay shit
DEBUG: (src/list.c :87 :List_push) gay shit
DEBUG: (src/list.c :87 :List_push) gay shit
DEBUG: (src/list.c :87 :List_push) gay shit
DEBUG: (src/list.c :87 :List_push) gay shit
DEBUG: (src/list.c :87 :List_push) gay shit
DEBUG: (src/list.c :87 :List_push) gay shit
DEBUG: (src/list.c :87 :List_push) gay shit
DEBUG: (src/list.c :87 :List_push) gay shit
DEBUG: (src/list.c :87 :List_push) gay shit
DEBUG: (src/list.c :87 :List_push) gay shit
DEBUG: (src/list.c :87 :List_push) gay shit
DEBUG: (src/list.c :87 :List_push) gay shit
DEBUG: (src/list.c :87 :List_push) gay shit
DEBUG: (src/list.c :87 :List_push) gay shit
DEBUG: (src/list.c :87 :List_push) gay shit
DEBUG: (src/list.c :87 :List_push) gay shit
DEBUG: (src/list.c :87 :List_push) gay shit
DEBUG: (src/list.c :87 :List_push) gay shit
DEBUG: (src/list.c :87 :List_push) gay shit
DEBUG: (src/list.c :87 :List_push) gay shit
DEBUG: (src/list.c :87 :List_push) gay shit
DEBUG: (src/list.c :87 :List_push) gay shit
DEBUG: (src/list.c :87 :List_push) gay shit
DEBUG: (src/list.c :87 :List_push) gay shit
DEBUG: (src/list.c :87 :List_push) gay shit
DEBUG: (src/list.c :87 :List_push) gay shit
DEBUG: (src/list.c :87 :List_push) gay shit
DEBUG: (src/list.c :87 :List_push) gay shit
DEBUG: (src/list.c :87 :List_push) gay shit
DEBUG: (src/list.c :87 :List_push) gay shit
DEBUG: (src/list.c :87 :List_push) gay shit
DEBUG: (src/list.c :87 :List_push) gay shit
DEBUG: (src/list.c :87 :List_push) gay shit
DEBUG: (src/list.c :87 :List_push) gay shit
DEBUG: (src/list.c :87 :List_push) gay shit
DEBUG: (src/list.c :87 :List_push) gay shit
DEBUG: (src/list.c :87 :List_push) gay shit
DEBUG: (src/list.c :87 :List_push) gay shit
DEBUG: (src/list.c :87 :List_push) gay shit
DEBUG: (src/list.c :87 :List_push) gay shit
DEBUG: (src/list.c :87 :List_push) gay shit
DEBUG: (src/list.c :87 :List_push) gay shit
DEBUG: (src/list.c :87 :List_push) gay shit
DEBUG: (src/list.c :87 :List_push) gay shit
DEBUG: (src/list.c :87 :List_push) gay shit
DEBUG: (src/list.c :87 :List_push) gay shit
DEBUG: (src/list.c :87 :List_push) gay shit
DEBUG: (src/list.c :87 :List_push) gay shit
DEBUG: (src/list.c :87 :List_push) gay shit
DEBUG: (src/list.c :87 :List_push) gay shit
DEBUG: (src/list.c :87 :List_push) gay shit
DEBUG: (src/list.c :87 :List_push) gay shit
DEBUG: (src/list.c :87 :List_push) gay shit
DEBUG: (src/list.c :87 :List_push) gay shit
DEBUG: (src/list.c :87 :List_push) gay shit
DEBUG: (src/list.c :87 :List_push) gay shit
DEBUG: (src/list.c :87 :List_push) gay shit
DEBUG: (src/list.c :87 :List_push) gay shit
DEBUG: (src/list.c :87 :List_push) gay shit
DEBUG: (src/list.c :87 :List_push) gay shit
DEBUG: (src/list.c :87 :List_push) gay shit
DEBUG: (src/list.c :87 :List_push) gay shit
DEBUG: (src/list.c :87 :List_push) gay shit
DEBUG: (src/list.c :87 :List_push) gay shit
DEBUG: (src/list.c :87 :List_push) gay shit
DEBUG: (src/list.c :87 :List_push) gay shit
DEBUG: (src/list.c :87 :List_push) gay shit
DEBUG: (src/list.c :87 :List_push) gay shit
DEBUG: (src/list.c :87 :List_push) gay shit
DEBUG: (src/list.c :87 :List_push) gay shit
DEBUG: (src/list.c :87 :List_push) gay shit
DEBUG: (src/list.c :87 :List_push) gay shit
DEBUG: (src/list.c :87 :List_push) gay shit
DEBUG: (src/list.c :87 :List_push) gay shit
DEBUG: (src/list.c :87 :List_push) gay shit
DEBUG: (src/list.c :87 :List_push) gay shit
DEBUG: (src/list.c :87 :List_push) gay shit
DEBUG: (src/list.c :87 :List_push) gay shit
DEBUG: (src/list.c :87 :List_push) gay shit
DEBUG: (src/list.c :87 :List_push) gay shit
DEBUG: (src/list.c :87 :List_push) gay shit
DEBUG: (src/list.c :87 :List_push) gay shit
DEBUG: (src/list.c :87 :List_push) gay shit
DEBUG: (src/list.c :87 :List_push) gay shit
DEBUG: (src/list.c :87 :List_push) gay shit
DEBUG: (src/list.c :87 :List_push) gay shit
DEBUG: (src/list.c :87 :List_push) gay shit
DEBUG: (src/list.c :87 :List_push) gay shit
DEBUG: (src/list.c :87 :List_push) gay shit
DEBUG: (src/list.c :87 :List_push) gay shit
DEBUG: (src/list.c :87 :List_push) gay shit
DEBUG: (src/list.c :87 :List_push) gay shit
DEBUG: (src/list.c :87 :List_push) gay shit
DEBUG: (src/list.c :87 :List_push) gay shit
DEBUG: (src/list.c :87 :List_push) gay shit
DEBUG: (src/list.c :87 :List_push) gay shit
DEBUG: (src/list.c :87 :List_push) gay shit
DEBUG: (src/list.c :87 :List_push) gay shit
DEBUG: (src/list.c :87 :List_push) gay shit
DEBUG: (src/list.c :87 :List_push) gay shit
DEBUG: (src/list.c :87 :List_push) gay shit
DEBUG: (src/list.c :87 :List_push) gay shit
DEBUG: (src/list.c :87 :List_push) gay shit
DEBUG: (src/list.c :87 :List_push) gay shit
DEBUG: (src/list.c :87 :List_push) gay shit
DEBUG: (src/list.c :87 :List_push) gay shit
DEBUG: (src/list.c :87 :List_push) gay shit
DEBUG: (src/list.c :87 :List_push) gay shit
DEBUG: (src/list.c :87 :List_push) gay shit
DEBUG: (src/list.c :87 :List_push) gay shit
DEBUG: (src/list.c :87 :List_push) gay shit
DEBUG: (src/list.c :87 :List_push) gay shit
DEBUG: (src/list.c :87 :List_push) gay shit
DEBUG: (src/list.c :87 :List_push) gay shit
DEBUG: (src/list.c :87 :List_push) gay shit
DEBUG: (src/list.c :87 :List_push) gay shit
DEBUG: (src/list.c :87 :List_push) gay shit
DEBUG: (src/list.c :87 :List_push) gay shit
DEBUG: (src/list.c :87 :List_push) gay shit
DEBUG: (src/list.c :87 :List_push) gay shit
DEBUG: (src/list.c :87 :List_push) gay shit
DEBUG: (src/list.c :87 :List_push) gay shit
DEBUG: (src/list.c :87 :List_push) gay shit
DEBUG: (src/list.c :87 :List_push) gay shit
DEBUG: (src/list.c :87 :List_push) gay shit
DEBUG: (src/list.c :87 :List_push) gay shit
DEBUG: (src/list.c :87 :List_push) gay shit
DEBUG: (src/list.c :87 :List_push) gay shit
DEBUG: (src/list.c :87 :List_push) gay shit
DEBUG: (src/list.c :87 :List_push) gay shit
DEBUG: (src/list.c :87 :List_push) gay shit
DEBUG: (src/list.c :87 :List_push) gay shit
DEBUG: (src/list.c :87 :List_push) gay shit
DEBUG: (src/list.c :87 :List_push) gay shit
DEBUG: (src/list.c :87 :List_push) gay shit
DEBUG: (src/list.c :87 :List_push) gay shit
DEBUG: (src/list.c :87 :List_push) gay shit
DEBUG: (src/list.c :87 :List_push) gay shit
DEBUG: (src/list.c :87 :List_push) gay shit
DEBUG: (src/list.c :87 :List_push) gay shit
DEBUG: (src/list.c :87 :List_push) gay shit
DEBUG: (src/list.c :87 :List_push) gay shit
DEBUG: (src/list.c :87 :List_push) gay shit
DEBUG: (src/list.c :87 :List_push) gay shit
DEBUG: (src/list.c :87 :List_push) gay shit
DEBUG: (src/list.c :87 :List_push) gay shit
DEBUG: (src/list.c :87 :List_push) gay shit
DEBUG: (src/list.c :87 :List_push) gay shit
DEBUG: (src/list.c :87 :List_push) gay shit
DEBUG: (src/list.c :87 :List_push) gay shit
DEBUG: (src/list.c :87 :List_push) gay shit
DEBUG: (src/list.c :87 :List_push) gay shit
DEBUG: (src/list.c :87 :List_push) gay shit
DEBUG: (src/list.c :87 :List_push) gay shit
DEBUG: (src/list.c :87 :List_push) gay shit
DEBUG: (src/list.c :87 :List_push) gay shit
DEBUG: (src/list.c :87 :List_push) gay shit
DEBUG: (src/list.c :87 :List_push) gay shit
DEBUG: (src/list.c :87 :List_push) gay shit
DEBUG: (src/list.c :87 :List_push) gay shit
DEBUG: (src/list.c :87 :List_push) gay shit
DEBUG: (src/list.c :87 :List_push) gay shit
DEBUG: (src/list.c :87 :List_push) gay shit
DEBUG: (src/list.c :87 :List_push) gay shit
DEBUG: (src/list.c :87 :List_push) gay shit
DEBUG: (src/list.c :87 :List_push) gay shit
DEBUG: (src/list.c :87 :List_push) gay shit
DEBUG: (src/list.c :87 :List_push) gay shit
DEBUG: (src/list.c :87 :List_push) gay shit
DEBUG: (src/list.c :87 :List_push) gay shit
DEBUG: (src/list.c :87 :List_push) gay shit
DEBUG: (src/list.c :87 :List_push) gay shit
DEBUG: (src/list.c :87 :List_push) gay shit
DEBUG: (src/list.c :87 :List_push) gay shit
DEBUG: (src/list.c :87 :List_push) gay shit
DEBUG: (src/list.c :87 :List_push) gay shit
DEBUG: (src/list.c :87 :List_push) gay shit
DEBUG: (src/list.c :87 :List_push) gay shit
DEBUG: (src/list.c :87 :List_push) gay shit
DEBUG: (src/list.c :87 :List_push) gay shit
DEBUG: (src/list.c :87 :List_push) gay shit
DEBUG: (src/list.c :87 :List_push) gay shit
DEBUG: (src/list.c :87 :List_push) gay shit
DEBUG: (src/list.c :87 :List_push) gay shit
DEBUG: (src/list.c :87 :List_push) gay shit
DEBUG: (src/list.c :87 :List_push) gay shit
DEBUG: (src/list.c :87 :List_push) gay shit
DEBUG: (src/list.c :87 :List_push) gay shit
DEBUG: (src/list.c :87 :List_push) gay shit
DEBUG: (src/list.c :87 :List_push) gay shit
DEBUG: (src/list.c :87 :List_push) gay shit
DEBUG: (src/list.c :87 :List_push) gay shit
DEBUG: (src/list.c :87 :List_push) gay shit
DEBUG: (src/list.c :87 :List_push) gay shit
DEBUG: (src/list.c :87 :List_push) gay shit
DEBUG: (src/list.c :87 :List_push) gay shit
DEBUG: (src/list.c :87 :List_push) gay shit
DEBUG: (src/list.c :87 :List_push) gay shit
DEBUG: (src/list.c :87 :List_push) gay shit
DEBUG: (src/list.c :87 :List_push) gay shit
DEBUG: (src/list.c :87 :List_push) gay shit
DEBUG: (src/list.c :87 :List_push) gay shit
DEBUG: (src/list.c :87 :List_push) gay shit
DEBUG: (src/list.c :87 :List_push) gay shit
DEBUG: (src/list.c :87 :List_push) gay shit
DEBUG: (src/list.c :87 :List_push) gay shit
DEBUG: (src/list.c :87 :List_push) gay shit
DEBUG: (src/list.c :87 :List_push) gay shit
DEBUG: (src/list.c :87 :List_push) gay shit
DEBUG: (src/list.c :87 :List_push) gay shit
DEBUG: (src/list.c :87 :List_push) gay shit
DEBUG: (src/list.c :87 :List_push) gay shit
DEBUG: (src/list.c :87 :List_push) gay shit
DEBUG: (src/list.c :87 :List_push) gay shit
DEBUG: (src/list.c :87 :List_push) gay shit
DEBUG: (src/list.c :87 :List_push) gay shit
DEBUG: (src/list.c :87 :List_push) gay shit
DEBUG: (src/list.c :87 :List_push) gay shit
DEBUG: (src/list.c :87 :List_push) gay shit
DEBUG: (src/list.c :87 :List_push) gay shit
DEBUG: (src/list.c :87 :List_push) gay shit
DEBUG: (src/list.c :87 :List_push) gay shit
DEBUG: (src/list.c :87 :List_push) gay shit
DEBUG: (src/list.c :87 :List_push) gay shit
DEBUG: (src/list.c :87 :List_push) gay shit
DEBUG: (src/list.c :87 :List_push) gay shit
DEBUG: (src/list.c :87 :List_push) gay shit
DEBUG: (src/list.c :87 :List_push) gay shit
DEBUG: (src/list.c :87 :List_push) gay shit
DEBUG: (src/list.c :87 :List_push) gay shit
DEBUG: (src/list.c :87 :List_push) gay shit
DEBUG: (src/list.c :87 :List_push) gay shit
DEBUG: (src/list.c :87 :List_push) gay shit
DEBUG: (src/list.c :87 :List_push) gay shit
DEBUG: (src/list.c :87 :List_push) gay shit
DEBUG: (src/list.c :87 :List_push) gay shit
DEBUG: (src/list.c :87 :List_push) gay shit
DEBUG: (src/list.c :87 :List_push) gay shit
DEBUG: (src/list.c :87 :List_push) gay shit
DEBUG: (src/list.c :87 :List_push) gay shit
DEBUG: (src/list.c :87 :List_push) gay shit
DEBUG: (src/list.c :87 :List_push) gay shit
DEBUG: (src/list.c :87 :List_push) gay shit
DEBUG: (src/list.c :87 :List_push) gay shit
DEBUG: (src/list.c :87 :List_push) gay shit
DEBUG: (src/list.c :87 :List_push) gay shit
DEBUG: (src/list.c :87 :List_push) gay shit
DEBUG: (src/list.c :87 :List_push) gay shit
DEBUG: (src/list.c :87 :List_push) gay shit
DEBUG: (src/list.c :87 :List_push) gay shit
DEBUG: (src/list.c :87 :List_push) gay shit
DEBUG: (src/list.c :87 :List_push) gay shit
DEBUG: (src/list.c :87 :List_push) gay shit
DEBUG: (src/list.c :87 :List_push) gay shit
DEBUG: (src/list.c :87 :List_push) gay shit
DEBUG: (src/list.c :87 :List_push) gay shit
DEBUG: (src/list.c :87 :List_push) gay shit
DEBUG: (src/list.c :87 :List_push) gay shit
DEBUG: (src/list.c :87 :List_push) gay shit
DEBUG: (src/list.c :87 :List_push) gay shit
DEBUG: (src/list.c :87 :List_push) gay shit
DEBUG: (src/list.c :87 :List_push) gay shit
DEBUG: (src/list.c :87 :List_push) gay shit
DEBUG: (src/list.c :87 :List_push) gay shit
DEBUG: (src/list.c :87 :List_push) gay shit
DEBUG: (src/list.c :87 :List_push) gay shit
DEBUG: (src/list.c :87 :List_push) gay shit
DEBUG: (src/list.c :87 :List_push) gay shit
DEBUG: (src/list.c :87 :List_push) gay shit
DEBUG: (src/list.c :87 :List_push) gay shit
DEBUG: (src/list.c :87 :List_push) gay shit
DEBUG: (src/list.c :87 :List_push) gay shit
DEBUG: (src/list.c :87 :List_push) gay shit
DEBUG: (src/list.c :87 :List_push) gay shit
DEBUG: (src/list.c :87 :List_push) gay shit
DEBUG: (src/list.c :87 :List_push) gay shit
DEBUG: (src/list.c :87 :List_push) gay shit
DEBUG: (src/list.c :87 :List_push) gay shit
DEBUG: (src/list.c :87 :List_push) gay shit
DEBUG: (src/list.c :87 :List_push) gay shit
DEBUG: (src/list.c :87 :List_push) gay shit
DEBUG: (src/list.c :87 :List_push) gay shit
DEBUG: (src/list.c :87 :List_push) gay shit
DEBUG: (src/list.c :87 :List_push) gay shit
DEBUG: (src/list.c :87 :List_push) gay shit
DEBUG: (src/list.c :87 :List_push) gay shit
DEBUG: (src/list.c :87 :List_push) gay shit
DEBUG: (src/list.c :87 :List_push) gay shit
DEBUG: (src/list.c :87 :List_push) gay shit
DEBUG: (src/list.c :87 :List_push) gay shit
DEBUG: (src/list.c :87 :List_push) gay shit
DEBUG: (src/list.c :87 :List_push) gay shit
DEBUG: (src/list.c :87 :List_push) gay shit
DEBUG: (src/list.c :87 :List_push) gay shit
DEBUG: (src/list.c :87 :List_push) gay shit
DEBUG: (src/list.c :87 :List_push) gay shit
DEBUG: (src/list.c :87 :List_push) gay shit
DEBUG: (src/list.c :87 :List_push) gay shit
DEBUG: (src/list.c :87 :List_push) gay shit
DEBUG: (src/list.c :87 :List_push) gay shit
DEBUG: (src/list.c :87 :List_push) gay shit
DEBUG: (src/list.c :87 :List_push) gay shit
DEBUG: (src/list.c :87 :List_push) gay shit
DEBUG: (src/list.c :87 :List_push) gay shit
DEBUG: (src/list.c :87 :List_push) gay shit
DEBUG: (src/list.c :87 :List_push) gay shit
DEBUG: (src/list.c :87 :List_push) gay shit
DEBUG: (src/list.c :87 :List_push) gay shit
DEBUG: (src/list.c :87 :List_push) gay shit
DEBUG: (src/list.c :87 :List_push) gay shit
DEBUG: (src/list.c :87 :List_push) gay shit
DEBUG: (src/list.c :87 :List_push) gay shit
DEBUG: (src/list.c :87 :List_push) gay shit
DEBUG: (src/list.c :87 :List_push) gay shit
DEBUG: (src/list.c :87 :List_push) gay shit
DEBUG: (src/list.c :87 :List_push) gay shit
DEBUG: (src/list.c :87 :List_push) gay shit
DEBUG: (src/list.c :87 :List_push) gay shit
DEBUG: (src/list.c :87 :List_push) gay shit
DEBUG: (src/list.c :87 :List_push) gay shit
DEBUG: (src/list.c :87 :List_push) gay shit
DEBUG: (src/list.c :87 :List_push) gay shit
DEBUG: (src/list.c :87 :List_push) gay shit
DEBUG: (src/list.c :87 :List_push) gay shit
DEBUG: (src/list.c :87 :List_push) gay shit
DEBUG: (src/list.c :87 :List_push) gay shit
DEBUG: (src/list.c :87 :List_push) gay shit
DEBUG: (src/list.c :87 :List_push) gay shit
DEBUG: (src/list.c :87 :List_push) gay shit
DEBUG: (src/list.c :87 :List_push) gay shit
DEBUG: (src/list.c :87 :List_push) gay shit
DEBUG: (src/list.c :87 :List_push) gay shit
DEBUG: (src/list.c :87 :List_push) gay shit
DEBUG: (src/list.c :87 :List_push) gay shit
DEBUG: (src/list.c :87 :List_push) gay shit
DEBUG: (src/list.c :87 :List_push) gay shit
DEBUG: (src/list.c :87 :List_push) gay shit
DEBUG: (src/list.c :87 :List_push) gay shit
DEBUG: (src/list.c :87 :List_push) gay shit
DEBUG: (src/list.c :87 :List_push) gay shit
DEBUG: (src/list.c :87 :List_push) gay shit
DEBUG: (src/list.c :87 :List_push) gay shit
DEBUG: (src/list.c :87 :List_push) gay shit
DEBUG: (src/list.c :87 :List_push) gay shit
DEBUG: (src/list.c :87 :List_push) gay shit
DEBUG: (src/list.c :87 :List_push) gay shit
DEBUG: (src/list.c :87 :List_push) gay shit
DEBUG: (src/list.c :87 :List_push) gay shit
DEBUG: (src/list.c :87 :List_push) gay shit
DEBUG: (src/list.c :87 :List_push) gay shit
DEBUG: (src/list.c :87 :List_push) gay shit
DEBUG: (src/list.c :87 :List_push) gay shit
DEBUG: (src/list.c :87 :List_push) gay shit
DEBUG: (src/list.c :87 :List_push) gay shit
DEBUG: (src/list.c :87 :List_push) gay shit
DEBUG: (src/list.c :87 :List_push) gay shit
DEBUG: (src/list.c :87 :List_push) gay shit
DEBUG: (src/list.c :87 :List_push) gay shit
DEBUG: (src/list.c :87 :List_push) gay shit
DEBUG: (src/list.c :87 :List_push) gay shit
DEBUG: (src/list.c :87 :List_push) gay shit
DEBUG: (src/list.c :87 :List_push) gay shit
DEBUG: (src/list.c :87 :List_push) gay shit
DEBUG: (src/list.c :87 :List_push) gay shit
DEBUG: (src/list.c :87 :List_push) gay shit
DEBUG: (src/list.c :87 :List_push) gay shit
DEBUG: (src/list.c :87 :List_push) gay shit
DEBUG: (src/list.c :87 :List_push) gay shit
DEBUG: (src/list.c :87 :List_push) gay shit
DEBUG: (src/list.c :87 :List_push) gay shit
DEBUG: (src/list.c :87 :List_push) gay shit
DEBUG: (src/list.c :87 :List_push) gay shit
DEBUG: (src/list.c :87 :List_push) gay shit
DEBUG: (src/list.c :87 :List_push) gay shit
DEBUG: (src/list.c :87 :List_push) gay shit
DEBUG: (src/list.c :87 :List_push) gay shit
DEBUG: (src/list.c :87 :List_push) gay shit
DEBUG: (src/list.c :87 :List_push) gay shit
DEBUG: (src/list.c :87 :List_push) gay shit
DEBUG: (src/list.c :87 :List_push) gay shit
DEBUG: (src/list.c :87 :List_push) gay shit
DEBUG: (src/list.c :87 :List_push) gay shit
DEBUG: (src/list.c :87 :List_push) gay shit
DEBUG: (src/list.c :87 :List_push) gay shit
DEBUG: (src/list.c :87 :List_push) gay shit
DEBUG: (src/list.c :87 :List_push) gay shit
DEBUG: (src/list.c :87 :List_push) gay shit
DEBUG: (src/list.c :87 :List_push) gay shit
DEBUG: (src/list.c :87 :List_push) gay shit
DEBUG: (src/list.c :87 :List_push) gay shit
DEBUG: (src/list.c :87 :List_push) gay shit
DEBUG: (src/list.c :87 :List_push) gay shit
DEBUG: (src/list.c :87 :List_push) gay shit
DEBUG: (src/list.c :87 :List_push) gay shit
DEBUG: (src/list.c :87 :List_push) gay shit
DEBUG: (src/list.c :87 :List_push) gay shit
DEBUG: (src/list.c :87 :List_push) gay shit
DEBUG: (src/list.c :87 :List_push) gay shit
DEBUG: (src/list.c :87 :List_push) gay shit
DEBUG: (src/list.c :87 :List_push) gay shit
DEBUG: (src/list.c :87 :List_push) gay shit
DEBUG: (src/list.c :87 :List_push) gay shit
DEBUG: (src/list.c :87 :List_push) gay shit
DEBUG: (src/list.c :87 :List_push) gay shit
DEBUG: (src/list.c :87 :List_push) gay shit
DEBUG: (src/list.c :87 :List_push) gay shit
DEBUG: (src/list.c :87 :List_push) gay shit
DEBUG: (src/list.c :87 :List_push) gay shit
DEBUG: (src/list.c :87 :List_push) gay shit
DEBUG: (src/list.c :87 :List_push) gay shit
DEBUG: (src/list.c :87 :List_push) gay shit
DEBUG: (src/list.c :87 :List_push) gay shit
DEBUG: (src/list.c :87 :List_push) gay shit
DEBUG: (src/list.c :87 :List_push) gay shit
DEBUG: (src/list.c :87 :List_push) gay shit
DEBUG: (src/list.c :87 :List_push) gay shit
DEBUG: (src/list.c :87 :List_push) gay shit
DEBUG: (src/list.c :87 :List_push) gay shit
DEBUG: (src/list.c :87 :List_push) gay shit
DEBUG: (src/list.c :87 :List_push) gay shit
DEBUG: (src/list.c :87 :List_push) gay shit
DEBUG: (src/list.c :87 :List_push) gay shit
DEBUG: (src/list.c :87 :List_push) gay shit
DEBUG: (src/list.c :87 :List_push) gay shit
DEBUG: (src/list.c :87 :List_push) gay shit
DEBUG: (src/list.c :87 :List_push) gay shit
DEBUG: (src/list.c :87 :List_push) gay shit
DEBUG: (src/list.c :87 :List_push) gay shit
DEBUG: (src/list.c :87 :List_push) gay shit
DEBUG: (src/list.c :87 :List_push) gay shit
DEBUG: (src/list.c :87 :List_push) gay shit
DEBUG: (src/list.c :87 :List_push) gay shit
DEBUG: (src/list.c :87 :List_push) gay shit
DEBUG: (src/list.c :87 :List_push) gay shit
DEBUG: (src/list.c :87 :List_push) gay shit
DEBUG: (src/list.c :87 :List_push) gay shit
DEBUG: (src/list.c :87 :List_push) gay shit
DEBUG: (src/list.c :87 :List_push) gay shit
DEBUG: (src/list.c :87 :List_push) gay shit
DEBUG: (src/list.c :87 :List_push) gay shit
DEBUG: (src/list.c :87 :List_push) gay shit
DEBUG: (src/list.c :87 :List_push) gay shit
DEBUG: (src/list.c :87 :List_push) gay shit
DEBUG: (src/list.c :87 :List_push) gay shit
DEBUG: (src/list.c :87 :List_push) gay shit
DEBUG: (src/list.c :87 :List_push) gay shit
DEBUG: (src/list.c :87 :List_push) gay shit
DEBUG: (src/list.c :87 :List_push) gay shit
DEBUG: (src/list.c :87 :List_push) gay shit
DEBUG: (src/list.c :87 :List_push) gay shit
DEBUG: (src/list.c :87 :List_push) gay shit
DEBUG: (src/list.c :87 :List_push) gay shit
DEBUG: (src/list.c :87 :List_push) gay shit
DEBUG: (src/list.c :87 :List_push) gay shit
DEBUG: (src/list.c :87 :List_push) gay shit
DEBUG: (src/list.c :87 :List_push) gay shit
DEBUG: (src/list.c :87 :List_push) gay shit
DEBUG: (src/list.c :87 :List_push) gay shit
DEBUG: (src/list.c :87 :List_push) gay shit
DEBUG: (src/list.c :87 :List_push) gay shit
DEBUG: (src/list.c :87 :List_push) gay shit
DEBUG: (src/list.c :87 :List_push) gay shit
DEBUG: (src/list.c :87 :List_push) gay shit
DEBUG: (src/list.c :87 :List_push) gay shit
DEBUG: (src/list.c :87 :List_push) gay shit
DEBUG: (src/list.c :87 :List_push) gay shit
DEBUG: (src/list.c :87 :List_push) gay shit
DEBUG: (src/list.c :87 :List_push) gay shit
DEBUG: (src/list.c :87 :List_push) gay shit
DEBUG: (src/list.c :87 :List_push) gay shit
DEBUG: (src/list.c :87 :List_push) gay shit
DEBUG: (src/list.c :87 :List_push) gay shit
DEBUG: (src/list.c :87 :List_push) gay shit
DEBUG: (src/list.c :87 :List_push) gay shit
DEBUG: (src/list.c :87 :List_push) gay shit
DEBUG: (src/list.c :87 :List_push) gay shit
DEBUG: (src/list.c :87 :List_push) gay shit
DEBUG: (src/list.c :87 :List_push) gay shit
DEBUG: (src/list.c :87 :List_push) gay shit
DEBUG: (src/list.c :87 :List_push) gay shit
DEBUG: (src/list.c :87 :List_push) gay shit
DEBUG: (src/list.c :87 :List_push) gay shit
DEBUG: (src/list.c :87 :List_push) gay shit
DEBUG: (src/list.c :87 :List_push) gay shit
DEBUG: (src/list.c :87 :List_push) gay shit
DEBUG: (src/list.c :87 :List_push) gay shit
DEBUG: (src/list.c :87 :List_push) gay shit
DEBUG: (src/list.c :87 :List_push) gay shit
DEBUG: (src/list.c :87 :List_push) gay shit
DEBUG: (src/list.c :87 :List_push) gay shit
DEBUG: (src/list.c :87 :List_push) gay shit
DEBUG: (src/list.c :87 :List_push) gay shit
DEBUG: (src/list.c :87 :List_push) gay shit
DEBUG: (src/list.c :87 :List_push) gay shit
DEBUG: (src/list.c :87 :List_push) gay shit
DEBUG: (src/list.c :87 :List_push) gay shit
DEBUG: (src/list.c :87 :List_push) gay shit
DEBUG: (src/list.c :87 :List_push) gay shit
DEBUG: (src/list.c :87 :List_push) gay shit
DEBUG: (src/list.c :87 :List_push) gay shit
DEBUG: (src/list.c :87 :List_push) gay shit
DEBUG: (src/list.c :87 :List_push) gay shit
DEBUG: (src/list.c :87 :List_push) gay shit
DEBUG: (src/list.c :87 :List_push) gay shit
DEBUG: (src/list.c :87 :List_push) gay shit
DEBUG: (src/list.c :87 :List_push) gay shit
DEBUG: (src/list.c :87 :List_push) gay shit
DEBUG: (src/list.c :87 :List_push) gay shit
DEBUG: (src/list.c :87 :List_push) gay shit
DEBUG: (src/list.c :87 :List_push) gay shit
DEBUG: (src/list.c :87 :List_push) gay shit
DEBUG: (src/list.c :87 :List_push) gay shit
DEBUG: (src/list.c :87 :List_push) gay shit
DEBUG: (src/list.c :87 :List_push) gay shit
DEBUG: (src/list.c :87 :List_push) gay shit
DEBUG: (src/list.c :87 :List_push) gay shit
DEBUG: (src/list.c :87 :List_push) gay shit
DEBUG: (src/list.c :87 :List_push) gay shit
DEBUG: (src/list.c :87 :List_push) gay shit
DEBUG: (src/list.c :87 :List_push) gay shit
DEBUG: (src/list.c :87 :List_push) gay shit
DEBUG: (src/list.c :87 :List_push) gay shit
DEBUG: (src/list.c :87 :List_push) gay shit
DEBUG: (src/list.c :87 :List_push) gay shit
DEBUG: (src/list.c :87 :List_push) gay shit
DEBUG: (src/list.c :87 :List_push) gay shit
DEBUG: (src/list.c :87 :List_push) gay shit
DEBUG: (src/list.c :87 :List_push) gay shit
DEBUG: (src/list.c :87 :List_push) gay shit
DEBUG: (src/list.c :87 :List_push) gay shit
DEBUG: (src/list.c :87 :List_push) gay shit
DEBUG: (src/list.c :87 :List_push) gay shit
DEBUG: (src/list.c :87 :List_push) gay shit
DEBUG: (src/list.c :87 :List_push) gay shit
DEBUG: (src/list.c :87 :List_push) gay shit
DEBUG: (src/list.c :87 :List_push) gay shit
DEBUG: (src/list.c :87 :List_push) gay shit
DEBUG: (src/list.c :87 :List_push) gay shit
DEBUG: (src/list.c :87 :List_push) gay shit
DEBUG: (src/list.c :87 :List_push) gay shit
DEBUG: (src/list.c :87 :List_push) gay shit
DEBUG: (src/list.c :87 :List_push) gay shit
DEBUG: (src/list.c :87 :List_push) gay shit
DEBUG: (src/list.c :87 :List_push) gay shit
DEBUG: (src/list.c :87 :List_push) gay shit
DEBUG: (src/list.c :87 :List_push) gay shit
DEBUG: (src/list.c :87 :List_push) gay shit
DEBUG: (src/list.c :87 :List_push) gay shit
DEBUG: (src/list.c :87 :List_push) gay shit
DEBUG: (src/list.c :87 :List_push) gay shit
DEBUG: (src/list.c :87 :List_push) gay shit
DEBUG: (src/list.c :87 :List_push) gay shit
DEBUG: (src/list.c :87 :List_push) gay shit
DEBUG: (src/list.c :87 :List_push) gay shit
DEBUG: (src/list.c :87 :List_push) gay shit
DEBUG: (src/list.c :87 :List_push) gay shit
DEBUG: (src/list.c :87 :List_push) gay shit
DEBUG: (src/list.c :87 :List_push) gay shit
DEBUG: (src/list.c :87 :List_push) gay shit
DEBUG: (src/list.c :87 :List_push) gay shit
DEBUG: (src/list.c :87 :List_push) gay shit
DEBUG: (src/list.c :87 :List_push) gay shit
DEBUG: (src/list.c :87 :List_push) gay shit
DEBUG: (src/list.c :87 :List_push) gay shit
DEBUG: (src/list.c :87 :List_push) gay shit
DEBUG: (src/list.c :87 :List_push) gay shit
DEBUG: (src/list.c :87 :List_push) gay shit
DEBUG: (src/list.c :87 :List_push) gay shit
DEBUG: (src/list.c :87 :List_push) gay shit
DEBUG: (src/list.c :87 :List_push) gay shit
DEBUG: (src/list.c :87 :List_push) gay shit
DEBUG: (src/list.c :87 :List_push) gay shit
DEBUG: (src/list.c :87 :List_push) gay shit
DEBUG: (src/list.c :87 :List_push) gay shit
DEBUG: (src/list.c :87 :List_push) gay shit
DEBUG: (src/list.c :87 :List_push) gay shit
DEBUG: (src/list.c :87 :List_push) gay shit
DEBUG: (src/list.c :87 :List_push) gay shit
DEBUG: (src/list.c :87 :List_push) gay shit
DEBUG: (src/list.c :87 :List_push) gay shit
DEBUG: (src/list.c :87 :List_push) gay shit
DEBUG: (src/list.c :87 :List_push) gay shit
DEBUG: (src/list.c :87 :List_push) gay shit
DEBUG: (src/list.c :87 :List_push) gay shit
DEBUG: (src/list.c :87 :List_push) gay shit
DEBUG: (src/list.c :87 :List_push) gay shit
DEBUG: (src/list.c :87 :List_push) gay shit
DEBUG: (src/list.c :87 :List_push) gay shit
DEBUG: (src/list.c :87 :List_push) gay shit
DEBUG: (src/list.c :87 :List_push) gay shit
DEBUG: (src/list.c :87 :List_push) gay shit
DEBUG: (src/list.c :87 :List_push) gay shit
DEBUG: (src/list.c :87 :List_push) gay shit
DEBUG: (src/list.c :87 :List_push) gay shit
DEBUG: (src/list.c :87 :List_push) gay shit
DEBUG: (src/list.c :87 :List_push) gay shit
DEBUG: (src/list.c :87 :List_push) gay shit
DEBUG: (src/list.c :87 :List_push) gay shit
DEBUG: (src/list.c :87 :List_push) gay shit
DEBUG: (src/list.c :87 :List_push) gay shit
DEBUG: (src/list.c :87 :List_push) gay shit
DEBUG: (src/list.c :87 :List_push) gay shit
DEBUG: (src/list.c :87 :List_push) gay shit
DEBUG: (src/list.c :87 :List_push) gay shit
DEBUG: (src/list.c :87 :List_push) gay shit
DEBUG: (src/list.c :87 :List_push) gay shit
DEBUG: (src/list.c :87 :List_push) gay shit
DEBUG: (src/list.c :87 :List_push) gay shit
DEBUG: (src/list.c :87 :List_push) gay shit
DEBUG: (src/list.c :87 :List_push) gay shit
DEBUG: (src/list.c :87 :List_push) gay shit
DEBUG: (src/list.c :87 :List_push) gay shit
DEBUG: (src/list.c :87 :List_push) gay shit
DEBUG: (src/list.c :87 :List_push) gay shit
DEBUG: (src/list.c :87 :List_push) gay shit
DEBUG: (src/list.c :87 :List_push) gay shit
DEBUG: (src/list.c :87 :List_push) gay shit
DEBUG: (src/list.c :87 :List_push) gay shit
DEBUG: (src/list.c :87 :List_push) gay shit
DEBUG: (src/list.c :87 :List_push) gay shit
DEBUG: (src/list.c :87 :List_push) gay shit
DEBUG: (src/list.c :87 :List_push) gay shit
DEBUG: (src/list.c :87 :List_push) gay shit
DEBUG: (src/list.c :87 :List_push) gay shit
DEBUG: (src/list.c :87 :List_push) gay shit
DEBUG: (src/list.c :87 :List_push) gay shit
DEBUG: (src/list.c :87 :List_push) gay shit
DEBUG: (src/list.c :87 :List_push) gay shit
DEBUG: (src/list.c :87 :List_push) gay shit
DEBUG: (src/list.c :87 :List_push) gay shit
DEBUG: (src/list.c :87 :List_push) gay shit
DEBUG: (src/list.c :87 :List_push) gay shit
DEBUG: (src/list.c :87 :List_push) gay shit
DEBUG: (src/list.c :87 :List_push) gay shit
DEBUG: (src/list.c :87 :List_push) gay shit
DEBUG: (src/list.c :87 :List_push) gay shit
DEBUG: (src/list.c :87 :List_push) gay shit
DEBUG: (src/list.c :87 :List_push) gay shit
DEBUG: (src/list.c :87 :List_push) gay shit
DEBUG: (src/list.c :87 :List_push) gay shit
DEBUG: (src/list.c :87 :List_push) gay shit
DEBUG: (src/list.c :87 :List_push) gay shit
DEBUG: (src/list.c :87 :List_push) gay shit
DEBUG: (src/list.c :87 :List_push) gay shit
DEBUG: (src/list.c :87 :List_push) gay shit
DEBUG: (src/list.c :87 :List_push) gay shit
DEBUG: (src/list.c :87 :List_push) gay shit
DEBUG: (src/list.c :87 :List_push) gay shit
DEBUG: (src/list.c :87 :List_push) gay shit
DEBUG: (src/list.c :87 :List_push) gay shit
DEBUG: (src/list.c :87 :List_push) gay shit
DEBUG: (src/list.c :87 :List_push) gay shit
DEBUG: (src/list.c :87 :List_push) gay shit
DEBUG: (src/list.c :87 :List_push) gay shit
DEBUG: (src/list.c :87 :List_push) gay shit
DEBUG: (src/list.c :87 :List_push) gay shit
DEBUG: (src/list.c :87 :List_push) gay shit
DEBUG: (src/list.c :87 :List_push) gay shit
DEBUG: (src/list.c :87 :List_push) gay shit
DEBUG: (src/list.c :87 :List_push) gay shit
DEBUG: (src/list.c :87 :List_push) gay shit
DEBUG: (src/list.c :87 :List_push) gay shit
DEBUG: (src/list.c :87 :List_push) gay shit
DEBUG: (src/list.c :87 :List_push) gay shit
DEBUG: (src/list.c :87 :List_push) gay shit
DEBUG: (src/list.c :87 :List_push) gay shit
DEBUG: (src/list.c :87 :List_push) gay shit
DEBUG: (src/list.c :87 :List_push) gay shit
DEBUG: (src/list.c :87 :List_push) gay shit
DEBUG: (src/list.c :87 :List_push) gay shit
DEBUG: (src/list.c :87 :List_push) gay shit
DEBUG: (src/list.c :87 :List_push) gay shit
DEBUG: (src/list.c :87 :List_push) gay shit
DEBUG: (src/list.c :87 :List_push) gay shit
DEBUG: (src/list.c :87 :List_push) gay shit
DEBUG: (src/list.c :87 :List_push) gay shit
DEBUG: (src/list.c :87 :List_push) gay shit
DEBUG: (src/list.c :87 :List_push) gay shit
DEBUG: (src/list.c :87 :List_push) gay shit
DEBUG: (src/list.c :87 :List_push) gay shit
DEBUG: (src/list.c :87 :List_push) gay shit
DEBUG: (src/list.c :87 :List_push) gay shit
DEBUG: (src/list.c :87 :List_push) gay shit
DEBUG: (src/list.c :87 :List_push) gay shit
DEBUG: (src/list.c :87 :List_push) gay shit
DEBUG: (src/list.c :87 :List_push) gay shit
DEBUG: (src/list.c :87 :List_push) gay shit
DEBUG: (src/list.c :87 :List_push) gay shit
DEBUG: (src/list.c :87 :List_push) gay shit
DEBUG: (src/list.c :87 :List_push) gay shit
DEBUG: (src/list.c :87 :List_push) gay shit
DEBUG: (src/list.c :87 :List_push) gay shit
DEBUG: (src/list.c :87 :List_push) gay shit
DEBUG: (src/list.c :87 :List_push) gay shit
DEBUG: (src/list.c :87 :List_push) gay shit
DEBUG: (src/list.c :87 :List_push) gay shit
DEBUG: (src/list.c :87 :List_push) gay shit
DEBUG: (src/list.c :87 :List_push) gay shit
DEBUG: (src/list.c :87 :List_push) gay shit
DEBUG: (src/list.c :87 :List_push) gay shit
DEBUG: (src/list.c :87 :List_push) gay shit
DEBUG: (src/list.c :87 :List_push) gay shit
DEBUG: (src/list.c :87 :List_push) gay shit
DEBUG: (src/list.c :87 :List_push) gay shit
DEBUG: (src/list.c :87 :List_push) gay shit
DEBUG: (src/list.c :87 :List_push) gay shit
DEBUG: (src/list.c :87 :List_push) gay shit
DEBUG: (src/list.c :87 :List_push) gay shit
DEBUG: (src/list.c :87 :List_push) gay shit
DEBUG: (src/list.c :87 :List_push) gay shit
DEBUG: (src/list.c :87 :List_push) gay shit
DEBUG: (src/list.c :87 :List_push) gay shit
DEBUG: (src/list.c :87 :List_push) gay shit
DEBUG: (src/list.c :87 :List_push) gay shit
DEBUG: (src/list.c :87 :List_push) gay shit
DEBUG: (src/list.c :87 :List_push) gay shit
DEBUG: (src/list.c :87 :List_push) gay shit
DEBUG: (src/list.c :87 :List_push) gay shit
DEBUG: (src/list.c :87 :List_push) gay shit
DEBUG: (src/list.c :87 :List_push) gay shit
DEBUG: (src/list.c :87 :List_push) gay shit
DEBUG: (src/list.c :87 :List_push) gay shit
DEBUG: (src/list.c :87 :List_push) gay shit
DEBUG: (src/list.c :87 :List_push) gay shit
DEBUG: (src/list.c :87 :List_push) gay shit
DEBUG: (src/list.c :87 :List_push) gay shit
DEBUG: (src/list.c :87 :List_push) gay shit
DEBUG: (src/list.c :87 :List_push) gay shit
DEBUG: (src/list.c :87 :List_push) gay shit
DEBUG: (src/list.c :87 :List_push) gay shit
DEBUG: (src/list.c :87 :List_push) gay shit
DEBUG: (src/list.c :87 :List_push) gay shit
DEBUG: (src/list.c :87 :List_push) gay shit
DEBUG: (src/list.c :87 :List_push) gay shit
DEBUG: (src/list.c :87 :List_push) gay shit
DEBUG: (src/list.c :87 :List_push) gay shit
DEBUG: (src/list.c :87 :List_push) gay shit
DEBUG: (src/list.c :87 :List_push) gay shit
DEBUG: (src/list.c :87 :List_push) gay shit
DEBUG: (src/list.c :87 :List_push) gay shit
DEBUG: (src/list.c :87 :List_push) gay shit
DEBUG: (src/list.c :87 :List_push) gay shit
DEBUG: (src/list.c :87 :List_push) gay shit
DEBUG: (src/list.c :87 :List_push) gay shit
DEBUG: (src/list.c :87 :List_push) gay shit
DEBUG: (src/list.c :87 :List_push) gay shit
DEBUG: (src/list.c :87 :List_push) gay shit
DEBUG: (src/list.c :87 :List_push) gay shit
DEBUG: (src/list.c :87 :List_push) gay shit
DEBUG: (src/list.c :87 :List_push) gay shit
DEBUG: (src/list.c :87 :List_push) gay shit
DEBUG: (src/list.c :87 :List_push) gay shit
DEBUG: (src/list.c :87 :List_push) gay shit
DEBUG: (src/list.c :87 :List_push) gay shit
DEBUG: (src/list.c :87 :List_push) gay shit
DEBUG: (src/list.c :87 :List_push) gay shit
DEBUG: (src/list.c :87 :List_push) gay shit
DEBUG: (src/list.c :87 :List_push) gay shit
DEBUG: (src/list.c :87 :List_push) gay shit
DEBUG: (src/list.c :87 :List_push) gay shit
DEBUG: (src/list.c :87 :List_push) gay shit
DEBUG: (src/list.c :87 :List_push) gay shit
DEBUG: (src/list.c :87 :List_push) gay shit
DEBUG: (src/list.c :87 :List_push) gay shit
DEBUG: (src/list.c :87 :List_push) gay shit
DEBUG: (src/list.c :87 :List_push) gay shit
DEBUG: (src/list.c :87 :List_push) gay shit
DEBUG: (src/list.c :87 :List_push) gay shit
DEBUG: (src/list.c :87 :List_push) gay shit
DEBUG: (src/list.c :87 :List_push) gay shit
DEBUG: (src/list.c :87 :List_push) gay shit
DEBUG: (src/list.c :87 :List_push) gay shit
DEBUG: (src/list.c :87 :List_push) gay shit
DEBUG: (src/list.c :87 :List_push) gay shit
DEBUG: (src/list.c :87 :List_push) gay shit
DEBUG: (src/list.c :87 :List_push) gay shit
DEBUG: (src/list.c :87 :List_push) gay shit
DEBUG: (src/list.c :87 :List_push) gay shit
DEBUG: (src/list.c :87 :List_push) gay shit
DEBUG: (src/list.c :87 :List_push) gay shit
DEBUG: (src/list.c :87 :List_push) gay shit
DEBUG: (src/list.c :87 :List_push) gay shit
DEBUG: (src/list.c :87 :List_push) gay shit
DEBUG: (src/list.c :87 :List_push) gay shit
DEBUG: (src/list.c :87 :List_push) gay shit
DEBUG: (src/list.c :87 :List_push) gay shit
DEBUG: (src/list.c :87 :List_push) gay shit
DEBUG: (src/list.c :87 :List_push) gay shit
DEBUG: (src/list.c :87 :List_push) gay shit
DEBUG: (src/list.c :87 :List_push) gay shit
DEBUG: (src/list.c :87 :List_push) gay shit
DEBUG: (src/list.c :87 :List_push) gay shit
DEBUG: (src/list.c :87 :List_push) gay shit
DEBUG: (src/list.c :87 :List_push) gay shit
DEBUG: (src/list.c :87 :List_push) gay shit
DEBUG: (src/list.c :87 :List_push) gay shit
DEBUG: (src/list.c :87 :List_push) gay shit
DEBUG: (src/list.c :87 :List_push) gay shit
DEBUG: (src/list.c :87 :List_push) gay shit
DEBUG: (src/list.c :87 :List_push) gay shit
DEBUG: (src/list.c :87 :List_push) gay shit
DEBUG: (src/list.c :87 :List_push) gay shit
DEBUG: (src/list.c :87 :List_push) gay shit
DEBUG: (src/list.c :87 :List_push) gay shit
DEBUG: (src/list.c :87 :List_push) gay shit
DEBUG: (src/list.c :87 :List_push) gay shit
DEBUG: (src/list.c :87 :List_push) gay shit
DEBUG: (src/list.c :87 :List_push) gay shit
DEBUG: (src/list.c :87 :List_push) gay shit
DEBUG: (src/list.c :87 :List_push) gay shit
DEBUG: (src/list.c :87 :List_push) gay shit
DEBUG: (src/list.c :87 :List_push) gay shit
DEBUG: (src/list.c :87 :List_push) gay shit
DEBUG: (src/list.c :87 :List_push) gay shit
DEBUG: (src/list.c :87 :List_push) gay shit
DEBUG: (src/list.c :87 :List_push) gay shit
DEBUG: (src/list.c :87 :List_push) gay shit
DEBUG: (src/list.c :87 :List_push) gay shit
DEBUG: (src/list.c :87 :List_push) gay shit
DEBUG: (src/list.c :87 :List_push) gay shit
DEBUG: (src/list.c :87 :List_push) gay shit
DEBUG: (src/list.c :87 :List_push) gay shit
DEBUG: (src/list.c :87 :List_push) gay shit
DEBUG: (src/list.c :87 :List_push) gay shit
DEBUG: (src/list.c :87 :List_push) gay shit
DEBUG: (src/list.c :87 :List_push) gay shit
DEBUG: (src/list.c :87 :List_push) gay shit
DEBUG: (src/list.c :87 :List_push) gay shit
DEBUG: (src/list.c :87 :List_push) gay shit
DEBUG: (src/list.c :87 :List_push) gay shit
DEBUG: (src/list.c :87 :List_push) gay shit
DEBUG: (src/list.c :87 :List_push) gay shit
DEBUG: (src/list.c :87 :List_push) gay shit
DEBUG: (src/list.c :87 :List_push) gay shit
DEBUG: (src/list.c :87 :List_push) gay shit
DEBUG: (src/list.c :87 :List_push) gay shit
DEBUG: (src/list.c :87 :List_push) gay shit
DEBUG: (src/list.c :87 :List_push) gay shit
DEBUG: (src/list.c :87 :List_push) gay shit
DEBUG: (src/list.c :87 :List_push) gay shit
DEBUG: (src/list.c :87 :List_push) gay shit
DEBUG: (src/list.c :87 :List_push) gay shit
DEBUG: (src/list.c :87 :List_push) gay shit
DEBUG: (src/list.c :87 :List_push) gay shit
DEBUG: (src/list.c :87 :List_push) gay shit
DEBUG: (src/list.c :87 :List_push) gay shit
DEBUG: (src/list.c :87 :List_push) gay shit
DEBUG: (src/list.c :87 :List_push) gay shit
DEBUG: (src/list.c :87 :List_push) gay shit
DEBUG: (src/list.c :87 :List_push) gay shit
DEBUG: (src/list.c :87 :List_push) gay shit
DEBUG: (src/list.c :87 :List_push) gay shit
DEBUG: (src/list.c :87 :List_push) gay shit
DEBUG: (src/list.c :87 :List_push) gay shit
DEBUG: (src/list.c :87 :List_push) gay shit
DEBUG: (src/list.c :87 :List_push) gay shit
DEBUG: (src/list.c :87 :List_push) gay shit
DEBUG: (src/list.c :87 :List_push) gay shit
DEBUG: (src/list.c :87 :List_push) gay shit
DEBUG: (src/list.c :87 :List_push) gay shit
DEBUG: (src/list.c :87 :List_push) gay shit
DEBUG: (src/list.c :87 :List_push) gay shit
DEBUG: (src/list.c :87 :List_push) gay shit
DEBUG: (src/list.c :87 :List_push) gay shit
DEBUG: (src/list.c :87 :List_push) gay shit
DEBUG: (src/list.c :87 :List_push) gay shit
DEBUG: (src/list.c :87 :List_push) gay shit
DEBUG: (src/list.c :87 :List_push) gay shit
DEBUG: (src/list.c :87 :List_push) gay shit
DEBUG: (src/list.c :87 :List_push) gay shit
DEBUG: (src/list.c :87 :List_push) gay shit
DEBUG: (src/list.c :87 :List_push) gay shit
DEBUG: (src/list.c :87 :List_push) gay shit
DEBUG: (src/list.c :87 :List_push) gay shit
DEBUG: (src/list.c :87 :List_push) gay shit
DEBUG: (src/list.c :87 :List_push) gay shit
DEBUG: (src/list.c :87 :List_push) gay shit
DEBUG: (src/list.c :87 :List_push) gay shit
DEBUG: (src/list.c :87 :List_push) gay shit
DEBUG: (src/list.c :87 :List_push) gay shit
DEBUG: (src/list.c :87 :List_push) gay shit
DEBUG: (src/list.c :87 :List_push) gay shit
DEBUG: (src/list.c :87 :List_push) gay shit
DEBUG: (src/list.c :87 :List_push) gay shit
DEBUG: (src/list.c :87 :List_push) gay shit
DEBUG: (src/list.c :87 :List_push) gay shit
DEBUG: (src/list.c :87 :List_push) gay shit
DEBUG: (src/list.c :87 :List_push) gay shit
DEBUG: (src/list.c :87 :List_push) gay shit
DEBUG: (src/list.c :87 :List_push) gay shit
DEBUG: (src/list.c :87 :List_push) gay shit
DEBUG: (src/list.c :87 :List_push) gay shit
DEBUG: (src/list.c :87 :List_push) gay shit
DEBUG: (src/list.c :87 :List_push) gay shit
DEBUG: (src/list.c :87 :List_push) gay shit
DEBUG: (src/list.c :87 :List_push) gay shit
DEBUG: (src/list.c :87 :List_push) gay shit
DEBUG: (src/list.c :87 :List_push) gay shit
DEBUG: (src/list.c :87 :List_push) gay shit
DEBUG: (src/list.c :87 :List_push) gay shit
DEBUG: (src/list.c :87 :List_push) gay shit
DEBUG: (src/list.c :87 :List_push) gay shit
DEBUG: (src/list.c :87 :List_push) gay shit
DEBUG: (src/list.c :87 :List_push) gay shit
DEBUG: (src/list.c :87 :List_push) gay shit
DEBUG: (src/list.c :87 :List_push) gay shit
DEBUG: (src/list.c :87 :List_push) gay shit
DEBUG: (src/list.c :87 :List_push) gay shit
DEBUG: (src/list.c :87 :List_push) gay shit
DEBUG: (src/list.c :87 :List_push) gay shit
DEBUG: (src/list.c :87 :List_push) gay shit
DEBUG: (src/list.c :87 :List_push) gay shit
DEBUG: (src/list.c :87 :List_push) gay shit
DEBUG: (src/list.c :87 :List_push) gay shit
DEBUG: (src/list.c :87 :List_push) gay shit
DEBUG: (src/list.c :87 :List_push) gay shit
DEBUG: (src/list.c :87 :List_push) gay shit
DEBUG: (src/list.c :87 :List_push) gay shit
DEBUG: (src/list.c :87 :List_push) gay shit
DEBUG: (src/list.c :87 :List_push) gay shit
DEBUG: (src/list.c :87 :List_push) gay shit
DEBUG: (src/list.c :87 :List_push) gay shit
DEBUG: (src/list.c :87 :List_push) gay shit
DEBUG: (src/list.c :87 :List_push) gay shit
DEBUG: (src/list.c :87 :List_push) gay shit
DEBUG: (src/list.c :87 :List_push) gay shit
DEBUG: (src/list.c :87 :List_push) gay shit
DEBUG: (src/list.c :87 :List_push) gay shit
DEBUG: (src/list.c :87 :List_push) gay shit
DEBUG: (src/list.c :87 :List_push) gay shit
DEBUG: (src/list.c :87 :List_push) gay shit
DEBUG: (src/list.c :87 :List_push) gay shit
DEBUG: (src/list.c :87 :List_push) gay shit
DEBUG: (src/list.c :87 :List_push) gay shit
DEBUG: (src/list.c :87 :List_push) gay shit
DEBUG: (src/list.c :87 :List_push) gay shit
DEBUG: (src/list.c :87 :List_push) gay shit
DEBUG: (src/list.c :87 :List_push) gay shit
DEBUG: (src/list.c :87 :List_push) gay shit
DEBUG: (src/list.c :87 :List_push) gay shit
DEBUG: (src/list.c :87 :List_push) gay shit
DEBUG: (src/list.c :87 :List_push) gay shit
DEBUG: (src/list.c :87 :List_push) gay shit
DEBUG: (src/list.c :87 :List_push) gay shit
DEBUG: (src/list.c :87 :List_push) gay shit
DEBUG: (src/list.c :87 :List_push) gay shit
DEBUG: (src/list.c :87 :List_push) gay shit
DEBUG: (src/list.c :87 :List_push) gay shit
DEBUG: (src/list.c :87 :List_push) gay shit
DEBUG: (src/list.c :87 :List_push) gay shit
DEBUG: (src/list.c :87 :List_push) gay shit
DEBUG: (src/list.c :87 :List_push) gay shit
DEBUG: (src/list.c :87 :List_push) gay shit
DEBUG: (src/list.c :87 :List_push) gay shit
DEBUG: (src/list.c :87 :List_push) gay shit
DEBUG: (src/list.c :87 :List_push) gay shit
DEBUG: (src/list.c :87 :List_push) gay shit
DEBUG: (src/list.c :87 :List_push) gay shit
DEBUG: (src/list.c :87 :List_push) gay shit
DEBUG: (src/list.c :87 :List_push) gay shit
DEBUG: (src/list.c :87 :List_push) gay shit
DEBUG: (src/list.c :87 :List_push) gay shit
DEBUG: (src/list.c :87 :List_push) gay shit
DEBUG: (src/list.c :87 :List_push) gay shit
DEBUG: (src/list.c :87 :List_push) gay shit
DEBUG: (src/list.c :87 :List_push) gay shit
DEBUG: (src/list.c :87 :List_push) gay shit
DEBUG: (src/list.c :87 :List_push) gay shit
DEBUG: (src/list.c :87 :List_push) gay shit
DEBUG: (src/list.c :87 :List_push) gay shit
DEBUG: (src/list.c :87 :List_push) gay shit
DEBUG: (src/list.c :87 :List_push) gay shit
DEBUG: (src/list.c :87 :List_push) gay shit
DEBUG: (src/list.c :87 :List_push) gay shit
DEBUG: (src/list.c :87 :List_push) gay shit
DEBUG: (src/list.c :87 :List_push) gay shit
DEBUG: (src/list.c :87 :List_push) gay shit
DEBUG: (src/list.c :87 :List_push) gay shit
DEBUG: (src/list.c :87 :List_push) gay shit
DEBUG: (src/list.c :87 :List_push) gay shit
DEBUG: (src/list.c :87 :List_push) gay shit
DEBUG: (src/list.c :87 :List_push) gay shit
DEBUG: (src/list.c :87 :List_push) gay shit
DEBUG: (src/list.c :87 :List_push) gay shit
DEBUG: (src/list.c :87 :List_push) gay shit
DEBUG: (src/list.c :87 :List_push) gay shit
DEBUG: (src/list.c :87 :List_push) gay shit
DEBUG: (src/list.c :87 :List_push) gay shit
DEBUG: (src/list.c :87 :List_push) gay shit
DEBUG: (src/list.c :87 :List_push) gay shit
DEBUG: (src/list.c :87 :List_push) gay shit
DEBUG: (src/list.c :87 :List_push) gay shit
DEBUG: (src/list.c :87 :List_push) gay shit
DEBUG: (src/list.c :87 :List_push) gay shit
DEBUG: (src/list.c :87 :List_push) gay shit
DEBUG: (src/list.c :87 :List_push) gay shit
DEBUG: (src/list.c :87 :List_push) gay shit
DEBUG: (src/list.c :87 :List_push) gay shit
DEBUG: (src/list.c :87 :List_push) gay shit
DEBUG: (src/list.c :87 :List_push) gay shit
DEBUG: (src/list.c :87 :List_push) gay shit
DEBUG: (src/list.c :87 :List_push) gay shit
DEBUG: (src/list.c :87 :List_push) gay shit
DEBUG: (src/list.c :87 :List_push) gay shit
DEBUG: (src/list.c :87 :List_push) gay shit
DEBUG: (src/list.c :87 :List_push) gay shit
DEBUG: (src/list.c :87 :List_push) gay shit
DEBUG: (src/list.c :87 :List_push) gay shit
DEBUG: (src/list.c :87 :List_push) gay shit
DEBUG: (src/list.c :87 :List_push) gay shit
DEBUG: (src/list.c :87 :List_push) gay shit
DEBUG: (src/list.c :87 :List_push) gay shit
DEBUG: (src/list.c :87 :List_push) gay shit
DEBUG: (src/list.c :87 :List_push) gay shit
DEBUG: (src/list.c :87 :List_push) gay shit
DEBUG: (src/list.c :87 :List_push) gay shit
DEBUG: (src/list.c :87 :List_push) gay shit
DEBUG: (src/list.c :87 :List_push) gay shit
DEBUG: (src/list.c :87 :List_push) gay shit
DEBUG: (src/list.c :87 :List_push) gay shit
DEBUG: (src/list.c :87 :List_push) gay shit
DEBUG: (src/list.c :87 :List_push) gay shit
DEBUG: (src/list.c :87 :List_push) gay shit
DEBUG: (src/list.c :87 :List_push) gay shit
DEBUG: (src/list.c :87 :List_push) gay shit
DEBUG: (src/list.c :87 :List_push) gay shit
DEBUG: (src/list.c :87 :List_push) gay shit
DEBUG: (src/list.c :87 :List_push) gay shit
DEBUG: (src/list.c :87 :List_push) gay shit
DEBUG: (src/list.c :87 :List_push) gay shit
DEBUG: (src/list.c :87 :List_push) gay shit
DEBUG: (src/list.c :87 :List_push) gay shit
DEBUG: (src/list.c :87 :List_push) gay shit
DEBUG: (src/list.c :87 :List_push) gay shit
DEBUG: (src/list.c :87 :List_push) gay shit
DEBUG: (src/list.c :87 :List_push) gay shit
DEBUG: (src/list.c :87 :List_push) gay shit
DEBUG: (src/list.c :87 :List_push) gay shit
DEBUG: (src/list.c :87 :List_push) gay shit
DEBUG: (src/list.c :87 :List_push) gay shit
DEBUG: (src/list.c :87 :List_push) gay shit
DEBUG: (src/list.c :87 :List_push) gay shit
DEBUG: (src/list.c :87 :List_push) gay shit
DEBUG: (src/list.c :87 :List_push) gay shit
DEBUG: (src/list.c :87 :List_push) gay shit
DEBUG: (src/list.c :87 :List_push) gay shit
DEBUG: (src/list.c :87 :List_push) gay shit
DEBUG: (src/list.c :87 :List_push) gay shit
DEBUG: (src/list.c :87 :List_push) gay shit
DEBUG: (src/list.c :87 :List_push) gay shit
DEBUG: (src/list.c :87 :List_push) gay shit
DEBUG: (src/list.c :87 :List_push) gay shit
DEBUG: (src/list.c :87 :List_push) gay shit
DEBUG: (src/list.c :87 :List_push) gay shit
DEBUG: (src/list.c :87 :List_push) gay shit
DEBUG: (src/list.c :87 :List_push) gay shit
DEBUG: (src/list.c :87 :List_push) gay shit
DEBUG: (src/list.c :87 :List_push) gay shit
DEBUG: (src/list.c :87 :List_push) gay shit
DEBUG: (src/list.c :87 :List_push) gay shit
DEBUG: (src/list.c :87 :List_push) gay shit
DEBUG: (src/list.c :87 :List_push) gay shit
DEBUG: (src/list.c :87 :List_push) gay shit
DEBUG: (src/list.c :87 :List_push) gay shit
DEBUG: (src/list.c :87 :List_push) gay shit
DEBUG: (src/list.c :87 :List_push) gay shit
DEBUG: (src/list.c :87 :List_push) gay shit
DEBUG: (src/list.c :87 :List_push) gay shit
DEBUG: (src/list.c :87 :List_push) gay shit
DEBUG: (src/list.c :87 :List_push) gay shit
DEBUG: (src/list.c :87 :List_push) gay shit
DEBUG: (src/list.c :87 :List_push) gay shit
DEBUG: (src/list.c :87 :List_push) gay shit
DEBUG: (src/list.c :87 :List_push) gay shit
DEBUG: (src/list.c :87 :List_push) gay shit
DEBUG: (src/list.c :87 :List_push) gay shit
DEBUG: (src/list.c :87 :List_push) gay shit
DEBUG: (src/list.c :87 :List_push) gay shit
DEBUG: (src/list.c :87 :List_push) gay shit
DEBUG: (src/list.c :87 :List_push) gay shit
DEBUG: (src/list.c :87 :List_push) gay shit
DEBUG: (src/list.c :87 :List_push) gay shit
DEBUG: (src/list.c :87 :List_push) gay shit
DEBUG: (src/list.c :87 :List_push) gay shit
DEBUG: (src/list.c :87 :List_push) gay shit
DEBUG: (src/list.c :87 :List_push) gay shit
DEBUG: (src/list.c :87 :List_push) gay shit
DEBUG: (src/list.c :87 :List_push) gay shit
DEBUG: (src/list.c :87 :List_push) gay shit
DEBUG: (src/list.c :87 :List_push) gay shit
DEBUG: (src/list.c :87 :List_push) gay shit
DEBUG: (src/list.c :87 :List_push) gay shit
DEBUG: (src/list.c :87 :List_push) gay shit
DEBUG: (src/list.c :87 :List_push) gay shit
DEBUG: (src/list.c :87 :List_push) gay shit
DEBUG: (src/list.c :87 :List_push) gay shit
DEBUG: (src/list.c :87 :List_push) gay shit
DEBUG: (src/list.c :87 :List_push) gay shit
DEBUG: (src/list.c :87 :List_push) gay shit
DEBUG: (src/list.c :87 :List_push) gay shit
DEBUG: (src/list.c :87 :List_push) gay shit
DEBUG: (src/list.c :87 :List_push) gay shit
DEBUG: (src/list.c :87 :List_push) gay shit
DEBUG: (src/list.c :87 :List_push) gay shit
DEBUG: (src/list.c :87 :List_push) gay shit
DEBUG: (src/list.c :87 :List_push) gay shit
DEBUG: (src/list.c :87 :List_push) gay shit
DEBUG: (src/list.c :87 :List_push) gay shit
DEBUG: (src/list.c :87 :List_push) gay shit
DEBUG: (src/list.c :87 :List_push) gay shit
DEBUG: (src/list.c :87 :List_push) gay shit
DEBUG: (src/list.c :87 :List_push) gay shit
DEBUG: (src/list.c :87 :List_push) gay shit
DEBUG: (src/list.c :87 :List_push) gay shit
DEBUG: (src/list.c :87 :List_push) gay shit
DEBUG: (src/list.c :87 :List_push) gay shit
DEBUG: (src/list.c :87 :List_push) gay shit
DEBUG: (src/list.c :87 :List_push) gay shit
DEBUG: (src/list.c :87 :List_push) gay shit
DEBUG: (src/list.c :87 :List_push) gay shit
DEBUG: (src/list.c :87 :List_push) gay shit
DEBUG: (src/list.c :87 :List_push) gay shit
DEBUG: (src/list.c :87 :List_push) gay shit
DEBUG: (src/list.c :87 :List_push) gay shit
DEBUG: (src/list.c :87 :List_push) gay shit
DEBUG: (src/list.c :87 :List_push) gay shit
DEBUG: (src/list.c :87 :List_push) gay shit
DEBUG: (src/list.c :87 :List_push) gay shit
DEBUG: (src/list.c :87 :List_push) gay shit
DEBUG: (src/list.c :87 :List_push) gay shit
DEBUG: (src/list.c :87 :List_push) gay shit
DEBUG: (src/list.c :87 :List_push) gay shit
DEBUG: (src/list.c :87 :List_push) gay shit
DEBUG: (src/list.c :87 :List_push) gay shit
DEBUG: (src/list.c :87 :List_push) gay shit
DEBUG: (src/list.c :87 :List_push) gay shit
DEBUG: (src/list.c :87 :List_push) gay shit
DEBUG: (src/list.c :87 :List_push) gay shit
DEBUG: (src/list.c :87 :List_push) gay shit
DEBUG: (src/list.c :87 :List_push) gay shit
DEBUG: (src/list.c :87 :List_push) gay shit
DEBUG: (src/list.c :87 :List_push) gay shit
DEBUG: (src/list.c :87 :List_push) gay shit
DEBUG: (src/list.c :87 :List_push) gay shit
DEBUG: (src/list.c :87 :List_push) gay shit
DEBUG: (src/list.c :87 :List_push) gay shit
DEBUG: (src/list.c :87 :List_push) gay shit
DEBUG: (src/list.c :87 :List_push) gay shit
DEBUG: (src/list.c :87 :List_push) gay shit
DEBUG: (src/list.c :87 :List_push) gay shit
DEBUG: (src/list.c :87 :List_push) gay shit
DEBUG: (src/list.c :87 :List_push) gay shit
DEBUG: (src/list.c :87 :List_push) gay shit
DEBUG: (src/list.c :87 :List_push) gay shit
DEBUG: (src/list.c :87 :List_push) gay shit
DEBUG: (src/list.c :87 :List_push) gay shit
DEBUG: (src/list.c :87 :List_push) gay shit
DEBUG: (src/list.c :87 :List_push) gay shit
DEBUG: (src/list.c :87 :List_push) gay shit
DEBUG: (src/list.c :87 :List_push) gay shit
DEBUG: (src/list.c :87 :List_push) gay shit
DEBUG: (src/list.c :87 :List_push) gay shit
DEBUG: (src/list.c :87 :List_push) gay shit
DEBUG: (src/list.c :87 :List_push) gay shit
DEBUG: (src/list.c :87 :List_push) gay shit
DEBUG: (src/list.c :87 :List_push) gay shit
DEBUG: (src/list.c :87 :List_push) gay shit
DEBUG: (src/list.c :87 :List_push) gay shit
DEBUG: (src/list.c :87 :List_push) gay shit
DEBUG: (src/list.c :87 :List_push) gay shit
DEBUG: (src/list.c :87 :List_push) gay shit
DEBUG: (src/list.c :87 :List_push) gay shit
DEBUG: (src/list.c :87 :List_push) gay shit
DEBUG: (src/list.c :87 :List_push) gay shit
DEBUG: (src/list.c :87 :List_push) gay shit
DEBUG: (src/list.c :87 :List_push) gay shit
DEBUG: (src/list.c :87 :List_push) gay shit
DEBUG: (src/list.c :87 :List_push) gay shit
DEBUG: (src/list.c :87 :List_push) gay shit
DEBUG: (src/list.c :87 :List_push) gay shit
DEBUG: (src/list.c :87 :List_push) gay shit
DEBUG: (src/list.c :87 :List_push) gay shit
DEBUG: (src/list.c :87 :List_push) gay shit
DEBUG: (src/list.c :87 :List_push) gay shit
DEBUG: (src/list.c :87 :List_push) gay shit
DEBUG: (src/list.c :87 :List_push) gay shit
DEBUG: (src/list.c :87 :List_push) gay shit
DEBUG: (src/list.c :87 :List_push) gay shit
DEBUG: (src/list.c :87 :List_push) gay shit
DEBUG: (src/list.c :87 :List_push) gay shit
DEBUG: (src/list.c :87 :List_push) gay shit
DEBUG: (src/list.c :87 :List_push) gay shit
DEBUG: (src/list.c :87 :List_push) gay shit
DEBUG: (src/list.c :87 :List_push) gay shit
DEBUG: (src/list.c :87 :List_push) gay shit
DEBUG: (src/list.c :87 :List_push) gay shit
DEBUG: (src/list.c :87 :List_push) gay shit
DEBUG: (src/list.c :87 :List_push) gay shit
DEBUG: (src/list.c :87 :List_push) gay shit
DEBUG: (src/list.c :87 :List_push) gay shit
DEBUG: (src/list.c :87 :List_push) gay shit
DEBUG: (src/list.c :87 :List_push) gay shit
DEBUG: (src/list.c :87 :List_push) gay shit
DEBUG: (src/list.c :87 :List_push) gay shit
DEBUG: (src/list.c :87 :List_push) gay shit
DEBUG: (src/list.c :87 :List_push) gay shit
DEBUG: (src/list.c :87 :List_push) gay shit
DEBUG: (src/list.c :87 :List_push) gay shit
DEBUG: (src/list.c :87 :List_push) gay shit
DEBUG: (src/list.c :87 :List_push) gay shit
DEBUG: (src/list.c :87 :List_push) gay shit
DEBUG: (src/list.c :87 :List_push) gay shit
DEBUG: (src/list.c :87 :List_push) gay shit
DEBUG: (src/list.c :87 :List_push) gay shit
DEBUG: (src/list.c :87 :List_push) gay shit
DEBUG: (src/list.c :87 :List_push) gay shit
DEBUG: (src/list.c :87 :List_push) gay shit
DEBUG: (src/list.c :87 :List_push) gay shit
DEBUG: (src/list.c :87 :List_push) gay shit
DEBUG: (src/list.c :87 :List_push) gay shit
DEBUG: (src/list.c :87 :List_push) gay shit
DEBUG: (src/list.c :87 :List_push) gay shit
DEBUG: (src/list.c :87 :List_push) gay shit
DEBUG: (src/list.c :87 :List_push) gay shit
DEBUG: (src/list.c :87 :List_push) gay shit
DEBUG: (src/list.c :87 :List_push) gay shit
DEBUG: (src/list.c :87 :List_push) gay shit
DEBUG: (src/list.c :87 :List_push) gay shit
DEBUG: (src/list.c :87 :List_push) gay shit
DEBUG: (src/list.c :87 :List_push) gay shit
DEBUG: (src/list.c :87 :List_push) gay shit
DEBUG: (src/list.c :87 :List_push) gay shit
DEBUG: (src/list.c :87 :List_push) gay shit
DEBUG: (src/list.c :87 :List_push) gay shit
DEBUG: (src/list.c :87 :List_push) gay shit
DEBUG: (src/list.c :87 :List_push) gay shit
DEBUG: (src/list.c :87 :List_push) gay shit
DEBUG: (src/list.c :87 :List_push) gay shit
DEBUG: (src/list.c :87 :List_push) gay shit
DEBUG: (src/list.c :87 :List_push) gay shit
DEBUG: (src/list.c :87 :List_push) gay shit
DEBUG: (src/list.c :87 :List_push) gay shit
DEBUG: (src/list.c :87 :List_push) gay shit
DEBUG: (src/list.c :87 :List_push) gay shit
DEBUG: (src/list.c :87 :List_push) gay shit
DEBUG: (src/list.c :87 :List_push) gay shit
DEBUG: (src/list.c :87 :List_push) gay shit
DEBUG: (src/list.c :87 :List_push) gay shit
DEBUG: (src/list.c :87 :List_push) gay shit
DEBUG: (src/list.c :87 :List_push) gay shit
DEBUG: (src/list.c :87 :List_push) gay shit
DEBUG: (src/list.c :87 :List_push) gay shit
DEBUG: (src/list.c :87 :List_push) gay shit
DEBUG: (src/list.c :87 :List_push) gay shit
DEBUG: (src/list.c :87 :List_push) gay shit
DEBUG: (src/list.c :87 :List_push) gay shit
DEBUG: (src/list.c :87 :List_push) gay shit
DEBUG: (src/list.c :87 :List_push) gay shit
DEBUG: (src/list.c :87 :List_push) gay shit
DEBUG: (src/list.c :87 :List_push) gay shit
DEBUG: (src/list.c :87 :List_push) gay shit
DEBUG: (src/list.c :87 :List_push) gay shit
DEBUG: (src/list.c :87 :List_push) gay shit
DEBUG: (src/list.c :87 :List_push) gay shit
DEBUG: (src/list.c :87 :List_push) gay shit
DEBUG: (src/list.c :87 :List_push) gay shit
DEBUG: (src/list.c :87 :List_push) gay shit
DEBUG: (src/list.c :87 :List_push) gay shit
DEBUG: (src/list.c :87 :List_push) gay shit
DEBUG: (src/list.c :87 :List_push) gay shit
DEBUG: (src/list.c :87 :List_push) gay shit
DEBUG: (src/list.c :87 :List_push) gay shit
DEBUG: (src/list.c :87 :List_push) gay shit
DEBUG: (src/list.c :87 :List_push) gay shit
DEBUG: (src/list.c :87 :List_push) gay shit
DEBUG: (src/list.c :87 :List_push) gay shit
DEBUG: (src/list.c :87 :List_push) gay shit
DEBUG: (src/list.c :87 :List_push) gay shit
DEBUG: (src/list.c :87 :List_push) gay shit
DEBUG: (src/list.c :87 :List_push) gay shit
DEBUG: (src/list.c :87 :List_push) gay shit
DEBUG: (src/list.c :87 :List_push) gay shit
DEBUG: (src/list.c :87 :List_push) gay shit
DEBUG: (src/list.c :87 :List_push) gay shit
DEBUG: (src/list.c :87 :List_push) gay shit
DEBUG: (src/list.c :87 :List_push) gay shit
DEBUG: (src/list.c :87 :List_push) gay shit
DEBUG: (src/list.c :87 :List_push) gay shit
DEBUG: (src/list.c :87 :List_push) gay shit
DEBUG: (src/list.c :87 :List_push) gay shit
DEBUG: (src/list.c :87 :List_push) gay shit
DEBUG: (src/list.c :87 :List_push) gay shit
DEBUG: (src/list.c :87 :List_push) gay shit
DEBUG: (src/list.c :87 :List_push) gay shit
DEBUG: (src/list.c :87 :List_push) gay shit
DEBUG: (src/list.c :87 :List_push) gay shit
DEBUG: (src/list.c :87 :List_push) gay shit
DEBUG: (src/list.c :87 :List_push) gay shit
DEBUG: (src/list.c :87 :List_push) gay shit
DEBUG: (src/list.c :87 :List_push) gay shit
DEBUG: (src/list.c :87 :List_push) gay shit
DEBUG: (src/list.c :87 :List_push) gay shit
DEBUG: (src/list.c :87 :List_push) gay shit
DEBUG: (src/list.c :87 :List_push) gay shit
DEBUG: (src/list.c :87 :List_push) gay shit
DEBUG: (src/list.c :87 :List_push) gay shit
DEBUG: (src/list.c :87 :List_push) gay shit
DEBUG: (src/list.c :87 :List_push) gay shit
DEBUG: (src/list.c :87 :List_push) gay shit
DEBUG: (src/list.c :87 :List_push) gay shit
DEBUG: (src/list.c :87 :List_push) gay shit
DEBUG: (src/list.c :87 :List_push) gay shit
DEBUG: (src/list.c :87 :List_push) gay shit
DEBUG: (src/list.c :87 :List_push) gay shit
DEBUG: (src/list.c :87 :List_push) gay shit
DEBUG: (src/list.c :87 :List_push) gay shit
DEBUG: (src/list.c :87 :List_push) gay shit
DEBUG: (src/list.c :87 :List_push) gay shit
DEBUG: (src/list.c :87 :List_push) gay shit
DEBUG: (src/list.c :87 :List_push) gay shit
DEBUG: (src/list.c :87 :List_push) gay shit
DEBUG: (src/list.c :87 :List_push) gay shit
DEBUG: (src/list.c :87 :List_push) gay shit
DEBUG: (src/list.c :87 :List_push) gay shit
DEBUG: (src/list.c :87 :List_push) gay shit
DEBUG: (src/list.c :87 :List_push) gay shit
DEBUG: (src/list.c :87 :List_push) gay shit
DEBUG: (src/list.c :87 :List_push) gay shit
DEBUG: (src/list.c :87 :List_push) gay shit
DEBUG: (src/list.c :87 :List_push) gay shit
DEBUG: (src/list.c :87 :List_push) gay shit
DEBUG: (src/list.c :87 :List_push) gay shit
DEBUG: (src/list.c :87 :List_push) gay shit
DEBUG: (src/list.c :87 :List_push) gay shit
DEBUG: (src/list.c :87 :List_push) gay shit
DEBUG: (src/list.c :87 :List_push) gay shit
DEBUG: (src/list.c :87 :List_push) gay shit
DEBUG: (src/list.c :87 :List_push) gay shit
DEBUG: (src/list.c :87 :List_push) gay shit
DEBUG: (src/list.c :87 :List_push) gay shit
DEBUG: (src/list.c :87 :List_push) gay shit
DEBUG: (src/list.c :87 :List_push) gay shit
DEBUG: (src/list.c :87 :List_push) gay shit
DEBUG: (src/list.c :87 :List_push) gay shit
DEBUG: (src/list.c :87 :List_push) gay shit
DEBUG: (src/list.c :87 :List_push) gay shit
DEBUG: (src/list.c :87 :List_push) gay shit
DEBUG: (src/list.c :87 :List_push) gay shit
DEBUG: (src/list.c :87 :List_push) gay shit
DEBUG: (src/list.c :87 :List_push) gay shit
DEBUG: (src/list.c :87 :List_push) gay shit
DEBUG: (src/list.c :87 :List_push) gay shit
DEBUG: (src/list.c :87 :List_push) gay shit
DEBUG: (src/list.c :87 :List_push) gay shit
DEBUG: (src/list.c :87 :List_push) gay shit
DEBUG: (src/list.c :87 :List_push) gay shit
DEBUG: (src/list.c :87 :List_push) gay shit
DEBUG: (src/list.c :87 :List_push) gay shit
DEBUG: (src/list.c :87 :List_push) gay shit
DEBUG: (src/list.c :87 :List_push) gay shit
DEBUG: (src/list.c :87 :List_push) gay shit
DEBUG: (src/list.c :87 :List_push) gay shit
DEBUG: (src/list.c :87 :List_push) gay shit
DEBUG: (src/list.c :87 :List_push) gay shit
DEBUG: (src/list.c :87 :List_push) gay shit
DEBUG: (src/list.c :87 :List_push) gay shit
DEBUG: (src/list.c :87 :List_push) gay shit
DEBUG: (src/list.c :87 :List_push) gay shit
DEBUG: (src/list.c :87 :List_push) gay shit
DEBUG: (src/list.c :87 :List_push) gay shit
DEBUG: (src/list.c :87 :List_push) gay shit
DEBUG: (src/list.c :87 :List_push) gay shit
DEBUG: (src/list.c :87 :List_push) gay shit
DEBUG: (src/list.c :87 :List_push) gay shit
DEBUG: (src/list.c :87 :List_push) gay shit
DEBUG: (src/list.c :87 :List_push) gay shit
DEBUG: (src/list.c :87 :List_push) gay shit
DEBUG: (src/list.c :87 :List_push) gay shit
DEBUG: (src/list.c :87 :List_push) gay shit
DEBUG: (src/list.c :87 :List_push) gay shit
DEBUG: (src/list.c :87 :List_push) gay shit
DEBUG: (src/list.c :87 :List_push) gay shit
DEBUG: (src/list.c :87 :List_push) gay shit
DEBUG: (src/list.c :87 :List_push) gay shit
DEBUG: (src/list.c :87 :List_push) gay shit
DEBUG: (src/list.c :87 :List_push) gay shit
DEBUG: (src/list.c :87 :List_push) gay shit
DEBUG: (src/list.c :87 :List_push) gay shit
DEBUG: (src/list.c :87 :List_push) gay shit
DEBUG: (src/list.c :87 :List_push) gay shit
DEBUG: (src/list.c :87 :List_push) gay shit
DEBUG: (src/list.c :87 :List_push) gay shit
DEBUG: (src/list.c :87 :List_push) gay shit
DEBUG: (src/list.c :87 :List_push) gay shit
DEBUG: (src/list.c :87 :List_push) gay shit
DEBUG: (src/list.c :87 :List_push) gay shit
DEBUG: (src/list.c :87 :List_push) gay shit
DEBUG: (src/list.c :87 :List_push) gay shit
DEBUG: (src/list.c :87 :List_push) gay shit
DEBUG: (src/list.c :87 :List_push) gay shit
DEBUG: (src/list.c :87 :List_push) gay shit
DEBUG: (src/list.c :87 :List_push) gay shit
DEBUG: (src/list.c :87 :List_push) gay shit
DEBUG: (src/list.c :87 :List_push) gay shit
DEBUG: (src/list.c :87 :List_push) gay shit
DEBUG: (src/list.c :87 :List_push) gay shit
DEBUG: (src/list.c :87 :List_push) gay shit
DEBUG: (src/list.c :87 :List_push) gay shit
DEBUG: (src/list.c :87 :List_push) gay shit
DEBUG: (src/list.c :87 :List_push) gay shit
DEBUG: (src/list.c :87 :List_push) gay shit
DEBUG: (src/list.c :87 :List_push) gay shit
DEBUG: (src/list.c :87 :List_push) gay shit
DEBUG: (src/list.c :87 :List_push) gay shit
DEBUG: (src/list.c :87 :List_push) gay shit
DEBUG: (src/list.c :87 :List_push) gay shit
DEBUG: (src/list.c :87 :List_push) gay shit
DEBUG: (src/list.c :87 :List_push) gay shit
DEBUG: (src/list.c :87 :List_push) gay shit
DEBUG: (src/list.c :87 :List_push) gay shit
DEBUG: (src/list.c :87 :List_push) gay shit
DEBUG: (src/list.c :87 :List_push) gay shit
DEBUG: (src/list.c :87 :List_push) gay shit
DEBUG: (src/list.c :87 :List_push) gay shit
DEBUG: (src/list.c :87 :List_push) gay shit
DEBUG: (src/list.c :87 :List_push) gay shit
DEBUG: (src/list.c :87 :List_push) gay shit
DEBUG: (src/list.c :87 :List_push) gay shit
DEBUG: (src/list.c :87 :List_push) gay shit
DEBUG: (src/list.c :87 :List_push) gay shit
DEBUG: (src/list.c :87 :List_push) gay shit
DEBUG: (src/list.c :87 :List_push) gay shit
DEBUG: (src/list.c :87 :List_push) gay shit
DEBUG: (src/list.c :87 :List_push) gay shit
DEBUG: (src/list.c :87 :List_push) gay shit
DEBUG: (src/list.c :87 :List_push) gay shit
DEBUG: (src/list.c :87 :List_push) gay shit
DEBUG: (src/list.c :87 :List_push) gay shit
DEBUG: (src/list.c :87 :List_push) gay shit
DEBUG: (src/list.c :87 :List_push) gay shit
DEBUG: (src/list.c :87 :List_push) gay shit
DEBUG: (src/list.c :87 :List_push) gay shit
DEBUG: (src/list.c :87 :List_push) gay shit
DEBUG: (src/list.c :87 :List_push) gay shit
DEBUG: (src/list.c :87 :List_push) gay shit
DEBUG: (src/list.c :87 :List_push) gay shit
DEBUG: (src/list.c :87 :List_push) gay shit
DEBUG: (src/list.c :87 :List_push) gay shit
DEBUG: (src/list.c :87 :List_push) gay shit
DEBUG: (src/list.c :87 :List_push) gay shit
DEBUG: (src/list.c :87 :List_push) gay shit
DEBUG: (src/list.c :87 :List_push) gay shit
DEBUG: (src/list.c :87 :List_push) gay shit
DEBUG: (src/list.c :87 :List_push) gay shit
DEBUG: (src/list.c :87 :List_push) gay shit
DEBUG: (src/list.c :87 :List_push) gay shit
DEBUG: (src/list.c :87 :List_push) gay shit
DEBUG: (src/list.c :87 :List_push) gay shit
DEBUG: (src/list.c :87 :List_push) gay shit
DEBUG: (src/list.c :87 :List_push) gay shit
DEBUG: (src/list.c :87 :List_push) gay shit
DEBUG: (src/list.c :87 :List_push) gay shit
DEBUG: (src/list.c :87 :List_push) gay shit
DEBUG: (src/list.c :87 :List_push) gay shit
DEBUG: (src/list.c :87 :List_push) gay shit
DEBUG: (src/list.c :87 :List_push) gay shit
DEBUG: (src/list.c :87 :List_push) gay shit
DEBUG: (src/list.c :87 :List_push) gay shit
DEBUG: (src/list.c :87 :List_push) gay shit
DEBUG: (src/list.c :87 :List_push) gay shit
DEBUG: (src/list.c :87 :List_push) gay shit
DEBUG: (src/list.c :87 :List_push) gay shit
DEBUG: (src/list.c :87 :List_push) gay shit
DEBUG: (src/list.c :87 :List_push) gay shit
DEBUG: (src/list.c :87 :List_push) gay shit
DEBUG: (src/list.c :87 :List_push) gay shit
DEBUG: (src/list.c :87 :List_push) gay shit
DEBUG: (src/list.c :87 :List_push) gay shit
DEBUG: (src/list.c :87 :List_push) gay shit
DEBUG: (src/list.c :87 :List_push) gay shit
DEBUG: (src/list.c :87 :List_push) gay shit
DEBUG: (src/list.c :87 :List_push) gay shit
DEBUG: (src/list.c :87 :List_push) gay shit
DEBUG: (src/list.c :87 :List_push) gay shit
DEBUG: (src/list.c :87 :List_push) gay shit
DEBUG: (src/list.c :87 :List_push) gay shit
DEBUG: (src/list.c :87 :List_push) gay shit
DEBUG: (src/list.c :87 :List_push) gay shit
DEBUG: (src/list.c :87 :List_push) gay shit
DEBUG: (src/list.c :87 :List_push) gay shit
DEBUG: (src/list.c :87 :List_push) gay shit
DEBUG: (src/list.c :87 :List_push) gay shit
DEBUG: (src/list.c :87 :List_push) gay shit
DEBUG: (src/list.c :87 :List_push) gay shit
DEBUG: (src/list.c :87 :List_push) gay shit
DEBUG: (src/list.c :87 :List_push) gay shit
DEBUG: (src/list.c :87 :List_push) gay shit
DEBUG: (src/list.c :87 :List_push) gay shit
DEBUG: (src/list.c :87 :List_push) gay shit
DEBUG: (src/list.c :87 :List_push) gay shit
DEBUG: (src/list.c :87 :List_push) gay shit
DEBUG: (src/list.c :87 :List_push) gay shit
DEBUG: (src/list.c :87 :List_push) gay shit
DEBUG: (src/list.c :87 :List_push) gay shit
DEBUG: (src/list.c :87 :List_push) gay shit
DEBUG: (src/list.c :87 :List_push) gay shit
DEBUG: (src/list.c :87 :List_push) gay shit
DEBUG: (src/list.c :87 :List_push) gay shit
DEBUG: (src/list.c :87 :List_push) gay shit
DEBUG: (src/list.c :87 :List_push) gay shit
DEBUG: (src/list.c :87 :List_push) gay shit
DEBUG: (src/list.c :87 :List_push) gay shit
DEBUG: (src/list.c :87 :List_push) gay shit
DEBUG: (src/list.c :87 :List_push) gay shit
DEBUG: (src/list.c :87 :List_push) gay shit
DEBUG: (src/list.c :87 :List_push) gay shit
DEBUG: (src/list.c :87 :List_push) gay shit
DEBUG: (src/list.c :87 :List_push) gay shit
DEBUG: (src/list.c :87 :List_push) gay shit
DEBUG: (src/list.c :87 :List_push) gay shit
DEBUG: (src/list.c :87 :List_push) gay shit
DEBUG: (src/list.c :87 :List_push) gay shit
DEBUG: (src/list.c :87 :List_push) gay shit
DEBUG: (src/list.c :87 :List_push) gay shit
DEBUG: (src/list.c :87 :List_push) gay shit
DEBUG: (src/list.c :87 :List_push) gay shit
DEBUG: (src/list.c :87 :List_push) gay shit
DEBUG: (src/list.c :87 :List_push) gay shit
DEBUG: (src/list.c :87 :List_push) gay shit
DEBUG: (src/list.c :87 :List_push) gay shit
DEBUG: (src/list.c :87 :List_push) gay shit
DEBUG: (src/list.c :87 :List_push) gay shit
DEBUG: (src/list.c :87 :List_push) gay shit
DEBUG: (src/list.c :87 :List_push) gay shit
DEBUG: (src/list.c :87 :List_push) gay shit
DEBUG: (src/list.c :87 :List_push) gay shit
DEBUG: (src/list.c :87 :List_push) gay shit
DEBUG: (src/list.c :87 :List_push) gay shit
DEBUG: (src/list.c :87 :List_push) gay shit
DEBUG: (src/list.c :87 :List_push) gay shit
DEBUG: (src/list.c :87 :List_push) gay shit
DEBUG: (src/list.c :87 :List_push) gay shit
DEBUG: (src/list.c :87 :List_push) gay shit
DEBUG: (src/list.c :87 :List_push) gay shit
DEBUG: (src/list.c :87 :List_push) gay shit
DEBUG: (src/list.c :87 :List_push) gay shit
DEBUG: (src/list.c :87 :List_push) gay shit
DEBUG: (src/list.c :87 :List_push) gay shit
DEBUG: (src/list.c :87 :List_push) gay shit
DEBUG: (src/list.c :87 :List_push) gay shit
DEBUG: (src/list.c :87 :List_push) gay shit
DEBUG: (src/list.c :87 :List_push) gay shit
DEBUG: (src/list.c :87 :List_push) gay shit
DEBUG: (src/list.c :87 :List_push) gay shit
DEBUG: (src/list.c :87 :List_push) gay shit
DEBUG: (src/list.c :87 :List_push) gay shit
DEBUG: (src/list.c :87 :List_push) gay shit
DEBUG: (src/list.c :87 :List_push) gay shit
DEBUG: (src/list.c :87 :List_push) gay shit
DEBUG: (src/list.c :87 :List_push) gay shit
DEBUG: (src/list.c :87 :List_push) gay shit
DEBUG: (src/list.c :87 :List_push) gay shit
DEBUG: (src/list.c :87 :List_push) gay shit
DEBUG: (src/list.c :87 :List_push) gay shit
DEBUG: (src/list.c :87 :List_push) gay shit
DEBUG: (src/list.c :87 :List_push) gay shit
DEBUG: (src/list.c :87 :List_push) gay shit
DEBUG: (src/list.c :87 :List_push) gay shit
DEBUG: (src/list.c :87 :List_push) gay shit
DEBUG: (src/list.c :87 :List_push) gay shit
DEBUG: (src/list.c :87 :List_push) gay shit
DEBUG: (src/list.c :87 :List_push) gay shit
DEBUG: (src/list.c :87 :List_push) gay shit
DEBUG: (src/list.c :87 :List_push) gay shit
DEBUG: (src/list.c :87 :List_push) gay shit
DEBUG: (src/list.c :87 :List_push) gay shit
DEBUG: (src/list.c :87 :List_push) gay shit
DEBUG: (src/list.c :87 :List_push) gay shit
DEBUG: (src/list.c :87 :List_push) gay shit
DEBUG: (src/list.c :87 :List_push) gay shit
DEBUG: (src/list.c :87 :List_push) gay shit
DEBUG: (src/list.c :87 :List_push) gay shit
DEBUG: (src/list.c :87 :List_push) gay shit
DEBUG: (src/list.c :87 :List_push) gay shit
DEBUG: (src/list.c :87 :List_push) gay shit
DEBUG: (src/list.c :87 :List_push) gay shit
DEBUG: (src/list.c :87 :List_push) gay shit
DEBUG: (src/list.c :87 :List_push) gay shit
DEBUG: (src/list.c :87 :List_push) gay shit
DEBUG: (src/list.c :87 :List_push) gay shit
DEBUG: (src/list.c :87 :List_push) gay shit
DEBUG: (src/list.c :87 :List_push) gay shit
DEBUG: (src/list.c :87 :List_push) gay shit
DEBUG: (src/list.c :87 :List_push) gay shit
DEBUG: (src/list.c :87 :List_push) gay shit
DEBUG: (src/list.c :87 :List_push) gay shit
DEBUG: (src/list.c :87 :List_push) gay shit
DEBUG: (src/list.c :87 :List_push) gay shit
DEBUG: (src/list.c :87 :List_push) gay shit
DEBUG: (src/list.c :87 :List_push) gay shit
DEBUG: (src/list.c :87 :List_push) gay shit
DEBUG: (src/list.c :87 :List_push) gay shit
DEBUG: (src/list.c :87 :List_push) gay shit
DEBUG: (src/list.c :87 :List_push) gay shit
DEBUG: (src/list.c :87 :List_push) gay shit
DEBUG: (src/list.c :87 :List_push) gay shit
DEBUG: (src/list.c :87 :List_push) gay shit
DEBUG: (src/list.c :87 :List_push) gay shit
DEBUG: (src/list.c :87 :List_push) gay shit
DEBUG: (src/list.c :87 :List_push) gay shit
DEBUG: (src/list.c :87 :List_push) gay shit
DEBUG: (src/list.c :87 :List_push) gay shit
DEBUG: (src/list.c :87 :List_push) gay shit
DEBUG: (src/list.c :87 :List_push) gay shit
DEBUG: (src/list.c :87 :List_push) gay shit
DEBUG: (src/list.c :87 :List_push) gay shit
DEBUG: (src/list.c :87 :List_push) gay shit
DEBUG: (src/list.c :87 :List_push) gay shit
DEBUG: (src/list.c :87 :List_push) gay shit
DEBUG: (src/list.c :87 :List_push) gay shit
DEBUG: (src/list.c :87 :List_push) gay shit
DEBUG: (src/list.c :87 :List_push) gay shit
DEBUG: (src/list.c :87 :List_push) gay shit
DEBUG: (src/list.c :87 :List_push) gay shit
DEBUG: (src/list.c :87 :List_push) gay shit
DEBUG: (src/list.c :87 :List_push) gay shit
DEBUG: (src/list.c :87 :List_push) gay shit
DEBUG: (src/list.c :87 :List_push) gay shit
DEBUG: (src/list.c :87 :List_push) gay shit
DEBUG: (src/list.c :87 :List_push) gay shit
DEBUG: (src/list.c :87 :List_push) gay shit
DEBUG: (src/list.c :87 :List_push) gay shit
DEBUG: (src/list.c :87 :List_push) gay shit
DEBUG: (src/list.c :87 :List_push) gay shit
DEBUG: (src/list.c :87 :List_push) gay shit
DEBUG: (src/list.c :87 :List_push) gay shit
DEBUG: (src/list.c :87 :List_push) gay shit
DEBUG: (src/list.c :87 :List_push) gay shit
DEBUG: (src/list.c :87 :List_push) gay shit
DEBUG: (src/list.c :87 :List_push) gay shit
DEBUG: (src/list.c :87 :List_push) gay shit
DEBUG: (src/list.c :87 :List_push) gay shit
DEBUG: (src/list.c :87 :List_push) gay shit
DEBUG: (src/list.c :87 :List_push) gay shit
DEBUG: (src/list.c :87 :List_push) gay shit
DEBUG: (src/list.c :87 :List_push) gay shit
DEBUG: (src/list.c :87 :List_push) gay shit
DEBUG: (src/list.c :87 :List_push) gay shit
DEBUG: (src/list.c :87 :List_push) gay shit
DEBUG: (src/list.c :87 :List_push) gay shit
DEBUG: (src/list.c :87 :List_push) gay shit
DEBUG: (src/list.c :87 :List_push) gay shit
DEBUG: (src/list.c :87 :List_push) gay shit
DEBUG: (src/list.c :87 :List_push) gay shit
DEBUG: (src/list.c :87 :List_push) gay shit
DEBUG: (src/list.c :87 :List_push) gay shit
DEBUG: (src/list.c :87 :List_push) gay shit
DEBUG: (src/list.c :87 :List_push) gay shit
DEBUG: (src/list.c :87 :List_push) gay shit
DEBUG: (src/list.c :87 :List_push) gay shit
DEBUG: (src/list.c :87 :List_push) gay shit
DEBUG: (src/list.c :87 :List_push) gay shit
DEBUG: (src/list.c :87 :List_push) gay shit
DEBUG: (src/list.c :87 :List_push) gay shit
DEBUG: (src/list.c :87 :List_push) gay shit
DEBUG: (src/list.c :87 :List_push) gay shit
DEBUG: (src/list.c :87 :List_push) gay shit
DEBUG: (src/list.c :87 :List_push) gay shit
DEBUG: (src/list.c :87 :List_push) gay shit
DEBUG: (src/list.c :87 :List_push) gay shit
DEBUG: (src/list.c :87 :List_push) gay shit
DEBUG: (src/list.c :87 :List_push) gay shit
DEBUG: (src/list.c :87 :List_push) gay shit
DEBUG: (src/list.c :87 :List_push) gay shit
DEBUG: (src/list.c :87 :List_push) gay shit
DEBUG: (src/list.c :87 :List_push) gay shit
DEBUG: (src/list.c :87 :List_push) gay shit
DEBUG: (src/list.c :87 :List_push) gay shit
DEBUG: (src/list.c :87 :List_push) gay shit
DEBUG: (src/list.c :87 :List_push) gay shit
DEBUG: (src/list.c :87 :List_push) gay shit
DEBUG: (src/list.c :87 :List_push) gay shit
DEBUG: (src/list.c :87 :List_push) gay shit
DEBUG: (src/list.c :87 :List_push) gay shit
DEBUG: (src/list.c :87 :List_push) gay shit
DEBUG: (src/list.c :87 :List_push) gay shit
DEBUG: (src/list.c :87 :List_push) gay shit
DEBUG: (src/list.c :87 :List_push) gay shit
DEBUG: (src/list.c :87 :List_push) gay shit
DEBUG: (src/list.c :87 :List_push) gay shit
DEBUG: (src/list.c :87 :List_push) gay shit
DEBUG: (src/list.c :87 :List_push) gay shit
DEBUG: (src/list.c :87 :List_push) gay shit
DEBUG: (src/list.c :87 :List_push) gay shit
DEBUG: (src/list.c :87 :List_push) gay shit
DEBUG: (src/list.c :87 :List_push) gay shit
DEBUG: (src/list.c :87 :List_push) gay shit
DEBUG: (src/list.c :87 :List_push) gay shit
DEBUG: (src/list.c :87 :List_push) gay shit
DEBUG: (src/list.c :87 :List_push) gay shit
DEBUG: (src/list.c :87 :List_push) gay shit
DEBUG: (src/list.c :87 :List_push) gay shit
DEBUG: (src/list.c :87 :List_push) gay shit
DEBUG: (src/list.c :87 :List_push) gay shit
DEBUG: (src/list.c :87 :List_push) gay shit
DEBUG: (src/list.c :87 :List_push) gay shit
DEBUG: (src/list.c :87 :List_push) gay shit
DEBUG: (src/list.c :87 :List_push) gay shit
DEBUG: (src/list.c :87 :List_push) gay shit
DEBUG: (src/list.c :87 :List_push) gay shit
DEBUG: (src/list.c :87 :List_push) gay shit
DEBUG: (src/list.c :87 :List_push) gay shit
DEBUG: (src/list.c :87 :List_push) gay shit
DEBUG: (src/list.c :87 :List_push) gay shit
DEBUG: (src/list.c :87 :List_push) gay shit
DEBUG: (src/list.c :87 :List_push) gay shit
DEBUG: (src/list.c :87 :List_push) gay shit
DEBUG: (src/list.c :87 :List_push) gay shit
DEBUG: (src/list.c :87 :List_push) gay shit
DEBUG: (src/list.c :87 :List_push) gay shit
DEBUG: (src/list.c :87 :List_push) gay shit
DEBUG: (src/list.c :87 :List_push) gay shit
DEBUG: (src/list.c :87 :List_push) gay shit
DEBUG: (src/list.c :87 :List_push) gay shit
DEBUG: (src/list.c :87 :List_push) gay shit
DEBUG: (src/list.c :87 :List_push) gay shit
DEBUG: (src/list.c :87 :List_push) gay shit
DEBUG: (src/list.c :87 :List_push) gay shit
DEBUG: (src/list.c :87 :List_push) gay shit
DEBUG: (src/list.c :87 :List_push) gay shit
DEBUG: (src/list.c :87 :List_push) gay shit
DEBUG: (src/list.c :87 :List_push) gay shit
DEBUG: (src/list.c :87 :List_push) gay shit
DEBUG: (src/list.c :87 :List_push) gay shit
DEBUG: (src/list.c :87 :List_push) gay shit
DEBUG: (src/list.c :87 :List_push) gay shit
DEBUG: (src/list.c :87 :List_push) gay shit
DEBUG: (src/list.c :87 :List_push) gay shit
DEBUG: (src/list.c :87 :List_push) gay shit
DEBUG: (src/list.c :87 :List_push) gay shit
DEBUG: (src/list.c :87 :List_push) gay shit
DEBUG: (src/list.c :87 :List_push) gay shit
DEBUG: (src/list.c :87 :List_push) gay shit
DEBUG: (src/list.c :87 :List_push) gay shit
DEBUG: (src/list.c :87 :List_push) gay shit
DEBUG: (src/list.c :87 :List_push) gay shit
DEBUG: (src/list.c :87 :List_push) gay shit
DEBUG: (src/list.c :87 :List_push) gay shit
DEBUG: (src/list.c :87 :List_push) gay shit
DEBUG: (src/list.c :87 :List_push) gay shit
DEBUG: (src/list.c :87 :List_push) gay shit
DEBUG: (src/list.c :87 :List_push) gay shit
DEBUG: (src/list.c :87 :List_push) gay shit
DEBUG: (src/list.c :87 :List_push) gay shit
DEBUG: (src/list.c :87 :List_push) gay shit
DEBUG: (src/list.c :87 :List_push) gay shit
DEBUG: (src/list.c :87 :List_push) gay shit
DEBUG: (src/list.c :87 :List_push) gay shit
DEBUG: (src/list.c :87 :List_push) gay shit
DEBUG: (src/list.c :87 :List_push) gay shit
DEBUG: (src/list.c :87 :List_push) gay shit
DEBUG: (src/list.c :87 :List_push) gay shit
DEBUG: (src/list.c :87 :List_push) gay shit
DEBUG: (src/list.c :87 :List_push) gay shit
DEBUG: (src/list.c :87 :List_push) gay shit
DEBUG: (src/list.c :87 :List_push) gay shit
DEBUG: (src/list.c :87 :List_push) gay shit
DEBUG: (src/list.c :87 :List_push) gay shit
DEBUG: (src/list.c :87 :List_push) gay shit
DEBUG: (src/list.c :87 :List_push) gay shit
DEBUG: (src/list.c :87 :List_push) gay shit
DEBUG: (src/list.c :87 :List_push) gay shit
DEBUG: (src/list.c :87 :List_push) gay shit
DEBUG: (src/list.c :87 :List_push) gay shit
DEBUG: (src/list.c :87 :List_push) gay shit
DEBUG: (src/list.c :87 :List_push) gay shit
DEBUG: (src/list.c :87 :List_push) gay shit
DEBUG: (src/list.c :87 :List_push) gay shit
DEBUG: (src/list.c :87 :List_push) gay shit
DEBUG: (src/list.c :87 :List_push) gay shit
DEBUG: (src/list.c :87 :List_push) gay shit
DEBUG: (src/list.c :87 :List_push) gay shit
DEBUG: (src/list.c :87 :List_push) gay shit
DEBUG: (src/list.c :87 :List_push) gay shit
DEBUG: (src/list.c :87 :List_push) gay shit
DEBUG: (src/list.c :87 :List_push) gay shit
DEBUG: (src/list.c :87 :List_push) gay shit
DEBUG: (src/list.c :87 :List_push) gay shit
DEBUG: (src/list.c :87 :List_push) gay shit
DEBUG: (src/list.c :87 :List_push) gay shit
DEBUG: (src/list.c :87 :List_push) gay shit
DEBUG: (src/list.c :87 :List_push) gay shit
DEBUG: (src/list.c :87 :List_push) gay shit
DEBUG: (src/list.c :87 :List_push) gay shit
DEBUG: (src/list.c :87 :List_push) gay shit
DEBUG: (src/list.c :87 :List_push) gay shit
DEBUG: (src/list.c :87 :List_push) gay shit
DEBUG: (src/list.c :87 :List_push) gay shit
DEBUG: (src/list.c :87 :List_push) gay shit
DEBUG: (src/list.c :87 :List_push) gay shit
DEBUG: (src/list.c :87 :List_push) gay shit
DEBUG: (src/list.c :87 :List_push) gay shit
DEBUG: (src/list.c :87 :List_push) gay shit
DEBUG: (src/list.c :87 :List_push) gay shit
DEBUG: (src/list.c :87 :List_push) gay shit
DEBUG: (src/list.c :87 :List_push) gay shit
DEBUG: (src/list.c :87 :List_push) gay shit
DEBUG: (src/list.c :87 :List_push) gay shit
DEBUG: (src/list.c :87 :List_push) gay shit
DEBUG: (src/list.c :87 :List_push) gay shit
DEBUG: (src/list.c :87 :List_push) gay shit
DEBUG: (src/list.c :87 :List_push) gay shit
DEBUG: (src/list.c :87 :List_push) gay shit
DEBUG: (src/list.c :87 :List_push) gay shit
DEBUG: (src/list.c :87 :List_push) gay shit
DEBUG: (src/list.c :87 :List_push) gay shit
DEBUG: (src/list.c :87 :List_push) gay shit
DEBUG: (src/list.c :87 :List_push) gay shit
DEBUG: (src/list.c :87 :List_push) gay shit
DEBUG: (src/list.c :87 :List_push) gay shit
DEBUG: (src/list.c :87 :List_push) gay shit
DEBUG: (src/list.c :87 :List_push) gay shit
DEBUG: (src/list.c :87 :List_push) gay shit
DEBUG: (src/list.c :87 :List_push) gay shit
DEBUG: (src/list.c :87 :List_push) gay shit
DEBUG: (src/list.c :87 :List_push) gay shit
DEBUG: (src/list.c :87 :List_push) gay shit
DEBUG: (src/list.c :87 :List_push) gay shit
DEBUG: (src/list.c :87 :List_push) gay shit
DEBUG: (src/list.c :87 :List_push) gay shit
DEBUG: (src/list.c :87 :List_push) gay shit
DEBUG: (src/list.c :87 :List_push) gay shit
DEBUG: (src/list.c :87 :List_push) gay shit
DEBUG: (src/list.c :87 :List_push) gay shit
DEBUG: (src/list.c :87 :List_push) gay shit
DEBUG: (src/list.c :87 :List_push) gay shit
DEBUG: (src/list.c :87 :List_push) gay shit
DEBUG: (src/list.c :87 :List_push) gay shit
DEBUG: (src/list.c :87 :List_push) gay shit
DEBUG: (src/list.c :87 :List_push) gay shit
DEBUG: (src/list.c :87 :List_push) gay shit
DEBUG: (src/list.c :87 :List_push) gay shit
DEBUG: (src/list.c :87 :List_push) gay shit
DEBUG: (src/list.c :87 :List_push) gay shit
DEBUG: (src/list.c :87 :List_push) gay shit
DEBUG: (src/list.c :87 :List_push) gay shit
DEBUG: (src/list.c :87 :List_push) gay shit
DEBUG: (src/list.c :87 :List_push) gay shit
DEBUG: (src/list.c :87 :List_push) gay shit
DEBUG: (src/list.c :87 :List_push) gay shit
DEBUG: (src/list.c :87 :List_push) gay shit
DEBUG: (src/list.c :87 :List_push) gay shit
DEBUG: (src/list.c :87 :List_push) gay shit
DEBUG: (src/list.c :87 :List_push) gay shit
DEBUG: (src/list.c :87 :List_push) gay shit
DEBUG: (src/list.c :87 :List_push) gay shit
DEBUG: (src/list.c :87 :List_push) gay shit
DEBUG: (src/list.c :87 :List_push) gay shit
DEBUG: (src/list.c :87 :List_push) gay shit
DEBUG: (src/list.c :87 :List_push) gay shit
DEBUG: (src/list.c :87 :List_push) gay shit
DEBUG: (src/list.c :87 :List_push) gay shit
DEBUG: (src/list.c :87 :List_push) gay shit
DEBUG: (src/list.c :87 :List_push) gay shit
DEBUG: (src/list.c :87 :List_push) gay shit
DEBUG: (src/list.c :87 :List_push) gay shit
DEBUG: (src/list.c :87 :List_push) gay shit
DEBUG: (src/list.c :87 :List_push) gay shit
DEBUG: (src/list.c :87 :List_push) gay shit
DEBUG: (src/list.c :87 :List_push) gay shit
DEBUG: (src/list.c :87 :List_push) gay shit
DEBUG: (src/list.c :87 :List_push) gay shit
DEBUG: (src/list.c :87 :List_push) gay shit
DEBUG: (src/list.c :87 :List_push) gay shit
DEBUG: (src/list.c :87 :List_push) gay shit
DEBUG: (src/list.c :87 :List_push) gay shit
DEBUG: (src/list.c :87 :List_push) gay shit
DEBUG: (src/list.c :87 :List_push) gay shit
DEBUG: (src/list.c :87 :List_push) gay shit
DEBUG: (src/list.c :87 :List_push) gay shit
DEBUG: (src/list.c :87 :List_push) gay shit
DEBUG: (src/list.c :87 :List_push) gay shit
DEBUG: (src/list.c :87 :List_push) gay shit
DEBUG: (src/list.c :87 :List_push) gay shit
DEBUG: (src/list.c :87 :List_push) gay shit
DEBUG: (src/list.c :87 :List_push) gay shit
DEBUG: (src/list.c :87 :List_push) gay shit
DEBUG: (src/list.c :87 :List_push) gay shit
DEBUG: (src/list.c :87 :List_push) gay shit
DEBUG: (src/list.c :87 :List_push) gay shit
DEBUG: (src/list.c :87 :List_push) gay shit
DEBUG: (src/list.c :87 :List_push) gay shit
DEBUG: (src/list.c :87 :List_push) gay shit
DEBUG: (src/list.c :87 :List_push) gay shit
DEBUG: (src/list.c :87 :List_push) gay shit
DEBUG: (src/list.c :87 :List_push) gay shit
DEBUG: (src/list.c :87 :List_push) gay shit
DEBUG: (src/list.c :87 :List_push) gay shit
DEBUG: (src/list.c :87 :List_push) gay shit
DEBUG: (src/list.c :87 :List_push) gay shit
DEBUG: (src/list.c :87 :List_push) gay shit
DEBUG: (src/list.c :87 :List_push) gay shit
DEBUG: (src/list.c :87 :List_push) gay shit
DEBUG: (src/list.c :87 :List_push) gay shit
DEBUG: (src/list.c :87 :List_push) gay shit
DEBUG: (src/list.c :87 :List_push) gay shit
DEBUG: (src/list.c :87 :List_push) gay shit
DEBUG: (src/list.c :87 :List_push) gay shit
DEBUG: (src/list.c :87 :List_push) gay shit
DEBUG: (src/list.c :87 :List_push) gay shit
DEBUG: (src/list.c :87 :List_push) gay shit
DEBUG: (src/list.c :87 :List_push) gay shit
DEBUG: (src/list.c :87 :List_push) gay shit
DEBUG: (src/list.c :87 :List_push) gay shit
DEBUG: (src/list.c :87 :List_push) gay shit
DEBUG: (src/list.c :87 :List_push) gay shit
DEBUG: (src/list.c :87 :List_push) gay shit
DEBUG: (src/list.c :87 :List_push) gay shit
DEBUG: (src/list.c :87 :List_push) gay shit
DEBUG: (src/list.c :87 :List_push) gay shit
DEBUG: (src/list.c :87 :List_push) gay shit
DEBUG: (src/list.c :87 :List_push) gay shit
DEBUG: (src/list.c :87 :List_push) gay shit
DEBUG: (src/list.c :87 :List_push) gay shit
DEBUG: (src/list.c :87 :List_push) gay shit
DEBUG: (src/list.c :87 :List_push) gay shit
DEBUG: (src/list.c :87 :List_push) gay shit
DEBUG: (src/list.c :87 :List_push) gay shit
DEBUG: (src/list.c :87 :List_push) gay shit
DEBUG: (src/list.c :87 :List_push) gay shit
DEBUG: (src/list.c :87 :List_push) gay shit
DEBUG: (src/list.c :87 :List_push) gay shit
DEBUG: (src/list.c :87 :List_push) gay shit
DEBUG: (src/list.c :87 :List_push) gay shit
DEBUG: (src/list.c :87 :List_push) gay shit
DEBUG: (src/list.c :87 :List_push) gay shit
DEBUG: (src/list.c :87 :List_push) gay shit
DEBUG: (src/list.c :87 :List_push) gay shit
DEBUG: (src/list.c :87 :List_push) gay shit
DEBUG: (src/list.c :87 :List_push) gay shit
DEBUG: (src/list.c :87 :List_push) gay shit
DEBUG: (src/list.c :87 :List_push) gay shit
DEBUG: (src/list.c :87 :List_push) gay shit
DEBUG: (src/list.c :87 :List_push) gay shit
DEBUG: (src/list.c :87 :List_push) gay shit
DEBUG: (src/list.c :87 :List_push) gay shit
DEBUG: (src/list.c :87 :List_push) gay shit
DEBUG: (src/list.c :87 :List_push) gay shit
DEBUG: (src/list.c :87 :List_push) gay shit
DEBUG: (src/list.c :87 :List_push) gay shit
DEBUG: (src/list.c :87 :List_push) gay shit
DEBUG: (src/list.c :87 :List_push) gay shit
DEBUG: (src/list.c :87 :List_push) gay shit
DEBUG: (src/list.c :87 :List_push) gay shit
DEBUG: (src/list.c :87 :List_push) gay shit
DEBUG: (src/list.c :87 :List_push) gay shit
DEBUG: (src/list.c :87 :List_push) gay shit
DEBUG: (src/list.c :87 :List_push) gay shit
DEBUG: (src/list.c :87 :List_push) gay shit
DEBUG: (src/list.c :87 :List_push) gay shit
DEBUG: (src/list.c :87 :List_push) gay shit
DEBUG: (src/list.c :87 :List_push) gay shit
DEBUG: (src/list.c :87 :List_push) gay shit
DEBUG: (src/list.c :87 :List_push) gay shit
DEBUG: (src/list.c :87 :List_push) gay shit
DEBUG: (src/list.c :87 :List_push) gay shit
DEBUG: (src/list.c :87 :List_push) gay shit
DEBUG: (src/list.c :87 :List_push) gay shit
DEBUG: (src/list.c :87 :List_push) gay shit
DEBUG: (src/list.c :87 :List_push) gay shit
DEBUG: (src/list.c :87 :List_push) gay shit
DEBUG: (src/list.c :87 :List_push) gay shit
DEBUG: (src/list.c :87 :List_push) gay shit
DEBUG: (src/list.c :87 :List_push) gay shit
DEBUG: (src/list.c :87 :List_push) gay shit
DEBUG: (src/list.c :87 :List_push) gay shit
DEBUG: (src/list.c :87 :List_push) gay shit
DEBUG: (src/list.c :87 :List_push) gay shit
DEBUG: (src/list.c :87 :List_push) gay shit
DEBUG: (src/list.c :87 :List_push) gay shit
DEBUG: (src/list.c :87 :List_push) gay shit
DEBUG: (src/list.c :87 :List_push) gay shit
DEBUG: (src/list.c :87 :List_push) gay shit
DEBUG: (src/list.c :87 :List_push) gay shit
DEBUG: (src/list.c :87 :List_push) gay shit
DEBUG: (src/list.c :87 :List_push) gay shit
DEBUG: (src/list.c :87 :List_push) gay shit
DEBUG: (src/list.c :87 :List_push) gay shit
DEBUG: (src/list.c :87 :List_push) gay shit
DEBUG: (src/list.c :87 :List_push) gay shit
DEBUG: (src/list.c :87 :List_push) gay shit
DEBUG: (src/list.c :87 :List_push) gay shit
DEBUG: (src/list.c :87 :List_push) gay shit
DEBUG: (src/list.c :87 :List_push) gay shit
DEBUG: (src/list.c :87 :List_push) gay shit
DEBUG: (src/list.c :87 :List_push) gay shit
DEBUG: (src/list.c :87 :List_push) gay shit
DEBUG: (src/list.c :87 :List_push) gay shit
DEBUG: (src/list.c :87 :List_push) gay shit
DEBUG: (src/list.c :87 :List_push) gay shit
DEBUG: (src/list.c :87 :List_push) gay shit
DEBUG: (src/list.c :87 :List_push) gay shit
DEBUG: (src/list.c :87 :List_push) gay shit
DEBUG: (src/list.c :87 :List_push) gay shit
DEBUG: (src/list.c :87 :List_push) gay shit
DEBUG: (src/list.c :87 :List_push) gay shit
DEBUG: (src/list.c :87 :List_push) gay shit
DEBUG: (src/list.c :87 :List_push) gay shit
DEBUG: (src/list.c :87 :List_push) gay shit
DEBUG: (src/list.c :87 :List_push) gay shit
DEBUG: (src/list.c :87 :List_push) gay shit
DEBUG: (src/list.c :87 :List_push) gay shit
DEBUG: (src/list.c :87 :List_push) gay shit
DEBUG: (src/list.c :87 :List_push) gay shit
DEBUG: (src/list.c :87 :List_push) gay shit
DEBUG: (src/list.c :87 :List_push) gay shit
DEBUG: (src/list.c :87 :List_push) gay shit
DEBUG: (src/list.c :87 :List_push) gay shit
DEBUG: (src/list.c :87 :List_push) gay shit
DEBUG: (src/list.c :87 :List_push) gay shit
DEBUG: (src/list.c :87 :List_push) gay shit
DEBUG: (src/list.c :87 :List_push) gay shit
DEBUG: (src/list.c :87 :List_push) gay shit
DEBUG: (src/list.c :87 :List_push) gay shit
DEBUG: (src/list.c :87 :List_push) gay shit
DEBUG: (src/list.c :87 :List_push) gay shit
DEBUG: (src/list.c :87 :List_push) gay shit
DEBUG: (src/list.c :87 :List_push) gay shit
DEBUG: (src/list.c :87 :List_push) gay shit
DEBUG: (src/list.c :87 :List_push) gay shit
DEBUG: (src/list.c :87 :List_push) gay shit
DEBUG: (src/list.c :87 :List_push) gay shit
DEBUG: (src/list.c :87 :List_push) gay shit
DEBUG: (src/list.c :87 :List_push) gay shit
DEBUG: (src/list.c :87 :List_push) gay shit
DEBUG: (src/list.c :87 :List_push) gay shit
DEBUG: (src/list.c :87 :List_push) gay shit
DEBUG: (src/list.c :87 :List_push) gay shit
DEBUG: (src/list.c :87 :List_push) gay shit
DEBUG: (src/list.c :87 :List_push) gay shit
DEBUG: (src/list.c :87 :List_push) gay shit
DEBUG: (src/list.c :87 :List_push) gay shit
DEBUG: (src/list.c :87 :List_push) gay shit
DEBUG: (src/list.c :87 :List_push) gay shit
DEBUG: (src/list.c :87 :List_push) gay shit
DEBUG: (src/list.c :87 :List_push) gay shit
DEBUG: (src/list.c :87 :List_push) gay shit
DEBUG: (src/list.c :87 :List_push) gay shit
DEBUG: (src/list.c :87 :List_push) gay shit
DEBUG: (src/list.c :87 :List_push) gay shit
DEBUG: (src/list.c :87 :List_push) gay shit
DEBUG: (src/list.c :87 :List_push) gay shit
DEBUG: (src/list.c :87 :List_push) gay shit
DEBUG: (src/list.c :87 :List_push) gay shit
DEBUG: (src/list.c :87 :List_push) gay shit
DEBUG: (src/list.c :87 :List_push) gay shit
DEBUG: (src/list.c :87 :List_push) gay shit
DEBUG: (src/list.c :87 :List_push) gay shit
DEBUG: (src/list.c :87 :List_push) gay shit
DEBUG: (src/list.c :87 :List_push) gay shit
DEBUG: (src/list.c :87 :List_push) gay shit
DEBUG: (src/list.c :87 :List_push) gay shit
DEBUG: (src/list.c :87 :List_push) gay shit
DEBUG: (src/list.c :87 :List_push) gay shit
DEBUG: (src/list.c :87 :List_push) gay shit
DEBUG: (src/list.c :87 :List_push) gay shit
DEBUG: (src/list.c :87 :List_push) gay shit
DEBUG: (src/list.c :87 :List_push) gay shit
DEBUG: (src/list.c :87 :List_push) gay shit
DEBUG: (src/list.c :87 :List_push) gay shit
DEBUG: (src/list.c :87 :List_push) gay shit
DEBUG: (src/list.c :87 :List_push) gay shit
DEBUG: (src/list.c :87 :List_push) gay shit
DEBUG: (src/list.c :87 :List_push) gay shit
DEBUG: (src/list.c :87 :List_push) gay shit
DEBUG: (src/list.c :87 :List_push) gay shit
DEBUG: (src/list.c :87 :List_push) gay shit
DEBUG: (src/list.c :87 :List_push) gay shit
DEBUG: (src/list.c :87 :List_push) gay shit
DEBUG: (src/list.c :87 :List_push) gay shit
DEBUG: (src/list.c :87 :List_push) gay shit
DEBUG: (src/list.c :87 :List_push) gay shit
DEBUG: (src/list.c :87 :List_push) gay shit
DEBUG: (src/list.c :87 :List_push) gay shit
DEBUG: (src/list.c :87 :List_push) gay shit
DEBUG: (src/list.c :87 :List_push) gay shit
DEBUG: (src/list.c :87 :List_push) gay shit
DEBUG: (src/list.c :87 :List_push) gay shit
DEBUG: (src/list.c :87 :List_push) gay shit
DEBUG: (src/list.c :87 :List_push) gay shit
DEBUG: (src/list.c :87 :List_push) gay shit
DEBUG: (src/list.c :87 :List_push) gay shit
DEBUG: (src/list.c :87 :List_push) gay shit
DEBUG: (src/list.c :87 :List_push) gay shit
DEBUG: (src/list.c :87 :List_push) gay shit
DEBUG: (src/list.c :87 :List_push) gay shit
DEBUG: (src/list.c :87 :List_push) gay shit
DEBUG: (src/list.c :87 :List_push) gay shit
DEBUG: (src/list.c :87 :List_push) gay shit
DEBUG: (src/list.c :87 :List_push) gay shit
DEBUG: (src/list.c :87 :List_push) gay shit
DEBUG: (src/list.c :87 :List_push) gay shit
DEBUG: (src/list.c :87 :List_push) gay shit
DEBUG: (src/list.c :87 :List_push) gay shit
DEBUG: (src/list.c :87 :List_push) gay shit
DEBUG: (src/list.c :87 :List_push) gay shit
DEBUG: (src/list.c :87 :List_push) gay shit
DEBUG: (src/list.c :87 :List_push) gay shit
DEBUG: (src/list.c :87 :List_push) gay shit
DEBUG: (src/list.c :87 :List_push) gay shit
DEBUG: (src/list.c :87 :List_push) gay shit
DEBUG: (src/list.c :87 :List_push) gay shit
DEBUG: (src/list.c :87 :List_push) gay shit
DEBUG: (src/list.c :87 :List_push) gay shit
DEBUG: (src/list.c :87 :List_push) gay shit
DEBUG: (src/list.c :87 :List_push) gay shit
DEBUG: (src/list.c :87 :List_push) gay shit
DEBUG: (src/list.c :87 :List_push) gay shit
DEBUG: (src/list.c :87 :List_push) gay shit
DEBUG: (src/list.c :87 :List_push) gay shit
DEBUG: (src/list.c :87 :List_push) gay shit
DEBUG: (src/list.c :87 :List_push) gay shit
DEBUG: (src/list.c :87 :List_push) gay shit
DEBUG: (src/list.c :87 :List_push) gay shit
DEBUG: (src/list.c :87 :List_push) gay shit
DEBUG: (src/list.c :87 :List_push) gay shit
DEBUG: (src/list.c :87 :List_push) gay shit
DEBUG: (src/list.c :87 :List_push) gay shit
DEBUG: (src/list.c :87 :List_push) gay shit
DEBUG: (src/list.c :87 :List_push) gay shit
DEBUG: (src/list.c :87 :List_push) gay shit
DEBUG: (src/list.c :87 :List_push) gay shit
DEBUG: (src/list.c :87 :List_push) gay shit
DEBUG: (src/list.c :87 :List_push) gay shit
DEBUG: (src/list.c :87 :List_push) gay shit
DEBUG: (src/list.c :87 :List_push) gay shit
DEBUG: (src/list.c :87 :List_push) gay shit
DEBUG: (src/list.c :87 :List_push) gay shit
DEBUG: (src/list.c :87 :List_push) gay shit
DEBUG: (src/list.c :87 :List_push) gay shit
DEBUG: (src/list.c :87 :List_push) gay shit
DEBUG: (src/list.c :87 :List_push) gay shit
DEBUG: (src/list.c :87 :List_push) gay shit
DEBUG: (src/list.c :87 :List_push) gay shit
DEBUG: (src/list.c :87 :List_push) gay shit
DEBUG: (src/list.c :87 :List_push) gay shit
DEBUG: (src/list.c :87 :List_push) gay shit
DEBUG: (src/list.c :87 :List_push) gay shit
DEBUG: (src/list.c :87 :List_push) gay shit
DEBUG: (src/list.c :87 :List_push) gay shit
DEBUG: (src/list.c :87 :List_push) gay shit
DEBUG: (src/list.c :87 :List_push) gay shit
DEBUG: (src/list.c :87 :List_push) gay shit
DEBUG: (src/list.c :87 :List_push) gay shit
DEBUG: (src/list.c :87 :List_push) gay shit
DEBUG: (src/list.c :87 :List_push) gay shit
DEBUG: (src/list.c :87 :List_push) gay shit
DEBUG: (src/list.c :87 :List_push) gay shit
DEBUG: (src/list.c :87 :List_push) gay shit
DEBUG: (src/list.c :87 :List_push) gay shit
DEBUG: (src/list.c :87 :List_push) gay shit
DEBUG: (src/list.c :87 :List_push) gay shit
DEBUG: (src/list.c :87 :List_push) gay shit
DEBUG: (src/list.c :87 :List_push) gay shit
DEBUG: (src/list.c :87 :List_push) gay shit
DEBUG: (src/list.c :87 :List_push) gay shit
DEBUG: (src/list.c :87 :List_push) gay shit
DEBUG: (src/list.c :87 :List_push) gay shit
DEBUG: (src/list.c :87 :List_push) gay shit
DEBUG: (src/list.c :87 :List_push) gay shit
DEBUG: (src/list.c :87 :List_push) gay shit
DEBUG: (src/list.c :87 :List_push) gay shit
DEBUG: (src/list.c :87 :List_push) gay shit
DEBUG: (src/list.c :87 :List_push) gay shit
DEBUG: (src/list.c :87 :List_push) gay shit
DEBUG: (src/list.c :87 :List_push) gay shit
DEBUG: (src/list.c :87 :List_push) gay shit
DEBUG: (src/list.c :87 :List_push) gay shit
DEBUG: (src/list.c :87 :List_push) gay shit
DEBUG: (src/list.c :87 :List_push) gay shit
DEBUG: (src/list.c :87 :List_push) gay shit
DEBUG: (src/list.c :87 :List_push) gay shit
DEBUG: (src/list.c :87 :List_push) gay shit
DEBUG: (src/list.c :87 :List_push) gay shit
DEBUG: (src/list.c :87 :List_push) gay shit
DEBUG: (src/list.c :87 :List_push) gay shit
DEBUG: (src/list.c :87 :List_push) gay shit
DEBUG: (src/list.c :87 :List_push) gay shit
DEBUG: (src/list.c :87 :List_push) gay shit
DEBUG: (src/list.c :87 :List_push) gay shit
DEBUG: (src/list.c :87 :List_push) gay shit
DEBUG: (src/list.c :87 :List_push) gay shit
DEBUG: (src/list.c :87 :List_push) gay shit
DEBUG: (src/list.c :87 :List_push) gay shit
DEBUG: (src/list.c :87 :List_push) gay shit
DEBUG: (src/list.c :87 :List_push) gay shit
DEBUG: (src/list.c :87 :List_push) gay shit
DEBUG: (src/list.c :87 :List_push) gay shit
DEBUG: (src/list.c :87 :List_push) gay shit
DEBUG: (src/list.c :87 :List_push) gay shit
DEBUG: (src/list.c :87 :List_push) gay shit
DEBUG: (src/list.c :87 :List_push) gay shit
DEBUG: (src/list.c :87 :List_push) gay shit
DEBUG: (src/list.c :87 :List_push) gay shit
DEBUG: (src/list.c :87 :List_push) gay shit
DEBUG: (src/list.c :87 :List_push) gay shit
DEBUG: (src/list.c :87 :List_push) gay shit
DEBUG: (src/list.c :87 :List_push) gay shit
DEBUG: (src/list.c :87 :List_push) gay shit
DEBUG: (src/list.c :87 :List_push) gay shit
DEBUG: (src/list.c :87 :List_push) gay shit
DEBUG: (src/list.c :87 :List_push) gay shit
DEBUG: (src/list.c :87 :List_push) gay shit
DEBUG: (src/list.c :87 :List_push) gay shit
DEBUG: (src/list.c :87 :List_push) gay shit
DEBUG: (src/list.c :87 :List_push) gay shit
DEBUG: (src/list.c :87 :List_push) gay shit
DEBUG: (src/list.c :87 :List_push) gay shit
DEBUG: (src/list.c :87 :List_push) gay shit
DEBUG: (src/list.c :87 :List_push) gay shit
DEBUG: (src/list.c :87 :List_push) gay shit
DEBUG: (src/list.c :87 :List_push) gay shit
DEBUG: (src/list.c :87 :List_push) gay shit
DEBUG: (src/list.c :87 :List_push) gay shit
DEBUG: (src/list.c :87 :List_push) gay shit
DEBUG: (src/list.c :87 :List_push) gay shit
DEBUG: (src/list.c :87 :List_push) gay shit
DEBUG: (src/list.c :87 :List_push) gay shit
DEBUG: (src/list.c :87 :List_push) gay shit
DEBUG: (src/list.c :87 :List_push) gay shit
DEBUG: (src/list.c :87 :List_push) gay shit
DEBUG: (src/list.c :87 :List_push) gay shit
DEBUG: (src/list.c :87 :List_push) gay shit
DEBUG: (src/list.c :87 :List_push) gay shit
DEBUG: (src/list.c :87 :List_push) gay shit
DEBUG: (src/list.c :87 :List_push) gay shit
DEBUG: (src/list.c :87 :List_push) gay shit
DEBUG: (src/list.c :87 :List_push) gay shit
DEBUG: (src/list.c :87 :List_push) gay shit
DEBUG: (src/list.c :87 :List_push) gay shit
DEBUG: (src/list.c :87 :List_push) gay shit
DEBUG: (src/list.c :87 :List_push) gay shit
DEBUG: (src/list.c :87 :List_push) gay shit
DEBUG: (src/list.c :87 :List_push) gay shit
DEBUG: (src/list.c :87 :List_push) gay shit
DEBUG: (src/list.c :87 :List_push) gay shit
DEBUG: (src/list.c :87 :List_push) gay shit
DEBUG: (src/list.c :87 :List_push) gay shit
DEBUG: (src/list.c :87 :List_push) gay shit
DEBUG: (src/list.c :87 :List_push) gay shit
DEBUG: (src/list.c :87 :List_push) gay shit
DEBUG: (src/list.c :87 :List_push) gay shit
DEBUG: (src/list.c :87 :List_push) gay shit
DEBUG: (src/list.c :87 :List_push) gay shit
DEBUG: (src/list.c :87 :List_push) gay shit
DEBUG: (src/list.c :87 :List_push) gay shit
DEBUG: (src/list.c :87 :List_push) gay shit
DEBUG: (src/list.c :87 :List_push) gay shit
DEBUG: (src/list.c :87 :List_push) gay shit
DEBUG: (src/list.c :87 :List_push) gay shit
DEBUG: (src/list.c :87 :List_push) gay shit
DEBUG: (src/list.c :87 :List_push) gay shit
DEBUG: (src/list.c :87 :List_push) gay shit
DEBUG: (src/list.c :87 :List_push) gay shit
DEBUG: (src/list.c :87 :List_push) gay shit
DEBUG: (src/list.c :87 :List_push) gay shit
DEBUG: (src/list.c :87 :List_push) gay shit
DEBUG: (src/list.c :87 :List_push) gay shit
DEBUG: (src/list.c :87 :List_push) gay shit
DEBUG: (src/list.c :87 :List_push) gay shit
DEBUG: (src/list.c :87 :List_push) gay shit
DEBUG: (src/list.c :87 :List_push) gay shit
DEBUG: (src/list.c :87 :List_push) gay shit
DEBUG: (src/list.c :87 :List_push) gay shit
DEBUG: (src/list.c :87 :List_push) gay shit
DEBUG: (src/list.c :87 :List_push) gay shit
DEBUG: (src/list.c :87 :List_push) gay shit
DEBUG: (src/list.c :87 :List_push) gay shit
DEBUG: (src/list.c :87 :List_push) gay shit
DEBUG: (src/list.c :87 :List_push) gay shit
DEBUG: (src/list.c :87 :List_push) gay shit
DEBUG: (src/list.c :87 :List_push) gay shit
DEBUG: (src/list.c :87 :List_push) gay shit
DEBUG: (src/list.c :87 :List_push) gay shit
DEBUG: (src/list.c :87 :List_push) gay shit
DEBUG: (src/list.c :87 :List_push) gay shit
DEBUG: (src/list.c :87 :List_push) gay shit
DEBUG: (src/list.c :87 :List_push) gay shit
DEBUG: (src/list.c :87 :List_push) gay shit
DEBUG: (src/list.c :87 :List_push) gay shit
DEBUG: (src/list.c :87 :List_push) gay shit
DEBUG: (src/list.c :87 :List_push) gay shit
DEBUG: (src/list.c :87 :List_push) gay shit
DEBUG: (src/list.c :87 :List_push) gay shit
DEBUG: (src/list.c :87 :List_push) gay shit
DEBUG: (src/list.c :87 :List_push) gay shit
DEBUG: (src/list.c :87 :List_push) gay shit
DEBUG: (src/list.c :87 :List_push) gay shit
DEBUG: (src/list.c :87 :List_push) gay shit
DEBUG: (src/list.c :87 :List_push) gay shit
DEBUG: (src/list.c :87 :List_push) gay shit
DEBUG: (src/list.c :87 :List_push) gay shit
DEBUG: (src/list.c :87 :List_push) gay shit
DEBUG: (src/list.c :87 :List_push) gay shit
DEBUG: (src/list.c :87 :List_push) gay shit
DEBUG: (src/list.c :87 :List_push) gay shit
DEBUG: (src/list.c :87 :List_push) gay shit
DEBUG: (src/list.c :87 :List_push) gay shit
DEBUG: (src/list.c :87 :List_push) gay shit
DEBUG: (src/list.c :87 :List_push) gay shit
DEBUG: (src/list.c :87 :List_push) gay shit
DEBUG: (src/list.c :87 :List_push) gay shit
DEBUG: (src/list.c :87 :List_push) gay shit
DEBUG: (src/list.c :87 :List_push) gay shit
DEBUG: (src/list.c :87 :List_push) gay shit
DEBUG: (src/list.c :87 :List_push) gay shit
DEBUG: (src/list.c :87 :List_push) gay shit
DEBUG: (src/list.c :87 :List_push) gay shit
DEBUG: (src/list.c :87 :List_push) gay shit
DEBUG: (src/list.c :87 :List_push) gay shit
DEBUG: (src/list.c :87 :List_push) gay shit
DEBUG: (src/list.c :87 :List_push) gay shit
DEBUG: (src/list.c :87 :List_push) gay shit
DEBUG: (src/list.c :87 :List_push) gay shit
DEBUG: (src/list.c :87 :List_push) gay shit
DEBUG: (src/list.c :87 :List_push) gay shit
DEBUG: (src/list.c :87 :List_push) gay shit
DEBUG: (src/list.c :87 :List_push) gay shit
DEBUG: (src/list.c :87 :List_push) gay shit
DEBUG: (src/list.c :87 :List_push) gay shit
DEBUG: (src/list.c :87 :List_push) gay shit
DEBUG: (src/list.c :87 :List_push) gay shit
DEBUG: (src/list.c :87 :List_push) gay shit
DEBUG: (src/list.c :87 :List_push) gay shit
DEBUG: (src/list.c :87 :List_push) gay shit
DEBUG: (src/list.c :87 :List_push) gay shit
DEBUG: (src/list.c :87 :List_push) gay shit
DEBUG: (src/list.c :87 :List_push) gay shit
DEBUG: (src/list.c :87 :List_push) gay shit
DEBUG: (src/list.c :87 :List_push) gay shit
DEBUG: (src/list.c :87 :List_push) gay shit
DEBUG: (src/list.c :87 :List_push) gay shit
DEBUG: (src/list.c :87 :List_push) gay shit
DEBUG: (src/list.c :87 :List_push) gay shit
DEBUG: (src/list.c :87 :List_push) gay shit
DEBUG: (src/list.c :87 :List_push) gay shit
DEBUG: (src/list.c :87 :List_push) gay shit
DEBUG: (src/list.c :87 :List_push) gay shit
DEBUG: (src/list.c :87 :List_push) gay shit
DEBUG: (src/list.c :87 :List_push) gay shit
DEBUG: (src/list.c :87 :List_push) gay shit
DEBUG: (src/list.c :87 :List_push) gay shit
DEBUG: (src/list.c :87 :List_push) gay shit
DEBUG: (src/list.c :87 :List_push) gay shit
DEBUG: (src/list.c :87 :List_push) gay shit
DEBUG: (src/list.c :87 :List_push) gay shit
DEBUG: (src/list.c :87 :List_push) gay shit
DEBUG: (src/list.c :87 :List_push) gay shit
DEBUG: (src/list.c :87 :List_push) gay shit
DEBUG: (src/list.c :87 :List_push) gay shit
DEBUG: (src/list.c :87 :List_push) gay shit
DEBUG: (src/list.c :87 :List_push) gay shit
DEBUG: (src/list.c :87 :List_push) gay shit
DEBUG: (src/list.c :87 :List_push) gay shit
DEBUG: (src/list.c :87 :List_push) gay shit
DEBUG: (src/list.c :87 :List_push) gay shit
DEBUG: (src/list.c :87 :List_push) gay shit
DEBUG: (src/list.c :87 :List_push) gay shit
DEBUG: (src/list.c :87 :List_push) gay shit
DEBUG: (src/list.c :87 :List_push) gay shit
DEBUG: (src/list.c :87 :List_push) gay shit
DEBUG: (src/list.c :87 :List_push) gay shit
DEBUG: (src/list.c :87 :List_push) gay shit
DEBUG: (src/list.c :87 :List_push) gay shit
DEBUG: (src/list.c :87 :List_push) gay shit
DEBUG: (src/list.c :87 :List_push) gay shit
DEBUG: (src/list.c :87 :List_push) gay shit
DEBUG: (src/list.c :87 :List_push) gay shit
DEBUG: (src/list.c :87 :List_push) gay shit
DEBUG: (src/list.c :87 :List_push) gay shit
DEBUG: (src/list.c :87 :List_push) gay shit
DEBUG: (src/list.c :87 :List_push) gay shit
DEBUG: (src/list.c :87 :List_push) gay shit
DEBUG: (src/list.c :87 :List_push) gay shit
DEBUG: (src/list.c :87 :List_push) gay shit
DEBUG: (src/list.c :87 :List_push) gay shit
DEBUG: (src/list.c :87 :List_push) gay shit
DEBUG: (src/list.c :87 :List_push) gay shit
DEBUG: (src/list.c :87 :List_push) gay shit
DEBUG: (src/list.c :87 :List_push) gay shit
DEBUG: (src/list.c :87 :List_push) gay shit
DEBUG: (src/list.c :87 :List_push) gay shit
DEBUG: (src/list.c :87 :List_push) gay shit
DEBUG: (src/list.c :87 :List_push) gay shit
DEBUG: (src/list.c :87 :List_push) gay shit
DEBUG: (src/list.c :87 :List_push) gay shit
DEBUG: (src/list.c :87 :List_push) gay shit
DEBUG: (src/list.c :87 :List_push) gay shit
DEBUG: (src/list.c :87 :List_push) gay shit
DEBUG: (src/list.c :87 :List_push) gay shit
DEBUG: (src/list.c :87 :List_push) gay shit
DEBUG: (src/list.c :87 :List_push) gay shit
DEBUG: (src/list.c :87 :List_push) gay shit
DEBUG: (src/list.c :87 :List_push) gay shit
DEBUG: (src/list.c :87 :List_push) gay shit
DEBUG: (src/list.c :87 :List_push) gay shit
DEBUG: (src/list.c :87 :List_push) gay shit
DEBUG: (src/list.c :87 :List_push) gay shit
DEBUG: (src/list.c :87 :List_push) gay shit
DEBUG: (src/list.c :87 :List_push) gay shit
DEBUG: (src/list.c :87 :List_push) gay shit
DEBUG: (src/list.c :87 :List_push) gay shit
DEBUG: (src/list.c :87 :List_push) gay shit
DEBUG: (src/list.c :87 :List_push) gay shit
DEBUG: (src/list.c :87 :List_push) gay shit
DEBUG: (src/list.c :87 :List_push) gay shit
DEBUG: (src/list.c :87 :List_push) gay shit
DEBUG: (src/list.c :87 :List_push) gay shit
DEBUG: (src/list.c :87 :List_push) gay shit
DEBUG: (src/list.c :87 :List_push) gay shit
DEBUG: (src/list.c :87 :List_push) gay shit
DEBUG: (src/list.c :87 :List_push) gay shit
DEBUG: (src/list.c :87 :List_push) gay shit
DEBUG: (src/list.c :87 :List_push) gay shit
DEBUG: (src/list.c :87 :List_push) gay shit
DEBUG: (src/list.c :87 :List_push) gay shit
DEBUG: (src/list.c :87 :List_push) gay shit
DEBUG: (src/list.c :87 :List_push) gay shit
DEBUG: (src/list.c :87 :List_push) gay shit
DEBUG: (src/list.c :87 :List_push) gay shit
DEBUG: (src/list.c :87 :List_push) gay shit
DEBUG: (src/list.c :87 :List_push) gay shit
DEBUG: (src/list.c :87 :List_push) gay shit
DEBUG: (src/list.c :87 :List_push) gay shit
DEBUG: (src/list.c :87 :List_push) gay shit
DEBUG: (src/list.c :87 :List_push) gay shit
DEBUG: (src/list.c :87 :List_push) gay shit
DEBUG: (src/list.c :87 :List_push) gay shit
DEBUG: (src/list.c :87 :List_push) gay shit
DEBUG: (src/list.c :87 :List_push) gay shit
DEBUG: (src/list.c :87 :List_push) gay shit
DEBUG: (src/list.c :87 :List_push) gay shit
DEBUG: (src/list.c :87 :List_push) gay shit
DEBUG: (src/list.c :87 :List_push) gay shit
DEBUG: (src/list.c :87 :List_push) gay shit
DEBUG: (src/list.c :87 :List_push) gay shit
DEBUG: (src/list.c :87 :List_push) gay shit
DEBUG: (src/list.c :87 :List_push) gay shit
DEBUG: (src/list.c :87 :List_push) gay shit
DEBUG: (src/list.c :87 :List_push) gay shit
DEBUG: (src/list.c :87 :List_push) gay shit
DEBUG: (src/list.c :87 :List_push) gay shit
DEBUG: (src/list.c :87 :List_push) gay shit
DEBUG: (src/list.c :87 :List_push) gay shit
DEBUG: (src/list.c :87 :List_push) gay shit
DEBUG: (src/list.c :87 :List_push) gay shit
DEBUG: (src/list.c :87 :List_push) gay shit
DEBUG: (src/list.c :87 :List_push) gay shit
DEBUG: (src/list.c :87 :List_push) gay shit
DEBUG: (src/list.c :87 :List_push) gay shit
DEBUG: (src/list.c :87 :List_push) gay shit
DEBUG: (src/list.c :87 :List_push) gay shit
DEBUG: (src/list.c :87 :List_push) gay shit
DEBUG: (src/list.c :87 :List_push) gay shit
DEBUG: (src/list.c :87 :List_push) gay shit
DEBUG: (src/list.c :87 :List_push) gay shit
DEBUG: (src/list.c :87 :List_push) gay shit
DEBUG: (src/list.c :87 :List_push) gay shit
DEBUG: (src/list.c :87 :List_push) gay shit
DEBUG: (src/list.c :87 :List_push) gay shit
DEBUG: (src/list.c :87 :List_push) gay shit
DEBUG: (src/list.c :87 :List_push) gay shit
DEBUG: (src/list.c :87 :List_push) gay shit
DEBUG: (src/list.c :87 :List_push) gay shit
DEBUG: (src/list.c :87 :List_push) gay shit
DEBUG: (src/list.c :87 :List_push) gay shit
DEBUG: (src/list.c :87 :List_push) gay shit
DEBUG: (src/list.c :87 :List_push) gay shit
DEBUG: (src/list.c :87 :List_push) gay shit
DEBUG: (src/list.c :87 :List_push) gay shit
DEBUG: (src/list.c :87 :List_push) gay shit
DEBUG: (src/list.c :87 :List_push) gay shit
DEBUG: (src/list.c :87 :List_push) gay shit
DEBUG: (src/list.c :87 :List_push) gay shit
DEBUG: (src/list.c :87 :List_push) gay shit
DEBUG: (src/list.c :87 :List_push) gay shit
DEBUG: (src/list.c :87 :List_push) gay shit
DEBUG: (src/list.c :87 :List_push) gay shit
DEBUG: (src/list.c :87 :List_push) gay shit
DEBUG: (src/list.c :87 :List_push) gay shit
DEBUG: (src/list.c :87 :List_push) gay shit
DEBUG: (src/list.c :87 :List_push) gay shit
DEBUG: (src/list.c :87 :List_push) gay shit
DEBUG: (src/list.c :87 :List_push) gay shit
DEBUG: (src/list.c :87 :List_push) gay shit
DEBUG: (src/list.c :87 :List_push) gay shit
DEBUG: (src/list.c :87 :List_push) gay shit
DEBUG: (src/list.c :87 :List_push) gay shit
DEBUG: (src/list.c :87 :List_push) gay shit
DEBUG: (src/list.c :87 :List_push) gay shit
DEBUG: (src/list.c :87 :List_push) gay shit
DEBUG: (src/list.c :87 :List_push) gay shit
DEBUG: (src/list.c :87 :List_push) gay shit
DEBUG: (src/list.c :87 :List_push) gay shit
DEBUG: (src/list.c :87 :List_push) gay shit
DEBUG: (src/list.c :87 :List_push) gay shit
DEBUG: (src/list.c :87 :List_push) gay shit
DEBUG: (src/list.c :87 :List_push) gay shit
DEBUG: (src/list.c :87 :List_push) gay shit
DEBUG: (src/list.c :87 :List_push) gay shit
DEBUG: (src/list.c :87 :List_push) gay shit
DEBUG: (src/list.c :87 :List_push) gay shit
DEBUG: (src/list.c :87 :List_push) gay shit
DEBUG: (src/list.c :87 :List_push) gay shit
DEBUG: (src/list.c :87 :List_push) gay shit
DEBUG: (src/list.c :87 :List_push) gay shit
DEBUG: (src/list.c :87 :List_push) gay shit
DEBUG: (src/list.c :87 :List_push) gay shit
DEBUG: (src/list.c :87 :List_push) gay shit
DEBUG: (src/list.c :87 :List_push) gay shit
DEBUG: (src/list.c :87 :List_push) gay shit
DEBUG: (src/list.c :87 :List_push) gay shit
DEBUG: (src/list.c :87 :List_push) gay shit
DEBUG: (src/list.c :87 :List_push) gay shit
DEBUG: (src/list.c :87 :List_push) gay shit
DEBUG: (src/list.c :87 :List_push) gay shit
DEBUG: (src/list.c :87 :List_push) gay shit
DEBUG: (src/list.c :87 :List_push) gay shit
DEBUG: (src/list.c :87 :List_push) gay shit
DEBUG: (src/list.c :87 :List_push) gay shit
DEBUG: (src/list.c :87 :List_push) gay shit
DEBUG: (src/list.c :87 :List_push) gay shit
DEBUG: (src/list.c :87 :List_push) gay shit
DEBUG: (src/list.c :87 :List_push) gay shit
DEBUG: (src/list.c :87 :List_push) gay shit
DEBUG: (src/list.c :87 :List_push) gay shit
DEBUG: (src/list.c :87 :List_push) gay shit
DEBUG: (src/list.c :87 :List_push) gay shit
DEBUG: (src/list.c :87 :List_push) gay shit
DEBUG: (src/list.c :87 :List_push) gay shit
DEBUG: (src/list.c :87 :List_push) gay shit
DEBUG: (src/list.c :87 :List_push) gay shit
DEBUG: (src/list.c :87 :List_push) gay shit
DEBUG: (src/list.c :87 :List_push) gay shit
DEBUG: (src/list.c :87 :List_push) gay shit
DEBUG: (src/list.c :87 :List_push) gay shit
DEBUG: (src/list.c :87 :List_push) gay shit
DEBUG: (src/list.c :87 :List_push) gay shit
DEBUG: (src/list.c :87 :List_push) gay shit
DEBUG: (src/list.c :87 :List_push) gay shit
DEBUG: (src/list.c :87 :List_push) gay shit
DEBUG: (src/list.c :87 :List_push) gay shit
DEBUG: (src/list.c :87 :List_push) gay shit
DEBUG: (src/list.c :87 :List_push) gay shit
DEBUG: (src/list.c :87 :List_push) gay shit
DEBUG: (src/list.c :87 :List_push) gay shit
DEBUG: (src/list.c :87 :List_push) gay shit
DEBUG: (src/list.c :87 :List_push) gay shit
DEBUG: (src/list.c :87 :List_push) gay shit
DEBUG: (src/list.c :87 :List_push) gay shit
DEBUG: (src/list.c :87 :List_push) gay shit
DEBUG: (src/list.c :87 :List_push) gay shit
DEBUG: (src/list.c :87 :List_push) gay shit
DEBUG: (src/list.c :87 :List_push) gay shit
DEBUG: (src/list.c :87 :List_push) gay shit
DEBUG: (src/list.c :87 :List_push) gay shit
DEBUG: (src/list.c :87 :List_push) gay shit
DEBUG: (src/list.c :87 :List_push) gay shit
DEBUG: (src/list.c :87 :List_push) gay shit
DEBUG: (src/list.c :87 :List_push) gay shit
DEBUG: (src/list.c :87 :List_push) gay shit
DEBUG: (src/list.c :87 :List_push) gay shit
DEBUG: (src/list.c :87 :List_push) gay shit
DEBUG: (src/list.c :87 :List_push) gay shit
DEBUG: (src/list.c :87 :List_push) gay shit
DEBUG: (src/list.c :87 :List_push) gay shit
DEBUG: (src/list.c :87 :List_push) gay shit
DEBUG: (src/list.c :87 :List_push) gay shit
DEBUG: (src/list.c :87 :List_push) gay shit
DEBUG: (src/list.c :87 :List_push) gay shit
DEBUG: (src/list.c :87 :List_push) gay shit
DEBUG: (src/list.c :87 :List_push) gay shit
DEBUG: (src/list.c :87 :List_push) gay shit
DEBUG: (src/list.c :87 :List_push) gay shit
DEBUG: (src/list.c :87 :List_push) gay shit
DEBUG: (src/list.c :87 :List_push) gay shit
DEBUG: (src/list.c :87 :List_push) gay shit
DEBUG: (src/list.c :87 :List_push) gay shit
DEBUG: (src/list.c :87 :List_push) gay shit
DEBUG: (src/list.c :87 :List_push) gay shit
DEBUG: (src/list.c :87 :List_push) gay shit
DEBUG: (src/list.c :87 :List_push) gay shit
DEBUG: (src/list.c :87 :List_push) gay shit
DEBUG: (src/list.c :87 :List_push) gay shit
DEBUG: (src/list.c :87 :List_push) gay shit
DEBUG: (src/list.c :87 :List_push) gay shit
DEBUG: (src/list.c :87 :List_push) gay shit
DEBUG: (src/list.c :87 :List_push) gay shit
DEBUG: (src/list.c :87 :List_push) gay shit
DEBUG: (src/list.c :87 :List_push) gay shit
DEBUG: (src/list.c :87 :List_push) gay shit
DEBUG: (src/list.c :87 :List_push) gay shit
DEBUG: (src/list.c :87 :List_push) gay shit
DEBUG: (src/list.c :87 :List_push) gay shit
DEBUG: (src/list.c :87 :List_push) gay shit
DEBUG: (src/list.c :87 :List_push) gay shit
DEBUG: (src/list.c :87 :List_push) gay shit
DEBUG: (src/list.c :87 :List_push) gay shit
DEBUG: (src/list.c :87 :List_push) gay shit
DEBUG: (src/list.c :87 :List_push) gay shit
DEBUG: (src/list.c :87 :List_push) gay shit
DEBUG: (src/list.c :87 :List_push) gay shit
DEBUG: (src/list.c :87 :List_push) gay shit
DEBUG: (src/list.c :87 :List_push) gay shit
DEBUG: (src/list.c :87 :List_push) gay shit
DEBUG: (src/list.c :87 :List_push) gay shit
DEBUG: (src/list.c :87 :List_push) gay shit
DEBUG: (src/list.c :87 :List_push) gay shit
DEBUG: (src/list.c :87 :List_push) gay shit
DEBUG: (src/list.c :87 :List_push) gay shit
DEBUG: (src/list.c :87 :List_push) gay shit
DEBUG: (src/list.c :87 :List_push) gay shit
DEBUG: (src/list.c :87 :List_push) gay shit
DEBUG: (src/list.c :87 :List_push) gay shit
DEBUG: (src/list.c :87 :List_push) gay shit
DEBUG: (src/list.c :87 :List_push) gay shit
DEBUG: (src/list.c :87 :List_push) gay shit
DEBUG: (src/list.c :87 :List_push) gay shit
DEBUG: (src/list.c :87 :List_push) gay shit
DEBUG: (src/list.c :87 :List_push) gay shit
DEBUG: (src/list.c :87 :List_push) gay shit
DEBUG: (src/list.c :87 :List_push) gay shit
DEBUG: (src/list.c :87 :List_push) gay shit
DEBUG: (src/list.c :87 :List_push) gay shit
DEBUG: (src/list.c :87 :List_push) gay shit
DEBUG: (src/list.c :87 :List_push) gay shit
DEBUG: (src/list.c :87 :List_push) gay shit
DEBUG: (src/list.c :87 :List_push) gay shit
DEBUG: (src/list.c :87 :List_push) gay shit
DEBUG: (src/list.c :87 :List_push) gay shit
DEBUG: (src/list.c :87 :List_push) gay shit
DEBUG: (src/list.c :87 :List_push) gay shit
DEBUG: (src/list.c :87 :List_push) gay shit
DEBUG: (src/list.c :87 :List_push) gay shit
DEBUG: (src/list.c :87 :List_push) gay shit
DEBUG: (src/list.c :87 :List_push) gay shit
DEBUG: (src/list.c :87 :List_push) gay shit
DEBUG: (src/list.c :87 :List_push) gay shit
DEBUG: (src/list.c :87 :List_push) gay shit
DEBUG: (src/list.c :87 :List_push) gay shit
DEBUG: (src/list.c :87 :List_push) gay shit
DEBUG: (src/list.c :87 :List_push) gay shit
DEBUG: (src/list.c :87 :List_push) gay shit
DEBUG: (src/list.c :87 :List_push) gay shit
DEBUG: (src/list.c :87 :List_push) gay shit
DEBUG: (src/list.c :87 :List_push) gay shit
DEBUG: (src/list.c :87 :List_push) gay shit
DEBUG: (src/list.c :87 :List_push) gay shit
DEBUG: (src/list.c :87 :List_push) gay shit
DEBUG: (src/list.c :87 :List_push) gay shit
DEBUG: (src/list.c :87 :List_push) gay shit
DEBUG: (src/list.c :87 :List_push) gay shit
DEBUG: (src/list.c :87 :List_push) gay shit
DEBUG: (src/list.c :87 :List_push) gay shit
DEBUG: (src/list.c :87 :List_push) gay shit
DEBUG: (src/list.c :87 :List_push) gay shit
DEBUG: (src/list.c :87 :List_push) gay shit
DEBUG: (src/list.c :87 :List_push) gay shit
DEBUG: (src/list.c :87 :List_push) gay shit
DEBUG: (src/list.c :87 :List_push) gay shit
DEBUG: (src/list.c :87 :List_push) gay shit
DEBUG: (src/list.c :87 :List_push) gay shit
DEBUG: (src/list.c :87 :List_push) gay shit
DEBUG: (src/list.c :87 :List_push) gay shit
DEBUG: (src/list.c :87 :List_push) gay shit
DEBUG: (src/list.c :87 :List_push) gay shit
DEBUG: (src/list.c :87 :List_push) gay shit
DEBUG: (src/list.c :87 :List_push) gay shit
DEBUG: (src/list.c :87 :List_push) gay shit
DEBUG: (src/list.c :87 :List_push) gay shit
DEBUG: (src/list.c :87 :List_push) gay shit
DEBUG: (src/list.c :87 :List_push) gay shit
DEBUG: (src/list.c :87 :List_push) gay shit
DEBUG: (src/list.c :87 :List_push) gay shit
DEBUG: (src/list.c :87 :List_push) gay shit
DEBUG: (src/list.c :87 :List_push) gay shit
DEBUG: (src/list.c :87 :List_push) gay shit
DEBUG: (src/list.c :87 :List_push) gay shit
DEBUG: (src/list.c :87 :List_push) gay shit
DEBUG: (src/list.c :87 :List_push) gay shit
DEBUG: (src/list.c :87 :List_push) gay shit
DEBUG: (src/list.c :87 :List_push) gay shit
DEBUG: (src/list.c :87 :List_push) gay shit
DEBUG: (src/list.c :87 :List_push) gay shit
DEBUG: (src/list.c :87 :List_push) gay shit
DEBUG: (src/list.c :87 :List_push) gay shit
DEBUG: (src/list.c :87 :List_push) gay shit
DEBUG: (src/list.c :87 :List_push) gay shit
DEBUG: (src/list.c :87 :List_push) gay shit
DEBUG: (src/list.c :87 :List_push) gay shit
DEBUG: (src/list.c :87 :List_push) gay shit
DEBUG: (src/list.c :87 :List_push) gay shit
DEBUG: (src/list.c :87 :List_push) gay shit
DEBUG: (src/list.c :87 :List_push) gay shit
DEBUG: (src/list.c :87 :List_push) gay shit
DEBUG: (src/list.c :87 :List_push) gay shit
DEBUG: (src/list.c :87 :List_push) gay shit
DEBUG: (src/list.c :87 :List_push) gay shit
DEBUG: (src/list.c :87 :List_push) gay shit
DEBUG: (src/list.c :87 :List_push) gay shit
DEBUG: (src/list.c :87 :List_push) gay shit
DEBUG: (src/list.c :87 :List_push) gay shit
DEBUG: (src/list.c :87 :List_push) gay shit
DEBUG: (src/list.c :87 :List_push) gay shit
DEBUG: (src/list.c :87 :List_push) gay shit
DEBUG: (src/list.c :87 :List_push) gay shit
DEBUG: (src/list.c :87 :List_push) gay shit
DEBUG: (src/list.c :87 :List_push) gay shit
DEBUG: (src/list.c :87 :List_push) gay shit
DEBUG: (src/list.c :87 :List_push) gay shit
DEBUG: (src/list.c :87 :List_push) gay shit
DEBUG: (src/list.c :87 :List_push) gay shit
DEBUG: (src/list.c :87 :List_push) gay shit
DEBUG: (src/list.c :87 :List_push) gay shit
DEBUG: (src/list.c :87 :List_push) gay shit
DEBUG: (src/list.c :87 :List_push) gay shit
DEBUG: (src/list.c :87 :List_push) gay shit
DEBUG: (src/list.c :87 :List_push) gay shit
DEBUG: (src/list.c :87 :List_push) gay shit
DEBUG: (src/list.c :87 :List_push) gay shit
DEBUG: (src/list.c :87 :List_push) gay shit
DEBUG: (src/list.c :87 :List_push) gay shit
DEBUG: (src/list.c :87 :List_push) gay shit
DEBUG: (src/list.c :87 :List_push) gay shit
DEBUG: (src/list.c :87 :List_push) gay shit
DEBUG: (src/list.c :87 :List_push) gay shit
DEBUG: (src/list.c :87 :List_push) gay shit
DEBUG: (src/list.c :87 :List_push) gay shit
DEBUG: (src/list.c :87 :List_push) gay shit
DEBUG: (src/list.c :87 :List_push) gay shit
DEBUG: (src/list.c :87 :List_push) gay shit
DEBUG: (src/list.c :87 :List_push) gay shit
DEBUG: (src/list.c :87 :List_push) gay shit
DEBUG: (src/list.c :87 :List_push) gay shit
DEBUG: (src/list.c :87 :List_push) gay shit
DEBUG: (src/list.c :87 :List_push) gay shit
DEBUG: (src/list.c :87 :List_push) gay shit
DEBUG: (src/list.c :87 :List_push) gay shit
DEBUG: (src/list.c :87 :List_push) gay shit
DEBUG: (src/list.c :87 :List_push) gay shit
DEBUG: (src/list.c :87 :List_push) gay shit
DEBUG: (src/list.c :87 :List_push) gay shit
DEBUG: (src/list.c :87 :List_push) gay shit
DEBUG: (src/list.c :87 :List_push) gay shit
DEBUG: (src/list.c :87 :List_push) gay shit
DEBUG: (src/list.c :87 :List_push) gay shit
DEBUG: (src/list.c :87 :List_push) gay shit
DEBUG: (src/list.c :87 :List_push) gay shit
DEBUG: (src/list.c :87 :List_push) gay shit
DEBUG: (src/list.c :87 :List_push) gay shit
DEBUG: (src/list.c :87 :List_push) gay shit
DEBUG: (src/list.c :87 :List_push) gay shit
DEBUG: (src/list.c :87 :List_push) gay shit
DEBUG: (src/list.c :87 :List_push) gay shit
DEBUG: (src/list.c :87 :List_push) gay shit
DEBUG: (src/list.c :87 :List_push) gay shit
DEBUG: (src/list.c :87 :List_push) gay shit
DEBUG: (src/list.c :87 :List_push) gay shit
DEBUG: (src/list.c :87 :List_push) gay shit
DEBUG: (src/list.c :87 :List_push) gay shit
DEBUG: (src/list.c :87 :List_push) gay shit
DEBUG: (src/list.c :87 :List_push) gay shit
DEBUG: (src/list.c :87 :List_push) gay shit
DEBUG: (src/list.c :87 :List_push) gay shit
DEBUG: (src/list.c :87 :List_push) gay shit
DEBUG: (src/list.c :87 :List_push) gay shit
DEBUG: (src/list.c :87 :List_push) gay shit
DEBUG: (src/list.c :87 :List_push) gay shit
DEBUG: (src/list.c :87 :List_push) gay shit
DEBUG: (src/list.c :87 :List_push) gay shit
DEBUG: (src/list.c :87 :List_push) gay shit
DEBUG: (src/list.c :87 :List_push) gay shit
DEBUG: (src/list.c :87 :List_push) gay shit
DEBUG: (src/list.c :87 :List_push) gay shit
DEBUG: (src/list.c :87 :List_push) gay shit
DEBUG: (src/list.c :87 :List_push) gay shit
DEBUG: (src/list.c :87 :List_push) gay shit
DEBUG: (src/list.c :87 :List_push) gay shit
DEBUG: (src/list.c :87 :List_push) gay shit
DEBUG: (src/list.c :87 :List_push) gay shit
DEBUG: (src/list.c :87 :List_push) gay shit
DEBUG: (src/list.c :87 :List_push) gay shit
DEBUG: (src/list.c :87 :List_push) gay shit
DEBUG: (src/list.c :87 :List_push) gay shit
DEBUG: (src/list.c :87 :List_push) gay shit
DEBUG: (src/list.c :87 :List_push) gay shit
DEBUG: (src/list.c :87 :List_push) gay shit
DEBUG: (src/list.c :87 :List_push) gay shit
DEBUG: (src/list.c :87 :List_push) gay shit
DEBUG: (src/list.c :87 :List_push) gay shit
DEBUG: (src/list.c :87 :List_push) gay shit
DEBUG: (src/list.c :87 :List_push) gay shit
DEBUG: (src/list.c :87 :List_push) gay shit
DEBUG: (src/list.c :87 :List_push) gay shit
DEBUG: (src/list.c :87 :List_push) gay shit
DEBUG: (src/list.c :87 :List_push) gay shit
DEBUG: (src/list.c :87 :List_push) gay shit
DEBUG: (src/list.c :87 :List_push) gay shit
DEBUG: (src/list.c :87 :List_push) gay shit
DEBUG: (src/list.c :87 :List_push) gay shit
DEBUG: (src/list.c :87 :List_push) gay shit
DEBUG: (src/list.c :87 :List_push) gay shit
DEBUG: (src/list.c :87 :List_push) gay shit
DEBUG: (src/list.c :87 :List_push) gay shit
DEBUG: (src/list.c :87 :List_push) gay shit
DEBUG: (src/list.c :87 :List_push) gay shit
DEBUG: (src/list.c :87 :List_push) gay shit
DEBUG: (src/list.c :87 :List_push) gay shit
DEBUG: (src/list.c :87 :List_push) gay shit
DEBUG: (src/list.c :87 :List_push) gay shit
DEBUG: (src/list.c :87 :List_push) gay shit
DEBUG: (src/list.c :87 :List_push) gay shit
DEBUG: (src/list.c :87 :List_push) gay shit
DEBUG: (src/list.c :87 :List_push) gay shit
DEBUG: (src/list.c :87 :List_push) gay shit
DEBUG: (src/list.c :87 :List_push) gay shit
DEBUG: (src/list.c :87 :List_push) gay shit
DEBUG: (src/list.c :87 :List_push) gay shit
DEBUG: (src/list.c :87 :List_push) gay shit
DEBUG: (src/list.c :87 :List_push) gay shit
DEBUG: (src/list.c :87 :List_push) gay shit
DEBUG: (src/list.c :87 :List_push) gay shit
DEBUG: (src/list.c :87 :List_push) gay shit
DEBUG: (src/list.c :87 :List_push) gay shit
DEBUG: (src/list.c :87 :List_push) gay shit
DEBUG: (src/list.c :87 :List_push) gay shit
DEBUG: (src/list.c :87 :List_push) gay shit
DEBUG: (src/list.c :87 :List_push) gay shit
DEBUG: (src/list.c :87 :List_push) gay shit
DEBUG: (src/list.c :87 :List_push) gay shit
DEBUG: (src/list.c :87 :List_push) gay shit
DEBUG: (src/list.c :87 :List_push) gay shit
DEBUG: (src/list.c :87 :List_push) gay shit
DEBUG: (src/list.c :87 :List_push) gay shit
DEBUG: (src/list.c :87 :List_push) gay shit
DEBUG: (src/list.c :87 :List_push) gay shit
DEBUG: (src/list.c :87 :List_push) gay shit
DEBUG: (src/list.c :87 :List_push) gay shit
DEBUG: (src/list.c :87 :List_push) gay shit
DEBUG: (src/list.c :87 :List_push) gay shit
DEBUG: (src/list.c :87 :List_push) gay shit
DEBUG: (src/list.c :87 :List_push) gay shit
DEBUG: (src/list.c :87 :List_push) gay shit
DEBUG: (src/list.c :87 :List_push) gay shit
DEBUG: (src/list.c :87 :List_push) gay shit
DEBUG: (src/list.c :87 :List_push) gay shit
DEBUG: (src/list.c :87 :List_push) gay shit
DEBUG: (src/list.c :87 :List_push) gay shit
DEBUG: (src/list.c :87 :List_push) gay shit
DEBUG: (src/list.c :87 :List_push) gay shit
DEBUG: (src/list.c :87 :List_push) gay shit
DEBUG: (src/list.c :87 :List_push) gay shit
DEBUG: (src/list.c :87 :List_push) gay shit
DEBUG: (src/list.c :87 :List_push) gay shit
DEBUG: (src/list.c :87 :List_push) gay shit
DEBUG: (src/list.c :87 :List_push) gay shit
DEBUG: (src/list.c :87 :List_push) gay shit
DEBUG: (src/list.c :87 :List_push) gay shit
DEBUG: (src/list.c :87 :List_push) gay shit
DEBUG: (src/list.c :87 :List_push) gay shit
DEBUG: (src/list.c :87 :List_push) gay shit
DEBUG: (src/list.c :87 :List_push) gay shit
DEBUG: (src/list.c :87 :List_push) gay shit
DEBUG: (src/list.c :87 :List_push) gay shit
DEBUG: (src/list.c :87 :List_push) gay shit
DEBUG: (src/list.c :87 :List_push) gay shit
DEBUG: (src/list.c :87 :List_push) gay shit
DEBUG: (src/list.c :87 :List_push) gay shit
DEBUG: (src/list.c :87 :List_push) gay shit
DEBUG: (src/list.c :87 :List_push) gay shit
DEBUG: (src/list.c :87 :List_push) gay shit
DEBUG: (src/list.c :87 :List_push) gay shit
DEBUG: (src/list.c :87 :List_push) gay shit
DEBUG: (src/list.c :87 :List_push) gay shit
DEBUG: (src/list.c :87 :List_push) gay shit
DEBUG: (src/list.c :87 :List_push) gay shit
DEBUG: (src/list.c :87 :List_push) gay shit
DEBUG: (src/list.c :87 :List_push) gay shit
DEBUG: (src/list.c :87 :List_push) gay shit
DEBUG: (src/list.c :87 :List_push) gay shit
DEBUG: (src/list.c :87 :List_push) gay shit
DEBUG: (src/list.c :87 :List_push) gay shit
DEBUG: (src/list.c :87 :List_push) gay shit
DEBUG: (src/list.c :87 :List_push) gay shit
DEBUG: (src/list.c :87 :List_push) gay shit
DEBUG: (src/list.c :87 :List_push) gay shit
DEBUG: (src/list.c :87 :List_push) gay shit
DEBUG: (src/list.c :87 :List_push) gay shit
DEBUG: (src/list.c :87 :List_push) gay shit
DEBUG: (src/list.c :87 :List_push) gay shit
DEBUG: (src/list.c :87 :List_push) gay shit
DEBUG: (src/list.c :87 :List_push) gay shit
DEBUG: (src/list.c :87 :List_push) gay shit
DEBUG: (src/list.c :87 :List_push) gay shit
DEBUG: (src/list.c :87 :List_push) gay shit
DEBUG: (src/list.c :87 :List_push) gay shit
DEBUG: (src/list.c :87 :List_push) gay shit
DEBUG: (src/list.c :87 :List_push) gay shit
DEBUG: (src/list.c :87 :List_push) gay shit
DEBUG: (src/list.c :87 :List_push) gay shit
DEBUG: (src/list.c :87 :List_push) gay shit
DEBUG: (src/list.c :87 :List_push) gay shit
DEBUG: (src/list.c :87 :List_push) gay shit
DEBUG: (src/list.c :87 :List_push) gay shit
DEBUG: (src/list.c :87 :List_push) gay shit
DEBUG: (src/list.c :87 :List_push) gay shit
DEBUG: (src/list.c :87 :List_push) gay shit
DEBUG: (src/list.c :87 :List_push) gay shit
DEBUG: (src/list.c :87 :List_push) gay shit
DEBUG: (src/list.c :87 :List_push) gay shit
DEBUG: (src/list.c :87 :List_push) gay shit
DEBUG: (src/list.c :87 :List_push) gay shit
DEBUG: (src/list.c :87 :List_push) gay shit
DEBUG: (src/list.c :87 :List_push) gay shit
DEBUG: (src/list.c :87 :List_push) gay shit
DEBUG: (src/list.c :87 :List_push) gay shit
DEBUG: (src/list.c :87 :List_push) gay shit
DEBUG: (src/list.c :87 :List_push) gay shit
DEBUG: (src/list.c :87 :List_push) gay shit
DEBUG: (src/list.c :87 :List_push) gay shit
DEBUG: (src/list.c :87 :List_push) gay shit
DEBUG: (src/list.c :87 :List_push) gay shit
DEBUG: (src/list.c :87 :List_push) gay shit
DEBUG: (src/list.c :87 :List_push) gay shit
DEBUG: (src/list.c :87 :List_push) gay shit
DEBUG: (src/list.c :87 :List_push) gay shit
DEBUG: (src/list.c :87 :List_push) gay shit
DEBUG: (src/list.c :87 :List_push) gay shit
DEBUG: (src/list.c :87 :List_push) gay shit
DEBUG: (src/list.c :87 :List_push) gay shit
DEBUG: (src/list.c :87 :List_push) gay shit
DEBUG: (src/list.c :87 :List_push) gay shit
DEBUG: (src/list.c :87 :List_push) gay shit
DEBUG: (src/list.c :87 :List_push) gay shit
DEBUG: (src/list.c :87 :List_push) gay shit
DEBUG: (src/list.c :87 :List_push) gay shit
DEBUG: (src/list.c :87 :List_push) gay shit
DEBUG: (src/list.c :87 :List_push) gay shit
DEBUG: (src/list.c :87 :List_push) gay shit
DEBUG: (src/list.c :87 :List_push) gay shit
DEBUG: (src/list.c :87 :List_push) gay shit
DEBUG: (src/list.c :87 :List_push) gay shit
DEBUG: (src/list.c :87 :List_push) gay shit
DEBUG: (src/list.c :87 :List_push) gay shit
DEBUG: (src/list.c :87 :List_push) gay shit
DEBUG: (src/list.c :87 :List_push) gay shit
DEBUG: (src/list.c :87 :List_push) gay shit
DEBUG: (src/list.c :87 :List_push) gay shit
DEBUG: (src/list.c :87 :List_push) gay shit
DEBUG: (src/list.c :87 :List_push) gay shit
DEBUG: (src/list.c :87 :List_push) gay shit
DEBUG: (src/list.c :87 :List_push) gay shit
DEBUG: (src/list.c :87 :List_push) gay shit
DEBUG: (src/list.c :87 :List_push) gay shit
DEBUG: (src/list.c :87 :List_push) gay shit
DEBUG: (src/list.c :87 :List_push) gay shit
DEBUG: (src/list.c :87 :List_push) gay shit
DEBUG: (src/list.c :87 :List_push) gay shit
DEBUG: (src/list.c :87 :List_push) gay shit
DEBUG: (src/list.c :87 :List_push) gay shit
DEBUG: (src/list.c :87 :List_push) gay shit
DEBUG: (src/list.c :87 :List_push) gay shit
DEBUG: (src/list.c :87 :List_push) gay shit
DEBUG: (src/list.c :87 :List_push) gay shit
DEBUG: (src/list.c :87 :List_push) gay shit
DEBUG: (src/list.c :87 :List_push) gay shit
DEBUG: (src/list.c :87 :List_push) gay shit
DEBUG: (src/list.c :87 :List_push) gay shit
DEBUG: (src/list.c :87 :List_push) gay shit
DEBUG: (src/list.c :87 :List_push) gay shit
DEBUG: (src/list.c :87 :List_push) gay shit
DEBUG: (src/list.c :87 :List_push) gay shit
DEBUG: (src/list.c :87 :List_push) gay shit
DEBUG: (src/list.c :87 :List_push) gay shit
DEBUG: (src/list.c :87 :List_push) gay shit
DEBUG: (src/list.c :87 :List_push) gay shit
DEBUG: (src/list.c :87 :List_push) gay shit
DEBUG: (src/list.c :87 :List_push) gay shit
DEBUG: (src/list.c :87 :List_push) gay shit
DEBUG: (src/list.c :87 :List_push) gay shit
DEBUG: (src/list.c :87 :List_push) gay shit
DEBUG: (src/list.c :87 :List_push) gay shit
DEBUG: (src/list.c :87 :List_push) gay shit
DEBUG: (src/list.c :87 :List_push) gay shit
DEBUG: (src/list.c :87 :List_push) gay shit
DEBUG: (src/list.c :87 :List_push) gay shit
DEBUG: (src/list.c :87 :List_push) gay shit
DEBUG: (src/list.c :87 :List_push) gay shit
DEBUG: (src/list.c :87 :List_push) gay shit
DEBUG: (src/list.c :87 :List_push) gay shit
DEBUG: (src/list.c :87 :List_push) gay shit
DEBUG: (src/list.c :87 :List_push) gay shit
DEBUG: (src/list.c :87 :List_push) gay shit
DEBUG: (src/list.c :87 :List_push) gay shit
DEBUG: (src/list.c :87 :List_push) gay shit
DEBUG: (src/list.c :87 :List_push) gay shit
DEBUG: (src/list.c :87 :List_push) gay shit
DEBUG: (src/list.c :87 :List_push) gay shit
DEBUG: (src/list.c :87 :List_push) gay shit
DEBUG: (src/list.c :87 :List_push) gay shit
DEBUG: (src/list.c :87 :List_push) gay shit
DEBUG: (src/list.c :87 :List_push) gay shit
DEBUG: (src/list.c :87 :List_push) gay shit
DEBUG: (src/list.c :87 :List_push) gay shit
DEBUG: (src/list.c :87 :List_push) gay shit
DEBUG: (src/list.c :87 :List_push) gay shit
DEBUG: (src/list.c :87 :List_push) gay shit
DEBUG: (src/list.c :87 :List_push) gay shit
DEBUG: (src/list.c :87 :List_push) gay shit
DEBUG: (src/list.c :87 :List_push) gay shit
DEBUG: (src/list.c :87 :List_push) gay shit
DEBUG: (src/list.c :87 :List_push) gay shit
DEBUG: (src/list.c :87 :List_push) gay shit
DEBUG: (src/list.c :87 :List_push) gay shit
DEBUG: (src/list.c :87 :List_push) gay shit
DEBUG: (src/list.c :87 :List_push) gay shit
DEBUG: (src/list.c :87 :List_push) gay shit
DEBUG: (src/list.c :87 :List_push) gay shit
DEBUG: (src/list.c :87 :List_push) gay shit
DEBUG: (src/list.c :87 :List_push) gay shit
DEBUG: (src/list.c :87 :List_push) gay shit
DEBUG: (src/list.c :87 :List_push) gay shit
DEBUG: (src/list.c :87 :List_push) gay shit
DEBUG: (src/list.c :87 :List_push) gay shit
DEBUG: (src/list.c :87 :List_push) gay shit
DEBUG: (src/list.c :87 :List_push) gay shit
DEBUG: (src/list.c :87 :List_push) gay shit
DEBUG: (src/list.c :87 :List_push) gay shit
DEBUG: (src/list.c :87 :List_push) gay shit
DEBUG: (src/list.c :87 :List_push) gay shit
DEBUG: (src/list.c :87 :List_push) gay shit
DEBUG: (src/list.c :87 :List_push) gay shit
DEBUG: (src/list.c :87 :List_push) gay shit
DEBUG: (src/list.c :87 :List_push) gay shit
DEBUG: (src/list.c :87 :List_push) gay shit
DEBUG: (src/list.c :87 :List_push) gay shit
DEBUG: (src/list.c :87 :List_push) gay shit
DEBUG: (src/list.c :87 :List_push) gay shit
DEBUG: (src/list.c :87 :List_push) gay shit
DEBUG: (src/list.c :87 :List_push) gay shit
DEBUG: (src/list.c :87 :List_push) gay shit
DEBUG: (src/list.c :87 :List_push) gay shit
DEBUG: (src/list.c :87 :List_push) gay shit
DEBUG: (src/list.c :87 :List_push) gay shit
DEBUG: (src/list.c :87 :List_push) gay shit
DEBUG: (src/list.c :87 :List_push) gay shit
DEBUG: (src/list.c :87 :List_push) gay shit
DEBUG: (src/list.c :87 :List_push) gay shit
DEBUG: (src/list.c :87 :List_push) gay shit
DEBUG: (src/list.c :87 :List_push) gay shit
DEBUG: (src/list.c :87 :List_push) gay shit
DEBUG: (src/list.c :87 :List_push) gay shit
DEBUG: (src/list.c :87 :List_push) gay shit
DEBUG: (src/list.c :87 :List_push) gay shit
DEBUG: (src/list.c :87 :List_push) gay shit
DEBUG: (src/list.c :87 :List_push) gay shit
DEBUG: (src/list.c :87 :List_push) gay shit
DEBUG: (src/list.c :87 :List_push) gay shit
DEBUG: (src/list.c :87 :List_push) gay shit
DEBUG: (src/list.c :87 :List_push) gay shit
DEBUG: (src/list.c :87 :List_push) gay shit
DEBUG: (src/list.c :87 :List_push) gay shit
DEBUG: (src/list.c :87 :List_push) gay shit
DEBUG: (src/list.c :87 :List_push) gay shit
DEBUG: (src/list.c :87 :List_push) gay shit
DEBUG: (src/list.c :87 :List_push) gay shit
DEBUG: (src/list.c :87 :List_push) gay shit
DEBUG: (src/list.c :87 :List_push) gay shit
DEBUG: (src/list.c :87 :List_push) gay shit
DEBUG: (src/list.c :87 :List_push) gay shit
DEBUG: (src/list.c :87 :List_push) gay shit
DEBUG: (src/list.c :87 :List_push) gay shit
DEBUG: (src/list.c :87 :List_push) gay shit
DEBUG: (src/list.c :87 :List_push) gay shit
DEBUG: (src/list.c :87 :List_push) gay shit
DEBUG: (src/list.c :87 :List_push) gay shit
DEBUG: (src/list.c :87 :List_push) gay shit
DEBUG: (src/list.c :87 :List_push) gay shit
DEBUG: (src/list.c :87 :List_push) gay shit
DEBUG: (src/list.c :87 :List_push) gay shit
DEBUG: (src/list.c :87 :List_push) gay shit
DEBUG: (src/list.c :87 :List_push) gay shit
DEBUG: (src/list.c :87 :List_push) gay shit
DEBUG: (src/list.c :87 :List_push) gay shit
DEBUG: (src/list.c :87 :List_push) gay shit
DEBUG: (src/list.c :87 :List_push) gay shit
DEBUG: (src/list.c :87 :List_push) gay shit
DEBUG: (src/list.c :87 :List_push) gay shit
DEBUG: (src/list.c :87 :List_push) gay shit
DEBUG: (src/list.c :87 :List_push) gay shit
DEBUG: (src/list.c :87 :List_push) gay shit
DEBUG: (src/list.c :87 :List_push) gay shit
DEBUG: (src/list.c :87 :List_push) gay shit
DEBUG: (src/list.c :87 :List_push) gay shit
DEBUG: (src/list.c :87 :List_push) gay shit
DEBUG: (src/list.c :87 :List_push) gay shit
DEBUG: (src/list.c :87 :List_push) gay shit
DEBUG: (src/list.c :87 :List_push) gay shit
DEBUG: (src/list.c :87 :List_push) gay shit
DEBUG: (src/list.c :87 :List_push) gay shit
DEBUG: (src/list.c :87 :List_push) gay shit
DEBUG: (src/list.c :87 :List_push) gay shit
DEBUG: (src/list.c :87 :List_push) gay shit
DEBUG: (src/list.c :87 :List_push) gay shit
DEBUG: (src/list.c :87 :List_push) gay shit
DEBUG: (src/list.c :87 :List_push) gay shit
DEBUG: (src/list.c :87 :List_push) gay shit
DEBUG: (src/list.c :87 :List_push) gay shit
DEBUG: (src/list.c :87 :List_push) gay shit
DEBUG: (src/list.c :87 :List_push) gay shit
DEBUG: (src/list.c :87 :List_push) gay shit
DEBUG: (src/list.c :87 :List_push) gay shit
DEBUG: (src/list.c :87 :List_push) gay shit
DEBUG: (src/list.c :87 :List_push) gay shit
DEBUG: (src/list.c :87 :List_push) gay shit
DEBUG: (src/list.c :87 :List_push) gay shit
DEBUG: (src/list.c :87 :List_push) gay shit
DEBUG: (src/list.c :87 :List_push) gay shit
DEBUG: (src/list.c :87 :List_push) gay shit
DEBUG: (src/list.c :87 :List_push) gay shit
DEBUG: (src/list.c :87 :List_push) gay shit
DEBUG: (src/list.c :87 :List_push) gay shit
DEBUG: (src/list.c :87 :List_push) gay shit
DEBUG: (src/list.c :87 :List_push) gay shit
DEBUG: (src/list.c :87 :List_push) gay shit
DEBUG: (src/list.c :87 :List_push) gay shit
DEBUG: (src/list.c :87 :List_push) gay shit
DEBUG: (src/list.c :87 :List_push) gay shit
DEBUG: (src/list.c :87 :List_push) gay shit
DEBUG: (src/list.c :87 :List_push) gay shit
DEBUG: (src/list.c :87 :List_push) gay shit
DEBUG: (src/list.c :87 :List_push) gay shit
DEBUG: (src/list.c :87 :List_push) gay shit
DEBUG: (src/list.c :87 :List_push) gay shit
DEBUG: (src/list.c :87 :List_push) gay shit
DEBUG: (src/list.c :87 :List_push) gay shit
DEBUG: (src/list.c :87 :List_push) gay shit
DEBUG: (src/list.c :87 :List_push) gay shit
DEBUG: (src/list.c :87 :List_push) gay shit
DEBUG: (src/list.c :87 :List_push) gay shit
DEBUG: (src/list.c :87 :List_push) gay shit
DEBUG: (src/list.c :87 :List_push) gay shit
DEBUG: (src/list.c :87 :List_push) gay shit
DEBUG: (src/list.c :87 :List_push) gay shit
DEBUG: (src/list.c :87 :List_push) gay shit
DEBUG: (src/list.c :87 :List_push) gay shit
DEBUG: (src/list.c :87 :List_push) gay shit
DEBUG: (src/list.c :87 :List_push) gay shit
DEBUG: (src/list.c :87 :List_push) gay shit
DEBUG: (src/list.c :87 :List_push) gay shit
DEBUG: (src/list.c :87 :List_push) gay shit
DEBUG: (src/list.c :87 :List_push) gay shit
DEBUG: (src/list.c :87 :List_push) gay shit
DEBUG: (src/list.c :87 :List_push) gay shit
DEBUG: (src/list.c :87 :List_push) gay shit
DEBUG: (src/list.c :87 :List_push) gay shit
DEBUG: (src/list.c :87 :List_push) gay shit
DEBUG: (src/list.c :87 :List_push) gay shit
DEBUG: (src/list.c :87 :List_push) gay shit
DEBUG: (src/list.c :87 :List_push) gay shit
DEBUG: (src/list.c :87 :List_push) gay shit
DEBUG: (src/list.c :87 :List_push) gay shit
DEBUG: (src/list.c :87 :List_push) gay shit
DEBUG: (src/list.c :87 :List_push) gay shit
DEBUG: (src/list.c :87 :List_push) gay shit
DEBUG: (src/list.c :87 :List_push) gay shit
DEBUG: (src/list.c :87 :List_push) gay shit
DEBUG: (src/list.c :87 :List_push) gay shit
DEBUG: (src/list.c :87 :List_push) gay shit
DEBUG: (src/list.c :87 :List_push) gay shit
DEBUG: (src/list.c :87 :List_push) gay shit
DEBUG: (src/list.c :87 :List_push) gay shit
DEBUG: (src/list.c :87 :List_push) gay shit
DEBUG: (src/list.c :87 :List_push) gay shit
DEBUG: (src/list.c :87 :List_push) gay shit
DEBUG: (src/list.c :87 :List_push) gay shit
DEBUG: (src/list.c :87 :List_push) gay shit
DEBUG: (src/list.c :87 :List_push) gay shit
DEBUG: (src/list.c :87 :List_push) gay shit
DEBUG: (src/list.c :87 :List_push) gay shit
DEBUG: (src/list.c :87 :List_push) gay shit
DEBUG: (src/list.c :87 :List_push) gay shit
DEBUG: (src/list.c :87 :List_push) gay shit
DEBUG: (src/list.c :87 :List_push) gay shit
DEBUG: (src/list.c :87 :List_push) gay shit
DEBUG: (src/list.c :87 :List_push) gay shit
DEBUG: (src/list.c :87 :List_push) gay shit
DEBUG: (src/list.c :87 :List_push) gay shit
DEBUG: (src/list.c :87 :List_push) gay shit
DEBUG: (src/list.c :87 :List_push) gay shit
DEBUG: (src/list.c :87 :List_push) gay shit
DEBUG: (src/list.c :87 :List_push) gay shit
DEBUG: (src/list.c :87 :List_push) gay shit
DEBUG: (src/list.c :87 :List_push) gay shit
DEBUG: (src/list.c :87 :List_push) gay shit
DEBUG: (src/list.c :87 :List_push) gay shit
DEBUG: (src/list.c :87 :List_push) gay shit
DEBUG: (src/list.c :87 :List_push) gay shit
DEBUG: (src/list.c :87 :List_push) gay shit
DEBUG: (src/list.c :87 :List_push) gay shit
DEBUG: (src/list.c :87 :List_push) gay shit
DEBUG: (src/list.c :87 :List_push) gay shit
DEBUG: (src/list.c :87 :List_push) gay shit
DEBUG: (src/list.c :87 :List_push) gay shit
DEBUG: (src/list.c :87 :List_push) gay shit
DEBUG: (src/list.c :87 :List_push) gay shit
DEBUG: (src/list.c :87 :List_push) gay shit
DEBUG: (src/list.c :87 :List_push) gay shit
DEBUG: (src/list.c :87 :List_push) gay shit
DEBUG: (src/list.c :87 :List_push) gay shit
DEBUG: (src/list.c :87 :List_push) gay shit
DEBUG: (src/list.c :87 :List_push) gay shit
DEBUG: (src/list.c :87 :List_push) gay shit
DEBUG: (src/list.c :87 :List_push) gay shit
DEBUG: (src/list.c :87 :List_push) gay shit
DEBUG: (src/list.c :87 :List_push) gay shit
DEBUG: (src/list.c :87 :List_push) gay shit
DEBUG: (src/list.c :87 :List_push) gay shit
DEBUG: (src/list.c :87 :List_push) gay shit
DEBUG: (src/list.c :87 :List_push) gay shit
DEBUG: (src/list.c :87 :List_push) gay shit
DEBUG: (src/list.c :87 :List_push) gay shit
DEBUG: (src/list.c :87 :List_push) gay shit
DEBUG: (src/list.c :87 :List_push) gay shit
DEBUG: (src/list.c :87 :List_push) gay shit
DEBUG: (src/list.c :87 :List_push) gay shit
DEBUG: (src/list.c :87 :List_push) gay shit
DEBUG: (src/list.c :87 :List_push) gay shit
DEBUG: (src/list.c :87 :List_push) gay shit
DEBUG: (src/list.c :87 :List_push) gay shit
DEBUG: (src/list.c :87 :List_push) gay shit
DEBUG: (src/list.c :87 :List_push) gay shit
DEBUG: (src/list.c :87 :List_push) gay shit
DEBUG: (src/list.c :87 :List_push) gay shit
DEBUG: (src/list.c :87 :List_push) gay shit
DEBUG: (src/list.c :87 :List_push) gay shit
DEBUG: (src/list.c :87 :List_push) gay shit
DEBUG: (src/list.c :87 :List_push) gay shit
DEBUG: (src/list.c :87 :List_push) gay shit
DEBUG: (src/list.c :87 :List_push) gay shit
DEBUG: (src/list.c :87 :List_push) gay shit
DEBUG: (src/list.c :87 :List_push) gay shit
DEBUG: (src/list.c :87 :List_push) gay shit
DEBUG: (src/list.c :87 :List_push) gay shit
DEBUG: (src/list.c :87 :List_push) gay shit
DEBUG: (src/list.c :87 :List_push) gay shit
DEBUG: (src/list.c :87 :List_push) gay shit
DEBUG: (src/list.c :87 :List_push) gay shit
DEBUG: (src/list.c :87 :List_push) gay shit
DEBUG: (src/list.c :87 :List_push) gay shit
DEBUG: (src/list.c :87 :List_push) gay shit
DEBUG: (src/list.c :87 :List_push) gay shit
DEBUG: (src/list.c :87 :List_push) gay shit
DEBUG: (src/list.c :87 :List_push) gay shit
DEBUG: (src/list.c :87 :List_push) gay shit
DEBUG: (src/list.c :87 :List_push) gay shit
DEBUG: (src/list.c :87 :List_push) gay shit
DEBUG: (src/list.c :87 :List_push) gay shit
DEBUG: (src/list.c :87 :List_push) gay shit
DEBUG: (src/list.c :87 :List_push) gay shit
DEBUG: (src/list.c :87 :List_push) gay shit
DEBUG: (src/list.c :87 :List_push) gay shit
DEBUG: (src/list.c :87 :List_push) gay shit
DEBUG: (src/list.c :87 :List_push) gay shit
DEBUG: (src/list.c :87 :List_push) gay shit
DEBUG: (src/list.c :87 :List_push) gay shit
DEBUG: (src/list.c :87 :List_push) gay shit
DEBUG: (src/list.c :87 :List_push) gay shit
DEBUG: (src/list.c :87 :List_push) gay shit
DEBUG: (src/list.c :87 :List_push) gay shit
DEBUG: (src/list.c :87 :List_push) gay shit
DEBUG: (src/list.c :87 :List_push) gay shit
DEBUG: (src/list.c :87 :List_push) gay shit
DEBUG: (src/list.c :87 :List_push) gay shit
DEBUG: (src/list.c :87 :List_push) gay shit
DEBUG: (src/list.c :87 :List_push) gay shit
DEBUG: (src/list.c :87 :List_push) gay shit
DEBUG: (src/list.c :87 :List_push) gay shit
DEBUG: (src/list.c :87 :List_push) gay shit
DEBUG: (src/list.c :87 :List_push) gay shit
DEBUG: (src/list.c :87 :List_push) gay shit
DEBUG: (src/list.c :87 :List_push) gay shit
DEBUG: (src/list.c :87 :List_push) gay shit
DEBUG: (src/list.c :87 :List_push) gay shit
DEBUG: (src/list.c :87 :List_push) gay shit
DEBUG: (src/list.c :87 :List_push) gay shit
DEBUG: (src/list.c :87 :List_push) gay shit
DEBUG: (src/list.c :87 :List_push) gay shit
DEBUG: (src/list.c :87 :List_push) gay shit
DEBUG: (src/list.c :87 :List_push) gay shit
DEBUG: (src/list.c :87 :List_push) gay shit
DEBUG: (src/list.c :87 :List_push) gay shit
DEBUG: (src/list.c :87 :List_push) gay shit
DEBUG: (src/list.c :87 :List_push) gay shit
DEBUG: (src/list.c :87 :List_push) gay shit
DEBUG: (src/list.c :87 :List_push) gay shit
DEBUG: (src/list.c :87 :List_push) gay shit
DEBUG: (src/list.c :87 :List_push) gay shit
DEBUG: (src/list.c :87 :List_push) gay shit
DEBUG: (src/list.c :87 :List_push) gay shit
DEBUG: (src/list.c :87 :List_push) gay shit
DEBUG: (src/list.c :87 :List_push) gay shit
DEBUG: (src/list.c :87 :List_push) gay shit
DEBUG: (src/list.c :87 :List_push) gay shit
DEBUG: (src/list.c :87 :List_push) gay shit
DEBUG: (src/list.c :87 :List_push) gay shit
DEBUG: (src/list.c :87 :List_push) gay shit
DEBUG: (src/list.c :87 :List_push) gay shit
DEBUG: (src/list.c :87 :List_push) gay shit
DEBUG: (src/list.c :87 :List_push) gay shit
DEBUG: (src/list.c :87 :List_push) gay shit
DEBUG: (src/list.c :87 :List_push) gay shit
DEBUG: (src/list.c :87 :List_push) gay shit
DEBUG: (src/list.c :87 :List_push) gay shit
DEBUG: (src/list.c :87 :List_push) gay shit
DEBUG: (src/list.c :87 :List_push) gay shit
DEBUG: (src/list.c :87 :List_push) gay shit
DEBUG: (src/list.c :87 :List_push) gay shit
DEBUG: (src/list.c :87 :List_push) gay shit
DEBUG: (src/list.c :87 :List_push) gay shit
DEBUG: (src/list.c :87 :List_push) gay shit
DEBUG: (src/list.c :87 :List_push) gay shit
DEBUG: (src/list.c :87 :List_push) gay shit
DEBUG: (src/list.c :87 :List_push) gay shit
DEBUG: (src/list.c :87 :List_push) gay shit
DEBUG: (src/list.c :87 :List_push) gay shit
DEBUG: (src/list.c :87 :List_push) gay shit
DEBUG: (src/list.c :87 :List_push) gay shit
DEBUG: (src/list.c :87 :List_push) gay shit
DEBUG: (src/list.c :87 :List_push) gay shit
DEBUG: (src/list.c :87 :List_push) gay shit
DEBUG: (src/list.c :87 :List_push) gay shit
DEBUG: (src/list.c :87 :List_push) gay shit
DEBUG: (src/list.c :87 :List_push) gay shit
DEBUG: (src/list.c :87 :List_push) gay shit
DEBUG: (src/list.c :87 :List_push) gay shit
DEBUG: (src/list.c :87 :List_push) gay shit
DEBUG: (src/list.c :87 :List_push) gay shit
DEBUG: (src/list.c :87 :List_push) gay shit
DEBUG: (src/list.c :87 :List_push) gay shit
DEBUG: (src/list.c :87 :List_push) gay shit
DEBUG: (src/list.c :87 :List_push) gay shit
DEBUG: (src/list.c :87 :List_push) gay shit
DEBUG: (src/list.c :87 :List_push) gay shit
DEBUG: (src/list.c :87 :List_push) gay shit
DEBUG: (src/list.c :87 :List_push) gay shit
DEBUG: (src/list.c :87 :List_push) gay shit
DEBUG: (src/list.c :87 :List_push) gay shit
DEBUG: (src/list.c :87 :List_push) gay shit
DEBUG: (src/list.c :87 :List_push) gay shit
DEBUG: (src/list.c :87 :List_push) gay shit
DEBUG: (src/list.c :87 :List_push) gay shit
DEBUG: (src/list.c :87 :List_push) gay shit
DEBUG: (src/list.c :87 :List_push) gay shit
DEBUG: (src/list.c :87 :List_push) gay shit
DEBUG: (src/list.c :87 :List_push) gay shit
DEBUG: (src/list.c :87 :List_push) gay shit
DEBUG: (src/list.c :87 :List_push) gay shit
DEBUG: (src/list.c :87 :List_push) gay shit
DEBUG: (src/list.c :87 :List_push) gay shit
DEBUG: (src/list.c :87 :List_push) gay shit
DEBUG: (src/list.c :87 :List_push) gay shit
DEBUG: (src/list.c :87 :List_push) gay shit
DEBUG: (src/list.c :87 :List_push) gay shit
DEBUG: (src/list.c :87 :List_push) gay shit
DEBUG: (src/list.c :87 :List_push) gay shit
DEBUG: (src/list.c :87 :List_push) gay shit
DEBUG: (src/list.c :87 :List_push) gay shit
DEBUG: (src/list.c :87 :List_push) gay shit
DEBUG: (src/list.c :87 :List_push) gay shit
DEBUG: (src/list.c :87 :List_push) gay shit
DEBUG: (src/list.c :87 :List_push) gay shit
DEBUG: (src/list.c :87 :List_push) gay shit
DEBUG: (src/list.c :87 :List_push) gay shit
DEBUG: (src/list.c :87 :List_push) gay shit
DEBUG: (src/list.c :87 :List_push) gay shit
DEBUG: (src/list.c :87 :List_push) gay shit
DEBUG: (src/list.c :87 :List_push) gay shit
DEBUG: (src/list.c :87 :List_push) gay shit
DEBUG: (src/list.c :87 :List_push) gay shit
DEBUG: (src/list.c :87 :List_push) gay shit
DEBUG: (src/list.c :87 :List_push) gay shit
DEBUG: (src/list.c :87 :List_push) gay shit
DEBUG: (src/list.c :87 :List_push) gay shit
DEBUG: (src/list.c :87 :List_push) gay shit
DEBUG: (src/list.c :87 :List_push) gay shit
DEBUG: (src/list.c :87 :List_push) gay shit
DEBUG: (src/list.c :87 :List_push) gay shit
DEBUG: (src/list.c :87 :List_push) gay shit
DEBUG: (src/list.c :87 :List_push) gay shit
DEBUG: (src/list.c :87 :List_push) gay shit
DEBUG: (src/list.c :87 :List_push) gay shit
DEBUG: (src/list.c :87 :List_push) gay shit
DEBUG: (src/list.c :87 :List_push) gay shit
DEBUG: (src/list.c :87 :List_push) gay shit
DEBUG: (src/list.c :87 :List_push) gay shit
DEBUG: (src/list.c :87 :List_push) gay shit
DEBUG: (src/list.c :87 :List_push) gay shit
DEBUG: (src/list.c :87 :List_push) gay shit
DEBUG: (src/list.c :87 :List_push) gay shit
DEBUG: (src/list.c :87 :List_push) gay shit
DEBUG: (src/list.c :87 :List_push) gay shit
DEBUG: (src/list.c :87 :List_push) gay shit
DEBUG: (src/list.c :87 :List_push) gay shit
DEBUG: (src/list.c :87 :List_push) gay shit
DEBUG: (src/list.c :87 :List_push) gay shit
DEBUG: (src/list.c :87 :List_push) gay shit
DEBUG: (src/list.c :87 :List_push) gay shit
DEBUG: (src/list.c :87 :List_push) gay shit
DEBUG: (src/list.c :87 :List_push) gay shit
DEBUG: (src/list.c :87 :List_push) gay shit
DEBUG: (src/list.c :87 :List_push) gay shit
DEBUG: (src/list.c :87 :List_push) gay shit
DEBUG: (src/list.c :87 :List_push) gay shit
DEBUG: (src/list.c :87 :List_push) gay shit
DEBUG: (src/list.c :87 :List_push) gay shit
DEBUG: (src/list.c :87 :List_push) gay shit
DEBUG: (src/list.c :87 :List_push) gay shit
DEBUG: (src/list.c :87 :List_push) gay shit
DEBUG: (src/list.c :87 :List_push) gay shit
DEBUG: (src/list.c :87 :List_push) gay shit
DEBUG: (src/list.c :87 :List_push) gay shit
DEBUG: (src/list.c :87 :List_push) gay shit
DEBUG: (src/list.c :87 :List_push) gay shit
DEBUG: (src/list.c :87 :List_push) gay shit
DEBUG: (src/list.c :87 :List_push) gay shit
DEBUG: (src/list.c :87 :List_push) gay shit
DEBUG: (src/list.c :87 :List_push) gay shit
DEBUG: (src/list.c :87 :List_push) gay shit
DEBUG: (src/list.c :87 :List_push) gay shit
DEBUG: (src/list.c :87 :List_push) gay shit
DEBUG: (src/list.c :87 :List_push) gay shit
DEBUG: (src/list.c :87 :List_push) gay shit
DEBUG: (src/list.c :87 :List_push) gay shit
DEBUG: (src/list.c :87 :List_push) gay shit
DEBUG: (src/list.c :87 :List_push) gay shit
DEBUG: (src/list.c :87 :List_push) gay shit
DEBUG: (src/list.c :87 :List_push) gay shit
DEBUG: (src/list.c :87 :List_push) gay shit
DEBUG: (src/list.c :87 :List_push) gay shit
DEBUG: (src/list.c :87 :List_push) gay shit
DEBUG: (src/list.c :87 :List_push) gay shit
DEBUG: (src/list.c :87 :List_push) gay shit
DEBUG: (src/list.c :87 :List_push) gay shit
DEBUG: (src/list.c :87 :List_push) gay shit
DEBUG: (src/list.c :87 :List_push) gay shit
DEBUG: (src/list.c :87 :List_push) gay shit
DEBUG: (src/list.c :87 :List_push) gay shit
DEBUG: (src/list.c :87 :List_push) gay shit
DEBUG: (src/list.c :87 :List_push) gay shit
DEBUG: (src/list.c :87 :List_push) gay shit
DEBUG: (src/list.c :87 :List_push) gay shit
DEBUG: (src/list.c :87 :List_push) gay shit
DEBUG: (src/list.c :87 :List_push) gay shit
DEBUG: (src/list.c :87 :List_push) gay shit
DEBUG: (src/list.c :87 :List_push) gay shit
DEBUG: (src/list.c :87 :List_push) gay shit
DEBUG: (src/list.c :87 :List_push) gay shit
DEBUG: (src/list.c :87 :List_push) gay shit
DEBUG: (src/list.c :87 :List_push) gay shit
DEBUG: (src/list.c :87 :List_push) gay shit
DEBUG: (src/list.c :87 :List_push) gay shit
DEBUG: (src/list.c :87 :List_push) gay shit
DEBUG: (src/list.c :87 :List_push) gay shit
DEBUG: (src/list.c :87 :List_push) gay shit
DEBUG: (src/list.c :87 :List_push) gay shit
DEBUG: (src/list.c :87 :List_push) gay shit
DEBUG: (src/list.c :87 :List_push) gay shit
DEBUG: (src/list.c :87 :List_push) gay shit
DEBUG: (src/list.c :87 :List_push) gay shit
DEBUG: (src/list.c :87 :List_push) gay shit
DEBUG: (src/list.c :87 :List_push) gay shit
DEBUG: (src/list.c :87 :List_push) gay shit
DEBUG: (src/list.c :87 :List_push) gay shit
DEBUG: (src/list.c :87 :List_push) gay shit
DEBUG: (src/list.c :87 :List_push) gay shit
DEBUG: (src/list.c :87 :List_push) gay shit
DEBUG: (src/list.c :87 :List_push) gay shit
DEBUG: (src/list.c :87 :List_push) gay shit
DEBUG: (src/list.c :87 :List_push) gay shit
DEBUG: (src/list.c :87 :List_push) gay shit
DEBUG: (src/list.c :87 :List_push) gay shit
DEBUG: (src/list.c :87 :List_push) gay shit
DEBUG: (src/list.c :87 :List_push) gay shit
DEBUG: (src/list.c :87 :List_push) gay shit
DEBUG: (src/list.c :87 :List_push) gay shit
DEBUG: (src/list.c :87 :List_push) gay shit
DEBUG: (src/list.c :87 :List_push) gay shit
DEBUG: (src/list.c :87 :List_push) gay shit
DEBUG: (src/list.c :87 :List_push) gay shit
DEBUG: (src/list.c :87 :List_push) gay shit
DEBUG: (src/list.c :87 :List_push) gay shit
DEBUG: (src/list.c :87 :List_push) gay shit
DEBUG: (src/list.c :87 :List_push) gay shit
DEBUG: (src/list.c :87 :List_push) gay shit
DEBUG: (src/list.c :87 :List_push) gay shit
DEBUG: (src/list.c :87 :List_push) gay shit
DEBUG: (src/list.c :87 :List_push) gay shit
DEBUG: (src/list.c :87 :List_push) gay shit
DEBUG: (src/list.c :87 :List_push) gay shit
DEBUG: (src/list.c :87 :List_push) gay shit
DEBUG: (src/list.c :87 :List_push) gay shit
DEBUG: (src/list.c :87 :List_push) gay shit
DEBUG: (src/list.c :87 :List_push) gay shit
DEBUG: (src/list.c :87 :List_push) gay shit
DEBUG: (src/list.c :87 :List_push) gay shit
DEBUG: (src/list.c :87 :List_push) gay shit
DEBUG: (src/list.c :87 :List_push) gay shit
DEBUG: (src/list.c :87 :List_push) gay shit
DEBUG: (src/list.c :87 :List_push) gay shit
DEBUG: (src/list.c :87 :List_push) gay shit
DEBUG: (src/list.c :87 :List_push) gay shit
DEBUG: (src/list.c :87 :List_push) gay shit
DEBUG: (src/list.c :87 :List_push) gay shit
DEBUG: (src/list.c :87 :List_push) gay shit
DEBUG: (src/list.c :87 :List_push) gay shit
DEBUG: (src/list.c :87 :List_push) gay shit
DEBUG: (src/list.c :87 :List_push) gay shit
DEBUG: (src/list.c :87 :List_push) gay shit
DEBUG: (src/list.c :87 :List_push) gay shit
DEBUG: (src/list.c :87 :List_push) gay shit
DEBUG: (src/list.c :87 :List_push) gay shit
DEBUG: (src/list.c :87 :List_push) gay shit
DEBUG: (src/list.c :87 :List_push) gay shit
DEBUG: (src/list.c :87 :List_push) gay shit
DEBUG: (src/list.c :87 :List_push) gay shit
DEBUG: (src/list.c :87 :List_push) gay shit
DEBUG: (src/list.c :87 :List_push) gay shit
DEBUG: (src/list.c :87 :List_push) gay shit
DEBUG: (src/list.c :87 :List_push) gay shit
DEBUG: (src/list.c :87 :List_push) gay shit
DEBUG: (src/list.c :87 :List_push) gay shit
DEBUG: (src/list.c :87 :List_push) gay shit
DEBUG: (src/list.c :87 :List_push) gay shit
DEBUG: (src/list.c :87 :List_push) gay shit
DEBUG: (src/list.c :87 :List_push) gay shit
DEBUG: (src/list.c :87 :List_push) gay shit
DEBUG: (src/list.c :87 :List_push) gay shit
DEBUG: (src/list.c :87 :List_push) gay shit
DEBUG: (src/list.c :87 :List_push) gay shit
DEBUG: (src/list.c :87 :List_push) gay shit
DEBUG: (src/list.c :87 :List_push) gay shit
DEBUG: (src/list.c :87 :List_push) gay shit
DEBUG: (src/list.c :87 :List_push) gay shit
DEBUG: (src/list.c :87 :List_push) gay shit
DEBUG: (src/list.c :87 :List_push) gay shit
DEBUG: (src/list.c :87 :List_push) gay shit
DEBUG: (src/list.c :87 :List_push) gay shit
DEBUG: (src/list.c :87 :List_push) gay shit
DEBUG: (src/list.c :87 :List_push) gay shit
DEBUG: (src/list.c :87 :List_push) gay shit
DEBUG: (src/list.c :87 :List_push) gay shit
DEBUG: (src/list.c :87 :List_push) gay shit
DEBUG: (src/list.c :87 :List_push) gay shit
DEBUG: (src/list.c :87 :List_push) gay shit
DEBUG: (src/list.c :87 :List_push) gay shit
DEBUG: (src/list.c :87 :List_push) gay shit
DEBUG: (src/list.c :87 :List_push) gay shit
DEBUG: (src/list.c :87 :List_push) gay shit
DEBUG: (src/list.c :87 :List_push) gay shit
DEBUG: (src/list.c :87 :List_push) gay shit
DEBUG: (src/list.c :87 :List_push) gay shit
DEBUG: (src/list.c :87 :List_push) gay shit
DEBUG: (src/list.c :87 :List_push) gay shit
DEBUG: (src/list.c :87 :List_push) gay shit
DEBUG: (src/list.c :87 :List_push) gay shit
DEBUG: (src/list.c :87 :List_push) gay shit
DEBUG: (src/list.c :87 :List_push) gay shit
DEBUG: (src/list.c :87 :List_push) gay shit
DEBUG: (src/list.c :87 :List_push) gay shit
DEBUG: (src/list.c :87 :List_push) gay shit
DEBUG: (src/list.c :87 :List_push) gay shit
DEBUG: (src/list.c :87 :List_push) gay shit
DEBUG: (src/list.c :87 :List_push) gay shit
DEBUG: (src/list.c :87 :List_push) gay shit
DEBUG: (src/list.c :87 :List_push) gay shit
DEBUG: (src/list.c :87 :List_push) gay shit
DEBUG: (src/list.c :87 :List_push) gay shit
DEBUG: (src/list.c :87 :List_push) gay shit
DEBUG: (src/list.c :87 :List_push) gay shit
DEBUG: (src/list.c :87 :List_push) gay shit
DEBUG: (src/list.c :87 :List_push) gay shit
DEBUG: (src/list.c :87 :List_push) gay shit
DEBUG: (src/list.c :87 :List_push) gay shit
DEBUG: (src/list.c :87 :List_push) gay shit
DEBUG: (src/list.c :87 :List_push) gay shit
DEBUG: (src/list.c :87 :List_push) gay shit
DEBUG: (src/list.c :87 :List_push) gay shit
DEBUG: (src/list.c :87 :List_push) gay shit
DEBUG: (src/list.c :87 :List_push) gay shit
DEBUG: (src/list.c :87 :List_push) gay shit
DEBUG: (src/list.c :87 :List_push) gay shit
DEBUG: (src/list.c :87 :List_push) gay shit
DEBUG: (src/list.c :87 :List_push) gay shit
DEBUG: (src/list.c :87 :List_push) gay shit
DEBUG: (src/list.c :87 :List_push) gay shit
DEBUG: (src/list.c :87 :List_push) gay shit
DEBUG: (src/list.c :87 :List_push) gay shit
DEBUG: (src/list.c :87 :List_push) gay shit
DEBUG: (src/list.c :87 :List_push) gay shit
DEBUG: (src/list.c :87 :List_push) gay shit
DEBUG: (src/list.c :87 :List_push) gay shit
DEBUG: (src/list.c :87 :List_push) gay shit
DEBUG: (src/list.c :87 :List_push) gay shit
DEBUG: (src/list.c :87 :List_push) gay shit
DEBUG: (src/list.c :87 :List_push) gay shit
DEBUG: (src/list.c :87 :List_push) gay shit
DEBUG: (src/list.c :87 :List_push) gay shit
DEBUG: (src/list.c :87 :List_push) gay shit
DEBUG: (src/list.c :87 :List_push) gay shit
DEBUG: (src/list.c :87 :List_push) gay shit
DEBUG: (src/list.c :87 :List_push) gay shit
DEBUG: (src/list.c :87 :List_push) gay shit
DEBUG: (src/list.c :87 :List_push) gay shit
DEBUG: (src/list.c :87 :List_push) gay shit
DEBUG: (src/list.c :87 :List_push) gay shit
DEBUG: (src/list.c :87 :List_push) gay shit
DEBUG: (src/list.c :87 :List_push) gay shit
DEBUG: (src/list.c :87 :List_push) gay shit
DEBUG: (src/list.c :87 :List_push) gay shit
DEBUG: (src/list.c :87 :List_push) gay shit
DEBUG: (src/list.c :87 :List_push) gay shit
DEBUG: (src/list.c :87 :List_push) gay shit
DEBUG: (src/list.c :87 :List_push) gay shit
DEBUG: (src/list.c :87 :List_push) gay shit
DEBUG: (src/list.c :87 :List_push) gay shit
DEBUG: (src/list.c :87 :List_push) gay shit
DEBUG: (src/list.c :87 :List_push) gay shit
DEBUG: (src/list.c :87 :List_push) gay shit
DEBUG: (src/list.c :87 :List_push) gay shit
DEBUG: (src/list.c :87 :List_push) gay shit
DEBUG: (src/list.c :87 :List_push) gay shit
DEBUG: (src/list.c :87 :List_push) gay shit
DEBUG: (src/list.c :87 :List_push) gay shit
DEBUG: (src/list.c :87 :List_push) gay shit
DEBUG: (src/list.c :87 :List_push) gay shit
DEBUG: (src/list.c :87 :List_push) gay shit
DEBUG: (src/list.c :87 :List_push) gay shit
DEBUG: (src/list.c :87 :List_push) gay shit
DEBUG: (src/list.c :87 :List_push) gay shit
DEBUG: (src/list.c :87 :List_push) gay shit
DEBUG: (src/list.c :87 :List_push) gay shit
DEBUG: (src/list.c :87 :List_push) gay shit
DEBUG: (src/list.c :87 :List_push) gay shit
DEBUG: (src/list.c :87 :List_push) gay shit
DEBUG: (src/list.c :87 :List_push) gay shit
DEBUG: (src/list.c :87 :List_push) gay shit
DEBUG: (src/list.c :87 :List_push) gay shit
DEBUG: (src/list.c :87 :List_push) gay shit
DEBUG: (src/list.c :87 :List_push) gay shit
DEBUG: (src/list.c :87 :List_push) gay shit
DEBUG: (src/list.c :87 :List_push) gay shit
DEBUG: (src/list.c :87 :List_push) gay shit
DEBUG: (src/list.c :87 :List_push) gay shit
DEBUG: (src/list.c :87 :List_push) gay shit
DEBUG: (src/list.c :87 :List_push) gay shit
DEBUG: (src/list.c :87 :List_push) gay shit
DEBUG: (src/list.c :87 :List_push) gay shit
DEBUG: (src/list.c :87 :List_push) gay shit
DEBUG: (src/list.c :87 :List_push) gay shit
DEBUG: (src/list.c :87 :List_push) gay shit
DEBUG: (src/list.c :87 :List_push) gay shit
DEBUG: (src/list.c :87 :List_push) gay shit
DEBUG: (src/list.c :87 :List_push) gay shit
DEBUG: (src/list.c :87 :List_push) gay shit
DEBUG: (src/list.c :87 :List_push) gay shit
DEBUG: (src/list.c :87 :List_push) gay shit
DEBUG: (src/list.c :87 :List_push) gay shit
DEBUG: (src/list.c :87 :List_push) gay shit
DEBUG: (src/list.c :87 :List_push) gay shit
DEBUG: (src/list.c :87 :List_push) gay shit
DEBUG: (src/list.c :87 :List_push) gay shit
DEBUG: (src/list.c :87 :List_push) gay shit
DEBUG: (src/list.c :87 :List_push) gay shit
DEBUG: (src/list.c :87 :List_push) gay shit
DEBUG: (src/list.c :87 :List_push) gay shit
DEBUG: (src/list.c :87 :List_push) gay shit
DEBUG: (src/list.c :87 :List_push) gay shit
DEBUG: (src/list.c :87 :List_push) gay shit
DEBUG: (src/list.c :87 :List_push) gay shit
DEBUG: (src/list.c :87 :List_push) gay shit
DEBUG: (src/list.c :87 :List_push) gay shit
DEBUG: (src/list.c :87 :List_push) gay shit
DEBUG: (src/list.c :87 :List_push) gay shit
DEBUG: (src/list.c :87 :List_push) gay shit
DEBUG: (src/list.c :87 :List_push) gay shit
DEBUG: (src/list.c :87 :List_push) gay shit
DEBUG: (src/list.c :87 :List_push) gay shit
DEBUG: (src/list.c :87 :List_push) gay shit
DEBUG: (src/list.c :87 :List_push) gay shit
DEBUG: (src/list.c :87 :List_push) gay shit
DEBUG: (src/list.c :87 :List_push) gay shit
DEBUG: (src/list.c :87 :List_push) gay shit
DEBUG: (src/list.c :87 :List_push) gay shit
DEBUG: (src/list.c :87 :List_push) gay shit
DEBUG: (src/list.c :87 :List_push) gay shit
DEBUG: (src/list.c :87 :List_push) gay shit
DEBUG: (src/list.c :87 :List_push) gay shit
DEBUG: (src/list.c :87 :List_push) gay shit
DEBUG: (src/list.c :87 :List_push) gay shit
DEBUG: (src/list.c :87 :List_push) gay shit
DEBUG: (src/list.c :87 :List_push) gay shit
DEBUG: (src/list.c :87 :List_push) gay shit
DEBUG: (src/list.c :87 :List_push) gay shit
DEBUG: (src/list.c :87 :List_push) gay shit
DEBUG: (src/list.c :87 :List_push) gay shit
DEBUG: (src/list.c :87 :List_push) gay shit
DEBUG: (src/list.c :87 :List_push) gay shit
DEBUG: (src/list.c :87 :List_push) gay shit
DEBUG: (src/list.c :87 :List_push) gay shit
DEBUG: (src/list.c :87 :List_push) gay shit
DEBUG: (src/list.c :87 :List_push) gay shit
DEBUG: (src/list.c :87 :List_push) gay shit
DEBUG: (src/list.c :87 :List_push) gay shit
DEBUG: (src/list.c :87 :List_push) gay shit
DEBUG: (src/list.c :87 :List_push) gay shit
DEBUG: (src/list.c :87 :List_push) gay shit
DEBUG: (src/list.c :87 :List_push) gay shit
DEBUG: (src/list.c :87 :List_push) gay shit
DEBUG: (src/list.c :87 :List_push) gay shit
DEBUG: (src/list.c :87 :List_push) gay shit
DEBUG: (src/list.c :87 :List_push) gay shit
DEBUG: (src/list.c :87 :List_push) gay shit
DEBUG: (src/list.c :87 :List_push) gay shit
DEBUG: (src/list.c :87 :List_push) gay shit
DEBUG: (src/list.c :87 :List_push) gay shit
DEBUG: (src/list.c :87 :List_push) gay shit
DEBUG: (src/list.c :87 :List_push) gay shit
DEBUG: (src/list.c :87 :List_push) gay shit
DEBUG: (src/list.c :87 :List_push) gay shit
DEBUG: (src/list.c :87 :List_push) gay shit
DEBUG: (src/list.c :87 :List_push) gay shit
DEBUG: (src/list.c :87 :List_push) gay shit
DEBUG: (src/list.c :87 :List_push) gay shit
DEBUG: (src/list.c :87 :List_push) gay shit
DEBUG: (src/list.c :87 :List_push) gay shit
DEBUG: (src/list.c :87 :List_push) gay shit
DEBUG: (src/list.c :87 :List_push) gay shit
DEBUG: (src/list.c :87 :List_push) gay shit
DEBUG: (src/list.c :87 :List_push) gay shit
DEBUG: (src/list.c :87 :List_push) gay shit
DEBUG: (src/list.c :87 :List_push) gay shit
DEBUG: (src/list.c :87 :List_push) gay shit
DEBUG: (src/list.c :87 :List_push) gay shit
DEBUG: (src/list.c :87 :List_push) gay shit
DEBUG: (src/list.c :87 :List_push) gay shit
DEBUG: (src/list.c :87 :List_push) gay shit
DEBUG: (src/list.c :87 :List_push) gay shit
DEBUG: (src/list.c :87 :List_push) gay shit
DEBUG: (src/list.c :87 :List_push) gay shit
DEBUG: (src/list.c :87 :List_push) gay shit
DEBUG: (src/list.c :87 :List_push) gay shit
DEBUG: (src/list.c :87 :List_push) gay shit
DEBUG: (src/list.c :87 :List_push) gay shit
DEBUG: (src/list.c :87 :List_push) gay shit
DEBUG: (src/list.c :87 :List_push) gay shit
DEBUG: (src/list.c :87 :List_push) gay shit
DEBUG: (src/list.c :87 :List_push) gay shit
DEBUG: (src/list.c :87 :List_push) gay shit
DEBUG: (src/list.c :87 :List_push) gay shit
DEBUG: (src/list.c :87 :List_push) gay shit
DEBUG: (src/list.c :87 :List_push) gay shit
DEBUG: (src/list.c :87 :List_push) gay shit
DEBUG: (src/list.c :87 :List_push) gay shit
DEBUG: (src/list.c :87 :List_push) gay shit
DEBUG: (src/list.c :87 :List_push) gay shit
DEBUG: (src/list.c :87 :List_push) gay shit
DEBUG: (src/list.c :87 :List_push) gay shit
DEBUG: (src/list.c :87 :List_push) gay shit
DEBUG: (src/list.c :87 :List_push) gay shit
DEBUG: (src/list.c :87 :List_push) gay shit
DEBUG: (src/list.c :87 :List_push) gay shit
DEBUG: (src/list.c :87 :List_push) gay shit
DEBUG: (src/list.c :87 :List_push) gay shit
DEBUG: (src/list.c :87 :List_push) gay shit
DEBUG: (src/list.c :87 :List_push) gay shit
DEBUG: (src/list.c :87 :List_push) gay shit
DEBUG: (src/list.c :87 :List_push) gay shit
DEBUG: (src/list.c :87 :List_push) gay shit
DEBUG: (src/list.c :87 :List_push) gay shit
DEBUG: (src/list.c :87 :List_push) gay shit
DEBUG: (src/list.c :87 :List_push) gay shit
DEBUG: (src/list.c :87 :List_push) gay shit
DEBUG: (src/list.c :87 :List_push) gay shit
DEBUG: (src/list.c :87 :List_push) gay shit
DEBUG: (src/list.c :87 :List_push) gay shit
DEBUG: (src/list.c :87 :List_push) gay shit
DEBUG: (src/list.c :87 :List_push) gay shit
DEBUG: (src/list.c :87 :List_push) gay shit
DEBUG: (src/list.c :87 :List_push) gay shit
DEBUG: (src/list.c :87 :List_push) gay shit
DEBUG: (src/list.c :87 :List_push) gay shit
DEBUG: (src/list.c :87 :List_push) gay shit
DEBUG: (src/list.c :87 :List_push) gay shit
DEBUG: (src/list.c :87 :List_push) gay shit
DEBUG: (src/list.c :87 :List_push) gay shit
DEBUG: (src/list.c :87 :List_push) gay shit
DEBUG: (src/list.c :87 :List_push) gay shit
DEBUG: (src/list.c :87 :List_push) gay shit
DEBUG: (src/list.c :87 :List_push) gay shit
DEBUG: (src/list.c :87 :List_push) gay shit
DEBUG: (src/list.c :87 :List_push) gay shit
DEBUG: (src/list.c :87 :List_push) gay shit
DEBUG: (src/list.c :87 :List_push) gay shit
DEBUG: (src/list.c :87 :List_push) gay shit
DEBUG: (src/list.c :87 :List_push) gay shit
DEBUG: (src/list.c :87 :List_push) gay shit
DEBUG: (src/list.c :87 :List_push) gay shit
DEBUG: (src/list.c :87 :List_push) gay shit
DEBUG: (src/list.c :87 :List_push) gay shit
DEBUG: (src/list.c :87 :List_push) gay shit
DEBUG: (src/list.c :87 :List_push) gay shit
DEBUG: (src/list.c :87 :List_push) gay shit
DEBUG: (src/list.c :87 :List_push) gay shit
DEBUG: (src/list.c :87 :List_push) gay shit
DEBUG: (src/list.c :87 :List_push) gay shit
DEBUG: (src/list.c :87 :List_push) gay shit
DEBUG: (src/list.c :87 :List_push) gay shit
DEBUG: (src/list.c :87 :List_push) gay shit
DEBUG: (src/list.c :87 :List_push) gay shit
DEBUG: (src/list.c :87 :List_push) gay shit
DEBUG: (src/list.c :87 :List_push) gay shit
DEBUG: (src/list.c :87 :List_push) gay shit
DEBUG: (src/list.c :87 :List_push) gay shit
DEBUG: (src/list.c :87 :List_push) gay shit
DEBUG: (src/list.c :87 :List_push) gay shit
DEBUG: (src/list.c :87 :List_push) gay shit
DEBUG: (src/list.c :87 :List_push) gay shit
DEBUG: (src/list.c :87 :List_push) gay shit
DEBUG: (src/list.c :87 :List_push) gay shit
DEBUG: (src/list.c :87 :List_push) gay shit
DEBUG: (src/list.c :87 :List_push) gay shit
DEBUG: (src/list.c :87 :List_push) gay shit
DEBUG: (src/list.c :87 :List_push) gay shit
DEBUG: (src/list.c :87 :List_push) gay shit
DEBUG: (src/list.c :87 :List_push) gay shit
DEBUG: (src/list.c :87 :List_push) gay shit
DEBUG: (src/list.c :87 :List_push) gay shit
DEBUG: (src/list.c :87 :List_push) gay shit
DEBUG: (src/list.c :87 :List_push) gay shit
DEBUG: (src/list.c :87 :List_push) gay shit
DEBUG: (src/list.c :87 :List_push) gay shit
DEBUG: (src/list.c :87 :List_push) gay shit
DEBUG: (src/list.c :87 :List_push) gay shit
DEBUG: (src/list.c :87 :List_push) gay shit
DEBUG: (src/list.c :87 :List_push) gay shit
DEBUG: (src/list.c :87 :List_push) gay shit
DEBUG: (src/list.c :87 :List_push) gay shit
DEBUG: (src/list.c :87 :List_push) gay shit
DEBUG: (src/list.c :87 :List_push) gay shit
DEBUG: (src/list.c :87 :List_push) gay shit
DEBUG: (src/list.c :87 :List_push) gay shit
DEBUG: (src/list.c :87 :List_push) gay shit
DEBUG: (src/list.c :87 :List_push) gay shit
DEBUG: (src/list.c :87 :List_push) gay shit
DEBUG: (src/list.c :87 :List_push) gay shit
DEBUG: (src/list.c :87 :List_push) gay shit
DEBUG: (src/list.c :87 :List_push) gay shit
DEBUG: (src/list.c :87 :List_push) gay shit
DEBUG: (src/list.c :87 :List_push) gay shit
DEBUG: (src/list.c :87 :List_push) gay shit
DEBUG: (src/list.c :87 :List_push) gay shit
DEBUG: (src/list.c :87 :List_push) gay shit
DEBUG: (src/list.c :87 :List_push) gay shit
DEBUG: (src/list.c :87 :List_push) gay shit
DEBUG: (src/list.c :87 :List_push) gay shit
DEBUG: (src/list.c :87 :List_push) gay shit
DEBUG: (src/list.c :87 :List_push) gay shit
DEBUG: (src/list.c :87 :List_push) gay shit
DEBUG: (src/list.c :87 :List_push) gay shit
DEBUG: (src/list.c :87 :List_push) gay shit
DEBUG: (src/list.c :87 :List_push) gay shit
DEBUG: (src/list.c :87 :List_push) gay shit
DEBUG: (src/list.c :87 :List_push) gay shit
DEBUG: (src/list.c :87 :List_push) gay shit
DEBUG: (src/list.c :87 :List_push) gay shit
DEBUG: (src/list.c :87 :List_push) gay shit
DEBUG: (src/list.c :87 :List_push) gay shit
DEBUG: (src/list.c :87 :List_push) gay shit
DEBUG: (src/list.c :87 :List_push) gay shit
DEBUG: (src/list.c :87 :List_push) gay shit
DEBUG: (src/list.c :87 :List_push) gay shit
DEBUG: (src/list.c :87 :List_push) gay shit
DEBUG: (src/list.c :87 :List_push) gay shit
DEBUG: (src/list.c :87 :List_push) gay shit
DEBUG: (src/list.c :87 :List_push) gay shit
DEBUG: (src/list.c :87 :List_push) gay shit
DEBUG: (src/list.c :87 :List_push) gay shit
DEBUG: (src/list.c :87 :List_push) gay shit
DEBUG: (src/list.c :87 :List_push) gay shit
DEBUG: (src/list.c :87 :List_push) gay shit
DEBUG: (src/list.c :87 :List_push) gay shit
DEBUG: (src/list.c :87 :List_push) gay shit
DEBUG: (src/list.c :87 :List_push) gay shit
DEBUG: (src/list.c :87 :List_push) gay shit
DEBUG: (src/list.c :87 :List_push) gay shit
DEBUG: (src/list.c :87 :List_push) gay shit
DEBUG: (src/list.c :87 :List_push) gay shit
DEBUG: (src/list.c :87 :List_push) gay shit
DEBUG: (src/list.c :87 :List_push) gay shit
DEBUG: (src/list.c :87 :List_push) gay shit
DEBUG: (src/list.c :87 :List_push) gay shit
DEBUG: (src/list.c :87 :List_push) gay shit
DEBUG: (src/list.c :87 :List_push) gay shit
DEBUG: (src/list.c :87 :List_push) gay shit
DEBUG: (src/list.c :87 :List_push) gay shit
DEBUG: (src/list.c :87 :List_push) gay shit
DEBUG: (src/list.c :87 :List_push) gay shit
DEBUG: (src/list.c :87 :List_push) gay shit
DEBUG: (src/list.c :87 :List_push) gay shit
DEBUG: (src/list.c :87 :List_push) gay shit
DEBUG: (src/list.c :87 :List_push) gay shit
DEBUG: (src/list.c :87 :List_push) gay shit
DEBUG: (src/list.c :87 :List_push) gay shit
DEBUG: (src/list.c :87 :List_push) gay shit
DEBUG: (src/list.c :87 :List_push) gay shit
DEBUG: (src/list.c :87 :List_push) gay shit
DEBUG: (src/list.c :87 :List_push) gay shit
DEBUG: (src/list.c :87 :List_push) gay shit
DEBUG: (src/list.c :87 :List_push) gay shit
DEBUG: (src/list.c :87 :List_push) gay shit
DEBUG: (src/list.c :87 :List_push) gay shit
DEBUG: (src/list.c :87 :List_push) gay shit
DEBUG: (src/list.c :87 :List_push) gay shit
DEBUG: (src/list.c :87 :List_push) gay shit
DEBUG: (src/list.c :87 :List_push) gay shit
DEBUG: (src/list.c :87 :List_push) gay shit
DEBUG: (src/list.c :87 :List_push) gay shit
DEBUG: (src/list.c :87 :List_push) gay shit
DEBUG: (src/list.c :87 :List_push) gay shit
DEBUG: (src/list.c :87 :List_push) gay shit
DEBUG: (src/list.c :87 :List_push) gay shit
DEBUG: (src/list.c :87 :List_push) gay shit
DEBUG: (src/list.c :87 :List_push) gay shit
DEBUG: (src/list.c :87 :List_push) gay shit
DEBUG: (src/list.c :87 :List_push) gay shit
DEBUG: (src/list.c :87 :List_push) gay shit
DEBUG: (src/list.c :87 :List_push) gay shit
DEBUG: (src/list.c :87 :List_push) gay shit
DEBUG: (src/list.c :87 :List_push) gay shit
DEBUG: (src/list.c :87 :List_push) gay shit
DEBUG: (src/list.c :87 :List_push) gay shit
DEBUG: (src/list.c :87 :List_push) gay shit
DEBUG: (src/list.c :87 :List_push) gay shit
DEBUG: (src/list.c :87 :List_push) gay shit
DEBUG: (src/list.c :87 :List_push) gay shit
DEBUG: (src/list.c :87 :List_push) gay shit
DEBUG: (src/list.c :87 :List_push) gay shit
DEBUG: (src/list.c :87 :List_push) gay shit
DEBUG: (src/list.c :87 :List_push) gay shit
DEBUG: (src/list.c :87 :List_push) gay shit
DEBUG: (src/list.c :87 :List_push) gay shit
DEBUG: (src/list.c :87 :List_push) gay shit
DEBUG: (src/list.c :87 :List_push) gay shit
DEBUG: (src/list.c :87 :List_push) gay shit
DEBUG: (src/list.c :87 :List_push) gay shit
DEBUG: (src/list.c :87 :List_push) gay shit
DEBUG: (src/list.c :87 :List_push) gay shit
DEBUG: (src/list.c :87 :List_push) gay shit
DEBUG: (src/list.c :87 :List_push) gay shit
DEBUG: (src/list.c :87 :List_push) gay shit
DEBUG: (src/list.c :87 :List_push) gay shit
DEBUG: (src/list.c :87 :List_push) gay shit
DEBUG: (src/list.c :87 :List_push) gay shit
DEBUG: (src/list.c :87 :List_push) gay shit
DEBUG: (src/list.c :87 :List_push) gay shit
DEBUG: (src/list.c :87 :List_push) gay shit
DEBUG: (src/list.c :87 :List_push) gay shit
DEBUG: (src/list.c :87 :List_push) gay shit
DEBUG: (src/list.c :87 :List_push) gay shit
DEBUG: (src/list.c :87 :List_push) gay shit
DEBUG: (src/list.c :87 :List_push) gay shit
DEBUG: (src/list.c :87 :List_push) gay shit
DEBUG: (src/list.c :87 :List_push) gay shit
DEBUG: (src/list.c :87 :List_push) gay shit
DEBUG: (src/list.c :87 :List_push) gay shit
DEBUG: (src/list.c :87 :List_push) gay shit
DEBUG: (src/list.c :87 :List_push) gay shit
DEBUG: (src/list.c :87 :List_push) gay shit
DEBUG: (src/list.c :87 :List_push) gay shit
DEBUG: (src/list.c :87 :List_push) gay shit
DEBUG: (src/list.c :87 :List_push) gay shit
DEBUG: (src/list.c :87 :List_push) gay shit
DEBUG: (src/list.c :87 :List_push) gay shit
DEBUG: (src/list.c :87 :List_push) gay shit
DEBUG: (src/list.c :87 :List_push) gay shit
DEBUG: (src/list.c :87 :List_push) gay shit
DEBUG: (src/list.c :87 :List_push) gay shit
DEBUG: (src/list.c :87 :List_push) gay shit
DEBUG: (src/list.c :87 :List_push) gay shit
DEBUG: (src/list.c :87 :List_push) gay shit
DEBUG: (src/list.c :87 :List_push) gay shit
DEBUG: (src/list.c :87 :List_push) gay shit
DEBUG: (src/list.c :87 :List_push) gay shit
DEBUG: (src/list.c :87 :List_push) gay shit
DEBUG: (src/list.c :87 :List_push) gay shit
DEBUG: (src/list.c :87 :List_push) gay shit
DEBUG: (src/list.c :87 :List_push) gay shit
DEBUG: (src/list.c :87 :List_push) gay shit
DEBUG: (src/list.c :87 :List_push) gay shit
DEBUG: (src/list.c :87 :List_push) gay shit
DEBUG: (src/list.c :87 :List_push) gay shit
DEBUG: (src/list.c :87 :List_push) gay shit
DEBUG: (src/list.c :87 :List_push) gay shit
DEBUG: (src/list.c :87 :List_push) gay shit
DEBUG: (src/list.c :87 :List_push) gay shit
DEBUG: (src/list.c :87 :List_push) gay shit
DEBUG: (src/list.c :87 :List_push) gay shit
DEBUG: (src/list.c :87 :List_push) gay shit
DEBUG: (src/list.c :87 :List_push) gay shit
DEBUG: (src/list.c :87 :List_push) gay shit
DEBUG: (src/list.c :87 :List_push) gay shit
DEBUG: (src/list.c :87 :List_push) gay shit
DEBUG: (src/list.c :87 :List_push) gay shit
DEBUG: (src/list.c :87 :List_push) gay shit
DEBUG: (src/list.c :87 :List_push) gay shit
DEBUG: (src/list.c :87 :List_push) gay shit
DEBUG: (src/list.c :87 :List_push) gay shit
DEBUG: (src/list.c :87 :List_push) gay shit
DEBUG: (src/list.c :87 :List_push) gay shit
DEBUG: (src/list.c :87 :List_push) gay shit
DEBUG: (src/list.c :87 :List_push) gay shit
DEBUG: (src/list.c :87 :List_push) gay shit
DEBUG: (src/list.c :87 :List_push) gay shit
DEBUG: (src/list.c :87 :List_push) gay shit
DEBUG: (src/list.c :87 :List_push) gay shit
DEBUG: (src/list.c :87 :List_push) gay shit
DEBUG: (src/list.c :87 :List_push) gay shit
DEBUG: (src/list.c :87 :List_push) gay shit
DEBUG: (src/list.c :87 :List_push) gay shit
DEBUG: (src/list.c :87 :List_push) gay shit
DEBUG: (src/list.c :87 :List_push) gay shit
DEBUG: (src/list.c :87 :List_push) gay shit
DEBUG: (src/list.c :87 :List_push) gay shit
DEBUG: (src/list.c :87 :List_push) gay shit
DEBUG: (src/list.c :87 :List_push) gay shit
DEBUG: (src/list.c :87 :List_push) gay shit
DEBUG: (src/list.c :87 :List_push) gay shit
DEBUG: (src/list.c :87 :List_push) gay shit
DEBUG: (src/list.c :87 :List_push) gay shit
DEBUG: (src/list.c :87 :List_push) gay shit
DEBUG: (src/list.c :87 :List_push) gay shit
DEBUG: (src/list.c :87 :List_push) gay shit
DEBUG: (src/list.c :87 :List_push) gay shit
DEBUG: (src/list.c :87 :List_push) gay shit
DEBUG: (src/list.c :87 :List_push) gay shit
DEBUG: (src/list.c :87 :List_push) gay shit
DEBUG: (src/list.c :87 :List_push) gay shit
DEBUG: (src/list.c :87 :List_push) gay shit
DEBUG: (src/list.c :87 :List_push) gay shit
DEBUG: (src/list.c :87 :List_push) gay shit
DEBUG: (src/list.c :87 :List_push) gay shit
DEBUG: (src/list.c :87 :List_push) gay shit
DEBUG: (src/list.c :87 :List_push) gay shit
DEBUG: (src/list.c :87 :List_push) gay shit
DEBUG: (src/list.c :87 :List_push) gay shit
DEBUG: (src/list.c :87 :List_push) gay shit
DEBUG: (src/list.c :87 :List_push) gay shit
DEBUG: (src/list.c :87 :List_push) gay shit
DEBUG: (src/list.c :87 :List_push) gay shit
DEBUG: (src/list.c :87 :List_push) gay shit
DEBUG: (src/list.c :87 :List_push) gay shit
DEBUG: (src/list.c :87 :List_push) gay shit
DEBUG: (src/list.c :87 :List_push) gay shit
DEBUG: (src/list.c :87 :List_push) gay shit
DEBUG: (src/list.c :87 :List_push) gay shit
DEBUG: (src/list.c :87 :List_push) gay shit
DEBUG: (src/list.c :87 :List_push) gay shit
DEBUG: (src/list.c :87 :List_push) gay shit
DEBUG: (src/list.c :87 :List_push) gay shit
DEBUG: (src/list.c :87 :List_push) gay shit
DEBUG: (src/list.c :87 :List_push) gay shit
DEBUG: (src/list.c :87 :List_push) gay shit
DEBUG: (src/list.c :87 :List_push) gay shit
DEBUG: (src/list.c :87 :List_push) gay shit
DEBUG: (src/list.c :87 :List_push) gay shit
DEBUG: (src/list.c :87 :List_push) gay shit
DEBUG: (src/list.c :87 :List_push) gay shit
DEBUG: (src/list.c :87 :List_push) gay shit
DEBUG: (src/list.c :87 :List_push) gay shit
DEBUG: (src/list.c :87 :List_push) gay shit
DEBUG: (src/list.c :87 :List_push) gay shit
DEBUG: (src/list.c :87 :List_push) gay shit
DEBUG: (src/list.c :87 :List_push) gay shit
DEBUG: (src/list.c :87 :List_push) gay shit
DEBUG: (src/list.c :87 :List_push) gay shit
DEBUG: (src/list.c :87 :List_push) gay shit
DEBUG: (src/list.c :87 :List_push) gay shit
DEBUG: (src/list.c :87 :List_push) gay shit
DEBUG: (src/list.c :87 :List_push) gay shit
DEBUG: (src/list.c :87 :List_push) gay shit
DEBUG: (src/list.c :87 :List_push) gay shit
DEBUG: (src/list.c :87 :List_push) gay shit
DEBUG: (src/list.c :87 :List_push) gay shit
DEBUG: (src/list.c :87 :List_push) gay shit
DEBUG: (src/list.c :87 :List_push) gay shit
DEBUG: (src/list.c :87 :List_push) gay shit
DEBUG: (src/list.c :87 :List_push) gay shit
DEBUG: (src/list.c :87 :List_push) gay shit
DEBUG: (src/list.c :87 :List_push) gay shit
DEBUG: (src/list.c :87 :List_push) gay shit
DEBUG: (src/list.c :87 :List_push) gay shit
DEBUG: (src/list.c :87 :List_push) gay shit
DEBUG: (src/list.c :87 :List_push) gay shit
DEBUG: (src/list.c :87 :List_push) gay shit
DEBUG: (src/list.c :87 :List_push) gay shit
DEBUG: (src/list.c :87 :List_push) gay shit
DEBUG: (src/list.c :87 :List_push) gay shit
DEBUG: (src/list.c :87 :List_push) gay shit
DEBUG: (src/list.c :87 :List_push) gay shit
DEBUG: (src/list.c :87 :List_push) gay shit
DEBUG: (src/list.c :87 :List_push) gay shit
DEBUG: (src/list.c :87 :List_push) gay shit
DEBUG: (src/list.c :87 :List_push) gay shit
DEBUG: (src/list.c :87 :List_push) gay shit
DEBUG: (src/list.c :87 :List_push) gay shit
DEBUG: (src/list.c :87 :List_push) gay shit
DEBUG: (src/list.c :87 :List_push) gay shit
DEBUG: (src/list.c :87 :List_push) gay shit
DEBUG: (src/list.c :87 :List_push) gay shit
DEBUG: (src/list.c :87 :List_push) gay shit
DEBUG: (src/list.c :87 :List_push) gay shit
DEBUG: (src/list.c :87 :List_push) gay shit
DEBUG: (src/list.c :87 :List_push) gay shit
DEBUG: (src/list.c :87 :List_push) gay shit
DEBUG: (src/list.c :87 :List_push) gay shit
DEBUG: (src/list.c :87 :List_push) gay shit
DEBUG: (src/list.c :87 :List_push) gay shit
DEBUG: (src/list.c :87 :List_push) gay shit
DEBUG: (src/list.c :87 :List_push) gay shit
DEBUG: (src/list.c :87 :List_push) gay shit
DEBUG: (src/list.c :87 :List_push) gay shit
DEBUG: (src/list.c :87 :List_push) gay shit
DEBUG: (src/list.c :87 :List_push) gay shit
DEBUG: (src/list.c :87 :List_push) gay shit
DEBUG: (src/list.c :87 :List_push) gay shit
DEBUG: (src/list.c :87 :List_push) gay shit
DEBUG: (src/list.c :87 :List_push) gay shit
DEBUG: (src/list.c :87 :List_push) gay shit
DEBUG: (src/list.c :87 :List_push) gay shit
DEBUG: (src/list.c :87 :List_push) gay shit
DEBUG: (src/list.c :87 :List_push) gay shit
DEBUG: (src/list.c :87 :List_push) gay shit
DEBUG: (src/list.c :87 :List_push) gay shit
DEBUG: (src/list.c :87 :List_push) gay shit
DEBUG: (src/list.c :87 :List_push) gay shit
DEBUG: (src/list.c :87 :List_push) gay shit
DEBUG: (src/list.c :87 :List_push) gay shit
DEBUG: (src/list.c :87 :List_push) gay shit
DEBUG: (src/list.c :87 :List_push) gay shit
DEBUG: (src/list.c :87 :List_push) gay shit
DEBUG: (src/list.c :87 :List_push) gay shit
DEBUG: (src/list.c :87 :List_push) gay shit
DEBUG: (src/list.c :87 :List_push) gay shit
DEBUG: (src/list.c :87 :List_push) gay shit
DEBUG: (src/list.c :87 :List_push) gay shit
DEBUG: (src/list.c :87 :List_push) gay shit
DEBUG: (src/list.c :87 :List_push) gay shit
DEBUG: (src/list.c :87 :List_push) gay shit
DEBUG: (src/list.c :87 :List_push) gay shit
DEBUG: (src/list.c :87 :List_push) gay shit
DEBUG: (src/list.c :87 :List_push) gay shit
DEBUG: (src/list.c :87 :List_push) gay shit
DEBUG: (src/list.c :87 :List_push) gay shit
DEBUG: (src/list.c :87 :List_push) gay shit
DEBUG: (src/list.c :87 :List_push) gay shit
DEBUG: (src/list.c :87 :List_push) gay shit
DEBUG: (src/list.c :87 :List_push) gay shit
DEBUG: (src/list.c :87 :List_push) gay shit
DEBUG: (src/list.c :87 :List_push) gay shit
DEBUG: (src/list.c :87 :List_push) gay shit
DEBUG: (src/list.c :87 :List_push) gay shit
DEBUG: (src/list.c :87 :List_push) gay shit
DEBUG: (src/list.c :87 :List_push) gay shit
DEBUG: (src/list.c :87 :List_push) gay shit
DEBUG: (src/list.c :87 :List_push) gay shit
DEBUG: (src/list.c :87 :List_push) gay shit
DEBUG: (src/list.c :87 :List_push) gay shit
DEBUG: (src/list.c :87 :List_push) gay shit
DEBUG: (src/list.c :87 :List_push) gay shit
DEBUG: (src/list.c :87 :List_push) gay shit
DEBUG: (src/list.c :87 :List_push) gay shit
DEBUG: (src/list.c :87 :List_push) gay shit
DEBUG: (src/list.c :87 :List_push) gay shit
DEBUG: (src/list.c :87 :List_push) gay shit
DEBUG: (src/list.c :87 :List_push) gay shit
DEBUG: (src/list.c :87 :List_push) gay shit
DEBUG: (src/list.c :87 :List_push) gay shit
DEBUG: (src/list.c :87 :List_push) gay shit
DEBUG: (src/list.c :87 :List_push) gay shit
DEBUG: (src/list.c :87 :List_push) gay shit
DEBUG: (src/list.c :87 :List_push) gay shit
DEBUG: (src/list.c :87 :List_push) gay shit
DEBUG: (src/list.c :87 :List_push) gay shit
DEBUG: (src/list.c :87 :List_push) gay shit
DEBUG: (src/list.c :87 :List_push) gay shit
DEBUG: (src/list.c :87 :List_push) gay shit
DEBUG: (src/list.c :87 :List_push) gay shit
DEBUG: (src/list.c :87 :List_push) gay shit
DEBUG: (src/list.c :87 :List_push) gay shit
DEBUG: (src/list.c :87 :List_push) gay shit
DEBUG: (src/list.c :87 :List_push) gay shit
DEBUG: (src/list.c :87 :List_push) gay shit
DEBUG: (src/list.c :87 :List_push) gay shit
DEBUG: (src/list.c :87 :List_push) gay shit
DEBUG: (src/list.c :87 :List_push) gay shit
DEBUG: (src/list.c :87 :List_push) gay shit
DEBUG: (src/list.c :87 :List_push) gay shit
DEBUG: (src/list.c :87 :List_push) gay shit
DEBUG: (src/list.c :87 :List_push) gay shit
DEBUG: (src/list.c :87 :List_push) gay shit
DEBUG: (src/list.c :87 :List_push) gay shit
DEBUG: (src/list.c :87 :List_push) gay shit
DEBUG: (src/list.c :87 :List_push) gay shit
DEBUG: (src/list.c :87 :List_push) gay shit
DEBUG: (src/list.c :87 :List_push) gay shit
DEBUG: (src/list.c :87 :List_push) gay shit
DEBUG: (src/list.c :87 :List_push) gay shit
DEBUG: (src/list.c :87 :List_push) gay shit
DEBUG: (src/list.c :87 :List_push) gay shit
DEBUG: (src/list.c :87 :List_push) gay shit
DEBUG: (src/list.c :87 :List_push) gay shit
DEBUG: (src/list.c :87 :List_push) gay shit
DEBUG: (src/list.c :87 :List_push) gay shit
DEBUG: (src/list.c :87 :List_push) gay shit
DEBUG: (src/list.c :87 :List_push) gay shit
DEBUG: (src/list.c :87 :List_push) gay shit
DEBUG: (src/list.c :87 :List_push) gay shit
DEBUG: (src/list.c :87 :List_push) gay shit
DEBUG: (src/list.c :87 :List_push) gay shit
DEBUG: (src/list.c :87 :List_push) gay shit
DEBUG: (src/list.c :87 :List_push) gay shit
DEBUG: (src/list.c :87 :List_push) gay shit
DEBUG: (src/list.c :87 :List_push) gay shit
DEBUG: (src/list.c :87 :List_push) gay shit
DEBUG: (src/list.c :87 :List_push) gay shit
DEBUG: (src/list.c :87 :List_push) gay shit
DEBUG: (src/list.c :87 :List_push) gay shit
DEBUG: (src/list.c :87 :List_push) gay shit
DEBUG: (src/list.c :87 :List_push) gay shit
DEBUG: (src/list.c :87 :List_push) gay shit
DEBUG: (src/list.c :87 :List_push) gay shit
DEBUG: (src/list.c :87 :List_push) gay shit
DEBUG: (src/list.c :87 :List_push) gay shit
DEBUG: (src/list.c :87 :List_push) gay shit
DEBUG: (src/list.c :87 :List_push) gay shit
DEBUG: (src/list.c :87 :List_push) gay shit
DEBUG: (src/list.c :87 :List_push) gay shit
DEBUG: (src/list.c :87 :List_push) gay shit
DEBUG: (src/list.c :87 :List_push) gay shit
DEBUG: (src/list.c :87 :List_push) gay shit
DEBUG: (src/list.c :87 :List_push) gay shit
DEBUG: (src/list.c :87 :List_push) gay shit
DEBUG: (src/list.c :87 :List_push) gay shit
DEBUG: (src/list.c :87 :List_push) gay shit
DEBUG: (src/list.c :87 :List_push) gay shit
DEBUG: (src/list.c :87 :List_push) gay shit
DEBUG: (src/list.c :87 :List_push) gay shit
DEBUG: (src/list.c :87 :List_push) gay shit
DEBUG: (src/list.c :87 :List_push) gay shit
DEBUG: (src/list.c :87 :List_push) gay shit
DEBUG: (src/list.c :87 :List_push) gay shit
DEBUG: (src/list.c :87 :List_push) gay shit
DEBUG: (src/list.c :87 :List_push) gay shit
DEBUG: (src/list.c :87 :List_push) gay shit
DEBUG: (src/list.c :87 :List_push) gay shit
DEBUG: (src/list.c :87 :List_push) gay shit
DEBUG: (src/list.c :87 :List_push) gay shit
DEBUG: (src/list.c :87 :List_push) gay shit
DEBUG: (src/list.c :87 :List_push) gay shit
DEBUG: (src/list.c :87 :List_push) gay shit
DEBUG: (src/list.c :87 :List_push) gay shit
DEBUG: (src/list.c :87 :List_push) gay shit
DEBUG: (src/list.c :87 :List_push) gay shit
DEBUG: (src/list.c :87 :List_push) gay shit
DEBUG: (src/list.c :87 :List_push) gay shit
DEBUG: (src/list.c :87 :List_push) gay shit
DEBUG: (src/list.c :87 :List_push) gay shit
DEBUG: (src/list.c :87 :List_push) gay shit
DEBUG: (src/list.c :87 :List_push) gay shit
DEBUG: (src/list.c :87 :List_push) gay shit
DEBUG: (src/list.c :87 :List_push) gay shit
DEBUG: (src/list.c :87 :List_push) gay shit
DEBUG: (src/list.c :87 :List_push) gay shit
DEBUG: (src/list.c :87 :List_push) gay shit
DEBUG: (src/list.c :87 :List_push) gay shit
DEBUG: (src/list.c :87 :List_push) gay shit
DEBUG: (src/list.c :87 :List_push) gay shit
DEBUG: (src/list.c :87 :List_push) gay shit
DEBUG: (src/list.c :87 :List_push) gay shit
DEBUG: (src/list.c :87 :List_push) gay shit
DEBUG: (src/list.c :87 :List_push) gay shit
DEBUG: (src/list.c :87 :List_push) gay shit
DEBUG: (src/list.c :87 :List_push) gay shit
DEBUG: (src/list.c :87 :List_push) gay shit
DEBUG: (src/list.c :87 :List_push) gay shit
DEBUG: (src/list.c :87 :List_push) gay shit
DEBUG: (src/list.c :87 :List_push) gay shit
DEBUG: (src/list.c :87 :List_push) gay shit
DEBUG: (src/list.c :87 :List_push) gay shit
DEBUG: (src/list.c :87 :List_push) gay shit
DEBUG: (src/list.c :87 :List_push) gay shit
DEBUG: (src/list.c :87 :List_push) gay shit
DEBUG: (src/list.c :87 :List_push) gay shit
DEBUG: (src/list.c :87 :List_push) gay shit
DEBUG: (src/list.c :87 :List_push) gay shit
DEBUG: (src/list.c :87 :List_push) gay shit
DEBUG: (src/list.c :87 :List_push) gay shit
DEBUG: (src/list.c :87 :List_push) gay shit
DEBUG: (src/list.c :87 :List_push) gay shit
DEBUG: (src/list.c :87 :List_push) gay shit
DEBUG: (src/list.c :87 :List_push) gay shit
DEBUG: (src/list.c :87 :List_push) gay shit
DEBUG: (src/list.c :87 :List_push) gay shit
DEBUG: (src/list.c :87 :List_push) gay shit
DEBUG: (src/list.c :87 :List_push) gay shit
DEBUG: (src/list.c :87 :List_push) gay shit
DEBUG: (src/list.c :87 :List_push) gay shit
DEBUG: (src/list.c :87 :List_push) gay shit
DEBUG: (src/list.c :87 :List_push) gay shit
DEBUG: (src/list.c :87 :List_push) gay shit
DEBUG: (src/list.c :87 :List_push) gay shit
DEBUG: (src/list.c :87 :List_push) gay shit
DEBUG: (src/list.c :87 :List_push) gay shit
DEBUG: (src/list.c :87 :List_push) gay shit
DEBUG: (src/list.c :87 :List_push) gay shit
DEBUG: (src/list.c :87 :List_push) gay shit
DEBUG: (src/list.c :87 :List_push) gay shit
DEBUG: (src/list.c :87 :List_push) gay shit
DEBUG: (src/list.c :87 :List_push) gay shit
DEBUG: (src/list.c :87 :List_push) gay shit
DEBUG: (src/list.c :87 :List_push) gay shit
DEBUG: (src/list.c :87 :List_push) gay shit
DEBUG: (src/list.c :87 :List_push) gay shit
DEBUG: (src/list.c :87 :List_push) gay shit
DEBUG: (src/list.c :87 :List_push) gay shit
DEBUG: (src/list.c :87 :List_push) gay shit
DEBUG: (src/list.c :87 :List_push) gay shit
DEBUG: (src/list.c :87 :List_push) gay shit
DEBUG: (src/list.c :87 :List_push) gay shit
DEBUG: (src/list.c :87 :List_push) gay shit
DEBUG: (src/list.c :87 :List_push) gay shit
DEBUG: (src/list.c :87 :List_push) gay shit
DEBUG: (src/list.c :87 :List_push) gay shit
DEBUG: (src/list.c :87 :List_push) gay shit
DEBUG: (src/list.c :87 :List_push) gay shit
DEBUG: (src/list.c :87 :List_push) gay shit
DEBUG: (src/list.c :87 :List_push) gay shit
DEBUG: (src/list.c :87 :List_push) gay shit
DEBUG: (src/list.c :87 :List_push) gay shit
DEBUG: (src/list.c :87 :List_push) gay shit
DEBUG: (src/list.c :87 :List_push) gay shit
DEBUG: (src/list.c :87 :List_push) gay shit
DEBUG: (src/list.c :87 :List_push) gay shit
DEBUG: (src/list.c :87 :List_push) gay shit
DEBUG: (src/list.c :87 :List_push) gay shit
DEBUG: (src/list.c :87 :List_push) gay shit
DEBUG: (src/list.c :87 :List_push) gay shit
DEBUG: (src/list.c :87 :List_push) gay shit
DEBUG: (src/list.c :87 :List_push) gay shit
DEBUG: (src/list.c :87 :List_push) gay shit
DEBUG: (src/list.c :87 :List_push) gay shit
DEBUG: (src/list.c :87 :List_push) gay shit
DEBUG: (src/list.c :87 :List_push) gay shit
DEBUG: (src/list.c :87 :List_push) gay shit
DEBUG: (src/list.c :87 :List_push) gay shit
DEBUG: (src/list.c :87 :List_push) gay shit
DEBUG: (src/list.c :87 :List_push) gay shit
DEBUG: (src/list.c :87 :List_push) gay shit
DEBUG: (src/list.c :87 :List_push) gay shit
DEBUG: (src/list.c :87 :List_push) gay shit
DEBUG: (src/list.c :87 :List_push) gay shit
DEBUG: (src/list.c :87 :List_push) gay shit
DEBUG: (src/list.c :87 :List_push) gay shit
DEBUG: (src/list.c :87 :List_push) gay shit
DEBUG: (src/list.c :87 :List_push) gay shit
DEBUG: (src/list.c :87 :List_push) gay shit
DEBUG: (src/list.c :87 :List_push) gay shit
DEBUG: (src/list.c :87 :List_push) gay shit
DEBUG: (src/list.c :87 :List_push) gay shit
DEBUG: (src/list.c :87 :List_push) gay shit
DEBUG: (src/list.c :87 :List_push) gay shit
DEBUG: (src/list.c :87 :List_push) gay shit
DEBUG: (src/list.c :87 :List_push) gay shit
DEBUG: (src/list.c :87 :List_push) gay shit
DEBUG: (src/list.c :87 :List_push) gay shit
DEBUG: (src/list.c :87 :List_push) gay shit
DEBUG: (src/list.c :87 :List_push) gay shit
DEBUG: (src/list.c :87 :List_push) gay shit
DEBUG: (src/list.c :87 :List_push) gay shit
DEBUG: (src/list.c :87 :List_push) gay shit
DEBUG: (src/list.c :87 :List_push) gay shit
DEBUG: (src/list.c :87 :List_push) gay shit
DEBUG: (src/list.c :87 :List_push) gay shit
DEBUG: (src/list.c :87 :List_push) gay shit
DEBUG: (src/list.c :87 :List_push) gay shit
DEBUG: (src/list.c :87 :List_push) gay shit
DEBUG: (src/list.c :87 :List_push) gay shit
DEBUG: (src/list.c :87 :List_push) gay shit
DEBUG: (src/list.c :87 :List_push) gay shit
DEBUG: (src/list.c :87 :List_push) gay shit
DEBUG: (src/list.c :87 :List_push) gay shit
DEBUG: (src/list.c :87 :List_push) gay shit
DEBUG: (src/list.c :87 :List_push) gay shit
DEBUG: (src/list.c :87 :List_push) gay shit
DEBUG: (src/list.c :87 :List_push) gay shit
DEBUG: (src/list.c :87 :List_push) gay shit
DEBUG: (src/list.c :87 :List_push) gay shit
DEBUG: (src/list.c :87 :List_push) gay shit
DEBUG: (src/list.c :87 :List_push) gay shit
DEBUG: (src/list.c :87 :List_push) gay shit
DEBUG: (src/list.c :87 :List_push) gay shit
DEBUG: (src/list.c :87 :List_push) gay shit
DEBUG: (src/list.c :87 :List_push) gay shit
DEBUG: (src/list.c :87 :List_push) gay shit
DEBUG: (src/list.c :87 :List_push) gay shit
DEBUG: (src/list.c :87 :List_push) gay shit
DEBUG: (src/list.c :87 :List_push) gay shit
DEBUG: (src/list.c :87 :List_push) gay shit
DEBUG: (src/list.c :87 :List_push) gay shit
DEBUG: (src/list.c :87 :List_push) gay shit
DEBUG: (src/list.c :87 :List_push) gay shit
DEBUG: (src/list.c :87 :List_push) gay shit
DEBUG: (src/list.c :87 :List_push) gay shit
DEBUG: (src/list.c :87 :List_push) gay shit
DEBUG: (src/list.c :87 :List_push) gay shit
DEBUG: (src/list.c :87 :List_push) gay shit
DEBUG: (src/list.c :87 :List_push) gay shit
DEBUG: (src/list.c :87 :List_push) gay shit
DEBUG: (src/list.c :87 :List_push) gay shit
DEBUG: (src/list.c :87 :List_push) gay shit
DEBUG: (src/list.c :87 :List_push) gay shit
DEBUG: (src/list.c :87 :List_push) gay shit
DEBUG: (src/list.c :87 :List_push) gay shit
DEBUG: (src/list.c :87 :List_push) gay shit
DEBUG: (src/list.c :87 :List_push) gay shit
DEBUG: (src/list.c :87 :List_push) gay shit
DEBUG: (src/list.c :87 :List_push) gay shit
DEBUG: (src/list.c :87 :List_push) gay shit
DEBUG: (src/list.c :87 :List_push) gay shit
DEBUG: (src/list.c :87 :List_push) gay shit
DEBUG: (src/list.c :87 :List_push) gay shit
DEBUG: (src/list.c :87 :List_push) gay shit
DEBUG: (src/list.c :87 :List_push) gay shit
DEBUG: (src/list.c :87 :List_push) gay shit
DEBUG: (src/list.c :87 :List_push) gay shit
DEBUG: (src/list.c :87 :List_push) gay shit
DEBUG: (src/list.c :87 :List_push) gay shit
DEBUG: (src/list.c :87 :List_push) gay shit
DEBUG: (src/list.c :87 :List_push) gay shit
DEBUG: (src/list.c :87 :List_push) gay shit
DEBUG: (src/list.c :87 :List_push) gay shit
DEBUG: (src/list.c :87 :List_push) gay shit
DEBUG: (src/list.c :87 :List_push) gay shit
DEBUG: (src/list.c :87 :List_push) gay shit
DEBUG: (src/list.c :87 :List_push) gay shit
DEBUG: (src/list.c :87 :List_push) gay shit
DEBUG: (src/list.c :87 :List_push) gay shit
DEBUG: (src/list.c :87 :List_push) gay shit
DEBUG: (src/list.c :87 :List_push) gay shit
DEBUG: (src/list.c :87 :List_push) gay shit
DEBUG: (src/list.c :87 :List_push) gay shit
DEBUG: (src/list.c :87 :List_push) gay shit
DEBUG: (src/list.c :87 :List_push) gay shit
DEBUG: (src/list.c :87 :List_push) gay shit
DEBUG: (src/list.c :87 :List_push) gay shit
DEBUG: (src/list.c :87 :List_push) gay shit
DEBUG: (src/list.c :87 :List_push) gay shit
DEBUG: (src/list.c :87 :List_push) gay shit
DEBUG: (src/list.c :87 :List_push) gay shit
DEBUG: (src/list.c :87 :List_push) gay shit
DEBUG: (src/list.c :87 :List_push) gay shit
DEBUG: (src/list.c :87 :List_push) gay shit
DEBUG: (src/list.c :87 :List_push) gay shit
DEBUG: (src/list.c :87 :List_push) gay shit
DEBUG: (src/list.c :87 :List_push) gay shit
DEBUG: (src/list.c :87 :List_push) gay shit
DEBUG: (src/list.c :87 :List_push) gay shit
DEBUG: (src/list.c :87 :List_push) gay shit
DEBUG: (src/list.c :87 :List_push) gay shit
DEBUG: (src/list.c :87 :List_push) gay shit
DEBUG: (src/list.c :87 :List_push) gay shit
DEBUG: (src/list.c :87 :List_push) gay shit
DEBUG: (src/list.c :87 :List_push) gay shit
DEBUG: (src/list.c :87 :List_push) gay shit
DEBUG: (src/list.c :87 :List_push) gay shit
DEBUG: (src/list.c :87 :List_push) gay shit
DEBUG: (src/list.c :87 :List_push) gay shit
DEBUG: (src/list.c :87 :List_push) gay shit
DEBUG: (src/list.c :87 :List_push) gay shit
DEBUG: (src/list.c :87 :List_push) gay shit
DEBUG: (src/list.c :87 :List_push) gay shit
DEBUG: (src/list.c :87 :List_push) gay shit
DEBUG: (src/list.c :87 :List_push) gay shit
DEBUG: (src/list.c :87 :List_push) gay shit
DEBUG: (src/list.c :87 :List_push) gay shit
DEBUG: (src/list.c :87 :List_push) gay shit
DEBUG: (src/list.c :87 :List_push) gay shit
DEBUG: (src/list.c :87 :List_push) gay shit
DEBUG: (src/list.c :87 :List_push) gay shit
DEBUG: (src/list.c :87 :List_push) gay shit
DEBUG: (src/list.c :87 :List_push) gay shit
DEBUG: (src/list.c :87 :List_push) gay shit
DEBUG: (src/list.c :87 :List_push) gay shit
DEBUG: (src/list.c :87 :List_push) gay shit
DEBUG: (src/list.c :87 :List_push) gay shit
DEBUG: (src/list.c :87 :List_push) gay shit
DEBUG: (src/list.c :87 :List_push) gay shit
DEBUG: (src/list.c :87 :List_push) gay shit
DEBUG: (src/list.c :87 :List_push) gay shit
DEBUG: (src/list.c :87 :List_push) gay shit
DEBUG: (src/list.c :87 :List_push) gay shit
DEBUG: (src/list.c :87 :List_push) gay shit
DEBUG: (src/list.c :87 :List_push) gay shit
DEBUG: (src/list.c :87 :List_push) gay shit
DEBUG: (src/list.c :87 :List_push) gay shit
DEBUG: (src/list.c :87 :List_push) gay shit
DEBUG: (src/list.c :87 :List_push) gay shit
DEBUG: (src/list.c :87 :List_push) gay shit
DEBUG: (src/list.c :87 :List_push) gay shit
DEBUG: (src/list.c :87 :List_push) gay shit
DEBUG: (src/list.c :87 :List_push) gay shit
DEBUG: (src/list.c :87 :List_push) gay shit
DEBUG: (src/list.c :87 :List_push) gay shit
DEBUG: (src/list.c :87 :List_push) gay shit
DEBUG: (src/list.c :87 :List_push) gay shit
DEBUG: (src/list.c :87 :List_push) gay shit
DEBUG: (src/list.c :87 :List_push) gay shit
DEBUG: (src/list.c :87 :List_push) gay shit
DEBUG: (src/list.c :87 :List_push) gay shit
DEBUG: (src/list.c :87 :List_push) gay shit
DEBUG: (src/list.c :87 :List_push) gay shit
DEBUG: (src/list.c :87 :List_push) gay shit
DEBUG: (src/list.c :87 :List_push) gay shit
DEBUG: (src/list.c :87 :List_push) gay shit
DEBUG: (src/list.c :87 :List_push) gay shit
DEBUG: (src/list.c :87 :List_push) gay shit
DEBUG: (src/list.c :87 :List_push) gay shit
DEBUG: (src/list.c :87 :List_push) gay shit
DEBUG: (src/list.c :87 :List_push) gay shit
DEBUG: (src/list.c :87 :List_push) gay shit
DEBUG: (src/list.c :87 :List_push) gay shit
DEBUG: (src/list.c :87 :List_push) gay shit
DEBUG: (src/list.c :87 :List_push) gay shit
DEBUG: (src/list.c :87 :List_push) gay shit
DEBUG: (src/list.c :87 :List_push) gay shit
DEBUG: (src/list.c :87 :List_push) gay shit
DEBUG: (src/list.c :87 :List_push) gay shit
DEBUG: (src/list.c :87 :List_push) gay shit
DEBUG: (src/list.c :87 :List_push) gay shit
DEBUG: (src/list.c :87 :List_push) gay shit
DEBUG: (src/list.c :87 :List_push) gay shit
DEBUG: (src/list.c :87 :List_push) gay shit
DEBUG: (src/list.c :87 :List_push) gay shit
DEBUG: (src/list.c :87 :List_push) gay shit
DEBUG: (src/list.c :87 :List_push) gay shit
DEBUG: (src/list.c :87 :List_push) gay shit
DEBUG: (src/list.c :87 :List_push) gay shit
DEBUG: (src/list.c :87 :List_push) gay shit
DEBUG: (src/list.c :87 :List_push) gay shit
DEBUG: (src/list.c :87 :List_push) gay shit
DEBUG: (src/list.c :87 :List_push) gay shit
DEBUG: (src/list.c :87 :List_push) gay shit
DEBUG: (src/list.c :87 :List_push) gay shit
DEBUG: (src/list.c :87 :List_push) gay shit
DEBUG: (src/list.c :87 :List_push) gay shit
DEBUG: (src/list.c :87 :List_push) gay shit
DEBUG: (src/list.c :87 :List_push) gay shit
DEBUG: (src/list.c :87 :List_push) gay shit
DEBUG: (src/list.c :87 :List_push) gay shit
DEBUG: (src/list.c :87 :List_push) gay shit
DEBUG: (src/list.c :87 :List_push) gay shit
DEBUG: (src/list.c :87 :List_push) gay shit
DEBUG: (src/list.c :87 :List_push) gay shit
DEBUG: (src/list.c :87 :List_push) gay shit
DEBUG: (src/list.c :87 :List_push) gay shit
DEBUG: (src/list.c :87 :List_push) gay shit
DEBUG: (src/list.c :87 :List_push) gay shit
DEBUG: (src/list.c :87 :List_push) gay shit
DEBUG: (src/list.c :87 :List_push) gay shit
DEBUG: (src/list.c :87 :List_push) gay shit
DEBUG: (src/list.c :87 :List_push) gay shit
DEBUG: (src/list.c :87 :List_push) gay shit
DEBUG: (src/list.c :87 :List_push) gay shit
DEBUG: (src/list.c :87 :List_push) gay shit
DEBUG: (src/list.c :87 :List_push) gay shit
DEBUG: (src/list.c :87 :List_push) gay shit
DEBUG: (src/list.c :87 :List_push) gay shit
DEBUG: (src/list.c :87 :List_push) gay shit
DEBUG: (src/list.c :87 :List_push) gay shit
DEBUG: (src/list.c :87 :List_push) gay shit
DEBUG: (src/list.c :87 :List_push) gay shit
DEBUG: (src/list.c :87 :List_push) gay shit
DEBUG: (src/list.c :87 :List_push) gay shit
DEBUG: (src/list.c :87 :List_push) gay shit
DEBUG: (src/list.c :87 :List_push) gay shit
DEBUG: (src/list.c :87 :List_push) gay shit
DEBUG: (src/list.c :87 :List_push) gay shit
DEBUG: (src/list.c :87 :List_push) gay shit
DEBUG: (src/list.c :87 :List_push) gay shit
DEBUG: (src/list.c :87 :List_push) gay shit
DEBUG: (src/list.c :87 :List_push) gay shit
DEBUG: (src/list.c :87 :List_push) gay shit
DEBUG: (src/list.c :87 :List_push) gay shit
DEBUG: (src/list.c :87 :List_push) gay shit
DEBUG: (src/list.c :87 :List_push) gay shit
DEBUG: (src/list.c :87 :List_push) gay shit
DEBUG: (src/list.c :87 :List_push) gay shit
DEBUG: (src/list.c :87 :List_push) gay shit
DEBUG: (src/list.c :87 :List_push) gay shit
DEBUG: (src/list.c :87 :List_push) gay shit
DEBUG: (src/list.c :87 :List_push) gay shit
DEBUG: (src/list.c :87 :List_push) gay shit
DEBUG: (src/list.c :87 :List_push) gay shit
DEBUG: (src/list.c :87 :List_push) gay shit
DEBUG: (src/list.c :87 :List_push) gay shit
DEBUG: (src/list.c :87 :List_push) gay shit
DEBUG: (src/list.c :87 :List_push) gay shit
DEBUG: (src/list.c :87 :List_push) gay shit
DEBUG: (src/list.c :87 :List_push) gay shit
DEBUG: (src/list.c :87 :List_push) gay shit
DEBUG: (src/list.c :87 :List_push) gay shit
DEBUG: (src/list.c :87 :List_push) gay shit
DEBUG: (src/list.c :87 :List_push) gay shit
DEBUG: (src/list.c :87 :List_push) gay shit
DEBUG: (src/list.c :87 :List_push) gay shit
DEBUG: (src/list.c :87 :List_push) gay shit
DEBUG: (src/list.c :87 :List_push) gay shit
DEBUG: (src/list.c :87 :List_push) gay shit
DEBUG: (src/list.c :87 :List_push) gay shit
DEBUG: (src/list.c :87 :List_push) gay shit
DEBUG: (src/list.c :87 :List_push) gay shit
DEBUG: (src/list.c :87 :List_push) gay shit
DEBUG: (src/list.c :87 :List_push) gay shit
DEBUG: (src/list.c :87 :List_push) gay shit
DEBUG: (src/list.c :87 :List_push) gay shit
DEBUG: (src/list.c :87 :List_push) gay shit
DEBUG: (src/list.c :87 :List_push) gay shit
DEBUG: (src/list.c :87 :List_push) gay shit
DEBUG: (src/list.c :87 :List_push) gay shit
DEBUG: (src/list.c :87 :List_push) gay shit
DEBUG: (src/list.c :87 :List_push) gay shit
DEBUG: (src/list.c :87 :List_push) gay shit
DEBUG: (src/list.c :87 :List_push) gay shit
DEBUG: (src/list.c :87 :List_push) gay shit
DEBUG: (src/list.c :87 :List_push) gay shit
DEBUG: (src/list.c :87 :List_push) gay shit
DEBUG: (src/list.c :87 :List_push) gay shit
DEBUG: (src/list.c :87 :List_push) gay shit
DEBUG: (src/list.c :87 :List_push) gay shit
DEBUG: (src/list.c :87 :List_push) gay shit
DEBUG: (src/list.c :87 :List_push) gay shit
DEBUG: (src/list.c :87 :List_push) gay shit
DEBUG: (src/list.c :87 :List_push) gay shit
DEBUG: (src/list.c :87 :List_push) gay shit
DEBUG: (src/list.c :87 :List_push) gay shit
DEBUG: (src/list.c :87 :List_push) gay shit
DEBUG: (src/list.c :87 :List_push) gay shit
DEBUG: (src/list.c :87 :List_push) gay shit
DEBUG: (src/list.c :87 :List_push) gay shit
DEBUG: (src/list.c :87 :List_push) gay shit
DEBUG: (src/list.c :87 :List_push) gay shit
DEBUG: (src/list.c :87 :List_push) gay shit
DEBUG: (src/list.c :87 :List_push) gay shit
DEBUG: (src/list.c :87 :List_push) gay shit
DEBUG: (src/list.c :87 :List_push) gay shit
DEBUG: (src/list.c :87 :List_push) gay shit
DEBUG: (src/list.c :87 :List_push) gay shit
DEBUG: (src/list.c :87 :List_push) gay shit
DEBUG: (src/list.c :87 :List_push) gay shit
DEBUG: (src/list.c :87 :List_push) gay shit
DEBUG: (src/list.c :87 :List_push) gay shit
DEBUG: (src/list.c :87 :List_push) gay shit
DEBUG: (src/list.c :87 :List_push) gay shit
DEBUG: (src/list.c :87 :List_push) gay shit
DEBUG: (src/list.c :87 :List_push) gay shit
DEBUG: (src/list.c :87 :List_push) gay shit
DEBUG: (src/list.c :87 :List_push) gay shit
DEBUG: (src/list.c :87 :List_push) gay shit
DEBUG: (src/list.c :87 :List_push) gay shit
DEBUG: (src/list.c :87 :List_push) gay shit
DEBUG: (src/list.c :87 :List_push) gay shit
DEBUG: (src/list.c :87 :List_push) gay shit
DEBUG: (src/list.c :87 :List_push) gay shit
DEBUG: (src/list.c :87 :List_push) gay shit
DEBUG: (src/list.c :87 :List_push) gay shit
DEBUG: (src/list.c :87 :List_push) gay shit
DEBUG: (src/list.c :87 :List_push) gay shit
DEBUG: (src/list.c :87 :List_push) gay shit
DEBUG: (src/list.c :87 :List_push) gay shit
DEBUG: (src/list.c :87 :List_push) gay shit
DEBUG: (src/list.c :87 :List_push) gay shit
DEBUG: (src/list.c :87 :List_push) gay shit
DEBUG: (src/list.c :87 :List_push) gay shit
DEBUG: (src/list.c :87 :List_push) gay shit
DEBUG: (src/list.c :87 :List_push) gay shit
DEBUG: (src/list.c :87 :List_push) gay shit
DEBUG: (src/list.c :87 :List_push) gay shit
DEBUG: (src/list.c :87 :List_push) gay shit
DEBUG: (src/list.c :87 :List_push) gay shit
DEBUG: (src/list.c :87 :List_push) gay shit
DEBUG: (src/list.c :87 :List_push) gay shit
DEBUG: (src/list.c :87 :List_push) gay shit
DEBUG: (src/list.c :87 :List_push) gay shit
DEBUG: (src/list.c :87 :List_push) gay shit
DEBUG: (src/list.c :87 :List_push) gay shit
DEBUG: (src/list.c :87 :List_push) gay shit
DEBUG: (src/list.c :87 :List_push) gay shit
DEBUG: (src/list.c :87 :List_push) gay shit
DEBUG: (src/list.c :87 :List_push) gay shit
DEBUG: (src/list.c :87 :List_push) gay shit
DEBUG: (src/list.c :87 :List_push) gay shit
DEBUG: (src/list.c :87 :List_push) gay shit
DEBUG: (src/list.c :87 :List_push) gay shit
DEBUG: (src/list.c :87 :List_push) gay shit
DEBUG: (src/list.c :87 :List_push) gay shit
DEBUG: (src/list.c :87 :List_push) gay shit
DEBUG: (src/list.c :87 :List_push) gay shit
DEBUG: (src/list.c :87 :List_push) gay shit
DEBUG: (src/list.c :87 :List_push) gay shit
DEBUG: (src/list.c :87 :List_push) gay shit
DEBUG: (src/list.c :87 :List_push) gay shit
DEBUG: (src/list.c :87 :List_push) gay shit
DEBUG: (src/list.c :87 :List_push) gay shit
DEBUG: (src/list.c :87 :List_push) gay shit
DEBUG: (src/list.c :87 :List_push) gay shit
DEBUG: (src/list.c :87 :List_push) gay shit
DEBUG: (src/list.c :87 :List_push) gay shit
DEBUG: (src/list.c :87 :List_push) gay shit
DEBUG: (src/list.c :87 :List_push) gay shit
DEBUG: (src/list.c :87 :List_push) gay shit
DEBUG: (src/list.c :87 :List_push) gay shit
DEBUG: (src/list.c :87 :List_push) gay shit
DEBUG: (src/list.c :87 :List_push) gay shit
DEBUG: (src/list.c :87 :List_push) gay shit
DEBUG: (src/list.c :87 :List_push) gay shit
DEBUG: (src/list.c :87 :List_push) gay shit
DEBUG: (src/list.c :87 :List_push) gay shit
DEBUG: (src/list.c :87 :List_push) gay shit
DEBUG: (src/list.c :87 :List_push) gay shit
DEBUG: (src/list.c :87 :List_push) gay shit
DEBUG: (src/list.c :87 :List_push) gay shit
DEBUG: (src/list.c :87 :List_push) gay shit
DEBUG: (src/list.c :87 :List_push) gay shit
DEBUG: (src/list.c :87 :List_push) gay shit
DEBUG: (src/list.c :87 :List_push) gay shit
DEBUG: (src/list.c :87 :List_push) gay shit
DEBUG: (src/list.c :87 :List_push) gay shit
DEBUG: (src/list.c :87 :List_push) gay shit
DEBUG: (src/list.c :87 :List_push) gay shit
DEBUG: (src/list.c :87 :List_push) gay shit
DEBUG: (src/list.c :87 :List_push) gay shit
DEBUG: (src/list.c :87 :List_push) gay shit
DEBUG: (src/list.c :87 :List_push) gay shit
DEBUG: (src/list.c :87 :List_push) gay shit
DEBUG: (src/list.c :87 :List_push) gay shit
DEBUG: (src/list.c :87 :List_push) gay shit
DEBUG: (src/list.c :87 :List_push) gay shit
DEBUG: (src/list.c :87 :List_push) gay shit
DEBUG: (src/list.c :87 :List_push) gay shit
DEBUG: (src/list.c :87 :List_push) gay shit
DEBUG: (src/list.c :87 :List_push) gay shit
DEBUG: (src/list.c :87 :List_push) gay shit
DEBUG: (src/list.c :87 :List_push) gay shit
DEBUG: (src/list.c :87 :List_push) gay shit
DEBUG: (src/list.c :87 :List_push) gay shit
DEBUG: (src/list.c :87 :List_push) gay shit
DEBUG: (src/list.c :87 :List_push) gay shit
DEBUG: (src/list.c :87 :List_push) gay shit
DEBUG: (src/list.c :87 :List_push) gay shit
DEBUG: (src/list.c :87 :List_push) gay shit
DEBUG: (src/list.c :87 :List_push) gay shit
DEBUG: (src/list.c :87 :List_push) gay shit
DEBUG: (src/list.c :87 :List_push) gay shit
DEBUG: (src/list.c :87 :List_push) gay shit
DEBUG: (src/list.c :87 :List_push) gay shit
DEBUG: (src/list.c :87 :List_push) gay shit
DEBUG: (src/list.c :87 :List_push) gay shit
DEBUG: (src/list.c :87 :List_push) gay shit
DEBUG: (src/list.c :87 :List_push) gay shit
DEBUG: (src/list.c :87 :List_push) gay shit
DEBUG: (src/list.c :87 :List_push) gay shit
DEBUG: (src/list.c :87 :List_push) gay shit
DEBUG: (src/list.c :87 :List_push) gay shit
DEBUG: (src/list.c :87 :List_push) gay shit
DEBUG: (src/list.c :87 :List_push) gay shit
DEBUG: (src/list.c :87 :List_push) gay shit
DEBUG: (src/list.c :87 :List_push) gay shit
DEBUG: (src/list.c :87 :List_push) gay shit
DEBUG: (src/list.c :87 :List_push) gay shit
DEBUG: (src/list.c :87 :List_push) gay shit
DEBUG: (src/list.c :87 :List_push) gay shit
DEBUG: (src/list.c :87 :List_push) gay shit
DEBUG: (src/list.c :87 :List_push) gay shit
DEBUG: (src/list.c :87 :List_push) gay shit
DEBUG: (src/list.c :87 :List_push) gay shit
DEBUG: (src/list.c :87 :List_push) gay shit
DEBUG: (src/list.c :87 :List_push) gay shit
DEBUG: (src/list.c :87 :List_push) gay shit
DEBUG: (src/list.c :87 :List_push) gay shit
DEBUG: (src/list.c :87 :List_push) gay shit
DEBUG: (src/list.c :87 :List_push) gay shit
DEBUG: (src/list.c :87 :List_push) gay shit
DEBUG: (src/list.c :87 :List_push) gay shit
DEBUG: (src/list.c :87 :List_push) gay shit
DEBUG: (src/list.c :87 :List_push) gay shit
DEBUG: (src/list.c :87 :List_push) gay shit
DEBUG: (src/list.c :87 :List_push) gay shit
DEBUG: (src/list.c :87 :List_push) gay shit
DEBUG: (src/list.c :87 :List_push) gay shit
DEBUG: (src/list.c :87 :List_push) gay shit
DEBUG: (src/list.c :87 :List_push) gay shit
DEBUG: (src/list.c :87 :List_push) gay shit
DEBUG: (src/list.c :87 :List_push) gay shit
DEBUG: (src/list.c :87 :List_push) gay shit
DEBUG: (src/list.c :87 :List_push) gay shit
DEBUG: (src/list.c :87 :List_push) gay shit
DEBUG: (src/list.c :87 :List_push) gay shit
DEBUG: (src/list.c :87 :List_push) gay shit
DEBUG: (src/list.c :87 :List_push) gay shit
DEBUG: (src/list.c :87 :List_push) gay shit
DEBUG: (src/list.c :87 :List_push) gay shit
DEBUG: (src/list.c :87 :List_push) gay shit
DEBUG: (src/list.c :87 :List_push) gay shit
DEBUG: (src/list.c :87 :List_push) gay shit
DEBUG: (src/list.c :87 :List_push) gay shit
DEBUG: (src/list.c :87 :List_push) gay shit
DEBUG: (src/list.c :87 :List_push) gay shit
DEBUG: (src/list.c :87 :List_push) gay shit
DEBUG: (src/list.c :87 :List_push) gay shit
DEBUG: (src/list.c :87 :List_push) gay shit
DEBUG: (src/list.c :87 :List_push) gay shit
DEBUG: (src/list.c :87 :List_push) gay shit
DEBUG: (src/list.c :87 :List_push) gay shit
DEBUG: (src/list.c :87 :List_push) gay shit
DEBUG: (src/list.c :87 :List_push) gay shit
DEBUG: (src/list.c :87 :List_push) gay shit
DEBUG: (src/list.c :87 :List_push) gay shit
DEBUG: (src/list.c :87 :List_push) gay shit
DEBUG: (src/list.c :87 :List_push) gay shit
DEBUG: (src/list.c :87 :List_push) gay shit
DEBUG: (src/list.c :87 :List_push) gay shit
DEBUG: (src/list.c :87 :List_push) gay shit
DEBUG: (src/list.c :87 :List_push) gay shit
DEBUG: (src/list.c :87 :List_push) gay shit
DEBUG: (src/list.c :87 :List_push) gay shit
DEBUG: (src/list.c :87 :List_push) gay shit
DEBUG: (src/list.c :87 :List_push) gay shit
DEBUG: (src/list.c :87 :List_push) gay shit
DEBUG: (src/list.c :87 :List_push) gay shit
DEBUG: (src/list.c :87 :List_push) gay shit
DEBUG: (src/list.c :87 :List_push) gay shit
DEBUG: (src/list.c :87 :List_push) gay shit
DEBUG: (src/list.c :87 :List_push) gay shit
DEBUG: (src/list.c :87 :List_push) gay shit
DEBUG: (src/list.c :87 :List_push) gay shit
DEBUG: (src/list.c :87 :List_push) gay shit
DEBUG: (src/list.c :87 :List_push) gay shit
DEBUG: (src/list.c :87 :List_push) gay shit
DEBUG: (src/list.c :87 :List_push) gay shit
DEBUG: (src/list.c :87 :List_push) gay shit
DEBUG: (src/list.c :87 :List_push) gay shit
DEBUG: (src/list.c :87 :List_push) gay shit
DEBUG: (src/list.c :87 :List_push) gay shit
DEBUG: (src/list.c :87 :List_push) gay shit
DEBUG: (src/list.c :87 :List_push) gay shit
DEBUG: (src/list.c :87 :List_push) gay shit
DEBUG: (src/list.c :87 :List_push) gay shit
DEBUG: (src/list.c :87 :List_push) gay shit
DEBUG: (src/list.c :87 :List_push) gay shit
DEBUG: (src/list.c :87 :List_push) gay shit
DEBUG: (src/list.c :87 :List_push) gay shit
DEBUG: (src/list.c :87 :List_push) gay shit
DEBUG: (src/list.c :87 :List_push) gay shit
DEBUG: (src/list.c :87 :List_push) gay shit
DEBUG: (src/list.c :87 :List_push) gay shit
DEBUG: (src/list.c :87 :List_push) gay shit
DEBUG: (src/list.c :87 :List_push) gay shit
DEBUG: (src/list.c :87 :List_push) gay shit
DEBUG: (src/list.c :87 :List_push) gay shit
DEBUG: (src/list.c :87 :List_push) gay shit
DEBUG: (src/list.c :87 :List_push) gay shit
DEBUG: (src/list.c :87 :List_push) gay shit
DEBUG: (src/list.c :87 :List_push) gay shit
DEBUG: (src/list.c :87 :List_push) gay shit
DEBUG: (src/list.c :87 :List_push) gay shit
DEBUG: (src/list.c :87 :List_push) gay shit
DEBUG: (src/list.c :87 :List_push) gay shit
DEBUG: (src/list.c :87 :List_push) gay shit
DEBUG: (src/list.c :87 :List_push) gay shit
DEBUG: (src/list.c :87 :List_push) gay shit
DEBUG: (src/list.c :87 :List_push) gay shit
DEBUG: (src/list.c :87 :List_push) gay shit
DEBUG: (src/list.c :87 :List_push) gay shit
DEBUG: (src/list.c :87 :List_push) gay shit
DEBUG: (src/list.c :87 :List_push) gay shit
DEBUG: (src/list.c :87 :List_push) gay shit
DEBUG: (src/list.c :87 :List_push) gay shit
DEBUG: (src/list.c :87 :List_push) gay shit
DEBUG: (src/list.c :87 :List_push) gay shit
DEBUG: (src/list.c :87 :List_push) gay shit
DEBUG: (src/list.c :87 :List_push) gay shit
DEBUG: (src/list.c :87 :List_push) gay shit
DEBUG: (src/list.c :87 :List_push) gay shit
DEBUG: (src/list.c :87 :List_push) gay shit
DEBUG: (src/list.c :87 :List_push) gay shit
DEBUG: (src/list.c :87 :List_push) gay shit
DEBUG: (src/list.c :87 :List_push) gay shit
DEBUG: (src/list.c :87 :List_push) gay shit
DEBUG: (src/list.c :87 :List_push) gay shit
DEBUG: (src/list.c :87 :List_push) gay shit
DEBUG: (src/list.c :87 :List_push) gay shit
DEBUG: (src/list.c :87 :List_push) gay shit
DEBUG: (src/list.c :87 :List_push) gay shit
DEBUG: (src/list.c :87 :List_push) gay shit
DEBUG: (src/list.c :87 :List_push) gay shit
DEBUG: (src/list.c :87 :List_push) gay shit
DEBUG: (src/list.c :87 :List_push) gay shit
DEBUG: (src/list.c :87 :List_push) gay shit
DEBUG: (src/list.c :87 :List_push) gay shit
DEBUG: (src/list.c :87 :List_push) gay shit
DEBUG: (src/list.c :87 :List_push) gay shit
DEBUG: (src/list.c :87 :List_push) gay shit
DEBUG: (src/list.c :87 :List_push) gay shit
DEBUG: (src/list.c :87 :List_push) gay shit
DEBUG: (src/list.c :87 :List_push) gay shit
DEBUG: (src/list.c :87 :List_push) gay shit
DEBUG: (src/list.c :87 :List_push) gay shit
DEBUG: (src/list.c :87 :List_push) gay shit
DEBUG: (src/list.c :87 :List_push) gay shit
DEBUG: (src/list.c :87 :List_push) gay shit
DEBUG: (src/list.c :87 :List_push) gay shit
DEBUG: (src/list.c :87 :List_push) gay shit
DEBUG: (src/list.c :87 :List_push) gay shit
DEBUG: (src/list.c :87 :List_push) gay shit
DEBUG: (src/list.c :87 :List_push) gay shit
DEBUG: (src/list.c :87 :List_push) gay shit
DEBUG: (src/list.c :87 :List_push) gay shit
DEBUG: (src/list.c :87 :List_push) gay shit
DEBUG: (src/list.c :87 :List_push) gay shit
DEBUG: (src/list.c :87 :List_push) gay shit
DEBUG: (src/list.c :87 :List_push) gay shit
DEBUG: (src/list.c :87 :List_push) gay shit
DEBUG: (src/list.c :87 :List_push) gay shit
DEBUG: (src/list.c :87 :List_push) gay shit
DEBUG: (src/list.c :87 :List_push) gay shit
DEBUG: (src/list.c :87 :List_push) gay shit
DEBUG: (src/list.c :87 :List_push) gay shit
DEBUG: (src/list.c :87 :List_push) gay shit
DEBUG: (src/list.c :87 :List_push) gay shit
DEBUG: (src/list.c :87 :List_push) gay shit
DEBUG: (src/list.c :87 :List_push) gay shit
DEBUG: (src/list.c :87 :List_push) gay shit
DEBUG: (src/list.c :87 :List_push) gay shit
DEBUG: (src/list.c :87 :List_push) gay shit
DEBUG: (src/list.c :87 :List_push) gay shit
DEBUG: (src/list.c :87 :List_push) gay shit
DEBUG: (src/list.c :87 :List_push) gay shit
DEBUG: (src/list.c :87 :List_push) gay shit
DEBUG: (src/list.c :87 :List_push) gay shit
DEBUG: (src/list.c :87 :List_push) gay shit
DEBUG: (src/list.c :87 :List_push) gay shit
DEBUG: (src/list.c :87 :List_push) gay shit
DEBUG: (src/list.c :87 :List_push) gay shit
DEBUG: (src/list.c :87 :List_push) gay shit
DEBUG: (src/list.c :87 :List_push) gay shit
DEBUG: (src/list.c :87 :List_push) gay shit
DEBUG: (src/list.c :87 :List_push) gay shit
DEBUG: (src/list.c :87 :List_push) gay shit
DEBUG: (src/list.c :87 :List_push) gay shit
DEBUG: (src/list.c :87 :List_push) gay shit
DEBUG: (src/list.c :87 :List_push) gay shit
DEBUG: (src/list.c :87 :List_push) gay shit
DEBUG: (src/list.c :87 :List_push) gay shit
DEBUG: (src/list.c :87 :List_push) gay shit
DEBUG: (src/list.c :87 :List_push) gay shit
DEBUG: (src/list.c :87 :List_push) gay shit
DEBUG: (src/list.c :87 :List_push) gay shit
DEBUG: (src/list.c :87 :List_push) gay shit
DEBUG: (src/list.c :87 :List_push) gay shit
DEBUG: (src/list.c :87 :List_push) gay shit
DEBUG: (src/list.c :87 :List_push) gay shit
DEBUG: (src/list.c :87 :List_push) gay shit
DEBUG: (src/list.c :87 :List_push) gay shit
DEBUG: (src/list.c :87 :List_push) gay shit
DEBUG: (src/list.c :87 :List_push) gay shit
DEBUG: (src/list.c :87 :List_push) gay shit
DEBUG: (src/list.c :87 :List_push) gay shit
DEBUG: (src/list.c :87 :List_push) gay shit
DEBUG: (src/list.c :87 :List_push) gay shit
DEBUG: (src/list.c :87 :List_push) gay shit
DEBUG: (src/list.c :87 :List_push) gay shit
DEBUG: (src/list.c :87 :List_push) gay shit
DEBUG: (src/list.c :87 :List_push) gay shit
DEBUG: (src/list.c :87 :List_push) gay shit
DEBUG: (src/list.c :87 :List_push) gay shit
DEBUG: (src/list.c :87 :List_push) gay shit
DEBUG: (src/list.c :87 :List_push) gay shit
DEBUG: (src/list.c :87 :List_push) gay shit
DEBUG: (src/list.c :87 :List_push) gay shit
DEBUG: (src/list.c :87 :List_push) gay shit
DEBUG: (src/list.c :87 :List_push) gay shit
DEBUG: (src/list.c :87 :List_push) gay shit
DEBUG: (src/list.c :87 :List_push) gay shit
DEBUG: (src/list.c :87 :List_push) gay shit
DEBUG: (src/list.c :87 :List_push) gay shit
DEBUG: (src/list.c :87 :List_push) gay shit
DEBUG: (src/list.c :87 :List_push) gay shit
DEBUG: (src/list.c :87 :List_push) gay shit
DEBUG: (src/list.c :87 :List_push) gay shit
DEBUG: (src/list.c :87 :List_push) gay shit
DEBUG: (src/list.c :87 :List_push) gay shit
DEBUG: (src/list.c :87 :List_push) gay shit
DEBUG: (src/list.c :87 :List_push) gay shit
DEBUG: (src/list.c :87 :List_push) gay shit
DEBUG: (src/list.c :87 :List_push) gay shit
DEBUG: (src/list.c :87 :List_push) gay shit
DEBUG: (src/list.c :87 :List_push) gay shit
DEBUG: (src/list.c :87 :List_push) gay shit
DEBUG: (src/list.c :87 :List_push) gay shit
DEBUG: (src/list.c :87 :List_push) gay shit
DEBUG: (src/list.c :87 :List_push) gay shit
DEBUG: (src/list.c :87 :List_push) gay shit
DEBUG: (src/list.c :87 :List_push) gay shit
DEBUG: (src/list.c :87 :List_push) gay shit
DEBUG: (src/list.c :87 :List_push) gay shit
DEBUG: (src/list.c :87 :List_push) gay shit
DEBUG: (src/list.c :87 :List_push) gay shit
DEBUG: (src/list.c :87 :List_push) gay shit
DEBUG: (src/list.c :87 :List_push) gay shit
DEBUG: (src/list.c :87 :List_push) gay shit
DEBUG: (src/list.c :87 :List_push) gay shit
DEBUG: (src/list.c :87 :List_push) gay shit
DEBUG: (src/list.c :87 :List_push) gay shit
DEBUG: (src/list.c :87 :List_push) gay shit
DEBUG: (src/list.c :87 :List_push) gay shit
DEBUG: (src/list.c :87 :List_push) gay shit
DEBUG: (src/list.c :87 :List_push) gay shit
DEBUG: (src/list.c :87 :List_push) gay shit
DEBUG: (src/list.c :87 :List_push) gay shit
DEBUG: (src/list.c :87 :List_push) gay shit
DEBUG: (src/list.c :87 :List_push) gay shit
DEBUG: (src/list.c :87 :List_push) gay shit
DEBUG: (src/list.c :87 :List_push) gay shit
DEBUG: (src/list.c :87 :List_push) gay shit
DEBUG: (src/list.c :87 :List_push) gay shit
DEBUG: (src/list.c :87 :List_push) gay shit
DEBUG: (src/list.c :87 :List_push) gay shit
DEBUG: (src/list.c :87 :List_push) gay shit
DEBUG: (src/list.c :87 :List_push) gay shit
DEBUG: (src/list.c :87 :List_push) gay shit
DEBUG: (src/list.c :87 :List_push) gay shit
DEBUG: (src/list.c :87 :List_push) gay shit
DEBUG: (src/list.c :87 :List_push) gay shit
DEBUG: (src/list.c :87 :List_push) gay shit
DEBUG: (src/list.c :87 :List_push) gay shit
DEBUG: (src/list.c :87 :List_push) gay shit
DEBUG: (src/list.c :87 :List_push) gay shit
DEBUG: (src/list.c :87 :List_push) gay shit
DEBUG: (src/list.c :87 :List_push) gay shit
DEBUG: (src/list.c :87 :List_push) gay shit
DEBUG: (src/list.c :87 :List_push) gay shit
DEBUG: (src/list.c :87 :List_push) gay shit
DEBUG: (src/list.c :87 :List_push) gay shit
DEBUG: (src/list.c :87 :List_push) gay shit
DEBUG: (src/list.c :87 :List_push) gay shit
DEBUG: (src/list.c :87 :List_push) gay shit
DEBUG: (src/list.c :87 :List_push) gay shit
DEBUG: (src/list.c :87 :List_push) gay shit
DEBUG: (src/list.c :87 :List_push) gay shit
DEBUG: (src/list.c :87 :List_push) gay shit
DEBUG: (src/list.c :87 :List_push) gay shit
DEBUG: (src/list.c :87 :List_push) gay shit
DEBUG: (src/list.c :87 :List_push) gay shit
DEBUG: (src/list.c :87 :List_push) gay shit
DEBUG: (src/list.c :87 :List_push) gay shit
DEBUG: (src/list.c :87 :List_push) gay shit
DEBUG: (src/list.c :87 :List_push) gay shit
DEBUG: (src/list.c :87 :List_push) gay shit
DEBUG: (src/list.c :87 :List_push) gay shit
DEBUG: (src/list.c :87 :List_push) gay shit
DEBUG: (src/list.c :87 :List_push) gay shit
DEBUG: (src/list.c :87 :List_push) gay shit
DEBUG: (src/list.c :87 :List_push) gay shit
DEBUG: (src/list.c :87 :List_push) gay shit
DEBUG: (src/list.c :87 :List_push) gay shit
DEBUG: (src/list.c :87 :List_push) gay shit
DEBUG: (src/list.c :87 :List_push) gay shit
DEBUG: (src/list.c :87 :List_push) gay shit
DEBUG: (src/list.c :87 :List_push) gay shit
DEBUG: (src/list.c :87 :List_push) gay shit
DEBUG: (src/list.c :87 :List_push) gay shit
DEBUG: (src/list.c :87 :List_push) gay shit
DEBUG: (src/list.c :87 :List_push) gay shit
DEBUG: (src/list.c :87 :List_push) gay shit
DEBUG: (src/list.c :87 :List_push) gay shit
DEBUG: (src/list.c :87 :List_push) gay shit
DEBUG: (src/list.c :87 :List_push) gay shit
DEBUG: (src/list.c :87 :List_push) gay shit
DEBUG: (src/list.c :87 :List_push) gay shit
DEBUG: (src/list.c :87 :List_push) gay shit
DEBUG: (src/list.c :87 :List_push) gay shit
DEBUG: (src/list.c :87 :List_push) gay shit
DEBUG: (src/list.c :87 :List_push) gay shit
DEBUG: (src/list.c :87 :List_push) gay shit
DEBUG: (src/list.c :87 :List_push) gay shit
DEBUG: (src/list.c :87 :List_push) gay shit
DEBUG: (src/list.c :87 :List_push) gay shit
DEBUG: (src/list.c :87 :List_push) gay shit
DEBUG: (src/list.c :87 :List_push) gay shit
DEBUG: (src/list.c :87 :List_push) gay shit
DEBUG: (src/list.c :87 :List_push) gay shit
DEBUG: (src/list.c :87 :List_push) gay shit
DEBUG: (src/list.c :87 :List_push) gay shit
DEBUG: (src/list.c :87 :List_push) gay shit
DEBUG: (src/list.c :87 :List_push) gay shit
DEBUG: (src/list.c :87 :List_push) gay shit
DEBUG: (src/list.c :87 :List_push) gay shit
DEBUG: (src/list.c :87 :List_push) gay shit
DEBUG: (src/list.c :87 :List_push) gay shit
DEBUG: (src/list.c :87 :List_push) gay shit
DEBUG: (src/list.c :87 :List_push) gay shit
DEBUG: (src/list.c :87 :List_push) gay shit
DEBUG: (src/list.c :87 :List_push) gay shit
DEBUG: (src/list.c :87 :List_push) gay shit
DEBUG: (src/list.c :87 :List_push) gay shit
DEBUG: (src/list.c :87 :List_push) gay shit
DEBUG: (src/list.c :87 :List_push) gay shit
DEBUG: (src/list.c :87 :List_push) gay shit
DEBUG: (src/list.c :87 :List_push) gay shit
DEBUG: (src/list.c :87 :List_push) gay shit
DEBUG: (src/list.c :87 :List_push) gay shit
DEBUG: (src/list.c :87 :List_push) gay shit
DEBUG: (src/list.c :87 :List_push) gay shit
DEBUG: (src/list.c :87 :List_push) gay shit
DEBUG: (src/list.c :87 :List_push) gay shit
DEBUG: (src/list.c :87 :List_push) gay shit
DEBUG: (src/list.c :87 :List_push) gay shit
DEBUG: (src/list.c :87 :List_push) gay shit
DEBUG: (src/list.c :87 :List_push) gay shit
DEBUG: (src/list.c :87 :List_push) gay shit
DEBUG: (src/list.c :87 :List_push) gay shit
DEBUG: (src/list.c :87 :List_push) gay shit
DEBUG: (src/list.c :87 :List_push) gay shit
DEBUG: (src/list.c :87 :List_push) gay shit
DEBUG: (src/list.c :87 :List_push) gay shit
DEBUG: (src/list.c :87 :List_push) gay shit
DEBUG: (src/list.c :87 :List_push) gay shit
DEBUG: (src/list.c :87 :List_push) gay shit
DEBUG: (src/list.c :87 :List_push) gay shit
DEBUG: (src/list.c :87 :List_push) gay shit
DEBUG: (src/list.c :87 :List_push) gay shit
DEBUG: (src/list.c :87 :List_push) gay shit
DEBUG: (src/list.c :87 :List_push) gay shit
DEBUG: (src/list.c :87 :List_push) gay shit
DEBUG: (src/list.c :87 :List_push) gay shit
DEBUG: (src/list.c :87 :List_push) gay shit
DEBUG: (src/list.c :87 :List_push) gay shit
DEBUG: (src/list.c :87 :List_push) gay shit
DEBUG: (src/list.c :87 :List_push) gay shit
DEBUG: (src/list.c :87 :List_push) gay shit
DEBUG: (src/list.c :87 :List_push) gay shit
DEBUG: (src/list.c :87 :List_push) gay shit
DEBUG: (src/list.c :87 :List_push) gay shit
DEBUG: (src/list.c :87 :List_push) gay shit
DEBUG: (src/list.c :87 :List_push) gay shit
DEBUG: (src/list.c :87 :List_push) gay shit
DEBUG: (src/list.c :87 :List_push) gay shit
DEBUG: (src/list.c :87 :List_push) gay shit
DEBUG: (src/list.c :87 :List_push) gay shit
DEBUG: (src/list.c :87 :List_push) gay shit
DEBUG: (src/list.c :87 :List_push) gay shit
DEBUG: (src/list.c :87 :List_push) gay shit
DEBUG: (src/list.c :87 :List_push) gay shit
DEBUG: (src/list.c :87 :List_push) gay shit
DEBUG: (src/list.c :87 :List_push) gay shit
DEBUG: (src/list.c :87 :List_push) gay shit
DEBUG: (src/list.c :87 :List_push) gay shit
DEBUG: (src/list.c :87 :List_push) gay shit
DEBUG: (src/list.c :87 :List_push) gay shit
DEBUG: (src/list.c :87 :List_push) gay shit
DEBUG: (src/list.c :87 :List_push) gay shit
DEBUG: (src/list.c :87 :List_push) gay shit
DEBUG: (src/list.c :87 :List_push) gay shit
DEBUG: (src/list.c :87 :List_push) gay shit
DEBUG: (src/list.c :87 :List_push) gay shit
DEBUG: (src/list.c :87 :List_push) gay shit
DEBUG: (src/list.c :87 :List_push) gay shit
DEBUG: (src/list.c :87 :List_push) gay shit
DEBUG: (src/list.c :87 :List_push) gay shit
DEBUG: (src/list.c :87 :List_push) gay shit
DEBUG: (src/list.c :87 :List_push) gay shit
DEBUG: (src/list.c :87 :List_push) gay shit
DEBUG: (src/list.c :87 :List_push) gay shit
DEBUG: (src/list.c :87 :List_push) gay shit
DEBUG: (src/list.c :87 :List_push) gay shit
DEBUG: (src/list.c :87 :List_push) gay shit
DEBUG: (src/list.c :87 :List_push) gay shit
DEBUG: (src/list.c :87 :List_push) gay shit
DEBUG: (src/list.c :87 :List_push) gay shit
DEBUG: (src/list.c :87 :List_push) gay shit
DEBUG: (src/list.c :87 :List_push) gay shit
DEBUG: (src/list.c :87 :List_push) gay shit
DEBUG: (src/list.c :87 :List_push) gay shit
DEBUG: (src/list.c :87 :List_push) gay shit
DEBUG: (src/list.c :87 :List_push) gay shit
DEBUG: (src/list.c :87 :List_push) gay shit
DEBUG: (src/list.c :87 :List_push) gay shit
DEBUG: (src/list.c :87 :List_push) gay shit
DEBUG: (src/list.c :87 :List_push) gay shit
DEBUG: (src/list.c :87 :List_push) gay shit
DEBUG: (src/list.c :87 :List_push) gay shit
DEBUG: (src/list.c :87 :List_push) gay shit
DEBUG: (src/list.c :87 :List_push) gay shit
DEBUG: (src/list.c :87 :List_push) gay shit
DEBUG: (src/list.c :87 :List_push) gay shit
DEBUG: (src/list.c :87 :List_push) gay shit
DEBUG: (src/list.c :87 :List_push) gay shit
DEBUG: (src/list.c :87 :List_push) gay shit
DEBUG: (src/list.c :87 :List_push) gay shit
DEBUG: (src/list.c :87 :List_push) gay shit
DEBUG: (src/list.c :87 :List_push) gay shit
DEBUG: (src/list.c :87 :List_push) gay shit
DEBUG: (src/list.c :87 :List_push) gay shit
DEBUG: (src/list.c :87 :List_push) gay shit
DEBUG: (src/list.c :87 :List_push) gay shit
DEBUG: (src/list.c :87 :List_push) gay shit
DEBUG: (src/list.c :87 :List_push) gay shit
DEBUG: (src/list.c :87 :List_push) gay shit
DEBUG: (src/list.c :87 :List_push) gay shit
DEBUG: (src/list.c :87 :List_push) gay shit
DEBUG: (src/list.c :87 :List_push) gay shit
DEBUG: (src/list.c :87 :List_push) gay shit
DEBUG: (src/list.c :87 :List_push) gay shit
DEBUG: (src/list.c :87 :List_push) gay shit
DEBUG: (src/list.c :87 :List_push) gay shit
DEBUG: (src/list.c :87 :List_push) gay shit
DEBUG: (src/list.c :87 :List_push) gay shit
DEBUG: (src/list.c :87 :List_push) gay shit
DEBUG: (src/list.c :87 :List_push) gay shit
DEBUG: (src/list.c :87 :List_push) gay shit
DEBUG: (src/list.c :87 :List_push) gay shit
DEBUG: (src/list.c :87 :List_push) gay shit
DEBUG: (src/list.c :87 :List_push) gay shit
DEBUG: (src/list.c :87 :List_push) gay shit
DEBUG: (src/list.c :87 :List_push) gay shit
DEBUG: (src/list.c :87 :List_push) gay shit
DEBUG: (src/list.c :87 :List_push) gay shit
DEBUG: (src/list.c :87 :List_push) gay shit
DEBUG: (src/list.c :87 :List_push) gay shit
DEBUG: (src/list.c :87 :List_push) gay shit
DEBUG: (src/list.c :87 :List_push) gay shit
DEBUG: (src/list.c :87 :List_push) gay shit
DEBUG: (src/list.c :87 :List_push) gay shit
DEBUG: (src/list.c :87 :List_push) gay shit
DEBUG: (src/list.c :87 :List_push) gay shit
DEBUG: (src/list.c :87 :List_push) gay shit
DEBUG: (src/list.c :87 :List_push) gay shit
DEBUG: (src/list.c :87 :List_push) gay shit
DEBUG: (src/list.c :87 :List_push) gay shit
DEBUG: (src/list.c :87 :List_push) gay shit
DEBUG: (src/list.c :87 :List_push) gay shit
DEBUG: (src/list.c :87 :List_push) gay shit
DEBUG: (src/list.c :87 :List_push) gay shit
DEBUG: (src/list.c :87 :List_push) gay shit
DEBUG: (src/list.c :87 :List_push) gay shit
DEBUG: (src/list.c :87 :List_push) gay shit
DEBUG: (src/list.c :87 :List_push) gay shit
DEBUG: (src/list.c :87 :List_push) gay shit
DEBUG: (src/list.c :87 :List_push) gay shit
DEBUG: (src/list.c :87 :List_push) gay shit
DEBUG: (src/list.c :87 :List_push) gay shit
DEBUG: (src/list.c :87 :List_push) gay shit
DEBUG: (src/list.c :87 :List_push) gay shit
DEBUG: (src/list.c :87 :List_push) gay shit
DEBUG: (src/list.c :87 :List_push) gay shit
DEBUG: (src/list.c :87 :List_push) gay shit
DEBUG: (src/list.c :87 :List_push) gay shit
DEBUG: (src/list.c :87 :List_push) gay shit
DEBUG: (src/list.c :87 :List_push) gay shit
DEBUG: (src/list.c :87 :List_push) gay shit
DEBUG: (src/list.c :87 :List_push) gay shit
DEBUG: (src/list.c :87 :List_push) gay shit
DEBUG: (src/list.c :87 :List_push) gay shit
DEBUG: (src/list.c :87 :List_push) gay shit
DEBUG: (src/list.c :87 :List_push) gay shit
DEBUG: (src/list.c :87 :List_push) gay shit
DEBUG: (src/list.c :87 :List_push) gay shit
DEBUG: (src/list.c :87 :List_push) gay shit
DEBUG: (src/list.c :87 :List_push) gay shit
DEBUG: (src/list.c :87 :List_push) gay shit
DEBUG: (src/list.c :87 :List_push) gay shit
DEBUG: (src/list.c :87 :List_push) gay shit
DEBUG: (src/list.c :87 :List_push) gay shit
DEBUG: (src/list.c :87 :List_push) gay shit
DEBUG: (src/list.c :87 :List_push) gay shit
DEBUG: (src/list.c :87 :List_push) gay shit
DEBUG: (src/list.c :87 :List_push) gay shit
DEBUG: (src/list.c :87 :List_push) gay shit
DEBUG: (src/list.c :87 :List_push) gay shit
DEBUG: (src/list.c :87 :List_push) gay shit
DEBUG: (src/list.c :87 :List_push) gay shit
DEBUG: (src/list.c :87 :List_push) gay shit
DEBUG: (src/list.c :87 :List_push) gay shit
DEBUG: (src/list.c :87 :List_push) gay shit
DEBUG: (src/list.c :87 :List_push) gay shit
DEBUG: (src/list.c :87 :List_push) gay shit
DEBUG: (src/list.c :87 :List_push) gay shit
DEBUG: (src/list.c :87 :List_push) gay shit
DEBUG: (src/list.c :87 :List_push) gay shit
DEBUG: (src/list.c :87 :List_push) gay shit
DEBUG: (src/list.c :87 :List_push) gay shit
DEBUG: (src/list.c :87 :List_push) gay shit
DEBUG: (src/list.c :87 :List_push) gay shit
DEBUG: (src/list.c :87 :List_push) gay shit
DEBUG: (src/list.c :87 :List_push) gay shit
DEBUG: (src/list.c :87 :List_push) gay shit
DEBUG: (src/list.c :87 :List_push) gay shit
DEBUG: (src/list.c :87 :List_push) gay shit
DEBUG: (src/list.c :87 :List_push) gay shit
DEBUG: (src/list.c :87 :List_push) gay shit
DEBUG: (src/list.c :87 :List_push) gay shit
DEBUG: (src/list.c :87 :List_push) gay shit
DEBUG: (src/list.c :87 :List_push) gay shit
DEBUG: (src/list.c :87 :List_push) gay shit
DEBUG: (src/list.c :87 :List_push) gay shit
DEBUG: (src/list.c :87 :List_push) gay shit
DEBUG: (src/list.c :87 :List_push) gay shit
DEBUG: (src/list.c :87 :List_push) gay shit
DEBUG: (src/list.c :87 :List_push) gay shit
DEBUG: (src/list.c :87 :List_push) gay shit
DEBUG: (src/list.c :87 :List_push) gay shit
DEBUG: (src/list.c :87 :List_push) gay shit
DEBUG: (src/list.c :87 :List_push) gay shit
DEBUG: (src/list.c :87 :List_push) gay shit
DEBUG: (src/list.c :87 :List_push) gay shit
DEBUG: (src/list.c :87 :List_push) gay shit
DEBUG: (src/list.c :87 :List_push) gay shit
DEBUG: (src/list.c :87 :List_push) gay shit
DEBUG: (src/list.c :87 :List_push) gay shit
DEBUG: (src/list.c :87 :List_push) gay shit
DEBUG: (src/list.c :87 :List_push) gay shit
DEBUG: (src/list.c :87 :List_push) gay shit
DEBUG: (src/list.c :87 :List_push) gay shit
DEBUG: (src/list.c :87 :List_push) gay shit
DEBUG: (src/list.c :87 :List_push) gay shit
DEBUG: (src/list.c :87 :List_push) gay shit
DEBUG: (src/list.c :87 :List_push) gay shit
DEBUG: (src/list.c :87 :List_push) gay shit
DEBUG: (src/list.c :87 :List_push) gay shit
DEBUG: (src/list.c :87 :List_push) gay shit
DEBUG: (src/list.c :87 :List_push) gay shit
DEBUG: (src/list.c :87 :List_push) gay shit
DEBUG: (src/list.c :87 :List_push) gay shit
DEBUG: (src/list.c :87 :List_push) gay shit
DEBUG: (src/list.c :87 :List_push) gay shit
DEBUG: (src/list.c :87 :List_push) gay shit
DEBUG: (src/list.c :87 :List_push) gay shit
DEBUG: (src/list.c :87 :List_push) gay shit
DEBUG: (src/list.c :87 :List_push) gay shit
DEBUG: (src/list.c :87 :List_push) gay shit
DEBUG: (src/list.c :87 :List_push) gay shit
DEBUG: (src/list.c :87 :List_push) gay shit
DEBUG: (src/list.c :87 :List_push) gay shit
DEBUG: (src/list.c :87 :List_push) gay shit
DEBUG: (src/list.c :87 :List_push) gay shit
DEBUG: (src/list.c :87 :List_push) gay shit
DEBUG: (src/list.c :87 :List_push) gay shit
DEBUG: (src/list.c :87 :List_push) gay shit
DEBUG: (src/list.c :87 :List_push) gay shit
DEBUG: (src/list.c :87 :List_push) gay shit
DEBUG: (src/list.c :87 :List_push) gay shit
DEBUG: (src/list.c :87 :List_push) gay shit
DEBUG: (src/list.c :87 :List_push) gay shit
DEBUG: (src/list.c :87 :List_push) gay shit
DEBUG: (src/list.c :87 :List_push) gay shit
DEBUG: (src/list.c :87 :List_push) gay shit
DEBUG: (src/list.c :87 :List_push) gay shit
DEBUG: (src/list.c :87 :List_push) gay shit
DEBUG: (src/list.c :87 :List_push) gay shit
DEBUG: (src/list.c :87 :List_push) gay shit
DEBUG: (src/list.c :87 :List_push) gay shit
DEBUG: (src/list.c :87 :List_push) gay shit
DEBUG: (src/list.c :87 :List_push) gay shit
DEBUG: (src/list.c :87 :List_push) gay shit
DEBUG: (src/list.c :87 :List_push) gay shit
DEBUG: (src/list.c :87 :List_push) gay shit
DEBUG: (src/list.c :87 :List_push) gay shit
DEBUG: (src/list.c :87 :List_push) gay shit
DEBUG: (src/list.c :87 :List_push) gay shit
DEBUG: (src/list.c :87 :List_push) gay shit
DEBUG: (src/list.c :87 :List_push) gay shit
DEBUG: (src/list.c :87 :List_push) gay shit
DEBUG: (src/list.c :87 :List_push) gay shit
DEBUG: (src/list.c :87 :List_push) gay shit
DEBUG: (src/list.c :87 :List_push) gay shit
DEBUG: (src/list.c :87 :List_push) gay shit
DEBUG: (src/list.c :87 :List_push) gay shit
DEBUG: (src/list.c :87 :List_push) gay shit
DEBUG: (src/list.c :87 :List_push) gay shit
DEBUG: (src/list.c :87 :List_push) gay shit
DEBUG: (src/list.c :87 :List_push) gay shit
DEBUG: (src/list.c :87 :List_push) gay shit
DEBUG: (src/list.c :87 :List_push) gay shit
DEBUG: (src/list.c :87 :List_push) gay shit
DEBUG: (src/list.c :87 :List_push) gay shit
DEBUG: (src/list.c :87 :List_push) gay shit
DEBUG: (src/list.c :87 :List_push) gay shit
DEBUG: (src/list.c :87 :List_push) gay shit
DEBUG: (src/list.c :87 :List_push) gay shit
DEBUG: (src/list.c :87 :List_push) gay shit
DEBUG: (src/list.c :87 :List_push) gay shit
DEBUG: (src/list.c :87 :List_push) gay shit
DEBUG: (src/list.c :87 :List_push) gay shit
DEBUG: (src/list.c :87 :List_push) gay shit
DEBUG: (src/list.c :87 :List_push) gay shit
DEBUG: (src/list.c :87 :List_push) gay shit
DEBUG: (src/list.c :87 :List_push) gay shit
DEBUG: (src/list.c :87 :List_push) gay shit
DEBUG: (src/list.c :87 :List_push) gay shit
DEBUG: (src/list.c :87 :List_push) gay shit
DEBUG: (src/list.c :87 :List_push) gay shit
DEBUG: (src/list.c :87 :List_push) gay shit
DEBUG: (src/list.c :87 :List_push) gay shit
DEBUG: (src/list.c :87 :List_push) gay shit
DEBUG: (src/list.c :87 :List_push) gay shit
DEBUG: (src/list.c :87 :List_push) gay shit
DEBUG: (src/list.c :87 :List_push) gay shit
DEBUG: (src/list.c :87 :List_push) gay shit
DEBUG: (src/list.c :87 :List_push) gay shit
DEBUG: (src/list.c :87 :List_push) gay shit
DEBUG: (src/list.c :87 :List_push) gay shit
DEBUG: (src/list.c :87 :List_push) gay shit
DEBUG: (src/list.c :87 :List_push) gay shit
DEBUG: (src/list.c :87 :List_push) gay shit
DEBUG: (src/list.c :87 :List_push) gay shit
DEBUG: (src/list.c :87 :List_push) gay shit
DEBUG: (src/list.c :87 :List_push) gay shit
DEBUG: (src/list.c :87 :List_push) gay shit
DEBUG: (src/list.c :87 :List_push) gay shit
DEBUG: (src/list.c :87 :List_push) gay shit
DEBUG: (src/list.c :87 :List_push) gay shit
DEBUG: (src/list.c :87 :List_push) gay shit
DEBUG: (src/list.c :87 :List_push) gay shit
DEBUG: (src/list.c :87 :List_push) gay shit
DEBUG: (src/list.c :87 :List_push) gay shit
DEBUG: (src/list.c :87 :List_push) gay shit
DEBUG: (src/list.c :87 :List_push) gay shit
DEBUG: (src/list.c :87 :List_push) gay shit
DEBUG: (src/list.c :87 :List_push) gay shit
DEBUG: (src/list.c :87 :List_push) gay shit
DEBUG: (src/list.c :87 :List_push) gay shit
DEBUG: (src/list.c :87 :List_push) gay shit
DEBUG: (src/list.c :87 :List_push) gay shit
DEBUG: (src/list.c :87 :List_push) gay shit
DEBUG: (src/list.c :87 :List_push) gay shit
DEBUG: (src/list.c :87 :List_push) gay shit
DEBUG: (src/list.c :87 :List_push) gay shit
DEBUG: (src/list.c :87 :List_push) gay shit
DEBUG: (src/list.c :87 :List_push) gay shit
DEBUG: (src/list.c :87 :List_push) gay shit
DEBUG: (src/list.c :87 :List_push) gay shit
DEBUG: (src/list.c :87 :List_push) gay shit
DEBUG: (src/list.c :87 :List_push) gay shit
DEBUG: (src/list.c :87 :List_push) gay shit
DEBUG: (src/list.c :87 :List_push) gay shit
DEBUG: (src/list.c :87 :List_push) gay shit
DEBUG: (src/list.c :87 :List_push) gay shit
DEBUG: (src/list.c :87 :List_push) gay shit
DEBUG: (src/list.c :87 :List_push) gay shit
DEBUG: (src/list.c :87 :List_push) gay shit
DEBUG: (src/list.c :87 :List_push) gay shit
DEBUG: (src/list.c :87 :List_push) gay shit
DEBUG: (src/list.c :87 :List_push) gay shit
DEBUG: (src/list.c :87 :List_push) gay shit
DEBUG: (src/list.c :87 :List_push) gay shit
DEBUG: (src/list.c :87 :List_push) gay shit
DEBUG: (src/list.c :87 :List_push) gay shit
DEBUG: (src/list.c :87 :List_push) gay shit
DEBUG: (src/list.c :87 :List_push) gay shit
DEBUG: (src/list.c :87 :List_push) gay shit
DEBUG: (src/list.c :87 :List_push) gay shit
DEBUG: (src/list.c :87 :List_push) gay shit
DEBUG: (src/list.c :87 :List_push) gay shit
DEBUG: (src/list.c :87 :List_push) gay shit
DEBUG: (src/list.c :87 :List_push) gay shit
DEBUG: (src/list.c :87 :List_push) gay shit
DEBUG: (src/list.c :87 :List_push) gay shit
DEBUG: (src/list.c :87 :List_push) gay shit
DEBUG: (src/list.c :87 :List_push) gay shit
DEBUG: (src/list.c :87 :List_push) gay shit
DEBUG: (src/list.c :87 :List_push) gay shit
DEBUG: (src/list.c :87 :List_push) gay shit
DEBUG: (src/list.c :87 :List_push) gay shit
DEBUG: (src/list.c :87 :List_push) gay shit
DEBUG: (src/list.c :87 :List_push) gay shit
DEBUG: (src/list.c :87 :List_push) gay shit
DEBUG: (src/list.c :87 :List_push) gay shit
DEBUG: (src/list.c :87 :List_push) gay shit
DEBUG: (src/list.c :87 :List_push) gay shit
DEBUG: (src/list.c :87 :List_push) gay shit
DEBUG: (src/list.c :87 :List_push) gay shit
DEBUG: (src/list.c :87 :List_push) gay shit
DEBUG: (src/list.c :87 :List_push) gay shit
DEBUG: (src/list.c :87 :List_push) gay shit
DEBUG: (src/list.c :87 :List_push) gay shit
DEBUG: (src/list.c :87 :List_push) gay shit
DEBUG: (src/list.c :87 :List_push) gay shit
DEBUG: (src/list.c :87 :List_push) gay shit
DEBUG: (src/list.c :87 :List_push) gay shit
DEBUG: (src/list.c :87 :List_push) gay shit
DEBUG: (src/list.c :87 :List_push) gay shit
DEBUG: (src/list.c :87 :List_push) gay shit
DEBUG: (src/list.c :87 :List_push) gay shit
DEBUG: (src/list.c :87 :List_push) gay shit
DEBUG: (src/list.c :87 :List_push) gay shit
DEBUG: (src/list.c :87 :List_push) gay shit
DEBUG: (src/list.c :87 :List_push) gay shit
DEBUG: (src/list.c :87 :List_push) gay shit
DEBUG: (src/list.c :87 :List_push) gay shit
DEBUG: (src/list.c :87 :List_push) gay shit
DEBUG: (src/list.c :87 :List_push) gay shit
DEBUG: (src/list.c :87 :List_push) gay shit
DEBUG: (src/list.c :87 :List_push) gay shit
DEBUG: (src/list.c :87 :List_push) gay shit
DEBUG: (src/list.c :87 :List_push) gay shit
DEBUG: (src/list.c :87 :List_push) gay shit
DEBUG: (src/list.c :87 :List_push) gay shit
DEBUG: (src/list.c :87 :List_push) gay shit
DEBUG: (src/list.c :87 :List_push) gay shit
DEBUG: (src/list.c :87 :List_push) gay shit
DEBUG: (src/list.c :87 :List_push) gay shit
DEBUG: (src/list.c :87 :List_push) gay shit
DEBUG: (src/list.c :87 :List_push) gay shit
DEBUG: (src/list.c :87 :List_push) gay shit
DEBUG: (src/list.c :87 :List_push) gay shit
DEBUG: (src/list.c :87 :List_push) gay shit
DEBUG: (src/list.c :87 :List_push) gay shit
DEBUG: (src/list.c :87 :List_push) gay shit
DEBUG: (src/list.c :87 :List_push) gay shit
DEBUG: (src/list.c :87 :List_push) gay shit
DEBUG: (src/list.c :87 :List_push) gay shit
DEBUG: (src/list.c :87 :List_push) gay shit
DEBUG: (src/list.c :87 :List_push) gay shit
DEBUG: (src/list.c :87 :List_push) gay shit
DEBUG: (src/list.c :87 :List_push) gay shit
DEBUG: (src/list.c :87 :List_push) gay shit
DEBUG: (src/list.c :87 :List_push) gay shit
DEBUG: (src/list.c :87 :List_push) gay shit
DEBUG: (src/list.c :87 :List_push) gay shit
DEBUG: (src/list.c :87 :List_push) gay shit
DEBUG: (src/list.c :87 :List_push) gay shit
DEBUG: (src/list.c :87 :List_push) gay shit
DEBUG: (src/list.c :87 :List_push) gay shit
DEBUG: (src/list.c :87 :List_push) gay shit
DEBUG: (src/list.c :87 :List_push) gay shit
DEBUG: (src/list.c :87 :List_push) gay shit
DEBUG: (src/list.c :87 :List_push) gay shit
DEBUG: (src/list.c :87 :List_push) gay shit
DEBUG: (src/list.c :87 :List_push) gay shit
DEBUG: (src/list.c :87 :List_push) gay shit
DEBUG: (src/list.c :87 :List_push) gay shit
DEBUG: (src/list.c :87 :List_push) gay shit
DEBUG: (src/list.c :87 :List_push) gay shit
DEBUG: (src/list.c :87 :List_push) gay shit
DEBUG: (src/list.c :87 :List_push) gay shit
DEBUG: (src/list.c :87 :List_push) gay shit
DEBUG: (src/list.c :87 :List_push) gay shit
DEBUG: (src/list.c :87 :List_push) gay shit
DEBUG: (src/list.c :87 :List_push) gay shit
DEBUG: (src/list.c :87 :List_push) gay shit
DEBUG: (src/list.c :87 :List_push) gay shit
DEBUG: (src/list.c :87 :List_push) gay shit
DEBUG: (src/list.c :87 :List_push) gay shit
DEBUG: (src/list.c :87 :List_push) gay shit
DEBUG: (src/list.c :87 :List_push) gay shit
DEBUG: (src/list.c :87 :List_push) gay shit
DEBUG: (src/list.c :87 :List_push) gay shit
DEBUG: (src/list.c :87 :List_push) gay shit
DEBUG: (src/list.c :87 :List_push) gay shit
DEBUG: (src/list.c :87 :List_push) gay shit
DEBUG: (src/list.c :87 :List_push) gay shit
DEBUG: (src/list.c :87 :List_push) gay shit
DEBUG: (src/list.c :87 :List_push) gay shit
DEBUG: (src/list.c :87 :List_push) gay shit
DEBUG: (src/list.c :87 :List_push) gay shit
DEBUG: (src/list.c :87 :List_push) gay shit
DEBUG: (src/list.c :87 :List_push) gay shit
DEBUG: (src/list.c :87 :List_push) gay shit
DEBUG: (src/list.c :87 :List_push) gay shit
DEBUG: (src/list.c :87 :List_push) gay shit
DEBUG: (src/list.c :87 :List_push) gay shit
DEBUG: (src/list.c :87 :List_push) gay shit
DEBUG: (src/list.c :87 :List_push) gay shit
DEBUG: (src/list.c :87 :List_push) gay shit
DEBUG: (src/list.c :87 :List_push) gay shit
DEBUG: (src/list.c :87 :List_push) gay shit
DEBUG: (src/list.c :87 :List_push) gay shit
DEBUG: (src/list.c :87 :List_push) gay shit
DEBUG: (src/list.c :87 :List_push) gay shit
DEBUG: (src/list.c :87 :List_push) gay shit
DEBUG: (src/list.c :87 :List_push) gay shit
DEBUG: (src/list.c :87 :List_push) gay shit
DEBUG: (src/list.c :87 :List_push) gay shit
DEBUG: (src/list.c :87 :List_push) gay shit
DEBUG: (src/list.c :87 :List_push) gay shit
DEBUG: (src/list.c :87 :List_push) gay shit
DEBUG: (src/list.c :87 :List_push) gay shit
DEBUG: (src/list.c :87 :List_push) gay shit
DEBUG: (src/list.c :87 :List_push) gay shit
DEBUG: (src/list.c :87 :List_push) gay shit
DEBUG: (src/list.c :87 :List_push) gay shit
DEBUG: (src/list.c :87 :List_push) gay shit
DEBUG: (src/list.c :87 :List_push) gay shit
DEBUG: (src/list.c :87 :List_push) gay shit
DEBUG: (src/list.c :87 :List_push) gay shit
DEBUG: (src/list.c :87 :List_push) gay shit
DEBUG: (src/list.c :87 :List_push) gay shit
DEBUG: (src/list.c :87 :List_push) gay shit
DEBUG: (src/list.c :87 :List_push) gay shit
DEBUG: (src/list.c :87 :List_push) gay shit
DEBUG: (src/list.c :87 :List_push) gay shit
DEBUG: (src/list.c :87 :List_push) gay shit
DEBUG: (src/list.c :87 :List_push) gay shit
DEBUG: (src/list.c :87 :List_push) gay shit
DEBUG: (src/list.c :87 :List_push) gay shit
DEBUG: (src/list.c :87 :List_push) gay shit
DEBUG: (src/list.c :87 :List_push) gay shit
DEBUG: (src/list.c :87 :List_push) gay shit
DEBUG: (src/list.c :87 :List_push) gay shit
DEBUG: (src/list.c :87 :List_push) gay shit
DEBUG: (src/list.c :87 :List_push) gay shit
DEBUG: (src/list.c :87 :List_push) gay shit
DEBUG: (src/list.c :87 :List_push) gay shit
DEBUG: (src/list.c :87 :List_push) gay shit
DEBUG: (src/list.c :87 :List_push) gay shit
DEBUG: (src/list.c :87 :List_push) gay shit
DEBUG: (src/list.c :87 :List_push) gay shit
DEBUG: (src/list.c :87 :List_push) gay shit
DEBUG: (src/list.c :87 :List_push) gay shit
DEBUG: (src/list.c :87 :List_push) gay shit
DEBUG: (src/list.c :87 :List_push) gay shit
DEBUG: (src/list.c :87 :List_push) gay shit
DEBUG: (src/list.c :87 :List_push) gay shit
DEBUG: (src/list.c :87 :List_push) gay shit
DEBUG: (src/list.c :87 :List_push) gay shit
DEBUG: (src/list.c :87 :List_push) gay shit
DEBUG: (src/list.c :87 :List_push) gay shit
DEBUG: (src/list.c :87 :List_push) gay shit
DEBUG: (src/list.c :87 :List_push) gay shit
DEBUG: (src/list.c :87 :List_push) gay shit
DEBUG: (src/list.c :87 :List_push) gay shit
DEBUG: (src/list.c :87 :List_push) gay shit
DEBUG: (src/list.c :87 :List_push) gay shit
DEBUG: (src/list.c :87 :List_push) gay shit
DEBUG: (src/list.c :87 :List_push) gay shit
DEBUG: (src/list.c :87 :List_push) gay shit
DEBUG: (src/list.c :87 :List_push) gay shit
DEBUG: (src/list.c :87 :List_push) gay shit
DEBUG: (src/list.c :87 :List_push) gay shit
DEBUG: (src/list.c :87 :List_push) gay shit
DEBUG: (src/list.c :87 :List_push) gay shit
DEBUG: (src/list.c :87 :List_push) gay shit
DEBUG: (src/list.c :87 :List_push) gay shit
DEBUG: (src/list.c :87 :List_push) gay shit
DEBUG: (src/list.c :87 :List_push) gay shit
DEBUG: (src/list.c :87 :List_push) gay shit
DEBUG: (src/list.c :87 :List_push) gay shit
DEBUG: (src/list.c :87 :List_push) gay shit
DEBUG: (src/list.c :87 :List_push) gay shit
DEBUG: (src/list.c :87 :List_push) gay shit
DEBUG: (src/list.c :87 :List_push) gay shit
DEBUG: (src/list.c :87 :List_push) gay shit
DEBUG: (src/list.c :87 :List_push) gay shit
DEBUG: (src/list.c :87 :List_push) gay shit
DEBUG: (src/list.c :87 :List_push) gay shit
DEBUG: (src/list.c :87 :List_push) gay shit
DEBUG: (src/list.c :87 :List_push) gay shit
DEBUG: (src/list.c :87 :List_push) gay shit
DEBUG: (src/list.c :87 :List_push) gay shit
DEBUG: (src/list.c :87 :List_push) gay shit
DEBUG: (src/list.c :87 :List_push) gay shit
DEBUG: (src/list.c :87 :List_push) gay shit
DEBUG: (src/list.c :87 :List_push) gay shit
DEBUG: (src/list.c :87 :List_push) gay shit
DEBUG: (src/list.c :87 :List_push) gay shit
DEBUG: (src/list.c :87 :List_push) gay shit
DEBUG: (src/list.c :87 :List_push) gay shit
DEBUG: (src/list.c :87 :List_push) gay shit
DEBUG: (src/list.c :87 :List_push) gay shit
DEBUG: (src/list.c :87 :List_push) gay shit
DEBUG: (src/list.c :87 :List_push) gay shit
DEBUG: (src/list.c :87 :List_push) gay shit
DEBUG: (src/list.c :87 :List_push) gay shit
DEBUG: (src/list.c :87 :List_push) gay shit
DEBUG: (src/list.c :87 :List_push) gay shit
DEBUG: (src/list.c :87 :List_push) gay shit
DEBUG: (src/list.c :87 :List_push) gay shit
DEBUG: (src/list.c :87 :List_push) gay shit
DEBUG: (src/list.c :87 :List_push) gay shit
DEBUG: (src/list.c :87 :List_push) gay shit
DEBUG: (src/list.c :87 :List_push) gay shit
DEBUG: (src/list.c :87 :List_push) gay shit
DEBUG: (src/list.c :87 :List_push) gay shit
DEBUG: (src/list.c :87 :List_push) gay shit
DEBUG: (src/list.c :87 :List_push) gay shit
DEBUG: (src/list.c :87 :List_push) gay shit
DEBUG: (src/list.c :87 :List_push) gay shit
DEBUG: (src/list.c :87 :List_push) gay shit
DEBUG: (src/list.c :87 :List_push) gay shit
DEBUG: (src/list.c :87 :List_push) gay shit
DEBUG: (src/list.c :87 :List_push) gay shit
DEBUG: (src/list.c :87 :List_push) gay shit
DEBUG: (src/list.c :87 :List_push) gay shit
DEBUG: (src/list.c :87 :List_push) gay shit
DEBUG: (src/list.c :87 :List_push) gay shit
DEBUG: (src/list.c :87 :List_push) gay shit
DEBUG: (src/list.c :87 :List_push) gay shit
DEBUG: (src/list.c :87 :List_push) gay shit
DEBUG: (src/list.c :87 :List_push) gay shit
DEBUG: (src/list.c :87 :List_push) gay shit
DEBUG: (src/list.c :87 :List_push) gay shit
DEBUG: (src/list.c :87 :List_push) gay shit
DEBUG: (src/list.c :87 :List_push) gay shit
DEBUG: (src/list.c :87 :List_push) gay shit
DEBUG: (src/list.c :87 :List_push) gay shit
DEBUG: (src/list.c :87 :List_push) gay shit
DEBUG: (src/list.c :87 :List_push) gay shit
DEBUG: (src/list.c :87 :List_push) gay shit
DEBUG: (src/list.c :87 :List_push) gay shit
DEBUG: (src/list.c :87 :List_push) gay shit
DEBUG: (src/list.c :87 :List_push) gay shit
DEBUG: (src/list.c :87 :List_push) gay shit
DEBUG: (src/list.c :87 :List_push) gay shit
DEBUG: (src/list.c :87 :List_push) gay shit
DEBUG: (src/list.c :87 :List_push) gay shit
DEBUG: (src/list.c :87 :List_push) gay shit
DEBUG: (src/list.c :87 :List_push) gay shit
DEBUG: (src/list.c :87 :List_push) gay shit
DEBUG: (src/list.c :87 :List_push) gay shit
DEBUG: (src/list.c :87 :List_push) gay shit
DEBUG: (src/list.c :87 :List_push) gay shit
DEBUG: (src/list.c :87 :List_push) gay shit
DEBUG: (src/list.c :87 :List_push) gay shit
DEBUG: (src/list.c :87 :List_push) gay shit
DEBUG: (src/list.c :87 :List_push) gay shit
DEBUG: (src/list.c :87 :List_push) gay shit
DEBUG: (src/list.c :87 :List_push) gay shit
DEBUG: (src/list.c :87 :List_push) gay shit
DEBUG: (src/list.c :87 :List_push) gay shit
DEBUG: (src/list.c :87 :List_push) gay shit
DEBUG: (src/list.c :87 :List_push) gay shit
DEBUG: (src/list.c :87 :List_push) gay shit
DEBUG: (src/list.c :87 :List_push) gay shit
DEBUG: (src/list.c :87 :List_push) gay shit
DEBUG: (src/list.c :87 :List_push) gay shit
DEBUG: (src/list.c :87 :List_push) gay shit
DEBUG: (src/list.c :87 :List_push) gay shit
DEBUG: (src/list.c :87 :List_push) gay shit
DEBUG: (src/list.c :87 :List_push) gay shit
DEBUG: (src/list.c :87 :List_push) gay shit
DEBUG: (src/list.c :87 :List_push) gay shit
DEBUG: (src/list.c :87 :List_push) gay shit
DEBUG: (src/list.c :87 :List_push) gay shit
DEBUG: (src/list.c :87 :List_push) gay shit
DEBUG: (src/list.c :87 :List_push) gay shit
DEBUG: (src/list.c :87 :List_push) gay shit
DEBUG: (src/list.c :87 :List_push) gay shit
DEBUG: (src/list.c :87 :List_push) gay shit
DEBUG: (src/list.c :87 :List_push) gay shit
DEBUG: (src/list.c :87 :List_push) gay shit
DEBUG: (src/list.c :87 :List_push) gay shit
DEBUG: (src/list.c :87 :List_push) gay shit
DEBUG: (src/list.c :87 :List_push) gay shit
DEBUG: (src/list.c :87 :List_push) gay shit
DEBUG: (src/list.c :87 :List_push) gay shit
DEBUG: (src/list.c :87 :List_push) gay shit
DEBUG: (src/list.c :87 :List_push) gay shit
DEBUG: (src/list.c :87 :List_push) gay shit
DEBUG: (src/list.c :87 :List_push) gay shit
DEBUG: (src/list.c :87 :List_push) gay shit
DEBUG: (src/list.c :87 :List_push) gay shit
DEBUG: (src/list.c :87 :List_push) gay shit
DEBUG: (src/list.c :87 :List_push) gay shit
DEBUG: (src/list.c :87 :List_push) gay shit
DEBUG: (src/list.c :87 :List_push) gay shit
DEBUG: (src/list.c :87 :List_push) gay shit
DEBUG: (src/list.c :87 :List_push) gay shit
DEBUG: (src/list.c :87 :List_push) gay shit
DEBUG: (src/list.c :87 :List_push) gay shit
DEBUG: (src/list.c :87 :List_push) gay shit
DEBUG: (src/list.c :87 :List_push) gay shit
DEBUG: (src/list.c :87 :List_push) gay shit
DEBUG: (src/list.c :87 :List_push) gay shit
DEBUG: (src/list.c :87 :List_push) gay shit
DEBUG: (src/list.c :87 :List_push) gay shit
DEBUG: (src/list.c :87 :List_push) gay shit
DEBUG: (src/list.c :87 :List_push) gay shit
DEBUG: (src/list.c :87 :List_push) gay shit
DEBUG: (src/list.c :87 :List_push) gay shit
DEBUG: (src/list.c :87 :List_push) gay shit
DEBUG: (src/list.c :87 :List_push) gay shit
DEBUG: (src/list.c :87 :List_push) gay shit
DEBUG: (src/list.c :87 :List_push) gay shit
DEBUG: (src/list.c :87 :List_push) gay shit
DEBUG: (src/list.c :87 :List_push) gay shit
DEBUG: (src/list.c :87 :List_push) gay shit
DEBUG: (src/list.c :87 :List_push) gay shit
DEBUG: (src/list.c :87 :List_push) gay shit
DEBUG: (src/list.c :87 :List_push) gay shit
DEBUG: (src/list.c :87 :List_push) gay shit
DEBUG: (src/list.c :87 :List_push) gay shit
DEBUG: (src/list.c :87 :List_push) gay shit
DEBUG: (src/list.c :87 :List_push) gay shit
DEBUG: (src/list.c :87 :List_push) gay shit
DEBUG: (src/list.c :87 :List_push) gay shit
DEBUG: (src/list.c :87 :List_push) gay shit
DEBUG: (src/list.c :87 :List_push) gay shit
DEBUG: (src/list.c :87 :List_push) gay shit
DEBUG: (src/list.c :87 :List_push) gay shit
DEBUG: (src/list.c :87 :List_push) gay shit
DEBUG: (src/list.c :87 :List_push) gay shit
DEBUG: (src/list.c :87 :List_push) gay shit
DEBUG: (src/list.c :87 :List_push) gay shit
DEBUG: (src/list.c :87 :List_push) gay shit
DEBUG: (src/list.c :87 :List_push) gay shit
DEBUG: (src/list.c :87 :List_push) gay shit
DEBUG: (src/list.c :87 :List_push) gay shit
DEBUG: (src/list.c :87 :List_push) gay shit
DEBUG: (src/list.c :87 :List_push) gay shit
DEBUG: (src/list.c :87 :List_push) gay shit
DEBUG: (src/list.c :87 :List_push) gay shit
DEBUG: (src/list.c :87 :List_push) gay shit
DEBUG: (src/list.c :87 :List_push) gay shit
DEBUG: (src/list.c :87 :List_push) gay shit
DEBUG: (src/list.c :87 :List_push) gay shit
DEBUG: (src/list.c :87 :List_push) gay shit
DEBUG: (src/list.c :87 :List_push) gay shit
DEBUG: (src/list.c :87 :List_push) gay shit
DEBUG: (src/list.c :87 :List_push) gay shit
DEBUG: (src/list.c :87 :List_push) gay shit
DEBUG: (src/list.c :87 :List_push) gay shit
DEBUG: (src/list.c :87 :List_push) gay shit
DEBUG: (src/list.c :87 :List_push) gay shit
DEBUG: (src/list.c :87 :List_push) gay shit
DEBUG: (src/list.c :87 :List_push) gay shit
DEBUG: (src/list.c :87 :List_push) gay shit
DEBUG: (src/list.c :87 :List_push) gay shit
DEBUG: (src/list.c :87 :List_push) gay shit
DEBUG: (src/list.c :87 :List_push) gay shit
DEBUG: (src/list.c :87 :List_push) gay shit
DEBUG: (src/list.c :87 :List_push) gay shit
DEBUG: (src/list.c :87 :List_push) gay shit
DEBUG: (src/list.c :87 :List_push) gay shit
DEBUG: (src/list.c :87 :List_push) gay shit
DEBUG: (src/list.c :87 :List_push) gay shit
DEBUG: (src/list.c :87 :List_push) gay shit
DEBUG: (src/list.c :87 :List_push) gay shit
DEBUG: (src/list.c :87 :List_push) gay shit
DEBUG: (src/list.c :87 :List_push) gay shit
DEBUG: (src/list.c :87 :List_push) gay shit
DEBUG: (src/list.c :87 :List_push) gay shit
DEBUG: (src/list.c :87 :List_push) gay shit
DEBUG: (src/list.c :87 :List_push) gay shit
DEBUG: (src/list.c :87 :List_push) gay shit
DEBUG: (src/list.c :87 :List_push) gay shit
DEBUG: (src/list.c :87 :List_push) gay shit
DEBUG: (src/list.c :87 :List_push) gay shit
DEBUG: (src/list.c :87 :List_push) gay shit
DEBUG: (src/list.c :87 :List_push) gay shit
DEBUG: (src/list.c :87 :List_push) gay shit
DEBUG: (src/list.c :87 :List_push) gay shit
DEBUG: (src/list.c :87 :List_push) gay shit
DEBUG: (src/list.c :87 :List_push) gay shit
DEBUG: (src/list.c :87 :List_push) gay shit
DEBUG: (src/list.c :87 :List_push) gay shit
DEBUG: (src/list.c :87 :List_push) gay shit
DEBUG: (src/list.c :87 :List_push) gay shit
DEBUG: (src/list.c :87 :List_push) gay shit
DEBUG: (src/list.c :87 :List_push) gay shit
DEBUG: (src/list.c :87 :List_push) gay shit
DEBUG: (src/list.c :87 :List_push) gay shit
DEBUG: (src/list.c :87 :List_push) gay shit
DEBUG: (src/list.c :87 :List_push) gay shit
DEBUG: (src/list.c :87 :List_push) gay shit
DEBUG: (src/list.c :87 :List_push) gay shit
DEBUG: (src/list.c :87 :List_push) gay shit
DEBUG: (src/list.c :87 :List_push) gay shit
DEBUG: (src/list.c :87 :List_push) gay shit
DEBUG: (src/list.c :87 :List_push) gay shit
DEBUG: (src/list.c :87 :List_push) gay shit
DEBUG: (src/list.c :87 :List_push) gay shit
DEBUG: (src/list.c :87 :List_push) gay shit
DEBUG: (src/list.c :87 :List_push) gay shit
DEBUG: (src/list.c :87 :List_push) gay shit
DEBUG: (src/list.c :87 :List_push) gay shit
DEBUG: (src/list.c :87 :List_push) gay shit
DEBUG: (src/list.c :87 :List_push) gay shit
DEBUG: (src/list.c :87 :List_push) gay shit
DEBUG: (src/list.c :87 :List_push) gay shit
DEBUG: (src/list.c :87 :List_push) gay shit
DEBUG: (src/list.c :87 :List_push) gay shit
DEBUG: (src/list.c :87 :List_push) gay shit
DEBUG: (src/list.c :87 :List_push) gay shit
DEBUG: (src/list.c :87 :List_push) gay shit
DEBUG: (src/list.c :87 :List_push) gay shit
DEBUG: (src/list.c :87 :List_push) gay shit
DEBUG: (src/list.c :87 :List_push) gay shit
DEBUG: (src/list.c :87 :List_push) gay shit
DEBUG: (src/list.c :87 :List_push) gay shit
DEBUG: (src/list.c :87 :List_push) gay shit
DEBUG: (src/list.c :87 :List_push) gay shit
DEBUG: (src/list.c :87 :List_push) gay shit
DEBUG: (src/list.c :87 :List_push) gay shit
DEBUG: (src/list.c :87 :List_push) gay shit
DEBUG: (src/list.c :87 :List_push) gay shit
DEBUG: (src/list.c :87 :List_push) gay shit
DEBUG: (src/list.c :87 :List_push) gay shit
DEBUG: (src/list.c :87 :List_push) gay shit
DEBUG: (src/list.c :87 :List_push) gay shit
DEBUG: (src/list.c :87 :List_push) gay shit
DEBUG: (src/list.c :87 :List_push) gay shit
DEBUG: (src/list.c :87 :List_push) gay shit
DEBUG: (src/list.c :87 :List_push) gay shit
DEBUG: (src/list.c :87 :List_push) gay shit
DEBUG: (src/list.c :87 :List_push) gay shit
DEBUG: (src/list.c :87 :List_push) gay shit
DEBUG: (src/list.c :87 :List_push) gay shit
DEBUG: (src/list.c :87 :List_push) gay shit
DEBUG: (src/list.c :87 :List_push) gay shit
DEBUG: (src/list.c :87 :List_push) gay shit
DEBUG: (src/list.c :87 :List_push) gay shit
DEBUG: (src/list.c :87 :List_push) gay shit
DEBUG: (src/list.c :87 :List_push) gay shit
DEBUG: (src/list.c :87 :List_push) gay shit
DEBUG: (src/list.c :87 :List_push) gay shit
DEBUG: (src/list.c :87 :List_push) gay shit
DEBUG: (src/list.c :87 :List_push) gay shit
DEBUG: (src/list.c :87 :List_push) gay shit
DEBUG: (src/list.c :87 :List_push) gay shit
DEBUG: (src/list.c :87 :List_push) gay shit
DEBUG: (src/list.c :87 :List_push) gay shit
DEBUG: (src/list.c :87 :List_push) gay shit
DEBUG: (src/list.c :87 :List_push) gay shit
DEBUG: (src/list.c :87 :List_push) gay shit
DEBUG: (src/list.c :87 :List_push) gay shit
DEBUG: (src/list.c :87 :List_push) gay shit
DEBUG: (src/list.c :87 :List_push) gay shit
DEBUG: (src/list.c :87 :List_push) gay shit
DEBUG: (src/list.c :87 :List_push) gay shit
DEBUG: (src/list.c :87 :List_push) gay shit
DEBUG: (src/list.c :87 :List_push) gay shit
DEBUG: (src/list.c :87 :List_push) gay shit
DEBUG: (src/list.c :87 :List_push) gay shit
DEBUG: (src/list.c :87 :List_push) gay shit
DEBUG: (src/list.c :87 :List_push) gay shit
DEBUG: (src/list.c :87 :List_push) gay shit
DEBUG: (src/list.c :87 :List_push) gay shit
DEBUG: (src/list.c :87 :List_push) gay shit
DEBUG: (src/list.c :87 :List_push) gay shit
DEBUG: (src/list.c :87 :List_push) gay shit
DEBUG: (src/list.c :87 :List_push) gay shit
DEBUG: (src/list.c :87 :List_push) gay shit
DEBUG: (src/list.c :87 :List_push) gay shit
DEBUG: (src/list.c :87 :List_push) gay shit
DEBUG: (src/list.c :87 :List_push) gay shit
DEBUG: (src/list.c :87 :List_push) gay shit
DEBUG: (src/list.c :87 :List_push) gay shit
DEBUG: (src/list.c :87 :List_push) gay shit
DEBUG: (src/list.c :87 :List_push) gay shit
DEBUG: (src/list.c :87 :List_push) gay shit
DEBUG: (src/list.c :87 :List_push) gay shit
DEBUG: (src/list.c :87 :List_push) gay shit
DEBUG: (src/list.c :87 :List_push) gay shit
DEBUG: (src/list.c :87 :List_push) gay shit
DEBUG: (src/list.c :87 :List_push) gay shit
DEBUG: (src/list.c :87 :List_push) gay shit
DEBUG: (src/list.c :87 :List_push) gay shit
DEBUG: (src/list.c :87 :List_push) gay shit
DEBUG: (src/list.c :87 :List_push) gay shit
DEBUG: (src/list.c :87 :List_push) gay shit
DEBUG: (src/list.c :87 :List_push) gay shit
DEBUG: (src/list.c :87 :List_push) gay shit
DEBUG: (src/list.c :87 :List_push) gay shit
DEBUG: (src/list.c :87 :List_push) gay shit
DEBUG: (src/list.c :87 :List_push) gay shit
DEBUG: (src/list.c :87 :List_push) gay shit
DEBUG: (src/list.c :87 :List_push) gay shit
DEBUG: (src/list.c :87 :List_push) gay shit
DEBUG: (src/list.c :87 :List_push) gay shit
DEBUG: (src/list.c :87 :List_push) gay shit
DEBUG: (src/list.c :87 :List_push) gay shit
DEBUG: (src/list.c :87 :List_push) gay shit
DEBUG: (src/list.c :87 :List_push) gay shit
DEBUG: (src/list.c :87 :List_push) gay shit
DEBUG: (src/list.c :87 :List_push) gay shit
DEBUG: (src/list.c :87 :List_push) gay shit
DEBUG: (src/list.c :87 :List_push) gay shit
DEBUG: (src/list.c :87 :List_push) gay shit
DEBUG: (src/list.c :87 :List_push) gay shit
DEBUG: (src/list.c :87 :List_push) gay shit
DEBUG: (src/list.c :87 :List_push) gay shit
DEBUG: (src/list.c :87 :List_push) gay shit
DEBUG: (src/list.c :87 :List_push) gay shit
DEBUG: (src/list.c :87 :List_push) gay shit
DEBUG: (src/list.c :87 :List_push) gay shit
DEBUG: (src/list.c :87 :List_push) gay shit
DEBUG: (src/list.c :87 :List_push) gay shit
DEBUG: (src/list.c :87 :List_push) gay shit
DEBUG: (src/list.c :87 :List_push) gay shit
DEBUG: (src/list.c :87 :List_push) gay shit
DEBUG: (src/list.c :87 :List_push) gay shit
DEBUG: (src/list.c :87 :List_push) gay shit
DEBUG: (src/list.c :87 :List_push) gay shit
DEBUG: (src/list.c :87 :List_push) gay shit
DEBUG: (src/list.c :87 :List_push) gay shit
DEBUG: (src/list.c :87 :List_push) gay shit
DEBUG: (src/list.c :87 :List_push) gay shit
DEBUG: (src/list.c :87 :List_push) gay shit
DEBUG: (src/list.c :87 :List_push) gay shit
DEBUG: (src/list.c :87 :List_push) gay shit
DEBUG: (src/list.c :87 :List_push) gay shit
DEBUG: (src/list.c :87 :List_push) gay shit
DEBUG: (src/list.c :87 :List_push) gay shit
DEBUG: (src/list.c :87 :List_push) gay shit
DEBUG: (src/list.c :87 :List_push) gay shit
DEBUG: (src/list.c :87 :List_push) gay shit
DEBUG: (src/list.c :87 :List_push) gay shit
DEBUG: (src/list.c :87 :List_push) gay shit
DEBUG: (src/list.c :87 :List_push) gay shit
DEBUG: (src/list.c :87 :List_push) gay shit
DEBUG: (src/list.c :87 :List_push) gay shit
DEBUG: (src/list.c :87 :List_push) gay shit
DEBUG: (src/list.c :87 :List_push) gay shit
DEBUG: (src/list.c :87 :List_push) gay shit
DEBUG: (src/list.c :87 :List_push) gay shit
DEBUG: (src/list.c :87 :List_push) gay shit
DEBUG: (src/list.c :87 :List_push) gay shit
DEBUG: (src/list.c :87 :List_push) gay shit
DEBUG: (src/list.c :87 :List_push) gay shit
DEBUG: (src/list.c :87 :List_push) gay shit
DEBUG: (src/list.c :87 :List_push) gay shit
DEBUG: (src/list.c :87 :List_push) gay shit
DEBUG: (src/list.c :87 :List_push) gay shit
DEBUG: (src/list.c :87 :List_push) gay shit
DEBUG: (src/list.c :87 :List_push) gay shit
DEBUG: (src/list.c :87 :List_push) gay shit
DEBUG: (src/list.c :87 :List_push) gay shit
DEBUG: (src/list.c :87 :List_push) gay shit
DEBUG: (src/list.c :87 :List_push) gay shit
DEBUG: (src/list.c :87 :List_push) gay shit
DEBUG: (src/list.c :87 :List_push) gay shit
DEBUG: (src/list.c :87 :List_push) gay shit
DEBUG: (src/list.c :87 :List_push) gay shit
DEBUG: (src/list.c :87 :List_push) gay shit
DEBUG: (src/list.c :87 :List_push) gay shit
DEBUG: (src/list.c :87 :List_push) gay shit
DEBUG: (src/list.c :87 :List_push) gay shit
DEBUG: (src/list.c :87 :List_push) gay shit
DEBUG: (src/list.c :87 :List_push) gay shit
DEBUG: (src/list.c :87 :List_push) gay shit
DEBUG: (src/list.c :87 :List_push) gay shit
DEBUG: (src/list.c :87 :List_push) gay shit
DEBUG: (src/list.c :87 :List_push) gay shit
DEBUG: (src/list.c :87 :List_push) gay shit
DEBUG: (src/list.c :87 :List_push) gay shit
DEBUG: (src/list.c :87 :List_push) gay shit
DEBUG: (src/list.c :87 :List_push) gay shit
DEBUG: (src/list.c :87 :List_push) gay shit
DEBUG: (src/list.c :87 :List_push) gay shit
DEBUG: (src/list.c :87 :List_push) gay shit
DEBUG: (src/list.c :87 :List_push) gay shit
DEBUG: (src/list.c :87 :List_push) gay shit
DEBUG: (src/list.c :87 :List_push) gay shit
DEBUG: (src/list.c :87 :List_push) gay shit
DEBUG: (src/list.c :87 :List_push) gay shit
DEBUG: (src/list.c :87 :List_push) gay shit
DEBUG: (src/list.c :87 :List_push) gay shit
DEBUG: (src/list.c :87 :List_push) gay shit
DEBUG: (src/list.c :87 :List_push) gay shit
DEBUG: (src/list.c :87 :List_push) gay shit
DEBUG: (src/list.c :87 :List_push) gay shit
DEBUG: (src/list.c :87 :List_push) gay shit
DEBUG: (src/list.c :87 :List_push) gay shit
DEBUG: (src/list.c :87 :List_push) gay shit
DEBUG: (src/list.c :87 :List_push) gay shit
DEBUG: (src/list.c :87 :List_push) gay shit
DEBUG: (src/list.c :87 :List_push) gay shit
DEBUG: (src/list.c :87 :List_push) gay shit
DEBUG: (src/list.c :87 :List_push) gay shit
DEBUG: (src/list.c :87 :List_push) gay shit
DEBUG: (src/list.c :87 :List_push) gay shit
DEBUG: (src/list.c :87 :List_push) gay shit
DEBUG: (src/list.c :87 :List_push) gay shit
DEBUG: (src/list.c :87 :List_push) gay shit
DEBUG: (src/list.c :87 :List_push) gay shit
DEBUG: (src/list.c :87 :List_push) gay shit
DEBUG: (src/list.c :87 :List_push) gay shit
DEBUG: (src/list.c :87 :List_push) gay shit
DEBUG: (src/list.c :87 :List_push) gay shit
DEBUG: (src/list.c :87 :List_push) gay shit
DEBUG: (src/list.c :87 :List_push) gay shit
DEBUG: (src/list.c :87 :List_push) gay shit
DEBUG: (src/list.c :87 :List_push) gay shit
DEBUG: (src/list.c :87 :List_push) gay shit
DEBUG: (src/list.c :87 :List_push) gay shit
DEBUG: (src/list.c :87 :List_push) gay shit
DEBUG: (src/list.c :87 :List_push) gay shit
DEBUG: (src/list.c :87 :List_push) gay shit
DEBUG: (src/list.c :87 :List_push) gay shit
DEBUG: (src/list.c :87 :List_push) gay shit
DEBUG: (src/list.c :87 :List_push) gay shit
DEBUG: (src/list.c :87 :List_push) gay shit
DEBUG: (src/list.c :87 :List_push) gay shit
DEBUG: (src/list.c :87 :List_push) gay shit
DEBUG: (src/list.c :87 :List_push) gay shit
DEBUG: (src/list.c :87 :List_push) gay shit
DEBUG: (src/list.c :87 :List_push) gay shit
DEBUG: (src/list.c :87 :List_push) gay shit
DEBUG: (src/list.c :87 :List_push) gay shit
DEBUG: (src/list.c :87 :List_push) gay shit
DEBUG: (src/list.c :87 :List_push) gay shit
DEBUG: (src/list.c :87 :List_push) gay shit
DEBUG: (src/list.c :87 :List_push) gay shit
DEBUG: (src/list.c :87 :List_push) gay shit
DEBUG: (src/list.c :87 :List_push) gay shit
DEBUG: (src/list.c :87 :List_push) gay shit
DEBUG: (src/list.c :87 :List_push) gay shit
DEBUG: (src/list.c :87 :List_push) gay shit
DEBUG: (src/list.c :87 :List_push) gay shit
DEBUG: (src/list.c :87 :List_push) gay shit
DEBUG: (src/list.c :87 :List_push) gay shit
DEBUG: (src/list.c :87 :List_push) gay shit
DEBUG: (src/list.c :87 :List_push) gay shit
DEBUG: (src/list.c :87 :List_push) gay shit
DEBUG: (src/list.c :87 :List_push) gay shit
DEBUG: (src/list.c :87 :List_push) gay shit
DEBUG: (src/list.c :87 :List_push) gay shit
DEBUG: (src/list.c :87 :List_push) gay shit
DEBUG: (src/list.c :87 :List_push) gay shit
DEBUG: (src/list.c :87 :List_push) gay shit
DEBUG: (src/list.c :87 :List_push) gay shit
DEBUG: (src/list.c :87 :List_push) gay shit
DEBUG: (src/list.c :87 :List_push) gay shit
DEBUG: (src/list.c :87 :List_push) gay shit
DEBUG: (src/list.c :87 :List_push) gay shit
DEBUG: (src/list.c :87 :List_push) gay shit
DEBUG: (src/list.c :87 :List_push) gay shit
DEBUG: (src/list.c :87 :List_push) gay shit
DEBUG: (src/list.c :87 :List_push) gay shit
DEBUG: (src/list.c :87 :List_push) gay shit
DEBUG: (src/list.c :87 :List_push) gay shit
DEBUG: (src/list.c :87 :List_push) gay shit
DEBUG: (src/list.c :87 :List_push) gay shit
DEBUG: (src/list.c :87 :List_push) gay shit
DEBUG: (src/list.c :87 :List_push) gay shit
DEBUG: (src/list.c :87 :List_push) gay shit
DEBUG: (src/list.c :87 :List_push) gay shit
DEBUG: (src/list.c :87 :List_push) gay shit
DEBUG: (src/list.c :87 :List_push) gay shit
DEBUG: (src/list.c :87 :List_push) gay shit
DEBUG: (src/list.c :87 :List_push) gay shit
DEBUG: (src/list.c :87 :List_push) gay shit
DEBUG: (src/list.c :87 :List_push) gay shit
DEBUG: (src/list.c :87 :List_push) gay shit
DEBUG: (src/list.c :87 :List_push) gay shit
DEBUG: (src/list.c :87 :List_push) gay shit
DEBUG: (src/list.c :87 :List_push) gay shit
DEBUG: (src/list.c :87 :List_push) gay shit
DEBUG: (src/list.c :87 :List_push) gay shit
DEBUG: (src/list.c :87 :List_push) gay shit
DEBUG: (src/list.c :87 :List_push) gay shit
DEBUG: (src/list.c :87 :List_push) gay shit
DEBUG: (src/list.c :87 :List_push) gay shit
DEBUG: (src/list.c :87 :List_push) gay shit
DEBUG: (src/list.c :87 :List_push) gay shit
DEBUG: (src/list.c :87 :List_push) gay shit
DEBUG: (src/list.c :87 :List_push) gay shit
DEBUG: (src/list.c :87 :List_push) gay shit
DEBUG: (src/list.c :87 :List_push) gay shit
DEBUG: (src/list.c :87 :List_push) gay shit
DEBUG: (src/list.c :87 :List_push) gay shit
DEBUG: (src/list.c :87 :List_push) gay shit
DEBUG: (src/list.c :87 :List_push) gay shit
DEBUG: (src/list.c :87 :List_push) gay shit
DEBUG: (src/list.c :87 :List_push) gay shit
DEBUG: (src/list.c :87 :List_push) gay shit
DEBUG: (src/list.c :87 :List_push) gay shit
DEBUG: (src/list.c :87 :List_push) gay shit
DEBUG: (src/list.c :87 :List_push) gay shit
DEBUG: (src/list.c :87 :List_push) gay shit
DEBUG: (src/list.c :87 :List_push) gay shit
DEBUG: (src/list.c :87 :List_push) gay shit
DEBUG: (src/list.c :87 :List_push) gay shit
DEBUG: (src/list.c :87 :List_push) gay shit
DEBUG: (src/list.c :87 :List_push) gay shit
DEBUG: (src/list.c :87 :List_push) gay shit
DEBUG: (src/list.c :87 :List_push) gay shit
DEBUG: (src/list.c :87 :List_push) gay shit
DEBUG: (src/list.c :87 :List_push) gay shit
DEBUG: (src/list.c :87 :List_push) gay shit
DEBUG: (src/list.c :87 :List_push) gay shit
DEBUG: (src/list.c :87 :List_push) gay shit
DEBUG: (src/list.c :87 :List_push) gay shit
DEBUG: (src/list.c :87 :List_push) gay shit
DEBUG: (src/list.c :87 :List_push) gay shit
DEBUG: (src/list.c :87 :List_push) gay shit
DEBUG: (src/list.c :87 :List_push) gay shit
DEBUG: (src/list.c :87 :List_push) gay shit
DEBUG: (src/list.c :87 :List_push) gay shit
DEBUG: (src/list.c :87 :List_push) gay shit
DEBUG: (src/list.c :87 :List_push) gay shit
DEBUG: (src/list.c :87 :List_push) gay shit
DEBUG: (src/list.c :87 :List_push) gay shit
DEBUG: (src/list.c :87 :List_push) gay shit
DEBUG: (src/list.c :87 :List_push) gay shit
DEBUG: (src/list.c :87 :List_push) gay shit
DEBUG: (src/list.c :87 :List_push) gay shit
DEBUG: (src/list.c :87 :List_push) gay shit
DEBUG: (src/list.c :87 :List_push) gay shit
DEBUG: (src/list.c :87 :List_push) gay shit
DEBUG: (src/list.c :87 :List_push) gay shit
DEBUG: (src/list.c :87 :List_push) gay shit
DEBUG: (src/list.c :87 :List_push) gay shit
DEBUG: (src/list.c :87 :List_push) gay shit
DEBUG: (src/list.c :87 :List_push) gay shit
DEBUG: (src/list.c :87 :List_push) gay shit
DEBUG: (src/list.c :87 :List_push) gay shit
DEBUG: (src/list.c :87 :List_push) gay shit
DEBUG: (src/list.c :87 :List_push) gay shit
DEBUG: (src/list.c :87 :List_push) gay shit
DEBUG: (src/list.c :87 :List_push) gay shit
DEBUG: (src/list.c :87 :List_push) gay shit
DEBUG: (src/list.c :87 :List_push) gay shit
DEBUG: (src/list.c :87 :List_push) gay shit
DEBUG: (src/list.c :87 :List_push) gay shit
DEBUG: (src/list.c :87 :List_push) gay shit
DEBUG: (src/list.c :87 :List_push) gay shit
DEBUG: (src/list.c :87 :List_push) gay shit
DEBUG: (src/list.c :87 :List_push) gay shit
DEBUG: (src/list.c :87 :List_push) gay shit
DEBUG: (src/list.c :87 :List_push) gay shit
DEBUG: (src/list.c :87 :List_push) gay shit
DEBUG: (src/list.c :87 :List_push) gay shit
DEBUG: (src/list.c :87 :List_push) gay shit
DEBUG: (src/list.c :87 :List_push) gay shit
DEBUG: (src/list.c :87 :List_push) gay shit
DEBUG: (src/list.c :87 :List_push) gay shit
DEBUG: (src/list.c :87 :List_push) gay shit
DEBUG: (src/list.c :87 :List_push) gay shit
DEBUG: (src/list.c :87 :List_push) gay shit
DEBUG: (src/list.c :87 :List_push) gay shit
DEBUG: (src/list.c :87 :List_push) gay shit
DEBUG: (src/list.c :87 :List_push) gay shit
DEBUG: (src/list.c :87 :List_push) gay shit
DEBUG: (src/list.c :87 :List_push) gay shit
DEBUG: (src/list.c :87 :List_push) gay shit
DEBUG: (src/list.c :87 :List_push) gay shit
DEBUG: (src/list.c :87 :List_push) gay shit
DEBUG: (src/list.c :87 :List_push) gay shit
DEBUG: (src/list.c :87 :List_push) gay shit
DEBUG: (src/list.c :87 :List_push) gay shit
DEBUG: (src/list.c :87 :List_push) gay shit
DEBUG: (src/list.c :87 :List_push) gay shit
DEBUG: (src/list.c :87 :List_push) gay shit
DEBUG: (src/list.c :87 :List_push) gay shit
DEBUG: (src/list.c :87 :List_push) gay shit
DEBUG: (src/list.c :87 :List_push) gay shit
DEBUG: (src/list.c :87 :List_push) gay shit
DEBUG: (src/list.c :87 :List_push) gay shit
DEBUG: (src/list.c :87 :List_push) gay shit
DEBUG: (src/list.c :87 :List_push) gay shit
DEBUG: (src/list.c :87 :List_push) gay shit
DEBUG: (src/list.c :87 :List_push) gay shit
DEBUG: (src/list.c :87 :List_push) gay shit
DEBUG: (src/list.c :87 :List_push) gay shit
DEBUG: (src/list.c :87 :List_push) gay shit
DEBUG: (src/list.c :87 :List_push) gay shit
DEBUG: (src/list.c :87 :List_push) gay shit
DEBUG: (src/list.c :87 :List_push) gay shit
DEBUG: (src/list.c :87 :List_push) gay shit
DEBUG: (src/list.c :87 :List_push) gay shit
DEBUG: (src/list.c :87 :List_push) gay shit
DEBUG: (src/list.c :87 :List_push) gay shit
DEBUG: (src/list.c :87 :List_push) gay shit
DEBUG: (src/list.c :87 :List_push) gay shit
DEBUG: (src/list.c :87 :List_push) gay shit
DEBUG: (src/list.c :87 :List_push) gay shit
DEBUG: (src/list.c :87 :List_push) gay shit
DEBUG: (src/list.c :87 :List_push) gay shit
DEBUG: (src/list.c :87 :List_push) gay shit
DEBUG: (src/list.c :87 :List_push) gay shit
DEBUG: (src/list.c :87 :List_push) gay shit
DEBUG: (src/list.c :87 :List_push) gay shit
DEBUG: (src/list.c :87 :List_push) gay shit
DEBUG: (src/list.c :87 :List_push) gay shit
DEBUG: (src/list.c :87 :List_push) gay shit
DEBUG: (src/list.c :87 :List_push) gay shit
DEBUG: (src/list.c :87 :List_push) gay shit
DEBUG: (src/list.c :87 :List_push) gay shit
DEBUG: (src/list.c :87 :List_push) gay shit
DEBUG: (src/list.c :87 :List_push) gay shit
DEBUG: (src/list.c :87 :List_push) gay shit
DEBUG: (src/list.c :87 :List_push) gay shit
DEBUG: (src/list.c :87 :List_push) gay shit
DEBUG: (src/list.c :87 :List_push) gay shit
DEBUG: (src/list.c :87 :List_push) gay shit
DEBUG: (src/list.c :87 :List_push) gay shit
DEBUG: (src/list.c :87 :List_push) gay shit
DEBUG: (src/list.c :87 :List_push) gay shit
DEBUG: (src/list.c :87 :List_push) gay shit
DEBUG: (src/list.c :87 :List_push) gay shit
DEBUG: (src/list.c :87 :List_push) gay shit
DEBUG: (src/list.c :87 :List_push) gay shit
DEBUG: (src/list.c :87 :List_push) gay shit
DEBUG: (src/list.c :87 :List_push) gay shit
DEBUG: (src/list.c :87 :List_push) gay shit
DEBUG: (src/list.c :87 :List_push) gay shit
DEBUG: (src/list.c :87 :List_push) gay shit
DEBUG: (src/list.c :87 :List_push) gay shit
DEBUG: (src/list.c :87 :List_push) gay shit
DEBUG: (src/list.c :87 :List_push) gay shit
DEBUG: (src/list.c :87 :List_push) gay shit
DEBUG: (src/list.c :87 :List_push) gay shit
DEBUG: (src/list.c :87 :List_push) gay shit
DEBUG: (src/list.c :87 :List_push) gay shit
DEBUG: (src/list.c :87 :List_push) gay shit
DEBUG: (src/list.c :87 :List_push) gay shit
DEBUG: (src/list.c :87 :List_push) gay shit
DEBUG: (src/list.c :87 :List_push) gay shit
DEBUG: (src/list.c :87 :List_push) gay shit
DEBUG: (src/list.c :87 :List_push) gay shit
DEBUG: (src/list.c :87 :List_push) gay shit
DEBUG: (src/list.c :87 :List_push) gay shit
DEBUG: (src/list.c :87 :List_push) gay shit
DEBUG: (src/list.c :87 :List_push) gay shit
DEBUG: (src/list.c :87 :List_push) gay shit
DEBUG: (src/list.c :87 :List_push) gay shit
DEBUG: (src/list.c :87 :List_push) gay shit
DEBUG: (src/list.c :87 :List_push) gay shit
DEBUG: (src/list.c :87 :List_push) gay shit
DEBUG: (src/list.c :87 :List_push) gay shit
DEBUG: (src/list.c :87 :List_push) gay shit
DEBUG: (src/list.c :87 :List_push) gay shit
DEBUG: (src/list.c :87 :List_push) gay shit
DEBUG: (src/list.c :87 :List_push) gay shit
DEBUG: (src/list.c :87 :List_push) gay shit
DEBUG: (src/list.c :87 :List_push) gay shit
DEBUG: (src/list.c :87 :List_push) gay shit
DEBUG: (src/list.c :87 :List_push) gay shit
DEBUG: (src/list.c :87 :List_push) gay shit
DEBUG: (src/list.c :87 :List_push) gay shit
DEBUG: (src/list.c :87 :List_push) gay shit
DEBUG: (src/list.c :87 :List_push) gay shit
DEBUG: (src/list.c :87 :List_push) gay shit
DEBUG: (src/list.c :87 :List_push) gay shit
DEBUG: (src/list.c :87 :List_push) gay shit
DEBUG: (src/list.c :87 :List_push) gay shit
DEBUG: (src/list.c :87 :List_push) gay shit
DEBUG: (src/list.c :87 :List_push) gay shit
DEBUG: (src/list.c :87 :List_push) gay shit
DEBUG: (src/list.c :87 :List_push) gay shit
DEBUG: (src/list.c :87 :List_push) gay shit
DEBUG: (src/list.c :87 :List_push) gay shit
DEBUG: (src/list.c :87 :List_push) gay shit
DEBUG: (src/list.c :87 :List_push) gay shit
DEBUG: (src/list.c :87 :List_push) gay shit
DEBUG: (src/list.c :87 :List_push) gay shit
DEBUG: (src/list.c :87 :List_push) gay shit
DEBUG: (src/list.c :87 :List_push) gay shit
DEBUG: (src/list.c :87 :List_push) gay shit
DEBUG: (src/list.c :87 :List_push) gay shit
DEBUG: (src/list.c :87 :List_push) gay shit
DEBUG: (src/list.c :87 :List_push) gay shit
DEBUG: (src/list.c :87 :List_push) gay shit
DEBUG: (src/list.c :87 :List_push) gay shit
DEBUG: (src/list.c :87 :List_push) gay shit
DEBUG: (src/list.c :87 :List_push) gay shit
DEBUG: (src/list.c :87 :List_push) gay shit
DEBUG: (src/list.c :87 :List_push) gay shit
DEBUG: (src/list.c :87 :List_push) gay shit
DEBUG: (src/list.c :87 :List_push) gay shit
DEBUG: (src/list.c :87 :List_push) gay shit
DEBUG: (src/list.c :87 :List_push) gay shit
DEBUG: (src/list.c :87 :List_push) gay shit
DEBUG: (src/list.c :87 :List_push) gay shit
DEBUG: (src/list.c :87 :List_push) gay shit
DEBUG: (src/list.c :87 :List_push) gay shit
DEBUG: (src/list.c :87 :List_push) gay shit
DEBUG: (src/list.c :87 :List_push) gay shit
DEBUG: (src/list.c :87 :List_push) gay shit
DEBUG: (src/list.c :87 :List_push) gay shit
DEBUG: (src/list.c :87 :List_push) gay shit
DEBUG: (src/list.c :87 :List_push) gay shit
DEBUG: (src/list.c :87 :List_push) gay shit
DEBUG: (src/list.c :87 :List_push) gay shit
DEBUG: (src/list.c :87 :List_push) gay shit
DEBUG: (src/list.c :87 :List_push) gay shit
DEBUG: (src/list.c :87 :List_push) gay shit
DEBUG: (src/list.c :87 :List_push) gay shit
DEBUG: (src/list.c :87 :List_push) gay shit
DEBUG: (src/list.c :87 :List_push) gay shit
DEBUG: (src/list.c :87 :List_push) gay shit
DEBUG: (src/list.c :87 :List_push) gay shit
DEBUG: (src/list.c :87 :List_push) gay shit
DEBUG: (src/list.c :87 :List_push) gay shit
DEBUG: (src/list.c :87 :List_push) gay shit
DEBUG: (src/list.c :87 :List_push) gay shit
DEBUG: (src/list.c :87 :List_push) gay shit
DEBUG: (src/list.c :87 :List_push) gay shit
DEBUG: (src/list.c :87 :List_push) gay shit
DEBUG: (src/list.c :87 :List_push) gay shit
DEBUG: (src/list.c :87 :List_push) gay shit
DEBUG: (src/list.c :87 :List_push) gay shit
DEBUG: (src/list.c :87 :List_push) gay shit
DEBUG: (src/list.c :87 :List_push) gay shit
DEBUG: (src/list.c :87 :List_push) gay shit
DEBUG: (src/list.c :87 :List_push) gay shit
DEBUG: (src/list.c :87 :List_push) gay shit
DEBUG: (src/list.c :87 :List_push) gay shit
DEBUG: (src/list.c :87 :List_push) gay shit
DEBUG: (src/list.c :87 :List_push) gay shit
DEBUG: (src/list.c :87 :List_push) gay shit
DEBUG: (src/list.c :87 :List_push) gay shit
DEBUG: (src/list.c :87 :List_push) gay shit
DEBUG: (src/list.c :87 :List_push) gay shit
DEBUG: (src/list.c :87 :List_push) gay shit
DEBUG: (src/list.c :87 :List_push) gay shit
DEBUG: (src/list.c :87 :List_push) gay shit
DEBUG: (src/list.c :87 :List_push) gay shit
DEBUG: (src/list.c :87 :List_push) gay shit
DEBUG: (src/list.c :87 :List_push) gay shit
DEBUG: (src/list.c :87 :List_push) gay shit
DEBUG: (src/list.c :87 :List_push) gay shit
DEBUG: (src/list.c :87 :List_push) gay shit
DEBUG: (src/list.c :87 :List_push) gay shit
DEBUG: (src/list.c :87 :List_push) gay shit
DEBUG: (src/list.c :87 :List_push) gay shit
DEBUG: (src/list.c :87 :List_push) gay shit
DEBUG: (src/list.c :87 :List_push) gay shit
DEBUG: (src/list.c :87 :List_push) gay shit
DEBUG: (src/list.c :87 :List_push) gay shit
DEBUG: (src/list.c :87 :List_push) gay shit
DEBUG: (src/list.c :87 :List_push) gay shit
DEBUG: (src/list.c :87 :List_push) gay shit
DEBUG: (src/list.c :87 :List_push) gay shit
DEBUG: (src/list.c :87 :List_push) gay shit
DEBUG: (src/list.c :87 :List_push) gay shit
DEBUG: (src/list.c :87 :List_push) gay shit
DEBUG: (src/list.c :87 :List_push) gay shit
DEBUG: (src/list.c :87 :List_push) gay shit
DEBUG: (src/list.c :87 :List_push) gay shit
DEBUG: (src/list.c :87 :List_push) gay shit
DEBUG: (src/list.c :87 :List_push) gay shit
DEBUG: (src/list.c :87 :List_push) gay shit
DEBUG: (src/list.c :87 :List_push) gay shit
DEBUG: (src/list.c :87 :List_push) gay shit
DEBUG: (src/list.c :87 :List_push) gay shit
DEBUG: (src/list.c :87 :List_push) gay shit
DEBUG: (src/list.c :87 :List_push) gay shit
DEBUG: (src/list.c :87 :List_push) gay shit
DEBUG: (src/list.c :87 :List_push) gay shit
DEBUG: (src/list.c :87 :List_push) gay shit
DEBUG: (src/list.c :87 :List_push) gay shit
DEBUG: (src/list.c :87 :List_push) gay shit
DEBUG: (src/list.c :87 :List_push) gay shit
DEBUG: (src/list.c :87 :List_push) gay shit
DEBUG: (src/list.c :87 :List_push) gay shit
DEBUG: (src/list.c :87 :List_push) gay shit
DEBUG: (src/list.c :87 :List_push) gay shit
DEBUG: (src/list.c :87 :List_push) gay shit
DEBUG: (src/list.c :87 :List_push) gay shit
DEBUG: (src/list.c :87 :List_push) gay shit
DEBUG: (src/list.c :87 :List_push) gay shit
DEBUG: (src/list.c :87 :List_push) gay shit
DEBUG: (src/list.c :87 :List_push) gay shit
DEBUG: (src/list.c :87 :List_push) gay shit
DEBUG: (src/list.c :87 :List_push) gay shit
DEBUG: (src/list.c :87 :List_push) gay shit
DEBUG: (src/list.c :87 :List_push) gay shit
DEBUG: (src/list.c :87 :List_push) gay shit
DEBUG: (src/list.c :87 :List_push) gay shit
DEBUG: (src/list.c :87 :List_push) gay shit
DEBUG: (src/list.c :87 :List_push) gay shit
DEBUG: (src/list.c :87 :List_push) gay shit
DEBUG: (src/list.c :87 :List_push) gay shit
DEBUG: (src/list.c :87 :List_push) gay shit
DEBUG: (src/list.c :87 :List_push) gay shit
DEBUG: (src/list.c :87 :List_push) gay shit
DEBUG: (src/list.c :87 :List_push) gay shit
DEBUG: (src/list.c :87 :List_push) gay shit
DEBUG: (src/list.c :87 :List_push) gay shit
DEBUG: (src/list.c :87 :List_push) gay shit
DEBUG: (src/list.c :87 :List_push) gay shit
DEBUG: (src/list.c :87 :List_push) gay shit
DEBUG: (src/list.c :87 :List_push) gay shit
DEBUG: (src/list.c :87 :List_push) gay shit
DEBUG: (src/list.c :87 :List_push) gay shit
DEBUG: (src/list.c :87 :List_push) gay shit
DEBUG: (src/list.c :87 :List_push) gay shit
DEBUG: (src/list.c :87 :List_push) gay shit
DEBUG: (src/list.c :87 :List_push) gay shit
DEBUG: (src/list.c :87 :List_push) gay shit
DEBUG: (src/list.c :87 :List_push) gay shit
DEBUG: (src/list.c :87 :List_push) gay shit
DEBUG: (src/list.c :87 :List_push) gay shit
DEBUG: (src/list.c :87 :List_push) gay shit
DEBUG: (src/list.c :87 :List_push) gay shit
DEBUG: (src/list.c :87 :List_push) gay shit
DEBUG: (src/list.c :87 :List_push) gay shit
DEBUG: (src/list.c :87 :List_push) gay shit
DEBUG: (src/list.c :87 :List_push) gay shit
DEBUG: (src/list.c :87 :List_push) gay shit
DEBUG: (src/list.c :87 :List_push) gay shit
DEBUG: (src/list.c :87 :List_push) gay shit
DEBUG: (src/list.c :87 :List_push) gay shit
DEBUG: (src/list.c :87 :List_push) gay shit
DEBUG: (src/list.c :87 :List_push) gay shit
DEBUG: (src/list.c :87 :List_push) gay shit
DEBUG: (src/list.c :87 :List_push) gay shit
DEBUG: (src/list.c :87 :List_push) gay shit
DEBUG: (src/list.c :87 :List_push) gay shit
DEBUG: (src/list.c :87 :List_push) gay shit
DEBUG: (src/list.c :87 :List_push) gay shit
DEBUG: (src/list.c :87 :List_push) gay shit
DEBUG: (src/list.c :87 :List_push) gay shit
DEBUG: (src/list.c :87 :List_push) gay shit
DEBUG: (src/list.c :87 :List_push) gay shit
DEBUG: (src/list.c :87 :List_push) gay shit
DEBUG: (src/list.c :87 :List_push) gay shit
DEBUG: (src/list.c :87 :List_push) gay shit
DEBUG: (src/list.c :87 :List_push) gay shit
DEBUG: (src/list.c :87 :List_push) gay shit
DEBUG: (src/list.c :87 :List_push) gay shit
DEBUG: (src/list.c :87 :List_push) gay shit
DEBUG: (src/list.c :87 :List_push) gay shit
DEBUG: (src/list.c :87 :List_push) gay shit
DEBUG: (src/list.c :87 :List_push) gay shit
DEBUG: (src/list.c :87 :List_push) gay shit
DEBUG: (src/list.c :87 :List_push) gay shit
DEBUG: (src/list.c :87 :List_push) gay shit
DEBUG: (src/list.c :87 :List_push) gay shit
DEBUG: (src/list.c :87 :List_push) gay shit
DEBUG: (src/list.c :87 :List_push) gay shit
DEBUG: (src/list.c :87 :List_push) gay shit
DEBUG: (src/list.c :87 :List_push) gay shit
DEBUG: (src/list.c :87 :List_push) gay shit
DEBUG: (src/list.c :87 :List_push) gay shit
DEBUG: (src/list.c :87 :List_push) gay shit
DEBUG: (src/list.c :87 :List_push) gay shit
DEBUG: (src/list.c :87 :List_push) gay shit
DEBUG: (src/list.c :87 :List_push) gay shit
DEBUG: (src/list.c :87 :List_push) gay shit
DEBUG: (src/list.c :87 :List_push) gay shit
DEBUG: (src/list.c :87 :List_push) gay shit
DEBUG: (src/list.c :87 :List_push) gay shit
DEBUG: (src/list.c :87 :List_push) gay shit
DEBUG: (src/list.c :87 :List_push) gay shit
DEBUG: (src/list.c :87 :List_push) gay shit
DEBUG: (src/list.c :87 :List_push) gay shit
DEBUG: (src/list.c :87 :List_push) gay shit
DEBUG: (src/list.c :87 :List_push) gay shit
DEBUG: (src/list.c :87 :List_push) gay shit
DEBUG: (src/list.c :87 :List_push) gay shit
DEBUG: (src/list.c :87 :List_push) gay shit
DEBUG: (src/list.c :87 :List_push) gay shit
DEBUG: (src/list.c :87 :List_push) gay shit
DEBUG: (src/list.c :87 :List_push) gay shit
DEBUG: (src/list.c :87 :List_push) gay shit
DEBUG: (src/list.c :87 :List_push) gay shit
DEBUG: (src/list.c :87 :List_push) gay shit
DEBUG: (src/list.c :87 :List_push) gay shit
DEBUG: (src/list.c :87 :List_push) gay shit
DEBUG: (src/list.c :87 :List_push) gay shit
DEBUG: (src/list.c :87 :List_push) gay shit
DEBUG: (src/list.c :87 :List_push) gay shit
DEBUG: (src/list.c :87 :List_push) gay shit
DEBUG: (src/list.c :87 :List_push) gay shit
DEBUG: (src/list.c :87 :List_push) gay shit
DEBUG: (src/list.c :87 :List_push) gay shit
DEBUG: (src/list.c :87 :List_push) gay shit
DEBUG: (src/list.c :87 :List_push) gay shit
DEBUG: (src/list.c :87 :List_push) gay shit
DEBUG: (src/list.c :87 :List_push) gay shit
DEBUG: (src/list.c :87 :List_push) gay shit
DEBUG: (src/list.c :87 :List_push) gay shit
DEBUG: (src/list.c :87 :List_push) gay shit
DEBUG: (src/list.c :87 :List_push) gay shit
DEBUG: (src/list.c :87 :List_push) gay shit
DEBUG: (src/list.c :87 :List_push) gay shit
DEBUG: (src/list.c :87 :List_push) gay shit
DEBUG: (src/list.c :87 :List_push) gay shit
DEBUG: (src/list.c :87 :List_push) gay shit
DEBUG: (src/list.c :87 :List_push) gay shit
DEBUG: (src/list.c :87 :List_push) gay shit
DEBUG: (src/list.c :87 :List_push) gay shit
DEBUG: (src/list.c :87 :List_push) gay shit
DEBUG: (src/list.c :87 :List_push) gay shit
DEBUG: (src/list.c :87 :List_push) gay shit
DEBUG: (src/list.c :87 :List_push) gay shit
DEBUG: (src/list.c :87 :List_push) gay shit
DEBUG: (test/list_algos_tests.c :73 :test_speed) time1: 54450 vs time2: 45222
DEBUG: (test/list_algos_tests.c :91 :all_tests) 
------test_insert
DEBUG: (src/list.c :87 :List_push) gay shit
DEBUG: (src/list.c :87 :List_push) gay shit
DEBUG: (test/list_tests.c :79 :main) -----RUNNING :././test/list_tests
DEBUG: (test/list_tests.c :71 :all_tests) 
------test_create
DEBUG: (test/list_tests.c :72 :all_tests) 
------test_destroy
DEBUG: (test/list_tests.c :73 :all_tests) 
------test_push_pop
DEBUG: (src/list.c :87 :List_push) gay shit
DEBUG: (src/list.c :87 :List_push) gay shit
DEBUG: (src/list.c :87 :List_push) gay shit
DEBUG: (test/list_tests.c :74 :all_tests) 
------test_unshift
DEBUG: (test/list_tests.c :75 :all_tests) 
------test_remove
DEBUG: (test/list_tests.c :47 :test_remove) good af
DEBUG: (test/list_tests.c :50 :test_remove) true_test_remove
DEBUG: (test/list_tests.c :76 :all_tests) 
------test_shift
DEBUG: (test/list_tests.c :59 :test_shift) true test_shift
DEBUG: (test/proc_request_tests.c :66 :main) -----RUNNING :././test/proc_request_tests
DEBUG: (test/proc_request_tests.c :60 :all_test) 
------test_create
DEBUG: (src/proc_request.c :112 :process_request) a/b/c address: (nil)
DEBUG: (src/proc_request.c :118 :process_request) command is create a/b/c
DEBUG: (src/proc_request.c :121 :process_request) data is : create and name is a/b/c
DEBUG: (src/proc_request.c :34 :create_request) 0x55cd6aad2780
DEBUG: (src/tstree.c :46 :TSTree_delim_insert_base) node->stat is :0x55cd6aad28b0
DEBUG: (src/list.c :87 :List_push) gay shit
DEBUG: (src/tstree.c :46 :TSTree_delim_insert_base) node->stat is :0x55cd6aad2980
DEBUG: (src/list.c :87 :List_push) gay shit
DEBUG: (src/proc_request.c :112 :process_request) a/b/c address: 0x55cd6aad29d0
DEBUG: (src/proc_request.c :118 :process_request) command is create a/b/d
DEBUG: (src/proc_request.c :121 :process_request) data is : create and name is a/b/d
DEBUG: (src/proc_request.c :34 :create_request) 0x55cd6aad2b10
DEBUG: (src/list.c :87 :List_push) gay shit
DEBUG: (src/list.c :87 :List_push) gay shit
DEBUG: (test/proc_request_tests.c :16 :test_create) root is 0x55cd6aad2830
DEBUG: (test/proc_request_tests.c :61 :all_test) 
------test_update
DEBUG: (src/proc_request.c :112 :process_request) a/b/c address: 0x55cd6aad29d0
DEBUG: (src/proc_request.c :118 :process_request) command is update a/b/c 1 2 3 4
DEBUG: (src/proc_request.c :121 :process_request) data is : update and name is a/b/c
DEBUG: (src/list.c :87 :List_push) gay shit
DEBUG: (src/list.c :87 :List_push) gay shit
DEBUG: (src/tstree.c :155 :TSTree_delim_search) node be4 push: 0x55cd6aad27b0
DEBUG: (src/list.c :87 :List_push) gay shit
DEBUG: (src/tstree.c :159 :TSTree_delim_search) node after push: 0x55cd6aad27b0
DEBUG: (src/proc_request.c :58 :update_request) length of list is 3
DEBUG: (src/tstree.c :270 :update_tracer) oh ok man
DEBUG: (src/tstree.c :270 :update_tracer) oh ok man
DEBUG: (src/tstree.c :288 :update_tracer) oh ok again
DEBUG: (src/tstree.c :288 :update_tracer) oh ok again
DEBUG: (src/tstree.c :293 :update_tracer) stat is 10.000000
DEBUG: (src/proc_request.c :69 :update_request) a/b/: 2.500000
DEBUG: (test/proc_request_tests.c :22 :test_update) a/b/c: 4 and 10.000000
DEBUG: (src/proc_request.c :112 :process_request) a/b/c address: 0x55cd6aad29d0
DEBUG: (src/proc_request.c :118 :process_request) command is update clgt 1 2 3 4
DEBUG: (src/proc_request.c :121 :process_request) data is : update and name is clgt
DEBUG: (src/proc_request.c :58 :update_request) length of list is 0
DEBUG: (src/proc_request.c :112 :process_request) a/b/c address: 0x55cd6aad29d0
DEBUG: (src/proc_request.c :118 :process_request) command is update a/b/d 1 3 5
DEBUG: (src/proc_request.c :121 :process_request) data is : update and name is a/b/d
DEBUG: (src/list.c :87 :List_push) gay shit
DEBUG: (src/list.c :87 :List_push) gay shit
DEBUG: (src/tstree.c :155 :TSTree_delim_search) node be4 push: 0x55cd6aad2b40
DEBUG: (src/list.c :87 :List_push) gay shit
DEBUG: (src/tstree.c :159 :TSTree_delim_search) node after push: 0x55cd6aad2b40
DEBUG: (src/proc_request.c :58 :update_request) length of list is 3
DEBUG: (src/tstree.c :270 :update_tracer) oh ok man
DEBUG: (src/tstree.c :270 :update_tracer) oh ok man
DEBUG: (src/tstree.c :288 :update_tracer) oh ok again
DEBUG: (src/tstree.c :288 :update_tracer) oh ok again
DEBUG: (src/tstree.c :293 :update_tracer) stat is 9.000000
DEBUG: (src/proc_request.c :69 :update_request) a/b/: 5.500000
DEBUG: (test/proc_request_tests.c :27 :test_update) a/b/: 2 and 5.500000
DEBUG: (test/proc_request_tests.c :62 :all_test) 
------test_read
DEBUG: (src/proc_request.c :112 :process_request) a/b/c address: 0x55cd6aad29d0
DEBUG: (src/proc_request.c :118 :process_request) command is read a/b/c
DEBUG: (src/proc_request.c :121 :process_request) data is : read and name is a/b/c
DEBUG: (src/proc_request.c :127 :process_request) still ok?
DEBUG: (src/proc_request.c :42 :read_request) still ok here?
DEBUG: (src/proc_request.c :44 :read_request) after this?
DEBUG: (src/proc_request.c :48 :read_request) this? : 0x55cd6aad27b0, 0x55cd6aad2780
DEBUG: (src/proc_request.c :112 :process_request) a/b/c address: 0x55cd6aad29d0
DEBUG: (src/proc_request.c :118 :process_request) command is read a/b/q
DEBUG: (src/proc_request.c :121 :process_request) data is : read and name is a/b/q
DEBUG: (src/proc_request.c :127 :process_request) still ok?
DEBUG: (src/proc_request.c :42 :read_request) still ok here?
DEBUG: (src/proc_request.c :44 :read_request) after this?
ERROR: (src/proc_request.c : 45 :read_request :errno None ) error: statistic doesn't exist
DEBUG: (test/proc_request_tests.c :37 :test_read) root is 0x55cd6aad2830
DEBUG: (test/proc_request_tests.c :63 :all_test) 
------test_delete
DEBUG: (src/proc_request.c :112 :process_request) a/b/c address: 0x55cd6aad29d0
DEBUG: (src/proc_request.c :118 :process_request) command is delete a/b/f
DEBUG: (src/proc_request.c :121 :process_request) data is : delete and name is a/b/f
DEBUG: (src/list.c :87 :List_push) gay shit
DEBUG: (src/list.c :87 :List_push) gay shit
DEBUG: (test/proc_request_tests.c :43 :test_delete) root is 0x55cd6aad2830
DEBUG: (src/proc_request.c :112 :process_request) a/b/c address: 0x55cd6aad29d0
DEBUG: (src/proc_request.c :118 :process_request) command is delete a/b/d
DEBUG: (src/proc_request.c :121 :process_request) data is : delete and name is a/b/d
DEBUG: (src/list.c :87 :List_push) gay shit
DEBUG: (src/list.c :87 :List_push) gay shit
DEBUG: (src/list.c :87 :List_push) gay shit
DEBUG: (src/tstree.c :270 :update_tracer) oh ok man
DEBUG: (src/tstree.c :270 :update_tracer) oh ok man
DEBUG: (src/tstree.c :288 :update_tracer) oh ok again
DEBUG: (src/tstree.c :288 :update_tracer) oh ok again
DEBUG: (src/tstree.c :293 :update_tracer) stat is 0.000000
DEBUG: (src/proc_request.c :112 :process_request) a/b/c address: 0x55cd6aad29d0
DEBUG: (src/proc_request.c :118 :process_request) command is read a/b/d
DEBUG: (src/proc_request.c :121 :process_request) data is : read and name is a/b/d
DEBUG: (src/proc_request.c :127 :process_request) still ok?
DEBUG: (src/proc_request.c :42 :read_request) still ok here?
DEBUG: (src/proc_request.c :44 :read_request) after this?
ERROR: (src/proc_request.c : 45 :read_request :errno None ) error: statistic doesn't exist
DEBUG: (test/proc_request_tests.c :47 :test_delete) 2.500000
DEBUG: (src/proc_request.c :112 :process_request) a/b/c address: 0x55cd6aad29d0
DEBUG: (src/proc_request.c :118 :process_request) command is delete a/b
DEBUG: (src/proc_request.c :121 :process_request) data is : delete and name is a/b
DEBUG: (src/list.c :87 :List_push) gay shit
DEBUG: (src/list.c :87 :List_push) gay shit
DEBUG: (src/tstree.c :266 :update_tracer) node is empty
DEBUG: (src/tstree.c :288 :update_tracer) oh ok again
DEBUG: (src/tstree.c :293 :update_tracer) stat is 0.000000
DEBUG: (src/proc_request.c :112 :process_request) a/b/c address: 0x55cd6aad29d0
DEBUG: (src/proc_request.c :118 :process_request) command is read a/b/c
DEBUG: (src/proc_request.c :121 :process_request) data is : read and name is a/b/c
DEBUG: (src/proc_request.c :127 :process_request) still ok?
DEBUG: (src/proc_request.c :42 :read_request) still ok here?
DEBUG: (src/proc_request.c :44 :read_request) after this?
DEBUG: (src/proc_request.c :48 :read_request) this? : 0x55cd6aad27b0, 0x55cd6aad2780
ERROR: (test/proc_request_tests.c : 51 :test_delete :errno None )handler forgot to delete the node
DEBUG: (test/bstree_tests.c :177 :main) -----RUNNING :././test/bstree_tests
DEBUG: (test/bstree_tests.c :169 :all_tests) 
------test_create
DEBUG: (test/bstree_tests.c :170 :all_tests) 
------test_get_set
DEBUG: (test/bstree_tests.c :171 :all_tests) 
------test_traverse
DEBUG: (test/bstree_tests.c :17 :traverse_good_cb) Key: test data 3
DEBUG: (test/bstree_tests.c :17 :traverse_good_cb) Key: test data 2
DEBUG: (test/bstree_tests.c :17 :traverse_good_cb) Key: test data 1
DEBUG: (test/bstree_tests.c :34 :traverse_fail_cb) Key: test data 3 
DEBUG: (test/bstree_tests.c :34 :traverse_fail_cb) Key: test data 2 
DEBUG: (test/bstree_tests.c :172 :all_tests) 
------test_delete
DEBUG: (src/bstree.c :284 :AVLTree_get) wow wtf
DEBUG: (test/bstree_tests.c :173 :all_tests) 
------test_destroy
DEBUG: (test/bstree_tests.c :174 :all_tests) 
------test_fuzzing
DEBUG: (src/bstree.c :140 :rotate) 3:d5c69c0
DEBUG: (src/bstree.c :142 :rotate) 4:d5c6ab0
DEBUG: (src/bstree.c :140 :rotate) 3:d5c6f60
DEBUG: (src/bstree.c :142 :rotate) 4:d5c7410
DEBUG: (src/bstree.c :127 :rotate) 1:d5c77d0
DEBUG: (src/bstree.c :129 :rotate) 2:d5c7b90
DEBUG: (src/bstree.c :127 :rotate) 1:d5c7f50
DEBUG: (src/bstree.c :129 :rotate) 2:d5c8130
DEBUG: (src/bstree.c :127 :rotate) 1:d5c79b0
DEBUG: (src/bstree.c :129 :rotate) 2:d5c8220
DEBUG: (src/bstree.c :140 :rotate) 3:d5c7320
DEBUG: (src/bstree.c :142 :rotate) 4:d5c8400
DEBUG: (src/bstree.c :127 :rotate) 1:d5c7230
DEBUG: (src/bstree.c :129 :rotate) 2:d5c8040
DEBUG: (src/bstree.c :140 :rotate) 3:d5c8040
DEBUG: (src/bstree.c :142 :rotate) 4:d5c8130
DEBUG: (src/bstree.c :127 :rotate) 1:d5c6e70
DEBUG: (src/bstree.c :129 :rotate) 2:d5c7500
DEBUG: (src/bstree.c :127 :rotate) 1:d5c89a0
DEBUG: (src/bstree.c :129 :rotate) 2:d5c93f0
DEBUG: (src/bstree.c :140 :rotate) 3:d5c93f0
DEBUG: (src/bstree.c :142 :rotate) 4:d5c89a0
DEBUG: (src/bstree.c :140 :rotate) 3:d5c8130
DEBUG: (src/bstree.c :142 :rotate) 4:d5c7c80
DEBUG: (src/bstree.c :140 :rotate) 3:d5c6ba0
DEBUG: (src/bstree.c :142 :rotate) 4:d5c8040
DEBUG: (src/bstree.c :140 :rotate) 3:d5c8b80
DEBUG: (src/bstree.c :142 :rotate) 4:d5cb100
DEBUG: (src/bstree.c :127 :rotate) 1:d5ca4d0
DEBUG: (src/bstree.c :129 :rotate) 2:d5cb1f0
DEBUG: (src/bstree.c :140 :rotate) 3:d5cb010
DEBUG: (src/bstree.c :142 :rotate) 4:d5cb880
DEBUG: (src/bstree.c :140 :rotate) 3:d5cbd30
DEBUG: (src/bstree.c :142 :rotate) 4:d5cbe20
DEBUG: (src/bstree.c :140 :rotate) 3:d5c8400
DEBUG: (src/bstree.c :142 :rotate) 4:d5c8c70
DEBUG: (src/bstree.c :140 :rotate) 3:d5c9a80
DEBUG: (src/bstree.c :142 :rotate) 4:d5ca2f0
DEBUG: (test/bstree_tests.c :17 :traverse_good_cb) Key: 956765361
DEBUG: (test/bstree_tests.c :17 :traverse_good_cb) Key: 835636110
DEBUG: (test/bstree_tests.c :17 :traverse_good_cb) Key: 838711947
DEBUG: (test/bstree_tests.c :17 :traverse_good_cb) Key: 881386503
DEBUG: (test/bstree_tests.c :17 :traverse_good_cb) Key: 789780871
DEBUG: (test/bstree_tests.c :17 :traverse_good_cb) Key: 80860549
DEBUG: (test/bstree_tests.c :17 :traverse_good_cb) Key: 939712097
DEBUG: (test/bstree_tests.c :17 :traverse_good_cb) Key: 962118588
DEBUG: (test/bstree_tests.c :17 :traverse_good_cb) Key: 77784712
DEBUG: (test/bstree_tests.c :17 :traverse_good_cb) Key: 761250092
DEBUG: (test/bstree_tests.c :17 :traverse_good_cb) Key: 735266541
DEBUG: (test/bstree_tests.c :17 :traverse_good_cb) Key: 665202169
DEBUG: (test/bstree_tests.c :17 :traverse_good_cb) Key: 657481829
DEBUG: (test/bstree_tests.c :17 :traverse_good_cb) Key: 651038524
DEBUG: (test/bstree_tests.c :17 :traverse_good_cb) Key: 655519347
DEBUG: (test/bstree_tests.c :17 :traverse_good_cb) Key: 625332005
DEBUG: (test/bstree_tests.c :17 :traverse_good_cb) Key: 633837386
DEBUG: (test/bstree_tests.c :17 :traverse_good_cb) Key: 64767285
DEBUG: (test/bstree_tests.c :17 :traverse_good_cb) Key: 609816591
DEBUG: (test/bstree_tests.c :17 :traverse_good_cb) Key: 610445968
DEBUG: (test/bstree_tests.c :17 :traverse_good_cb) Key: 590733766
DEBUG: (test/bstree_tests.c :17 :traverse_good_cb) Key: 607691906
DEBUG: (test/bstree_tests.c :17 :traverse_good_cb) Key: 622596169
DEBUG: (test/bstree_tests.c :17 :traverse_good_cb) Key: 54585840
DEBUG: (test/bstree_tests.c :17 :traverse_good_cb) Key: 500674853
DEBUG: (test/bstree_tests.c :17 :traverse_good_cb) Key: 478217130
DEBUG: (test/bstree_tests.c :17 :traverse_good_cb) Key: 515284764
DEBUG: (test/bstree_tests.c :17 :traverse_good_cb) Key: 442637690
DEBUG: (test/bstree_tests.c :17 :traverse_good_cb) Key: 446529677
DEBUG: (test/bstree_tests.c :17 :traverse_good_cb) Key: 447413427
DEBUG: (test/bstree_tests.c :17 :traverse_good_cb) Key: 557876376
DEBUG: (test/bstree_tests.c :17 :traverse_good_cb) Key: 576621279
DEBUG: (test/bstree_tests.c :17 :traverse_good_cb) Key: 328608044
DEBUG: (test/bstree_tests.c :17 :traverse_good_cb) Key: 350279338
DEBUG: (test/bstree_tests.c :17 :traverse_good_cb) Key: 28530778
DEBUG: (test/bstree_tests.c :17 :traverse_good_cb) Key: 26945606
DEBUG: (test/bstree_tests.c :17 :traverse_good_cb) Key: 2144407811
DEBUG: (test/bstree_tests.c :17 :traverse_good_cb) Key: 239840915
DEBUG: (test/bstree_tests.c :17 :traverse_good_cb) Key: 213021447
DEBUG: (test/bstree_tests.c :17 :traverse_good_cb) Key: 2059445847
DEBUG: (test/bstree_tests.c :17 :traverse_good_cb) Key: 2069035577
DEBUG: (test/bstree_tests.c :17 :traverse_good_cb) Key: 1955671715
DEBUG: (test/bstree_tests.c :17 :traverse_good_cb) Key: 1902289506
DEBUG: (test/bstree_tests.c :17 :traverse_good_cb) Key: 1938493978
DEBUG: (test/bstree_tests.c :17 :traverse_good_cb) Key: 1890155781
DEBUG: (test/bstree_tests.c :17 :traverse_good_cb) Key: 1886452028
DEBUG: (test/bstree_tests.c :17 :traverse_good_cb) Key: 186075841
DEBUG: (test/bstree_tests.c :17 :traverse_good_cb) Key: 186985039
DEBUG: (test/bstree_tests.c :17 :traverse_good_cb) Key: 1873726693
DEBUG: (test/bstree_tests.c :17 :traverse_good_cb) Key: 1854854797
DEBUG: (test/bstree_tests.c :17 :traverse_good_cb) Key: 1859506422
DEBUG: (test/bstree_tests.c :17 :traverse_good_cb) Key: 1887939010
DEBUG: (test/bstree_tests.c :17 :traverse_good_cb) Key: 2057424735
DEBUG: (test/bstree_tests.c :17 :traverse_good_cb) Key: 2131054559
DEBUG: (test/bstree_tests.c :17 :traverse_good_cb) Key: 250440965
DEBUG: (test/bstree_tests.c :17 :traverse_good_cb) Key: 318288986
DEBUG: (test/bstree_tests.c :17 :traverse_good_cb) Key: 737761768
DEBUG: (test/bstree_tests.c :17 :traverse_good_cb) Key: 1795482501
DEBUG: (test/bstree_tests.c :17 :traverse_good_cb) Key: 1774917095
DEBUG: (test/bstree_tests.c :17 :traverse_good_cb) Key: 1740896661
DEBUG: (test/bstree_tests.c :17 :traverse_good_cb) Key: 1824555673
DEBUG: (test/bstree_tests.c :17 :traverse_good_cb) Key: 1728527837
DEBUG: (test/bstree_tests.c :17 :traverse_good_cb) Key: 1668357320
DEBUG: (test/bstree_tests.c :17 :traverse_good_cb) Key: 1681407033
DEBUG: (test/bstree_tests.c :17 :traverse_good_cb) Key: 1641291623
DEBUG: (test/bstree_tests.c :17 :traverse_good_cb) Key: 1662448590
DEBUG: (test/bstree_tests.c :17 :traverse_good_cb) Key: 1690647767
DEBUG: (test/bstree_tests.c :17 :traverse_good_cb) Key: 162403164
DEBUG: (test/bstree_tests.c :17 :traverse_good_cb) Key: 1624908256
DEBUG: (test/bstree_tests.c :17 :traverse_good_cb) Key: 1566197835
DEBUG: (test/bstree_tests.c :17 :traverse_good_cb) Key: 1517589229
DEBUG: (test/bstree_tests.c :17 :traverse_good_cb) Key: 1536715904
DEBUG: (test/bstree_tests.c :17 :traverse_good_cb) Key: 1449479690
DEBUG: (test/bstree_tests.c :17 :traverse_good_cb) Key: 1481372281
DEBUG: (test/bstree_tests.c :17 :traverse_good_cb) Key: 1491832472
DEBUG: (test/bstree_tests.c :17 :traverse_good_cb) Key: 1509227084
DEBUG: (test/bstree_tests.c :17 :traverse_good_cb) Key: 151433501
DEBUG: (test/bstree_tests.c :17 :traverse_good_cb) Key: 1448999878
DEBUG: (test/bstree_tests.c :17 :traverse_good_cb) Key: 1615511493
DEBUG: (test/bstree_tests.c :17 :traverse_good_cb) Key: 1403794671
DEBUG: (test/bstree_tests.c :17 :traverse_good_cb) Key: 1412288617
DEBUG: (test/bstree_tests.c :17 :traverse_good_cb) Key: 1310447444
DEBUG: (test/bstree_tests.c :17 :traverse_good_cb) Key: 1243832274
DEBUG: (test/bstree_tests.c :17 :traverse_good_cb) Key: 124657152
DEBUG: (test/bstree_tests.c :17 :traverse_good_cb) Key: 1332279405
DEBUG: (test/bstree_tests.c :17 :traverse_good_cb) Key: 1370497622
DEBUG: (test/bstree_tests.c :17 :traverse_good_cb) Key: 1430395348
DEBUG: (test/bstree_tests.c :17 :traverse_good_cb) Key: 1620652291
DEBUG: (test/bstree_tests.c :17 :traverse_good_cb) Key: 1740427532
DEBUG: (test/bstree_tests.c :17 :traverse_good_cb) Key: 1825053168
DEBUG: (test/bstree_tests.c :17 :traverse_good_cb) Key: 788815740
DEBUG: (test/bstree_tests.c :17 :traverse_good_cb) Key: 1201959503
DEBUG: (test/bstree_tests.c :17 :traverse_good_cb) Key: 1034842604
DEBUG: (test/bstree_tests.c :17 :traverse_good_cb) Key: 1047569647
DEBUG: (test/bstree_tests.c :17 :traverse_good_cb) Key: 1142418123
DEBUG: (test/bstree_tests.c :17 :traverse_good_cb) Key: 1197372968
DEBUG: (test/bstree_tests.c :17 :traverse_good_cb) Key: 1031009954
DEBUG: (test/bstree_tests.c :17 :traverse_good_cb) Key: 1015959618
DEBUG: (test/bstree_tests.c :17 :traverse_good_cb) Key: 1026647717
DEBUG: (test/bstree_tests.c :17 :traverse_good_cb) Key: 1232419663
DEBUG: (test/bstree_tests.c :140 :test_fuzzing) 100
DEBUG: (test/bstree_tests.c :22 :traverse_good_cb1) Key : 1015959618
DEBUG: (test/bstree_tests.c :25 :traverse_good_cb1) left
DEBUG: (test/bstree_tests.c :22 :traverse_good_cb1) Key : 1026647717
DEBUG: (test/bstree_tests.c :25 :traverse_good_cb1) left
DEBUG: (test/bstree_tests.c :22 :traverse_good_cb1) Key : 1034842604
DEBUG: (test/bstree_tests.c :25 :traverse_good_cb1) left
DEBUG: (test/bstree_tests.c :22 :traverse_good_cb1) Key : 1142418123
DEBUG: (test/bstree_tests.c :27 :traverse_good_cb1) right
DEBUG: (test/bstree_tests.c :22 :traverse_good_cb1) Key : 1047569647
DEBUG: (test/bstree_tests.c :27 :traverse_good_cb1) right
DEBUG: (test/bstree_tests.c :22 :traverse_good_cb1) Key : 1031009954
DEBUG: (test/bstree_tests.c :25 :traverse_good_cb1) left
DEBUG: (test/bstree_tests.c :22 :traverse_good_cb1) Key : 1201959503
DEBUG: (test/bstree_tests.c :25 :traverse_good_cb1) left
DEBUG: (test/bstree_tests.c :22 :traverse_good_cb1) Key : 1243832274
DEBUG: (test/bstree_tests.c :27 :traverse_good_cb1) right
DEBUG: (test/bstree_tests.c :22 :traverse_good_cb1) Key : 1232419663
DEBUG: (test/bstree_tests.c :25 :traverse_good_cb1) left
DEBUG: (test/bstree_tests.c :22 :traverse_good_cb1) Key : 1310447444
DEBUG: (test/bstree_tests.c :25 :traverse_good_cb1) left
DEBUG: (test/bstree_tests.c :22 :traverse_good_cb1) Key : 1332279405
DEBUG: (test/bstree_tests.c :27 :traverse_good_cb1) right
DEBUG: (test/bstree_tests.c :22 :traverse_good_cb1) Key : 124657152
DEBUG: (test/bstree_tests.c :25 :traverse_good_cb1) left
DEBUG: (test/bstree_tests.c :22 :traverse_good_cb1) Key : 1403794671
DEBUG: (test/bstree_tests.c :25 :traverse_good_cb1) left
DEBUG: (test/bstree_tests.c :22 :traverse_good_cb1) Key : 1412288617
DEBUG: (test/bstree_tests.c :27 :traverse_good_cb1) right
DEBUG: (test/bstree_tests.c :22 :traverse_good_cb1) Key : 1370497622
DEBUG: (test/bstree_tests.c :27 :traverse_good_cb1) right
DEBUG: (test/bstree_tests.c :22 :traverse_good_cb1) Key : 1197372968
DEBUG: (test/bstree_tests.c :25 :traverse_good_cb1) left
DEBUG: (test/bstree_tests.c :22 :traverse_good_cb1) Key : 1448999878
DEBUG: (test/bstree_tests.c :25 :traverse_good_cb1) left
DEBUG: (test/bstree_tests.c :22 :traverse_good_cb1) Key : 1481372281
DEBUG: (test/bstree_tests.c :27 :traverse_good_cb1) right
DEBUG: (test/bstree_tests.c :22 :traverse_good_cb1) Key : 1449479690
DEBUG: (test/bstree_tests.c :25 :traverse_good_cb1) left
DEBUG: (test/bstree_tests.c :22 :traverse_good_cb1) Key : 1509227084
DEBUG: (test/bstree_tests.c :27 :traverse_good_cb1) right
DEBUG: (test/bstree_tests.c :22 :traverse_good_cb1) Key : 1491832472
DEBUG: (test/bstree_tests.c :25 :traverse_good_cb1) left
DEBUG: (test/bstree_tests.c :22 :traverse_good_cb1) Key : 1517589229
DEBUG: (test/bstree_tests.c :25 :traverse_good_cb1) left
DEBUG: (test/bstree_tests.c :22 :traverse_good_cb1) Key : 1566197835
DEBUG: (test/bstree_tests.c :25 :traverse_good_cb1) left
DEBUG: (test/bstree_tests.c :22 :traverse_good_cb1) Key : 1615511493
DEBUG: (test/bstree_tests.c :27 :traverse_good_cb1) right
DEBUG: (test/bstree_tests.c :22 :traverse_good_cb1) Key : 1536715904
DEBUG: (test/bstree_tests.c :27 :traverse_good_cb1) right
DEBUG: (test/bstree_tests.c :22 :traverse_good_cb1) Key : 151433501
DEBUG: (test/bstree_tests.c :25 :traverse_good_cb1) left
DEBUG: (test/bstree_tests.c :22 :traverse_good_cb1) Key : 162403164
DEBUG: (test/bstree_tests.c :25 :traverse_good_cb1) left
DEBUG: (test/bstree_tests.c :22 :traverse_good_cb1) Key : 1641291623
DEBUG: (test/bstree_tests.c :27 :traverse_good_cb1) right
DEBUG: (test/bstree_tests.c :22 :traverse_good_cb1) Key : 1624908256
DEBUG: (test/bstree_tests.c :25 :traverse_good_cb1) left
DEBUG: (test/bstree_tests.c :22 :traverse_good_cb1) Key : 1668357320
DEBUG: (test/bstree_tests.c :25 :traverse_good_cb1) left
DEBUG: (test/bstree_tests.c :22 :traverse_good_cb1) Key : 1681407033
DEBUG: (test/bstree_tests.c :27 :traverse_good_cb1) right
DEBUG: (test/bstree_tests.c :22 :traverse_good_cb1) Key : 1662448590
DEBUG: (test/bstree_tests.c :25 :traverse_good_cb1) left
DEBUG: (test/bstree_tests.c :22 :traverse_good_cb1) Key : 1728527837
DEBUG: (test/bstree_tests.c :25 :traverse_good_cb1) left
DEBUG: (test/bstree_tests.c :22 :traverse_good_cb1) Key : 1740896661
DEBUG: (test/bstree_tests.c :27 :traverse_good_cb1) right
DEBUG: (test/bstree_tests.c :22 :traverse_good_cb1) Key : 1740427532
DEBUG: (test/bstree_tests.c :25 :traverse_good_cb1) left
DEBUG: (test/bstree_tests.c :22 :traverse_good_cb1) Key : 1795482501
DEBUG: (test/bstree_tests.c :25 :traverse_good_cb1) left
DEBUG: (test/bstree_tests.c :22 :traverse_good_cb1) Key : 1824555673
DEBUG: (test/bstree_tests.c :27 :traverse_good_cb1) right
DEBUG: (test/bstree_tests.c :22 :traverse_good_cb1) Key : 1774917095
DEBUG: (test/bstree_tests.c :27 :traverse_good_cb1) right
DEBUG: (test/bstree_tests.c :22 :traverse_good_cb1) Key : 1690647767
DEBUG: (test/bstree_tests.c :27 :traverse_good_cb1) right
DEBUG: (test/bstree_tests.c :22 :traverse_good_cb1) Key : 1620652291
DEBUG: (test/bstree_tests.c :27 :traverse_good_cb1) right
DEBUG: (test/bstree_tests.c :22 :traverse_good_cb1) Key : 1430395348
DEBUG: (test/bstree_tests.c :25 :traverse_good_cb1) left
DEBUG: (test/bstree_tests.c :22 :traverse_good_cb1) Key : 1854854797
DEBUG: (test/bstree_tests.c :25 :traverse_good_cb1) left
DEBUG: (test/bstree_tests.c :22 :traverse_good_cb1) Key : 186075841
DEBUG: (test/bstree_tests.c :27 :traverse_good_cb1) right
DEBUG: (test/bstree_tests.c :22 :traverse_good_cb1) Key : 1859506422
DEBUG: (test/bstree_tests.c :25 :traverse_good_cb1) left
DEBUG: (test/bstree_tests.c :22 :traverse_good_cb1) Key : 1886452028
DEBUG: (test/bstree_tests.c :27 :traverse_good_cb1) right
DEBUG: (test/bstree_tests.c :22 :traverse_good_cb1) Key : 1873726693
DEBUG: (test/bstree_tests.c :27 :traverse_good_cb1) right
DEBUG: (test/bstree_tests.c :22 :traverse_good_cb1) Key : 186985039
DEBUG: (test/bstree_tests.c :25 :traverse_good_cb1) left
DEBUG: (test/bstree_tests.c :22 :traverse_good_cb1) Key : 1902289506
DEBUG: (test/bstree_tests.c :27 :traverse_good_cb1) right
DEBUG: (test/bstree_tests.c :22 :traverse_good_cb1) Key : 1890155781
DEBUG: (test/bstree_tests.c :25 :traverse_good_cb1) left
DEBUG: (test/bstree_tests.c :22 :traverse_good_cb1) Key : 1955671715
DEBUG: (test/bstree_tests.c :27 :traverse_good_cb1) right
DEBUG: (test/bstree_tests.c :22 :traverse_good_cb1) Key : 1938493978
DEBUG: (test/bstree_tests.c :27 :traverse_good_cb1) right
DEBUG: (test/bstree_tests.c :22 :traverse_good_cb1) Key : 1887939010
DEBUG: (test/bstree_tests.c :25 :traverse_good_cb1) left
DEBUG: (test/bstree_tests.c :22 :traverse_good_cb1) Key : 2059445847
DEBUG: (test/bstree_tests.c :25 :traverse_good_cb1) left
DEBUG: (test/bstree_tests.c :22 :traverse_good_cb1) Key : 213021447
DEBUG: (test/bstree_tests.c :27 :traverse_good_cb1) right
DEBUG: (test/bstree_tests.c :22 :traverse_good_cb1) Key : 2069035577
DEBUG: (test/bstree_tests.c :25 :traverse_good_cb1) left
DEBUG: (test/bstree_tests.c :22 :traverse_good_cb1) Key : 2144407811
DEBUG: (test/bstree_tests.c :25 :traverse_good_cb1) left
DEBUG: (test/bstree_tests.c :22 :traverse_good_cb1) Key : 239840915
DEBUG: (test/bstree_tests.c :27 :traverse_good_cb1) right
DEBUG: (test/bstree_tests.c :22 :traverse_good_cb1) Key : 2131054559
DEBUG: (test/bstree_tests.c :27 :traverse_good_cb1) right
DEBUG: (test/bstree_tests.c :22 :traverse_good_cb1) Key : 2057424735
DEBUG: (test/bstree_tests.c :27 :traverse_good_cb1) right
DEBUG: (test/bstree_tests.c :22 :traverse_good_cb1) Key : 1825053168
DEBUG: (test/bstree_tests.c :25 :traverse_good_cb1) left
DEBUG: (test/bstree_tests.c :22 :traverse_good_cb1) Key : 28530778
DEBUG: (test/bstree_tests.c :27 :traverse_good_cb1) right
DEBUG: (test/bstree_tests.c :22 :traverse_good_cb1) Key : 26945606
DEBUG: (test/bstree_tests.c :25 :traverse_good_cb1) left
DEBUG: (test/bstree_tests.c :22 :traverse_good_cb1) Key : 328608044
DEBUG: (test/bstree_tests.c :27 :traverse_good_cb1) right
DEBUG: (test/bstree_tests.c :22 :traverse_good_cb1) Key : 318288986
DEBUG: (test/bstree_tests.c :25 :traverse_good_cb1) left
DEBUG: (test/bstree_tests.c :22 :traverse_good_cb1) Key : 442637690
DEBUG: (test/bstree_tests.c :25 :traverse_good_cb1) left
DEBUG: (test/bstree_tests.c :22 :traverse_good_cb1) Key : 447413427
DEBUG: (test/bstree_tests.c :27 :traverse_good_cb1) right
DEBUG: (test/bstree_tests.c :22 :traverse_good_cb1) Key : 446529677
DEBUG: (test/bstree_tests.c :25 :traverse_good_cb1) left
DEBUG: (test/bstree_tests.c :22 :traverse_good_cb1) Key : 500674853
DEBUG: (test/bstree_tests.c :27 :traverse_good_cb1) right
DEBUG: (test/bstree_tests.c :22 :traverse_good_cb1) Key : 478217130
DEBUG: (test/bstree_tests.c :27 :traverse_good_cb1) right
DEBUG: (test/bstree_tests.c :22 :traverse_good_cb1) Key : 350279338
DEBUG: (test/bstree_tests.c :25 :traverse_good_cb1) left
DEBUG: (test/bstree_tests.c :22 :traverse_good_cb1) Key : 54585840
DEBUG: (test/bstree_tests.c :25 :traverse_good_cb1) left
DEBUG: (test/bstree_tests.c :22 :traverse_good_cb1) Key : 557876376
DEBUG: (test/bstree_tests.c :25 :traverse_good_cb1) left
DEBUG: (test/bstree_tests.c :22 :traverse_good_cb1) Key : 590733766
DEBUG: (test/bstree_tests.c :27 :traverse_good_cb1) right
DEBUG: (test/bstree_tests.c :22 :traverse_good_cb1) Key : 576621279
DEBUG: (test/bstree_tests.c :25 :traverse_good_cb1) left
DEBUG: (test/bstree_tests.c :22 :traverse_good_cb1) Key : 609816591
DEBUG: (test/bstree_tests.c :25 :traverse_good_cb1) left
DEBUG: (test/bstree_tests.c :22 :traverse_good_cb1) Key : 622596169
DEBUG: (test/bstree_tests.c :25 :traverse_good_cb1) left
DEBUG: (test/bstree_tests.c :22 :traverse_good_cb1) Key : 633837386
DEBUG: (test/bstree_tests.c :27 :traverse_good_cb1) right
DEBUG: (test/bstree_tests.c :22 :traverse_good_cb1) Key : 625332005
DEBUG: (test/bstree_tests.c :27 :traverse_good_cb1) right
DEBUG: (test/bstree_tests.c :22 :traverse_good_cb1) Key : 610445968
DEBUG: (test/bstree_tests.c :27 :traverse_good_cb1) right
DEBUG: (test/bstree_tests.c :22 :traverse_good_cb1) Key : 607691906
DEBUG: (test/bstree_tests.c :27 :traverse_good_cb1) right
DEBUG: (test/bstree_tests.c :22 :traverse_good_cb1) Key : 515284764
DEBUG: (test/bstree_tests.c :25 :traverse_good_cb1) left
DEBUG: (test/bstree_tests.c :22 :traverse_good_cb1) Key : 651038524
DEBUG: (test/bstree_tests.c :25 :traverse_good_cb1) left
DEBUG: (test/bstree_tests.c :22 :traverse_good_cb1) Key : 657481829
DEBUG: (test/bstree_tests.c :25 :traverse_good_cb1) left
DEBUG: (test/bstree_tests.c :22 :traverse_good_cb1) Key : 735266541
DEBUG: (test/bstree_tests.c :27 :traverse_good_cb1) right
DEBUG: (test/bstree_tests.c :22 :traverse_good_cb1) Key : 665202169
DEBUG: (test/bstree_tests.c :27 :traverse_good_cb1) right
DEBUG: (test/bstree_tests.c :22 :traverse_good_cb1) Key : 655519347
DEBUG: (test/bstree_tests.c :25 :traverse_good_cb1) left
DEBUG: (test/bstree_tests.c :22 :traverse_good_cb1) Key : 77784712
DEBUG: (test/bstree_tests.c :27 :traverse_good_cb1) right
DEBUG: (test/bstree_tests.c :22 :traverse_good_cb1) Key : 761250092
DEBUG: (test/bstree_tests.c :25 :traverse_good_cb1) left
DEBUG: (test/bstree_tests.c :22 :traverse_good_cb1) Key : 789780871
DEBUG: (test/bstree_tests.c :27 :traverse_good_cb1) right
DEBUG: (test/bstree_tests.c :22 :traverse_good_cb1) Key : 788815740
DEBUG: (test/bstree_tests.c :25 :traverse_good_cb1) left
DEBUG: (test/bstree_tests.c :22 :traverse_good_cb1) Key : 835636110
DEBUG: (test/bstree_tests.c :25 :traverse_good_cb1) left
DEBUG: (test/bstree_tests.c :22 :traverse_good_cb1) Key : 881386503
DEBUG: (test/bstree_tests.c :27 :traverse_good_cb1) right
DEBUG: (test/bstree_tests.c :22 :traverse_good_cb1) Key : 838711947
DEBUG: (test/bstree_tests.c :25 :traverse_good_cb1) left
DEBUG: (test/bstree_tests.c :22 :traverse_good_cb1) Key : 956765361
DEBUG: (test/bstree_tests.c :25 :traverse_good_cb1) left
DEBUG: (test/bstree_tests.c :22 :traverse_good_cb1) Key : 962118588
DEBUG: (test/bstree_tests.c :27 :traverse_good_cb1) right
DEBUG: (test/bstree_tests.c :22 :traverse_good_cb1) Key : 939712097
DEBUG: (test/bstree_tests.c :27 :traverse_good_cb1) right
DEBUG: (test/bstree_tests.c :22 :traverse_good_cb1) Key : 80860549
DEBUG: (test/bstree_tests.c :27 :traverse_good_cb1) right
DEBUG: (test/bstree_tests.c :22 :traverse_good_cb1) Key : 737761768
DEBUG: (test/bstree_tests.c :27 :traverse_good_cb1) right
DEBUG: (test/bstree_tests.c :22 :traverse_good_cb1) Key : 64767285
DEBUG: (test/bstree_tests.c :27 :traverse_good_cb1) right
DEBUG: (test/bstree_tests.c :22 :traverse_good_cb1) Key : 250440965
DEBUG: (test/bstree_tests.c :143 :test_fuzzing) 100
DEBUG: (test/bstring_tests.c :50 :main) -----RUNNING :././test/bstring_tests
DEBUG: (test/bstring_tests.c :47 :all_tests) 
------test_string
DEBUG: (test/bstring_tests.c :20 :test_string) conwow
DEBUG: (test/bstring_tests.c :27 :test_string) 1
DEBUG: (test/bstring_tests.c :31 :test_string) 3
DEBUG: (test/bstring_tests.c :33 :test_string) d
DEBUG: (test/bstring_tests.c :34 :test_string) mwowvai
DEBUG: (test/bstring_tests.c :35 :test_string) alon
DEBUG: (test/bstring_tests.c :36 :test_string) 3 4
DEBUG: (test/bstring_tests.c :41 :test_string) 123 SSS
DEBUG: (test/darray_algos_tests.c :65 :main) -----RUNNING :././test/darray_algos_tests
DEBUG: (test/darray_algos_tests.c :59 :all_tests) 
------test_qsort
DEBUG: (test/darray_algos_tests.c :20 :is_sorted) unsorted numbers: xasd 123: 1 
DEBUG: (test/darray_algos_tests.c :29 :run_sort_test) ------------------testing sorting algo: qsort
DEBUG: (src/darray_algos.c :20 :quicksort) start 0 -end 4
DEBUG: (src/darray_algos.c :21 :quicksort) piv_location: 2, pivot XXX,same XXX
DEBUG: (src/darray_algos.c :20 :quicksort) start 0 -end 1
DEBUG: (src/darray_algos.c :21 :quicksort) piv_location: 1, pivot Qerf,same Qerf
DEBUG: (src/darray_algos.c :20 :quicksort) start 3 -end 4
DEBUG: (src/darray_algos.c :21 :quicksort) piv_location: 3, pivot qwe,same qwe
DEBUG: (test/darray_algos_tests.c :60 :all_tests) 
------test_heapsort
DEBUG: (test/darray_algos_tests.c :20 :is_sorted) unsorted numbers: xasd 123: 1 
DEBUG: (test/darray_algos_tests.c :29 :run_sort_test) ------------------testing sorting algo: heapsort
DEBUG: (test/darray_algos_tests.c :61 :all_tests) 
------test_mergesort
DEBUG: (test/darray_algos_tests.c :20 :is_sorted) unsorted numbers: xasd 123: 1 
DEBUG: (test/darray_algos_tests.c :29 :run_sort_test) ------------------testing sorting algo: mergesort
DEBUG: (src/darray_algos.c :108 :mergesort) sorting array: 556e515f06a0 count 5
DEBUG: (src/darray_algos.c :108 :mergesort) sorting array: 556e515f1030 count 2
DEBUG: (src/darray_algos.c :122 :mergesort) left and right and count 556e515f1070 ,556e515f1090,2
DEBUG: (src/darray_algos.c :108 :mergesort) sorting array: 556e515f1050 count 3
DEBUG: (src/darray_algos.c :108 :mergesort) sorting array: 556e515f10f0 count 2
DEBUG: (src/darray_algos.c :122 :mergesort) left and right and count 556e515f1110 ,556e515f1130,2
DEBUG: (src/darray_algos.c :122 :mergesort) left and right and count 556e515f10d0 ,556e515f1150,3
DEBUG: (src/darray_algos.c :122 :mergesort) left and right and count 556e515f10b0 ,556e515f1170,5
DEBUG: (test/darray_algos_tests.c :62 :all_tests) 
------test_define
DEBUG: (test/darray_algos_tests.c :20 :is_sorted) unsorted numbers: xasd 123: 1 
DEBUG: (test/darray_algos_tests.c :49 :test_define) --------------------------test all
DEBUG: (src/darray_algos.c :20 :quicksort) start 0 -end 4
DEBUG: (src/darray_algos.c :21 :quicksort) piv_location: 2, pivot XXX,same XXX
DEBUG: (src/darray_algos.c :20 :quicksort) start 0 -end 1
DEBUG: (src/darray_algos.c :21 :quicksort) piv_location: 1, pivot Qerf,same Qerf
DEBUG: (src/darray_algos.c :20 :quicksort) start 3 -end 4
DEBUG: (src/darray_algos.c :21 :quicksort) piv_location: 3, pivot qwe,same qwe
DEBUG: (test/darray_tests.c :87 :main) -----RUNNING :././test/darray_tests
DEBUG: (test/darray_tests.c :77 :all_tests) 
------test_create
DEBUG: (test/darray_tests.c :78 :all_tests) 
------test_new
DEBUG: (test/darray_tests.c :79 :all_tests) 
------test_set
DEBUG: (test/darray_tests.c :80 :all_tests) 
------test_get
DEBUG: (test/darray_tests.c :81 :all_tests) 
------test_remove
DEBUG: (test/darray_tests.c :82 :all_tests) 
------test_expand_contract
DEBUG: (test/darray_tests.c :83 :all_tests) 
------test_push_pop
DEBUG: (test/darray_tests.c :84 :all_tests) 
------test_destroy
DEBUG: (test/hashmap_algos_tests.c :104 :main) -----RUNNING :././test/hashmap_algos_tests
DEBUG: (test/hashmap_algos_tests.c :98 :all_tests) 
------test_fnv1a
DEBUG: (test/hashmap_algos_tests.c :99 :all_tests) 
------test_adler32
DEBUG: (test/hashmap_algos_tests.c :100 :all_tests) 
------test_djb
DEBUG: (test/hashmap_algos_tests.c :101 :all_tests) 
------test_distribution
DEBUG: (test/hashmap_perf_tests.c :32 :main) okkkkkkkks
DEBUG: (src/hashmap.c :94 :Hashmap_get_node) start end mid bucketmax 0 0 0 50
DEBUG: (src/hashmap.c :96 :Hashmap_get_node) key: 7ú2‰:UÏ vs RY*"H$?‰ 
DEBUG: (src/hashmap.c :103 :Hashmap_get_node) start end 0 -1
DEBUG: (src/hashmap.c :94 :Hashmap_get_node) start end mid bucketmax 0 1 0 50
DEBUG: (src/hashmap.c :96 :Hashmap_get_node) key: !>ˆêÂB©yúè vs 7ú2‰:UÏ 
DEBUG: (src/hashmap.c :103 :Hashmap_get_node) start end 0 -1
DEBUG: (src/hashmap.c :94 :Hashmap_get_node) start end mid bucketmax 0 0 0 50
DEBUG: (src/hashmap.c :96 :Hashmap_get_node) key: ˜BM·Ï…÷¿Ä vs 1ÔèY´); 
DEBUG: (src/hashmap.c :103 :Hashmap_get_node) start end 0 -1
DEBUG: (src/hashmap.c :94 :Hashmap_get_node) start end mid bucketmax 0 0 0 50
DEBUG: (src/hashmap.c :96 :Hashmap_get_node) key: õÍò©Œ/21¯ vs ƒ)s_Âñ¥c0 
DEBUG: (src/hashmap.c :103 :Hashmap_get_node) start end 0 -1
DEBUG: (src/hashmap.c :94 :Hashmap_get_node) start end mid bucketmax 0 0 0 50
DEBUG: (src/hashmap.c :96 :Hashmap_get_node) key: )¬—¯Rlú=­ vs º%À^KêNZÔ 
DEBUG: (src/hashmap.c :103 :Hashmap_get_node) start end 1 0
DEBUG: (src/hashmap.c :94 :Hashmap_get_node) start end mid bucketmax 0 1 0 50
DEBUG: (src/hashmap.c :96 :Hashmap_get_node) key: ÂÌ¸é¼o?3 vs õÍò©Œ/21¯ 
DEBUG: (src/hashmap.c :103 :Hashmap_get_node) start end 1 1
DEBUG: (src/hashmap.c :94 :Hashmap_get_node) start end mid bucketmax 1 1 1 50
DEBUG: (src/hashmap.c :96 :Hashmap_get_node) key: ÂÌ¸é¼o?3 vs ƒ)s_Âñ¥c0 
DEBUG: (src/hashmap.c :103 :Hashmap_get_node) start end 1 0
DEBUG: (src/hashmap.c :94 :Hashmap_get_node) start end mid bucketmax 0 0 0 50
DEBUG: (src/hashmap.c :96 :Hashmap_get_node) key: Jô¸ùn¾	»Ú vs aTG	XÕ 
DEBUG: (src/hashmap.c :103 :Hashmap_get_node) start end 0 -1
DEBUG: (src/hashmap.c :94 :Hashmap_get_node) start end mid bucketmax 0 1 0 50
DEBUG: (src/hashmap.c :96 :Hashmap_get_node) key: ™Óú¥ÏšDA vs º%À^KêNZÔ 
DEBUG: (src/hashmap.c :103 :Hashmap_get_node) start end 0 -1
DEBUG: (src/hashmap.c :94 :Hashmap_get_node) start end mid bucketmax 0 1 0 50
DEBUG: (src/hashmap.c :96 :Hashmap_get_node) key: C£Èº±  § vs ˜BM·Ï…÷¿Ä 
DEBUG: (src/hashmap.c :103 :Hashmap_get_node) start end 1 1
DEBUG: (src/hashmap.c :94 :Hashmap_get_node) start end mid bucketmax 1 1 1 50
DEBUG: (src/hashmap.c :96 :Hashmap_get_node) key: C£Èº±  § vs 1ÔèY´); 
DEBUG: (src/hashmap.c :103 :Hashmap_get_node) start end 2 1
DEBUG: (src/hashmap.c :94 :Hashmap_get_node) start end mid bucketmax 0 0 0 50
DEBUG: (src/hashmap.c :96 :Hashmap_get_node) key: =ø‡¦³§ÚÄé… vs P•x Á1ßvL 
DEBUG: (src/hashmap.c :103 :Hashmap_get_node) start end 0 -1
DEBUG: (src/hashmap.c :94 :Hashmap_get_node) start end mid bucketmax 0 0 0 50
DEBUG: (src/hashmap.c :96 :Hashmap_get_node) key: ´«
©°Öß2ç± vs ‡2-IÏÅÿAÛ› 
DEBUG: (src/hashmap.c :103 :Hashmap_get_node) start end 1 0
DEBUG: (test/hashmap_perf_tests.c :37 :main) okkkkkkkk
DEBUG: (src/hashmap.c :129 :Hashmap_get) 1e2b6a0
DEBUG: (src/hashmap.c :94 :Hashmap_get_node) start end mid bucketmax 0 2 1 50
DEBUG: (src/hashmap.c :96 :Hashmap_get_node) key: RY*"H$?‰ vs 7ú2‰:UÏ 
DEBUG: (src/hashmap.c :103 :Hashmap_get_node) start end 2 2
DEBUG: (src/hashmap.c :94 :Hashmap_get_node) start end mid bucketmax 2 2 2 50
DEBUG: (src/hashmap.c :96 :Hashmap_get_node) key: RY*"H$?‰ vs RY*"H$?‰ 
DEBUG: (src/hashmap.c :132 :Hashmap_get) 2
DEBUG: (src/hashmap.c :129 :Hashmap_get) 1e2b890
DEBUG: (src/hashmap.c :94 :Hashmap_get_node) start end mid bucketmax 0 0 0 50
DEBUG: (src/hashmap.c :96 :Hashmap_get_node) key: tåñæZ&qÊË vs tåñæZ&qÊË 
DEBUG: (src/hashmap.c :132 :Hashmap_get) 0
DEBUG: (src/hashmap.c :129 :Hashmap_get) 1e2ba80
DEBUG: (src/hashmap.c :94 :Hashmap_get_node) start end mid bucketmax 0 2 1 50
DEBUG: (src/hashmap.c :96 :Hashmap_get_node) key: 1ÔèY´); vs 1ÔèY´); 
DEBUG: (src/hashmap.c :132 :Hashmap_get) 1
DEBUG: (src/hashmap.c :129 :Hashmap_get) 1e2bc70
DEBUG: (src/hashmap.c :94 :Hashmap_get_node) start end mid bucketmax 0 1 0 50
DEBUG: (src/hashmap.c :96 :Hashmap_get_node) key: aTG	XÕ vs Jô¸ùn¾	»Ú 
DEBUG: (src/hashmap.c :103 :Hashmap_get_node) start end 1 1
DEBUG: (src/hashmap.c :94 :Hashmap_get_node) start end mid bucketmax 1 1 1 50
DEBUG: (src/hashmap.c :96 :Hashmap_get_node) key: aTG	XÕ vs aTG	XÕ 
DEBUG: (src/hashmap.c :132 :Hashmap_get) 1
DEBUG: (src/hashmap.c :129 :Hashmap_get) 1e2b6a0
DEBUG: (src/hashmap.c :94 :Hashmap_get_node) start end mid bucketmax 0 2 1 50
DEBUG: (src/hashmap.c :96 :Hashmap_get_node) key: 7ú2‰:UÏ vs 7ú2‰:UÏ 
DEBUG: (src/hashmap.c :132 :Hashmap_get) 1
DEBUG: (src/hashmap.c :129 :Hashmap_get) 1e2be80
DEBUG: (src/hashmap.c :94 :Hashmap_get_node) start end mid bucketmax 0 1 0 50
DEBUG: (src/hashmap.c :96 :Hashmap_get_node) key: ‡2-IÏÅÿAÛ› vs ‡2-IÏÅÿAÛ› 
DEBUG: (src/hashmap.c :132 :Hashmap_get) 0
DEBUG: (src/hashmap.c :129 :Hashmap_get) 1e2b6a0
DEBUG: (src/hashmap.c :94 :Hashmap_get_node) start end mid bucketmax 0 2 1 50
DEBUG: (src/hashmap.c :96 :Hashmap_get_node) key: !>ˆêÂB©yúè vs 7ú2‰:UÏ 
DEBUG: (src/hashmap.c :103 :Hashmap_get_node) start end 0 0
DEBUG: (src/hashmap.c :94 :Hashmap_get_node) start end mid bucketmax 0 0 0 50
DEBUG: (src/hashmap.c :96 :Hashmap_get_node) key: !>ˆêÂB©yúè vs !>ˆêÂB©yúè 
DEBUG: (src/hashmap.c :132 :Hashmap_get) 0
DEBUG: (src/hashmap.c :129 :Hashmap_get) 1e2ba80
DEBUG: (src/hashmap.c :94 :Hashmap_get_node) start end mid bucketmax 0 2 1 50
DEBUG: (src/hashmap.c :96 :Hashmap_get_node) key: ˜BM·Ï…÷¿Ä vs 1ÔèY´); 
DEBUG: (src/hashmap.c :103 :Hashmap_get_node) start end 0 0
DEBUG: (src/hashmap.c :94 :Hashmap_get_node) start end mid bucketmax 0 0 0 50
DEBUG: (src/hashmap.c :96 :Hashmap_get_node) key: ˜BM·Ï…÷¿Ä vs ˜BM·Ï…÷¿Ä 
DEBUG: (src/hashmap.c :132 :Hashmap_get) 0
DEBUG: (src/hashmap.c :129 :Hashmap_get) 1e2c0b0
DEBUG: (src/hashmap.c :94 :Hashmap_get_node) start end mid bucketmax 0 1 0 50
DEBUG: (src/hashmap.c :96 :Hashmap_get_node) key: P•x Á1ßvL vs =ø‡¦³§ÚÄé… 
DEBUG: (src/hashmap.c :103 :Hashmap_get_node) start end 1 1
DEBUG: (src/hashmap.c :94 :Hashmap_get_node) start end mid bucketmax 1 1 1 50
DEBUG: (src/hashmap.c :96 :Hashmap_get_node) key: P•x Á1ßvL vs P•x Á1ßvL 
DEBUG: (src/hashmap.c :132 :Hashmap_get) 1
DEBUG: (src/hashmap.c :129 :Hashmap_get) 1e2c2a0
DEBUG: (src/hashmap.c :94 :Hashmap_get_node) start end mid bucketmax 0 2 1 50
DEBUG: (src/hashmap.c :96 :Hashmap_get_node) key: º%À^KêNZÔ vs º%À^KêNZÔ 
DEBUG: (src/hashmap.c :132 :Hashmap_get) 1
DEBUG: (src/hashmap.c :129 :Hashmap_get) 1e2c490
DEBUG: (src/hashmap.c :94 :Hashmap_get_node) start end mid bucketmax 0 2 1 50
DEBUG: (src/hashmap.c :96 :Hashmap_get_node) key: ƒ)s_Âñ¥c0 vs ÂÌ¸é¼o?3 
DEBUG: (src/hashmap.c :103 :Hashmap_get_node) start end 2 2
DEBUG: (src/hashmap.c :94 :Hashmap_get_node) start end mid bucketmax 2 2 2 50
DEBUG: (src/hashmap.c :96 :Hashmap_get_node) key: ƒ)s_Âñ¥c0 vs ƒ)s_Âñ¥c0 
DEBUG: (src/hashmap.c :132 :Hashmap_get) 2
DEBUG: (src/hashmap.c :129 :Hashmap_get) 1e2c490
DEBUG: (src/hashmap.c :94 :Hashmap_get_node) start end mid bucketmax 0 2 1 50
DEBUG: (src/hashmap.c :96 :Hashmap_get_node) key: õÍò©Œ/21¯ vs ÂÌ¸é¼o?3 
DEBUG: (src/hashmap.c :103 :Hashmap_get_node) start end 0 0
DEBUG: (src/hashmap.c :94 :Hashmap_get_node) start end mid bucketmax 0 0 0 50
DEBUG: (src/hashmap.c :96 :Hashmap_get_node) key: õÍò©Œ/21¯ vs õÍò©Œ/21¯ 
DEBUG: (src/hashmap.c :132 :Hashmap_get) 0
DEBUG: (src/hashmap.c :129 :Hashmap_get) 1e2c2a0
DEBUG: (src/hashmap.c :94 :Hashmap_get_node) start end mid bucketmax 0 2 1 50
DEBUG: (src/hashmap.c :96 :Hashmap_get_node) key: )¬—¯Rlú=­ vs º%À^KêNZÔ 
DEBUG: (src/hashmap.c :103 :Hashmap_get_node) start end 2 2
DEBUG: (src/hashmap.c :94 :Hashmap_get_node) start end mid bucketmax 2 2 2 50
DEBUG: (src/hashmap.c :96 :Hashmap_get_node) key: )¬—¯Rlú=­ vs )¬—¯Rlú=­ 
DEBUG: (src/hashmap.c :132 :Hashmap_get) 2
DEBUG: (src/hashmap.c :129 :Hashmap_get) 1e2c490
DEBUG: (src/hashmap.c :94 :Hashmap_get_node) start end mid bucketmax 0 2 1 50
DEBUG: (src/hashmap.c :96 :Hashmap_get_node) key: ÂÌ¸é¼o?3 vs ÂÌ¸é¼o?3 
DEBUG: (src/hashmap.c :132 :Hashmap_get) 1
DEBUG: (src/hashmap.c :129 :Hashmap_get) 1e2bc70
DEBUG: (src/hashmap.c :94 :Hashmap_get_node) start end mid bucketmax 0 1 0 50
DEBUG: (src/hashmap.c :96 :Hashmap_get_node) key: Jô¸ùn¾	»Ú vs Jô¸ùn¾	»Ú 
DEBUG: (src/hashmap.c :132 :Hashmap_get) 0
DEBUG: (src/hashmap.c :129 :Hashmap_get) 1e2c2a0
DEBUG: (src/hashmap.c :94 :Hashmap_get_node) start end mid bucketmax 0 2 1 50
DEBUG: (src/hashmap.c :96 :Hashmap_get_node) key: ™Óú¥ÏšDA vs º%À^KêNZÔ 
DEBUG: (src/hashmap.c :103 :Hashmap_get_node) start end 0 0
DEBUG: (src/hashmap.c :94 :Hashmap_get_node) start end mid bucketmax 0 0 0 50
DEBUG: (src/hashmap.c :96 :Hashmap_get_node) key: ™Óú¥ÏšDA vs ™Óú¥ÏšDA 
DEBUG: (src/hashmap.c :132 :Hashmap_get) 0
DEBUG: (src/hashmap.c :129 :Hashmap_get) 1e2c720
DEBUG: (src/hashmap.c :94 :Hashmap_get_node) start end mid bucketmax 0 0 0 50
DEBUG: (src/hashmap.c :96 :Hashmap_get_node) key: ŒEF£oJE vs ŒEF£oJE 
DEBUG: (src/hashmap.c :132 :Hashmap_get) 0
DEBUG: (src/hashmap.c :129 :Hashmap_get) 1e2ba80
DEBUG: (src/hashmap.c :94 :Hashmap_get_node) start end mid bucketmax 0 2 1 50
DEBUG: (src/hashmap.c :96 :Hashmap_get_node) key: C£Èº±  § vs 1ÔèY´); 
DEBUG: (src/hashmap.c :103 :Hashmap_get_node) start end 2 2
DEBUG: (src/hashmap.c :94 :Hashmap_get_node) start end mid bucketmax 2 2 2 50
DEBUG: (src/hashmap.c :96 :Hashmap_get_node) key: C£Èº±  § vs C£Èº±  § 
DEBUG: (src/hashmap.c :132 :Hashmap_get) 2
DEBUG: (src/hashmap.c :129 :Hashmap_get) 1e2c0b0
DEBUG: (src/hashmap.c :94 :Hashmap_get_node) start end mid bucketmax 0 1 0 50
DEBUG: (src/hashmap.c :96 :Hashmap_get_node) key: =ø‡¦³§ÚÄé… vs =ø‡¦³§ÚÄé… 
DEBUG: (src/hashmap.c :132 :Hashmap_get) 0
DEBUG: (src/hashmap.c :129 :Hashmap_get) 1e2be80
DEBUG: (src/hashmap.c :94 :Hashmap_get_node) start end mid bucketmax 0 1 0 50
DEBUG: (src/hashmap.c :96 :Hashmap_get_node) key: ´«
©°Öß2ç± vs ‡2-IÏÅÿAÛ› 
DEBUG: (src/hashmap.c :103 :Hashmap_get_node) start end 1 1
DEBUG: (src/hashmap.c :94 :Hashmap_get_node) start end mid bucketmax 1 1 1 50
DEBUG: (src/hashmap.c :96 :Hashmap_get_node) key: ´«
©°Öß2ç± vs ´«
©°Öß2ç± 
DEBUG: (src/hashmap.c :132 :Hashmap_get) 1
DEBUG: (test/hashmap_perf_tests.c :42 :main) time1: 431.000000 2:1021.000000
DEBUG: (test/hashmap_tests.c :88 :main) -----RUNNING :././test/hashmap_tests
DEBUG: (test/hashmap_tests.c :81 :all_tests) 
------test_create
DEBUG: (test/hashmap_tests.c :82 :all_tests) 
------test_get_set
DEBUG: (src/hashmap.c :129 :Hashmap_get) dc78d720
DEBUG: (src/hashmap.c :94 :Hashmap_get_node) start end mid bucketmax 0 0 0 50
DEBUG: (src/hashmap.c :96 :Hashmap_get_node) key: test data1 vs test data1 
DEBUG: (src/hashmap.c :132 :Hashmap_get) 0
DEBUG: (src/hashmap.c :129 :Hashmap_get) dc78d910
DEBUG: (src/hashmap.c :94 :Hashmap_get_node) start end mid bucketmax 0 0 0 50
DEBUG: (src/hashmap.c :96 :Hashmap_get_node) key: test data2 vs test data2 
DEBUG: (src/hashmap.c :132 :Hashmap_get) 0
DEBUG: (src/hashmap.c :94 :Hashmap_get_node) start end mid bucketmax 0 0 0 50
DEBUG: (src/hashmap.c :96 :Hashmap_get_node) key: test data3 vs test data1 
DEBUG: (src/hashmap.c :103 :Hashmap_get_node) start end 1 0
DEBUG: (src/hashmap.c :129 :Hashmap_get) dc78d720
DEBUG: (src/hashmap.c :94 :Hashmap_get_node) start end mid bucketmax 0 1 0 50
DEBUG: (src/hashmap.c :96 :Hashmap_get_node) key: test data3 vs test data1 
DEBUG: (src/hashmap.c :103 :Hashmap_get_node) start end 1 1
DEBUG: (src/hashmap.c :94 :Hashmap_get_node) start end mid bucketmax 1 1 1 50
DEBUG: (src/hashmap.c :96 :Hashmap_get_node) key: test data3 vs test data3 
DEBUG: (src/hashmap.c :132 :Hashmap_get) 1
DEBUG: (test/hashmap_tests.c :83 :all_tests) 
------test_traverse
DEBUG: (test/hashmap_tests.c :15 :traverse_good_cb) Key test data1
DEBUG: (test/hashmap_tests.c :15 :traverse_good_cb) Key test data3
DEBUG: (test/hashmap_tests.c :15 :traverse_good_cb) Key test data2
DEBUG: (test/hashmap_tests.c :20 :traverse_fail_cb) KEY: test data1
DEBUG: (test/hashmap_tests.c :20 :traverse_fail_cb) KEY: test data3
DEBUG: (test/hashmap_tests.c :84 :all_tests) 
------test_delete
DEBUG: (src/hashmap.c :94 :Hashmap_get_node) start end mid bucketmax 0 1 0 50
DEBUG: (src/hashmap.c :96 :Hashmap_get_node) key: test data1 vs test data1 
DEBUG: (src/hashmap.c :129 :Hashmap_get) dc78d720
DEBUG: (src/hashmap.c :94 :Hashmap_get_node) start end mid bucketmax 0 0 0 50
DEBUG: (src/hashmap.c :96 :Hashmap_get_node) key: test data1 vs test data3 
DEBUG: (src/hashmap.c :103 :Hashmap_get_node) start end 0 -1
DEBUG: (src/hashmap.c :132 :Hashmap_get) -1
DEBUG: (src/hashmap.c :94 :Hashmap_get_node) start end mid bucketmax 0 0 0 50
DEBUG: (src/hashmap.c :96 :Hashmap_get_node) key: test data2 vs test data2 
DEBUG: (src/hashmap.c :129 :Hashmap_get) dc78d910
DEBUG: (src/hashmap.c :132 :Hashmap_get) -1
DEBUG: (src/hashmap.c :94 :Hashmap_get_node) start end mid bucketmax 0 0 0 50
DEBUG: (src/hashmap.c :96 :Hashmap_get_node) key: test data3 vs test data3 
DEBUG: (src/hashmap.c :129 :Hashmap_get) dc78d720
DEBUG: (src/hashmap.c :132 :Hashmap_get) -1
DEBUG: (test/hashmap_tests.c :85 :all_tests) 
------test_destroy
DEBUG: (test/list_algos_tests.c :94 :main) -----RUNNING :././test/list_algos_tests
DEBUG: (test/list_algos_tests.c :88 :all_tests) 
------test_bubble_sort
DEBUG: (src/list.c :87 :List_push) gay shit
DEBUG: (src/list.c :87 :List_push) gay shit
DEBUG: (src/list.c :87 :List_push) gay shit
DEBUG: (src/list.c :87 :List_push) gay shit
DEBUG: (src/list.c :87 :List_push) gay shit
DEBUG: (test/list_algos_tests.c :89 :all_tests) 
------test_merge_sort
DEBUG: (src/list.c :87 :List_push) gay shit
DEBUG: (src/list.c :87 :List_push) gay shit
DEBUG: (src/list.c :87 :List_push) gay shit
DEBUG: (src/list.c :87 :List_push) gay shit
DEBUG: (src/list.c :87 :List_push) gay shit
DEBUG: (src/list.c :87 :List_push) gay shit
DEBUG: (test/list_algos_tests.c :90 :all_tests) 
------test_speed
DEBUG: (src/list.c :87 :List_push) gay shit
DEBUG: (src/list.c :87 :List_push) gay shit
DEBUG: (src/list.c :87 :List_push) gay shit
DEBUG: (src/list.c :87 :List_push) gay shit
DEBUG: (src/list.c :87 :List_push) gay shit
DEBUG: (src/list.c :87 :List_push) gay shit
DEBUG: (src/list.c :87 :List_push) gay shit
DEBUG: (src/list.c :87 :List_push) gay shit
DEBUG: (src/list.c :87 :List_push) gay shit
DEBUG: (src/list.c :87 :List_push) gay shit
DEBUG: (src/list.c :87 :List_push) gay shit
DEBUG: (src/list.c :87 :List_push) gay shit
DEBUG: (src/list.c :87 :List_push) gay shit
DEBUG: (src/list.c :87 :List_push) gay shit
DEBUG: (src/list.c :87 :List_push) gay shit
DEBUG: (src/list.c :87 :List_push) gay shit
DEBUG: (src/list.c :87 :List_push) gay shit
DEBUG: (src/list.c :87 :List_push) gay shit
DEBUG: (src/list.c :87 :List_push) gay shit
DEBUG: (src/list.c :87 :List_push) gay shit
DEBUG: (src/list.c :87 :List_push) gay shit
DEBUG: (src/list.c :87 :List_push) gay shit
DEBUG: (src/list.c :87 :List_push) gay shit
DEBUG: (src/list.c :87 :List_push) gay shit
DEBUG: (src/list.c :87 :List_push) gay shit
DEBUG: (src/list.c :87 :List_push) gay shit
DEBUG: (src/list.c :87 :List_push) gay shit
DEBUG: (src/list.c :87 :List_push) gay shit
DEBUG: (src/list.c :87 :List_push) gay shit
DEBUG: (src/list.c :87 :List_push) gay shit
DEBUG: (src/list.c :87 :List_push) gay shit
DEBUG: (src/list.c :87 :List_push) gay shit
DEBUG: (src/list.c :87 :List_push) gay shit
DEBUG: (src/list.c :87 :List_push) gay shit
DEBUG: (src/list.c :87 :List_push) gay shit
DEBUG: (src/list.c :87 :List_push) gay shit
DEBUG: (src/list.c :87 :List_push) gay shit
DEBUG: (src/list.c :87 :List_push) gay shit
DEBUG: (src/list.c :87 :List_push) gay shit
DEBUG: (src/list.c :87 :List_push) gay shit
DEBUG: (src/list.c :87 :List_push) gay shit
DEBUG: (src/list.c :87 :List_push) gay shit
DEBUG: (src/list.c :87 :List_push) gay shit
DEBUG: (src/list.c :87 :List_push) gay shit
DEBUG: (src/list.c :87 :List_push) gay shit
DEBUG: (src/list.c :87 :List_push) gay shit
DEBUG: (src/list.c :87 :List_push) gay shit
DEBUG: (src/list.c :87 :List_push) gay shit
DEBUG: (src/list.c :87 :List_push) gay shit
DEBUG: (src/list.c :87 :List_push) gay shit
DEBUG: (src/list.c :87 :List_push) gay shit
DEBUG: (src/list.c :87 :List_push) gay shit
DEBUG: (src/list.c :87 :List_push) gay shit
DEBUG: (src/list.c :87 :List_push) gay shit
DEBUG: (src/list.c :87 :List_push) gay shit
DEBUG: (src/list.c :87 :List_push) gay shit
DEBUG: (src/list.c :87 :List_push) gay shit
DEBUG: (src/list.c :87 :List_push) gay shit
DEBUG: (src/list.c :87 :List_push) gay shit
DEBUG: (src/list.c :87 :List_push) gay shit
DEBUG: (src/list.c :87 :List_push) gay shit
DEBUG: (src/list.c :87 :List_push) gay shit
DEBUG: (src/list.c :87 :List_push) gay shit
DEBUG: (src/list.c :87 :List_push) gay shit
DEBUG: (src/list.c :87 :List_push) gay shit
DEBUG: (src/list.c :87 :List_push) gay shit
DEBUG: (src/list.c :87 :List_push) gay shit
DEBUG: (src/list.c :87 :List_push) gay shit
DEBUG: (src/list.c :87 :List_push) gay shit
DEBUG: (src/list.c :87 :List_push) gay shit
DEBUG: (src/list.c :87 :List_push) gay shit
DEBUG: (src/list.c :87 :List_push) gay shit
DEBUG: (src/list.c :87 :List_push) gay shit
DEBUG: (src/list.c :87 :List_push) gay shit
DEBUG: (src/list.c :87 :List_push) gay shit
DEBUG: (src/list.c :87 :List_push) gay shit
DEBUG: (src/list.c :87 :List_push) gay shit
DEBUG: (src/list.c :87 :List_push) gay shit
DEBUG: (src/list.c :87 :List_push) gay shit
DEBUG: (src/list.c :87 :List_push) gay shit
DEBUG: (src/list.c :87 :List_push) gay shit
DEBUG: (src/list.c :87 :List_push) gay shit
DEBUG: (src/list.c :87 :List_push) gay shit
DEBUG: (src/list.c :87 :List_push) gay shit
DEBUG: (src/list.c :87 :List_push) gay shit
DEBUG: (src/list.c :87 :List_push) gay shit
DEBUG: (src/list.c :87 :List_push) gay shit
DEBUG: (src/list.c :87 :List_push) gay shit
DEBUG: (src/list.c :87 :List_push) gay shit
DEBUG: (src/list.c :87 :List_push) gay shit
DEBUG: (src/list.c :87 :List_push) gay shit
DEBUG: (src/list.c :87 :List_push) gay shit
DEBUG: (src/list.c :87 :List_push) gay shit
DEBUG: (src/list.c :87 :List_push) gay shit
DEBUG: (src/list.c :87 :List_push) gay shit
DEBUG: (src/list.c :87 :List_push) gay shit
DEBUG: (src/list.c :87 :List_push) gay shit
DEBUG: (src/list.c :87 :List_push) gay shit
DEBUG: (src/list.c :87 :List_push) gay shit
DEBUG: (src/list.c :87 :List_push) gay shit
DEBUG: (src/list.c :87 :List_push) gay shit
DEBUG: (src/list.c :87 :List_push) gay shit
DEBUG: (src/list.c :87 :List_push) gay shit
DEBUG: (src/list.c :87 :List_push) gay shit
DEBUG: (src/list.c :87 :List_push) gay shit
DEBUG: (src/list.c :87 :List_push) gay shit
DEBUG: (src/list.c :87 :List_push) gay shit
DEBUG: (src/list.c :87 :List_push) gay shit
DEBUG: (src/list.c :87 :List_push) gay shit
DEBUG: (src/list.c :87 :List_push) gay shit
DEBUG: (src/list.c :87 :List_push) gay shit
DEBUG: (src/list.c :87 :List_push) gay shit
DEBUG: (src/list.c :87 :List_push) gay shit
DEBUG: (src/list.c :87 :List_push) gay shit
DEBUG: (src/list.c :87 :List_push) gay shit
DEBUG: (src/list.c :87 :List_push) gay shit
DEBUG: (src/list.c :87 :List_push) gay shit
DEBUG: (src/list.c :87 :List_push) gay shit
DEBUG: (src/list.c :87 :List_push) gay shit
DEBUG: (src/list.c :87 :List_push) gay shit
DEBUG: (src/list.c :87 :List_push) gay shit
DEBUG: (src/list.c :87 :List_push) gay shit
DEBUG: (src/list.c :87 :List_push) gay shit
DEBUG: (src/list.c :87 :List_push) gay shit
DEBUG: (src/list.c :87 :List_push) gay shit
DEBUG: (src/list.c :87 :List_push) gay shit
DEBUG: (src/list.c :87 :List_push) gay shit
DEBUG: (src/list.c :87 :List_push) gay shit
DEBUG: (src/list.c :87 :List_push) gay shit
DEBUG: (src/list.c :87 :List_push) gay shit
DEBUG: (src/list.c :87 :List_push) gay shit
DEBUG: (src/list.c :87 :List_push) gay shit
DEBUG: (src/list.c :87 :List_push) gay shit
DEBUG: (src/list.c :87 :List_push) gay shit
DEBUG: (src/list.c :87 :List_push) gay shit
DEBUG: (src/list.c :87 :List_push) gay shit
DEBUG: (src/list.c :87 :List_push) gay shit
DEBUG: (src/list.c :87 :List_push) gay shit
DEBUG: (src/list.c :87 :List_push) gay shit
DEBUG: (src/list.c :87 :List_push) gay shit
DEBUG: (src/list.c :87 :List_push) gay shit
DEBUG: (src/list.c :87 :List_push) gay shit
DEBUG: (src/list.c :87 :List_push) gay shit
DEBUG: (src/list.c :87 :List_push) gay shit
DEBUG: (src/list.c :87 :List_push) gay shit
DEBUG: (src/list.c :87 :List_push) gay shit
DEBUG: (src/list.c :87 :List_push) gay shit
DEBUG: (src/list.c :87 :List_push) gay shit
DEBUG: (src/list.c :87 :List_push) gay shit
DEBUG: (src/list.c :87 :List_push) gay shit
DEBUG: (src/list.c :87 :List_push) gay shit
DEBUG: (src/list.c :87 :List_push) gay shit
DEBUG: (src/list.c :87 :List_push) gay shit
DEBUG: (src/list.c :87 :List_push) gay shit
DEBUG: (src/list.c :87 :List_push) gay shit
DEBUG: (src/list.c :87 :List_push) gay shit
DEBUG: (src/list.c :87 :List_push) gay shit
DEBUG: (src/list.c :87 :List_push) gay shit
DEBUG: (src/list.c :87 :List_push) gay shit
DEBUG: (src/list.c :87 :List_push) gay shit
DEBUG: (src/list.c :87 :List_push) gay shit
DEBUG: (src/list.c :87 :List_push) gay shit
DEBUG: (src/list.c :87 :List_push) gay shit
DEBUG: (src/list.c :87 :List_push) gay shit
DEBUG: (src/list.c :87 :List_push) gay shit
DEBUG: (src/list.c :87 :List_push) gay shit
DEBUG: (src/list.c :87 :List_push) gay shit
DEBUG: (src/list.c :87 :List_push) gay shit
DEBUG: (src/list.c :87 :List_push) gay shit
DEBUG: (src/list.c :87 :List_push) gay shit
DEBUG: (src/list.c :87 :List_push) gay shit
DEBUG: (src/list.c :87 :List_push) gay shit
DEBUG: (src/list.c :87 :List_push) gay shit
DEBUG: (src/list.c :87 :List_push) gay shit
DEBUG: (src/list.c :87 :List_push) gay shit
DEBUG: (src/list.c :87 :List_push) gay shit
DEBUG: (src/list.c :87 :List_push) gay shit
DEBUG: (src/list.c :87 :List_push) gay shit
DEBUG: (src/list.c :87 :List_push) gay shit
DEBUG: (src/list.c :87 :List_push) gay shit
DEBUG: (src/list.c :87 :List_push) gay shit
DEBUG: (src/list.c :87 :List_push) gay shit
DEBUG: (src/list.c :87 :List_push) gay shit
DEBUG: (src/list.c :87 :List_push) gay shit
DEBUG: (src/list.c :87 :List_push) gay shit
DEBUG: (src/list.c :87 :List_push) gay shit
DEBUG: (src/list.c :87 :List_push) gay shit
DEBUG: (src/list.c :87 :List_push) gay shit
DEBUG: (src/list.c :87 :List_push) gay shit
DEBUG: (src/list.c :87 :List_push) gay shit
DEBUG: (src/list.c :87 :List_push) gay shit
DEBUG: (src/list.c :87 :List_push) gay shit
DEBUG: (src/list.c :87 :List_push) gay shit
DEBUG: (src/list.c :87 :List_push) gay shit
DEBUG: (src/list.c :87 :List_push) gay shit
DEBUG: (src/list.c :87 :List_push) gay shit
DEBUG: (src/list.c :87 :List_push) gay shit
DEBUG: (src/list.c :87 :List_push) gay shit
DEBUG: (src/list.c :87 :List_push) gay shit
DEBUG: (src/list.c :87 :List_push) gay shit
DEBUG: (src/list.c :87 :List_push) gay shit
DEBUG: (src/list.c :87 :List_push) gay shit
DEBUG: (src/list.c :87 :List_push) gay shit
DEBUG: (src/list.c :87 :List_push) gay shit
DEBUG: (src/list.c :87 :List_push) gay shit
DEBUG: (src/list.c :87 :List_push) gay shit
DEBUG: (src/list.c :87 :List_push) gay shit
DEBUG: (src/list.c :87 :List_push) gay shit
DEBUG: (src/list.c :87 :List_push) gay shit
DEBUG: (src/list.c :87 :List_push) gay shit
DEBUG: (src/list.c :87 :List_push) gay shit
DEBUG: (src/list.c :87 :List_push) gay shit
DEBUG: (src/list.c :87 :List_push) gay shit
DEBUG: (src/list.c :87 :List_push) gay shit
DEBUG: (src/list.c :87 :List_push) gay shit
DEBUG: (src/list.c :87 :List_push) gay shit
DEBUG: (src/list.c :87 :List_push) gay shit
DEBUG: (src/list.c :87 :List_push) gay shit
DEBUG: (src/list.c :87 :List_push) gay shit
DEBUG: (src/list.c :87 :List_push) gay shit
DEBUG: (src/list.c :87 :List_push) gay shit
DEBUG: (src/list.c :87 :List_push) gay shit
DEBUG: (src/list.c :87 :List_push) gay shit
DEBUG: (src/list.c :87 :List_push) gay shit
DEBUG: (src/list.c :87 :List_push) gay shit
DEBUG: (src/list.c :87 :List_push) gay shit
DEBUG: (src/list.c :87 :List_push) gay shit
DEBUG: (src/list.c :87 :List_push) gay shit
DEBUG: (src/list.c :87 :List_push) gay shit
DEBUG: (src/list.c :87 :List_push) gay shit
DEBUG: (src/list.c :87 :List_push) gay shit
DEBUG: (src/list.c :87 :List_push) gay shit
DEBUG: (src/list.c :87 :List_push) gay shit
DEBUG: (src/list.c :87 :List_push) gay shit
DEBUG: (src/list.c :87 :List_push) gay shit
DEBUG: (src/list.c :87 :List_push) gay shit
DEBUG: (src/list.c :87 :List_push) gay shit
DEBUG: (src/list.c :87 :List_push) gay shit
DEBUG: (src/list.c :87 :List_push) gay shit
DEBUG: (src/list.c :87 :List_push) gay shit
DEBUG: (src/list.c :87 :List_push) gay shit
DEBUG: (src/list.c :87 :List_push) gay shit
DEBUG: (src/list.c :87 :List_push) gay shit
DEBUG: (src/list.c :87 :List_push) gay shit
DEBUG: (src/list.c :87 :List_push) gay shit
DEBUG: (src/list.c :87 :List_push) gay shit
DEBUG: (src/list.c :87 :List_push) gay shit
DEBUG: (src/list.c :87 :List_push) gay shit
DEBUG: (src/list.c :87 :List_push) gay shit
DEBUG: (src/list.c :87 :List_push) gay shit
DEBUG: (src/list.c :87 :List_push) gay shit
DEBUG: (src/list.c :87 :List_push) gay shit
DEBUG: (src/list.c :87 :List_push) gay shit
DEBUG: (src/list.c :87 :List_push) gay shit
DEBUG: (src/list.c :87 :List_push) gay shit
DEBUG: (src/list.c :87 :List_push) gay shit
DEBUG: (src/list.c :87 :List_push) gay shit
DEBUG: (src/list.c :87 :List_push) gay shit
DEBUG: (src/list.c :87 :List_push) gay shit
DEBUG: (src/list.c :87 :List_push) gay shit
DEBUG: (src/list.c :87 :List_push) gay shit
DEBUG: (src/list.c :87 :List_push) gay shit
DEBUG: (src/list.c :87 :List_push) gay shit
DEBUG: (src/list.c :87 :List_push) gay shit
DEBUG: (src/list.c :87 :List_push) gay shit
DEBUG: (src/list.c :87 :List_push) gay shit
DEBUG: (src/list.c :87 :List_push) gay shit
DEBUG: (src/list.c :87 :List_push) gay shit
DEBUG: (src/list.c :87 :List_push) gay shit
DEBUG: (src/list.c :87 :List_push) gay shit
DEBUG: (src/list.c :87 :List_push) gay shit
DEBUG: (src/list.c :87 :List_push) gay shit
DEBUG: (src/list.c :87 :List_push) gay shit
DEBUG: (src/list.c :87 :List_push) gay shit
DEBUG: (src/list.c :87 :List_push) gay shit
DEBUG: (src/list.c :87 :List_push) gay shit
DEBUG: (src/list.c :87 :List_push) gay shit
DEBUG: (src/list.c :87 :List_push) gay shit
DEBUG: (src/list.c :87 :List_push) gay shit
DEBUG: (src/list.c :87 :List_push) gay shit
DEBUG: (src/list.c :87 :List_push) gay shit
DEBUG: (src/list.c :87 :List_push) gay shit
DEBUG: (src/list.c :87 :List_push) gay shit
DEBUG: (src/list.c :87 :List_push) gay shit
DEBUG: (src/list.c :87 :List_push) gay shit
DEBUG: (src/list.c :87 :List_push) gay shit
DEBUG: (src/list.c :87 :List_push) gay shit
DEBUG: (src/list.c :87 :List_push) gay shit
DEBUG: (src/list.c :87 :List_push) gay shit
DEBUG: (src/list.c :87 :List_push) gay shit
DEBUG: (src/list.c :87 :List_push) gay shit
DEBUG: (src/list.c :87 :List_push) gay shit
DEBUG: (src/list.c :87 :List_push) gay shit
DEBUG: (src/list.c :87 :List_push) gay shit
DEBUG: (src/list.c :87 :List_push) gay shit
DEBUG: (src/list.c :87 :List_push) gay shit
DEBUG: (src/list.c :87 :List_push) gay shit
DEBUG: (src/list.c :87 :List_push) gay shit
DEBUG: (src/list.c :87 :List_push) gay shit
DEBUG: (src/list.c :87 :List_push) gay shit
DEBUG: (src/list.c :87 :List_push) gay shit
DEBUG: (src/list.c :87 :List_push) gay shit
DEBUG: (src/list.c :87 :List_push) gay shit
DEBUG: (src/list.c :87 :List_push) gay shit
DEBUG: (src/list.c :87 :List_push) gay shit
DEBUG: (src/list.c :87 :List_push) gay shit
DEBUG: (src/list.c :87 :List_push) gay shit
DEBUG: (src/list.c :87 :List_push) gay shit
DEBUG: (src/list.c :87 :List_push) gay shit
DEBUG: (src/list.c :87 :List_push) gay shit
DEBUG: (src/list.c :87 :List_push) gay shit
DEBUG: (src/list.c :87 :List_push) gay shit
DEBUG: (src/list.c :87 :List_push) gay shit
DEBUG: (src/list.c :87 :List_push) gay shit
DEBUG: (src/list.c :87 :List_push) gay shit
DEBUG: (src/list.c :87 :List_push) gay shit
DEBUG: (src/list.c :87 :List_push) gay shit
DEBUG: (src/list.c :87 :List_push) gay shit
DEBUG: (src/list.c :87 :List_push) gay shit
DEBUG: (src/list.c :87 :List_push) gay shit
DEBUG: (src/list.c :87 :List_push) gay shit
DEBUG: (src/list.c :87 :List_push) gay shit
DEBUG: (src/list.c :87 :List_push) gay shit
DEBUG: (src/list.c :87 :List_push) gay shit
DEBUG: (src/list.c :87 :List_push) gay shit
DEBUG: (src/list.c :87 :List_push) gay shit
DEBUG: (src/list.c :87 :List_push) gay shit
DEBUG: (src/list.c :87 :List_push) gay shit
DEBUG: (src/list.c :87 :List_push) gay shit
DEBUG: (src/list.c :87 :List_push) gay shit
DEBUG: (src/list.c :87 :List_push) gay shit
DEBUG: (src/list.c :87 :List_push) gay shit
DEBUG: (src/list.c :87 :List_push) gay shit
DEBUG: (src/list.c :87 :List_push) gay shit
DEBUG: (src/list.c :87 :List_push) gay shit
DEBUG: (src/list.c :87 :List_push) gay shit
DEBUG: (src/list.c :87 :List_push) gay shit
DEBUG: (src/list.c :87 :List_push) gay shit
DEBUG: (src/list.c :87 :List_push) gay shit
DEBUG: (src/list.c :87 :List_push) gay shit
DEBUG: (src/list.c :87 :List_push) gay shit
DEBUG: (src/list.c :87 :List_push) gay shit
DEBUG: (src/list.c :87 :List_push) gay shit
DEBUG: (src/list.c :87 :List_push) gay shit
DEBUG: (src/list.c :87 :List_push) gay shit
DEBUG: (src/list.c :87 :List_push) gay shit
DEBUG: (src/list.c :87 :List_push) gay shit
DEBUG: (src/list.c :87 :List_push) gay shit
DEBUG: (src/list.c :87 :List_push) gay shit
DEBUG: (src/list.c :87 :List_push) gay shit
DEBUG: (src/list.c :87 :List_push) gay shit
DEBUG: (src/list.c :87 :List_push) gay shit
DEBUG: (src/list.c :87 :List_push) gay shit
DEBUG: (src/list.c :87 :List_push) gay shit
DEBUG: (src/list.c :87 :List_push) gay shit
DEBUG: (src/list.c :87 :List_push) gay shit
DEBUG: (src/list.c :87 :List_push) gay shit
DEBUG: (src/list.c :87 :List_push) gay shit
DEBUG: (src/list.c :87 :List_push) gay shit
DEBUG: (src/list.c :87 :List_push) gay shit
DEBUG: (src/list.c :87 :List_push) gay shit
DEBUG: (src/list.c :87 :List_push) gay shit
DEBUG: (src/list.c :87 :List_push) gay shit
DEBUG: (src/list.c :87 :List_push) gay shit
DEBUG: (src/list.c :87 :List_push) gay shit
DEBUG: (src/list.c :87 :List_push) gay shit
DEBUG: (src/list.c :87 :List_push) gay shit
DEBUG: (src/list.c :87 :List_push) gay shit
DEBUG: (src/list.c :87 :List_push) gay shit
DEBUG: (src/list.c :87 :List_push) gay shit
DEBUG: (src/list.c :87 :List_push) gay shit
DEBUG: (src/list.c :87 :List_push) gay shit
DEBUG: (src/list.c :87 :List_push) gay shit
DEBUG: (src/list.c :87 :List_push) gay shit
DEBUG: (src/list.c :87 :List_push) gay shit
DEBUG: (src/list.c :87 :List_push) gay shit
DEBUG: (src/list.c :87 :List_push) gay shit
DEBUG: (src/list.c :87 :List_push) gay shit
DEBUG: (src/list.c :87 :List_push) gay shit
DEBUG: (src/list.c :87 :List_push) gay shit
DEBUG: (src/list.c :87 :List_push) gay shit
DEBUG: (src/list.c :87 :List_push) gay shit
DEBUG: (src/list.c :87 :List_push) gay shit
DEBUG: (src/list.c :87 :List_push) gay shit
DEBUG: (src/list.c :87 :List_push) gay shit
DEBUG: (src/list.c :87 :List_push) gay shit
DEBUG: (src/list.c :87 :List_push) gay shit
DEBUG: (src/list.c :87 :List_push) gay shit
DEBUG: (src/list.c :87 :List_push) gay shit
DEBUG: (src/list.c :87 :List_push) gay shit
DEBUG: (src/list.c :87 :List_push) gay shit
DEBUG: (src/list.c :87 :List_push) gay shit
DEBUG: (src/list.c :87 :List_push) gay shit
DEBUG: (src/list.c :87 :List_push) gay shit
DEBUG: (src/list.c :87 :List_push) gay shit
DEBUG: (src/list.c :87 :List_push) gay shit
DEBUG: (src/list.c :87 :List_push) gay shit
DEBUG: (src/list.c :87 :List_push) gay shit
DEBUG: (src/list.c :87 :List_push) gay shit
DEBUG: (src/list.c :87 :List_push) gay shit
DEBUG: (src/list.c :87 :List_push) gay shit
DEBUG: (src/list.c :87 :List_push) gay shit
DEBUG: (src/list.c :87 :List_push) gay shit
DEBUG: (src/list.c :87 :List_push) gay shit
DEBUG: (src/list.c :87 :List_push) gay shit
DEBUG: (src/list.c :87 :List_push) gay shit
DEBUG: (src/list.c :87 :List_push) gay shit
DEBUG: (src/list.c :87 :List_push) gay shit
DEBUG: (src/list.c :87 :List_push) gay shit
DEBUG: (src/list.c :87 :List_push) gay shit
DEBUG: (src/list.c :87 :List_push) gay shit
DEBUG: (src/list.c :87 :List_push) gay shit
DEBUG: (src/list.c :87 :List_push) gay shit
DEBUG: (src/list.c :87 :List_push) gay shit
DEBUG: (src/list.c :87 :List_push) gay shit
DEBUG: (src/list.c :87 :List_push) gay shit
DEBUG: (src/list.c :87 :List_push) gay shit
DEBUG: (src/list.c :87 :List_push) gay shit
DEBUG: (src/list.c :87 :List_push) gay shit
DEBUG: (src/list.c :87 :List_push) gay shit
DEBUG: (src/list.c :87 :List_push) gay shit
DEBUG: (src/list.c :87 :List_push) gay shit
DEBUG: (src/list.c :87 :List_push) gay shit
DEBUG: (src/list.c :87 :List_push) gay shit
DEBUG: (src/list.c :87 :List_push) gay shit
DEBUG: (src/list.c :87 :List_push) gay shit
DEBUG: (src/list.c :87 :List_push) gay shit
DEBUG: (src/list.c :87 :List_push) gay shit
DEBUG: (src/list.c :87 :List_push) gay shit
DEBUG: (src/list.c :87 :List_push) gay shit
DEBUG: (src/list.c :87 :List_push) gay shit
DEBUG: (src/list.c :87 :List_push) gay shit
DEBUG: (src/list.c :87 :List_push) gay shit
DEBUG: (src/list.c :87 :List_push) gay shit
DEBUG: (src/list.c :87 :List_push) gay shit
DEBUG: (src/list.c :87 :List_push) gay shit
DEBUG: (src/list.c :87 :List_push) gay shit
DEBUG: (src/list.c :87 :List_push) gay shit
DEBUG: (src/list.c :87 :List_push) gay shit
DEBUG: (src/list.c :87 :List_push) gay shit
DEBUG: (src/list.c :87 :List_push) gay shit
DEBUG: (src/list.c :87 :List_push) gay shit
DEBUG: (src/list.c :87 :List_push) gay shit
DEBUG: (src/list.c :87 :List_push) gay shit
DEBUG: (src/list.c :87 :List_push) gay shit
DEBUG: (src/list.c :87 :List_push) gay shit
DEBUG: (src/list.c :87 :List_push) gay shit
DEBUG: (src/list.c :87 :List_push) gay shit
DEBUG: (src/list.c :87 :List_push) gay shit
DEBUG: (src/list.c :87 :List_push) gay shit
DEBUG: (src/list.c :87 :List_push) gay shit
DEBUG: (src/list.c :87 :List_push) gay shit
DEBUG: (src/list.c :87 :List_push) gay shit
DEBUG: (src/list.c :87 :List_push) gay shit
DEBUG: (src/list.c :87 :List_push) gay shit
DEBUG: (src/list.c :87 :List_push) gay shit
DEBUG: (src/list.c :87 :List_push) gay shit
DEBUG: (src/list.c :87 :List_push) gay shit
DEBUG: (src/list.c :87 :List_push) gay shit
DEBUG: (src/list.c :87 :List_push) gay shit
DEBUG: (src/list.c :87 :List_push) gay shit
DEBUG: (src/list.c :87 :List_push) gay shit
DEBUG: (src/list.c :87 :List_push) gay shit
DEBUG: (src/list.c :87 :List_push) gay shit
DEBUG: (src/list.c :87 :List_push) gay shit
DEBUG: (src/list.c :87 :List_push) gay shit
DEBUG: (src/list.c :87 :List_push) gay shit
DEBUG: (src/list.c :87 :List_push) gay shit
DEBUG: (src/list.c :87 :List_push) gay shit
DEBUG: (src/list.c :87 :List_push) gay shit
DEBUG: (src/list.c :87 :List_push) gay shit
DEBUG: (src/list.c :87 :List_push) gay shit
DEBUG: (src/list.c :87 :List_push) gay shit
DEBUG: (src/list.c :87 :List_push) gay shit
DEBUG: (src/list.c :87 :List_push) gay shit
DEBUG: (src/list.c :87 :List_push) gay shit
DEBUG: (src/list.c :87 :List_push) gay shit
DEBUG: (src/list.c :87 :List_push) gay shit
DEBUG: (src/list.c :87 :List_push) gay shit
DEBUG: (src/list.c :87 :List_push) gay shit
DEBUG: (src/list.c :87 :List_push) gay shit
DEBUG: (src/list.c :87 :List_push) gay shit
DEBUG: (src/list.c :87 :List_push) gay shit
DEBUG: (src/list.c :87 :List_push) gay shit
DEBUG: (src/list.c :87 :List_push) gay shit
DEBUG: (src/list.c :87 :List_push) gay shit
DEBUG: (src/list.c :87 :List_push) gay shit
DEBUG: (src/list.c :87 :List_push) gay shit
DEBUG: (src/list.c :87 :List_push) gay shit
DEBUG: (src/list.c :87 :List_push) gay shit
DEBUG: (src/list.c :87 :List_push) gay shit
DEBUG: (src/list.c :87 :List_push) gay shit
DEBUG: (src/list.c :87 :List_push) gay shit
DEBUG: (src/list.c :87 :List_push) gay shit
DEBUG: (src/list.c :87 :List_push) gay shit
DEBUG: (src/list.c :87 :List_push) gay shit
DEBUG: (src/list.c :87 :List_push) gay shit
DEBUG: (src/list.c :87 :List_push) gay shit
DEBUG: (src/list.c :87 :List_push) gay shit
DEBUG: (src/list.c :87 :List_push) gay shit
DEBUG: (src/list.c :87 :List_push) gay shit
DEBUG: (src/list.c :87 :List_push) gay shit
DEBUG: (src/list.c :87 :List_push) gay shit
DEBUG: (src/list.c :87 :List_push) gay shit
DEBUG: (src/list.c :87 :List_push) gay shit
DEBUG: (src/list.c :87 :List_push) gay shit
DEBUG: (src/list.c :87 :List_push) gay shit
DEBUG: (src/list.c :87 :List_push) gay shit
DEBUG: (src/list.c :87 :List_push) gay shit
DEBUG: (src/list.c :87 :List_push) gay shit
DEBUG: (src/list.c :87 :List_push) gay shit
DEBUG: (src/list.c :87 :List_push) gay shit
DEBUG: (src/list.c :87 :List_push) gay shit
DEBUG: (src/list.c :87 :List_push) gay shit
DEBUG: (src/list.c :87 :List_push) gay shit
DEBUG: (src/list.c :87 :List_push) gay shit
DEBUG: (src/list.c :87 :List_push) gay shit
DEBUG: (src/list.c :87 :List_push) gay shit
DEBUG: (src/list.c :87 :List_push) gay shit
DEBUG: (src/list.c :87 :List_push) gay shit
DEBUG: (src/list.c :87 :List_push) gay shit
DEBUG: (src/list.c :87 :List_push) gay shit
DEBUG: (src/list.c :87 :List_push) gay shit
DEBUG: (src/list.c :87 :List_push) gay shit
DEBUG: (src/list.c :87 :List_push) gay shit
DEBUG: (src/list.c :87 :List_push) gay shit
DEBUG: (src/list.c :87 :List_push) gay shit
DEBUG: (src/list.c :87 :List_push) gay shit
DEBUG: (src/list.c :87 :List_push) gay shit
DEBUG: (src/list.c :87 :List_push) gay shit
DEBUG: (src/list.c :87 :List_push) gay shit
DEBUG: (src/list.c :87 :List_push) gay shit
DEBUG: (src/list.c :87 :List_push) gay shit
DEBUG: (src/list.c :87 :List_push) gay shit
DEBUG: (src/list.c :87 :List_push) gay shit
DEBUG: (src/list.c :87 :List_push) gay shit
DEBUG: (src/list.c :87 :List_push) gay shit
DEBUG: (src/list.c :87 :List_push) gay shit
DEBUG: (src/list.c :87 :List_push) gay shit
DEBUG: (src/list.c :87 :List_push) gay shit
DEBUG: (src/list.c :87 :List_push) gay shit
DEBUG: (src/list.c :87 :List_push) gay shit
DEBUG: (src/list.c :87 :List_push) gay shit
DEBUG: (src/list.c :87 :List_push) gay shit
DEBUG: (src/list.c :87 :List_push) gay shit
DEBUG: (src/list.c :87 :List_push) gay shit
DEBUG: (src/list.c :87 :List_push) gay shit
DEBUG: (src/list.c :87 :List_push) gay shit
DEBUG: (src/list.c :87 :List_push) gay shit
DEBUG: (src/list.c :87 :List_push) gay shit
DEBUG: (src/list.c :87 :List_push) gay shit
DEBUG: (src/list.c :87 :List_push) gay shit
DEBUG: (src/list.c :87 :List_push) gay shit
DEBUG: (src/list.c :87 :List_push) gay shit
DEBUG: (src/list.c :87 :List_push) gay shit
DEBUG: (src/list.c :87 :List_push) gay shit
DEBUG: (src/list.c :87 :List_push) gay shit
DEBUG: (src/list.c :87 :List_push) gay shit
DEBUG: (src/list.c :87 :List_push) gay shit
DEBUG: (src/list.c :87 :List_push) gay shit
DEBUG: (src/list.c :87 :List_push) gay shit
DEBUG: (src/list.c :87 :List_push) gay shit
DEBUG: (src/list.c :87 :List_push) gay shit
DEBUG: (src/list.c :87 :List_push) gay shit
DEBUG: (src/list.c :87 :List_push) gay shit
DEBUG: (src/list.c :87 :List_push) gay shit
DEBUG: (src/list.c :87 :List_push) gay shit
DEBUG: (src/list.c :87 :List_push) gay shit
DEBUG: (src/list.c :87 :List_push) gay shit
DEBUG: (src/list.c :87 :List_push) gay shit
DEBUG: (src/list.c :87 :List_push) gay shit
DEBUG: (src/list.c :87 :List_push) gay shit
DEBUG: (src/list.c :87 :List_push) gay shit
DEBUG: (src/list.c :87 :List_push) gay shit
DEBUG: (src/list.c :87 :List_push) gay shit
DEBUG: (src/list.c :87 :List_push) gay shit
DEBUG: (src/list.c :87 :List_push) gay shit
DEBUG: (src/list.c :87 :List_push) gay shit
DEBUG: (src/list.c :87 :List_push) gay shit
DEBUG: (src/list.c :87 :List_push) gay shit
DEBUG: (src/list.c :87 :List_push) gay shit
DEBUG: (src/list.c :87 :List_push) gay shit
DEBUG: (src/list.c :87 :List_push) gay shit
DEBUG: (src/list.c :87 :List_push) gay shit
DEBUG: (src/list.c :87 :List_push) gay shit
DEBUG: (src/list.c :87 :List_push) gay shit
DEBUG: (src/list.c :87 :List_push) gay shit
DEBUG: (src/list.c :87 :List_push) gay shit
DEBUG: (src/list.c :87 :List_push) gay shit
DEBUG: (src/list.c :87 :List_push) gay shit
DEBUG: (src/list.c :87 :List_push) gay shit
DEBUG: (src/list.c :87 :List_push) gay shit
DEBUG: (src/list.c :87 :List_push) gay shit
DEBUG: (src/list.c :87 :List_push) gay shit
DEBUG: (src/list.c :87 :List_push) gay shit
DEBUG: (src/list.c :87 :List_push) gay shit
DEBUG: (src/list.c :87 :List_push) gay shit
DEBUG: (src/list.c :87 :List_push) gay shit
DEBUG: (src/list.c :87 :List_push) gay shit
DEBUG: (src/list.c :87 :List_push) gay shit
DEBUG: (src/list.c :87 :List_push) gay shit
DEBUG: (src/list.c :87 :List_push) gay shit
DEBUG: (src/list.c :87 :List_push) gay shit
DEBUG: (src/list.c :87 :List_push) gay shit
DEBUG: (src/list.c :87 :List_push) gay shit
DEBUG: (src/list.c :87 :List_push) gay shit
DEBUG: (src/list.c :87 :List_push) gay shit
DEBUG: (src/list.c :87 :List_push) gay shit
DEBUG: (src/list.c :87 :List_push) gay shit
DEBUG: (src/list.c :87 :List_push) gay shit
DEBUG: (src/list.c :87 :List_push) gay shit
DEBUG: (src/list.c :87 :List_push) gay shit
DEBUG: (src/list.c :87 :List_push) gay shit
DEBUG: (src/list.c :87 :List_push) gay shit
DEBUG: (src/list.c :87 :List_push) gay shit
DEBUG: (src/list.c :87 :List_push) gay shit
DEBUG: (src/list.c :87 :List_push) gay shit
DEBUG: (src/list.c :87 :List_push) gay shit
DEBUG: (src/list.c :87 :List_push) gay shit
DEBUG: (src/list.c :87 :List_push) gay shit
DEBUG: (src/list.c :87 :List_push) gay shit
DEBUG: (src/list.c :87 :List_push) gay shit
DEBUG: (src/list.c :87 :List_push) gay shit
DEBUG: (src/list.c :87 :List_push) gay shit
DEBUG: (src/list.c :87 :List_push) gay shit
DEBUG: (src/list.c :87 :List_push) gay shit
DEBUG: (src/list.c :87 :List_push) gay shit
DEBUG: (src/list.c :87 :List_push) gay shit
DEBUG: (src/list.c :87 :List_push) gay shit
DEBUG: (src/list.c :87 :List_push) gay shit
DEBUG: (src/list.c :87 :List_push) gay shit
DEBUG: (src/list.c :87 :List_push) gay shit
DEBUG: (src/list.c :87 :List_push) gay shit
DEBUG: (src/list.c :87 :List_push) gay shit
DEBUG: (src/list.c :87 :List_push) gay shit
DEBUG: (src/list.c :87 :List_push) gay shit
DEBUG: (src/list.c :87 :List_push) gay shit
DEBUG: (src/list.c :87 :List_push) gay shit
DEBUG: (src/list.c :87 :List_push) gay shit
DEBUG: (src/list.c :87 :List_push) gay shit
DEBUG: (src/list.c :87 :List_push) gay shit
DEBUG: (src/list.c :87 :List_push) gay shit
DEBUG: (src/list.c :87 :List_push) gay shit
DEBUG: (src/list.c :87 :List_push) gay shit
DEBUG: (src/list.c :87 :List_push) gay shit
DEBUG: (src/list.c :87 :List_push) gay shit
DEBUG: (src/list.c :87 :List_push) gay shit
DEBUG: (src/list.c :87 :List_push) gay shit
DEBUG: (src/list.c :87 :List_push) gay shit
DEBUG: (src/list.c :87 :List_push) gay shit
DEBUG: (src/list.c :87 :List_push) gay shit
DEBUG: (src/list.c :87 :List_push) gay shit
DEBUG: (src/list.c :87 :List_push) gay shit
DEBUG: (src/list.c :87 :List_push) gay shit
DEBUG: (src/list.c :87 :List_push) gay shit
DEBUG: (src/list.c :87 :List_push) gay shit
DEBUG: (src/list.c :87 :List_push) gay shit
DEBUG: (src/list.c :87 :List_push) gay shit
DEBUG: (src/list.c :87 :List_push) gay shit
DEBUG: (src/list.c :87 :List_push) gay shit
DEBUG: (src/list.c :87 :List_push) gay shit
DEBUG: (src/list.c :87 :List_push) gay shit
DEBUG: (src/list.c :87 :List_push) gay shit
DEBUG: (src/list.c :87 :List_push) gay shit
DEBUG: (src/list.c :87 :List_push) gay shit
DEBUG: (src/list.c :87 :List_push) gay shit
DEBUG: (src/list.c :87 :List_push) gay shit
DEBUG: (src/list.c :87 :List_push) gay shit
DEBUG: (src/list.c :87 :List_push) gay shit
DEBUG: (src/list.c :87 :List_push) gay shit
DEBUG: (src/list.c :87 :List_push) gay shit
DEBUG: (src/list.c :87 :List_push) gay shit
DEBUG: (src/list.c :87 :List_push) gay shit
DEBUG: (src/list.c :87 :List_push) gay shit
DEBUG: (src/list.c :87 :List_push) gay shit
DEBUG: (src/list.c :87 :List_push) gay shit
DEBUG: (src/list.c :87 :List_push) gay shit
DEBUG: (src/list.c :87 :List_push) gay shit
DEBUG: (src/list.c :87 :List_push) gay shit
DEBUG: (src/list.c :87 :List_push) gay shit
DEBUG: (src/list.c :87 :List_push) gay shit
DEBUG: (src/list.c :87 :List_push) gay shit
DEBUG: (src/list.c :87 :List_push) gay shit
DEBUG: (src/list.c :87 :List_push) gay shit
DEBUG: (src/list.c :87 :List_push) gay shit
DEBUG: (src/list.c :87 :List_push) gay shit
DEBUG: (src/list.c :87 :List_push) gay shit
DEBUG: (src/list.c :87 :List_push) gay shit
DEBUG: (src/list.c :87 :List_push) gay shit
DEBUG: (src/list.c :87 :List_push) gay shit
DEBUG: (src/list.c :87 :List_push) gay shit
DEBUG: (src/list.c :87 :List_push) gay shit
DEBUG: (src/list.c :87 :List_push) gay shit
DEBUG: (src/list.c :87 :List_push) gay shit
DEBUG: (src/list.c :87 :List_push) gay shit
DEBUG: (src/list.c :87 :List_push) gay shit
DEBUG: (src/list.c :87 :List_push) gay shit
DEBUG: (src/list.c :87 :List_push) gay shit
DEBUG: (src/list.c :87 :List_push) gay shit
DEBUG: (src/list.c :87 :List_push) gay shit
DEBUG: (src/list.c :87 :List_push) gay shit
DEBUG: (src/list.c :87 :List_push) gay shit
DEBUG: (src/list.c :87 :List_push) gay shit
DEBUG: (src/list.c :87 :List_push) gay shit
DEBUG: (src/list.c :87 :List_push) gay shit
DEBUG: (src/list.c :87 :List_push) gay shit
DEBUG: (src/list.c :87 :List_push) gay shit
DEBUG: (src/list.c :87 :List_push) gay shit
DEBUG: (src/list.c :87 :List_push) gay shit
DEBUG: (src/list.c :87 :List_push) gay shit
DEBUG: (src/list.c :87 :List_push) gay shit
DEBUG: (src/list.c :87 :List_push) gay shit
DEBUG: (src/list.c :87 :List_push) gay shit
DEBUG: (src/list.c :87 :List_push) gay shit
DEBUG: (src/list.c :87 :List_push) gay shit
DEBUG: (src/list.c :87 :List_push) gay shit
DEBUG: (src/list.c :87 :List_push) gay shit
DEBUG: (src/list.c :87 :List_push) gay shit
DEBUG: (src/list.c :87 :List_push) gay shit
DEBUG: (src/list.c :87 :List_push) gay shit
DEBUG: (src/list.c :87 :List_push) gay shit
DEBUG: (src/list.c :87 :List_push) gay shit
DEBUG: (src/list.c :87 :List_push) gay shit
DEBUG: (src/list.c :87 :List_push) gay shit
DEBUG: (src/list.c :87 :List_push) gay shit
DEBUG: (src/list.c :87 :List_push) gay shit
DEBUG: (src/list.c :87 :List_push) gay shit
DEBUG: (src/list.c :87 :List_push) gay shit
DEBUG: (src/list.c :87 :List_push) gay shit
DEBUG: (src/list.c :87 :List_push) gay shit
DEBUG: (src/list.c :87 :List_push) gay shit
DEBUG: (src/list.c :87 :List_push) gay shit
DEBUG: (src/list.c :87 :List_push) gay shit
DEBUG: (src/list.c :87 :List_push) gay shit
DEBUG: (src/list.c :87 :List_push) gay shit
DEBUG: (src/list.c :87 :List_push) gay shit
DEBUG: (src/list.c :87 :List_push) gay shit
DEBUG: (src/list.c :87 :List_push) gay shit
DEBUG: (src/list.c :87 :List_push) gay shit
DEBUG: (src/list.c :87 :List_push) gay shit
DEBUG: (src/list.c :87 :List_push) gay shit
DEBUG: (src/list.c :87 :List_push) gay shit
DEBUG: (src/list.c :87 :List_push) gay shit
DEBUG: (src/list.c :87 :List_push) gay shit
DEBUG: (src/list.c :87 :List_push) gay shit
DEBUG: (src/list.c :87 :List_push) gay shit
DEBUG: (src/list.c :87 :List_push) gay shit
DEBUG: (src/list.c :87 :List_push) gay shit
DEBUG: (src/list.c :87 :List_push) gay shit
DEBUG: (src/list.c :87 :List_push) gay shit
DEBUG: (src/list.c :87 :List_push) gay shit
DEBUG: (src/list.c :87 :List_push) gay shit
DEBUG: (src/list.c :87 :List_push) gay shit
DEBUG: (src/list.c :87 :List_push) gay shit
DEBUG: (src/list.c :87 :List_push) gay shit
DEBUG: (src/list.c :87 :List_push) gay shit
DEBUG: (src/list.c :87 :List_push) gay shit
DEBUG: (src/list.c :87 :List_push) gay shit
DEBUG: (src/list.c :87 :List_push) gay shit
DEBUG: (src/list.c :87 :List_push) gay shit
DEBUG: (src/list.c :87 :List_push) gay shit
DEBUG: (src/list.c :87 :List_push) gay shit
DEBUG: (src/list.c :87 :List_push) gay shit
DEBUG: (src/list.c :87 :List_push) gay shit
DEBUG: (src/list.c :87 :List_push) gay shit
DEBUG: (src/list.c :87 :List_push) gay shit
DEBUG: (src/list.c :87 :List_push) gay shit
DEBUG: (src/list.c :87 :List_push) gay shit
DEBUG: (src/list.c :87 :List_push) gay shit
DEBUG: (src/list.c :87 :List_push) gay shit
DEBUG: (src/list.c :87 :List_push) gay shit
DEBUG: (src/list.c :87 :List_push) gay shit
DEBUG: (src/list.c :87 :List_push) gay shit
DEBUG: (src/list.c :87 :List_push) gay shit
DEBUG: (src/list.c :87 :List_push) gay shit
DEBUG: (src/list.c :87 :List_push) gay shit
DEBUG: (src/list.c :87 :List_push) gay shit
DEBUG: (src/list.c :87 :List_push) gay shit
DEBUG: (src/list.c :87 :List_push) gay shit
DEBUG: (src/list.c :87 :List_push) gay shit
DEBUG: (src/list.c :87 :List_push) gay shit
DEBUG: (src/list.c :87 :List_push) gay shit
DEBUG: (src/list.c :87 :List_push) gay shit
DEBUG: (src/list.c :87 :List_push) gay shit
DEBUG: (src/list.c :87 :List_push) gay shit
DEBUG: (src/list.c :87 :List_push) gay shit
DEBUG: (src/list.c :87 :List_push) gay shit
DEBUG: (src/list.c :87 :List_push) gay shit
DEBUG: (src/list.c :87 :List_push) gay shit
DEBUG: (src/list.c :87 :List_push) gay shit
DEBUG: (src/list.c :87 :List_push) gay shit
DEBUG: (src/list.c :87 :List_push) gay shit
DEBUG: (src/list.c :87 :List_push) gay shit
DEBUG: (src/list.c :87 :List_push) gay shit
DEBUG: (src/list.c :87 :List_push) gay shit
DEBUG: (src/list.c :87 :List_push) gay shit
DEBUG: (src/list.c :87 :List_push) gay shit
DEBUG: (src/list.c :87 :List_push) gay shit
DEBUG: (src/list.c :87 :List_push) gay shit
DEBUG: (src/list.c :87 :List_push) gay shit
DEBUG: (src/list.c :87 :List_push) gay shit
DEBUG: (src/list.c :87 :List_push) gay shit
DEBUG: (src/list.c :87 :List_push) gay shit
DEBUG: (src/list.c :87 :List_push) gay shit
DEBUG: (src/list.c :87 :List_push) gay shit
DEBUG: (src/list.c :87 :List_push) gay shit
DEBUG: (src/list.c :87 :List_push) gay shit
DEBUG: (src/list.c :87 :List_push) gay shit
DEBUG: (src/list.c :87 :List_push) gay shit
DEBUG: (src/list.c :87 :List_push) gay shit
DEBUG: (src/list.c :87 :List_push) gay shit
DEBUG: (src/list.c :87 :List_push) gay shit
DEBUG: (src/list.c :87 :List_push) gay shit
DEBUG: (src/list.c :87 :List_push) gay shit
DEBUG: (src/list.c :87 :List_push) gay shit
DEBUG: (src/list.c :87 :List_push) gay shit
DEBUG: (src/list.c :87 :List_push) gay shit
DEBUG: (src/list.c :87 :List_push) gay shit
DEBUG: (src/list.c :87 :List_push) gay shit
DEBUG: (src/list.c :87 :List_push) gay shit
DEBUG: (src/list.c :87 :List_push) gay shit
DEBUG: (src/list.c :87 :List_push) gay shit
DEBUG: (src/list.c :87 :List_push) gay shit
DEBUG: (src/list.c :87 :List_push) gay shit
DEBUG: (src/list.c :87 :List_push) gay shit
DEBUG: (src/list.c :87 :List_push) gay shit
DEBUG: (src/list.c :87 :List_push) gay shit
DEBUG: (src/list.c :87 :List_push) gay shit
DEBUG: (src/list.c :87 :List_push) gay shit
DEBUG: (src/list.c :87 :List_push) gay shit
DEBUG: (src/list.c :87 :List_push) gay shit
DEBUG: (src/list.c :87 :List_push) gay shit
DEBUG: (src/list.c :87 :List_push) gay shit
DEBUG: (src/list.c :87 :List_push) gay shit
DEBUG: (src/list.c :87 :List_push) gay shit
DEBUG: (src/list.c :87 :List_push) gay shit
DEBUG: (src/list.c :87 :List_push) gay shit
DEBUG: (src/list.c :87 :List_push) gay shit
DEBUG: (src/list.c :87 :List_push) gay shit
DEBUG: (src/list.c :87 :List_push) gay shit
DEBUG: (src/list.c :87 :List_push) gay shit
DEBUG: (src/list.c :87 :List_push) gay shit
DEBUG: (src/list.c :87 :List_push) gay shit
DEBUG: (src/list.c :87 :List_push) gay shit
DEBUG: (src/list.c :87 :List_push) gay shit
DEBUG: (src/list.c :87 :List_push) gay shit
DEBUG: (src/list.c :87 :List_push) gay shit
DEBUG: (src/list.c :87 :List_push) gay shit
DEBUG: (src/list.c :87 :List_push) gay shit
DEBUG: (src/list.c :87 :List_push) gay shit
DEBUG: (src/list.c :87 :List_push) gay shit
DEBUG: (src/list.c :87 :List_push) gay shit
DEBUG: (src/list.c :87 :List_push) gay shit
DEBUG: (src/list.c :87 :List_push) gay shit
DEBUG: (src/list.c :87 :List_push) gay shit
DEBUG: (src/list.c :87 :List_push) gay shit
DEBUG: (src/list.c :87 :List_push) gay shit
DEBUG: (src/list.c :87 :List_push) gay shit
DEBUG: (src/list.c :87 :List_push) gay shit
DEBUG: (src/list.c :87 :List_push) gay shit
DEBUG: (src/list.c :87 :List_push) gay shit
DEBUG: (src/list.c :87 :List_push) gay shit
DEBUG: (src/list.c :87 :List_push) gay shit
DEBUG: (src/list.c :87 :List_push) gay shit
DEBUG: (src/list.c :87 :List_push) gay shit
DEBUG: (src/list.c :87 :List_push) gay shit
DEBUG: (src/list.c :87 :List_push) gay shit
DEBUG: (src/list.c :87 :List_push) gay shit
DEBUG: (src/list.c :87 :List_push) gay shit
DEBUG: (src/list.c :87 :List_push) gay shit
DEBUG: (src/list.c :87 :List_push) gay shit
DEBUG: (src/list.c :87 :List_push) gay shit
DEBUG: (src/list.c :87 :List_push) gay shit
DEBUG: (src/list.c :87 :List_push) gay shit
DEBUG: (src/list.c :87 :List_push) gay shit
DEBUG: (src/list.c :87 :List_push) gay shit
DEBUG: (src/list.c :87 :List_push) gay shit
DEBUG: (src/list.c :87 :List_push) gay shit
DEBUG: (src/list.c :87 :List_push) gay shit
DEBUG: (src/list.c :87 :List_push) gay shit
DEBUG: (src/list.c :87 :List_push) gay shit
DEBUG: (src/list.c :87 :List_push) gay shit
DEBUG: (src/list.c :87 :List_push) gay shit
DEBUG: (src/list.c :87 :List_push) gay shit
DEBUG: (src/list.c :87 :List_push) gay shit
DEBUG: (src/list.c :87 :List_push) gay shit
DEBUG: (src/list.c :87 :List_push) gay shit
DEBUG: (src/list.c :87 :List_push) gay shit
DEBUG: (src/list.c :87 :List_push) gay shit
DEBUG: (src/list.c :87 :List_push) gay shit
DEBUG: (src/list.c :87 :List_push) gay shit
DEBUG: (src/list.c :87 :List_push) gay shit
DEBUG: (src/list.c :87 :List_push) gay shit
DEBUG: (src/list.c :87 :List_push) gay shit
DEBUG: (src/list.c :87 :List_push) gay shit
DEBUG: (src/list.c :87 :List_push) gay shit
DEBUG: (src/list.c :87 :List_push) gay shit
DEBUG: (src/list.c :87 :List_push) gay shit
DEBUG: (src/list.c :87 :List_push) gay shit
DEBUG: (src/list.c :87 :List_push) gay shit
DEBUG: (src/list.c :87 :List_push) gay shit
DEBUG: (src/list.c :87 :List_push) gay shit
DEBUG: (src/list.c :87 :List_push) gay shit
DEBUG: (src/list.c :87 :List_push) gay shit
DEBUG: (src/list.c :87 :List_push) gay shit
DEBUG: (src/list.c :87 :List_push) gay shit
DEBUG: (src/list.c :87 :List_push) gay shit
DEBUG: (src/list.c :87 :List_push) gay shit
DEBUG: (src/list.c :87 :List_push) gay shit
DEBUG: (src/list.c :87 :List_push) gay shit
DEBUG: (src/list.c :87 :List_push) gay shit
DEBUG: (src/list.c :87 :List_push) gay shit
DEBUG: (src/list.c :87 :List_push) gay shit
DEBUG: (src/list.c :87 :List_push) gay shit
DEBUG: (src/list.c :87 :List_push) gay shit
DEBUG: (src/list.c :87 :List_push) gay shit
DEBUG: (src/list.c :87 :List_push) gay shit
DEBUG: (src/list.c :87 :List_push) gay shit
DEBUG: (src/list.c :87 :List_push) gay shit
DEBUG: (src/list.c :87 :List_push) gay shit
DEBUG: (src/list.c :87 :List_push) gay shit
DEBUG: (src/list.c :87 :List_push) gay shit
DEBUG: (src/list.c :87 :List_push) gay shit
DEBUG: (src/list.c :87 :List_push) gay shit
DEBUG: (src/list.c :87 :List_push) gay shit
DEBUG: (src/list.c :87 :List_push) gay shit
DEBUG: (src/list.c :87 :List_push) gay shit
DEBUG: (src/list.c :87 :List_push) gay shit
DEBUG: (src/list.c :87 :List_push) gay shit
DEBUG: (src/list.c :87 :List_push) gay shit
DEBUG: (src/list.c :87 :List_push) gay shit
DEBUG: (src/list.c :87 :List_push) gay shit
DEBUG: (src/list.c :87 :List_push) gay shit
DEBUG: (src/list.c :87 :List_push) gay shit
DEBUG: (src/list.c :87 :List_push) gay shit
DEBUG: (src/list.c :87 :List_push) gay shit
DEBUG: (src/list.c :87 :List_push) gay shit
DEBUG: (src/list.c :87 :List_push) gay shit
DEBUG: (src/list.c :87 :List_push) gay shit
DEBUG: (src/list.c :87 :List_push) gay shit
DEBUG: (src/list.c :87 :List_push) gay shit
DEBUG: (src/list.c :87 :List_push) gay shit
DEBUG: (src/list.c :87 :List_push) gay shit
DEBUG: (src/list.c :87 :List_push) gay shit
DEBUG: (src/list.c :87 :List_push) gay shit
DEBUG: (src/list.c :87 :List_push) gay shit
DEBUG: (src/list.c :87 :List_push) gay shit
DEBUG: (src/list.c :87 :List_push) gay shit
DEBUG: (src/list.c :87 :List_push) gay shit
DEBUG: (src/list.c :87 :List_push) gay shit
DEBUG: (src/list.c :87 :List_push) gay shit
DEBUG: (src/list.c :87 :List_push) gay shit
DEBUG: (src/list.c :87 :List_push) gay shit
DEBUG: (src/list.c :87 :List_push) gay shit
DEBUG: (src/list.c :87 :List_push) gay shit
DEBUG: (src/list.c :87 :List_push) gay shit
DEBUG: (src/list.c :87 :List_push) gay shit
DEBUG: (src/list.c :87 :List_push) gay shit
DEBUG: (src/list.c :87 :List_push) gay shit
DEBUG: (src/list.c :87 :List_push) gay shit
DEBUG: (src/list.c :87 :List_push) gay shit
DEBUG: (src/list.c :87 :List_push) gay shit
DEBUG: (src/list.c :87 :List_push) gay shit
DEBUG: (src/list.c :87 :List_push) gay shit
DEBUG: (src/list.c :87 :List_push) gay shit
DEBUG: (src/list.c :87 :List_push) gay shit
DEBUG: (src/list.c :87 :List_push) gay shit
DEBUG: (src/list.c :87 :List_push) gay shit
DEBUG: (src/list.c :87 :List_push) gay shit
DEBUG: (src/list.c :87 :List_push) gay shit
DEBUG: (src/list.c :87 :List_push) gay shit
DEBUG: (src/list.c :87 :List_push) gay shit
DEBUG: (src/list.c :87 :List_push) gay shit
DEBUG: (src/list.c :87 :List_push) gay shit
DEBUG: (src/list.c :87 :List_push) gay shit
DEBUG: (src/list.c :87 :List_push) gay shit
DEBUG: (src/list.c :87 :List_push) gay shit
DEBUG: (src/list.c :87 :List_push) gay shit
DEBUG: (src/list.c :87 :List_push) gay shit
DEBUG: (src/list.c :87 :List_push) gay shit
DEBUG: (src/list.c :87 :List_push) gay shit
DEBUG: (src/list.c :87 :List_push) gay shit
DEBUG: (src/list.c :87 :List_push) gay shit
DEBUG: (src/list.c :87 :List_push) gay shit
DEBUG: (src/list.c :87 :List_push) gay shit
DEBUG: (src/list.c :87 :List_push) gay shit
DEBUG: (src/list.c :87 :List_push) gay shit
DEBUG: (src/list.c :87 :List_push) gay shit
DEBUG: (src/list.c :87 :List_push) gay shit
DEBUG: (src/list.c :87 :List_push) gay shit
DEBUG: (src/list.c :87 :List_push) gay shit
DEBUG: (src/list.c :87 :List_push) gay shit
DEBUG: (src/list.c :87 :List_push) gay shit
DEBUG: (src/list.c :87 :List_push) gay shit
DEBUG: (src/list.c :87 :List_push) gay shit
DEBUG: (src/list.c :87 :List_push) gay shit
DEBUG: (src/list.c :87 :List_push) gay shit
DEBUG: (src/list.c :87 :List_push) gay shit
DEBUG: (src/list.c :87 :List_push) gay shit
DEBUG: (src/list.c :87 :List_push) gay shit
DEBUG: (src/list.c :87 :List_push) gay shit
DEBUG: (src/list.c :87 :List_push) gay shit
DEBUG: (src/list.c :87 :List_push) gay shit
DEBUG: (src/list.c :87 :List_push) gay shit
DEBUG: (src/list.c :87 :List_push) gay shit
DEBUG: (src/list.c :87 :List_push) gay shit
DEBUG: (src/list.c :87 :List_push) gay shit
DEBUG: (src/list.c :87 :List_push) gay shit
DEBUG: (src/list.c :87 :List_push) gay shit
DEBUG: (src/list.c :87 :List_push) gay shit
DEBUG: (src/list.c :87 :List_push) gay shit
DEBUG: (src/list.c :87 :List_push) gay shit
DEBUG: (src/list.c :87 :List_push) gay shit
DEBUG: (src/list.c :87 :List_push) gay shit
DEBUG: (src/list.c :87 :List_push) gay shit
DEBUG: (src/list.c :87 :List_push) gay shit
DEBUG: (src/list.c :87 :List_push) gay shit
DEBUG: (src/list.c :87 :List_push) gay shit
DEBUG: (src/list.c :87 :List_push) gay shit
DEBUG: (src/list.c :87 :List_push) gay shit
DEBUG: (src/list.c :87 :List_push) gay shit
DEBUG: (src/list.c :87 :List_push) gay shit
DEBUG: (src/list.c :87 :List_push) gay shit
DEBUG: (src/list.c :87 :List_push) gay shit
DEBUG: (src/list.c :87 :List_push) gay shit
DEBUG: (src/list.c :87 :List_push) gay shit
DEBUG: (src/list.c :87 :List_push) gay shit
DEBUG: (src/list.c :87 :List_push) gay shit
DEBUG: (src/list.c :87 :List_push) gay shit
DEBUG: (src/list.c :87 :List_push) gay shit
DEBUG: (src/list.c :87 :List_push) gay shit
DEBUG: (src/list.c :87 :List_push) gay shit
DEBUG: (src/list.c :87 :List_push) gay shit
DEBUG: (src/list.c :87 :List_push) gay shit
DEBUG: (src/list.c :87 :List_push) gay shit
DEBUG: (src/list.c :87 :List_push) gay shit
DEBUG: (src/list.c :87 :List_push) gay shit
DEBUG: (src/list.c :87 :List_push) gay shit
DEBUG: (src/list.c :87 :List_push) gay shit
DEBUG: (src/list.c :87 :List_push) gay shit
DEBUG: (src/list.c :87 :List_push) gay shit
DEBUG: (src/list.c :87 :List_push) gay shit
DEBUG: (src/list.c :87 :List_push) gay shit
DEBUG: (src/list.c :87 :List_push) gay shit
DEBUG: (src/list.c :87 :List_push) gay shit
DEBUG: (src/list.c :87 :List_push) gay shit
DEBUG: (src/list.c :87 :List_push) gay shit
DEBUG: (src/list.c :87 :List_push) gay shit
DEBUG: (src/list.c :87 :List_push) gay shit
DEBUG: (src/list.c :87 :List_push) gay shit
DEBUG: (src/list.c :87 :List_push) gay shit
DEBUG: (src/list.c :87 :List_push) gay shit
DEBUG: (src/list.c :87 :List_push) gay shit
DEBUG: (src/list.c :87 :List_push) gay shit
DEBUG: (src/list.c :87 :List_push) gay shit
DEBUG: (src/list.c :87 :List_push) gay shit
DEBUG: (src/list.c :87 :List_push) gay shit
DEBUG: (src/list.c :87 :List_push) gay shit
DEBUG: (src/list.c :87 :List_push) gay shit
DEBUG: (src/list.c :87 :List_push) gay shit
DEBUG: (src/list.c :87 :List_push) gay shit
DEBUG: (src/list.c :87 :List_push) gay shit
DEBUG: (src/list.c :87 :List_push) gay shit
DEBUG: (src/list.c :87 :List_push) gay shit
DEBUG: (src/list.c :87 :List_push) gay shit
DEBUG: (src/list.c :87 :List_push) gay shit
DEBUG: (src/list.c :87 :List_push) gay shit
DEBUG: (src/list.c :87 :List_push) gay shit
DEBUG: (src/list.c :87 :List_push) gay shit
DEBUG: (src/list.c :87 :List_push) gay shit
DEBUG: (src/list.c :87 :List_push) gay shit
DEBUG: (src/list.c :87 :List_push) gay shit
DEBUG: (src/list.c :87 :List_push) gay shit
DEBUG: (src/list.c :87 :List_push) gay shit
DEBUG: (src/list.c :87 :List_push) gay shit
DEBUG: (src/list.c :87 :List_push) gay shit
DEBUG: (src/list.c :87 :List_push) gay shit
DEBUG: (src/list.c :87 :List_push) gay shit
DEBUG: (src/list.c :87 :List_push) gay shit
DEBUG: (src/list.c :87 :List_push) gay shit
DEBUG: (src/list.c :87 :List_push) gay shit
DEBUG: (src/list.c :87 :List_push) gay shit
DEBUG: (src/list.c :87 :List_push) gay shit
DEBUG: (src/list.c :87 :List_push) gay shit
DEBUG: (src/list.c :87 :List_push) gay shit
DEBUG: (src/list.c :87 :List_push) gay shit
DEBUG: (src/list.c :87 :List_push) gay shit
DEBUG: (src/list.c :87 :List_push) gay shit
DEBUG: (src/list.c :87 :List_push) gay shit
DEBUG: (src/list.c :87 :List_push) gay shit
DEBUG: (src/list.c :87 :List_push) gay shit
DEBUG: (src/list.c :87 :List_push) gay shit
DEBUG: (src/list.c :87 :List_push) gay shit
DEBUG: (src/list.c :87 :List_push) gay shit
DEBUG: (src/list.c :87 :List_push) gay shit
DEBUG: (src/list.c :87 :List_push) gay shit
DEBUG: (src/list.c :87 :List_push) gay shit
DEBUG: (src/list.c :87 :List_push) gay shit
DEBUG: (src/list.c :87 :List_push) gay shit
DEBUG: (src/list.c :87 :List_push) gay shit
DEBUG: (src/list.c :87 :List_push) gay shit
DEBUG: (src/list.c :87 :List_push) gay shit
DEBUG: (src/list.c :87 :List_push) gay shit
DEBUG: (src/list.c :87 :List_push) gay shit
DEBUG: (src/list.c :87 :List_push) gay shit
DEBUG: (src/list.c :87 :List_push) gay shit
DEBUG: (src/list.c :87 :List_push) gay shit
DEBUG: (src/list.c :87 :List_push) gay shit
DEBUG: (src/list.c :87 :List_push) gay shit
DEBUG: (src/list.c :87 :List_push) gay shit
DEBUG: (src/list.c :87 :List_push) gay shit
DEBUG: (src/list.c :87 :List_push) gay shit
DEBUG: (src/list.c :87 :List_push) gay shit
DEBUG: (src/list.c :87 :List_push) gay shit
DEBUG: (src/list.c :87 :List_push) gay shit
DEBUG: (src/list.c :87 :List_push) gay shit
DEBUG: (src/list.c :87 :List_push) gay shit
DEBUG: (src/list.c :87 :List_push) gay shit
DEBUG: (src/list.c :87 :List_push) gay shit
DEBUG: (src/list.c :87 :List_push) gay shit
DEBUG: (src/list.c :87 :List_push) gay shit
DEBUG: (src/list.c :87 :List_push) gay shit
DEBUG: (src/list.c :87 :List_push) gay shit
DEBUG: (src/list.c :87 :List_push) gay shit
DEBUG: (src/list.c :87 :List_push) gay shit
DEBUG: (src/list.c :87 :List_push) gay shit
DEBUG: (src/list.c :87 :List_push) gay shit
DEBUG: (src/list.c :87 :List_push) gay shit
DEBUG: (src/list.c :87 :List_push) gay shit
DEBUG: (src/list.c :87 :List_push) gay shit
DEBUG: (src/list.c :87 :List_push) gay shit
DEBUG: (src/list.c :87 :List_push) gay shit
DEBUG: (src/list.c :87 :List_push) gay shit
DEBUG: (src/list.c :87 :List_push) gay shit
DEBUG: (src/list.c :87 :List_push) gay shit
DEBUG: (src/list.c :87 :List_push) gay shit
DEBUG: (src/list.c :87 :List_push) gay shit
DEBUG: (src/list.c :87 :List_push) gay shit
DEBUG: (src/list.c :87 :List_push) gay shit
DEBUG: (src/list.c :87 :List_push) gay shit
DEBUG: (src/list.c :87 :List_push) gay shit
DEBUG: (src/list.c :87 :List_push) gay shit
DEBUG: (src/list.c :87 :List_push) gay shit
DEBUG: (src/list.c :87 :List_push) gay shit
DEBUG: (src/list.c :87 :List_push) gay shit
DEBUG: (src/list.c :87 :List_push) gay shit
DEBUG: (src/list.c :87 :List_push) gay shit
DEBUG: (src/list.c :87 :List_push) gay shit
DEBUG: (src/list.c :87 :List_push) gay shit
DEBUG: (src/list.c :87 :List_push) gay shit
DEBUG: (src/list.c :87 :List_push) gay shit
DEBUG: (src/list.c :87 :List_push) gay shit
DEBUG: (src/list.c :87 :List_push) gay shit
DEBUG: (src/list.c :87 :List_push) gay shit
DEBUG: (src/list.c :87 :List_push) gay shit
DEBUG: (src/list.c :87 :List_push) gay shit
DEBUG: (src/list.c :87 :List_push) gay shit
DEBUG: (src/list.c :87 :List_push) gay shit
DEBUG: (src/list.c :87 :List_push) gay shit
DEBUG: (src/list.c :87 :List_push) gay shit
DEBUG: (src/list.c :87 :List_push) gay shit
DEBUG: (src/list.c :87 :List_push) gay shit
DEBUG: (src/list.c :87 :List_push) gay shit
DEBUG: (src/list.c :87 :List_push) gay shit
DEBUG: (src/list.c :87 :List_push) gay shit
DEBUG: (src/list.c :87 :List_push) gay shit
DEBUG: (src/list.c :87 :List_push) gay shit
DEBUG: (src/list.c :87 :List_push) gay shit
DEBUG: (src/list.c :87 :List_push) gay shit
DEBUG: (src/list.c :87 :List_push) gay shit
DEBUG: (src/list.c :87 :List_push) gay shit
DEBUG: (src/list.c :87 :List_push) gay shit
DEBUG: (src/list.c :87 :List_push) gay shit
DEBUG: (src/list.c :87 :List_push) gay shit
DEBUG: (src/list.c :87 :List_push) gay shit
DEBUG: (src/list.c :87 :List_push) gay shit
DEBUG: (src/list.c :87 :List_push) gay shit
DEBUG: (src/list.c :87 :List_push) gay shit
DEBUG: (src/list.c :87 :List_push) gay shit
DEBUG: (src/list.c :87 :List_push) gay shit
DEBUG: (src/list.c :87 :List_push) gay shit
DEBUG: (src/list.c :87 :List_push) gay shit
DEBUG: (src/list.c :87 :List_push) gay shit
DEBUG: (src/list.c :87 :List_push) gay shit
DEBUG: (src/list.c :87 :List_push) gay shit
DEBUG: (src/list.c :87 :List_push) gay shit
DEBUG: (src/list.c :87 :List_push) gay shit
DEBUG: (src/list.c :87 :List_push) gay shit
DEBUG: (src/list.c :87 :List_push) gay shit
DEBUG: (src/list.c :87 :List_push) gay shit
DEBUG: (src/list.c :87 :List_push) gay shit
DEBUG: (src/list.c :87 :List_push) gay shit
DEBUG: (src/list.c :87 :List_push) gay shit
DEBUG: (src/list.c :87 :List_push) gay shit
DEBUG: (src/list.c :87 :List_push) gay shit
DEBUG: (src/list.c :87 :List_push) gay shit
DEBUG: (src/list.c :87 :List_push) gay shit
DEBUG: (src/list.c :87 :List_push) gay shit
DEBUG: (src/list.c :87 :List_push) gay shit
DEBUG: (src/list.c :87 :List_push) gay shit
DEBUG: (src/list.c :87 :List_push) gay shit
DEBUG: (src/list.c :87 :List_push) gay shit
DEBUG: (src/list.c :87 :List_push) gay shit
DEBUG: (src/list.c :87 :List_push) gay shit
DEBUG: (src/list.c :87 :List_push) gay shit
DEBUG: (src/list.c :87 :List_push) gay shit
DEBUG: (src/list.c :87 :List_push) gay shit
DEBUG: (src/list.c :87 :List_push) gay shit
DEBUG: (src/list.c :87 :List_push) gay shit
DEBUG: (src/list.c :87 :List_push) gay shit
DEBUG: (src/list.c :87 :List_push) gay shit
DEBUG: (src/list.c :87 :List_push) gay shit
DEBUG: (src/list.c :87 :List_push) gay shit
DEBUG: (src/list.c :87 :List_push) gay shit
DEBUG: (src/list.c :87 :List_push) gay shit
DEBUG: (src/list.c :87 :List_push) gay shit
DEBUG: (src/list.c :87 :List_push) gay shit
DEBUG: (src/list.c :87 :List_push) gay shit
DEBUG: (src/list.c :87 :List_push) gay shit
DEBUG: (src/list.c :87 :List_push) gay shit
DEBUG: (src/list.c :87 :List_push) gay shit
DEBUG: (src/list.c :87 :List_push) gay shit
DEBUG: (src/list.c :87 :List_push) gay shit
DEBUG: (src/list.c :87 :List_push) gay shit
DEBUG: (src/list.c :87 :List_push) gay shit
DEBUG: (src/list.c :87 :List_push) gay shit
DEBUG: (src/list.c :87 :List_push) gay shit
DEBUG: (src/list.c :87 :List_push) gay shit
DEBUG: (src/list.c :87 :List_push) gay shit
DEBUG: (src/list.c :87 :List_push) gay shit
DEBUG: (src/list.c :87 :List_push) gay shit
DEBUG: (src/list.c :87 :List_push) gay shit
DEBUG: (src/list.c :87 :List_push) gay shit
DEBUG: (src/list.c :87 :List_push) gay shit
DEBUG: (src/list.c :87 :List_push) gay shit
DEBUG: (src/list.c :87 :List_push) gay shit
DEBUG: (src/list.c :87 :List_push) gay shit
DEBUG: (src/list.c :87 :List_push) gay shit
DEBUG: (src/list.c :87 :List_push) gay shit
DEBUG: (src/list.c :87 :List_push) gay shit
DEBUG: (src/list.c :87 :List_push) gay shit
DEBUG: (src/list.c :87 :List_push) gay shit
DEBUG: (src/list.c :87 :List_push) gay shit
DEBUG: (src/list.c :87 :List_push) gay shit
DEBUG: (src/list.c :87 :List_push) gay shit
DEBUG: (src/list.c :87 :List_push) gay shit
DEBUG: (src/list.c :87 :List_push) gay shit
DEBUG: (src/list.c :87 :List_push) gay shit
DEBUG: (src/list.c :87 :List_push) gay shit
DEBUG: (src/list.c :87 :List_push) gay shit
DEBUG: (src/list.c :87 :List_push) gay shit
DEBUG: (src/list.c :87 :List_push) gay shit
DEBUG: (src/list.c :87 :List_push) gay shit
DEBUG: (src/list.c :87 :List_push) gay shit
DEBUG: (src/list.c :87 :List_push) gay shit
DEBUG: (src/list.c :87 :List_push) gay shit
DEBUG: (src/list.c :87 :List_push) gay shit
DEBUG: (src/list.c :87 :List_push) gay shit
DEBUG: (src/list.c :87 :List_push) gay shit
DEBUG: (src/list.c :87 :List_push) gay shit
DEBUG: (src/list.c :87 :List_push) gay shit
DEBUG: (src/list.c :87 :List_push) gay shit
DEBUG: (src/list.c :87 :List_push) gay shit
DEBUG: (src/list.c :87 :List_push) gay shit
DEBUG: (src/list.c :87 :List_push) gay shit
DEBUG: (src/list.c :87 :List_push) gay shit
DEBUG: (src/list.c :87 :List_push) gay shit
DEBUG: (src/list.c :87 :List_push) gay shit
DEBUG: (src/list.c :87 :List_push) gay shit
DEBUG: (src/list.c :87 :List_push) gay shit
DEBUG: (src/list.c :87 :List_push) gay shit
DEBUG: (src/list.c :87 :List_push) gay shit
DEBUG: (src/list.c :87 :List_push) gay shit
DEBUG: (src/list.c :87 :List_push) gay shit
DEBUG: (src/list.c :87 :List_push) gay shit
DEBUG: (src/list.c :87 :List_push) gay shit
DEBUG: (src/list.c :87 :List_push) gay shit
DEBUG: (src/list.c :87 :List_push) gay shit
DEBUG: (src/list.c :87 :List_push) gay shit
DEBUG: (src/list.c :87 :List_push) gay shit
DEBUG: (src/list.c :87 :List_push) gay shit
DEBUG: (src/list.c :87 :List_push) gay shit
DEBUG: (src/list.c :87 :List_push) gay shit
DEBUG: (src/list.c :87 :List_push) gay shit
DEBUG: (src/list.c :87 :List_push) gay shit
DEBUG: (src/list.c :87 :List_push) gay shit
DEBUG: (src/list.c :87 :List_push) gay shit
DEBUG: (src/list.c :87 :List_push) gay shit
DEBUG: (src/list.c :87 :List_push) gay shit
DEBUG: (src/list.c :87 :List_push) gay shit
DEBUG: (src/list.c :87 :List_push) gay shit
DEBUG: (src/list.c :87 :List_push) gay shit
DEBUG: (src/list.c :87 :List_push) gay shit
DEBUG: (src/list.c :87 :List_push) gay shit
DEBUG: (src/list.c :87 :List_push) gay shit
DEBUG: (src/list.c :87 :List_push) gay shit
DEBUG: (src/list.c :87 :List_push) gay shit
DEBUG: (src/list.c :87 :List_push) gay shit
DEBUG: (src/list.c :87 :List_push) gay shit
DEBUG: (src/list.c :87 :List_push) gay shit
DEBUG: (src/list.c :87 :List_push) gay shit
DEBUG: (src/list.c :87 :List_push) gay shit
DEBUG: (src/list.c :87 :List_push) gay shit
DEBUG: (src/list.c :87 :List_push) gay shit
DEBUG: (src/list.c :87 :List_push) gay shit
DEBUG: (src/list.c :87 :List_push) gay shit
DEBUG: (src/list.c :87 :List_push) gay shit
DEBUG: (src/list.c :87 :List_push) gay shit
DEBUG: (src/list.c :87 :List_push) gay shit
DEBUG: (src/list.c :87 :List_push) gay shit
DEBUG: (src/list.c :87 :List_push) gay shit
DEBUG: (src/list.c :87 :List_push) gay shit
DEBUG: (src/list.c :87 :List_push) gay shit
DEBUG: (src/list.c :87 :List_push) gay shit
DEBUG: (src/list.c :87 :List_push) gay shit
DEBUG: (src/list.c :87 :List_push) gay shit
DEBUG: (src/list.c :87 :List_push) gay shit
DEBUG: (src/list.c :87 :List_push) gay shit
DEBUG: (src/list.c :87 :List_push) gay shit
DEBUG: (src/list.c :87 :List_push) gay shit
DEBUG: (src/list.c :87 :List_push) gay shit
DEBUG: (src/list.c :87 :List_push) gay shit
DEBUG: (src/list.c :87 :List_push) gay shit
DEBUG: (src/list.c :87 :List_push) gay shit
DEBUG: (src/list.c :87 :List_push) gay shit
DEBUG: (src/list.c :87 :List_push) gay shit
DEBUG: (src/list.c :87 :List_push) gay shit
DEBUG: (src/list.c :87 :List_push) gay shit
DEBUG: (src/list.c :87 :List_push) gay shit
DEBUG: (src/list.c :87 :List_push) gay shit
DEBUG: (src/list.c :87 :List_push) gay shit
DEBUG: (src/list.c :87 :List_push) gay shit
DEBUG: (src/list.c :87 :List_push) gay shit
DEBUG: (src/list.c :87 :List_push) gay shit
DEBUG: (src/list.c :87 :List_push) gay shit
DEBUG: (src/list.c :87 :List_push) gay shit
DEBUG: (src/list.c :87 :List_push) gay shit
DEBUG: (src/list.c :87 :List_push) gay shit
DEBUG: (src/list.c :87 :List_push) gay shit
DEBUG: (src/list.c :87 :List_push) gay shit
DEBUG: (src/list.c :87 :List_push) gay shit
DEBUG: (src/list.c :87 :List_push) gay shit
DEBUG: (src/list.c :87 :List_push) gay shit
DEBUG: (src/list.c :87 :List_push) gay shit
DEBUG: (src/list.c :87 :List_push) gay shit
DEBUG: (src/list.c :87 :List_push) gay shit
DEBUG: (src/list.c :87 :List_push) gay shit
DEBUG: (src/list.c :87 :List_push) gay shit
DEBUG: (src/list.c :87 :List_push) gay shit
DEBUG: (src/list.c :87 :List_push) gay shit
DEBUG: (src/list.c :87 :List_push) gay shit
DEBUG: (src/list.c :87 :List_push) gay shit
DEBUG: (src/list.c :87 :List_push) gay shit
DEBUG: (src/list.c :87 :List_push) gay shit
DEBUG: (src/list.c :87 :List_push) gay shit
DEBUG: (src/list.c :87 :List_push) gay shit
DEBUG: (src/list.c :87 :List_push) gay shit
DEBUG: (src/list.c :87 :List_push) gay shit
DEBUG: (src/list.c :87 :List_push) gay shit
DEBUG: (src/list.c :87 :List_push) gay shit
DEBUG: (src/list.c :87 :List_push) gay shit
DEBUG: (src/list.c :87 :List_push) gay shit
DEBUG: (src/list.c :87 :List_push) gay shit
DEBUG: (src/list.c :87 :List_push) gay shit
DEBUG: (src/list.c :87 :List_push) gay shit
DEBUG: (src/list.c :87 :List_push) gay shit
DEBUG: (src/list.c :87 :List_push) gay shit
DEBUG: (src/list.c :87 :List_push) gay shit
DEBUG: (src/list.c :87 :List_push) gay shit
DEBUG: (src/list.c :87 :List_push) gay shit
DEBUG: (src/list.c :87 :List_push) gay shit
DEBUG: (src/list.c :87 :List_push) gay shit
DEBUG: (src/list.c :87 :List_push) gay shit
DEBUG: (src/list.c :87 :List_push) gay shit
DEBUG: (src/list.c :87 :List_push) gay shit
DEBUG: (src/list.c :87 :List_push) gay shit
DEBUG: (src/list.c :87 :List_push) gay shit
DEBUG: (src/list.c :87 :List_push) gay shit
DEBUG: (src/list.c :87 :List_push) gay shit
DEBUG: (src/list.c :87 :List_push) gay shit
DEBUG: (src/list.c :87 :List_push) gay shit
DEBUG: (src/list.c :87 :List_push) gay shit
DEBUG: (src/list.c :87 :List_push) gay shit
DEBUG: (src/list.c :87 :List_push) gay shit
DEBUG: (src/list.c :87 :List_push) gay shit
DEBUG: (src/list.c :87 :List_push) gay shit
DEBUG: (src/list.c :87 :List_push) gay shit
DEBUG: (src/list.c :87 :List_push) gay shit
DEBUG: (src/list.c :87 :List_push) gay shit
DEBUG: (src/list.c :87 :List_push) gay shit
DEBUG: (src/list.c :87 :List_push) gay shit
DEBUG: (src/list.c :87 :List_push) gay shit
DEBUG: (src/list.c :87 :List_push) gay shit
DEBUG: (src/list.c :87 :List_push) gay shit
DEBUG: (src/list.c :87 :List_push) gay shit
DEBUG: (src/list.c :87 :List_push) gay shit
DEBUG: (src/list.c :87 :List_push) gay shit
DEBUG: (src/list.c :87 :List_push) gay shit
DEBUG: (src/list.c :87 :List_push) gay shit
DEBUG: (src/list.c :87 :List_push) gay shit
DEBUG: (src/list.c :87 :List_push) gay shit
DEBUG: (src/list.c :87 :List_push) gay shit
DEBUG: (src/list.c :87 :List_push) gay shit
DEBUG: (src/list.c :87 :List_push) gay shit
DEBUG: (src/list.c :87 :List_push) gay shit
DEBUG: (src/list.c :87 :List_push) gay shit
DEBUG: (src/list.c :87 :List_push) gay shit
DEBUG: (src/list.c :87 :List_push) gay shit
DEBUG: (src/list.c :87 :List_push) gay shit
DEBUG: (src/list.c :87 :List_push) gay shit
DEBUG: (src/list.c :87 :List_push) gay shit
DEBUG: (src/list.c :87 :List_push) gay shit
DEBUG: (src/list.c :87 :List_push) gay shit
DEBUG: (src/list.c :87 :List_push) gay shit
DEBUG: (src/list.c :87 :List_push) gay shit
DEBUG: (src/list.c :87 :List_push) gay shit
DEBUG: (src/list.c :87 :List_push) gay shit
DEBUG: (src/list.c :87 :List_push) gay shit
DEBUG: (src/list.c :87 :List_push) gay shit
DEBUG: (src/list.c :87 :List_push) gay shit
DEBUG: (src/list.c :87 :List_push) gay shit
DEBUG: (src/list.c :87 :List_push) gay shit
DEBUG: (src/list.c :87 :List_push) gay shit
DEBUG: (src/list.c :87 :List_push) gay shit
DEBUG: (src/list.c :87 :List_push) gay shit
DEBUG: (src/list.c :87 :List_push) gay shit
DEBUG: (src/list.c :87 :List_push) gay shit
DEBUG: (src/list.c :87 :List_push) gay shit
DEBUG: (src/list.c :87 :List_push) gay shit
DEBUG: (src/list.c :87 :List_push) gay shit
DEBUG: (src/list.c :87 :List_push) gay shit
DEBUG: (src/list.c :87 :List_push) gay shit
DEBUG: (src/list.c :87 :List_push) gay shit
DEBUG: (src/list.c :87 :List_push) gay shit
DEBUG: (src/list.c :87 :List_push) gay shit
DEBUG: (src/list.c :87 :List_push) gay shit
DEBUG: (src/list.c :87 :List_push) gay shit
DEBUG: (src/list.c :87 :List_push) gay shit
DEBUG: (src/list.c :87 :List_push) gay shit
DEBUG: (src/list.c :87 :List_push) gay shit
DEBUG: (src/list.c :87 :List_push) gay shit
DEBUG: (src/list.c :87 :List_push) gay shit
DEBUG: (src/list.c :87 :List_push) gay shit
DEBUG: (src/list.c :87 :List_push) gay shit
DEBUG: (src/list.c :87 :List_push) gay shit
DEBUG: (src/list.c :87 :List_push) gay shit
DEBUG: (src/list.c :87 :List_push) gay shit
DEBUG: (src/list.c :87 :List_push) gay shit
DEBUG: (src/list.c :87 :List_push) gay shit
DEBUG: (src/list.c :87 :List_push) gay shit
DEBUG: (src/list.c :87 :List_push) gay shit
DEBUG: (src/list.c :87 :List_push) gay shit
DEBUG: (src/list.c :87 :List_push) gay shit
DEBUG: (src/list.c :87 :List_push) gay shit
DEBUG: (src/list.c :87 :List_push) gay shit
DEBUG: (src/list.c :87 :List_push) gay shit
DEBUG: (src/list.c :87 :List_push) gay shit
DEBUG: (src/list.c :87 :List_push) gay shit
DEBUG: (src/list.c :87 :List_push) gay shit
DEBUG: (src/list.c :87 :List_push) gay shit
DEBUG: (src/list.c :87 :List_push) gay shit
DEBUG: (src/list.c :87 :List_push) gay shit
DEBUG: (src/list.c :87 :List_push) gay shit
DEBUG: (src/list.c :87 :List_push) gay shit
DEBUG: (src/list.c :87 :List_push) gay shit
DEBUG: (src/list.c :87 :List_push) gay shit
DEBUG: (src/list.c :87 :List_push) gay shit
DEBUG: (src/list.c :87 :List_push) gay shit
DEBUG: (src/list.c :87 :List_push) gay shit
DEBUG: (src/list.c :87 :List_push) gay shit
DEBUG: (src/list.c :87 :List_push) gay shit
DEBUG: (src/list.c :87 :List_push) gay shit
DEBUG: (src/list.c :87 :List_push) gay shit
DEBUG: (src/list.c :87 :List_push) gay shit
DEBUG: (src/list.c :87 :List_push) gay shit
DEBUG: (src/list.c :87 :List_push) gay shit
DEBUG: (src/list.c :87 :List_push) gay shit
DEBUG: (src/list.c :87 :List_push) gay shit
DEBUG: (src/list.c :87 :List_push) gay shit
DEBUG: (src/list.c :87 :List_push) gay shit
DEBUG: (src/list.c :87 :List_push) gay shit
DEBUG: (src/list.c :87 :List_push) gay shit
DEBUG: (src/list.c :87 :List_push) gay shit
DEBUG: (src/list.c :87 :List_push) gay shit
DEBUG: (src/list.c :87 :List_push) gay shit
DEBUG: (src/list.c :87 :List_push) gay shit
DEBUG: (src/list.c :87 :List_push) gay shit
DEBUG: (src/list.c :87 :List_push) gay shit
DEBUG: (src/list.c :87 :List_push) gay shit
DEBUG: (src/list.c :87 :List_push) gay shit
DEBUG: (src/list.c :87 :List_push) gay shit
DEBUG: (src/list.c :87 :List_push) gay shit
DEBUG: (src/list.c :87 :List_push) gay shit
DEBUG: (src/list.c :87 :List_push) gay shit
DEBUG: (src/list.c :87 :List_push) gay shit
DEBUG: (src/list.c :87 :List_push) gay shit
DEBUG: (src/list.c :87 :List_push) gay shit
DEBUG: (src/list.c :87 :List_push) gay shit
DEBUG: (src/list.c :87 :List_push) gay shit
DEBUG: (src/list.c :87 :List_push) gay shit
DEBUG: (src/list.c :87 :List_push) gay shit
DEBUG: (src/list.c :87 :List_push) gay shit
DEBUG: (src/list.c :87 :List_push) gay shit
DEBUG: (src/list.c :87 :List_push) gay shit
DEBUG: (src/list.c :87 :List_push) gay shit
DEBUG: (src/list.c :87 :List_push) gay shit
DEBUG: (src/list.c :87 :List_push) gay shit
DEBUG: (src/list.c :87 :List_push) gay shit
DEBUG: (src/list.c :87 :List_push) gay shit
DEBUG: (src/list.c :87 :List_push) gay shit
DEBUG: (src/list.c :87 :List_push) gay shit
DEBUG: (src/list.c :87 :List_push) gay shit
DEBUG: (src/list.c :87 :List_push) gay shit
DEBUG: (src/list.c :87 :List_push) gay shit
DEBUG: (src/list.c :87 :List_push) gay shit
DEBUG: (src/list.c :87 :List_push) gay shit
DEBUG: (src/list.c :87 :List_push) gay shit
DEBUG: (src/list.c :87 :List_push) gay shit
DEBUG: (src/list.c :87 :List_push) gay shit
DEBUG: (src/list.c :87 :List_push) gay shit
DEBUG: (src/list.c :87 :List_push) gay shit
DEBUG: (src/list.c :87 :List_push) gay shit
DEBUG: (src/list.c :87 :List_push) gay shit
DEBUG: (src/list.c :87 :List_push) gay shit
DEBUG: (src/list.c :87 :List_push) gay shit
DEBUG: (src/list.c :87 :List_push) gay shit
DEBUG: (src/list.c :87 :List_push) gay shit
DEBUG: (src/list.c :87 :List_push) gay shit
DEBUG: (src/list.c :87 :List_push) gay shit
DEBUG: (src/list.c :87 :List_push) gay shit
DEBUG: (src/list.c :87 :List_push) gay shit
DEBUG: (src/list.c :87 :List_push) gay shit
DEBUG: (src/list.c :87 :List_push) gay shit
DEBUG: (src/list.c :87 :List_push) gay shit
DEBUG: (src/list.c :87 :List_push) gay shit
DEBUG: (src/list.c :87 :List_push) gay shit
DEBUG: (src/list.c :87 :List_push) gay shit
DEBUG: (src/list.c :87 :List_push) gay shit
DEBUG: (src/list.c :87 :List_push) gay shit
DEBUG: (src/list.c :87 :List_push) gay shit
DEBUG: (src/list.c :87 :List_push) gay shit
DEBUG: (src/list.c :87 :List_push) gay shit
DEBUG: (src/list.c :87 :List_push) gay shit
DEBUG: (src/list.c :87 :List_push) gay shit
DEBUG: (src/list.c :87 :List_push) gay shit
DEBUG: (src/list.c :87 :List_push) gay shit
DEBUG: (src/list.c :87 :List_push) gay shit
DEBUG: (src/list.c :87 :List_push) gay shit
DEBUG: (src/list.c :87 :List_push) gay shit
DEBUG: (src/list.c :87 :List_push) gay shit
DEBUG: (src/list.c :87 :List_push) gay shit
DEBUG: (src/list.c :87 :List_push) gay shit
DEBUG: (src/list.c :87 :List_push) gay shit
DEBUG: (src/list.c :87 :List_push) gay shit
DEBUG: (src/list.c :87 :List_push) gay shit
DEBUG: (src/list.c :87 :List_push) gay shit
DEBUG: (src/list.c :87 :List_push) gay shit
DEBUG: (src/list.c :87 :List_push) gay shit
DEBUG: (src/list.c :87 :List_push) gay shit
DEBUG: (src/list.c :87 :List_push) gay shit
DEBUG: (src/list.c :87 :List_push) gay shit
DEBUG: (src/list.c :87 :List_push) gay shit
DEBUG: (src/list.c :87 :List_push) gay shit
DEBUG: (src/list.c :87 :List_push) gay shit
DEBUG: (src/list.c :87 :List_push) gay shit
DEBUG: (src/list.c :87 :List_push) gay shit
DEBUG: (src/list.c :87 :List_push) gay shit
DEBUG: (src/list.c :87 :List_push) gay shit
DEBUG: (src/list.c :87 :List_push) gay shit
DEBUG: (src/list.c :87 :List_push) gay shit
DEBUG: (src/list.c :87 :List_push) gay shit
DEBUG: (src/list.c :87 :List_push) gay shit
DEBUG: (src/list.c :87 :List_push) gay shit
DEBUG: (src/list.c :87 :List_push) gay shit
DEBUG: (src/list.c :87 :List_push) gay shit
DEBUG: (src/list.c :87 :List_push) gay shit
DEBUG: (src/list.c :87 :List_push) gay shit
DEBUG: (src/list.c :87 :List_push) gay shit
DEBUG: (src/list.c :87 :List_push) gay shit
DEBUG: (src/list.c :87 :List_push) gay shit
DEBUG: (src/list.c :87 :List_push) gay shit
DEBUG: (src/list.c :87 :List_push) gay shit
DEBUG: (src/list.c :87 :List_push) gay shit
DEBUG: (src/list.c :87 :List_push) gay shit
DEBUG: (src/list.c :87 :List_push) gay shit
DEBUG: (src/list.c :87 :List_push) gay shit
DEBUG: (src/list.c :87 :List_push) gay shit
DEBUG: (src/list.c :87 :List_push) gay shit
DEBUG: (src/list.c :87 :List_push) gay shit
DEBUG: (src/list.c :87 :List_push) gay shit
DEBUG: (src/list.c :87 :List_push) gay shit
DEBUG: (src/list.c :87 :List_push) gay shit
DEBUG: (src/list.c :87 :List_push) gay shit
DEBUG: (src/list.c :87 :List_push) gay shit
DEBUG: (src/list.c :87 :List_push) gay shit
DEBUG: (src/list.c :87 :List_push) gay shit
DEBUG: (src/list.c :87 :List_push) gay shit
DEBUG: (src/list.c :87 :List_push) gay shit
DEBUG: (src/list.c :87 :List_push) gay shit
DEBUG: (src/list.c :87 :List_push) gay shit
DEBUG: (src/list.c :87 :List_push) gay shit
DEBUG: (src/list.c :87 :List_push) gay shit
DEBUG: (src/list.c :87 :List_push) gay shit
DEBUG: (src/list.c :87 :List_push) gay shit
DEBUG: (src/list.c :87 :List_push) gay shit
DEBUG: (src/list.c :87 :List_push) gay shit
DEBUG: (src/list.c :87 :List_push) gay shit
DEBUG: (src/list.c :87 :List_push) gay shit
DEBUG: (src/list.c :87 :List_push) gay shit
DEBUG: (src/list.c :87 :List_push) gay shit
DEBUG: (src/list.c :87 :List_push) gay shit
DEBUG: (src/list.c :87 :List_push) gay shit
DEBUG: (src/list.c :87 :List_push) gay shit
DEBUG: (src/list.c :87 :List_push) gay shit
DEBUG: (src/list.c :87 :List_push) gay shit
DEBUG: (src/list.c :87 :List_push) gay shit
DEBUG: (src/list.c :87 :List_push) gay shit
DEBUG: (src/list.c :87 :List_push) gay shit
DEBUG: (src/list.c :87 :List_push) gay shit
DEBUG: (src/list.c :87 :List_push) gay shit
DEBUG: (src/list.c :87 :List_push) gay shit
DEBUG: (src/list.c :87 :List_push) gay shit
DEBUG: (src/list.c :87 :List_push) gay shit
DEBUG: (src/list.c :87 :List_push) gay shit
DEBUG: (src/list.c :87 :List_push) gay shit
DEBUG: (src/list.c :87 :List_push) gay shit
DEBUG: (src/list.c :87 :List_push) gay shit
DEBUG: (src/list.c :87 :List_push) gay shit
DEBUG: (src/list.c :87 :List_push) gay shit
DEBUG: (src/list.c :87 :List_push) gay shit
DEBUG: (src/list.c :87 :List_push) gay shit
DEBUG: (src/list.c :87 :List_push) gay shit
DEBUG: (src/list.c :87 :List_push) gay shit
DEBUG: (src/list.c :87 :List_push) gay shit
DEBUG: (src/list.c :87 :List_push) gay shit
DEBUG: (src/list.c :87 :List_push) gay shit
DEBUG: (src/list.c :87 :List_push) gay shit
DEBUG: (src/list.c :87 :List_push) gay shit
DEBUG: (src/list.c :87 :List_push) gay shit
DEBUG: (src/list.c :87 :List_push) gay shit
DEBUG: (src/list.c :87 :List_push) gay shit
DEBUG: (src/list.c :87 :List_push) gay shit
DEBUG: (src/list.c :87 :List_push) gay shit
DEBUG: (src/list.c :87 :List_push) gay shit
DEBUG: (src/list.c :87 :List_push) gay shit
DEBUG: (src/list.c :87 :List_push) gay shit
DEBUG: (src/list.c :87 :List_push) gay shit
DEBUG: (src/list.c :87 :List_push) gay shit
DEBUG: (src/list.c :87 :List_push) gay shit
DEBUG: (src/list.c :87 :List_push) gay shit
DEBUG: (src/list.c :87 :List_push) gay shit
DEBUG: (src/list.c :87 :List_push) gay shit
DEBUG: (src/list.c :87 :List_push) gay shit
DEBUG: (src/list.c :87 :List_push) gay shit
DEBUG: (src/list.c :87 :List_push) gay shit
DEBUG: (src/list.c :87 :List_push) gay shit
DEBUG: (src/list.c :87 :List_push) gay shit
DEBUG: (src/list.c :87 :List_push) gay shit
DEBUG: (src/list.c :87 :List_push) gay shit
DEBUG: (src/list.c :87 :List_push) gay shit
DEBUG: (src/list.c :87 :List_push) gay shit
DEBUG: (src/list.c :87 :List_push) gay shit
DEBUG: (src/list.c :87 :List_push) gay shit
DEBUG: (src/list.c :87 :List_push) gay shit
DEBUG: (src/list.c :87 :List_push) gay shit
DEBUG: (src/list.c :87 :List_push) gay shit
DEBUG: (src/list.c :87 :List_push) gay shit
DEBUG: (src/list.c :87 :List_push) gay shit
DEBUG: (src/list.c :87 :List_push) gay shit
DEBUG: (src/list.c :87 :List_push) gay shit
DEBUG: (src/list.c :87 :List_push) gay shit
DEBUG: (src/list.c :87 :List_push) gay shit
DEBUG: (src/list.c :87 :List_push) gay shit
DEBUG: (src/list.c :87 :List_push) gay shit
DEBUG: (src/list.c :87 :List_push) gay shit
DEBUG: (src/list.c :87 :List_push) gay shit
DEBUG: (src/list.c :87 :List_push) gay shit
DEBUG: (src/list.c :87 :List_push) gay shit
DEBUG: (src/list.c :87 :List_push) gay shit
DEBUG: (src/list.c :87 :List_push) gay shit
DEBUG: (src/list.c :87 :List_push) gay shit
DEBUG: (src/list.c :87 :List_push) gay shit
DEBUG: (src/list.c :87 :List_push) gay shit
DEBUG: (src/list.c :87 :List_push) gay shit
DEBUG: (src/list.c :87 :List_push) gay shit
DEBUG: (src/list.c :87 :List_push) gay shit
DEBUG: (src/list.c :87 :List_push) gay shit
DEBUG: (src/list.c :87 :List_push) gay shit
DEBUG: (src/list.c :87 :List_push) gay shit
DEBUG: (src/list.c :87 :List_push) gay shit
DEBUG: (src/list.c :87 :List_push) gay shit
DEBUG: (src/list.c :87 :List_push) gay shit
DEBUG: (src/list.c :87 :List_push) gay shit
DEBUG: (src/list.c :87 :List_push) gay shit
DEBUG: (src/list.c :87 :List_push) gay shit
DEBUG: (src/list.c :87 :List_push) gay shit
DEBUG: (src/list.c :87 :List_push) gay shit
DEBUG: (src/list.c :87 :List_push) gay shit
DEBUG: (src/list.c :87 :List_push) gay shit
DEBUG: (src/list.c :87 :List_push) gay shit
DEBUG: (src/list.c :87 :List_push) gay shit
DEBUG: (src/list.c :87 :List_push) gay shit
DEBUG: (src/list.c :87 :List_push) gay shit
DEBUG: (src/list.c :87 :List_push) gay shit
DEBUG: (src/list.c :87 :List_push) gay shit
DEBUG: (src/list.c :87 :List_push) gay shit
DEBUG: (src/list.c :87 :List_push) gay shit
DEBUG: (src/list.c :87 :List_push) gay shit
DEBUG: (src/list.c :87 :List_push) gay shit
DEBUG: (src/list.c :87 :List_push) gay shit
DEBUG: (src/list.c :87 :List_push) gay shit
DEBUG: (src/list.c :87 :List_push) gay shit
DEBUG: (src/list.c :87 :List_push) gay shit
DEBUG: (src/list.c :87 :List_push) gay shit
DEBUG: (src/list.c :87 :List_push) gay shit
DEBUG: (src/list.c :87 :List_push) gay shit
DEBUG: (src/list.c :87 :List_push) gay shit
DEBUG: (src/list.c :87 :List_push) gay shit
DEBUG: (src/list.c :87 :List_push) gay shit
DEBUG: (src/list.c :87 :List_push) gay shit
DEBUG: (src/list.c :87 :List_push) gay shit
DEBUG: (src/list.c :87 :List_push) gay shit
DEBUG: (src/list.c :87 :List_push) gay shit
DEBUG: (src/list.c :87 :List_push) gay shit
DEBUG: (src/list.c :87 :List_push) gay shit
DEBUG: (src/list.c :87 :List_push) gay shit
DEBUG: (src/list.c :87 :List_push) gay shit
DEBUG: (src/list.c :87 :List_push) gay shit
DEBUG: (src/list.c :87 :List_push) gay shit
DEBUG: (src/list.c :87 :List_push) gay shit
DEBUG: (src/list.c :87 :List_push) gay shit
DEBUG: (src/list.c :87 :List_push) gay shit
DEBUG: (src/list.c :87 :List_push) gay shit
DEBUG: (src/list.c :87 :List_push) gay shit
DEBUG: (src/list.c :87 :List_push) gay shit
DEBUG: (src/list.c :87 :List_push) gay shit
DEBUG: (src/list.c :87 :List_push) gay shit
DEBUG: (src/list.c :87 :List_push) gay shit
DEBUG: (src/list.c :87 :List_push) gay shit
DEBUG: (src/list.c :87 :List_push) gay shit
DEBUG: (src/list.c :87 :List_push) gay shit
DEBUG: (src/list.c :87 :List_push) gay shit
DEBUG: (src/list.c :87 :List_push) gay shit
DEBUG: (src/list.c :87 :List_push) gay shit
DEBUG: (src/list.c :87 :List_push) gay shit
DEBUG: (src/list.c :87 :List_push) gay shit
DEBUG: (src/list.c :87 :List_push) gay shit
DEBUG: (src/list.c :87 :List_push) gay shit
DEBUG: (src/list.c :87 :List_push) gay shit
DEBUG: (src/list.c :87 :List_push) gay shit
DEBUG: (src/list.c :87 :List_push) gay shit
DEBUG: (src/list.c :87 :List_push) gay shit
DEBUG: (src/list.c :87 :List_push) gay shit
DEBUG: (src/list.c :87 :List_push) gay shit
DEBUG: (src/list.c :87 :List_push) gay shit
DEBUG: (src/list.c :87 :List_push) gay shit
DEBUG: (src/list.c :87 :List_push) gay shit
DEBUG: (src/list.c :87 :List_push) gay shit
DEBUG: (src/list.c :87 :List_push) gay shit
DEBUG: (src/list.c :87 :List_push) gay shit
DEBUG: (src/list.c :87 :List_push) gay shit
DEBUG: (src/list.c :87 :List_push) gay shit
DEBUG: (src/list.c :87 :List_push) gay shit
DEBUG: (src/list.c :87 :List_push) gay shit
DEBUG: (src/list.c :87 :List_push) gay shit
DEBUG: (src/list.c :87 :List_push) gay shit
DEBUG: (src/list.c :87 :List_push) gay shit
DEBUG: (src/list.c :87 :List_push) gay shit
DEBUG: (src/list.c :87 :List_push) gay shit
DEBUG: (src/list.c :87 :List_push) gay shit
DEBUG: (src/list.c :87 :List_push) gay shit
DEBUG: (src/list.c :87 :List_push) gay shit
DEBUG: (src/list.c :87 :List_push) gay shit
DEBUG: (src/list.c :87 :List_push) gay shit
DEBUG: (src/list.c :87 :List_push) gay shit
DEBUG: (src/list.c :87 :List_push) gay shit
DEBUG: (src/list.c :87 :List_push) gay shit
DEBUG: (src/list.c :87 :List_push) gay shit
DEBUG: (src/list.c :87 :List_push) gay shit
DEBUG: (src/list.c :87 :List_push) gay shit
DEBUG: (src/list.c :87 :List_push) gay shit
DEBUG: (src/list.c :87 :List_push) gay shit
DEBUG: (src/list.c :87 :List_push) gay shit
DEBUG: (src/list.c :87 :List_push) gay shit
DEBUG: (src/list.c :87 :List_push) gay shit
DEBUG: (src/list.c :87 :List_push) gay shit
DEBUG: (src/list.c :87 :List_push) gay shit
DEBUG: (src/list.c :87 :List_push) gay shit
DEBUG: (src/list.c :87 :List_push) gay shit
DEBUG: (src/list.c :87 :List_push) gay shit
DEBUG: (src/list.c :87 :List_push) gay shit
DEBUG: (src/list.c :87 :List_push) gay shit
DEBUG: (src/list.c :87 :List_push) gay shit
DEBUG: (src/list.c :87 :List_push) gay shit
DEBUG: (src/list.c :87 :List_push) gay shit
DEBUG: (src/list.c :87 :List_push) gay shit
DEBUG: (src/list.c :87 :List_push) gay shit
DEBUG: (src/list.c :87 :List_push) gay shit
DEBUG: (src/list.c :87 :List_push) gay shit
DEBUG: (src/list.c :87 :List_push) gay shit
DEBUG: (src/list.c :87 :List_push) gay shit
DEBUG: (src/list.c :87 :List_push) gay shit
DEBUG: (src/list.c :87 :List_push) gay shit
DEBUG: (src/list.c :87 :List_push) gay shit
DEBUG: (src/list.c :87 :List_push) gay shit
DEBUG: (src/list.c :87 :List_push) gay shit
DEBUG: (src/list.c :87 :List_push) gay shit
DEBUG: (src/list.c :87 :List_push) gay shit
DEBUG: (src/list.c :87 :List_push) gay shit
DEBUG: (src/list.c :87 :List_push) gay shit
DEBUG: (src/list.c :87 :List_push) gay shit
DEBUG: (src/list.c :87 :List_push) gay shit
DEBUG: (src/list.c :87 :List_push) gay shit
DEBUG: (src/list.c :87 :List_push) gay shit
DEBUG: (src/list.c :87 :List_push) gay shit
DEBUG: (src/list.c :87 :List_push) gay shit
DEBUG: (src/list.c :87 :List_push) gay shit
DEBUG: (src/list.c :87 :List_push) gay shit
DEBUG: (src/list.c :87 :List_push) gay shit
DEBUG: (src/list.c :87 :List_push) gay shit
DEBUG: (src/list.c :87 :List_push) gay shit
DEBUG: (src/list.c :87 :List_push) gay shit
DEBUG: (src/list.c :87 :List_push) gay shit
DEBUG: (src/list.c :87 :List_push) gay shit
DEBUG: (src/list.c :87 :List_push) gay shit
DEBUG: (src/list.c :87 :List_push) gay shit
DEBUG: (src/list.c :87 :List_push) gay shit
DEBUG: (src/list.c :87 :List_push) gay shit
DEBUG: (src/list.c :87 :List_push) gay shit
DEBUG: (src/list.c :87 :List_push) gay shit
DEBUG: (src/list.c :87 :List_push) gay shit
DEBUG: (src/list.c :87 :List_push) gay shit
DEBUG: (src/list.c :87 :List_push) gay shit
DEBUG: (src/list.c :87 :List_push) gay shit
DEBUG: (src/list.c :87 :List_push) gay shit
DEBUG: (src/list.c :87 :List_push) gay shit
DEBUG: (src/list.c :87 :List_push) gay shit
DEBUG: (src/list.c :87 :List_push) gay shit
DEBUG: (src/list.c :87 :List_push) gay shit
DEBUG: (src/list.c :87 :List_push) gay shit
DEBUG: (src/list.c :87 :List_push) gay shit
DEBUG: (src/list.c :87 :List_push) gay shit
DEBUG: (src/list.c :87 :List_push) gay shit
DEBUG: (src/list.c :87 :List_push) gay shit
DEBUG: (src/list.c :87 :List_push) gay shit
DEBUG: (src/list.c :87 :List_push) gay shit
DEBUG: (src/list.c :87 :List_push) gay shit
DEBUG: (src/list.c :87 :List_push) gay shit
DEBUG: (src/list.c :87 :List_push) gay shit
DEBUG: (src/list.c :87 :List_push) gay shit
DEBUG: (src/list.c :87 :List_push) gay shit
DEBUG: (src/list.c :87 :List_push) gay shit
DEBUG: (src/list.c :87 :List_push) gay shit
DEBUG: (src/list.c :87 :List_push) gay shit
DEBUG: (src/list.c :87 :List_push) gay shit
DEBUG: (src/list.c :87 :List_push) gay shit
DEBUG: (src/list.c :87 :List_push) gay shit
DEBUG: (src/list.c :87 :List_push) gay shit
DEBUG: (src/list.c :87 :List_push) gay shit
DEBUG: (src/list.c :87 :List_push) gay shit
DEBUG: (src/list.c :87 :List_push) gay shit
DEBUG: (src/list.c :87 :List_push) gay shit
DEBUG: (src/list.c :87 :List_push) gay shit
DEBUG: (src/list.c :87 :List_push) gay shit
DEBUG: (src/list.c :87 :List_push) gay shit
DEBUG: (src/list.c :87 :List_push) gay shit
DEBUG: (src/list.c :87 :List_push) gay shit
DEBUG: (src/list.c :87 :List_push) gay shit
DEBUG: (src/list.c :87 :List_push) gay shit
DEBUG: (src/list.c :87 :List_push) gay shit
DEBUG: (src/list.c :87 :List_push) gay shit
DEBUG: (src/list.c :87 :List_push) gay shit
DEBUG: (src/list.c :87 :List_push) gay shit
DEBUG: (src/list.c :87 :List_push) gay shit
DEBUG: (src/list.c :87 :List_push) gay shit
DEBUG: (src/list.c :87 :List_push) gay shit
DEBUG: (src/list.c :87 :List_push) gay shit
DEBUG: (src/list.c :87 :List_push) gay shit
DEBUG: (src/list.c :87 :List_push) gay shit
DEBUG: (src/list.c :87 :List_push) gay shit
DEBUG: (src/list.c :87 :List_push) gay shit
DEBUG: (src/list.c :87 :List_push) gay shit
DEBUG: (src/list.c :87 :List_push) gay shit
DEBUG: (src/list.c :87 :List_push) gay shit
DEBUG: (src/list.c :87 :List_push) gay shit
DEBUG: (src/list.c :87 :List_push) gay shit
DEBUG: (src/list.c :87 :List_push) gay shit
DEBUG: (src/list.c :87 :List_push) gay shit
DEBUG: (src/list.c :87 :List_push) gay shit
DEBUG: (src/list.c :87 :List_push) gay shit
DEBUG: (src/list.c :87 :List_push) gay shit
DEBUG: (src/list.c :87 :List_push) gay shit
DEBUG: (src/list.c :87 :List_push) gay shit
DEBUG: (src/list.c :87 :List_push) gay shit
DEBUG: (src/list.c :87 :List_push) gay shit
DEBUG: (src/list.c :87 :List_push) gay shit
DEBUG: (src/list.c :87 :List_push) gay shit
DEBUG: (src/list.c :87 :List_push) gay shit
DEBUG: (src/list.c :87 :List_push) gay shit
DEBUG: (src/list.c :87 :List_push) gay shit
DEBUG: (src/list.c :87 :List_push) gay shit
DEBUG: (src/list.c :87 :List_push) gay shit
DEBUG: (src/list.c :87 :List_push) gay shit
DEBUG: (src/list.c :87 :List_push) gay shit
DEBUG: (src/list.c :87 :List_push) gay shit
DEBUG: (src/list.c :87 :List_push) gay shit
DEBUG: (src/list.c :87 :List_push) gay shit
DEBUG: (src/list.c :87 :List_push) gay shit
DEBUG: (src/list.c :87 :List_push) gay shit
DEBUG: (src/list.c :87 :List_push) gay shit
DEBUG: (src/list.c :87 :List_push) gay shit
DEBUG: (src/list.c :87 :List_push) gay shit
DEBUG: (src/list.c :87 :List_push) gay shit
DEBUG: (src/list.c :87 :List_push) gay shit
DEBUG: (src/list.c :87 :List_push) gay shit
DEBUG: (src/list.c :87 :List_push) gay shit
DEBUG: (src/list.c :87 :List_push) gay shit
DEBUG: (src/list.c :87 :List_push) gay shit
DEBUG: (src/list.c :87 :List_push) gay shit
DEBUG: (src/list.c :87 :List_push) gay shit
DEBUG: (src/list.c :87 :List_push) gay shit
DEBUG: (src/list.c :87 :List_push) gay shit
DEBUG: (src/list.c :87 :List_push) gay shit
DEBUG: (src/list.c :87 :List_push) gay shit
DEBUG: (src/list.c :87 :List_push) gay shit
DEBUG: (src/list.c :87 :List_push) gay shit
DEBUG: (src/list.c :87 :List_push) gay shit
DEBUG: (src/list.c :87 :List_push) gay shit
DEBUG: (src/list.c :87 :List_push) gay shit
DEBUG: (src/list.c :87 :List_push) gay shit
DEBUG: (src/list.c :87 :List_push) gay shit
DEBUG: (src/list.c :87 :List_push) gay shit
DEBUG: (src/list.c :87 :List_push) gay shit
DEBUG: (src/list.c :87 :List_push) gay shit
DEBUG: (src/list.c :87 :List_push) gay shit
DEBUG: (src/list.c :87 :List_push) gay shit
DEBUG: (src/list.c :87 :List_push) gay shit
DEBUG: (src/list.c :87 :List_push) gay shit
DEBUG: (src/list.c :87 :List_push) gay shit
DEBUG: (src/list.c :87 :List_push) gay shit
DEBUG: (src/list.c :87 :List_push) gay shit
DEBUG: (src/list.c :87 :List_push) gay shit
DEBUG: (src/list.c :87 :List_push) gay shit
DEBUG: (src/list.c :87 :List_push) gay shit
DEBUG: (src/list.c :87 :List_push) gay shit
DEBUG: (src/list.c :87 :List_push) gay shit
DEBUG: (src/list.c :87 :List_push) gay shit
DEBUG: (src/list.c :87 :List_push) gay shit
DEBUG: (src/list.c :87 :List_push) gay shit
DEBUG: (src/list.c :87 :List_push) gay shit
DEBUG: (src/list.c :87 :List_push) gay shit
DEBUG: (src/list.c :87 :List_push) gay shit
DEBUG: (src/list.c :87 :List_push) gay shit
DEBUG: (src/list.c :87 :List_push) gay shit
DEBUG: (src/list.c :87 :List_push) gay shit
DEBUG: (src/list.c :87 :List_push) gay shit
DEBUG: (src/list.c :87 :List_push) gay shit
DEBUG: (src/list.c :87 :List_push) gay shit
DEBUG: (src/list.c :87 :List_push) gay shit
DEBUG: (src/list.c :87 :List_push) gay shit
DEBUG: (src/list.c :87 :List_push) gay shit
DEBUG: (src/list.c :87 :List_push) gay shit
DEBUG: (src/list.c :87 :List_push) gay shit
DEBUG: (src/list.c :87 :List_push) gay shit
DEBUG: (src/list.c :87 :List_push) gay shit
DEBUG: (src/list.c :87 :List_push) gay shit
DEBUG: (src/list.c :87 :List_push) gay shit
DEBUG: (src/list.c :87 :List_push) gay shit
DEBUG: (src/list.c :87 :List_push) gay shit
DEBUG: (src/list.c :87 :List_push) gay shit
DEBUG: (src/list.c :87 :List_push) gay shit
DEBUG: (src/list.c :87 :List_push) gay shit
DEBUG: (src/list.c :87 :List_push) gay shit
DEBUG: (src/list.c :87 :List_push) gay shit
DEBUG: (src/list.c :87 :List_push) gay shit
DEBUG: (src/list.c :87 :List_push) gay shit
DEBUG: (src/list.c :87 :List_push) gay shit
DEBUG: (src/list.c :87 :List_push) gay shit
DEBUG: (src/list.c :87 :List_push) gay shit
DEBUG: (src/list.c :87 :List_push) gay shit
DEBUG: (src/list.c :87 :List_push) gay shit
DEBUG: (src/list.c :87 :List_push) gay shit
DEBUG: (src/list.c :87 :List_push) gay shit
DEBUG: (src/list.c :87 :List_push) gay shit
DEBUG: (src/list.c :87 :List_push) gay shit
DEBUG: (src/list.c :87 :List_push) gay shit
DEBUG: (src/list.c :87 :List_push) gay shit
DEBUG: (src/list.c :87 :List_push) gay shit
DEBUG: (src/list.c :87 :List_push) gay shit
DEBUG: (src/list.c :87 :List_push) gay shit
DEBUG: (src/list.c :87 :List_push) gay shit
DEBUG: (src/list.c :87 :List_push) gay shit
DEBUG: (src/list.c :87 :List_push) gay shit
DEBUG: (src/list.c :87 :List_push) gay shit
DEBUG: (src/list.c :87 :List_push) gay shit
DEBUG: (src/list.c :87 :List_push) gay shit
DEBUG: (src/list.c :87 :List_push) gay shit
DEBUG: (src/list.c :87 :List_push) gay shit
DEBUG: (src/list.c :87 :List_push) gay shit
DEBUG: (src/list.c :87 :List_push) gay shit
DEBUG: (src/list.c :87 :List_push) gay shit
DEBUG: (src/list.c :87 :List_push) gay shit
DEBUG: (src/list.c :87 :List_push) gay shit
DEBUG: (src/list.c :87 :List_push) gay shit
DEBUG: (src/list.c :87 :List_push) gay shit
DEBUG: (src/list.c :87 :List_push) gay shit
DEBUG: (src/list.c :87 :List_push) gay shit
DEBUG: (src/list.c :87 :List_push) gay shit
DEBUG: (src/list.c :87 :List_push) gay shit
DEBUG: (src/list.c :87 :List_push) gay shit
DEBUG: (src/list.c :87 :List_push) gay shit
DEBUG: (src/list.c :87 :List_push) gay shit
DEBUG: (src/list.c :87 :List_push) gay shit
DEBUG: (src/list.c :87 :List_push) gay shit
DEBUG: (src/list.c :87 :List_push) gay shit
DEBUG: (src/list.c :87 :List_push) gay shit
DEBUG: (src/list.c :87 :List_push) gay shit
DEBUG: (src/list.c :87 :List_push) gay shit
DEBUG: (src/list.c :87 :List_push) gay shit
DEBUG: (src/list.c :87 :List_push) gay shit
DEBUG: (src/list.c :87 :List_push) gay shit
DEBUG: (src/list.c :87 :List_push) gay shit
DEBUG: (src/list.c :87 :List_push) gay shit
DEBUG: (src/list.c :87 :List_push) gay shit
DEBUG: (src/list.c :87 :List_push) gay shit
DEBUG: (src/list.c :87 :List_push) gay shit
DEBUG: (src/list.c :87 :List_push) gay shit
DEBUG: (src/list.c :87 :List_push) gay shit
DEBUG: (src/list.c :87 :List_push) gay shit
DEBUG: (src/list.c :87 :List_push) gay shit
DEBUG: (src/list.c :87 :List_push) gay shit
DEBUG: (src/list.c :87 :List_push) gay shit
DEBUG: (src/list.c :87 :List_push) gay shit
DEBUG: (src/list.c :87 :List_push) gay shit
DEBUG: (src/list.c :87 :List_push) gay shit
DEBUG: (src/list.c :87 :List_push) gay shit
DEBUG: (src/list.c :87 :List_push) gay shit
DEBUG: (src/list.c :87 :List_push) gay shit
DEBUG: (src/list.c :87 :List_push) gay shit
DEBUG: (src/list.c :87 :List_push) gay shit
DEBUG: (src/list.c :87 :List_push) gay shit
DEBUG: (src/list.c :87 :List_push) gay shit
DEBUG: (src/list.c :87 :List_push) gay shit
DEBUG: (src/list.c :87 :List_push) gay shit
DEBUG: (src/list.c :87 :List_push) gay shit
DEBUG: (src/list.c :87 :List_push) gay shit
DEBUG: (src/list.c :87 :List_push) gay shit
DEBUG: (src/list.c :87 :List_push) gay shit
DEBUG: (src/list.c :87 :List_push) gay shit
DEBUG: (src/list.c :87 :List_push) gay shit
DEBUG: (src/list.c :87 :List_push) gay shit
DEBUG: (src/list.c :87 :List_push) gay shit
DEBUG: (src/list.c :87 :List_push) gay shit
DEBUG: (src/list.c :87 :List_push) gay shit
DEBUG: (src/list.c :87 :List_push) gay shit
DEBUG: (src/list.c :87 :List_push) gay shit
DEBUG: (src/list.c :87 :List_push) gay shit
DEBUG: (src/list.c :87 :List_push) gay shit
DEBUG: (src/list.c :87 :List_push) gay shit
DEBUG: (src/list.c :87 :List_push) gay shit
DEBUG: (src/list.c :87 :List_push) gay shit
DEBUG: (src/list.c :87 :List_push) gay shit
DEBUG: (src/list.c :87 :List_push) gay shit
DEBUG: (src/list.c :87 :List_push) gay shit
DEBUG: (src/list.c :87 :List_push) gay shit
DEBUG: (src/list.c :87 :List_push) gay shit
DEBUG: (src/list.c :87 :List_push) gay shit
DEBUG: (src/list.c :87 :List_push) gay shit
DEBUG: (src/list.c :87 :List_push) gay shit
DEBUG: (src/list.c :87 :List_push) gay shit
DEBUG: (src/list.c :87 :List_push) gay shit
DEBUG: (src/list.c :87 :List_push) gay shit
DEBUG: (src/list.c :87 :List_push) gay shit
DEBUG: (src/list.c :87 :List_push) gay shit
DEBUG: (src/list.c :87 :List_push) gay shit
DEBUG: (src/list.c :87 :List_push) gay shit
DEBUG: (src/list.c :87 :List_push) gay shit
DEBUG: (src/list.c :87 :List_push) gay shit
DEBUG: (src/list.c :87 :List_push) gay shit
DEBUG: (src/list.c :87 :List_push) gay shit
DEBUG: (src/list.c :87 :List_push) gay shit
DEBUG: (src/list.c :87 :List_push) gay shit
DEBUG: (src/list.c :87 :List_push) gay shit
DEBUG: (src/list.c :87 :List_push) gay shit
DEBUG: (src/list.c :87 :List_push) gay shit
DEBUG: (src/list.c :87 :List_push) gay shit
DEBUG: (src/list.c :87 :List_push) gay shit
DEBUG: (src/list.c :87 :List_push) gay shit
DEBUG: (src/list.c :87 :List_push) gay shit
DEBUG: (src/list.c :87 :List_push) gay shit
DEBUG: (src/list.c :87 :List_push) gay shit
DEBUG: (src/list.c :87 :List_push) gay shit
DEBUG: (src/list.c :87 :List_push) gay shit
DEBUG: (src/list.c :87 :List_push) gay shit
DEBUG: (src/list.c :87 :List_push) gay shit
DEBUG: (src/list.c :87 :List_push) gay shit
DEBUG: (src/list.c :87 :List_push) gay shit
DEBUG: (src/list.c :87 :List_push) gay shit
DEBUG: (src/list.c :87 :List_push) gay shit
DEBUG: (src/list.c :87 :List_push) gay shit
DEBUG: (src/list.c :87 :List_push) gay shit
DEBUG: (src/list.c :87 :List_push) gay shit
DEBUG: (src/list.c :87 :List_push) gay shit
DEBUG: (src/list.c :87 :List_push) gay shit
DEBUG: (src/list.c :87 :List_push) gay shit
DEBUG: (src/list.c :87 :List_push) gay shit
DEBUG: (src/list.c :87 :List_push) gay shit
DEBUG: (src/list.c :87 :List_push) gay shit
DEBUG: (src/list.c :87 :List_push) gay shit
DEBUG: (src/list.c :87 :List_push) gay shit
DEBUG: (src/list.c :87 :List_push) gay shit
DEBUG: (src/list.c :87 :List_push) gay shit
DEBUG: (src/list.c :87 :List_push) gay shit
DEBUG: (src/list.c :87 :List_push) gay shit
DEBUG: (src/list.c :87 :List_push) gay shit
DEBUG: (src/list.c :87 :List_push) gay shit
DEBUG: (src/list.c :87 :List_push) gay shit
DEBUG: (src/list.c :87 :List_push) gay shit
DEBUG: (src/list.c :87 :List_push) gay shit
DEBUG: (src/list.c :87 :List_push) gay shit
DEBUG: (src/list.c :87 :List_push) gay shit
DEBUG: (src/list.c :87 :List_push) gay shit
DEBUG: (src/list.c :87 :List_push) gay shit
DEBUG: (src/list.c :87 :List_push) gay shit
DEBUG: (src/list.c :87 :List_push) gay shit
DEBUG: (src/list.c :87 :List_push) gay shit
DEBUG: (src/list.c :87 :List_push) gay shit
DEBUG: (src/list.c :87 :List_push) gay shit
DEBUG: (src/list.c :87 :List_push) gay shit
DEBUG: (src/list.c :87 :List_push) gay shit
DEBUG: (src/list.c :87 :List_push) gay shit
DEBUG: (src/list.c :87 :List_push) gay shit
DEBUG: (src/list.c :87 :List_push) gay shit
DEBUG: (src/list.c :87 :List_push) gay shit
DEBUG: (src/list.c :87 :List_push) gay shit
DEBUG: (src/list.c :87 :List_push) gay shit
DEBUG: (src/list.c :87 :List_push) gay shit
DEBUG: (src/list.c :87 :List_push) gay shit
DEBUG: (src/list.c :87 :List_push) gay shit
DEBUG: (src/list.c :87 :List_push) gay shit
DEBUG: (src/list.c :87 :List_push) gay shit
DEBUG: (src/list.c :87 :List_push) gay shit
DEBUG: (src/list.c :87 :List_push) gay shit
DEBUG: (src/list.c :87 :List_push) gay shit
DEBUG: (src/list.c :87 :List_push) gay shit
DEBUG: (src/list.c :87 :List_push) gay shit
DEBUG: (src/list.c :87 :List_push) gay shit
DEBUG: (src/list.c :87 :List_push) gay shit
DEBUG: (src/list.c :87 :List_push) gay shit
DEBUG: (src/list.c :87 :List_push) gay shit
DEBUG: (src/list.c :87 :List_push) gay shit
DEBUG: (src/list.c :87 :List_push) gay shit
DEBUG: (src/list.c :87 :List_push) gay shit
DEBUG: (src/list.c :87 :List_push) gay shit
DEBUG: (src/list.c :87 :List_push) gay shit
DEBUG: (src/list.c :87 :List_push) gay shit
DEBUG: (src/list.c :87 :List_push) gay shit
DEBUG: (src/list.c :87 :List_push) gay shit
DEBUG: (src/list.c :87 :List_push) gay shit
DEBUG: (src/list.c :87 :List_push) gay shit
DEBUG: (src/list.c :87 :List_push) gay shit
DEBUG: (src/list.c :87 :List_push) gay shit
DEBUG: (src/list.c :87 :List_push) gay shit
DEBUG: (src/list.c :87 :List_push) gay shit
DEBUG: (src/list.c :87 :List_push) gay shit
DEBUG: (src/list.c :87 :List_push) gay shit
DEBUG: (src/list.c :87 :List_push) gay shit
DEBUG: (src/list.c :87 :List_push) gay shit
DEBUG: (src/list.c :87 :List_push) gay shit
DEBUG: (src/list.c :87 :List_push) gay shit
DEBUG: (src/list.c :87 :List_push) gay shit
DEBUG: (src/list.c :87 :List_push) gay shit
DEBUG: (src/list.c :87 :List_push) gay shit
DEBUG: (src/list.c :87 :List_push) gay shit
DEBUG: (src/list.c :87 :List_push) gay shit
DEBUG: (src/list.c :87 :List_push) gay shit
DEBUG: (src/list.c :87 :List_push) gay shit
DEBUG: (src/list.c :87 :List_push) gay shit
DEBUG: (src/list.c :87 :List_push) gay shit
DEBUG: (src/list.c :87 :List_push) gay shit
DEBUG: (src/list.c :87 :List_push) gay shit
DEBUG: (src/list.c :87 :List_push) gay shit
DEBUG: (src/list.c :87 :List_push) gay shit
DEBUG: (src/list.c :87 :List_push) gay shit
DEBUG: (src/list.c :87 :List_push) gay shit
DEBUG: (src/list.c :87 :List_push) gay shit
DEBUG: (src/list.c :87 :List_push) gay shit
DEBUG: (src/list.c :87 :List_push) gay shit
DEBUG: (src/list.c :87 :List_push) gay shit
DEBUG: (src/list.c :87 :List_push) gay shit
DEBUG: (src/list.c :87 :List_push) gay shit
DEBUG: (src/list.c :87 :List_push) gay shit
DEBUG: (src/list.c :87 :List_push) gay shit
DEBUG: (src/list.c :87 :List_push) gay shit
DEBUG: (src/list.c :87 :List_push) gay shit
DEBUG: (src/list.c :87 :List_push) gay shit
DEBUG: (src/list.c :87 :List_push) gay shit
DEBUG: (src/list.c :87 :List_push) gay shit
DEBUG: (src/list.c :87 :List_push) gay shit
DEBUG: (src/list.c :87 :List_push) gay shit
DEBUG: (src/list.c :87 :List_push) gay shit
DEBUG: (src/list.c :87 :List_push) gay shit
DEBUG: (src/list.c :87 :List_push) gay shit
DEBUG: (src/list.c :87 :List_push) gay shit
DEBUG: (src/list.c :87 :List_push) gay shit
DEBUG: (src/list.c :87 :List_push) gay shit
DEBUG: (src/list.c :87 :List_push) gay shit
DEBUG: (src/list.c :87 :List_push) gay shit
DEBUG: (src/list.c :87 :List_push) gay shit
DEBUG: (src/list.c :87 :List_push) gay shit
DEBUG: (src/list.c :87 :List_push) gay shit
DEBUG: (src/list.c :87 :List_push) gay shit
DEBUG: (src/list.c :87 :List_push) gay shit
DEBUG: (src/list.c :87 :List_push) gay shit
DEBUG: (src/list.c :87 :List_push) gay shit
DEBUG: (src/list.c :87 :List_push) gay shit
DEBUG: (src/list.c :87 :List_push) gay shit
DEBUG: (src/list.c :87 :List_push) gay shit
DEBUG: (src/list.c :87 :List_push) gay shit
DEBUG: (src/list.c :87 :List_push) gay shit
DEBUG: (src/list.c :87 :List_push) gay shit
DEBUG: (src/list.c :87 :List_push) gay shit
DEBUG: (src/list.c :87 :List_push) gay shit
DEBUG: (src/list.c :87 :List_push) gay shit
DEBUG: (src/list.c :87 :List_push) gay shit
DEBUG: (src/list.c :87 :List_push) gay shit
DEBUG: (src/list.c :87 :List_push) gay shit
DEBUG: (src/list.c :87 :List_push) gay shit
DEBUG: (src/list.c :87 :List_push) gay shit
DEBUG: (src/list.c :87 :List_push) gay shit
DEBUG: (src/list.c :87 :List_push) gay shit
DEBUG: (src/list.c :87 :List_push) gay shit
DEBUG: (src/list.c :87 :List_push) gay shit
DEBUG: (src/list.c :87 :List_push) gay shit
DEBUG: (src/list.c :87 :List_push) gay shit
DEBUG: (src/list.c :87 :List_push) gay shit
DEBUG: (src/list.c :87 :List_push) gay shit
DEBUG: (src/list.c :87 :List_push) gay shit
DEBUG: (src/list.c :87 :List_push) gay shit
DEBUG: (src/list.c :87 :List_push) gay shit
DEBUG: (src/list.c :87 :List_push) gay shit
DEBUG: (src/list.c :87 :List_push) gay shit
DEBUG: (src/list.c :87 :List_push) gay shit
DEBUG: (src/list.c :87 :List_push) gay shit
DEBUG: (src/list.c :87 :List_push) gay shit
DEBUG: (src/list.c :87 :List_push) gay shit
DEBUG: (src/list.c :87 :List_push) gay shit
DEBUG: (src/list.c :87 :List_push) gay shit
DEBUG: (src/list.c :87 :List_push) gay shit
DEBUG: (src/list.c :87 :List_push) gay shit
DEBUG: (src/list.c :87 :List_push) gay shit
DEBUG: (src/list.c :87 :List_push) gay shit
DEBUG: (src/list.c :87 :List_push) gay shit
DEBUG: (src/list.c :87 :List_push) gay shit
DEBUG: (src/list.c :87 :List_push) gay shit
DEBUG: (src/list.c :87 :List_push) gay shit
DEBUG: (src/list.c :87 :List_push) gay shit
DEBUG: (src/list.c :87 :List_push) gay shit
DEBUG: (src/list.c :87 :List_push) gay shit
DEBUG: (src/list.c :87 :List_push) gay shit
DEBUG: (src/list.c :87 :List_push) gay shit
DEBUG: (src/list.c :87 :List_push) gay shit
DEBUG: (src/list.c :87 :List_push) gay shit
DEBUG: (src/list.c :87 :List_push) gay shit
DEBUG: (src/list.c :87 :List_push) gay shit
DEBUG: (src/list.c :87 :List_push) gay shit
DEBUG: (src/list.c :87 :List_push) gay shit
DEBUG: (src/list.c :87 :List_push) gay shit
DEBUG: (src/list.c :87 :List_push) gay shit
DEBUG: (src/list.c :87 :List_push) gay shit
DEBUG: (src/list.c :87 :List_push) gay shit
DEBUG: (src/list.c :87 :List_push) gay shit
DEBUG: (src/list.c :87 :List_push) gay shit
DEBUG: (src/list.c :87 :List_push) gay shit
DEBUG: (src/list.c :87 :List_push) gay shit
DEBUG: (src/list.c :87 :List_push) gay shit
DEBUG: (src/list.c :87 :List_push) gay shit
DEBUG: (src/list.c :87 :List_push) gay shit
DEBUG: (src/list.c :87 :List_push) gay shit
DEBUG: (src/list.c :87 :List_push) gay shit
DEBUG: (src/list.c :87 :List_push) gay shit
DEBUG: (src/list.c :87 :List_push) gay shit
DEBUG: (src/list.c :87 :List_push) gay shit
DEBUG: (src/list.c :87 :List_push) gay shit
DEBUG: (src/list.c :87 :List_push) gay shit
DEBUG: (src/list.c :87 :List_push) gay shit
DEBUG: (src/list.c :87 :List_push) gay shit
DEBUG: (src/list.c :87 :List_push) gay shit
DEBUG: (src/list.c :87 :List_push) gay shit
DEBUG: (src/list.c :87 :List_push) gay shit
DEBUG: (src/list.c :87 :List_push) gay shit
DEBUG: (src/list.c :87 :List_push) gay shit
DEBUG: (src/list.c :87 :List_push) gay shit
DEBUG: (src/list.c :87 :List_push) gay shit
DEBUG: (src/list.c :87 :List_push) gay shit
DEBUG: (src/list.c :87 :List_push) gay shit
DEBUG: (src/list.c :87 :List_push) gay shit
DEBUG: (src/list.c :87 :List_push) gay shit
DEBUG: (src/list.c :87 :List_push) gay shit
DEBUG: (src/list.c :87 :List_push) gay shit
DEBUG: (src/list.c :87 :List_push) gay shit
DEBUG: (src/list.c :87 :List_push) gay shit
DEBUG: (src/list.c :87 :List_push) gay shit
DEBUG: (src/list.c :87 :List_push) gay shit
DEBUG: (src/list.c :87 :List_push) gay shit
DEBUG: (src/list.c :87 :List_push) gay shit
DEBUG: (src/list.c :87 :List_push) gay shit
DEBUG: (src/list.c :87 :List_push) gay shit
DEBUG: (src/list.c :87 :List_push) gay shit
DEBUG: (src/list.c :87 :List_push) gay shit
DEBUG: (src/list.c :87 :List_push) gay shit
DEBUG: (src/list.c :87 :List_push) gay shit
DEBUG: (src/list.c :87 :List_push) gay shit
DEBUG: (src/list.c :87 :List_push) gay shit
DEBUG: (src/list.c :87 :List_push) gay shit
DEBUG: (src/list.c :87 :List_push) gay shit
DEBUG: (src/list.c :87 :List_push) gay shit
DEBUG: (src/list.c :87 :List_push) gay shit
DEBUG: (src/list.c :87 :List_push) gay shit
DEBUG: (src/list.c :87 :List_push) gay shit
DEBUG: (src/list.c :87 :List_push) gay shit
DEBUG: (src/list.c :87 :List_push) gay shit
DEBUG: (src/list.c :87 :List_push) gay shit
DEBUG: (src/list.c :87 :List_push) gay shit
DEBUG: (src/list.c :87 :List_push) gay shit
DEBUG: (src/list.c :87 :List_push) gay shit
DEBUG: (src/list.c :87 :List_push) gay shit
DEBUG: (src/list.c :87 :List_push) gay shit
DEBUG: (src/list.c :87 :List_push) gay shit
DEBUG: (src/list.c :87 :List_push) gay shit
DEBUG: (src/list.c :87 :List_push) gay shit
DEBUG: (src/list.c :87 :List_push) gay shit
DEBUG: (src/list.c :87 :List_push) gay shit
DEBUG: (src/list.c :87 :List_push) gay shit
DEBUG: (src/list.c :87 :List_push) gay shit
DEBUG: (src/list.c :87 :List_push) gay shit
DEBUG: (src/list.c :87 :List_push) gay shit
DEBUG: (src/list.c :87 :List_push) gay shit
DEBUG: (src/list.c :87 :List_push) gay shit
DEBUG: (src/list.c :87 :List_push) gay shit
DEBUG: (src/list.c :87 :List_push) gay shit
DEBUG: (src/list.c :87 :List_push) gay shit
DEBUG: (src/list.c :87 :List_push) gay shit
DEBUG: (src/list.c :87 :List_push) gay shit
DEBUG: (src/list.c :87 :List_push) gay shit
DEBUG: (src/list.c :87 :List_push) gay shit
DEBUG: (src/list.c :87 :List_push) gay shit
DEBUG: (src/list.c :87 :List_push) gay shit
DEBUG: (src/list.c :87 :List_push) gay shit
DEBUG: (src/list.c :87 :List_push) gay shit
DEBUG: (src/list.c :87 :List_push) gay shit
DEBUG: (src/list.c :87 :List_push) gay shit
DEBUG: (src/list.c :87 :List_push) gay shit
DEBUG: (src/list.c :87 :List_push) gay shit
DEBUG: (src/list.c :87 :List_push) gay shit
DEBUG: (src/list.c :87 :List_push) gay shit
DEBUG: (src/list.c :87 :List_push) gay shit
DEBUG: (src/list.c :87 :List_push) gay shit
DEBUG: (src/list.c :87 :List_push) gay shit
DEBUG: (src/list.c :87 :List_push) gay shit
DEBUG: (src/list.c :87 :List_push) gay shit
DEBUG: (src/list.c :87 :List_push) gay shit
DEBUG: (src/list.c :87 :List_push) gay shit
DEBUG: (src/list.c :87 :List_push) gay shit
DEBUG: (src/list.c :87 :List_push) gay shit
DEBUG: (src/list.c :87 :List_push) gay shit
DEBUG: (src/list.c :87 :List_push) gay shit
DEBUG: (src/list.c :87 :List_push) gay shit
DEBUG: (src/list.c :87 :List_push) gay shit
DEBUG: (src/list.c :87 :List_push) gay shit
DEBUG: (src/list.c :87 :List_push) gay shit
DEBUG: (src/list.c :87 :List_push) gay shit
DEBUG: (src/list.c :87 :List_push) gay shit
DEBUG: (src/list.c :87 :List_push) gay shit
DEBUG: (src/list.c :87 :List_push) gay shit
DEBUG: (src/list.c :87 :List_push) gay shit
DEBUG: (src/list.c :87 :List_push) gay shit
DEBUG: (src/list.c :87 :List_push) gay shit
DEBUG: (src/list.c :87 :List_push) gay shit
DEBUG: (src/list.c :87 :List_push) gay shit
DEBUG: (src/list.c :87 :List_push) gay shit
DEBUG: (src/list.c :87 :List_push) gay shit
DEBUG: (src/list.c :87 :List_push) gay shit
DEBUG: (src/list.c :87 :List_push) gay shit
DEBUG: (src/list.c :87 :List_push) gay shit
DEBUG: (src/list.c :87 :List_push) gay shit
DEBUG: (src/list.c :87 :List_push) gay shit
DEBUG: (src/list.c :87 :List_push) gay shit
DEBUG: (src/list.c :87 :List_push) gay shit
DEBUG: (src/list.c :87 :List_push) gay shit
DEBUG: (src/list.c :87 :List_push) gay shit
DEBUG: (src/list.c :87 :List_push) gay shit
DEBUG: (src/list.c :87 :List_push) gay shit
DEBUG: (src/list.c :87 :List_push) gay shit
DEBUG: (src/list.c :87 :List_push) gay shit
DEBUG: (src/list.c :87 :List_push) gay shit
DEBUG: (src/list.c :87 :List_push) gay shit
DEBUG: (src/list.c :87 :List_push) gay shit
DEBUG: (src/list.c :87 :List_push) gay shit
DEBUG: (src/list.c :87 :List_push) gay shit
DEBUG: (src/list.c :87 :List_push) gay shit
DEBUG: (src/list.c :87 :List_push) gay shit
DEBUG: (src/list.c :87 :List_push) gay shit
DEBUG: (src/list.c :87 :List_push) gay shit
DEBUG: (src/list.c :87 :List_push) gay shit
DEBUG: (src/list.c :87 :List_push) gay shit
DEBUG: (src/list.c :87 :List_push) gay shit
DEBUG: (src/list.c :87 :List_push) gay shit
DEBUG: (src/list.c :87 :List_push) gay shit
DEBUG: (src/list.c :87 :List_push) gay shit
DEBUG: (src/list.c :87 :List_push) gay shit
DEBUG: (src/list.c :87 :List_push) gay shit
DEBUG: (src/list.c :87 :List_push) gay shit
DEBUG: (src/list.c :87 :List_push) gay shit
DEBUG: (src/list.c :87 :List_push) gay shit
DEBUG: (src/list.c :87 :List_push) gay shit
DEBUG: (src/list.c :87 :List_push) gay shit
DEBUG: (src/list.c :87 :List_push) gay shit
DEBUG: (src/list.c :87 :List_push) gay shit
DEBUG: (src/list.c :87 :List_push) gay shit
DEBUG: (src/list.c :87 :List_push) gay shit
DEBUG: (src/list.c :87 :List_push) gay shit
DEBUG: (src/list.c :87 :List_push) gay shit
DEBUG: (src/list.c :87 :List_push) gay shit
DEBUG: (src/list.c :87 :List_push) gay shit
DEBUG: (src/list.c :87 :List_push) gay shit
DEBUG: (src/list.c :87 :List_push) gay shit
DEBUG: (src/list.c :87 :List_push) gay shit
DEBUG: (src/list.c :87 :List_push) gay shit
DEBUG: (src/list.c :87 :List_push) gay shit
DEBUG: (src/list.c :87 :List_push) gay shit
DEBUG: (src/list.c :87 :List_push) gay shit
DEBUG: (src/list.c :87 :List_push) gay shit
DEBUG: (src/list.c :87 :List_push) gay shit
DEBUG: (src/list.c :87 :List_push) gay shit
DEBUG: (src/list.c :87 :List_push) gay shit
DEBUG: (src/list.c :87 :List_push) gay shit
DEBUG: (src/list.c :87 :List_push) gay shit
DEBUG: (src/list.c :87 :List_push) gay shit
DEBUG: (src/list.c :87 :List_push) gay shit
DEBUG: (src/list.c :87 :List_push) gay shit
DEBUG: (src/list.c :87 :List_push) gay shit
DEBUG: (src/list.c :87 :List_push) gay shit
DEBUG: (src/list.c :87 :List_push) gay shit
DEBUG: (src/list.c :87 :List_push) gay shit
DEBUG: (src/list.c :87 :List_push) gay shit
DEBUG: (src/list.c :87 :List_push) gay shit
DEBUG: (src/list.c :87 :List_push) gay shit
DEBUG: (src/list.c :87 :List_push) gay shit
DEBUG: (src/list.c :87 :List_push) gay shit
DEBUG: (src/list.c :87 :List_push) gay shit
DEBUG: (src/list.c :87 :List_push) gay shit
DEBUG: (src/list.c :87 :List_push) gay shit
DEBUG: (src/list.c :87 :List_push) gay shit
DEBUG: (src/list.c :87 :List_push) gay shit
DEBUG: (src/list.c :87 :List_push) gay shit
DEBUG: (src/list.c :87 :List_push) gay shit
DEBUG: (src/list.c :87 :List_push) gay shit
DEBUG: (src/list.c :87 :List_push) gay shit
DEBUG: (src/list.c :87 :List_push) gay shit
DEBUG: (src/list.c :87 :List_push) gay shit
DEBUG: (src/list.c :87 :List_push) gay shit
DEBUG: (src/list.c :87 :List_push) gay shit
DEBUG: (src/list.c :87 :List_push) gay shit
DEBUG: (src/list.c :87 :List_push) gay shit
DEBUG: (src/list.c :87 :List_push) gay shit
DEBUG: (src/list.c :87 :List_push) gay shit
DEBUG: (src/list.c :87 :List_push) gay shit
DEBUG: (src/list.c :87 :List_push) gay shit
DEBUG: (src/list.c :87 :List_push) gay shit
DEBUG: (src/list.c :87 :List_push) gay shit
DEBUG: (src/list.c :87 :List_push) gay shit
DEBUG: (src/list.c :87 :List_push) gay shit
DEBUG: (src/list.c :87 :List_push) gay shit
DEBUG: (src/list.c :87 :List_push) gay shit
DEBUG: (src/list.c :87 :List_push) gay shit
DEBUG: (src/list.c :87 :List_push) gay shit
DEBUG: (src/list.c :87 :List_push) gay shit
DEBUG: (src/list.c :87 :List_push) gay shit
DEBUG: (src/list.c :87 :List_push) gay shit
DEBUG: (src/list.c :87 :List_push) gay shit
DEBUG: (src/list.c :87 :List_push) gay shit
DEBUG: (src/list.c :87 :List_push) gay shit
DEBUG: (src/list.c :87 :List_push) gay shit
DEBUG: (src/list.c :87 :List_push) gay shit
DEBUG: (src/list.c :87 :List_push) gay shit
DEBUG: (src/list.c :87 :List_push) gay shit
DEBUG: (src/list.c :87 :List_push) gay shit
DEBUG: (src/list.c :87 :List_push) gay shit
DEBUG: (src/list.c :87 :List_push) gay shit
DEBUG: (src/list.c :87 :List_push) gay shit
DEBUG: (src/list.c :87 :List_push) gay shit
DEBUG: (src/list.c :87 :List_push) gay shit
DEBUG: (src/list.c :87 :List_push) gay shit
DEBUG: (src/list.c :87 :List_push) gay shit
DEBUG: (src/list.c :87 :List_push) gay shit
DEBUG: (src/list.c :87 :List_push) gay shit
DEBUG: (src/list.c :87 :List_push) gay shit
DEBUG: (src/list.c :87 :List_push) gay shit
DEBUG: (src/list.c :87 :List_push) gay shit
DEBUG: (src/list.c :87 :List_push) gay shit
DEBUG: (src/list.c :87 :List_push) gay shit
DEBUG: (src/list.c :87 :List_push) gay shit
DEBUG: (src/list.c :87 :List_push) gay shit
DEBUG: (src/list.c :87 :List_push) gay shit
DEBUG: (src/list.c :87 :List_push) gay shit
DEBUG: (src/list.c :87 :List_push) gay shit
DEBUG: (src/list.c :87 :List_push) gay shit
DEBUG: (src/list.c :87 :List_push) gay shit
DEBUG: (src/list.c :87 :List_push) gay shit
DEBUG: (src/list.c :87 :List_push) gay shit
DEBUG: (src/list.c :87 :List_push) gay shit
DEBUG: (src/list.c :87 :List_push) gay shit
DEBUG: (src/list.c :87 :List_push) gay shit
DEBUG: (src/list.c :87 :List_push) gay shit
DEBUG: (src/list.c :87 :List_push) gay shit
DEBUG: (src/list.c :87 :List_push) gay shit
DEBUG: (src/list.c :87 :List_push) gay shit
DEBUG: (src/list.c :87 :List_push) gay shit
DEBUG: (src/list.c :87 :List_push) gay shit
DEBUG: (src/list.c :87 :List_push) gay shit
DEBUG: (src/list.c :87 :List_push) gay shit
DEBUG: (src/list.c :87 :List_push) gay shit
DEBUG: (src/list.c :87 :List_push) gay shit
DEBUG: (src/list.c :87 :List_push) gay shit
DEBUG: (src/list.c :87 :List_push) gay shit
DEBUG: (src/list.c :87 :List_push) gay shit
DEBUG: (src/list.c :87 :List_push) gay shit
DEBUG: (src/list.c :87 :List_push) gay shit
DEBUG: (src/list.c :87 :List_push) gay shit
DEBUG: (src/list.c :87 :List_push) gay shit
DEBUG: (src/list.c :87 :List_push) gay shit
DEBUG: (src/list.c :87 :List_push) gay shit
DEBUG: (src/list.c :87 :List_push) gay shit
DEBUG: (src/list.c :87 :List_push) gay shit
DEBUG: (src/list.c :87 :List_push) gay shit
DEBUG: (src/list.c :87 :List_push) gay shit
DEBUG: (src/list.c :87 :List_push) gay shit
DEBUG: (src/list.c :87 :List_push) gay shit
DEBUG: (src/list.c :87 :List_push) gay shit
DEBUG: (src/list.c :87 :List_push) gay shit
DEBUG: (src/list.c :87 :List_push) gay shit
DEBUG: (src/list.c :87 :List_push) gay shit
DEBUG: (src/list.c :87 :List_push) gay shit
DEBUG: (src/list.c :87 :List_push) gay shit
DEBUG: (src/list.c :87 :List_push) gay shit
DEBUG: (src/list.c :87 :List_push) gay shit
DEBUG: (src/list.c :87 :List_push) gay shit
DEBUG: (src/list.c :87 :List_push) gay shit
DEBUG: (src/list.c :87 :List_push) gay shit
DEBUG: (src/list.c :87 :List_push) gay shit
DEBUG: (src/list.c :87 :List_push) gay shit
DEBUG: (src/list.c :87 :List_push) gay shit
DEBUG: (src/list.c :87 :List_push) gay shit
DEBUG: (src/list.c :87 :List_push) gay shit
DEBUG: (src/list.c :87 :List_push) gay shit
DEBUG: (src/list.c :87 :List_push) gay shit
DEBUG: (src/list.c :87 :List_push) gay shit
DEBUG: (src/list.c :87 :List_push) gay shit
DEBUG: (src/list.c :87 :List_push) gay shit
DEBUG: (src/list.c :87 :List_push) gay shit
DEBUG: (src/list.c :87 :List_push) gay shit
DEBUG: (src/list.c :87 :List_push) gay shit
DEBUG: (src/list.c :87 :List_push) gay shit
DEBUG: (src/list.c :87 :List_push) gay shit
DEBUG: (src/list.c :87 :List_push) gay shit
DEBUG: (src/list.c :87 :List_push) gay shit
DEBUG: (src/list.c :87 :List_push) gay shit
DEBUG: (src/list.c :87 :List_push) gay shit
DEBUG: (src/list.c :87 :List_push) gay shit
DEBUG: (src/list.c :87 :List_push) gay shit
DEBUG: (src/list.c :87 :List_push) gay shit
DEBUG: (src/list.c :87 :List_push) gay shit
DEBUG: (src/list.c :87 :List_push) gay shit
DEBUG: (src/list.c :87 :List_push) gay shit
DEBUG: (src/list.c :87 :List_push) gay shit
DEBUG: (src/list.c :87 :List_push) gay shit
DEBUG: (src/list.c :87 :List_push) gay shit
DEBUG: (src/list.c :87 :List_push) gay shit
DEBUG: (src/list.c :87 :List_push) gay shit
DEBUG: (src/list.c :87 :List_push) gay shit
DEBUG: (src/list.c :87 :List_push) gay shit
DEBUG: (src/list.c :87 :List_push) gay shit
DEBUG: (src/list.c :87 :List_push) gay shit
DEBUG: (src/list.c :87 :List_push) gay shit
DEBUG: (src/list.c :87 :List_push) gay shit
DEBUG: (src/list.c :87 :List_push) gay shit
DEBUG: (src/list.c :87 :List_push) gay shit
DEBUG: (src/list.c :87 :List_push) gay shit
DEBUG: (src/list.c :87 :List_push) gay shit
DEBUG: (src/list.c :87 :List_push) gay shit
DEBUG: (src/list.c :87 :List_push) gay shit
DEBUG: (src/list.c :87 :List_push) gay shit
DEBUG: (src/list.c :87 :List_push) gay shit
DEBUG: (src/list.c :87 :List_push) gay shit
DEBUG: (src/list.c :87 :List_push) gay shit
DEBUG: (src/list.c :87 :List_push) gay shit
DEBUG: (src/list.c :87 :List_push) gay shit
DEBUG: (src/list.c :87 :List_push) gay shit
DEBUG: (src/list.c :87 :List_push) gay shit
DEBUG: (src/list.c :87 :List_push) gay shit
DEBUG: (src/list.c :87 :List_push) gay shit
DEBUG: (src/list.c :87 :List_push) gay shit
DEBUG: (src/list.c :87 :List_push) gay shit
DEBUG: (src/list.c :87 :List_push) gay shit
DEBUG: (src/list.c :87 :List_push) gay shit
DEBUG: (src/list.c :87 :List_push) gay shit
DEBUG: (src/list.c :87 :List_push) gay shit
DEBUG: (src/list.c :87 :List_push) gay shit
DEBUG: (src/list.c :87 :List_push) gay shit
DEBUG: (src/list.c :87 :List_push) gay shit
DEBUG: (src/list.c :87 :List_push) gay shit
DEBUG: (src/list.c :87 :List_push) gay shit
DEBUG: (src/list.c :87 :List_push) gay shit
DEBUG: (src/list.c :87 :List_push) gay shit
DEBUG: (src/list.c :87 :List_push) gay shit
DEBUG: (src/list.c :87 :List_push) gay shit
DEBUG: (src/list.c :87 :List_push) gay shit
DEBUG: (src/list.c :87 :List_push) gay shit
DEBUG: (src/list.c :87 :List_push) gay shit
DEBUG: (src/list.c :87 :List_push) gay shit
DEBUG: (src/list.c :87 :List_push) gay shit
DEBUG: (src/list.c :87 :List_push) gay shit
DEBUG: (src/list.c :87 :List_push) gay shit
DEBUG: (src/list.c :87 :List_push) gay shit
DEBUG: (src/list.c :87 :List_push) gay shit
DEBUG: (src/list.c :87 :List_push) gay shit
DEBUG: (src/list.c :87 :List_push) gay shit
DEBUG: (src/list.c :87 :List_push) gay shit
DEBUG: (src/list.c :87 :List_push) gay shit
DEBUG: (src/list.c :87 :List_push) gay shit
DEBUG: (src/list.c :87 :List_push) gay shit
DEBUG: (src/list.c :87 :List_push) gay shit
DEBUG: (src/list.c :87 :List_push) gay shit
DEBUG: (src/list.c :87 :List_push) gay shit
DEBUG: (src/list.c :87 :List_push) gay shit
DEBUG: (src/list.c :87 :List_push) gay shit
DEBUG: (src/list.c :87 :List_push) gay shit
DEBUG: (src/list.c :87 :List_push) gay shit
DEBUG: (src/list.c :87 :List_push) gay shit
DEBUG: (src/list.c :87 :List_push) gay shit
DEBUG: (src/list.c :87 :List_push) gay shit
DEBUG: (src/list.c :87 :List_push) gay shit
DEBUG: (src/list.c :87 :List_push) gay shit
DEBUG: (src/list.c :87 :List_push) gay shit
DEBUG: (src/list.c :87 :List_push) gay shit
DEBUG: (src/list.c :87 :List_push) gay shit
DEBUG: (src/list.c :87 :List_push) gay shit
DEBUG: (src/list.c :87 :List_push) gay shit
DEBUG: (src/list.c :87 :List_push) gay shit
DEBUG: (src/list.c :87 :List_push) gay shit
DEBUG: (src/list.c :87 :List_push) gay shit
DEBUG: (src/list.c :87 :List_push) gay shit
DEBUG: (src/list.c :87 :List_push) gay shit
DEBUG: (src/list.c :87 :List_push) gay shit
DEBUG: (src/list.c :87 :List_push) gay shit
DEBUG: (src/list.c :87 :List_push) gay shit
DEBUG: (src/list.c :87 :List_push) gay shit
DEBUG: (src/list.c :87 :List_push) gay shit
DEBUG: (src/list.c :87 :List_push) gay shit
DEBUG: (src/list.c :87 :List_push) gay shit
DEBUG: (src/list.c :87 :List_push) gay shit
DEBUG: (src/list.c :87 :List_push) gay shit
DEBUG: (src/list.c :87 :List_push) gay shit
DEBUG: (src/list.c :87 :List_push) gay shit
DEBUG: (src/list.c :87 :List_push) gay shit
DEBUG: (src/list.c :87 :List_push) gay shit
DEBUG: (src/list.c :87 :List_push) gay shit
DEBUG: (src/list.c :87 :List_push) gay shit
DEBUG: (src/list.c :87 :List_push) gay shit
DEBUG: (src/list.c :87 :List_push) gay shit
DEBUG: (src/list.c :87 :List_push) gay shit
DEBUG: (src/list.c :87 :List_push) gay shit
DEBUG: (src/list.c :87 :List_push) gay shit
DEBUG: (src/list.c :87 :List_push) gay shit
DEBUG: (src/list.c :87 :List_push) gay shit
DEBUG: (src/list.c :87 :List_push) gay shit
DEBUG: (src/list.c :87 :List_push) gay shit
DEBUG: (src/list.c :87 :List_push) gay shit
DEBUG: (src/list.c :87 :List_push) gay shit
DEBUG: (src/list.c :87 :List_push) gay shit
DEBUG: (src/list.c :87 :List_push) gay shit
DEBUG: (src/list.c :87 :List_push) gay shit
DEBUG: (src/list.c :87 :List_push) gay shit
DEBUG: (src/list.c :87 :List_push) gay shit
DEBUG: (src/list.c :87 :List_push) gay shit
DEBUG: (src/list.c :87 :List_push) gay shit
DEBUG: (src/list.c :87 :List_push) gay shit
DEBUG: (src/list.c :87 :List_push) gay shit
DEBUG: (src/list.c :87 :List_push) gay shit
DEBUG: (src/list.c :87 :List_push) gay shit
DEBUG: (src/list.c :87 :List_push) gay shit
DEBUG: (src/list.c :87 :List_push) gay shit
DEBUG: (src/list.c :87 :List_push) gay shit
DEBUG: (src/list.c :87 :List_push) gay shit
DEBUG: (src/list.c :87 :List_push) gay shit
DEBUG: (src/list.c :87 :List_push) gay shit
DEBUG: (src/list.c :87 :List_push) gay shit
DEBUG: (src/list.c :87 :List_push) gay shit
DEBUG: (src/list.c :87 :List_push) gay shit
DEBUG: (src/list.c :87 :List_push) gay shit
DEBUG: (src/list.c :87 :List_push) gay shit
DEBUG: (src/list.c :87 :List_push) gay shit
DEBUG: (src/list.c :87 :List_push) gay shit
DEBUG: (src/list.c :87 :List_push) gay shit
DEBUG: (src/list.c :87 :List_push) gay shit
DEBUG: (src/list.c :87 :List_push) gay shit
DEBUG: (src/list.c :87 :List_push) gay shit
DEBUG: (src/list.c :87 :List_push) gay shit
DEBUG: (src/list.c :87 :List_push) gay shit
DEBUG: (src/list.c :87 :List_push) gay shit
DEBUG: (src/list.c :87 :List_push) gay shit
DEBUG: (src/list.c :87 :List_push) gay shit
DEBUG: (src/list.c :87 :List_push) gay shit
DEBUG: (src/list.c :87 :List_push) gay shit
DEBUG: (src/list.c :87 :List_push) gay shit
DEBUG: (src/list.c :87 :List_push) gay shit
DEBUG: (src/list.c :87 :List_push) gay shit
DEBUG: (src/list.c :87 :List_push) gay shit
DEBUG: (src/list.c :87 :List_push) gay shit
DEBUG: (src/list.c :87 :List_push) gay shit
DEBUG: (src/list.c :87 :List_push) gay shit
DEBUG: (src/list.c :87 :List_push) gay shit
DEBUG: (src/list.c :87 :List_push) gay shit
DEBUG: (src/list.c :87 :List_push) gay shit
DEBUG: (src/list.c :87 :List_push) gay shit
DEBUG: (src/list.c :87 :List_push) gay shit
DEBUG: (src/list.c :87 :List_push) gay shit
DEBUG: (src/list.c :87 :List_push) gay shit
DEBUG: (src/list.c :87 :List_push) gay shit
DEBUG: (src/list.c :87 :List_push) gay shit
DEBUG: (src/list.c :87 :List_push) gay shit
DEBUG: (src/list.c :87 :List_push) gay shit
DEBUG: (src/list.c :87 :List_push) gay shit
DEBUG: (src/list.c :87 :List_push) gay shit
DEBUG: (src/list.c :87 :List_push) gay shit
DEBUG: (src/list.c :87 :List_push) gay shit
DEBUG: (src/list.c :87 :List_push) gay shit
DEBUG: (src/list.c :87 :List_push) gay shit
DEBUG: (src/list.c :87 :List_push) gay shit
DEBUG: (src/list.c :87 :List_push) gay shit
DEBUG: (src/list.c :87 :List_push) gay shit
DEBUG: (src/list.c :87 :List_push) gay shit
DEBUG: (src/list.c :87 :List_push) gay shit
DEBUG: (src/list.c :87 :List_push) gay shit
DEBUG: (src/list.c :87 :List_push) gay shit
DEBUG: (src/list.c :87 :List_push) gay shit
DEBUG: (src/list.c :87 :List_push) gay shit
DEBUG: (src/list.c :87 :List_push) gay shit
DEBUG: (src/list.c :87 :List_push) gay shit
DEBUG: (src/list.c :87 :List_push) gay shit
DEBUG: (src/list.c :87 :List_push) gay shit
DEBUG: (src/list.c :87 :List_push) gay shit
DEBUG: (src/list.c :87 :List_push) gay shit
DEBUG: (src/list.c :87 :List_push) gay shit
DEBUG: (src/list.c :87 :List_push) gay shit
DEBUG: (src/list.c :87 :List_push) gay shit
DEBUG: (src/list.c :87 :List_push) gay shit
DEBUG: (src/list.c :87 :List_push) gay shit
DEBUG: (src/list.c :87 :List_push) gay shit
DEBUG: (src/list.c :87 :List_push) gay shit
DEBUG: (src/list.c :87 :List_push) gay shit
DEBUG: (src/list.c :87 :List_push) gay shit
DEBUG: (src/list.c :87 :List_push) gay shit
DEBUG: (src/list.c :87 :List_push) gay shit
DEBUG: (src/list.c :87 :List_push) gay shit
DEBUG: (src/list.c :87 :List_push) gay shit
DEBUG: (src/list.c :87 :List_push) gay shit
DEBUG: (src/list.c :87 :List_push) gay shit
DEBUG: (src/list.c :87 :List_push) gay shit
DEBUG: (src/list.c :87 :List_push) gay shit
DEBUG: (src/list.c :87 :List_push) gay shit
DEBUG: (src/list.c :87 :List_push) gay shit
DEBUG: (src/list.c :87 :List_push) gay shit
DEBUG: (src/list.c :87 :List_push) gay shit
DEBUG: (src/list.c :87 :List_push) gay shit
DEBUG: (src/list.c :87 :List_push) gay shit
DEBUG: (src/list.c :87 :List_push) gay shit
DEBUG: (src/list.c :87 :List_push) gay shit
DEBUG: (src/list.c :87 :List_push) gay shit
DEBUG: (src/list.c :87 :List_push) gay shit
DEBUG: (src/list.c :87 :List_push) gay shit
DEBUG: (src/list.c :87 :List_push) gay shit
DEBUG: (src/list.c :87 :List_push) gay shit
DEBUG: (src/list.c :87 :List_push) gay shit
DEBUG: (src/list.c :87 :List_push) gay shit
DEBUG: (src/list.c :87 :List_push) gay shit
DEBUG: (src/list.c :87 :List_push) gay shit
DEBUG: (src/list.c :87 :List_push) gay shit
DEBUG: (src/list.c :87 :List_push) gay shit
DEBUG: (src/list.c :87 :List_push) gay shit
DEBUG: (src/list.c :87 :List_push) gay shit
DEBUG: (src/list.c :87 :List_push) gay shit
DEBUG: (src/list.c :87 :List_push) gay shit
DEBUG: (src/list.c :87 :List_push) gay shit
DEBUG: (src/list.c :87 :List_push) gay shit
DEBUG: (src/list.c :87 :List_push) gay shit
DEBUG: (src/list.c :87 :List_push) gay shit
DEBUG: (src/list.c :87 :List_push) gay shit
DEBUG: (src/list.c :87 :List_push) gay shit
DEBUG: (src/list.c :87 :List_push) gay shit
DEBUG: (src/list.c :87 :List_push) gay shit
DEBUG: (src/list.c :87 :List_push) gay shit
DEBUG: (src/list.c :87 :List_push) gay shit
DEBUG: (src/list.c :87 :List_push) gay shit
DEBUG: (src/list.c :87 :List_push) gay shit
DEBUG: (src/list.c :87 :List_push) gay shit
DEBUG: (src/list.c :87 :List_push) gay shit
DEBUG: (src/list.c :87 :List_push) gay shit
DEBUG: (src/list.c :87 :List_push) gay shit
DEBUG: (src/list.c :87 :List_push) gay shit
DEBUG: (src/list.c :87 :List_push) gay shit
DEBUG: (src/list.c :87 :List_push) gay shit
DEBUG: (src/list.c :87 :List_push) gay shit
DEBUG: (src/list.c :87 :List_push) gay shit
DEBUG: (src/list.c :87 :List_push) gay shit
DEBUG: (src/list.c :87 :List_push) gay shit
DEBUG: (src/list.c :87 :List_push) gay shit
DEBUG: (src/list.c :87 :List_push) gay shit
DEBUG: (src/list.c :87 :List_push) gay shit
DEBUG: (src/list.c :87 :List_push) gay shit
DEBUG: (src/list.c :87 :List_push) gay shit
DEBUG: (src/list.c :87 :List_push) gay shit
DEBUG: (src/list.c :87 :List_push) gay shit
DEBUG: (src/list.c :87 :List_push) gay shit
DEBUG: (src/list.c :87 :List_push) gay shit
DEBUG: (src/list.c :87 :List_push) gay shit
DEBUG: (src/list.c :87 :List_push) gay shit
DEBUG: (src/list.c :87 :List_push) gay shit
DEBUG: (src/list.c :87 :List_push) gay shit
DEBUG: (src/list.c :87 :List_push) gay shit
DEBUG: (src/list.c :87 :List_push) gay shit
DEBUG: (src/list.c :87 :List_push) gay shit
DEBUG: (src/list.c :87 :List_push) gay shit
DEBUG: (src/list.c :87 :List_push) gay shit
DEBUG: (src/list.c :87 :List_push) gay shit
DEBUG: (src/list.c :87 :List_push) gay shit
DEBUG: (src/list.c :87 :List_push) gay shit
DEBUG: (src/list.c :87 :List_push) gay shit
DEBUG: (src/list.c :87 :List_push) gay shit
DEBUG: (src/list.c :87 :List_push) gay shit
DEBUG: (src/list.c :87 :List_push) gay shit
DEBUG: (src/list.c :87 :List_push) gay shit
DEBUG: (src/list.c :87 :List_push) gay shit
DEBUG: (src/list.c :87 :List_push) gay shit
DEBUG: (src/list.c :87 :List_push) gay shit
DEBUG: (src/list.c :87 :List_push) gay shit
DEBUG: (src/list.c :87 :List_push) gay shit
DEBUG: (src/list.c :87 :List_push) gay shit
DEBUG: (src/list.c :87 :List_push) gay shit
DEBUG: (src/list.c :87 :List_push) gay shit
DEBUG: (src/list.c :87 :List_push) gay shit
DEBUG: (src/list.c :87 :List_push) gay shit
DEBUG: (src/list.c :87 :List_push) gay shit
DEBUG: (src/list.c :87 :List_push) gay shit
DEBUG: (src/list.c :87 :List_push) gay shit
DEBUG: (src/list.c :87 :List_push) gay shit
DEBUG: (src/list.c :87 :List_push) gay shit
DEBUG: (src/list.c :87 :List_push) gay shit
DEBUG: (src/list.c :87 :List_push) gay shit
DEBUG: (src/list.c :87 :List_push) gay shit
DEBUG: (src/list.c :87 :List_push) gay shit
DEBUG: (src/list.c :87 :List_push) gay shit
DEBUG: (src/list.c :87 :List_push) gay shit
DEBUG: (src/list.c :87 :List_push) gay shit
DEBUG: (src/list.c :87 :List_push) gay shit
DEBUG: (src/list.c :87 :List_push) gay shit
DEBUG: (src/list.c :87 :List_push) gay shit
DEBUG: (src/list.c :87 :List_push) gay shit
DEBUG: (src/list.c :87 :List_push) gay shit
DEBUG: (src/list.c :87 :List_push) gay shit
DEBUG: (src/list.c :87 :List_push) gay shit
DEBUG: (src/list.c :87 :List_push) gay shit
DEBUG: (src/list.c :87 :List_push) gay shit
DEBUG: (src/list.c :87 :List_push) gay shit
DEBUG: (src/list.c :87 :List_push) gay shit
DEBUG: (src/list.c :87 :List_push) gay shit
DEBUG: (src/list.c :87 :List_push) gay shit
DEBUG: (src/list.c :87 :List_push) gay shit
DEBUG: (src/list.c :87 :List_push) gay shit
DEBUG: (src/list.c :87 :List_push) gay shit
DEBUG: (src/list.c :87 :List_push) gay shit
DEBUG: (src/list.c :87 :List_push) gay shit
DEBUG: (src/list.c :87 :List_push) gay shit
DEBUG: (src/list.c :87 :List_push) gay shit
DEBUG: (src/list.c :87 :List_push) gay shit
DEBUG: (src/list.c :87 :List_push) gay shit
DEBUG: (src/list.c :87 :List_push) gay shit
DEBUG: (src/list.c :87 :List_push) gay shit
DEBUG: (src/list.c :87 :List_push) gay shit
DEBUG: (src/list.c :87 :List_push) gay shit
DEBUG: (src/list.c :87 :List_push) gay shit
DEBUG: (src/list.c :87 :List_push) gay shit
DEBUG: (src/list.c :87 :List_push) gay shit
DEBUG: (src/list.c :87 :List_push) gay shit
DEBUG: (src/list.c :87 :List_push) gay shit
DEBUG: (src/list.c :87 :List_push) gay shit
DEBUG: (src/list.c :87 :List_push) gay shit
DEBUG: (src/list.c :87 :List_push) gay shit
DEBUG: (src/list.c :87 :List_push) gay shit
DEBUG: (src/list.c :87 :List_push) gay shit
DEBUG: (src/list.c :87 :List_push) gay shit
DEBUG: (src/list.c :87 :List_push) gay shit
DEBUG: (src/list.c :87 :List_push) gay shit
DEBUG: (src/list.c :87 :List_push) gay shit
DEBUG: (src/list.c :87 :List_push) gay shit
DEBUG: (src/list.c :87 :List_push) gay shit
DEBUG: (src/list.c :87 :List_push) gay shit
DEBUG: (src/list.c :87 :List_push) gay shit
DEBUG: (src/list.c :87 :List_push) gay shit
DEBUG: (src/list.c :87 :List_push) gay shit
DEBUG: (src/list.c :87 :List_push) gay shit
DEBUG: (src/list.c :87 :List_push) gay shit
DEBUG: (src/list.c :87 :List_push) gay shit
DEBUG: (src/list.c :87 :List_push) gay shit
DEBUG: (src/list.c :87 :List_push) gay shit
DEBUG: (src/list.c :87 :List_push) gay shit
DEBUG: (src/list.c :87 :List_push) gay shit
DEBUG: (src/list.c :87 :List_push) gay shit
DEBUG: (src/list.c :87 :List_push) gay shit
DEBUG: (src/list.c :87 :List_push) gay shit
DEBUG: (src/list.c :87 :List_push) gay shit
DEBUG: (src/list.c :87 :List_push) gay shit
DEBUG: (src/list.c :87 :List_push) gay shit
DEBUG: (src/list.c :87 :List_push) gay shit
DEBUG: (src/list.c :87 :List_push) gay shit
DEBUG: (src/list.c :87 :List_push) gay shit
DEBUG: (src/list.c :87 :List_push) gay shit
DEBUG: (src/list.c :87 :List_push) gay shit
DEBUG: (src/list.c :87 :List_push) gay shit
DEBUG: (src/list.c :87 :List_push) gay shit
DEBUG: (src/list.c :87 :List_push) gay shit
DEBUG: (src/list.c :87 :List_push) gay shit
DEBUG: (src/list.c :87 :List_push) gay shit
DEBUG: (src/list.c :87 :List_push) gay shit
DEBUG: (src/list.c :87 :List_push) gay shit
DEBUG: (src/list.c :87 :List_push) gay shit
DEBUG: (src/list.c :87 :List_push) gay shit
DEBUG: (src/list.c :87 :List_push) gay shit
DEBUG: (src/list.c :87 :List_push) gay shit
DEBUG: (src/list.c :87 :List_push) gay shit
DEBUG: (src/list.c :87 :List_push) gay shit
DEBUG: (src/list.c :87 :List_push) gay shit
DEBUG: (src/list.c :87 :List_push) gay shit
DEBUG: (src/list.c :87 :List_push) gay shit
DEBUG: (src/list.c :87 :List_push) gay shit
DEBUG: (src/list.c :87 :List_push) gay shit
DEBUG: (src/list.c :87 :List_push) gay shit
DEBUG: (src/list.c :87 :List_push) gay shit
DEBUG: (src/list.c :87 :List_push) gay shit
DEBUG: (src/list.c :87 :List_push) gay shit
DEBUG: (src/list.c :87 :List_push) gay shit
DEBUG: (src/list.c :87 :List_push) gay shit
DEBUG: (src/list.c :87 :List_push) gay shit
DEBUG: (src/list.c :87 :List_push) gay shit
DEBUG: (src/list.c :87 :List_push) gay shit
DEBUG: (src/list.c :87 :List_push) gay shit
DEBUG: (src/list.c :87 :List_push) gay shit
DEBUG: (src/list.c :87 :List_push) gay shit
DEBUG: (src/list.c :87 :List_push) gay shit
DEBUG: (src/list.c :87 :List_push) gay shit
DEBUG: (src/list.c :87 :List_push) gay shit
DEBUG: (src/list.c :87 :List_push) gay shit
DEBUG: (src/list.c :87 :List_push) gay shit
DEBUG: (src/list.c :87 :List_push) gay shit
DEBUG: (src/list.c :87 :List_push) gay shit
DEBUG: (src/list.c :87 :List_push) gay shit
DEBUG: (src/list.c :87 :List_push) gay shit
DEBUG: (src/list.c :87 :List_push) gay shit
DEBUG: (src/list.c :87 :List_push) gay shit
DEBUG: (src/list.c :87 :List_push) gay shit
DEBUG: (src/list.c :87 :List_push) gay shit
DEBUG: (src/list.c :87 :List_push) gay shit
DEBUG: (src/list.c :87 :List_push) gay shit
DEBUG: (src/list.c :87 :List_push) gay shit
DEBUG: (src/list.c :87 :List_push) gay shit
DEBUG: (src/list.c :87 :List_push) gay shit
DEBUG: (src/list.c :87 :List_push) gay shit
DEBUG: (src/list.c :87 :List_push) gay shit
DEBUG: (src/list.c :87 :List_push) gay shit
DEBUG: (src/list.c :87 :List_push) gay shit
DEBUG: (src/list.c :87 :List_push) gay shit
DEBUG: (src/list.c :87 :List_push) gay shit
DEBUG: (src/list.c :87 :List_push) gay shit
DEBUG: (src/list.c :87 :List_push) gay shit
DEBUG: (src/list.c :87 :List_push) gay shit
DEBUG: (src/list.c :87 :List_push) gay shit
DEBUG: (src/list.c :87 :List_push) gay shit
DEBUG: (src/list.c :87 :List_push) gay shit
DEBUG: (src/list.c :87 :List_push) gay shit
DEBUG: (src/list.c :87 :List_push) gay shit
DEBUG: (src/list.c :87 :List_push) gay shit
DEBUG: (src/list.c :87 :List_push) gay shit
DEBUG: (src/list.c :87 :List_push) gay shit
DEBUG: (src/list.c :87 :List_push) gay shit
DEBUG: (src/list.c :87 :List_push) gay shit
DEBUG: (src/list.c :87 :List_push) gay shit
DEBUG: (src/list.c :87 :List_push) gay shit
DEBUG: (src/list.c :87 :List_push) gay shit
DEBUG: (src/list.c :87 :List_push) gay shit
DEBUG: (src/list.c :87 :List_push) gay shit
DEBUG: (src/list.c :87 :List_push) gay shit
DEBUG: (src/list.c :87 :List_push) gay shit
DEBUG: (src/list.c :87 :List_push) gay shit
DEBUG: (src/list.c :87 :List_push) gay shit
DEBUG: (src/list.c :87 :List_push) gay shit
DEBUG: (src/list.c :87 :List_push) gay shit
DEBUG: (src/list.c :87 :List_push) gay shit
DEBUG: (src/list.c :87 :List_push) gay shit
DEBUG: (src/list.c :87 :List_push) gay shit
DEBUG: (src/list.c :87 :List_push) gay shit
DEBUG: (src/list.c :87 :List_push) gay shit
DEBUG: (src/list.c :87 :List_push) gay shit
DEBUG: (src/list.c :87 :List_push) gay shit
DEBUG: (src/list.c :87 :List_push) gay shit
DEBUG: (src/list.c :87 :List_push) gay shit
DEBUG: (src/list.c :87 :List_push) gay shit
DEBUG: (src/list.c :87 :List_push) gay shit
DEBUG: (src/list.c :87 :List_push) gay shit
DEBUG: (src/list.c :87 :List_push) gay shit
DEBUG: (src/list.c :87 :List_push) gay shit
DEBUG: (src/list.c :87 :List_push) gay shit
DEBUG: (src/list.c :87 :List_push) gay shit
DEBUG: (src/list.c :87 :List_push) gay shit
DEBUG: (src/list.c :87 :List_push) gay shit
DEBUG: (src/list.c :87 :List_push) gay shit
DEBUG: (src/list.c :87 :List_push) gay shit
DEBUG: (src/list.c :87 :List_push) gay shit
DEBUG: (src/list.c :87 :List_push) gay shit
DEBUG: (src/list.c :87 :List_push) gay shit
DEBUG: (src/list.c :87 :List_push) gay shit
DEBUG: (src/list.c :87 :List_push) gay shit
DEBUG: (src/list.c :87 :List_push) gay shit
DEBUG: (src/list.c :87 :List_push) gay shit
DEBUG: (src/list.c :87 :List_push) gay shit
DEBUG: (src/list.c :87 :List_push) gay shit
DEBUG: (src/list.c :87 :List_push) gay shit
DEBUG: (src/list.c :87 :List_push) gay shit
DEBUG: (src/list.c :87 :List_push) gay shit
DEBUG: (src/list.c :87 :List_push) gay shit
DEBUG: (src/list.c :87 :List_push) gay shit
DEBUG: (src/list.c :87 :List_push) gay shit
DEBUG: (src/list.c :87 :List_push) gay shit
DEBUG: (src/list.c :87 :List_push) gay shit
DEBUG: (src/list.c :87 :List_push) gay shit
DEBUG: (src/list.c :87 :List_push) gay shit
DEBUG: (src/list.c :87 :List_push) gay shit
DEBUG: (src/list.c :87 :List_push) gay shit
DEBUG: (src/list.c :87 :List_push) gay shit
DEBUG: (src/list.c :87 :List_push) gay shit
DEBUG: (src/list.c :87 :List_push) gay shit
DEBUG: (src/list.c :87 :List_push) gay shit
DEBUG: (src/list.c :87 :List_push) gay shit
DEBUG: (src/list.c :87 :List_push) gay shit
DEBUG: (src/list.c :87 :List_push) gay shit
DEBUG: (src/list.c :87 :List_push) gay shit
DEBUG: (src/list.c :87 :List_push) gay shit
DEBUG: (src/list.c :87 :List_push) gay shit
DEBUG: (src/list.c :87 :List_push) gay shit
DEBUG: (src/list.c :87 :List_push) gay shit
DEBUG: (src/list.c :87 :List_push) gay shit
DEBUG: (src/list.c :87 :List_push) gay shit
DEBUG: (src/list.c :87 :List_push) gay shit
DEBUG: (src/list.c :87 :List_push) gay shit
DEBUG: (src/list.c :87 :List_push) gay shit
DEBUG: (src/list.c :87 :List_push) gay shit
DEBUG: (src/list.c :87 :List_push) gay shit
DEBUG: (src/list.c :87 :List_push) gay shit
DEBUG: (src/list.c :87 :List_push) gay shit
DEBUG: (src/list.c :87 :List_push) gay shit
DEBUG: (src/list.c :87 :List_push) gay shit
DEBUG: (src/list.c :87 :List_push) gay shit
DEBUG: (src/list.c :87 :List_push) gay shit
DEBUG: (src/list.c :87 :List_push) gay shit
DEBUG: (src/list.c :87 :List_push) gay shit
DEBUG: (src/list.c :87 :List_push) gay shit
DEBUG: (src/list.c :87 :List_push) gay shit
DEBUG: (src/list.c :87 :List_push) gay shit
DEBUG: (src/list.c :87 :List_push) gay shit
DEBUG: (src/list.c :87 :List_push) gay shit
DEBUG: (src/list.c :87 :List_push) gay shit
DEBUG: (src/list.c :87 :List_push) gay shit
DEBUG: (src/list.c :87 :List_push) gay shit
DEBUG: (src/list.c :87 :List_push) gay shit
DEBUG: (src/list.c :87 :List_push) gay shit
DEBUG: (src/list.c :87 :List_push) gay shit
DEBUG: (src/list.c :87 :List_push) gay shit
DEBUG: (src/list.c :87 :List_push) gay shit
DEBUG: (src/list.c :87 :List_push) gay shit
DEBUG: (src/list.c :87 :List_push) gay shit
DEBUG: (src/list.c :87 :List_push) gay shit
DEBUG: (src/list.c :87 :List_push) gay shit
DEBUG: (src/list.c :87 :List_push) gay shit
DEBUG: (src/list.c :87 :List_push) gay shit
DEBUG: (src/list.c :87 :List_push) gay shit
DEBUG: (src/list.c :87 :List_push) gay shit
DEBUG: (src/list.c :87 :List_push) gay shit
DEBUG: (src/list.c :87 :List_push) gay shit
DEBUG: (src/list.c :87 :List_push) gay shit
DEBUG: (src/list.c :87 :List_push) gay shit
DEBUG: (src/list.c :87 :List_push) gay shit
DEBUG: (src/list.c :87 :List_push) gay shit
DEBUG: (src/list.c :87 :List_push) gay shit
DEBUG: (src/list.c :87 :List_push) gay shit
DEBUG: (src/list.c :87 :List_push) gay shit
DEBUG: (src/list.c :87 :List_push) gay shit
DEBUG: (src/list.c :87 :List_push) gay shit
DEBUG: (src/list.c :87 :List_push) gay shit
DEBUG: (src/list.c :87 :List_push) gay shit
DEBUG: (src/list.c :87 :List_push) gay shit
DEBUG: (src/list.c :87 :List_push) gay shit
DEBUG: (src/list.c :87 :List_push) gay shit
DEBUG: (src/list.c :87 :List_push) gay shit
DEBUG: (src/list.c :87 :List_push) gay shit
DEBUG: (src/list.c :87 :List_push) gay shit
DEBUG: (src/list.c :87 :List_push) gay shit
DEBUG: (src/list.c :87 :List_push) gay shit
DEBUG: (src/list.c :87 :List_push) gay shit
DEBUG: (src/list.c :87 :List_push) gay shit
DEBUG: (src/list.c :87 :List_push) gay shit
DEBUG: (src/list.c :87 :List_push) gay shit
DEBUG: (src/list.c :87 :List_push) gay shit
DEBUG: (src/list.c :87 :List_push) gay shit
DEBUG: (src/list.c :87 :List_push) gay shit
DEBUG: (src/list.c :87 :List_push) gay shit
DEBUG: (src/list.c :87 :List_push) gay shit
DEBUG: (src/list.c :87 :List_push) gay shit
DEBUG: (src/list.c :87 :List_push) gay shit
DEBUG: (src/list.c :87 :List_push) gay shit
DEBUG: (src/list.c :87 :List_push) gay shit
DEBUG: (src/list.c :87 :List_push) gay shit
DEBUG: (src/list.c :87 :List_push) gay shit
DEBUG: (src/list.c :87 :List_push) gay shit
DEBUG: (src/list.c :87 :List_push) gay shit
DEBUG: (src/list.c :87 :List_push) gay shit
DEBUG: (src/list.c :87 :List_push) gay shit
DEBUG: (src/list.c :87 :List_push) gay shit
DEBUG: (src/list.c :87 :List_push) gay shit
DEBUG: (src/list.c :87 :List_push) gay shit
DEBUG: (src/list.c :87 :List_push) gay shit
DEBUG: (src/list.c :87 :List_push) gay shit
DEBUG: (src/list.c :87 :List_push) gay shit
DEBUG: (src/list.c :87 :List_push) gay shit
DEBUG: (src/list.c :87 :List_push) gay shit
DEBUG: (src/list.c :87 :List_push) gay shit
DEBUG: (src/list.c :87 :List_push) gay shit
DEBUG: (src/list.c :87 :List_push) gay shit
DEBUG: (src/list.c :87 :List_push) gay shit
DEBUG: (src/list.c :87 :List_push) gay shit
DEBUG: (src/list.c :87 :List_push) gay shit
DEBUG: (src/list.c :87 :List_push) gay shit
DEBUG: (src/list.c :87 :List_push) gay shit
DEBUG: (src/list.c :87 :List_push) gay shit
DEBUG: (src/list.c :87 :List_push) gay shit
DEBUG: (src/list.c :87 :List_push) gay shit
DEBUG: (src/list.c :87 :List_push) gay shit
DEBUG: (src/list.c :87 :List_push) gay shit
DEBUG: (src/list.c :87 :List_push) gay shit
DEBUG: (src/list.c :87 :List_push) gay shit
DEBUG: (src/list.c :87 :List_push) gay shit
DEBUG: (src/list.c :87 :List_push) gay shit
DEBUG: (src/list.c :87 :List_push) gay shit
DEBUG: (src/list.c :87 :List_push) gay shit
DEBUG: (src/list.c :87 :List_push) gay shit
DEBUG: (src/list.c :87 :List_push) gay shit
DEBUG: (src/list.c :87 :List_push) gay shit
DEBUG: (src/list.c :87 :List_push) gay shit
DEBUG: (src/list.c :87 :List_push) gay shit
DEBUG: (src/list.c :87 :List_push) gay shit
DEBUG: (src/list.c :87 :List_push) gay shit
DEBUG: (src/list.c :87 :List_push) gay shit
DEBUG: (src/list.c :87 :List_push) gay shit
DEBUG: (src/list.c :87 :List_push) gay shit
DEBUG: (src/list.c :87 :List_push) gay shit
DEBUG: (src/list.c :87 :List_push) gay shit
DEBUG: (src/list.c :87 :List_push) gay shit
DEBUG: (src/list.c :87 :List_push) gay shit
DEBUG: (src/list.c :87 :List_push) gay shit
DEBUG: (src/list.c :87 :List_push) gay shit
DEBUG: (src/list.c :87 :List_push) gay shit
DEBUG: (src/list.c :87 :List_push) gay shit
DEBUG: (src/list.c :87 :List_push) gay shit
DEBUG: (src/list.c :87 :List_push) gay shit
DEBUG: (src/list.c :87 :List_push) gay shit
DEBUG: (src/list.c :87 :List_push) gay shit
DEBUG: (src/list.c :87 :List_push) gay shit
DEBUG: (src/list.c :87 :List_push) gay shit
DEBUG: (src/list.c :87 :List_push) gay shit
DEBUG: (src/list.c :87 :List_push) gay shit
DEBUG: (src/list.c :87 :List_push) gay shit
DEBUG: (src/list.c :87 :List_push) gay shit
DEBUG: (src/list.c :87 :List_push) gay shit
DEBUG: (src/list.c :87 :List_push) gay shit
DEBUG: (src/list.c :87 :List_push) gay shit
DEBUG: (src/list.c :87 :List_push) gay shit
DEBUG: (src/list.c :87 :List_push) gay shit
DEBUG: (src/list.c :87 :List_push) gay shit
DEBUG: (src/list.c :87 :List_push) gay shit
DEBUG: (src/list.c :87 :List_push) gay shit
DEBUG: (src/list.c :87 :List_push) gay shit
DEBUG: (src/list.c :87 :List_push) gay shit
DEBUG: (src/list.c :87 :List_push) gay shit
DEBUG: (src/list.c :87 :List_push) gay shit
DEBUG: (src/list.c :87 :List_push) gay shit
DEBUG: (src/list.c :87 :List_push) gay shit
DEBUG: (src/list.c :87 :List_push) gay shit
DEBUG: (src/list.c :87 :List_push) gay shit
DEBUG: (src/list.c :87 :List_push) gay shit
DEBUG: (src/list.c :87 :List_push) gay shit
DEBUG: (src/list.c :87 :List_push) gay shit
DEBUG: (src/list.c :87 :List_push) gay shit
DEBUG: (src/list.c :87 :List_push) gay shit
DEBUG: (src/list.c :87 :List_push) gay shit
DEBUG: (src/list.c :87 :List_push) gay shit
DEBUG: (src/list.c :87 :List_push) gay shit
DEBUG: (src/list.c :87 :List_push) gay shit
DEBUG: (src/list.c :87 :List_push) gay shit
DEBUG: (src/list.c :87 :List_push) gay shit
DEBUG: (src/list.c :87 :List_push) gay shit
DEBUG: (src/list.c :87 :List_push) gay shit
DEBUG: (src/list.c :87 :List_push) gay shit
DEBUG: (src/list.c :87 :List_push) gay shit
DEBUG: (src/list.c :87 :List_push) gay shit
DEBUG: (src/list.c :87 :List_push) gay shit
DEBUG: (src/list.c :87 :List_push) gay shit
DEBUG: (src/list.c :87 :List_push) gay shit
DEBUG: (src/list.c :87 :List_push) gay shit
DEBUG: (src/list.c :87 :List_push) gay shit
DEBUG: (src/list.c :87 :List_push) gay shit
DEBUG: (src/list.c :87 :List_push) gay shit
DEBUG: (src/list.c :87 :List_push) gay shit
DEBUG: (src/list.c :87 :List_push) gay shit
DEBUG: (src/list.c :87 :List_push) gay shit
DEBUG: (src/list.c :87 :List_push) gay shit
DEBUG: (src/list.c :87 :List_push) gay shit
DEBUG: (src/list.c :87 :List_push) gay shit
DEBUG: (src/list.c :87 :List_push) gay shit
DEBUG: (src/list.c :87 :List_push) gay shit
DEBUG: (src/list.c :87 :List_push) gay shit
DEBUG: (src/list.c :87 :List_push) gay shit
DEBUG: (src/list.c :87 :List_push) gay shit
DEBUG: (src/list.c :87 :List_push) gay shit
DEBUG: (src/list.c :87 :List_push) gay shit
DEBUG: (src/list.c :87 :List_push) gay shit
DEBUG: (src/list.c :87 :List_push) gay shit
DEBUG: (src/list.c :87 :List_push) gay shit
DEBUG: (src/list.c :87 :List_push) gay shit
DEBUG: (src/list.c :87 :List_push) gay shit
DEBUG: (src/list.c :87 :List_push) gay shit
DEBUG: (src/list.c :87 :List_push) gay shit
DEBUG: (src/list.c :87 :List_push) gay shit
DEBUG: (src/list.c :87 :List_push) gay shit
DEBUG: (src/list.c :87 :List_push) gay shit
DEBUG: (src/list.c :87 :List_push) gay shit
DEBUG: (src/list.c :87 :List_push) gay shit
DEBUG: (src/list.c :87 :List_push) gay shit
DEBUG: (src/list.c :87 :List_push) gay shit
DEBUG: (src/list.c :87 :List_push) gay shit
DEBUG: (src/list.c :87 :List_push) gay shit
DEBUG: (src/list.c :87 :List_push) gay shit
DEBUG: (src/list.c :87 :List_push) gay shit
DEBUG: (src/list.c :87 :List_push) gay shit
DEBUG: (src/list.c :87 :List_push) gay shit
DEBUG: (src/list.c :87 :List_push) gay shit
DEBUG: (src/list.c :87 :List_push) gay shit
DEBUG: (src/list.c :87 :List_push) gay shit
DEBUG: (src/list.c :87 :List_push) gay shit
DEBUG: (src/list.c :87 :List_push) gay shit
DEBUG: (src/list.c :87 :List_push) gay shit
DEBUG: (src/list.c :87 :List_push) gay shit
DEBUG: (src/list.c :87 :List_push) gay shit
DEBUG: (src/list.c :87 :List_push) gay shit
DEBUG: (src/list.c :87 :List_push) gay shit
DEBUG: (src/list.c :87 :List_push) gay shit
DEBUG: (src/list.c :87 :List_push) gay shit
DEBUG: (src/list.c :87 :List_push) gay shit
DEBUG: (src/list.c :87 :List_push) gay shit
DEBUG: (src/list.c :87 :List_push) gay shit
DEBUG: (src/list.c :87 :List_push) gay shit
DEBUG: (src/list.c :87 :List_push) gay shit
DEBUG: (src/list.c :87 :List_push) gay shit
DEBUG: (src/list.c :87 :List_push) gay shit
DEBUG: (src/list.c :87 :List_push) gay shit
DEBUG: (src/list.c :87 :List_push) gay shit
DEBUG: (src/list.c :87 :List_push) gay shit
DEBUG: (src/list.c :87 :List_push) gay shit
DEBUG: (src/list.c :87 :List_push) gay shit
DEBUG: (src/list.c :87 :List_push) gay shit
DEBUG: (src/list.c :87 :List_push) gay shit
DEBUG: (src/list.c :87 :List_push) gay shit
DEBUG: (src/list.c :87 :List_push) gay shit
DEBUG: (src/list.c :87 :List_push) gay shit
DEBUG: (src/list.c :87 :List_push) gay shit
DEBUG: (src/list.c :87 :List_push) gay shit
DEBUG: (src/list.c :87 :List_push) gay shit
DEBUG: (src/list.c :87 :List_push) gay shit
DEBUG: (src/list.c :87 :List_push) gay shit
DEBUG: (src/list.c :87 :List_push) gay shit
DEBUG: (src/list.c :87 :List_push) gay shit
DEBUG: (src/list.c :87 :List_push) gay shit
DEBUG: (src/list.c :87 :List_push) gay shit
DEBUG: (src/list.c :87 :List_push) gay shit
DEBUG: (src/list.c :87 :List_push) gay shit
DEBUG: (src/list.c :87 :List_push) gay shit
DEBUG: (src/list.c :87 :List_push) gay shit
DEBUG: (src/list.c :87 :List_push) gay shit
DEBUG: (src/list.c :87 :List_push) gay shit
DEBUG: (src/list.c :87 :List_push) gay shit
DEBUG: (src/list.c :87 :List_push) gay shit
DEBUG: (src/list.c :87 :List_push) gay shit
DEBUG: (src/list.c :87 :List_push) gay shit
DEBUG: (src/list.c :87 :List_push) gay shit
DEBUG: (src/list.c :87 :List_push) gay shit
DEBUG: (src/list.c :87 :List_push) gay shit
DEBUG: (src/list.c :87 :List_push) gay shit
DEBUG: (src/list.c :87 :List_push) gay shit
DEBUG: (src/list.c :87 :List_push) gay shit
DEBUG: (src/list.c :87 :List_push) gay shit
DEBUG: (src/list.c :87 :List_push) gay shit
DEBUG: (src/list.c :87 :List_push) gay shit
DEBUG: (src/list.c :87 :List_push) gay shit
DEBUG: (src/list.c :87 :List_push) gay shit
DEBUG: (src/list.c :87 :List_push) gay shit
DEBUG: (src/list.c :87 :List_push) gay shit
DEBUG: (src/list.c :87 :List_push) gay shit
DEBUG: (src/list.c :87 :List_push) gay shit
DEBUG: (src/list.c :87 :List_push) gay shit
DEBUG: (src/list.c :87 :List_push) gay shit
DEBUG: (src/list.c :87 :List_push) gay shit
DEBUG: (src/list.c :87 :List_push) gay shit
DEBUG: (src/list.c :87 :List_push) gay shit
DEBUG: (src/list.c :87 :List_push) gay shit
DEBUG: (src/list.c :87 :List_push) gay shit
DEBUG: (src/list.c :87 :List_push) gay shit
DEBUG: (src/list.c :87 :List_push) gay shit
DEBUG: (src/list.c :87 :List_push) gay shit
DEBUG: (src/list.c :87 :List_push) gay shit
DEBUG: (src/list.c :87 :List_push) gay shit
DEBUG: (src/list.c :87 :List_push) gay shit
DEBUG: (src/list.c :87 :List_push) gay shit
DEBUG: (src/list.c :87 :List_push) gay shit
DEBUG: (src/list.c :87 :List_push) gay shit
DEBUG: (src/list.c :87 :List_push) gay shit
DEBUG: (src/list.c :87 :List_push) gay shit
DEBUG: (src/list.c :87 :List_push) gay shit
DEBUG: (src/list.c :87 :List_push) gay shit
DEBUG: (src/list.c :87 :List_push) gay shit
DEBUG: (src/list.c :87 :List_push) gay shit
DEBUG: (src/list.c :87 :List_push) gay shit
DEBUG: (src/list.c :87 :List_push) gay shit
DEBUG: (src/list.c :87 :List_push) gay shit
DEBUG: (src/list.c :87 :List_push) gay shit
DEBUG: (src/list.c :87 :List_push) gay shit
DEBUG: (src/list.c :87 :List_push) gay shit
DEBUG: (src/list.c :87 :List_push) gay shit
DEBUG: (src/list.c :87 :List_push) gay shit
DEBUG: (src/list.c :87 :List_push) gay shit
DEBUG: (src/list.c :87 :List_push) gay shit
DEBUG: (src/list.c :87 :List_push) gay shit
DEBUG: (src/list.c :87 :List_push) gay shit
DEBUG: (src/list.c :87 :List_push) gay shit
DEBUG: (src/list.c :87 :List_push) gay shit
DEBUG: (src/list.c :87 :List_push) gay shit
DEBUG: (src/list.c :87 :List_push) gay shit
DEBUG: (src/list.c :87 :List_push) gay shit
DEBUG: (src/list.c :87 :List_push) gay shit
DEBUG: (src/list.c :87 :List_push) gay shit
DEBUG: (src/list.c :87 :List_push) gay shit
DEBUG: (src/list.c :87 :List_push) gay shit
DEBUG: (src/list.c :87 :List_push) gay shit
DEBUG: (src/list.c :87 :List_push) gay shit
DEBUG: (src/list.c :87 :List_push) gay shit
DEBUG: (src/list.c :87 :List_push) gay shit
DEBUG: (src/list.c :87 :List_push) gay shit
DEBUG: (src/list.c :87 :List_push) gay shit
DEBUG: (src/list.c :87 :List_push) gay shit
DEBUG: (src/list.c :87 :List_push) gay shit
DEBUG: (src/list.c :87 :List_push) gay shit
DEBUG: (src/list.c :87 :List_push) gay shit
DEBUG: (src/list.c :87 :List_push) gay shit
DEBUG: (src/list.c :87 :List_push) gay shit
DEBUG: (src/list.c :87 :List_push) gay shit
DEBUG: (src/list.c :87 :List_push) gay shit
DEBUG: (src/list.c :87 :List_push) gay shit
DEBUG: (src/list.c :87 :List_push) gay shit
DEBUG: (src/list.c :87 :List_push) gay shit
DEBUG: (src/list.c :87 :List_push) gay shit
DEBUG: (src/list.c :87 :List_push) gay shit
DEBUG: (src/list.c :87 :List_push) gay shit
DEBUG: (src/list.c :87 :List_push) gay shit
DEBUG: (src/list.c :87 :List_push) gay shit
DEBUG: (src/list.c :87 :List_push) gay shit
DEBUG: (src/list.c :87 :List_push) gay shit
DEBUG: (src/list.c :87 :List_push) gay shit
DEBUG: (src/list.c :87 :List_push) gay shit
DEBUG: (src/list.c :87 :List_push) gay shit
DEBUG: (src/list.c :87 :List_push) gay shit
DEBUG: (src/list.c :87 :List_push) gay shit
DEBUG: (src/list.c :87 :List_push) gay shit
DEBUG: (src/list.c :87 :List_push) gay shit
DEBUG: (src/list.c :87 :List_push) gay shit
DEBUG: (src/list.c :87 :List_push) gay shit
DEBUG: (src/list.c :87 :List_push) gay shit
DEBUG: (src/list.c :87 :List_push) gay shit
DEBUG: (src/list.c :87 :List_push) gay shit
DEBUG: (src/list.c :87 :List_push) gay shit
DEBUG: (src/list.c :87 :List_push) gay shit
DEBUG: (src/list.c :87 :List_push) gay shit
DEBUG: (src/list.c :87 :List_push) gay shit
DEBUG: (src/list.c :87 :List_push) gay shit
DEBUG: (src/list.c :87 :List_push) gay shit
DEBUG: (src/list.c :87 :List_push) gay shit
DEBUG: (src/list.c :87 :List_push) gay shit
DEBUG: (src/list.c :87 :List_push) gay shit
DEBUG: (src/list.c :87 :List_push) gay shit
DEBUG: (src/list.c :87 :List_push) gay shit
DEBUG: (src/list.c :87 :List_push) gay shit
DEBUG: (src/list.c :87 :List_push) gay shit
DEBUG: (src/list.c :87 :List_push) gay shit
DEBUG: (src/list.c :87 :List_push) gay shit
DEBUG: (src/list.c :87 :List_push) gay shit
DEBUG: (src/list.c :87 :List_push) gay shit
DEBUG: (src/list.c :87 :List_push) gay shit
DEBUG: (src/list.c :87 :List_push) gay shit
DEBUG: (src/list.c :87 :List_push) gay shit
DEBUG: (src/list.c :87 :List_push) gay shit
DEBUG: (src/list.c :87 :List_push) gay shit
DEBUG: (src/list.c :87 :List_push) gay shit
DEBUG: (src/list.c :87 :List_push) gay shit
DEBUG: (src/list.c :87 :List_push) gay shit
DEBUG: (src/list.c :87 :List_push) gay shit
DEBUG: (src/list.c :87 :List_push) gay shit
DEBUG: (src/list.c :87 :List_push) gay shit
DEBUG: (src/list.c :87 :List_push) gay shit
DEBUG: (src/list.c :87 :List_push) gay shit
DEBUG: (src/list.c :87 :List_push) gay shit
DEBUG: (src/list.c :87 :List_push) gay shit
DEBUG: (src/list.c :87 :List_push) gay shit
DEBUG: (src/list.c :87 :List_push) gay shit
DEBUG: (src/list.c :87 :List_push) gay shit
DEBUG: (src/list.c :87 :List_push) gay shit
DEBUG: (src/list.c :87 :List_push) gay shit
DEBUG: (src/list.c :87 :List_push) gay shit
DEBUG: (src/list.c :87 :List_push) gay shit
DEBUG: (src/list.c :87 :List_push) gay shit
DEBUG: (src/list.c :87 :List_push) gay shit
DEBUG: (src/list.c :87 :List_push) gay shit
DEBUG: (src/list.c :87 :List_push) gay shit
DEBUG: (src/list.c :87 :List_push) gay shit
DEBUG: (src/list.c :87 :List_push) gay shit
DEBUG: (src/list.c :87 :List_push) gay shit
DEBUG: (src/list.c :87 :List_push) gay shit
DEBUG: (src/list.c :87 :List_push) gay shit
DEBUG: (src/list.c :87 :List_push) gay shit
DEBUG: (src/list.c :87 :List_push) gay shit
DEBUG: (src/list.c :87 :List_push) gay shit
DEBUG: (src/list.c :87 :List_push) gay shit
DEBUG: (src/list.c :87 :List_push) gay shit
DEBUG: (src/list.c :87 :List_push) gay shit
DEBUG: (src/list.c :87 :List_push) gay shit
DEBUG: (src/list.c :87 :List_push) gay shit
DEBUG: (src/list.c :87 :List_push) gay shit
DEBUG: (src/list.c :87 :List_push) gay shit
DEBUG: (src/list.c :87 :List_push) gay shit
DEBUG: (src/list.c :87 :List_push) gay shit
DEBUG: (src/list.c :87 :List_push) gay shit
DEBUG: (src/list.c :87 :List_push) gay shit
DEBUG: (src/list.c :87 :List_push) gay shit
DEBUG: (src/list.c :87 :List_push) gay shit
DEBUG: (src/list.c :87 :List_push) gay shit
DEBUG: (src/list.c :87 :List_push) gay shit
DEBUG: (src/list.c :87 :List_push) gay shit
DEBUG: (src/list.c :87 :List_push) gay shit
DEBUG: (src/list.c :87 :List_push) gay shit
DEBUG: (src/list.c :87 :List_push) gay shit
DEBUG: (src/list.c :87 :List_push) gay shit
DEBUG: (src/list.c :87 :List_push) gay shit
DEBUG: (src/list.c :87 :List_push) gay shit
DEBUG: (src/list.c :87 :List_push) gay shit
DEBUG: (src/list.c :87 :List_push) gay shit
DEBUG: (src/list.c :87 :List_push) gay shit
DEBUG: (src/list.c :87 :List_push) gay shit
DEBUG: (src/list.c :87 :List_push) gay shit
DEBUG: (src/list.c :87 :List_push) gay shit
DEBUG: (src/list.c :87 :List_push) gay shit
DEBUG: (src/list.c :87 :List_push) gay shit
DEBUG: (src/list.c :87 :List_push) gay shit
DEBUG: (src/list.c :87 :List_push) gay shit
DEBUG: (src/list.c :87 :List_push) gay shit
DEBUG: (src/list.c :87 :List_push) gay shit
DEBUG: (src/list.c :87 :List_push) gay shit
DEBUG: (src/list.c :87 :List_push) gay shit
DEBUG: (src/list.c :87 :List_push) gay shit
DEBUG: (src/list.c :87 :List_push) gay shit
DEBUG: (src/list.c :87 :List_push) gay shit
DEBUG: (src/list.c :87 :List_push) gay shit
DEBUG: (src/list.c :87 :List_push) gay shit
DEBUG: (src/list.c :87 :List_push) gay shit
DEBUG: (src/list.c :87 :List_push) gay shit
DEBUG: (src/list.c :87 :List_push) gay shit
DEBUG: (src/list.c :87 :List_push) gay shit
DEBUG: (src/list.c :87 :List_push) gay shit
DEBUG: (src/list.c :87 :List_push) gay shit
DEBUG: (src/list.c :87 :List_push) gay shit
DEBUG: (src/list.c :87 :List_push) gay shit
DEBUG: (src/list.c :87 :List_push) gay shit
DEBUG: (src/list.c :87 :List_push) gay shit
DEBUG: (src/list.c :87 :List_push) gay shit
DEBUG: (src/list.c :87 :List_push) gay shit
DEBUG: (src/list.c :87 :List_push) gay shit
DEBUG: (src/list.c :87 :List_push) gay shit
DEBUG: (src/list.c :87 :List_push) gay shit
DEBUG: (src/list.c :87 :List_push) gay shit
DEBUG: (src/list.c :87 :List_push) gay shit
DEBUG: (src/list.c :87 :List_push) gay shit
DEBUG: (src/list.c :87 :List_push) gay shit
DEBUG: (src/list.c :87 :List_push) gay shit
DEBUG: (src/list.c :87 :List_push) gay shit
DEBUG: (src/list.c :87 :List_push) gay shit
DEBUG: (src/list.c :87 :List_push) gay shit
DEBUG: (src/list.c :87 :List_push) gay shit
DEBUG: (src/list.c :87 :List_push) gay shit
DEBUG: (src/list.c :87 :List_push) gay shit
DEBUG: (src/list.c :87 :List_push) gay shit
DEBUG: (src/list.c :87 :List_push) gay shit
DEBUG: (src/list.c :87 :List_push) gay shit
DEBUG: (src/list.c :87 :List_push) gay shit
DEBUG: (src/list.c :87 :List_push) gay shit
DEBUG: (src/list.c :87 :List_push) gay shit
DEBUG: (src/list.c :87 :List_push) gay shit
DEBUG: (src/list.c :87 :List_push) gay shit
DEBUG: (src/list.c :87 :List_push) gay shit
DEBUG: (src/list.c :87 :List_push) gay shit
DEBUG: (src/list.c :87 :List_push) gay shit
DEBUG: (src/list.c :87 :List_push) gay shit
DEBUG: (src/list.c :87 :List_push) gay shit
DEBUG: (src/list.c :87 :List_push) gay shit
DEBUG: (src/list.c :87 :List_push) gay shit
DEBUG: (src/list.c :87 :List_push) gay shit
DEBUG: (src/list.c :87 :List_push) gay shit
DEBUG: (src/list.c :87 :List_push) gay shit
DEBUG: (src/list.c :87 :List_push) gay shit
DEBUG: (src/list.c :87 :List_push) gay shit
DEBUG: (src/list.c :87 :List_push) gay shit
DEBUG: (src/list.c :87 :List_push) gay shit
DEBUG: (src/list.c :87 :List_push) gay shit
DEBUG: (src/list.c :87 :List_push) gay shit
DEBUG: (src/list.c :87 :List_push) gay shit
DEBUG: (src/list.c :87 :List_push) gay shit
DEBUG: (src/list.c :87 :List_push) gay shit
DEBUG: (src/list.c :87 :List_push) gay shit
DEBUG: (src/list.c :87 :List_push) gay shit
DEBUG: (src/list.c :87 :List_push) gay shit
DEBUG: (src/list.c :87 :List_push) gay shit
DEBUG: (src/list.c :87 :List_push) gay shit
DEBUG: (src/list.c :87 :List_push) gay shit
DEBUG: (src/list.c :87 :List_push) gay shit
DEBUG: (src/list.c :87 :List_push) gay shit
DEBUG: (src/list.c :87 :List_push) gay shit
DEBUG: (src/list.c :87 :List_push) gay shit
DEBUG: (src/list.c :87 :List_push) gay shit
DEBUG: (src/list.c :87 :List_push) gay shit
DEBUG: (src/list.c :87 :List_push) gay shit
DEBUG: (src/list.c :87 :List_push) gay shit
DEBUG: (src/list.c :87 :List_push) gay shit
DEBUG: (src/list.c :87 :List_push) gay shit
DEBUG: (src/list.c :87 :List_push) gay shit
DEBUG: (src/list.c :87 :List_push) gay shit
DEBUG: (src/list.c :87 :List_push) gay shit
DEBUG: (src/list.c :87 :List_push) gay shit
DEBUG: (src/list.c :87 :List_push) gay shit
DEBUG: (src/list.c :87 :List_push) gay shit
DEBUG: (src/list.c :87 :List_push) gay shit
DEBUG: (src/list.c :87 :List_push) gay shit
DEBUG: (src/list.c :87 :List_push) gay shit
DEBUG: (src/list.c :87 :List_push) gay shit
DEBUG: (src/list.c :87 :List_push) gay shit
DEBUG: (src/list.c :87 :List_push) gay shit
DEBUG: (src/list.c :87 :List_push) gay shit
DEBUG: (src/list.c :87 :List_push) gay shit
DEBUG: (src/list.c :87 :List_push) gay shit
DEBUG: (src/list.c :87 :List_push) gay shit
DEBUG: (src/list.c :87 :List_push) gay shit
DEBUG: (src/list.c :87 :List_push) gay shit
DEBUG: (src/list.c :87 :List_push) gay shit
DEBUG: (src/list.c :87 :List_push) gay shit
DEBUG: (src/list.c :87 :List_push) gay shit
DEBUG: (src/list.c :87 :List_push) gay shit
DEBUG: (src/list.c :87 :List_push) gay shit
DEBUG: (src/list.c :87 :List_push) gay shit
DEBUG: (src/list.c :87 :List_push) gay shit
DEBUG: (src/list.c :87 :List_push) gay shit
DEBUG: (src/list.c :87 :List_push) gay shit
DEBUG: (src/list.c :87 :List_push) gay shit
DEBUG: (src/list.c :87 :List_push) gay shit
DEBUG: (src/list.c :87 :List_push) gay shit
DEBUG: (src/list.c :87 :List_push) gay shit
DEBUG: (src/list.c :87 :List_push) gay shit
DEBUG: (src/list.c :87 :List_push) gay shit
DEBUG: (src/list.c :87 :List_push) gay shit
DEBUG: (src/list.c :87 :List_push) gay shit
DEBUG: (src/list.c :87 :List_push) gay shit
DEBUG: (src/list.c :87 :List_push) gay shit
DEBUG: (src/list.c :87 :List_push) gay shit
DEBUG: (src/list.c :87 :List_push) gay shit
DEBUG: (src/list.c :87 :List_push) gay shit
DEBUG: (src/list.c :87 :List_push) gay shit
DEBUG: (src/list.c :87 :List_push) gay shit
DEBUG: (src/list.c :87 :List_push) gay shit
DEBUG: (src/list.c :87 :List_push) gay shit
DEBUG: (src/list.c :87 :List_push) gay shit
DEBUG: (src/list.c :87 :List_push) gay shit
DEBUG: (src/list.c :87 :List_push) gay shit
DEBUG: (src/list.c :87 :List_push) gay shit
DEBUG: (src/list.c :87 :List_push) gay shit
DEBUG: (src/list.c :87 :List_push) gay shit
DEBUG: (src/list.c :87 :List_push) gay shit
DEBUG: (src/list.c :87 :List_push) gay shit
DEBUG: (src/list.c :87 :List_push) gay shit
DEBUG: (src/list.c :87 :List_push) gay shit
DEBUG: (src/list.c :87 :List_push) gay shit
DEBUG: (src/list.c :87 :List_push) gay shit
DEBUG: (src/list.c :87 :List_push) gay shit
DEBUG: (src/list.c :87 :List_push) gay shit
DEBUG: (src/list.c :87 :List_push) gay shit
DEBUG: (src/list.c :87 :List_push) gay shit
DEBUG: (src/list.c :87 :List_push) gay shit
DEBUG: (src/list.c :87 :List_push) gay shit
DEBUG: (src/list.c :87 :List_push) gay shit
DEBUG: (src/list.c :87 :List_push) gay shit
DEBUG: (src/list.c :87 :List_push) gay shit
DEBUG: (src/list.c :87 :List_push) gay shit
DEBUG: (src/list.c :87 :List_push) gay shit
DEBUG: (src/list.c :87 :List_push) gay shit
DEBUG: (src/list.c :87 :List_push) gay shit
DEBUG: (src/list.c :87 :List_push) gay shit
DEBUG: (src/list.c :87 :List_push) gay shit
DEBUG: (src/list.c :87 :List_push) gay shit
DEBUG: (src/list.c :87 :List_push) gay shit
DEBUG: (src/list.c :87 :List_push) gay shit
DEBUG: (src/list.c :87 :List_push) gay shit
DEBUG: (src/list.c :87 :List_push) gay shit
DEBUG: (src/list.c :87 :List_push) gay shit
DEBUG: (src/list.c :87 :List_push) gay shit
DEBUG: (src/list.c :87 :List_push) gay shit
DEBUG: (src/list.c :87 :List_push) gay shit
DEBUG: (src/list.c :87 :List_push) gay shit
DEBUG: (src/list.c :87 :List_push) gay shit
DEBUG: (src/list.c :87 :List_push) gay shit
DEBUG: (src/list.c :87 :List_push) gay shit
DEBUG: (src/list.c :87 :List_push) gay shit
DEBUG: (src/list.c :87 :List_push) gay shit
DEBUG: (src/list.c :87 :List_push) gay shit
DEBUG: (src/list.c :87 :List_push) gay shit
DEBUG: (src/list.c :87 :List_push) gay shit
DEBUG: (src/list.c :87 :List_push) gay shit
DEBUG: (src/list.c :87 :List_push) gay shit
DEBUG: (src/list.c :87 :List_push) gay shit
DEBUG: (src/list.c :87 :List_push) gay shit
DEBUG: (src/list.c :87 :List_push) gay shit
DEBUG: (src/list.c :87 :List_push) gay shit
DEBUG: (src/list.c :87 :List_push) gay shit
DEBUG: (src/list.c :87 :List_push) gay shit
DEBUG: (src/list.c :87 :List_push) gay shit
DEBUG: (src/list.c :87 :List_push) gay shit
DEBUG: (src/list.c :87 :List_push) gay shit
DEBUG: (src/list.c :87 :List_push) gay shit
DEBUG: (src/list.c :87 :List_push) gay shit
DEBUG: (src/list.c :87 :List_push) gay shit
DEBUG: (src/list.c :87 :List_push) gay shit
DEBUG: (src/list.c :87 :List_push) gay shit
DEBUG: (src/list.c :87 :List_push) gay shit
DEBUG: (src/list.c :87 :List_push) gay shit
DEBUG: (src/list.c :87 :List_push) gay shit
DEBUG: (src/list.c :87 :List_push) gay shit
DEBUG: (src/list.c :87 :List_push) gay shit
DEBUG: (src/list.c :87 :List_push) gay shit
DEBUG: (src/list.c :87 :List_push) gay shit
DEBUG: (src/list.c :87 :List_push) gay shit
DEBUG: (src/list.c :87 :List_push) gay shit
DEBUG: (src/list.c :87 :List_push) gay shit
DEBUG: (src/list.c :87 :List_push) gay shit
DEBUG: (src/list.c :87 :List_push) gay shit
DEBUG: (src/list.c :87 :List_push) gay shit
DEBUG: (src/list.c :87 :List_push) gay shit
DEBUG: (src/list.c :87 :List_push) gay shit
DEBUG: (src/list.c :87 :List_push) gay shit
DEBUG: (src/list.c :87 :List_push) gay shit
DEBUG: (src/list.c :87 :List_push) gay shit
DEBUG: (src/list.c :87 :List_push) gay shit
DEBUG: (src/list.c :87 :List_push) gay shit
DEBUG: (src/list.c :87 :List_push) gay shit
DEBUG: (src/list.c :87 :List_push) gay shit
DEBUG: (src/list.c :87 :List_push) gay shit
DEBUG: (src/list.c :87 :List_push) gay shit
DEBUG: (src/list.c :87 :List_push) gay shit
DEBUG: (src/list.c :87 :List_push) gay shit
DEBUG: (src/list.c :87 :List_push) gay shit
DEBUG: (src/list.c :87 :List_push) gay shit
DEBUG: (src/list.c :87 :List_push) gay shit
DEBUG: (src/list.c :87 :List_push) gay shit
DEBUG: (src/list.c :87 :List_push) gay shit
DEBUG: (src/list.c :87 :List_push) gay shit
DEBUG: (src/list.c :87 :List_push) gay shit
DEBUG: (src/list.c :87 :List_push) gay shit
DEBUG: (src/list.c :87 :List_push) gay shit
DEBUG: (src/list.c :87 :List_push) gay shit
DEBUG: (src/list.c :87 :List_push) gay shit
DEBUG: (src/list.c :87 :List_push) gay shit
DEBUG: (src/list.c :87 :List_push) gay shit
DEBUG: (src/list.c :87 :List_push) gay shit
DEBUG: (src/list.c :87 :List_push) gay shit
DEBUG: (src/list.c :87 :List_push) gay shit
DEBUG: (src/list.c :87 :List_push) gay shit
DEBUG: (src/list.c :87 :List_push) gay shit
DEBUG: (src/list.c :87 :List_push) gay shit
DEBUG: (src/list.c :87 :List_push) gay shit
DEBUG: (src/list.c :87 :List_push) gay shit
DEBUG: (src/list.c :87 :List_push) gay shit
DEBUG: (src/list.c :87 :List_push) gay shit
DEBUG: (src/list.c :87 :List_push) gay shit
DEBUG: (src/list.c :87 :List_push) gay shit
DEBUG: (src/list.c :87 :List_push) gay shit
DEBUG: (src/list.c :87 :List_push) gay shit
DEBUG: (src/list.c :87 :List_push) gay shit
DEBUG: (src/list.c :87 :List_push) gay shit
DEBUG: (src/list.c :87 :List_push) gay shit
DEBUG: (src/list.c :87 :List_push) gay shit
DEBUG: (src/list.c :87 :List_push) gay shit
DEBUG: (src/list.c :87 :List_push) gay shit
DEBUG: (src/list.c :87 :List_push) gay shit
DEBUG: (src/list.c :87 :List_push) gay shit
DEBUG: (src/list.c :87 :List_push) gay shit
DEBUG: (src/list.c :87 :List_push) gay shit
DEBUG: (src/list.c :87 :List_push) gay shit
DEBUG: (src/list.c :87 :List_push) gay shit
DEBUG: (src/list.c :87 :List_push) gay shit
DEBUG: (src/list.c :87 :List_push) gay shit
DEBUG: (src/list.c :87 :List_push) gay shit
DEBUG: (src/list.c :87 :List_push) gay shit
DEBUG: (src/list.c :87 :List_push) gay shit
DEBUG: (src/list.c :87 :List_push) gay shit
DEBUG: (src/list.c :87 :List_push) gay shit
DEBUG: (src/list.c :87 :List_push) gay shit
DEBUG: (src/list.c :87 :List_push) gay shit
DEBUG: (src/list.c :87 :List_push) gay shit
DEBUG: (src/list.c :87 :List_push) gay shit
DEBUG: (src/list.c :87 :List_push) gay shit
DEBUG: (src/list.c :87 :List_push) gay shit
DEBUG: (src/list.c :87 :List_push) gay shit
DEBUG: (src/list.c :87 :List_push) gay shit
DEBUG: (src/list.c :87 :List_push) gay shit
DEBUG: (src/list.c :87 :List_push) gay shit
DEBUG: (src/list.c :87 :List_push) gay shit
DEBUG: (src/list.c :87 :List_push) gay shit
DEBUG: (src/list.c :87 :List_push) gay shit
DEBUG: (src/list.c :87 :List_push) gay shit
DEBUG: (src/list.c :87 :List_push) gay shit
DEBUG: (src/list.c :87 :List_push) gay shit
DEBUG: (src/list.c :87 :List_push) gay shit
DEBUG: (src/list.c :87 :List_push) gay shit
DEBUG: (src/list.c :87 :List_push) gay shit
DEBUG: (src/list.c :87 :List_push) gay shit
DEBUG: (src/list.c :87 :List_push) gay shit
DEBUG: (src/list.c :87 :List_push) gay shit
DEBUG: (src/list.c :87 :List_push) gay shit
DEBUG: (src/list.c :87 :List_push) gay shit
DEBUG: (src/list.c :87 :List_push) gay shit
DEBUG: (src/list.c :87 :List_push) gay shit
DEBUG: (src/list.c :87 :List_push) gay shit
DEBUG: (src/list.c :87 :List_push) gay shit
DEBUG: (src/list.c :87 :List_push) gay shit
DEBUG: (src/list.c :87 :List_push) gay shit
DEBUG: (src/list.c :87 :List_push) gay shit
DEBUG: (src/list.c :87 :List_push) gay shit
DEBUG: (src/list.c :87 :List_push) gay shit
DEBUG: (src/list.c :87 :List_push) gay shit
DEBUG: (src/list.c :87 :List_push) gay shit
DEBUG: (src/list.c :87 :List_push) gay shit
DEBUG: (src/list.c :87 :List_push) gay shit
DEBUG: (src/list.c :87 :List_push) gay shit
DEBUG: (src/list.c :87 :List_push) gay shit
DEBUG: (src/list.c :87 :List_push) gay shit
DEBUG: (src/list.c :87 :List_push) gay shit
DEBUG: (src/list.c :87 :List_push) gay shit
DEBUG: (src/list.c :87 :List_push) gay shit
DEBUG: (src/list.c :87 :List_push) gay shit
DEBUG: (src/list.c :87 :List_push) gay shit
DEBUG: (src/list.c :87 :List_push) gay shit
DEBUG: (src/list.c :87 :List_push) gay shit
DEBUG: (src/list.c :87 :List_push) gay shit
DEBUG: (src/list.c :87 :List_push) gay shit
DEBUG: (src/list.c :87 :List_push) gay shit
DEBUG: (src/list.c :87 :List_push) gay shit
DEBUG: (src/list.c :87 :List_push) gay shit
DEBUG: (src/list.c :87 :List_push) gay shit
DEBUG: (src/list.c :87 :List_push) gay shit
DEBUG: (src/list.c :87 :List_push) gay shit
DEBUG: (src/list.c :87 :List_push) gay shit
DEBUG: (src/list.c :87 :List_push) gay shit
DEBUG: (src/list.c :87 :List_push) gay shit
DEBUG: (src/list.c :87 :List_push) gay shit
DEBUG: (src/list.c :87 :List_push) gay shit
DEBUG: (src/list.c :87 :List_push) gay shit
DEBUG: (src/list.c :87 :List_push) gay shit
DEBUG: (src/list.c :87 :List_push) gay shit
DEBUG: (src/list.c :87 :List_push) gay shit
DEBUG: (src/list.c :87 :List_push) gay shit
DEBUG: (src/list.c :87 :List_push) gay shit
DEBUG: (src/list.c :87 :List_push) gay shit
DEBUG: (src/list.c :87 :List_push) gay shit
DEBUG: (src/list.c :87 :List_push) gay shit
DEBUG: (src/list.c :87 :List_push) gay shit
DEBUG: (src/list.c :87 :List_push) gay shit
DEBUG: (src/list.c :87 :List_push) gay shit
DEBUG: (src/list.c :87 :List_push) gay shit
DEBUG: (src/list.c :87 :List_push) gay shit
DEBUG: (src/list.c :87 :List_push) gay shit
DEBUG: (src/list.c :87 :List_push) gay shit
DEBUG: (src/list.c :87 :List_push) gay shit
DEBUG: (src/list.c :87 :List_push) gay shit
DEBUG: (src/list.c :87 :List_push) gay shit
DEBUG: (src/list.c :87 :List_push) gay shit
DEBUG: (src/list.c :87 :List_push) gay shit
DEBUG: (src/list.c :87 :List_push) gay shit
DEBUG: (src/list.c :87 :List_push) gay shit
DEBUG: (src/list.c :87 :List_push) gay shit
DEBUG: (src/list.c :87 :List_push) gay shit
DEBUG: (src/list.c :87 :List_push) gay shit
DEBUG: (src/list.c :87 :List_push) gay shit
DEBUG: (src/list.c :87 :List_push) gay shit
DEBUG: (src/list.c :87 :List_push) gay shit
DEBUG: (src/list.c :87 :List_push) gay shit
DEBUG: (src/list.c :87 :List_push) gay shit
DEBUG: (src/list.c :87 :List_push) gay shit
DEBUG: (src/list.c :87 :List_push) gay shit
DEBUG: (src/list.c :87 :List_push) gay shit
DEBUG: (src/list.c :87 :List_push) gay shit
DEBUG: (src/list.c :87 :List_push) gay shit
DEBUG: (src/list.c :87 :List_push) gay shit
DEBUG: (src/list.c :87 :List_push) gay shit
DEBUG: (src/list.c :87 :List_push) gay shit
DEBUG: (src/list.c :87 :List_push) gay shit
DEBUG: (src/list.c :87 :List_push) gay shit
DEBUG: (src/list.c :87 :List_push) gay shit
DEBUG: (src/list.c :87 :List_push) gay shit
DEBUG: (src/list.c :87 :List_push) gay shit
DEBUG: (src/list.c :87 :List_push) gay shit
DEBUG: (src/list.c :87 :List_push) gay shit
DEBUG: (src/list.c :87 :List_push) gay shit
DEBUG: (src/list.c :87 :List_push) gay shit
DEBUG: (src/list.c :87 :List_push) gay shit
DEBUG: (src/list.c :87 :List_push) gay shit
DEBUG: (src/list.c :87 :List_push) gay shit
DEBUG: (src/list.c :87 :List_push) gay shit
DEBUG: (src/list.c :87 :List_push) gay shit
DEBUG: (src/list.c :87 :List_push) gay shit
DEBUG: (src/list.c :87 :List_push) gay shit
DEBUG: (src/list.c :87 :List_push) gay shit
DEBUG: (src/list.c :87 :List_push) gay shit
DEBUG: (src/list.c :87 :List_push) gay shit
DEBUG: (src/list.c :87 :List_push) gay shit
DEBUG: (src/list.c :87 :List_push) gay shit
DEBUG: (src/list.c :87 :List_push) gay shit
DEBUG: (src/list.c :87 :List_push) gay shit
DEBUG: (src/list.c :87 :List_push) gay shit
DEBUG: (src/list.c :87 :List_push) gay shit
DEBUG: (src/list.c :87 :List_push) gay shit
DEBUG: (src/list.c :87 :List_push) gay shit
DEBUG: (src/list.c :87 :List_push) gay shit
DEBUG: (src/list.c :87 :List_push) gay shit
DEBUG: (src/list.c :87 :List_push) gay shit
DEBUG: (src/list.c :87 :List_push) gay shit
DEBUG: (src/list.c :87 :List_push) gay shit
DEBUG: (src/list.c :87 :List_push) gay shit
DEBUG: (src/list.c :87 :List_push) gay shit
DEBUG: (src/list.c :87 :List_push) gay shit
DEBUG: (src/list.c :87 :List_push) gay shit
DEBUG: (src/list.c :87 :List_push) gay shit
DEBUG: (src/list.c :87 :List_push) gay shit
DEBUG: (src/list.c :87 :List_push) gay shit
DEBUG: (src/list.c :87 :List_push) gay shit
DEBUG: (src/list.c :87 :List_push) gay shit
DEBUG: (src/list.c :87 :List_push) gay shit
DEBUG: (src/list.c :87 :List_push) gay shit
DEBUG: (src/list.c :87 :List_push) gay shit
DEBUG: (src/list.c :87 :List_push) gay shit
DEBUG: (src/list.c :87 :List_push) gay shit
DEBUG: (src/list.c :87 :List_push) gay shit
DEBUG: (src/list.c :87 :List_push) gay shit
DEBUG: (src/list.c :87 :List_push) gay shit
DEBUG: (src/list.c :87 :List_push) gay shit
DEBUG: (src/list.c :87 :List_push) gay shit
DEBUG: (src/list.c :87 :List_push) gay shit
DEBUG: (src/list.c :87 :List_push) gay shit
DEBUG: (src/list.c :87 :List_push) gay shit
DEBUG: (src/list.c :87 :List_push) gay shit
DEBUG: (src/list.c :87 :List_push) gay shit
DEBUG: (src/list.c :87 :List_push) gay shit
DEBUG: (src/list.c :87 :List_push) gay shit
DEBUG: (src/list.c :87 :List_push) gay shit
DEBUG: (src/list.c :87 :List_push) gay shit
DEBUG: (src/list.c :87 :List_push) gay shit
DEBUG: (src/list.c :87 :List_push) gay shit
DEBUG: (src/list.c :87 :List_push) gay shit
DEBUG: (src/list.c :87 :List_push) gay shit
DEBUG: (src/list.c :87 :List_push) gay shit
DEBUG: (src/list.c :87 :List_push) gay shit
DEBUG: (src/list.c :87 :List_push) gay shit
DEBUG: (src/list.c :87 :List_push) gay shit
DEBUG: (src/list.c :87 :List_push) gay shit
DEBUG: (src/list.c :87 :List_push) gay shit
DEBUG: (src/list.c :87 :List_push) gay shit
DEBUG: (src/list.c :87 :List_push) gay shit
DEBUG: (src/list.c :87 :List_push) gay shit
DEBUG: (src/list.c :87 :List_push) gay shit
DEBUG: (src/list.c :87 :List_push) gay shit
DEBUG: (src/list.c :87 :List_push) gay shit
DEBUG: (src/list.c :87 :List_push) gay shit
DEBUG: (src/list.c :87 :List_push) gay shit
DEBUG: (src/list.c :87 :List_push) gay shit
DEBUG: (src/list.c :87 :List_push) gay shit
DEBUG: (src/list.c :87 :List_push) gay shit
DEBUG: (src/list.c :87 :List_push) gay shit
DEBUG: (src/list.c :87 :List_push) gay shit
DEBUG: (src/list.c :87 :List_push) gay shit
DEBUG: (src/list.c :87 :List_push) gay shit
DEBUG: (src/list.c :87 :List_push) gay shit
DEBUG: (src/list.c :87 :List_push) gay shit
DEBUG: (src/list.c :87 :List_push) gay shit
DEBUG: (src/list.c :87 :List_push) gay shit
DEBUG: (src/list.c :87 :List_push) gay shit
DEBUG: (src/list.c :87 :List_push) gay shit
DEBUG: (src/list.c :87 :List_push) gay shit
DEBUG: (src/list.c :87 :List_push) gay shit
DEBUG: (src/list.c :87 :List_push) gay shit
DEBUG: (src/list.c :87 :List_push) gay shit
DEBUG: (src/list.c :87 :List_push) gay shit
DEBUG: (src/list.c :87 :List_push) gay shit
DEBUG: (src/list.c :87 :List_push) gay shit
DEBUG: (src/list.c :87 :List_push) gay shit
DEBUG: (src/list.c :87 :List_push) gay shit
DEBUG: (src/list.c :87 :List_push) gay shit
DEBUG: (src/list.c :87 :List_push) gay shit
DEBUG: (src/list.c :87 :List_push) gay shit
DEBUG: (src/list.c :87 :List_push) gay shit
DEBUG: (src/list.c :87 :List_push) gay shit
DEBUG: (src/list.c :87 :List_push) gay shit
DEBUG: (src/list.c :87 :List_push) gay shit
DEBUG: (src/list.c :87 :List_push) gay shit
DEBUG: (src/list.c :87 :List_push) gay shit
DEBUG: (src/list.c :87 :List_push) gay shit
DEBUG: (src/list.c :87 :List_push) gay shit
DEBUG: (src/list.c :87 :List_push) gay shit
DEBUG: (src/list.c :87 :List_push) gay shit
DEBUG: (src/list.c :87 :List_push) gay shit
DEBUG: (src/list.c :87 :List_push) gay shit
DEBUG: (src/list.c :87 :List_push) gay shit
DEBUG: (src/list.c :87 :List_push) gay shit
DEBUG: (src/list.c :87 :List_push) gay shit
DEBUG: (src/list.c :87 :List_push) gay shit
DEBUG: (src/list.c :87 :List_push) gay shit
DEBUG: (src/list.c :87 :List_push) gay shit
DEBUG: (src/list.c :87 :List_push) gay shit
DEBUG: (src/list.c :87 :List_push) gay shit
DEBUG: (src/list.c :87 :List_push) gay shit
DEBUG: (src/list.c :87 :List_push) gay shit
DEBUG: (src/list.c :87 :List_push) gay shit
DEBUG: (src/list.c :87 :List_push) gay shit
DEBUG: (src/list.c :87 :List_push) gay shit
DEBUG: (src/list.c :87 :List_push) gay shit
DEBUG: (src/list.c :87 :List_push) gay shit
DEBUG: (src/list.c :87 :List_push) gay shit
DEBUG: (src/list.c :87 :List_push) gay shit
DEBUG: (src/list.c :87 :List_push) gay shit
DEBUG: (src/list.c :87 :List_push) gay shit
DEBUG: (src/list.c :87 :List_push) gay shit
DEBUG: (src/list.c :87 :List_push) gay shit
DEBUG: (src/list.c :87 :List_push) gay shit
DEBUG: (src/list.c :87 :List_push) gay shit
DEBUG: (src/list.c :87 :List_push) gay shit
DEBUG: (src/list.c :87 :List_push) gay shit
DEBUG: (src/list.c :87 :List_push) gay shit
DEBUG: (src/list.c :87 :List_push) gay shit
DEBUG: (src/list.c :87 :List_push) gay shit
DEBUG: (src/list.c :87 :List_push) gay shit
DEBUG: (src/list.c :87 :List_push) gay shit
DEBUG: (src/list.c :87 :List_push) gay shit
DEBUG: (src/list.c :87 :List_push) gay shit
DEBUG: (src/list.c :87 :List_push) gay shit
DEBUG: (src/list.c :87 :List_push) gay shit
DEBUG: (src/list.c :87 :List_push) gay shit
DEBUG: (src/list.c :87 :List_push) gay shit
DEBUG: (src/list.c :87 :List_push) gay shit
DEBUG: (src/list.c :87 :List_push) gay shit
DEBUG: (src/list.c :87 :List_push) gay shit
DEBUG: (src/list.c :87 :List_push) gay shit
DEBUG: (src/list.c :87 :List_push) gay shit
DEBUG: (src/list.c :87 :List_push) gay shit
DEBUG: (src/list.c :87 :List_push) gay shit
DEBUG: (src/list.c :87 :List_push) gay shit
DEBUG: (src/list.c :87 :List_push) gay shit
DEBUG: (src/list.c :87 :List_push) gay shit
DEBUG: (src/list.c :87 :List_push) gay shit
DEBUG: (src/list.c :87 :List_push) gay shit
DEBUG: (src/list.c :87 :List_push) gay shit
DEBUG: (src/list.c :87 :List_push) gay shit
DEBUG: (src/list.c :87 :List_push) gay shit
DEBUG: (src/list.c :87 :List_push) gay shit
DEBUG: (src/list.c :87 :List_push) gay shit
DEBUG: (src/list.c :87 :List_push) gay shit
DEBUG: (src/list.c :87 :List_push) gay shit
DEBUG: (src/list.c :87 :List_push) gay shit
DEBUG: (src/list.c :87 :List_push) gay shit
DEBUG: (src/list.c :87 :List_push) gay shit
DEBUG: (src/list.c :87 :List_push) gay shit
DEBUG: (src/list.c :87 :List_push) gay shit
DEBUG: (src/list.c :87 :List_push) gay shit
DEBUG: (src/list.c :87 :List_push) gay shit
DEBUG: (src/list.c :87 :List_push) gay shit
DEBUG: (src/list.c :87 :List_push) gay shit
DEBUG: (src/list.c :87 :List_push) gay shit
DEBUG: (src/list.c :87 :List_push) gay shit
DEBUG: (src/list.c :87 :List_push) gay shit
DEBUG: (src/list.c :87 :List_push) gay shit
DEBUG: (src/list.c :87 :List_push) gay shit
DEBUG: (src/list.c :87 :List_push) gay shit
DEBUG: (src/list.c :87 :List_push) gay shit
DEBUG: (src/list.c :87 :List_push) gay shit
DEBUG: (src/list.c :87 :List_push) gay shit
DEBUG: (src/list.c :87 :List_push) gay shit
DEBUG: (src/list.c :87 :List_push) gay shit
DEBUG: (src/list.c :87 :List_push) gay shit
DEBUG: (src/list.c :87 :List_push) gay shit
DEBUG: (src/list.c :87 :List_push) gay shit
DEBUG: (src/list.c :87 :List_push) gay shit
DEBUG: (src/list.c :87 :List_push) gay shit
DEBUG: (src/list.c :87 :List_push) gay shit
DEBUG: (src/list.c :87 :List_push) gay shit
DEBUG: (src/list.c :87 :List_push) gay shit
DEBUG: (src/list.c :87 :List_push) gay shit
DEBUG: (src/list.c :87 :List_push) gay shit
DEBUG: (src/list.c :87 :List_push) gay shit
DEBUG: (src/list.c :87 :List_push) gay shit
DEBUG: (src/list.c :87 :List_push) gay shit
DEBUG: (src/list.c :87 :List_push) gay shit
DEBUG: (src/list.c :87 :List_push) gay shit
DEBUG: (src/list.c :87 :List_push) gay shit
DEBUG: (src/list.c :87 :List_push) gay shit
DEBUG: (src/list.c :87 :List_push) gay shit
DEBUG: (src/list.c :87 :List_push) gay shit
DEBUG: (src/list.c :87 :List_push) gay shit
DEBUG: (src/list.c :87 :List_push) gay shit
DEBUG: (src/list.c :87 :List_push) gay shit
DEBUG: (src/list.c :87 :List_push) gay shit
DEBUG: (src/list.c :87 :List_push) gay shit
DEBUG: (src/list.c :87 :List_push) gay shit
DEBUG: (src/list.c :87 :List_push) gay shit
DEBUG: (src/list.c :87 :List_push) gay shit
DEBUG: (src/list.c :87 :List_push) gay shit
DEBUG: (src/list.c :87 :List_push) gay shit
DEBUG: (src/list.c :87 :List_push) gay shit
DEBUG: (src/list.c :87 :List_push) gay shit
DEBUG: (src/list.c :87 :List_push) gay shit
DEBUG: (src/list.c :87 :List_push) gay shit
DEBUG: (src/list.c :87 :List_push) gay shit
DEBUG: (src/list.c :87 :List_push) gay shit
DEBUG: (src/list.c :87 :List_push) gay shit
DEBUG: (src/list.c :87 :List_push) gay shit
DEBUG: (src/list.c :87 :List_push) gay shit
DEBUG: (src/list.c :87 :List_push) gay shit
DEBUG: (src/list.c :87 :List_push) gay shit
DEBUG: (src/list.c :87 :List_push) gay shit
DEBUG: (src/list.c :87 :List_push) gay shit
DEBUG: (src/list.c :87 :List_push) gay shit
DEBUG: (src/list.c :87 :List_push) gay shit
DEBUG: (src/list.c :87 :List_push) gay shit
DEBUG: (src/list.c :87 :List_push) gay shit
DEBUG: (src/list.c :87 :List_push) gay shit
DEBUG: (src/list.c :87 :List_push) gay shit
DEBUG: (src/list.c :87 :List_push) gay shit
DEBUG: (src/list.c :87 :List_push) gay shit
DEBUG: (src/list.c :87 :List_push) gay shit
DEBUG: (src/list.c :87 :List_push) gay shit
DEBUG: (src/list.c :87 :List_push) gay shit
DEBUG: (src/list.c :87 :List_push) gay shit
DEBUG: (src/list.c :87 :List_push) gay shit
DEBUG: (src/list.c :87 :List_push) gay shit
DEBUG: (src/list.c :87 :List_push) gay shit
DEBUG: (src/list.c :87 :List_push) gay shit
DEBUG: (src/list.c :87 :List_push) gay shit
DEBUG: (src/list.c :87 :List_push) gay shit
DEBUG: (src/list.c :87 :List_push) gay shit
DEBUG: (src/list.c :87 :List_push) gay shit
DEBUG: (src/list.c :87 :List_push) gay shit
DEBUG: (src/list.c :87 :List_push) gay shit
DEBUG: (src/list.c :87 :List_push) gay shit
DEBUG: (src/list.c :87 :List_push) gay shit
DEBUG: (src/list.c :87 :List_push) gay shit
DEBUG: (src/list.c :87 :List_push) gay shit
DEBUG: (src/list.c :87 :List_push) gay shit
DEBUG: (src/list.c :87 :List_push) gay shit
DEBUG: (src/list.c :87 :List_push) gay shit
DEBUG: (src/list.c :87 :List_push) gay shit
DEBUG: (src/list.c :87 :List_push) gay shit
DEBUG: (src/list.c :87 :List_push) gay shit
DEBUG: (src/list.c :87 :List_push) gay shit
DEBUG: (src/list.c :87 :List_push) gay shit
DEBUG: (src/list.c :87 :List_push) gay shit
DEBUG: (src/list.c :87 :List_push) gay shit
DEBUG: (src/list.c :87 :List_push) gay shit
DEBUG: (src/list.c :87 :List_push) gay shit
DEBUG: (src/list.c :87 :List_push) gay shit
DEBUG: (src/list.c :87 :List_push) gay shit
DEBUG: (src/list.c :87 :List_push) gay shit
DEBUG: (src/list.c :87 :List_push) gay shit
DEBUG: (src/list.c :87 :List_push) gay shit
DEBUG: (src/list.c :87 :List_push) gay shit
DEBUG: (src/list.c :87 :List_push) gay shit
DEBUG: (src/list.c :87 :List_push) gay shit
DEBUG: (src/list.c :87 :List_push) gay shit
DEBUG: (src/list.c :87 :List_push) gay shit
DEBUG: (src/list.c :87 :List_push) gay shit
DEBUG: (src/list.c :87 :List_push) gay shit
DEBUG: (src/list.c :87 :List_push) gay shit
DEBUG: (src/list.c :87 :List_push) gay shit
DEBUG: (src/list.c :87 :List_push) gay shit
DEBUG: (src/list.c :87 :List_push) gay shit
DEBUG: (src/list.c :87 :List_push) gay shit
DEBUG: (src/list.c :87 :List_push) gay shit
DEBUG: (src/list.c :87 :List_push) gay shit
DEBUG: (src/list.c :87 :List_push) gay shit
DEBUG: (src/list.c :87 :List_push) gay shit
DEBUG: (src/list.c :87 :List_push) gay shit
DEBUG: (src/list.c :87 :List_push) gay shit
DEBUG: (src/list.c :87 :List_push) gay shit
DEBUG: (src/list.c :87 :List_push) gay shit
DEBUG: (src/list.c :87 :List_push) gay shit
DEBUG: (src/list.c :87 :List_push) gay shit
DEBUG: (src/list.c :87 :List_push) gay shit
DEBUG: (src/list.c :87 :List_push) gay shit
DEBUG: (src/list.c :87 :List_push) gay shit
DEBUG: (src/list.c :87 :List_push) gay shit
DEBUG: (src/list.c :87 :List_push) gay shit
DEBUG: (src/list.c :87 :List_push) gay shit
DEBUG: (src/list.c :87 :List_push) gay shit
DEBUG: (src/list.c :87 :List_push) gay shit
DEBUG: (src/list.c :87 :List_push) gay shit
DEBUG: (src/list.c :87 :List_push) gay shit
DEBUG: (src/list.c :87 :List_push) gay shit
DEBUG: (src/list.c :87 :List_push) gay shit
DEBUG: (src/list.c :87 :List_push) gay shit
DEBUG: (src/list.c :87 :List_push) gay shit
DEBUG: (src/list.c :87 :List_push) gay shit
DEBUG: (src/list.c :87 :List_push) gay shit
DEBUG: (src/list.c :87 :List_push) gay shit
DEBUG: (src/list.c :87 :List_push) gay shit
DEBUG: (src/list.c :87 :List_push) gay shit
DEBUG: (src/list.c :87 :List_push) gay shit
DEBUG: (src/list.c :87 :List_push) gay shit
DEBUG: (src/list.c :87 :List_push) gay shit
DEBUG: (src/list.c :87 :List_push) gay shit
DEBUG: (src/list.c :87 :List_push) gay shit
DEBUG: (src/list.c :87 :List_push) gay shit
DEBUG: (src/list.c :87 :List_push) gay shit
DEBUG: (src/list.c :87 :List_push) gay shit
DEBUG: (src/list.c :87 :List_push) gay shit
DEBUG: (src/list.c :87 :List_push) gay shit
DEBUG: (src/list.c :87 :List_push) gay shit
DEBUG: (src/list.c :87 :List_push) gay shit
DEBUG: (src/list.c :87 :List_push) gay shit
DEBUG: (src/list.c :87 :List_push) gay shit
DEBUG: (src/list.c :87 :List_push) gay shit
DEBUG: (src/list.c :87 :List_push) gay shit
DEBUG: (src/list.c :87 :List_push) gay shit
DEBUG: (src/list.c :87 :List_push) gay shit
DEBUG: (src/list.c :87 :List_push) gay shit
DEBUG: (src/list.c :87 :List_push) gay shit
DEBUG: (src/list.c :87 :List_push) gay shit
DEBUG: (src/list.c :87 :List_push) gay shit
DEBUG: (src/list.c :87 :List_push) gay shit
DEBUG: (src/list.c :87 :List_push) gay shit
DEBUG: (src/list.c :87 :List_push) gay shit
DEBUG: (src/list.c :87 :List_push) gay shit
DEBUG: (src/list.c :87 :List_push) gay shit
DEBUG: (src/list.c :87 :List_push) gay shit
DEBUG: (src/list.c :87 :List_push) gay shit
DEBUG: (src/list.c :87 :List_push) gay shit
DEBUG: (src/list.c :87 :List_push) gay shit
DEBUG: (src/list.c :87 :List_push) gay shit
DEBUG: (src/list.c :87 :List_push) gay shit
DEBUG: (src/list.c :87 :List_push) gay shit
DEBUG: (src/list.c :87 :List_push) gay shit
DEBUG: (src/list.c :87 :List_push) gay shit
DEBUG: (src/list.c :87 :List_push) gay shit
DEBUG: (src/list.c :87 :List_push) gay shit
DEBUG: (src/list.c :87 :List_push) gay shit
DEBUG: (src/list.c :87 :List_push) gay shit
DEBUG: (src/list.c :87 :List_push) gay shit
DEBUG: (src/list.c :87 :List_push) gay shit
DEBUG: (src/list.c :87 :List_push) gay shit
DEBUG: (src/list.c :87 :List_push) gay shit
DEBUG: (src/list.c :87 :List_push) gay shit
DEBUG: (src/list.c :87 :List_push) gay shit
DEBUG: (src/list.c :87 :List_push) gay shit
DEBUG: (src/list.c :87 :List_push) gay shit
DEBUG: (src/list.c :87 :List_push) gay shit
DEBUG: (src/list.c :87 :List_push) gay shit
DEBUG: (src/list.c :87 :List_push) gay shit
DEBUG: (src/list.c :87 :List_push) gay shit
DEBUG: (src/list.c :87 :List_push) gay shit
DEBUG: (src/list.c :87 :List_push) gay shit
DEBUG: (src/list.c :87 :List_push) gay shit
DEBUG: (src/list.c :87 :List_push) gay shit
DEBUG: (src/list.c :87 :List_push) gay shit
DEBUG: (src/list.c :87 :List_push) gay shit
DEBUG: (src/list.c :87 :List_push) gay shit
DEBUG: (src/list.c :87 :List_push) gay shit
DEBUG: (src/list.c :87 :List_push) gay shit
DEBUG: (src/list.c :87 :List_push) gay shit
DEBUG: (src/list.c :87 :List_push) gay shit
DEBUG: (src/list.c :87 :List_push) gay shit
DEBUG: (src/list.c :87 :List_push) gay shit
DEBUG: (src/list.c :87 :List_push) gay shit
DEBUG: (src/list.c :87 :List_push) gay shit
DEBUG: (src/list.c :87 :List_push) gay shit
DEBUG: (src/list.c :87 :List_push) gay shit
DEBUG: (src/list.c :87 :List_push) gay shit
DEBUG: (src/list.c :87 :List_push) gay shit
DEBUG: (src/list.c :87 :List_push) gay shit
DEBUG: (src/list.c :87 :List_push) gay shit
DEBUG: (src/list.c :87 :List_push) gay shit
DEBUG: (src/list.c :87 :List_push) gay shit
DEBUG: (src/list.c :87 :List_push) gay shit
DEBUG: (src/list.c :87 :List_push) gay shit
DEBUG: (src/list.c :87 :List_push) gay shit
DEBUG: (src/list.c :87 :List_push) gay shit
DEBUG: (src/list.c :87 :List_push) gay shit
DEBUG: (src/list.c :87 :List_push) gay shit
DEBUG: (src/list.c :87 :List_push) gay shit
DEBUG: (src/list.c :87 :List_push) gay shit
DEBUG: (src/list.c :87 :List_push) gay shit
DEBUG: (src/list.c :87 :List_push) gay shit
DEBUG: (src/list.c :87 :List_push) gay shit
DEBUG: (src/list.c :87 :List_push) gay shit
DEBUG: (src/list.c :87 :List_push) gay shit
DEBUG: (src/list.c :87 :List_push) gay shit
DEBUG: (src/list.c :87 :List_push) gay shit
DEBUG: (src/list.c :87 :List_push) gay shit
DEBUG: (src/list.c :87 :List_push) gay shit
DEBUG: (src/list.c :87 :List_push) gay shit
DEBUG: (src/list.c :87 :List_push) gay shit
DEBUG: (src/list.c :87 :List_push) gay shit
DEBUG: (src/list.c :87 :List_push) gay shit
DEBUG: (src/list.c :87 :List_push) gay shit
DEBUG: (src/list.c :87 :List_push) gay shit
DEBUG: (src/list.c :87 :List_push) gay shit
DEBUG: (src/list.c :87 :List_push) gay shit
DEBUG: (src/list.c :87 :List_push) gay shit
DEBUG: (src/list.c :87 :List_push) gay shit
DEBUG: (src/list.c :87 :List_push) gay shit
DEBUG: (src/list.c :87 :List_push) gay shit
DEBUG: (src/list.c :87 :List_push) gay shit
DEBUG: (src/list.c :87 :List_push) gay shit
DEBUG: (src/list.c :87 :List_push) gay shit
DEBUG: (src/list.c :87 :List_push) gay shit
DEBUG: (src/list.c :87 :List_push) gay shit
DEBUG: (src/list.c :87 :List_push) gay shit
DEBUG: (src/list.c :87 :List_push) gay shit
DEBUG: (src/list.c :87 :List_push) gay shit
DEBUG: (src/list.c :87 :List_push) gay shit
DEBUG: (src/list.c :87 :List_push) gay shit
DEBUG: (src/list.c :87 :List_push) gay shit
DEBUG: (src/list.c :87 :List_push) gay shit
DEBUG: (src/list.c :87 :List_push) gay shit
DEBUG: (src/list.c :87 :List_push) gay shit
DEBUG: (src/list.c :87 :List_push) gay shit
DEBUG: (src/list.c :87 :List_push) gay shit
DEBUG: (src/list.c :87 :List_push) gay shit
DEBUG: (src/list.c :87 :List_push) gay shit
DEBUG: (src/list.c :87 :List_push) gay shit
DEBUG: (src/list.c :87 :List_push) gay shit
DEBUG: (src/list.c :87 :List_push) gay shit
DEBUG: (src/list.c :87 :List_push) gay shit
DEBUG: (src/list.c :87 :List_push) gay shit
DEBUG: (src/list.c :87 :List_push) gay shit
DEBUG: (src/list.c :87 :List_push) gay shit
DEBUG: (src/list.c :87 :List_push) gay shit
DEBUG: (src/list.c :87 :List_push) gay shit
DEBUG: (src/list.c :87 :List_push) gay shit
DEBUG: (src/list.c :87 :List_push) gay shit
DEBUG: (src/list.c :87 :List_push) gay shit
DEBUG: (src/list.c :87 :List_push) gay shit
DEBUG: (src/list.c :87 :List_push) gay shit
DEBUG: (src/list.c :87 :List_push) gay shit
DEBUG: (src/list.c :87 :List_push) gay shit
DEBUG: (src/list.c :87 :List_push) gay shit
DEBUG: (src/list.c :87 :List_push) gay shit
DEBUG: (src/list.c :87 :List_push) gay shit
DEBUG: (src/list.c :87 :List_push) gay shit
DEBUG: (src/list.c :87 :List_push) gay shit
DEBUG: (src/list.c :87 :List_push) gay shit
DEBUG: (src/list.c :87 :List_push) gay shit
DEBUG: (src/list.c :87 :List_push) gay shit
DEBUG: (src/list.c :87 :List_push) gay shit
DEBUG: (src/list.c :87 :List_push) gay shit
DEBUG: (src/list.c :87 :List_push) gay shit
DEBUG: (src/list.c :87 :List_push) gay shit
DEBUG: (src/list.c :87 :List_push) gay shit
DEBUG: (src/list.c :87 :List_push) gay shit
DEBUG: (src/list.c :87 :List_push) gay shit
DEBUG: (src/list.c :87 :List_push) gay shit
DEBUG: (src/list.c :87 :List_push) gay shit
DEBUG: (src/list.c :87 :List_push) gay shit
DEBUG: (src/list.c :87 :List_push) gay shit
DEBUG: (src/list.c :87 :List_push) gay shit
DEBUG: (src/list.c :87 :List_push) gay shit
DEBUG: (src/list.c :87 :List_push) gay shit
DEBUG: (src/list.c :87 :List_push) gay shit
DEBUG: (src/list.c :87 :List_push) gay shit
DEBUG: (src/list.c :87 :List_push) gay shit
DEBUG: (src/list.c :87 :List_push) gay shit
DEBUG: (src/list.c :87 :List_push) gay shit
DEBUG: (src/list.c :87 :List_push) gay shit
DEBUG: (src/list.c :87 :List_push) gay shit
DEBUG: (src/list.c :87 :List_push) gay shit
DEBUG: (src/list.c :87 :List_push) gay shit
DEBUG: (src/list.c :87 :List_push) gay shit
DEBUG: (src/list.c :87 :List_push) gay shit
DEBUG: (src/list.c :87 :List_push) gay shit
DEBUG: (src/list.c :87 :List_push) gay shit
DEBUG: (src/list.c :87 :List_push) gay shit
DEBUG: (src/list.c :87 :List_push) gay shit
DEBUG: (src/list.c :87 :List_push) gay shit
DEBUG: (src/list.c :87 :List_push) gay shit
DEBUG: (src/list.c :87 :List_push) gay shit
DEBUG: (src/list.c :87 :List_push) gay shit
DEBUG: (src/list.c :87 :List_push) gay shit
DEBUG: (src/list.c :87 :List_push) gay shit
DEBUG: (src/list.c :87 :List_push) gay shit
DEBUG: (src/list.c :87 :List_push) gay shit
DEBUG: (src/list.c :87 :List_push) gay shit
DEBUG: (src/list.c :87 :List_push) gay shit
DEBUG: (src/list.c :87 :List_push) gay shit
DEBUG: (src/list.c :87 :List_push) gay shit
DEBUG: (src/list.c :87 :List_push) gay shit
DEBUG: (src/list.c :87 :List_push) gay shit
DEBUG: (src/list.c :87 :List_push) gay shit
DEBUG: (src/list.c :87 :List_push) gay shit
DEBUG: (src/list.c :87 :List_push) gay shit
DEBUG: (src/list.c :87 :List_push) gay shit
DEBUG: (src/list.c :87 :List_push) gay shit
DEBUG: (src/list.c :87 :List_push) gay shit
DEBUG: (src/list.c :87 :List_push) gay shit
DEBUG: (src/list.c :87 :List_push) gay shit
DEBUG: (src/list.c :87 :List_push) gay shit
DEBUG: (src/list.c :87 :List_push) gay shit
DEBUG: (src/list.c :87 :List_push) gay shit
DEBUG: (src/list.c :87 :List_push) gay shit
DEBUG: (src/list.c :87 :List_push) gay shit
DEBUG: (src/list.c :87 :List_push) gay shit
DEBUG: (src/list.c :87 :List_push) gay shit
DEBUG: (src/list.c :87 :List_push) gay shit
DEBUG: (src/list.c :87 :List_push) gay shit
DEBUG: (src/list.c :87 :List_push) gay shit
DEBUG: (src/list.c :87 :List_push) gay shit
DEBUG: (src/list.c :87 :List_push) gay shit
DEBUG: (src/list.c :87 :List_push) gay shit
DEBUG: (src/list.c :87 :List_push) gay shit
DEBUG: (src/list.c :87 :List_push) gay shit
DEBUG: (src/list.c :87 :List_push) gay shit
DEBUG: (src/list.c :87 :List_push) gay shit
DEBUG: (src/list.c :87 :List_push) gay shit
DEBUG: (src/list.c :87 :List_push) gay shit
DEBUG: (src/list.c :87 :List_push) gay shit
DEBUG: (src/list.c :87 :List_push) gay shit
DEBUG: (src/list.c :87 :List_push) gay shit
DEBUG: (src/list.c :87 :List_push) gay shit
DEBUG: (src/list.c :87 :List_push) gay shit
DEBUG: (src/list.c :87 :List_push) gay shit
DEBUG: (src/list.c :87 :List_push) gay shit
DEBUG: (src/list.c :87 :List_push) gay shit
DEBUG: (src/list.c :87 :List_push) gay shit
DEBUG: (src/list.c :87 :List_push) gay shit
DEBUG: (src/list.c :87 :List_push) gay shit
DEBUG: (src/list.c :87 :List_push) gay shit
DEBUG: (src/list.c :87 :List_push) gay shit
DEBUG: (src/list.c :87 :List_push) gay shit
DEBUG: (src/list.c :87 :List_push) gay shit
DEBUG: (src/list.c :87 :List_push) gay shit
DEBUG: (src/list.c :87 :List_push) gay shit
DEBUG: (src/list.c :87 :List_push) gay shit
DEBUG: (src/list.c :87 :List_push) gay shit
DEBUG: (src/list.c :87 :List_push) gay shit
DEBUG: (src/list.c :87 :List_push) gay shit
DEBUG: (src/list.c :87 :List_push) gay shit
DEBUG: (src/list.c :87 :List_push) gay shit
DEBUG: (src/list.c :87 :List_push) gay shit
DEBUG: (src/list.c :87 :List_push) gay shit
DEBUG: (src/list.c :87 :List_push) gay shit
DEBUG: (src/list.c :87 :List_push) gay shit
DEBUG: (src/list.c :87 :List_push) gay shit
DEBUG: (src/list.c :87 :List_push) gay shit
DEBUG: (src/list.c :87 :List_push) gay shit
DEBUG: (src/list.c :87 :List_push) gay shit
DEBUG: (src/list.c :87 :List_push) gay shit
DEBUG: (src/list.c :87 :List_push) gay shit
DEBUG: (src/list.c :87 :List_push) gay shit
DEBUG: (src/list.c :87 :List_push) gay shit
DEBUG: (src/list.c :87 :List_push) gay shit
DEBUG: (src/list.c :87 :List_push) gay shit
DEBUG: (src/list.c :87 :List_push) gay shit
DEBUG: (src/list.c :87 :List_push) gay shit
DEBUG: (src/list.c :87 :List_push) gay shit
DEBUG: (src/list.c :87 :List_push) gay shit
DEBUG: (src/list.c :87 :List_push) gay shit
DEBUG: (src/list.c :87 :List_push) gay shit
DEBUG: (src/list.c :87 :List_push) gay shit
DEBUG: (src/list.c :87 :List_push) gay shit
DEBUG: (src/list.c :87 :List_push) gay shit
DEBUG: (src/list.c :87 :List_push) gay shit
DEBUG: (src/list.c :87 :List_push) gay shit
DEBUG: (src/list.c :87 :List_push) gay shit
DEBUG: (src/list.c :87 :List_push) gay shit
DEBUG: (src/list.c :87 :List_push) gay shit
DEBUG: (src/list.c :87 :List_push) gay shit
DEBUG: (src/list.c :87 :List_push) gay shit
DEBUG: (src/list.c :87 :List_push) gay shit
DEBUG: (src/list.c :87 :List_push) gay shit
DEBUG: (src/list.c :87 :List_push) gay shit
DEBUG: (src/list.c :87 :List_push) gay shit
DEBUG: (src/list.c :87 :List_push) gay shit
DEBUG: (src/list.c :87 :List_push) gay shit
DEBUG: (src/list.c :87 :List_push) gay shit
DEBUG: (src/list.c :87 :List_push) gay shit
DEBUG: (src/list.c :87 :List_push) gay shit
DEBUG: (src/list.c :87 :List_push) gay shit
DEBUG: (src/list.c :87 :List_push) gay shit
DEBUG: (src/list.c :87 :List_push) gay shit
DEBUG: (src/list.c :87 :List_push) gay shit
DEBUG: (src/list.c :87 :List_push) gay shit
DEBUG: (src/list.c :87 :List_push) gay shit
DEBUG: (src/list.c :87 :List_push) gay shit
DEBUG: (src/list.c :87 :List_push) gay shit
DEBUG: (src/list.c :87 :List_push) gay shit
DEBUG: (src/list.c :87 :List_push) gay shit
DEBUG: (src/list.c :87 :List_push) gay shit
DEBUG: (src/list.c :87 :List_push) gay shit
DEBUG: (src/list.c :87 :List_push) gay shit
DEBUG: (src/list.c :87 :List_push) gay shit
DEBUG: (src/list.c :87 :List_push) gay shit
DEBUG: (src/list.c :87 :List_push) gay shit
DEBUG: (src/list.c :87 :List_push) gay shit
DEBUG: (src/list.c :87 :List_push) gay shit
DEBUG: (src/list.c :87 :List_push) gay shit
DEBUG: (src/list.c :87 :List_push) gay shit
DEBUG: (src/list.c :87 :List_push) gay shit
DEBUG: (src/list.c :87 :List_push) gay shit
DEBUG: (src/list.c :87 :List_push) gay shit
DEBUG: (src/list.c :87 :List_push) gay shit
DEBUG: (src/list.c :87 :List_push) gay shit
DEBUG: (src/list.c :87 :List_push) gay shit
DEBUG: (src/list.c :87 :List_push) gay shit
DEBUG: (src/list.c :87 :List_push) gay shit
DEBUG: (src/list.c :87 :List_push) gay shit
DEBUG: (src/list.c :87 :List_push) gay shit
DEBUG: (src/list.c :87 :List_push) gay shit
DEBUG: (src/list.c :87 :List_push) gay shit
DEBUG: (src/list.c :87 :List_push) gay shit
DEBUG: (src/list.c :87 :List_push) gay shit
DEBUG: (src/list.c :87 :List_push) gay shit
DEBUG: (src/list.c :87 :List_push) gay shit
DEBUG: (src/list.c :87 :List_push) gay shit
DEBUG: (src/list.c :87 :List_push) gay shit
DEBUG: (src/list.c :87 :List_push) gay shit
DEBUG: (src/list.c :87 :List_push) gay shit
DEBUG: (src/list.c :87 :List_push) gay shit
DEBUG: (src/list.c :87 :List_push) gay shit
DEBUG: (src/list.c :87 :List_push) gay shit
DEBUG: (src/list.c :87 :List_push) gay shit
DEBUG: (src/list.c :87 :List_push) gay shit
DEBUG: (src/list.c :87 :List_push) gay shit
DEBUG: (src/list.c :87 :List_push) gay shit
DEBUG: (src/list.c :87 :List_push) gay shit
DEBUG: (src/list.c :87 :List_push) gay shit
DEBUG: (src/list.c :87 :List_push) gay shit
DEBUG: (src/list.c :87 :List_push) gay shit
DEBUG: (src/list.c :87 :List_push) gay shit
DEBUG: (src/list.c :87 :List_push) gay shit
DEBUG: (src/list.c :87 :List_push) gay shit
DEBUG: (src/list.c :87 :List_push) gay shit
DEBUG: (src/list.c :87 :List_push) gay shit
DEBUG: (src/list.c :87 :List_push) gay shit
DEBUG: (src/list.c :87 :List_push) gay shit
DEBUG: (src/list.c :87 :List_push) gay shit
DEBUG: (src/list.c :87 :List_push) gay shit
DEBUG: (src/list.c :87 :List_push) gay shit
DEBUG: (src/list.c :87 :List_push) gay shit
DEBUG: (src/list.c :87 :List_push) gay shit
DEBUG: (src/list.c :87 :List_push) gay shit
DEBUG: (src/list.c :87 :List_push) gay shit
DEBUG: (src/list.c :87 :List_push) gay shit
DEBUG: (src/list.c :87 :List_push) gay shit
DEBUG: (src/list.c :87 :List_push) gay shit
DEBUG: (src/list.c :87 :List_push) gay shit
DEBUG: (src/list.c :87 :List_push) gay shit
DEBUG: (src/list.c :87 :List_push) gay shit
DEBUG: (src/list.c :87 :List_push) gay shit
DEBUG: (src/list.c :87 :List_push) gay shit
DEBUG: (src/list.c :87 :List_push) gay shit
DEBUG: (src/list.c :87 :List_push) gay shit
DEBUG: (src/list.c :87 :List_push) gay shit
DEBUG: (src/list.c :87 :List_push) gay shit
DEBUG: (src/list.c :87 :List_push) gay shit
DEBUG: (src/list.c :87 :List_push) gay shit
DEBUG: (src/list.c :87 :List_push) gay shit
DEBUG: (src/list.c :87 :List_push) gay shit
DEBUG: (src/list.c :87 :List_push) gay shit
DEBUG: (src/list.c :87 :List_push) gay shit
DEBUG: (src/list.c :87 :List_push) gay shit
DEBUG: (src/list.c :87 :List_push) gay shit
DEBUG: (src/list.c :87 :List_push) gay shit
DEBUG: (src/list.c :87 :List_push) gay shit
DEBUG: (src/list.c :87 :List_push) gay shit
DEBUG: (src/list.c :87 :List_push) gay shit
DEBUG: (src/list.c :87 :List_push) gay shit
DEBUG: (src/list.c :87 :List_push) gay shit
DEBUG: (src/list.c :87 :List_push) gay shit
DEBUG: (src/list.c :87 :List_push) gay shit
DEBUG: (src/list.c :87 :List_push) gay shit
DEBUG: (src/list.c :87 :List_push) gay shit
DEBUG: (src/list.c :87 :List_push) gay shit
DEBUG: (src/list.c :87 :List_push) gay shit
DEBUG: (src/list.c :87 :List_push) gay shit
DEBUG: (src/list.c :87 :List_push) gay shit
DEBUG: (src/list.c :87 :List_push) gay shit
DEBUG: (src/list.c :87 :List_push) gay shit
DEBUG: (src/list.c :87 :List_push) gay shit
DEBUG: (src/list.c :87 :List_push) gay shit
DEBUG: (src/list.c :87 :List_push) gay shit
DEBUG: (src/list.c :87 :List_push) gay shit
DEBUG: (src/list.c :87 :List_push) gay shit
DEBUG: (src/list.c :87 :List_push) gay shit
DEBUG: (src/list.c :87 :List_push) gay shit
DEBUG: (src/list.c :87 :List_push) gay shit
DEBUG: (src/list.c :87 :List_push) gay shit
DEBUG: (src/list.c :87 :List_push) gay shit
DEBUG: (src/list.c :87 :List_push) gay shit
DEBUG: (src/list.c :87 :List_push) gay shit
DEBUG: (src/list.c :87 :List_push) gay shit
DEBUG: (src/list.c :87 :List_push) gay shit
DEBUG: (src/list.c :87 :List_push) gay shit
DEBUG: (src/list.c :87 :List_push) gay shit
DEBUG: (src/list.c :87 :List_push) gay shit
DEBUG: (src/list.c :87 :List_push) gay shit
DEBUG: (src/list.c :87 :List_push) gay shit
DEBUG: (src/list.c :87 :List_push) gay shit
DEBUG: (src/list.c :87 :List_push) gay shit
DEBUG: (src/list.c :87 :List_push) gay shit
DEBUG: (src/list.c :87 :List_push) gay shit
DEBUG: (src/list.c :87 :List_push) gay shit
DEBUG: (src/list.c :87 :List_push) gay shit
DEBUG: (src/list.c :87 :List_push) gay shit
DEBUG: (src/list.c :87 :List_push) gay shit
DEBUG: (src/list.c :87 :List_push) gay shit
DEBUG: (src/list.c :87 :List_push) gay shit
DEBUG: (src/list.c :87 :List_push) gay shit
DEBUG: (src/list.c :87 :List_push) gay shit
DEBUG: (src/list.c :87 :List_push) gay shit
DEBUG: (src/list.c :87 :List_push) gay shit
DEBUG: (src/list.c :87 :List_push) gay shit
DEBUG: (src/list.c :87 :List_push) gay shit
DEBUG: (src/list.c :87 :List_push) gay shit
DEBUG: (src/list.c :87 :List_push) gay shit
DEBUG: (src/list.c :87 :List_push) gay shit
DEBUG: (src/list.c :87 :List_push) gay shit
DEBUG: (src/list.c :87 :List_push) gay shit
DEBUG: (src/list.c :87 :List_push) gay shit
DEBUG: (src/list.c :87 :List_push) gay shit
DEBUG: (src/list.c :87 :List_push) gay shit
DEBUG: (src/list.c :87 :List_push) gay shit
DEBUG: (src/list.c :87 :List_push) gay shit
DEBUG: (src/list.c :87 :List_push) gay shit
DEBUG: (src/list.c :87 :List_push) gay shit
DEBUG: (src/list.c :87 :List_push) gay shit
DEBUG: (src/list.c :87 :List_push) gay shit
DEBUG: (src/list.c :87 :List_push) gay shit
DEBUG: (src/list.c :87 :List_push) gay shit
DEBUG: (src/list.c :87 :List_push) gay shit
DEBUG: (src/list.c :87 :List_push) gay shit
DEBUG: (src/list.c :87 :List_push) gay shit
DEBUG: (src/list.c :87 :List_push) gay shit
DEBUG: (src/list.c :87 :List_push) gay shit
DEBUG: (src/list.c :87 :List_push) gay shit
DEBUG: (src/list.c :87 :List_push) gay shit
DEBUG: (src/list.c :87 :List_push) gay shit
DEBUG: (src/list.c :87 :List_push) gay shit
DEBUG: (src/list.c :87 :List_push) gay shit
DEBUG: (src/list.c :87 :List_push) gay shit
DEBUG: (src/list.c :87 :List_push) gay shit
DEBUG: (src/list.c :87 :List_push) gay shit
DEBUG: (src/list.c :87 :List_push) gay shit
DEBUG: (src/list.c :87 :List_push) gay shit
DEBUG: (src/list.c :87 :List_push) gay shit
DEBUG: (src/list.c :87 :List_push) gay shit
DEBUG: (src/list.c :87 :List_push) gay shit
DEBUG: (src/list.c :87 :List_push) gay shit
DEBUG: (src/list.c :87 :List_push) gay shit
DEBUG: (src/list.c :87 :List_push) gay shit
DEBUG: (src/list.c :87 :List_push) gay shit
DEBUG: (src/list.c :87 :List_push) gay shit
DEBUG: (src/list.c :87 :List_push) gay shit
DEBUG: (src/list.c :87 :List_push) gay shit
DEBUG: (src/list.c :87 :List_push) gay shit
DEBUG: (src/list.c :87 :List_push) gay shit
DEBUG: (src/list.c :87 :List_push) gay shit
DEBUG: (src/list.c :87 :List_push) gay shit
DEBUG: (src/list.c :87 :List_push) gay shit
DEBUG: (src/list.c :87 :List_push) gay shit
DEBUG: (src/list.c :87 :List_push) gay shit
DEBUG: (src/list.c :87 :List_push) gay shit
DEBUG: (src/list.c :87 :List_push) gay shit
DEBUG: (src/list.c :87 :List_push) gay shit
DEBUG: (src/list.c :87 :List_push) gay shit
DEBUG: (src/list.c :87 :List_push) gay shit
DEBUG: (src/list.c :87 :List_push) gay shit
DEBUG: (src/list.c :87 :List_push) gay shit
DEBUG: (src/list.c :87 :List_push) gay shit
DEBUG: (src/list.c :87 :List_push) gay shit
DEBUG: (src/list.c :87 :List_push) gay shit
DEBUG: (src/list.c :87 :List_push) gay shit
DEBUG: (src/list.c :87 :List_push) gay shit
DEBUG: (src/list.c :87 :List_push) gay shit
DEBUG: (src/list.c :87 :List_push) gay shit
DEBUG: (src/list.c :87 :List_push) gay shit
DEBUG: (src/list.c :87 :List_push) gay shit
DEBUG: (src/list.c :87 :List_push) gay shit
DEBUG: (src/list.c :87 :List_push) gay shit
DEBUG: (src/list.c :87 :List_push) gay shit
DEBUG: (src/list.c :87 :List_push) gay shit
DEBUG: (src/list.c :87 :List_push) gay shit
DEBUG: (src/list.c :87 :List_push) gay shit
DEBUG: (src/list.c :87 :List_push) gay shit
DEBUG: (src/list.c :87 :List_push) gay shit
DEBUG: (src/list.c :87 :List_push) gay shit
DEBUG: (src/list.c :87 :List_push) gay shit
DEBUG: (src/list.c :87 :List_push) gay shit
DEBUG: (src/list.c :87 :List_push) gay shit
DEBUG: (src/list.c :87 :List_push) gay shit
DEBUG: (src/list.c :87 :List_push) gay shit
DEBUG: (src/list.c :87 :List_push) gay shit
DEBUG: (src/list.c :87 :List_push) gay shit
DEBUG: (src/list.c :87 :List_push) gay shit
DEBUG: (src/list.c :87 :List_push) gay shit
DEBUG: (src/list.c :87 :List_push) gay shit
DEBUG: (src/list.c :87 :List_push) gay shit
DEBUG: (src/list.c :87 :List_push) gay shit
DEBUG: (src/list.c :87 :List_push) gay shit
DEBUG: (src/list.c :87 :List_push) gay shit
DEBUG: (src/list.c :87 :List_push) gay shit
DEBUG: (src/list.c :87 :List_push) gay shit
DEBUG: (src/list.c :87 :List_push) gay shit
DEBUG: (src/list.c :87 :List_push) gay shit
DEBUG: (src/list.c :87 :List_push) gay shit
DEBUG: (src/list.c :87 :List_push) gay shit
DEBUG: (src/list.c :87 :List_push) gay shit
DEBUG: (src/list.c :87 :List_push) gay shit
DEBUG: (src/list.c :87 :List_push) gay shit
DEBUG: (src/list.c :87 :List_push) gay shit
DEBUG: (src/list.c :87 :List_push) gay shit
DEBUG: (src/list.c :87 :List_push) gay shit
DEBUG: (src/list.c :87 :List_push) gay shit
DEBUG: (src/list.c :87 :List_push) gay shit
DEBUG: (src/list.c :87 :List_push) gay shit
DEBUG: (src/list.c :87 :List_push) gay shit
DEBUG: (src/list.c :87 :List_push) gay shit
DEBUG: (src/list.c :87 :List_push) gay shit
DEBUG: (src/list.c :87 :List_push) gay shit
DEBUG: (src/list.c :87 :List_push) gay shit
DEBUG: (src/list.c :87 :List_push) gay shit
DEBUG: (src/list.c :87 :List_push) gay shit
DEBUG: (src/list.c :87 :List_push) gay shit
DEBUG: (src/list.c :87 :List_push) gay shit
DEBUG: (src/list.c :87 :List_push) gay shit
DEBUG: (src/list.c :87 :List_push) gay shit
DEBUG: (src/list.c :87 :List_push) gay shit
DEBUG: (src/list.c :87 :List_push) gay shit
DEBUG: (src/list.c :87 :List_push) gay shit
DEBUG: (src/list.c :87 :List_push) gay shit
DEBUG: (src/list.c :87 :List_push) gay shit
DEBUG: (src/list.c :87 :List_push) gay shit
DEBUG: (src/list.c :87 :List_push) gay shit
DEBUG: (src/list.c :87 :List_push) gay shit
DEBUG: (src/list.c :87 :List_push) gay shit
DEBUG: (src/list.c :87 :List_push) gay shit
DEBUG: (src/list.c :87 :List_push) gay shit
DEBUG: (src/list.c :87 :List_push) gay shit
DEBUG: (src/list.c :87 :List_push) gay shit
DEBUG: (src/list.c :87 :List_push) gay shit
DEBUG: (src/list.c :87 :List_push) gay shit
DEBUG: (src/list.c :87 :List_push) gay shit
DEBUG: (src/list.c :87 :List_push) gay shit
DEBUG: (src/list.c :87 :List_push) gay shit
DEBUG: (src/list.c :87 :List_push) gay shit
DEBUG: (src/list.c :87 :List_push) gay shit
DEBUG: (src/list.c :87 :List_push) gay shit
DEBUG: (src/list.c :87 :List_push) gay shit
DEBUG: (src/list.c :87 :List_push) gay shit
DEBUG: (src/list.c :87 :List_push) gay shit
DEBUG: (src/list.c :87 :List_push) gay shit
DEBUG: (src/list.c :87 :List_push) gay shit
DEBUG: (src/list.c :87 :List_push) gay shit
DEBUG: (src/list.c :87 :List_push) gay shit
DEBUG: (src/list.c :87 :List_push) gay shit
DEBUG: (src/list.c :87 :List_push) gay shit
DEBUG: (src/list.c :87 :List_push) gay shit
DEBUG: (src/list.c :87 :List_push) gay shit
DEBUG: (src/list.c :87 :List_push) gay shit
DEBUG: (src/list.c :87 :List_push) gay shit
DEBUG: (src/list.c :87 :List_push) gay shit
DEBUG: (src/list.c :87 :List_push) gay shit
DEBUG: (src/list.c :87 :List_push) gay shit
DEBUG: (src/list.c :87 :List_push) gay shit
DEBUG: (src/list.c :87 :List_push) gay shit
DEBUG: (src/list.c :87 :List_push) gay shit
DEBUG: (src/list.c :87 :List_push) gay shit
DEBUG: (src/list.c :87 :List_push) gay shit
DEBUG: (src/list.c :87 :List_push) gay shit
DEBUG: (src/list.c :87 :List_push) gay shit
DEBUG: (src/list.c :87 :List_push) gay shit
DEBUG: (src/list.c :87 :List_push) gay shit
DEBUG: (src/list.c :87 :List_push) gay shit
DEBUG: (src/list.c :87 :List_push) gay shit
DEBUG: (src/list.c :87 :List_push) gay shit
DEBUG: (src/list.c :87 :List_push) gay shit
DEBUG: (src/list.c :87 :List_push) gay shit
DEBUG: (src/list.c :87 :List_push) gay shit
DEBUG: (src/list.c :87 :List_push) gay shit
DEBUG: (src/list.c :87 :List_push) gay shit
DEBUG: (src/list.c :87 :List_push) gay shit
DEBUG: (src/list.c :87 :List_push) gay shit
DEBUG: (src/list.c :87 :List_push) gay shit
DEBUG: (src/list.c :87 :List_push) gay shit
DEBUG: (src/list.c :87 :List_push) gay shit
DEBUG: (src/list.c :87 :List_push) gay shit
DEBUG: (src/list.c :87 :List_push) gay shit
DEBUG: (src/list.c :87 :List_push) gay shit
DEBUG: (src/list.c :87 :List_push) gay shit
DEBUG: (src/list.c :87 :List_push) gay shit
DEBUG: (src/list.c :87 :List_push) gay shit
DEBUG: (src/list.c :87 :List_push) gay shit
DEBUG: (src/list.c :87 :List_push) gay shit
DEBUG: (src/list.c :87 :List_push) gay shit
DEBUG: (src/list.c :87 :List_push) gay shit
DEBUG: (src/list.c :87 :List_push) gay shit
DEBUG: (src/list.c :87 :List_push) gay shit
DEBUG: (src/list.c :87 :List_push) gay shit
DEBUG: (src/list.c :87 :List_push) gay shit
DEBUG: (src/list.c :87 :List_push) gay shit
DEBUG: (src/list.c :87 :List_push) gay shit
DEBUG: (src/list.c :87 :List_push) gay shit
DEBUG: (src/list.c :87 :List_push) gay shit
DEBUG: (src/list.c :87 :List_push) gay shit
DEBUG: (src/list.c :87 :List_push) gay shit
DEBUG: (src/list.c :87 :List_push) gay shit
DEBUG: (src/list.c :87 :List_push) gay shit
DEBUG: (src/list.c :87 :List_push) gay shit
DEBUG: (src/list.c :87 :List_push) gay shit
DEBUG: (src/list.c :87 :List_push) gay shit
DEBUG: (src/list.c :87 :List_push) gay shit
DEBUG: (src/list.c :87 :List_push) gay shit
DEBUG: (src/list.c :87 :List_push) gay shit
DEBUG: (src/list.c :87 :List_push) gay shit
DEBUG: (src/list.c :87 :List_push) gay shit
DEBUG: (src/list.c :87 :List_push) gay shit
DEBUG: (src/list.c :87 :List_push) gay shit
DEBUG: (src/list.c :87 :List_push) gay shit
DEBUG: (src/list.c :87 :List_push) gay shit
DEBUG: (src/list.c :87 :List_push) gay shit
DEBUG: (src/list.c :87 :List_push) gay shit
DEBUG: (src/list.c :87 :List_push) gay shit
DEBUG: (src/list.c :87 :List_push) gay shit
DEBUG: (src/list.c :87 :List_push) gay shit
DEBUG: (src/list.c :87 :List_push) gay shit
DEBUG: (src/list.c :87 :List_push) gay shit
DEBUG: (src/list.c :87 :List_push) gay shit
DEBUG: (src/list.c :87 :List_push) gay shit
DEBUG: (src/list.c :87 :List_push) gay shit
DEBUG: (src/list.c :87 :List_push) gay shit
DEBUG: (src/list.c :87 :List_push) gay shit
DEBUG: (src/list.c :87 :List_push) gay shit
DEBUG: (src/list.c :87 :List_push) gay shit
DEBUG: (src/list.c :87 :List_push) gay shit
DEBUG: (src/list.c :87 :List_push) gay shit
DEBUG: (src/list.c :87 :List_push) gay shit
DEBUG: (src/list.c :87 :List_push) gay shit
DEBUG: (src/list.c :87 :List_push) gay shit
DEBUG: (src/list.c :87 :List_push) gay shit
DEBUG: (src/list.c :87 :List_push) gay shit
DEBUG: (src/list.c :87 :List_push) gay shit
DEBUG: (src/list.c :87 :List_push) gay shit
DEBUG: (src/list.c :87 :List_push) gay shit
DEBUG: (src/list.c :87 :List_push) gay shit
DEBUG: (src/list.c :87 :List_push) gay shit
DEBUG: (src/list.c :87 :List_push) gay shit
DEBUG: (src/list.c :87 :List_push) gay shit
DEBUG: (src/list.c :87 :List_push) gay shit
DEBUG: (src/list.c :87 :List_push) gay shit
DEBUG: (src/list.c :87 :List_push) gay shit
DEBUG: (src/list.c :87 :List_push) gay shit
DEBUG: (src/list.c :87 :List_push) gay shit
DEBUG: (src/list.c :87 :List_push) gay shit
DEBUG: (src/list.c :87 :List_push) gay shit
DEBUG: (src/list.c :87 :List_push) gay shit
DEBUG: (src/list.c :87 :List_push) gay shit
DEBUG: (src/list.c :87 :List_push) gay shit
DEBUG: (src/list.c :87 :List_push) gay shit
DEBUG: (src/list.c :87 :List_push) gay shit
DEBUG: (src/list.c :87 :List_push) gay shit
DEBUG: (src/list.c :87 :List_push) gay shit
DEBUG: (src/list.c :87 :List_push) gay shit
DEBUG: (src/list.c :87 :List_push) gay shit
DEBUG: (src/list.c :87 :List_push) gay shit
DEBUG: (src/list.c :87 :List_push) gay shit
DEBUG: (src/list.c :87 :List_push) gay shit
DEBUG: (src/list.c :87 :List_push) gay shit
DEBUG: (src/list.c :87 :List_push) gay shit
DEBUG: (src/list.c :87 :List_push) gay shit
DEBUG: (src/list.c :87 :List_push) gay shit
DEBUG: (src/list.c :87 :List_push) gay shit
DEBUG: (src/list.c :87 :List_push) gay shit
DEBUG: (src/list.c :87 :List_push) gay shit
DEBUG: (src/list.c :87 :List_push) gay shit
DEBUG: (src/list.c :87 :List_push) gay shit
DEBUG: (src/list.c :87 :List_push) gay shit
DEBUG: (src/list.c :87 :List_push) gay shit
DEBUG: (src/list.c :87 :List_push) gay shit
DEBUG: (src/list.c :87 :List_push) gay shit
DEBUG: (src/list.c :87 :List_push) gay shit
DEBUG: (src/list.c :87 :List_push) gay shit
DEBUG: (src/list.c :87 :List_push) gay shit
DEBUG: (src/list.c :87 :List_push) gay shit
DEBUG: (src/list.c :87 :List_push) gay shit
DEBUG: (src/list.c :87 :List_push) gay shit
DEBUG: (src/list.c :87 :List_push) gay shit
DEBUG: (src/list.c :87 :List_push) gay shit
DEBUG: (src/list.c :87 :List_push) gay shit
DEBUG: (src/list.c :87 :List_push) gay shit
DEBUG: (src/list.c :87 :List_push) gay shit
DEBUG: (src/list.c :87 :List_push) gay shit
DEBUG: (src/list.c :87 :List_push) gay shit
DEBUG: (src/list.c :87 :List_push) gay shit
DEBUG: (src/list.c :87 :List_push) gay shit
DEBUG: (src/list.c :87 :List_push) gay shit
DEBUG: (src/list.c :87 :List_push) gay shit
DEBUG: (src/list.c :87 :List_push) gay shit
DEBUG: (src/list.c :87 :List_push) gay shit
DEBUG: (src/list.c :87 :List_push) gay shit
DEBUG: (src/list.c :87 :List_push) gay shit
DEBUG: (src/list.c :87 :List_push) gay shit
DEBUG: (src/list.c :87 :List_push) gay shit
DEBUG: (src/list.c :87 :List_push) gay shit
DEBUG: (src/list.c :87 :List_push) gay shit
DEBUG: (src/list.c :87 :List_push) gay shit
DEBUG: (src/list.c :87 :List_push) gay shit
DEBUG: (src/list.c :87 :List_push) gay shit
DEBUG: (src/list.c :87 :List_push) gay shit
DEBUG: (src/list.c :87 :List_push) gay shit
DEBUG: (src/list.c :87 :List_push) gay shit
DEBUG: (src/list.c :87 :List_push) gay shit
DEBUG: (src/list.c :87 :List_push) gay shit
DEBUG: (src/list.c :87 :List_push) gay shit
DEBUG: (src/list.c :87 :List_push) gay shit
DEBUG: (src/list.c :87 :List_push) gay shit
DEBUG: (src/list.c :87 :List_push) gay shit
DEBUG: (src/list.c :87 :List_push) gay shit
DEBUG: (src/list.c :87 :List_push) gay shit
DEBUG: (src/list.c :87 :List_push) gay shit
DEBUG: (src/list.c :87 :List_push) gay shit
DEBUG: (src/list.c :87 :List_push) gay shit
DEBUG: (src/list.c :87 :List_push) gay shit
DEBUG: (src/list.c :87 :List_push) gay shit
DEBUG: (src/list.c :87 :List_push) gay shit
DEBUG: (src/list.c :87 :List_push) gay shit
DEBUG: (src/list.c :87 :List_push) gay shit
DEBUG: (src/list.c :87 :List_push) gay shit
DEBUG: (src/list.c :87 :List_push) gay shit
DEBUG: (src/list.c :87 :List_push) gay shit
DEBUG: (src/list.c :87 :List_push) gay shit
DEBUG: (src/list.c :87 :List_push) gay shit
DEBUG: (src/list.c :87 :List_push) gay shit
DEBUG: (src/list.c :87 :List_push) gay shit
DEBUG: (src/list.c :87 :List_push) gay shit
DEBUG: (src/list.c :87 :List_push) gay shit
DEBUG: (src/list.c :87 :List_push) gay shit
DEBUG: (src/list.c :87 :List_push) gay shit
DEBUG: (src/list.c :87 :List_push) gay shit
DEBUG: (src/list.c :87 :List_push) gay shit
DEBUG: (src/list.c :87 :List_push) gay shit
DEBUG: (src/list.c :87 :List_push) gay shit
DEBUG: (src/list.c :87 :List_push) gay shit
DEBUG: (src/list.c :87 :List_push) gay shit
DEBUG: (src/list.c :87 :List_push) gay shit
DEBUG: (src/list.c :87 :List_push) gay shit
DEBUG: (src/list.c :87 :List_push) gay shit
DEBUG: (src/list.c :87 :List_push) gay shit
DEBUG: (src/list.c :87 :List_push) gay shit
DEBUG: (src/list.c :87 :List_push) gay shit
DEBUG: (src/list.c :87 :List_push) gay shit
DEBUG: (src/list.c :87 :List_push) gay shit
DEBUG: (src/list.c :87 :List_push) gay shit
DEBUG: (src/list.c :87 :List_push) gay shit
DEBUG: (src/list.c :87 :List_push) gay shit
DEBUG: (src/list.c :87 :List_push) gay shit
DEBUG: (src/list.c :87 :List_push) gay shit
DEBUG: (src/list.c :87 :List_push) gay shit
DEBUG: (src/list.c :87 :List_push) gay shit
DEBUG: (src/list.c :87 :List_push) gay shit
DEBUG: (src/list.c :87 :List_push) gay shit
DEBUG: (src/list.c :87 :List_push) gay shit
DEBUG: (src/list.c :87 :List_push) gay shit
DEBUG: (src/list.c :87 :List_push) gay shit
DEBUG: (src/list.c :87 :List_push) gay shit
DEBUG: (src/list.c :87 :List_push) gay shit
DEBUG: (src/list.c :87 :List_push) gay shit
DEBUG: (src/list.c :87 :List_push) gay shit
DEBUG: (src/list.c :87 :List_push) gay shit
DEBUG: (src/list.c :87 :List_push) gay shit
DEBUG: (src/list.c :87 :List_push) gay shit
DEBUG: (src/list.c :87 :List_push) gay shit
DEBUG: (src/list.c :87 :List_push) gay shit
DEBUG: (src/list.c :87 :List_push) gay shit
DEBUG: (src/list.c :87 :List_push) gay shit
DEBUG: (src/list.c :87 :List_push) gay shit
DEBUG: (src/list.c :87 :List_push) gay shit
DEBUG: (src/list.c :87 :List_push) gay shit
DEBUG: (src/list.c :87 :List_push) gay shit
DEBUG: (src/list.c :87 :List_push) gay shit
DEBUG: (src/list.c :87 :List_push) gay shit
DEBUG: (src/list.c :87 :List_push) gay shit
DEBUG: (src/list.c :87 :List_push) gay shit
DEBUG: (src/list.c :87 :List_push) gay shit
DEBUG: (src/list.c :87 :List_push) gay shit
DEBUG: (src/list.c :87 :List_push) gay shit
DEBUG: (src/list.c :87 :List_push) gay shit
DEBUG: (src/list.c :87 :List_push) gay shit
DEBUG: (src/list.c :87 :List_push) gay shit
DEBUG: (src/list.c :87 :List_push) gay shit
DEBUG: (src/list.c :87 :List_push) gay shit
DEBUG: (src/list.c :87 :List_push) gay shit
DEBUG: (src/list.c :87 :List_push) gay shit
DEBUG: (src/list.c :87 :List_push) gay shit
DEBUG: (src/list.c :87 :List_push) gay shit
DEBUG: (src/list.c :87 :List_push) gay shit
DEBUG: (src/list.c :87 :List_push) gay shit
DEBUG: (src/list.c :87 :List_push) gay shit
DEBUG: (src/list.c :87 :List_push) gay shit
DEBUG: (src/list.c :87 :List_push) gay shit
DEBUG: (src/list.c :87 :List_push) gay shit
DEBUG: (src/list.c :87 :List_push) gay shit
DEBUG: (src/list.c :87 :List_push) gay shit
DEBUG: (src/list.c :87 :List_push) gay shit
DEBUG: (src/list.c :87 :List_push) gay shit
DEBUG: (src/list.c :87 :List_push) gay shit
DEBUG: (src/list.c :87 :List_push) gay shit
DEBUG: (src/list.c :87 :List_push) gay shit
DEBUG: (src/list.c :87 :List_push) gay shit
DEBUG: (src/list.c :87 :List_push) gay shit
DEBUG: (src/list.c :87 :List_push) gay shit
DEBUG: (src/list.c :87 :List_push) gay shit
DEBUG: (src/list.c :87 :List_push) gay shit
DEBUG: (src/list.c :87 :List_push) gay shit
DEBUG: (src/list.c :87 :List_push) gay shit
DEBUG: (src/list.c :87 :List_push) gay shit
DEBUG: (src/list.c :87 :List_push) gay shit
DEBUG: (src/list.c :87 :List_push) gay shit
DEBUG: (src/list.c :87 :List_push) gay shit
DEBUG: (src/list.c :87 :List_push) gay shit
DEBUG: (src/list.c :87 :List_push) gay shit
DEBUG: (src/list.c :87 :List_push) gay shit
DEBUG: (src/list.c :87 :List_push) gay shit
DEBUG: (src/list.c :87 :List_push) gay shit
DEBUG: (src/list.c :87 :List_push) gay shit
DEBUG: (src/list.c :87 :List_push) gay shit
DEBUG: (src/list.c :87 :List_push) gay shit
DEBUG: (src/list.c :87 :List_push) gay shit
DEBUG: (src/list.c :87 :List_push) gay shit
DEBUG: (src/list.c :87 :List_push) gay shit
DEBUG: (src/list.c :87 :List_push) gay shit
DEBUG: (src/list.c :87 :List_push) gay shit
DEBUG: (src/list.c :87 :List_push) gay shit
DEBUG: (src/list.c :87 :List_push) gay shit
DEBUG: (src/list.c :87 :List_push) gay shit
DEBUG: (src/list.c :87 :List_push) gay shit
DEBUG: (src/list.c :87 :List_push) gay shit
DEBUG: (src/list.c :87 :List_push) gay shit
DEBUG: (src/list.c :87 :List_push) gay shit
DEBUG: (src/list.c :87 :List_push) gay shit
DEBUG: (src/list.c :87 :List_push) gay shit
DEBUG: (src/list.c :87 :List_push) gay shit
DEBUG: (src/list.c :87 :List_push) gay shit
DEBUG: (src/list.c :87 :List_push) gay shit
DEBUG: (src/list.c :87 :List_push) gay shit
DEBUG: (src/list.c :87 :List_push) gay shit
DEBUG: (src/list.c :87 :List_push) gay shit
DEBUG: (src/list.c :87 :List_push) gay shit
DEBUG: (src/list.c :87 :List_push) gay shit
DEBUG: (src/list.c :87 :List_push) gay shit
DEBUG: (src/list.c :87 :List_push) gay shit
DEBUG: (src/list.c :87 :List_push) gay shit
DEBUG: (src/list.c :87 :List_push) gay shit
DEBUG: (src/list.c :87 :List_push) gay shit
DEBUG: (src/list.c :87 :List_push) gay shit
DEBUG: (src/list.c :87 :List_push) gay shit
DEBUG: (src/list.c :87 :List_push) gay shit
DEBUG: (src/list.c :87 :List_push) gay shit
DEBUG: (src/list.c :87 :List_push) gay shit
DEBUG: (src/list.c :87 :List_push) gay shit
DEBUG: (src/list.c :87 :List_push) gay shit
DEBUG: (src/list.c :87 :List_push) gay shit
DEBUG: (src/list.c :87 :List_push) gay shit
DEBUG: (src/list.c :87 :List_push) gay shit
DEBUG: (src/list.c :87 :List_push) gay shit
DEBUG: (src/list.c :87 :List_push) gay shit
DEBUG: (src/list.c :87 :List_push) gay shit
DEBUG: (src/list.c :87 :List_push) gay shit
DEBUG: (src/list.c :87 :List_push) gay shit
DEBUG: (src/list.c :87 :List_push) gay shit
DEBUG: (src/list.c :87 :List_push) gay shit
DEBUG: (src/list.c :87 :List_push) gay shit
DEBUG: (src/list.c :87 :List_push) gay shit
DEBUG: (src/list.c :87 :List_push) gay shit
DEBUG: (src/list.c :87 :List_push) gay shit
DEBUG: (src/list.c :87 :List_push) gay shit
DEBUG: (src/list.c :87 :List_push) gay shit
DEBUG: (src/list.c :87 :List_push) gay shit
DEBUG: (src/list.c :87 :List_push) gay shit
DEBUG: (src/list.c :87 :List_push) gay shit
DEBUG: (src/list.c :87 :List_push) gay shit
DEBUG: (src/list.c :87 :List_push) gay shit
DEBUG: (src/list.c :87 :List_push) gay shit
DEBUG: (src/list.c :87 :List_push) gay shit
DEBUG: (src/list.c :87 :List_push) gay shit
DEBUG: (src/list.c :87 :List_push) gay shit
DEBUG: (src/list.c :87 :List_push) gay shit
DEBUG: (src/list.c :87 :List_push) gay shit
DEBUG: (src/list.c :87 :List_push) gay shit
DEBUG: (src/list.c :87 :List_push) gay shit
DEBUG: (src/list.c :87 :List_push) gay shit
DEBUG: (src/list.c :87 :List_push) gay shit
DEBUG: (src/list.c :87 :List_push) gay shit
DEBUG: (src/list.c :87 :List_push) gay shit
DEBUG: (src/list.c :87 :List_push) gay shit
DEBUG: (src/list.c :87 :List_push) gay shit
DEBUG: (src/list.c :87 :List_push) gay shit
DEBUG: (src/list.c :87 :List_push) gay shit
DEBUG: (src/list.c :87 :List_push) gay shit
DEBUG: (src/list.c :87 :List_push) gay shit
DEBUG: (src/list.c :87 :List_push) gay shit
DEBUG: (src/list.c :87 :List_push) gay shit
DEBUG: (src/list.c :87 :List_push) gay shit
DEBUG: (src/list.c :87 :List_push) gay shit
DEBUG: (src/list.c :87 :List_push) gay shit
DEBUG: (src/list.c :87 :List_push) gay shit
DEBUG: (src/list.c :87 :List_push) gay shit
DEBUG: (src/list.c :87 :List_push) gay shit
DEBUG: (src/list.c :87 :List_push) gay shit
DEBUG: (src/list.c :87 :List_push) gay shit
DEBUG: (src/list.c :87 :List_push) gay shit
DEBUG: (src/list.c :87 :List_push) gay shit
DEBUG: (src/list.c :87 :List_push) gay shit
DEBUG: (src/list.c :87 :List_push) gay shit
DEBUG: (src/list.c :87 :List_push) gay shit
DEBUG: (src/list.c :87 :List_push) gay shit
DEBUG: (src/list.c :87 :List_push) gay shit
DEBUG: (src/list.c :87 :List_push) gay shit
DEBUG: (src/list.c :87 :List_push) gay shit
DEBUG: (src/list.c :87 :List_push) gay shit
DEBUG: (src/list.c :87 :List_push) gay shit
DEBUG: (src/list.c :87 :List_push) gay shit
DEBUG: (src/list.c :87 :List_push) gay shit
DEBUG: (src/list.c :87 :List_push) gay shit
DEBUG: (src/list.c :87 :List_push) gay shit
DEBUG: (src/list.c :87 :List_push) gay shit
DEBUG: (src/list.c :87 :List_push) gay shit
DEBUG: (src/list.c :87 :List_push) gay shit
DEBUG: (src/list.c :87 :List_push) gay shit
DEBUG: (src/list.c :87 :List_push) gay shit
DEBUG: (src/list.c :87 :List_push) gay shit
DEBUG: (src/list.c :87 :List_push) gay shit
DEBUG: (src/list.c :87 :List_push) gay shit
DEBUG: (src/list.c :87 :List_push) gay shit
DEBUG: (src/list.c :87 :List_push) gay shit
DEBUG: (src/list.c :87 :List_push) gay shit
DEBUG: (src/list.c :87 :List_push) gay shit
DEBUG: (src/list.c :87 :List_push) gay shit
DEBUG: (src/list.c :87 :List_push) gay shit
DEBUG: (src/list.c :87 :List_push) gay shit
DEBUG: (src/list.c :87 :List_push) gay shit
DEBUG: (src/list.c :87 :List_push) gay shit
DEBUG: (src/list.c :87 :List_push) gay shit
DEBUG: (src/list.c :87 :List_push) gay shit
DEBUG: (src/list.c :87 :List_push) gay shit
DEBUG: (src/list.c :87 :List_push) gay shit
DEBUG: (src/list.c :87 :List_push) gay shit
DEBUG: (src/list.c :87 :List_push) gay shit
DEBUG: (src/list.c :87 :List_push) gay shit
DEBUG: (src/list.c :87 :List_push) gay shit
DEBUG: (src/list.c :87 :List_push) gay shit
DEBUG: (src/list.c :87 :List_push) gay shit
DEBUG: (src/list.c :87 :List_push) gay shit
DEBUG: (src/list.c :87 :List_push) gay shit
DEBUG: (src/list.c :87 :List_push) gay shit
DEBUG: (src/list.c :87 :List_push) gay shit
DEBUG: (src/list.c :87 :List_push) gay shit
DEBUG: (src/list.c :87 :List_push) gay shit
DEBUG: (src/list.c :87 :List_push) gay shit
DEBUG: (src/list.c :87 :List_push) gay shit
DEBUG: (src/list.c :87 :List_push) gay shit
DEBUG: (src/list.c :87 :List_push) gay shit
DEBUG: (src/list.c :87 :List_push) gay shit
DEBUG: (src/list.c :87 :List_push) gay shit
DEBUG: (src/list.c :87 :List_push) gay shit
DEBUG: (src/list.c :87 :List_push) gay shit
DEBUG: (src/list.c :87 :List_push) gay shit
DEBUG: (src/list.c :87 :List_push) gay shit
DEBUG: (src/list.c :87 :List_push) gay shit
DEBUG: (src/list.c :87 :List_push) gay shit
DEBUG: (src/list.c :87 :List_push) gay shit
DEBUG: (src/list.c :87 :List_push) gay shit
DEBUG: (src/list.c :87 :List_push) gay shit
DEBUG: (src/list.c :87 :List_push) gay shit
DEBUG: (src/list.c :87 :List_push) gay shit
DEBUG: (src/list.c :87 :List_push) gay shit
DEBUG: (src/list.c :87 :List_push) gay shit
DEBUG: (src/list.c :87 :List_push) gay shit
DEBUG: (src/list.c :87 :List_push) gay shit
DEBUG: (src/list.c :87 :List_push) gay shit
DEBUG: (src/list.c :87 :List_push) gay shit
DEBUG: (src/list.c :87 :List_push) gay shit
DEBUG: (src/list.c :87 :List_push) gay shit
DEBUG: (src/list.c :87 :List_push) gay shit
DEBUG: (src/list.c :87 :List_push) gay shit
DEBUG: (src/list.c :87 :List_push) gay shit
DEBUG: (src/list.c :87 :List_push) gay shit
DEBUG: (src/list.c :87 :List_push) gay shit
DEBUG: (src/list.c :87 :List_push) gay shit
DEBUG: (src/list.c :87 :List_push) gay shit
DEBUG: (src/list.c :87 :List_push) gay shit
DEBUG: (src/list.c :87 :List_push) gay shit
DEBUG: (src/list.c :87 :List_push) gay shit
DEBUG: (src/list.c :87 :List_push) gay shit
DEBUG: (src/list.c :87 :List_push) gay shit
DEBUG: (src/list.c :87 :List_push) gay shit
DEBUG: (src/list.c :87 :List_push) gay shit
DEBUG: (src/list.c :87 :List_push) gay shit
DEBUG: (src/list.c :87 :List_push) gay shit
DEBUG: (src/list.c :87 :List_push) gay shit
DEBUG: (src/list.c :87 :List_push) gay shit
DEBUG: (src/list.c :87 :List_push) gay shit
DEBUG: (src/list.c :87 :List_push) gay shit
DEBUG: (src/list.c :87 :List_push) gay shit
DEBUG: (src/list.c :87 :List_push) gay shit
DEBUG: (src/list.c :87 :List_push) gay shit
DEBUG: (src/list.c :87 :List_push) gay shit
DEBUG: (src/list.c :87 :List_push) gay shit
DEBUG: (src/list.c :87 :List_push) gay shit
DEBUG: (src/list.c :87 :List_push) gay shit
DEBUG: (src/list.c :87 :List_push) gay shit
DEBUG: (src/list.c :87 :List_push) gay shit
DEBUG: (src/list.c :87 :List_push) gay shit
DEBUG: (src/list.c :87 :List_push) gay shit
DEBUG: (src/list.c :87 :List_push) gay shit
DEBUG: (src/list.c :87 :List_push) gay shit
DEBUG: (src/list.c :87 :List_push) gay shit
DEBUG: (src/list.c :87 :List_push) gay shit
DEBUG: (src/list.c :87 :List_push) gay shit
DEBUG: (src/list.c :87 :List_push) gay shit
DEBUG: (src/list.c :87 :List_push) gay shit
DEBUG: (src/list.c :87 :List_push) gay shit
DEBUG: (src/list.c :87 :List_push) gay shit
DEBUG: (src/list.c :87 :List_push) gay shit
DEBUG: (src/list.c :87 :List_push) gay shit
DEBUG: (src/list.c :87 :List_push) gay shit
DEBUG: (src/list.c :87 :List_push) gay shit
DEBUG: (src/list.c :87 :List_push) gay shit
DEBUG: (src/list.c :87 :List_push) gay shit
DEBUG: (src/list.c :87 :List_push) gay shit
DEBUG: (src/list.c :87 :List_push) gay shit
DEBUG: (src/list.c :87 :List_push) gay shit
DEBUG: (src/list.c :87 :List_push) gay shit
DEBUG: (src/list.c :87 :List_push) gay shit
DEBUG: (src/list.c :87 :List_push) gay shit
DEBUG: (src/list.c :87 :List_push) gay shit
DEBUG: (src/list.c :87 :List_push) gay shit
DEBUG: (src/list.c :87 :List_push) gay shit
DEBUG: (src/list.c :87 :List_push) gay shit
DEBUG: (src/list.c :87 :List_push) gay shit
DEBUG: (src/list.c :87 :List_push) gay shit
DEBUG: (src/list.c :87 :List_push) gay shit
DEBUG: (src/list.c :87 :List_push) gay shit
DEBUG: (src/list.c :87 :List_push) gay shit
DEBUG: (src/list.c :87 :List_push) gay shit
DEBUG: (src/list.c :87 :List_push) gay shit
DEBUG: (src/list.c :87 :List_push) gay shit
DEBUG: (src/list.c :87 :List_push) gay shit
DEBUG: (src/list.c :87 :List_push) gay shit
DEBUG: (src/list.c :87 :List_push) gay shit
DEBUG: (src/list.c :87 :List_push) gay shit
DEBUG: (src/list.c :87 :List_push) gay shit
DEBUG: (src/list.c :87 :List_push) gay shit
DEBUG: (src/list.c :87 :List_push) gay shit
DEBUG: (src/list.c :87 :List_push) gay shit
DEBUG: (src/list.c :87 :List_push) gay shit
DEBUG: (src/list.c :87 :List_push) gay shit
DEBUG: (src/list.c :87 :List_push) gay shit
DEBUG: (src/list.c :87 :List_push) gay shit
DEBUG: (src/list.c :87 :List_push) gay shit
DEBUG: (src/list.c :87 :List_push) gay shit
DEBUG: (src/list.c :87 :List_push) gay shit
DEBUG: (src/list.c :87 :List_push) gay shit
DEBUG: (src/list.c :87 :List_push) gay shit
DEBUG: (src/list.c :87 :List_push) gay shit
DEBUG: (src/list.c :87 :List_push) gay shit
DEBUG: (src/list.c :87 :List_push) gay shit
DEBUG: (src/list.c :87 :List_push) gay shit
DEBUG: (src/list.c :87 :List_push) gay shit
DEBUG: (src/list.c :87 :List_push) gay shit
DEBUG: (src/list.c :87 :List_push) gay shit
DEBUG: (src/list.c :87 :List_push) gay shit
DEBUG: (src/list.c :87 :List_push) gay shit
DEBUG: (src/list.c :87 :List_push) gay shit
DEBUG: (src/list.c :87 :List_push) gay shit
DEBUG: (src/list.c :87 :List_push) gay shit
DEBUG: (src/list.c :87 :List_push) gay shit
DEBUG: (src/list.c :87 :List_push) gay shit
DEBUG: (src/list.c :87 :List_push) gay shit
DEBUG: (src/list.c :87 :List_push) gay shit
DEBUG: (src/list.c :87 :List_push) gay shit
DEBUG: (src/list.c :87 :List_push) gay shit
DEBUG: (src/list.c :87 :List_push) gay shit
DEBUG: (src/list.c :87 :List_push) gay shit
DEBUG: (src/list.c :87 :List_push) gay shit
DEBUG: (src/list.c :87 :List_push) gay shit
DEBUG: (src/list.c :87 :List_push) gay shit
DEBUG: (src/list.c :87 :List_push) gay shit
DEBUG: (src/list.c :87 :List_push) gay shit
DEBUG: (src/list.c :87 :List_push) gay shit
DEBUG: (src/list.c :87 :List_push) gay shit
DEBUG: (src/list.c :87 :List_push) gay shit
DEBUG: (src/list.c :87 :List_push) gay shit
DEBUG: (src/list.c :87 :List_push) gay shit
DEBUG: (src/list.c :87 :List_push) gay shit
DEBUG: (src/list.c :87 :List_push) gay shit
DEBUG: (src/list.c :87 :List_push) gay shit
DEBUG: (src/list.c :87 :List_push) gay shit
DEBUG: (src/list.c :87 :List_push) gay shit
DEBUG: (src/list.c :87 :List_push) gay shit
DEBUG: (src/list.c :87 :List_push) gay shit
DEBUG: (src/list.c :87 :List_push) gay shit
DEBUG: (src/list.c :87 :List_push) gay shit
DEBUG: (src/list.c :87 :List_push) gay shit
DEBUG: (src/list.c :87 :List_push) gay shit
DEBUG: (src/list.c :87 :List_push) gay shit
DEBUG: (src/list.c :87 :List_push) gay shit
DEBUG: (src/list.c :87 :List_push) gay shit
DEBUG: (src/list.c :87 :List_push) gay shit
DEBUG: (src/list.c :87 :List_push) gay shit
DEBUG: (src/list.c :87 :List_push) gay shit
DEBUG: (src/list.c :87 :List_push) gay shit
DEBUG: (src/list.c :87 :List_push) gay shit
DEBUG: (src/list.c :87 :List_push) gay shit
DEBUG: (src/list.c :87 :List_push) gay shit
DEBUG: (src/list.c :87 :List_push) gay shit
DEBUG: (src/list.c :87 :List_push) gay shit
DEBUG: (src/list.c :87 :List_push) gay shit
DEBUG: (src/list.c :87 :List_push) gay shit
DEBUG: (src/list.c :87 :List_push) gay shit
DEBUG: (src/list.c :87 :List_push) gay shit
DEBUG: (src/list.c :87 :List_push) gay shit
DEBUG: (src/list.c :87 :List_push) gay shit
DEBUG: (src/list.c :87 :List_push) gay shit
DEBUG: (src/list.c :87 :List_push) gay shit
DEBUG: (src/list.c :87 :List_push) gay shit
DEBUG: (src/list.c :87 :List_push) gay shit
DEBUG: (src/list.c :87 :List_push) gay shit
DEBUG: (src/list.c :87 :List_push) gay shit
DEBUG: (src/list.c :87 :List_push) gay shit
DEBUG: (src/list.c :87 :List_push) gay shit
DEBUG: (src/list.c :87 :List_push) gay shit
DEBUG: (src/list.c :87 :List_push) gay shit
DEBUG: (src/list.c :87 :List_push) gay shit
DEBUG: (src/list.c :87 :List_push) gay shit
DEBUG: (src/list.c :87 :List_push) gay shit
DEBUG: (src/list.c :87 :List_push) gay shit
DEBUG: (src/list.c :87 :List_push) gay shit
DEBUG: (src/list.c :87 :List_push) gay shit
DEBUG: (src/list.c :87 :List_push) gay shit
DEBUG: (src/list.c :87 :List_push) gay shit
DEBUG: (src/list.c :87 :List_push) gay shit
DEBUG: (src/list.c :87 :List_push) gay shit
DEBUG: (src/list.c :87 :List_push) gay shit
DEBUG: (src/list.c :87 :List_push) gay shit
DEBUG: (src/list.c :87 :List_push) gay shit
DEBUG: (src/list.c :87 :List_push) gay shit
DEBUG: (src/list.c :87 :List_push) gay shit
DEBUG: (src/list.c :87 :List_push) gay shit
DEBUG: (src/list.c :87 :List_push) gay shit
DEBUG: (src/list.c :87 :List_push) gay shit
DEBUG: (src/list.c :87 :List_push) gay shit
DEBUG: (src/list.c :87 :List_push) gay shit
DEBUG: (src/list.c :87 :List_push) gay shit
DEBUG: (src/list.c :87 :List_push) gay shit
DEBUG: (src/list.c :87 :List_push) gay shit
DEBUG: (src/list.c :87 :List_push) gay shit
DEBUG: (src/list.c :87 :List_push) gay shit
DEBUG: (src/list.c :87 :List_push) gay shit
DEBUG: (src/list.c :87 :List_push) gay shit
DEBUG: (src/list.c :87 :List_push) gay shit
DEBUG: (src/list.c :87 :List_push) gay shit
DEBUG: (src/list.c :87 :List_push) gay shit
DEBUG: (src/list.c :87 :List_push) gay shit
DEBUG: (src/list.c :87 :List_push) gay shit
DEBUG: (src/list.c :87 :List_push) gay shit
DEBUG: (src/list.c :87 :List_push) gay shit
DEBUG: (src/list.c :87 :List_push) gay shit
DEBUG: (src/list.c :87 :List_push) gay shit
DEBUG: (src/list.c :87 :List_push) gay shit
DEBUG: (src/list.c :87 :List_push) gay shit
DEBUG: (src/list.c :87 :List_push) gay shit
DEBUG: (src/list.c :87 :List_push) gay shit
DEBUG: (src/list.c :87 :List_push) gay shit
DEBUG: (src/list.c :87 :List_push) gay shit
DEBUG: (src/list.c :87 :List_push) gay shit
DEBUG: (src/list.c :87 :List_push) gay shit
DEBUG: (src/list.c :87 :List_push) gay shit
DEBUG: (src/list.c :87 :List_push) gay shit
DEBUG: (src/list.c :87 :List_push) gay shit
DEBUG: (src/list.c :87 :List_push) gay shit
DEBUG: (src/list.c :87 :List_push) gay shit
DEBUG: (src/list.c :87 :List_push) gay shit
DEBUG: (src/list.c :87 :List_push) gay shit
DEBUG: (src/list.c :87 :List_push) gay shit
DEBUG: (src/list.c :87 :List_push) gay shit
DEBUG: (src/list.c :87 :List_push) gay shit
DEBUG: (src/list.c :87 :List_push) gay shit
DEBUG: (src/list.c :87 :List_push) gay shit
DEBUG: (src/list.c :87 :List_push) gay shit
DEBUG: (src/list.c :87 :List_push) gay shit
DEBUG: (src/list.c :87 :List_push) gay shit
DEBUG: (src/list.c :87 :List_push) gay shit
DEBUG: (src/list.c :87 :List_push) gay shit
DEBUG: (src/list.c :87 :List_push) gay shit
DEBUG: (src/list.c :87 :List_push) gay shit
DEBUG: (src/list.c :87 :List_push) gay shit
DEBUG: (src/list.c :87 :List_push) gay shit
DEBUG: (src/list.c :87 :List_push) gay shit
DEBUG: (src/list.c :87 :List_push) gay shit
DEBUG: (src/list.c :87 :List_push) gay shit
DEBUG: (src/list.c :87 :List_push) gay shit
DEBUG: (src/list.c :87 :List_push) gay shit
DEBUG: (src/list.c :87 :List_push) gay shit
DEBUG: (src/list.c :87 :List_push) gay shit
DEBUG: (src/list.c :87 :List_push) gay shit
DEBUG: (src/list.c :87 :List_push) gay shit
DEBUG: (src/list.c :87 :List_push) gay shit
DEBUG: (src/list.c :87 :List_push) gay shit
DEBUG: (src/list.c :87 :List_push) gay shit
DEBUG: (src/list.c :87 :List_push) gay shit
DEBUG: (src/list.c :87 :List_push) gay shit
DEBUG: (src/list.c :87 :List_push) gay shit
DEBUG: (src/list.c :87 :List_push) gay shit
DEBUG: (src/list.c :87 :List_push) gay shit
DEBUG: (src/list.c :87 :List_push) gay shit
DEBUG: (src/list.c :87 :List_push) gay shit
DEBUG: (src/list.c :87 :List_push) gay shit
DEBUG: (src/list.c :87 :List_push) gay shit
DEBUG: (src/list.c :87 :List_push) gay shit
DEBUG: (src/list.c :87 :List_push) gay shit
DEBUG: (src/list.c :87 :List_push) gay shit
DEBUG: (src/list.c :87 :List_push) gay shit
DEBUG: (src/list.c :87 :List_push) gay shit
DEBUG: (src/list.c :87 :List_push) gay shit
DEBUG: (src/list.c :87 :List_push) gay shit
DEBUG: (src/list.c :87 :List_push) gay shit
DEBUG: (src/list.c :87 :List_push) gay shit
DEBUG: (src/list.c :87 :List_push) gay shit
DEBUG: (src/list.c :87 :List_push) gay shit
DEBUG: (src/list.c :87 :List_push) gay shit
DEBUG: (src/list.c :87 :List_push) gay shit
DEBUG: (src/list.c :87 :List_push) gay shit
DEBUG: (src/list.c :87 :List_push) gay shit
DEBUG: (src/list.c :87 :List_push) gay shit
DEBUG: (src/list.c :87 :List_push) gay shit
DEBUG: (src/list.c :87 :List_push) gay shit
DEBUG: (src/list.c :87 :List_push) gay shit
DEBUG: (src/list.c :87 :List_push) gay shit
DEBUG: (src/list.c :87 :List_push) gay shit
DEBUG: (src/list.c :87 :List_push) gay shit
DEBUG: (src/list.c :87 :List_push) gay shit
DEBUG: (src/list.c :87 :List_push) gay shit
DEBUG: (src/list.c :87 :List_push) gay shit
DEBUG: (src/list.c :87 :List_push) gay shit
DEBUG: (src/list.c :87 :List_push) gay shit
DEBUG: (src/list.c :87 :List_push) gay shit
DEBUG: (src/list.c :87 :List_push) gay shit
DEBUG: (src/list.c :87 :List_push) gay shit
DEBUG: (src/list.c :87 :List_push) gay shit
DEBUG: (src/list.c :87 :List_push) gay shit
DEBUG: (src/list.c :87 :List_push) gay shit
DEBUG: (src/list.c :87 :List_push) gay shit
DEBUG: (src/list.c :87 :List_push) gay shit
DEBUG: (src/list.c :87 :List_push) gay shit
DEBUG: (src/list.c :87 :List_push) gay shit
DEBUG: (src/list.c :87 :List_push) gay shit
DEBUG: (src/list.c :87 :List_push) gay shit
DEBUG: (src/list.c :87 :List_push) gay shit
DEBUG: (src/list.c :87 :List_push) gay shit
DEBUG: (src/list.c :87 :List_push) gay shit
DEBUG: (src/list.c :87 :List_push) gay shit
DEBUG: (src/list.c :87 :List_push) gay shit
DEBUG: (src/list.c :87 :List_push) gay shit
DEBUG: (src/list.c :87 :List_push) gay shit
DEBUG: (src/list.c :87 :List_push) gay shit
DEBUG: (src/list.c :87 :List_push) gay shit
DEBUG: (src/list.c :87 :List_push) gay shit
DEBUG: (src/list.c :87 :List_push) gay shit
DEBUG: (src/list.c :87 :List_push) gay shit
DEBUG: (src/list.c :87 :List_push) gay shit
DEBUG: (src/list.c :87 :List_push) gay shit
DEBUG: (src/list.c :87 :List_push) gay shit
DEBUG: (src/list.c :87 :List_push) gay shit
DEBUG: (src/list.c :87 :List_push) gay shit
DEBUG: (src/list.c :87 :List_push) gay shit
DEBUG: (src/list.c :87 :List_push) gay shit
DEBUG: (src/list.c :87 :List_push) gay shit
DEBUG: (src/list.c :87 :List_push) gay shit
DEBUG: (src/list.c :87 :List_push) gay shit
DEBUG: (src/list.c :87 :List_push) gay shit
DEBUG: (src/list.c :87 :List_push) gay shit
DEBUG: (src/list.c :87 :List_push) gay shit
DEBUG: (src/list.c :87 :List_push) gay shit
DEBUG: (src/list.c :87 :List_push) gay shit
DEBUG: (src/list.c :87 :List_push) gay shit
DEBUG: (src/list.c :87 :List_push) gay shit
DEBUG: (src/list.c :87 :List_push) gay shit
DEBUG: (src/list.c :87 :List_push) gay shit
DEBUG: (src/list.c :87 :List_push) gay shit
DEBUG: (src/list.c :87 :List_push) gay shit
DEBUG: (src/list.c :87 :List_push) gay shit
DEBUG: (src/list.c :87 :List_push) gay shit
DEBUG: (src/list.c :87 :List_push) gay shit
DEBUG: (src/list.c :87 :List_push) gay shit
DEBUG: (src/list.c :87 :List_push) gay shit
DEBUG: (src/list.c :87 :List_push) gay shit
DEBUG: (src/list.c :87 :List_push) gay shit
DEBUG: (src/list.c :87 :List_push) gay shit
DEBUG: (src/list.c :87 :List_push) gay shit
DEBUG: (src/list.c :87 :List_push) gay shit
DEBUG: (src/list.c :87 :List_push) gay shit
DEBUG: (src/list.c :87 :List_push) gay shit
DEBUG: (src/list.c :87 :List_push) gay shit
DEBUG: (src/list.c :87 :List_push) gay shit
DEBUG: (src/list.c :87 :List_push) gay shit
DEBUG: (src/list.c :87 :List_push) gay shit
DEBUG: (src/list.c :87 :List_push) gay shit
DEBUG: (src/list.c :87 :List_push) gay shit
DEBUG: (src/list.c :87 :List_push) gay shit
DEBUG: (src/list.c :87 :List_push) gay shit
DEBUG: (src/list.c :87 :List_push) gay shit
DEBUG: (src/list.c :87 :List_push) gay shit
DEBUG: (src/list.c :87 :List_push) gay shit
DEBUG: (src/list.c :87 :List_push) gay shit
DEBUG: (src/list.c :87 :List_push) gay shit
DEBUG: (src/list.c :87 :List_push) gay shit
DEBUG: (src/list.c :87 :List_push) gay shit
DEBUG: (src/list.c :87 :List_push) gay shit
DEBUG: (src/list.c :87 :List_push) gay shit
DEBUG: (src/list.c :87 :List_push) gay shit
DEBUG: (src/list.c :87 :List_push) gay shit
DEBUG: (src/list.c :87 :List_push) gay shit
DEBUG: (src/list.c :87 :List_push) gay shit
DEBUG: (src/list.c :87 :List_push) gay shit
DEBUG: (src/list.c :87 :List_push) gay shit
DEBUG: (src/list.c :87 :List_push) gay shit
DEBUG: (src/list.c :87 :List_push) gay shit
DEBUG: (src/list.c :87 :List_push) gay shit
DEBUG: (src/list.c :87 :List_push) gay shit
DEBUG: (src/list.c :87 :List_push) gay shit
DEBUG: (src/list.c :87 :List_push) gay shit
DEBUG: (src/list.c :87 :List_push) gay shit
DEBUG: (src/list.c :87 :List_push) gay shit
DEBUG: (src/list.c :87 :List_push) gay shit
DEBUG: (src/list.c :87 :List_push) gay shit
DEBUG: (src/list.c :87 :List_push) gay shit
DEBUG: (src/list.c :87 :List_push) gay shit
DEBUG: (src/list.c :87 :List_push) gay shit
DEBUG: (src/list.c :87 :List_push) gay shit
DEBUG: (src/list.c :87 :List_push) gay shit
DEBUG: (src/list.c :87 :List_push) gay shit
DEBUG: (src/list.c :87 :List_push) gay shit
DEBUG: (src/list.c :87 :List_push) gay shit
DEBUG: (src/list.c :87 :List_push) gay shit
DEBUG: (src/list.c :87 :List_push) gay shit
DEBUG: (src/list.c :87 :List_push) gay shit
DEBUG: (src/list.c :87 :List_push) gay shit
DEBUG: (src/list.c :87 :List_push) gay shit
DEBUG: (src/list.c :87 :List_push) gay shit
DEBUG: (src/list.c :87 :List_push) gay shit
DEBUG: (src/list.c :87 :List_push) gay shit
DEBUG: (src/list.c :87 :List_push) gay shit
DEBUG: (src/list.c :87 :List_push) gay shit
DEBUG: (src/list.c :87 :List_push) gay shit
DEBUG: (src/list.c :87 :List_push) gay shit
DEBUG: (src/list.c :87 :List_push) gay shit
DEBUG: (src/list.c :87 :List_push) gay shit
DEBUG: (src/list.c :87 :List_push) gay shit
DEBUG: (src/list.c :87 :List_push) gay shit
DEBUG: (src/list.c :87 :List_push) gay shit
DEBUG: (src/list.c :87 :List_push) gay shit
DEBUG: (src/list.c :87 :List_push) gay shit
DEBUG: (src/list.c :87 :List_push) gay shit
DEBUG: (src/list.c :87 :List_push) gay shit
DEBUG: (src/list.c :87 :List_push) gay shit
DEBUG: (src/list.c :87 :List_push) gay shit
DEBUG: (src/list.c :87 :List_push) gay shit
DEBUG: (src/list.c :87 :List_push) gay shit
DEBUG: (src/list.c :87 :List_push) gay shit
DEBUG: (src/list.c :87 :List_push) gay shit
DEBUG: (src/list.c :87 :List_push) gay shit
DEBUG: (src/list.c :87 :List_push) gay shit
DEBUG: (src/list.c :87 :List_push) gay shit
DEBUG: (src/list.c :87 :List_push) gay shit
DEBUG: (src/list.c :87 :List_push) gay shit
DEBUG: (src/list.c :87 :List_push) gay shit
DEBUG: (src/list.c :87 :List_push) gay shit
DEBUG: (src/list.c :87 :List_push) gay shit
DEBUG: (src/list.c :87 :List_push) gay shit
DEBUG: (src/list.c :87 :List_push) gay shit
DEBUG: (src/list.c :87 :List_push) gay shit
DEBUG: (src/list.c :87 :List_push) gay shit
DEBUG: (src/list.c :87 :List_push) gay shit
DEBUG: (src/list.c :87 :List_push) gay shit
DEBUG: (src/list.c :87 :List_push) gay shit
DEBUG: (src/list.c :87 :List_push) gay shit
DEBUG: (src/list.c :87 :List_push) gay shit
DEBUG: (src/list.c :87 :List_push) gay shit
DEBUG: (src/list.c :87 :List_push) gay shit
DEBUG: (src/list.c :87 :List_push) gay shit
DEBUG: (src/list.c :87 :List_push) gay shit
DEBUG: (src/list.c :87 :List_push) gay shit
DEBUG: (src/list.c :87 :List_push) gay shit
DEBUG: (src/list.c :87 :List_push) gay shit
DEBUG: (src/list.c :87 :List_push) gay shit
DEBUG: (src/list.c :87 :List_push) gay shit
DEBUG: (src/list.c :87 :List_push) gay shit
DEBUG: (src/list.c :87 :List_push) gay shit
DEBUG: (src/list.c :87 :List_push) gay shit
DEBUG: (src/list.c :87 :List_push) gay shit
DEBUG: (src/list.c :87 :List_push) gay shit
DEBUG: (src/list.c :87 :List_push) gay shit
DEBUG: (src/list.c :87 :List_push) gay shit
DEBUG: (src/list.c :87 :List_push) gay shit
DEBUG: (src/list.c :87 :List_push) gay shit
DEBUG: (src/list.c :87 :List_push) gay shit
DEBUG: (src/list.c :87 :List_push) gay shit
DEBUG: (src/list.c :87 :List_push) gay shit
DEBUG: (src/list.c :87 :List_push) gay shit
DEBUG: (src/list.c :87 :List_push) gay shit
DEBUG: (src/list.c :87 :List_push) gay shit
DEBUG: (src/list.c :87 :List_push) gay shit
DEBUG: (src/list.c :87 :List_push) gay shit
DEBUG: (src/list.c :87 :List_push) gay shit
DEBUG: (src/list.c :87 :List_push) gay shit
DEBUG: (src/list.c :87 :List_push) gay shit
DEBUG: (src/list.c :87 :List_push) gay shit
DEBUG: (src/list.c :87 :List_push) gay shit
DEBUG: (src/list.c :87 :List_push) gay shit
DEBUG: (src/list.c :87 :List_push) gay shit
DEBUG: (src/list.c :87 :List_push) gay shit
DEBUG: (src/list.c :87 :List_push) gay shit
DEBUG: (src/list.c :87 :List_push) gay shit
DEBUG: (src/list.c :87 :List_push) gay shit
DEBUG: (src/list.c :87 :List_push) gay shit
DEBUG: (src/list.c :87 :List_push) gay shit
DEBUG: (src/list.c :87 :List_push) gay shit
DEBUG: (src/list.c :87 :List_push) gay shit
DEBUG: (src/list.c :87 :List_push) gay shit
DEBUG: (src/list.c :87 :List_push) gay shit
DEBUG: (src/list.c :87 :List_push) gay shit
DEBUG: (src/list.c :87 :List_push) gay shit
DEBUG: (src/list.c :87 :List_push) gay shit
DEBUG: (src/list.c :87 :List_push) gay shit
DEBUG: (src/list.c :87 :List_push) gay shit
DEBUG: (src/list.c :87 :List_push) gay shit
DEBUG: (src/list.c :87 :List_push) gay shit
DEBUG: (src/list.c :87 :List_push) gay shit
DEBUG: (src/list.c :87 :List_push) gay shit
DEBUG: (src/list.c :87 :List_push) gay shit
DEBUG: (src/list.c :87 :List_push) gay shit
DEBUG: (src/list.c :87 :List_push) gay shit
DEBUG: (src/list.c :87 :List_push) gay shit
DEBUG: (src/list.c :87 :List_push) gay shit
DEBUG: (src/list.c :87 :List_push) gay shit
DEBUG: (src/list.c :87 :List_push) gay shit
DEBUG: (src/list.c :87 :List_push) gay shit
DEBUG: (src/list.c :87 :List_push) gay shit
DEBUG: (src/list.c :87 :List_push) gay shit
DEBUG: (src/list.c :87 :List_push) gay shit
DEBUG: (src/list.c :87 :List_push) gay shit
DEBUG: (src/list.c :87 :List_push) gay shit
DEBUG: (src/list.c :87 :List_push) gay shit
DEBUG: (src/list.c :87 :List_push) gay shit
DEBUG: (src/list.c :87 :List_push) gay shit
DEBUG: (src/list.c :87 :List_push) gay shit
DEBUG: (src/list.c :87 :List_push) gay shit
DEBUG: (src/list.c :87 :List_push) gay shit
DEBUG: (src/list.c :87 :List_push) gay shit
DEBUG: (src/list.c :87 :List_push) gay shit
DEBUG: (src/list.c :87 :List_push) gay shit
DEBUG: (src/list.c :87 :List_push) gay shit
DEBUG: (src/list.c :87 :List_push) gay shit
DEBUG: (src/list.c :87 :List_push) gay shit
DEBUG: (src/list.c :87 :List_push) gay shit
DEBUG: (src/list.c :87 :List_push) gay shit
DEBUG: (src/list.c :87 :List_push) gay shit
DEBUG: (src/list.c :87 :List_push) gay shit
DEBUG: (src/list.c :87 :List_push) gay shit
DEBUG: (src/list.c :87 :List_push) gay shit
DEBUG: (src/list.c :87 :List_push) gay shit
DEBUG: (src/list.c :87 :List_push) gay shit
DEBUG: (src/list.c :87 :List_push) gay shit
DEBUG: (src/list.c :87 :List_push) gay shit
DEBUG: (src/list.c :87 :List_push) gay shit
DEBUG: (src/list.c :87 :List_push) gay shit
DEBUG: (src/list.c :87 :List_push) gay shit
DEBUG: (src/list.c :87 :List_push) gay shit
DEBUG: (src/list.c :87 :List_push) gay shit
DEBUG: (src/list.c :87 :List_push) gay shit
DEBUG: (src/list.c :87 :List_push) gay shit
DEBUG: (src/list.c :87 :List_push) gay shit
DEBUG: (src/list.c :87 :List_push) gay shit
DEBUG: (src/list.c :87 :List_push) gay shit
DEBUG: (src/list.c :87 :List_push) gay shit
DEBUG: (src/list.c :87 :List_push) gay shit
DEBUG: (src/list.c :87 :List_push) gay shit
DEBUG: (src/list.c :87 :List_push) gay shit
DEBUG: (src/list.c :87 :List_push) gay shit
DEBUG: (src/list.c :87 :List_push) gay shit
DEBUG: (src/list.c :87 :List_push) gay shit
DEBUG: (src/list.c :87 :List_push) gay shit
DEBUG: (src/list.c :87 :List_push) gay shit
DEBUG: (src/list.c :87 :List_push) gay shit
DEBUG: (src/list.c :87 :List_push) gay shit
DEBUG: (src/list.c :87 :List_push) gay shit
DEBUG: (src/list.c :87 :List_push) gay shit
DEBUG: (src/list.c :87 :List_push) gay shit
DEBUG: (src/list.c :87 :List_push) gay shit
DEBUG: (src/list.c :87 :List_push) gay shit
DEBUG: (src/list.c :87 :List_push) gay shit
DEBUG: (src/list.c :87 :List_push) gay shit
DEBUG: (src/list.c :87 :List_push) gay shit
DEBUG: (src/list.c :87 :List_push) gay shit
DEBUG: (src/list.c :87 :List_push) gay shit
DEBUG: (src/list.c :87 :List_push) gay shit
DEBUG: (src/list.c :87 :List_push) gay shit
DEBUG: (src/list.c :87 :List_push) gay shit
DEBUG: (src/list.c :87 :List_push) gay shit
DEBUG: (src/list.c :87 :List_push) gay shit
DEBUG: (src/list.c :87 :List_push) gay shit
DEBUG: (src/list.c :87 :List_push) gay shit
DEBUG: (src/list.c :87 :List_push) gay shit
DEBUG: (src/list.c :87 :List_push) gay shit
DEBUG: (src/list.c :87 :List_push) gay shit
DEBUG: (src/list.c :87 :List_push) gay shit
DEBUG: (src/list.c :87 :List_push) gay shit
DEBUG: (src/list.c :87 :List_push) gay shit
DEBUG: (src/list.c :87 :List_push) gay shit
DEBUG: (src/list.c :87 :List_push) gay shit
DEBUG: (src/list.c :87 :List_push) gay shit
DEBUG: (src/list.c :87 :List_push) gay shit
DEBUG: (src/list.c :87 :List_push) gay shit
DEBUG: (src/list.c :87 :List_push) gay shit
DEBUG: (src/list.c :87 :List_push) gay shit
DEBUG: (src/list.c :87 :List_push) gay shit
DEBUG: (src/list.c :87 :List_push) gay shit
DEBUG: (src/list.c :87 :List_push) gay shit
DEBUG: (src/list.c :87 :List_push) gay shit
DEBUG: (src/list.c :87 :List_push) gay shit
DEBUG: (src/list.c :87 :List_push) gay shit
DEBUG: (src/list.c :87 :List_push) gay shit
DEBUG: (src/list.c :87 :List_push) gay shit
DEBUG: (src/list.c :87 :List_push) gay shit
DEBUG: (src/list.c :87 :List_push) gay shit
DEBUG: (src/list.c :87 :List_push) gay shit
DEBUG: (src/list.c :87 :List_push) gay shit
DEBUG: (src/list.c :87 :List_push) gay shit
DEBUG: (src/list.c :87 :List_push) gay shit
DEBUG: (src/list.c :87 :List_push) gay shit
DEBUG: (src/list.c :87 :List_push) gay shit
DEBUG: (src/list.c :87 :List_push) gay shit
DEBUG: (src/list.c :87 :List_push) gay shit
DEBUG: (src/list.c :87 :List_push) gay shit
DEBUG: (src/list.c :87 :List_push) gay shit
DEBUG: (src/list.c :87 :List_push) gay shit
DEBUG: (src/list.c :87 :List_push) gay shit
DEBUG: (src/list.c :87 :List_push) gay shit
DEBUG: (src/list.c :87 :List_push) gay shit
DEBUG: (src/list.c :87 :List_push) gay shit
DEBUG: (src/list.c :87 :List_push) gay shit
DEBUG: (src/list.c :87 :List_push) gay shit
DEBUG: (src/list.c :87 :List_push) gay shit
DEBUG: (src/list.c :87 :List_push) gay shit
DEBUG: (src/list.c :87 :List_push) gay shit
DEBUG: (src/list.c :87 :List_push) gay shit
DEBUG: (src/list.c :87 :List_push) gay shit
DEBUG: (src/list.c :87 :List_push) gay shit
DEBUG: (src/list.c :87 :List_push) gay shit
DEBUG: (src/list.c :87 :List_push) gay shit
DEBUG: (src/list.c :87 :List_push) gay shit
DEBUG: (src/list.c :87 :List_push) gay shit
DEBUG: (src/list.c :87 :List_push) gay shit
DEBUG: (src/list.c :87 :List_push) gay shit
DEBUG: (src/list.c :87 :List_push) gay shit
DEBUG: (src/list.c :87 :List_push) gay shit
DEBUG: (src/list.c :87 :List_push) gay shit
DEBUG: (src/list.c :87 :List_push) gay shit
DEBUG: (src/list.c :87 :List_push) gay shit
DEBUG: (src/list.c :87 :List_push) gay shit
DEBUG: (src/list.c :87 :List_push) gay shit
DEBUG: (src/list.c :87 :List_push) gay shit
DEBUG: (src/list.c :87 :List_push) gay shit
DEBUG: (src/list.c :87 :List_push) gay shit
DEBUG: (src/list.c :87 :List_push) gay shit
DEBUG: (src/list.c :87 :List_push) gay shit
DEBUG: (src/list.c :87 :List_push) gay shit
DEBUG: (src/list.c :87 :List_push) gay shit
DEBUG: (src/list.c :87 :List_push) gay shit
DEBUG: (src/list.c :87 :List_push) gay shit
DEBUG: (src/list.c :87 :List_push) gay shit
DEBUG: (src/list.c :87 :List_push) gay shit
DEBUG: (src/list.c :87 :List_push) gay shit
DEBUG: (src/list.c :87 :List_push) gay shit
DEBUG: (src/list.c :87 :List_push) gay shit
DEBUG: (src/list.c :87 :List_push) gay shit
DEBUG: (src/list.c :87 :List_push) gay shit
DEBUG: (src/list.c :87 :List_push) gay shit
DEBUG: (src/list.c :87 :List_push) gay shit
DEBUG: (src/list.c :87 :List_push) gay shit
DEBUG: (src/list.c :87 :List_push) gay shit
DEBUG: (src/list.c :87 :List_push) gay shit
DEBUG: (src/list.c :87 :List_push) gay shit
DEBUG: (src/list.c :87 :List_push) gay shit
DEBUG: (src/list.c :87 :List_push) gay shit
DEBUG: (src/list.c :87 :List_push) gay shit
DEBUG: (src/list.c :87 :List_push) gay shit
DEBUG: (src/list.c :87 :List_push) gay shit
DEBUG: (src/list.c :87 :List_push) gay shit
DEBUG: (src/list.c :87 :List_push) gay shit
DEBUG: (src/list.c :87 :List_push) gay shit
DEBUG: (src/list.c :87 :List_push) gay shit
DEBUG: (src/list.c :87 :List_push) gay shit
DEBUG: (src/list.c :87 :List_push) gay shit
DEBUG: (src/list.c :87 :List_push) gay shit
DEBUG: (src/list.c :87 :List_push) gay shit
DEBUG: (src/list.c :87 :List_push) gay shit
DEBUG: (src/list.c :87 :List_push) gay shit
DEBUG: (src/list.c :87 :List_push) gay shit
DEBUG: (src/list.c :87 :List_push) gay shit
DEBUG: (src/list.c :87 :List_push) gay shit
DEBUG: (src/list.c :87 :List_push) gay shit
DEBUG: (src/list.c :87 :List_push) gay shit
DEBUG: (src/list.c :87 :List_push) gay shit
DEBUG: (src/list.c :87 :List_push) gay shit
DEBUG: (src/list.c :87 :List_push) gay shit
DEBUG: (src/list.c :87 :List_push) gay shit
DEBUG: (src/list.c :87 :List_push) gay shit
DEBUG: (src/list.c :87 :List_push) gay shit
DEBUG: (src/list.c :87 :List_push) gay shit
DEBUG: (src/list.c :87 :List_push) gay shit
DEBUG: (src/list.c :87 :List_push) gay shit
DEBUG: (src/list.c :87 :List_push) gay shit
DEBUG: (src/list.c :87 :List_push) gay shit
DEBUG: (src/list.c :87 :List_push) gay shit
DEBUG: (src/list.c :87 :List_push) gay shit
DEBUG: (src/list.c :87 :List_push) gay shit
DEBUG: (src/list.c :87 :List_push) gay shit
DEBUG: (src/list.c :87 :List_push) gay shit
DEBUG: (src/list.c :87 :List_push) gay shit
DEBUG: (src/list.c :87 :List_push) gay shit
DEBUG: (src/list.c :87 :List_push) gay shit
DEBUG: (src/list.c :87 :List_push) gay shit
DEBUG: (src/list.c :87 :List_push) gay shit
DEBUG: (src/list.c :87 :List_push) gay shit
DEBUG: (src/list.c :87 :List_push) gay shit
DEBUG: (src/list.c :87 :List_push) gay shit
DEBUG: (src/list.c :87 :List_push) gay shit
DEBUG: (src/list.c :87 :List_push) gay shit
DEBUG: (src/list.c :87 :List_push) gay shit
DEBUG: (src/list.c :87 :List_push) gay shit
DEBUG: (src/list.c :87 :List_push) gay shit
DEBUG: (src/list.c :87 :List_push) gay shit
DEBUG: (src/list.c :87 :List_push) gay shit
DEBUG: (src/list.c :87 :List_push) gay shit
DEBUG: (src/list.c :87 :List_push) gay shit
DEBUG: (src/list.c :87 :List_push) gay shit
DEBUG: (src/list.c :87 :List_push) gay shit
DEBUG: (src/list.c :87 :List_push) gay shit
DEBUG: (src/list.c :87 :List_push) gay shit
DEBUG: (src/list.c :87 :List_push) gay shit
DEBUG: (src/list.c :87 :List_push) gay shit
DEBUG: (src/list.c :87 :List_push) gay shit
DEBUG: (src/list.c :87 :List_push) gay shit
DEBUG: (src/list.c :87 :List_push) gay shit
DEBUG: (src/list.c :87 :List_push) gay shit
DEBUG: (src/list.c :87 :List_push) gay shit
DEBUG: (src/list.c :87 :List_push) gay shit
DEBUG: (src/list.c :87 :List_push) gay shit
DEBUG: (src/list.c :87 :List_push) gay shit
DEBUG: (src/list.c :87 :List_push) gay shit
DEBUG: (src/list.c :87 :List_push) gay shit
DEBUG: (src/list.c :87 :List_push) gay shit
DEBUG: (src/list.c :87 :List_push) gay shit
DEBUG: (src/list.c :87 :List_push) gay shit
DEBUG: (src/list.c :87 :List_push) gay shit
DEBUG: (src/list.c :87 :List_push) gay shit
DEBUG: (src/list.c :87 :List_push) gay shit
DEBUG: (src/list.c :87 :List_push) gay shit
DEBUG: (src/list.c :87 :List_push) gay shit
DEBUG: (src/list.c :87 :List_push) gay shit
DEBUG: (src/list.c :87 :List_push) gay shit
DEBUG: (src/list.c :87 :List_push) gay shit
DEBUG: (src/list.c :87 :List_push) gay shit
DEBUG: (src/list.c :87 :List_push) gay shit
DEBUG: (src/list.c :87 :List_push) gay shit
DEBUG: (src/list.c :87 :List_push) gay shit
DEBUG: (src/list.c :87 :List_push) gay shit
DEBUG: (src/list.c :87 :List_push) gay shit
DEBUG: (src/list.c :87 :List_push) gay shit
DEBUG: (src/list.c :87 :List_push) gay shit
DEBUG: (src/list.c :87 :List_push) gay shit
DEBUG: (src/list.c :87 :List_push) gay shit
DEBUG: (src/list.c :87 :List_push) gay shit
DEBUG: (src/list.c :87 :List_push) gay shit
DEBUG: (src/list.c :87 :List_push) gay shit
DEBUG: (src/list.c :87 :List_push) gay shit
DEBUG: (src/list.c :87 :List_push) gay shit
DEBUG: (src/list.c :87 :List_push) gay shit
DEBUG: (src/list.c :87 :List_push) gay shit
DEBUG: (src/list.c :87 :List_push) gay shit
DEBUG: (src/list.c :87 :List_push) gay shit
DEBUG: (src/list.c :87 :List_push) gay shit
DEBUG: (src/list.c :87 :List_push) gay shit
DEBUG: (src/list.c :87 :List_push) gay shit
DEBUG: (src/list.c :87 :List_push) gay shit
DEBUG: (src/list.c :87 :List_push) gay shit
DEBUG: (src/list.c :87 :List_push) gay shit
DEBUG: (src/list.c :87 :List_push) gay shit
DEBUG: (src/list.c :87 :List_push) gay shit
DEBUG: (src/list.c :87 :List_push) gay shit
DEBUG: (src/list.c :87 :List_push) gay shit
DEBUG: (src/list.c :87 :List_push) gay shit
DEBUG: (src/list.c :87 :List_push) gay shit
DEBUG: (src/list.c :87 :List_push) gay shit
DEBUG: (src/list.c :87 :List_push) gay shit
DEBUG: (src/list.c :87 :List_push) gay shit
DEBUG: (src/list.c :87 :List_push) gay shit
DEBUG: (src/list.c :87 :List_push) gay shit
DEBUG: (src/list.c :87 :List_push) gay shit
DEBUG: (src/list.c :87 :List_push) gay shit
DEBUG: (src/list.c :87 :List_push) gay shit
DEBUG: (src/list.c :87 :List_push) gay shit
DEBUG: (src/list.c :87 :List_push) gay shit
DEBUG: (src/list.c :87 :List_push) gay shit
DEBUG: (src/list.c :87 :List_push) gay shit
DEBUG: (src/list.c :87 :List_push) gay shit
DEBUG: (src/list.c :87 :List_push) gay shit
DEBUG: (src/list.c :87 :List_push) gay shit
DEBUG: (src/list.c :87 :List_push) gay shit
DEBUG: (src/list.c :87 :List_push) gay shit
DEBUG: (src/list.c :87 :List_push) gay shit
DEBUG: (src/list.c :87 :List_push) gay shit
DEBUG: (src/list.c :87 :List_push) gay shit
DEBUG: (src/list.c :87 :List_push) gay shit
DEBUG: (src/list.c :87 :List_push) gay shit
DEBUG: (src/list.c :87 :List_push) gay shit
DEBUG: (src/list.c :87 :List_push) gay shit
DEBUG: (src/list.c :87 :List_push) gay shit
DEBUG: (src/list.c :87 :List_push) gay shit
DEBUG: (src/list.c :87 :List_push) gay shit
DEBUG: (src/list.c :87 :List_push) gay shit
DEBUG: (src/list.c :87 :List_push) gay shit
DEBUG: (src/list.c :87 :List_push) gay shit
DEBUG: (src/list.c :87 :List_push) gay shit
DEBUG: (src/list.c :87 :List_push) gay shit
DEBUG: (src/list.c :87 :List_push) gay shit
DEBUG: (src/list.c :87 :List_push) gay shit
DEBUG: (src/list.c :87 :List_push) gay shit
DEBUG: (src/list.c :87 :List_push) gay shit
DEBUG: (src/list.c :87 :List_push) gay shit
DEBUG: (src/list.c :87 :List_push) gay shit
DEBUG: (src/list.c :87 :List_push) gay shit
DEBUG: (src/list.c :87 :List_push) gay shit
DEBUG: (src/list.c :87 :List_push) gay shit
DEBUG: (src/list.c :87 :List_push) gay shit
DEBUG: (src/list.c :87 :List_push) gay shit
DEBUG: (src/list.c :87 :List_push) gay shit
DEBUG: (src/list.c :87 :List_push) gay shit
DEBUG: (src/list.c :87 :List_push) gay shit
DEBUG: (src/list.c :87 :List_push) gay shit
DEBUG: (src/list.c :87 :List_push) gay shit
DEBUG: (src/list.c :87 :List_push) gay shit
DEBUG: (src/list.c :87 :List_push) gay shit
DEBUG: (src/list.c :87 :List_push) gay shit
DEBUG: (src/list.c :87 :List_push) gay shit
DEBUG: (src/list.c :87 :List_push) gay shit
DEBUG: (src/list.c :87 :List_push) gay shit
DEBUG: (src/list.c :87 :List_push) gay shit
DEBUG: (src/list.c :87 :List_push) gay shit
DEBUG: (src/list.c :87 :List_push) gay shit
DEBUG: (src/list.c :87 :List_push) gay shit
DEBUG: (src/list.c :87 :List_push) gay shit
DEBUG: (src/list.c :87 :List_push) gay shit
DEBUG: (src/list.c :87 :List_push) gay shit
DEBUG: (src/list.c :87 :List_push) gay shit
DEBUG: (src/list.c :87 :List_push) gay shit
DEBUG: (src/list.c :87 :List_push) gay shit
DEBUG: (src/list.c :87 :List_push) gay shit
DEBUG: (src/list.c :87 :List_push) gay shit
DEBUG: (src/list.c :87 :List_push) gay shit
DEBUG: (src/list.c :87 :List_push) gay shit
DEBUG: (src/list.c :87 :List_push) gay shit
DEBUG: (src/list.c :87 :List_push) gay shit
DEBUG: (src/list.c :87 :List_push) gay shit
DEBUG: (src/list.c :87 :List_push) gay shit
DEBUG: (src/list.c :87 :List_push) gay shit
DEBUG: (src/list.c :87 :List_push) gay shit
DEBUG: (src/list.c :87 :List_push) gay shit
DEBUG: (src/list.c :87 :List_push) gay shit
DEBUG: (src/list.c :87 :List_push) gay shit
DEBUG: (src/list.c :87 :List_push) gay shit
DEBUG: (src/list.c :87 :List_push) gay shit
DEBUG: (src/list.c :87 :List_push) gay shit
DEBUG: (src/list.c :87 :List_push) gay shit
DEBUG: (src/list.c :87 :List_push) gay shit
DEBUG: (src/list.c :87 :List_push) gay shit
DEBUG: (src/list.c :87 :List_push) gay shit
DEBUG: (src/list.c :87 :List_push) gay shit
DEBUG: (src/list.c :87 :List_push) gay shit
DEBUG: (src/list.c :87 :List_push) gay shit
DEBUG: (src/list.c :87 :List_push) gay shit
DEBUG: (src/list.c :87 :List_push) gay shit
DEBUG: (src/list.c :87 :List_push) gay shit
DEBUG: (src/list.c :87 :List_push) gay shit
DEBUG: (src/list.c :87 :List_push) gay shit
DEBUG: (src/list.c :87 :List_push) gay shit
DEBUG: (src/list.c :87 :List_push) gay shit
DEBUG: (src/list.c :87 :List_push) gay shit
DEBUG: (src/list.c :87 :List_push) gay shit
DEBUG: (src/list.c :87 :List_push) gay shit
DEBUG: (src/list.c :87 :List_push) gay shit
DEBUG: (src/list.c :87 :List_push) gay shit
DEBUG: (src/list.c :87 :List_push) gay shit
DEBUG: (src/list.c :87 :List_push) gay shit
DEBUG: (src/list.c :87 :List_push) gay shit
DEBUG: (src/list.c :87 :List_push) gay shit
DEBUG: (src/list.c :87 :List_push) gay shit
DEBUG: (src/list.c :87 :List_push) gay shit
DEBUG: (src/list.c :87 :List_push) gay shit
DEBUG: (src/list.c :87 :List_push) gay shit
DEBUG: (src/list.c :87 :List_push) gay shit
DEBUG: (src/list.c :87 :List_push) gay shit
DEBUG: (src/list.c :87 :List_push) gay shit
DEBUG: (src/list.c :87 :List_push) gay shit
DEBUG: (src/list.c :87 :List_push) gay shit
DEBUG: (src/list.c :87 :List_push) gay shit
DEBUG: (src/list.c :87 :List_push) gay shit
DEBUG: (src/list.c :87 :List_push) gay shit
DEBUG: (src/list.c :87 :List_push) gay shit
DEBUG: (src/list.c :87 :List_push) gay shit
DEBUG: (src/list.c :87 :List_push) gay shit
DEBUG: (src/list.c :87 :List_push) gay shit
DEBUG: (src/list.c :87 :List_push) gay shit
DEBUG: (src/list.c :87 :List_push) gay shit
DEBUG: (src/list.c :87 :List_push) gay shit
DEBUG: (src/list.c :87 :List_push) gay shit
DEBUG: (src/list.c :87 :List_push) gay shit
DEBUG: (src/list.c :87 :List_push) gay shit
DEBUG: (src/list.c :87 :List_push) gay shit
DEBUG: (src/list.c :87 :List_push) gay shit
DEBUG: (src/list.c :87 :List_push) gay shit
DEBUG: (src/list.c :87 :List_push) gay shit
DEBUG: (src/list.c :87 :List_push) gay shit
DEBUG: (src/list.c :87 :List_push) gay shit
DEBUG: (src/list.c :87 :List_push) gay shit
DEBUG: (src/list.c :87 :List_push) gay shit
DEBUG: (src/list.c :87 :List_push) gay shit
DEBUG: (src/list.c :87 :List_push) gay shit
DEBUG: (src/list.c :87 :List_push) gay shit
DEBUG: (src/list.c :87 :List_push) gay shit
DEBUG: (src/list.c :87 :List_push) gay shit
DEBUG: (src/list.c :87 :List_push) gay shit
DEBUG: (src/list.c :87 :List_push) gay shit
DEBUG: (src/list.c :87 :List_push) gay shit
DEBUG: (src/list.c :87 :List_push) gay shit
DEBUG: (src/list.c :87 :List_push) gay shit
DEBUG: (src/list.c :87 :List_push) gay shit
DEBUG: (src/list.c :87 :List_push) gay shit
DEBUG: (src/list.c :87 :List_push) gay shit
DEBUG: (src/list.c :87 :List_push) gay shit
DEBUG: (src/list.c :87 :List_push) gay shit
DEBUG: (src/list.c :87 :List_push) gay shit
DEBUG: (src/list.c :87 :List_push) gay shit
DEBUG: (src/list.c :87 :List_push) gay shit
DEBUG: (src/list.c :87 :List_push) gay shit
DEBUG: (src/list.c :87 :List_push) gay shit
DEBUG: (src/list.c :87 :List_push) gay shit
DEBUG: (src/list.c :87 :List_push) gay shit
DEBUG: (src/list.c :87 :List_push) gay shit
DEBUG: (src/list.c :87 :List_push) gay shit
DEBUG: (src/list.c :87 :List_push) gay shit
DEBUG: (src/list.c :87 :List_push) gay shit
DEBUG: (src/list.c :87 :List_push) gay shit
DEBUG: (src/list.c :87 :List_push) gay shit
DEBUG: (src/list.c :87 :List_push) gay shit
DEBUG: (src/list.c :87 :List_push) gay shit
DEBUG: (src/list.c :87 :List_push) gay shit
DEBUG: (src/list.c :87 :List_push) gay shit
DEBUG: (src/list.c :87 :List_push) gay shit
DEBUG: (src/list.c :87 :List_push) gay shit
DEBUG: (src/list.c :87 :List_push) gay shit
DEBUG: (src/list.c :87 :List_push) gay shit
DEBUG: (src/list.c :87 :List_push) gay shit
DEBUG: (src/list.c :87 :List_push) gay shit
DEBUG: (src/list.c :87 :List_push) gay shit
DEBUG: (src/list.c :87 :List_push) gay shit
DEBUG: (src/list.c :87 :List_push) gay shit
DEBUG: (src/list.c :87 :List_push) gay shit
DEBUG: (src/list.c :87 :List_push) gay shit
DEBUG: (src/list.c :87 :List_push) gay shit
DEBUG: (src/list.c :87 :List_push) gay shit
DEBUG: (src/list.c :87 :List_push) gay shit
DEBUG: (src/list.c :87 :List_push) gay shit
DEBUG: (src/list.c :87 :List_push) gay shit
DEBUG: (src/list.c :87 :List_push) gay shit
DEBUG: (src/list.c :87 :List_push) gay shit
DEBUG: (src/list.c :87 :List_push) gay shit
DEBUG: (src/list.c :87 :List_push) gay shit
DEBUG: (src/list.c :87 :List_push) gay shit
DEBUG: (src/list.c :87 :List_push) gay shit
DEBUG: (src/list.c :87 :List_push) gay shit
DEBUG: (src/list.c :87 :List_push) gay shit
DEBUG: (src/list.c :87 :List_push) gay shit
DEBUG: (src/list.c :87 :List_push) gay shit
DEBUG: (src/list.c :87 :List_push) gay shit
DEBUG: (src/list.c :87 :List_push) gay shit
DEBUG: (src/list.c :87 :List_push) gay shit
DEBUG: (src/list.c :87 :List_push) gay shit
DEBUG: (src/list.c :87 :List_push) gay shit
DEBUG: (src/list.c :87 :List_push) gay shit
DEBUG: (src/list.c :87 :List_push) gay shit
DEBUG: (src/list.c :87 :List_push) gay shit
DEBUG: (src/list.c :87 :List_push) gay shit
DEBUG: (src/list.c :87 :List_push) gay shit
DEBUG: (src/list.c :87 :List_push) gay shit
DEBUG: (src/list.c :87 :List_push) gay shit
DEBUG: (src/list.c :87 :List_push) gay shit
DEBUG: (src/list.c :87 :List_push) gay shit
DEBUG: (src/list.c :87 :List_push) gay shit
DEBUG: (src/list.c :87 :List_push) gay shit
DEBUG: (src/list.c :87 :List_push) gay shit
DEBUG: (src/list.c :87 :List_push) gay shit
DEBUG: (src/list.c :87 :List_push) gay shit
DEBUG: (src/list.c :87 :List_push) gay shit
DEBUG: (src/list.c :87 :List_push) gay shit
DEBUG: (src/list.c :87 :List_push) gay shit
DEBUG: (src/list.c :87 :List_push) gay shit
DEBUG: (src/list.c :87 :List_push) gay shit
DEBUG: (src/list.c :87 :List_push) gay shit
DEBUG: (src/list.c :87 :List_push) gay shit
DEBUG: (src/list.c :87 :List_push) gay shit
DEBUG: (src/list.c :87 :List_push) gay shit
DEBUG: (src/list.c :87 :List_push) gay shit
DEBUG: (src/list.c :87 :List_push) gay shit
DEBUG: (src/list.c :87 :List_push) gay shit
DEBUG: (src/list.c :87 :List_push) gay shit
DEBUG: (src/list.c :87 :List_push) gay shit
DEBUG: (src/list.c :87 :List_push) gay shit
DEBUG: (src/list.c :87 :List_push) gay shit
DEBUG: (src/list.c :87 :List_push) gay shit
DEBUG: (src/list.c :87 :List_push) gay shit
DEBUG: (src/list.c :87 :List_push) gay shit
DEBUG: (src/list.c :87 :List_push) gay shit
DEBUG: (src/list.c :87 :List_push) gay shit
DEBUG: (src/list.c :87 :List_push) gay shit
DEBUG: (src/list.c :87 :List_push) gay shit
DEBUG: (src/list.c :87 :List_push) gay shit
DEBUG: (src/list.c :87 :List_push) gay shit
DEBUG: (src/list.c :87 :List_push) gay shit
DEBUG: (src/list.c :87 :List_push) gay shit
DEBUG: (src/list.c :87 :List_push) gay shit
DEBUG: (src/list.c :87 :List_push) gay shit
DEBUG: (src/list.c :87 :List_push) gay shit
DEBUG: (src/list.c :87 :List_push) gay shit
DEBUG: (src/list.c :87 :List_push) gay shit
DEBUG: (src/list.c :87 :List_push) gay shit
DEBUG: (src/list.c :87 :List_push) gay shit
DEBUG: (src/list.c :87 :List_push) gay shit
DEBUG: (src/list.c :87 :List_push) gay shit
DEBUG: (src/list.c :87 :List_push) gay shit
DEBUG: (src/list.c :87 :List_push) gay shit
DEBUG: (src/list.c :87 :List_push) gay shit
DEBUG: (src/list.c :87 :List_push) gay shit
DEBUG: (src/list.c :87 :List_push) gay shit
DEBUG: (src/list.c :87 :List_push) gay shit
DEBUG: (src/list.c :87 :List_push) gay shit
DEBUG: (src/list.c :87 :List_push) gay shit
DEBUG: (src/list.c :87 :List_push) gay shit
DEBUG: (src/list.c :87 :List_push) gay shit
DEBUG: (src/list.c :87 :List_push) gay shit
DEBUG: (src/list.c :87 :List_push) gay shit
DEBUG: (src/list.c :87 :List_push) gay shit
DEBUG: (src/list.c :87 :List_push) gay shit
DEBUG: (src/list.c :87 :List_push) gay shit
DEBUG: (src/list.c :87 :List_push) gay shit
DEBUG: (src/list.c :87 :List_push) gay shit
DEBUG: (src/list.c :87 :List_push) gay shit
DEBUG: (src/list.c :87 :List_push) gay shit
DEBUG: (src/list.c :87 :List_push) gay shit
DEBUG: (src/list.c :87 :List_push) gay shit
DEBUG: (src/list.c :87 :List_push) gay shit
DEBUG: (src/list.c :87 :List_push) gay shit
DEBUG: (src/list.c :87 :List_push) gay shit
DEBUG: (src/list.c :87 :List_push) gay shit
DEBUG: (src/list.c :87 :List_push) gay shit
DEBUG: (src/list.c :87 :List_push) gay shit
DEBUG: (src/list.c :87 :List_push) gay shit
DEBUG: (src/list.c :87 :List_push) gay shit
DEBUG: (src/list.c :87 :List_push) gay shit
DEBUG: (src/list.c :87 :List_push) gay shit
DEBUG: (src/list.c :87 :List_push) gay shit
DEBUG: (src/list.c :87 :List_push) gay shit
DEBUG: (src/list.c :87 :List_push) gay shit
DEBUG: (src/list.c :87 :List_push) gay shit
DEBUG: (src/list.c :87 :List_push) gay shit
DEBUG: (src/list.c :87 :List_push) gay shit
DEBUG: (src/list.c :87 :List_push) gay shit
DEBUG: (src/list.c :87 :List_push) gay shit
DEBUG: (src/list.c :87 :List_push) gay shit
DEBUG: (src/list.c :87 :List_push) gay shit
DEBUG: (src/list.c :87 :List_push) gay shit
DEBUG: (src/list.c :87 :List_push) gay shit
DEBUG: (src/list.c :87 :List_push) gay shit
DEBUG: (src/list.c :87 :List_push) gay shit
DEBUG: (src/list.c :87 :List_push) gay shit
DEBUG: (src/list.c :87 :List_push) gay shit
DEBUG: (src/list.c :87 :List_push) gay shit
DEBUG: (src/list.c :87 :List_push) gay shit
DEBUG: (src/list.c :87 :List_push) gay shit
DEBUG: (src/list.c :87 :List_push) gay shit
DEBUG: (src/list.c :87 :List_push) gay shit
DEBUG: (src/list.c :87 :List_push) gay shit
DEBUG: (src/list.c :87 :List_push) gay shit
DEBUG: (src/list.c :87 :List_push) gay shit
DEBUG: (src/list.c :87 :List_push) gay shit
DEBUG: (src/list.c :87 :List_push) gay shit
DEBUG: (src/list.c :87 :List_push) gay shit
DEBUG: (src/list.c :87 :List_push) gay shit
DEBUG: (src/list.c :87 :List_push) gay shit
DEBUG: (src/list.c :87 :List_push) gay shit
DEBUG: (src/list.c :87 :List_push) gay shit
DEBUG: (src/list.c :87 :List_push) gay shit
DEBUG: (src/list.c :87 :List_push) gay shit
DEBUG: (src/list.c :87 :List_push) gay shit
DEBUG: (src/list.c :87 :List_push) gay shit
DEBUG: (src/list.c :87 :List_push) gay shit
DEBUG: (src/list.c :87 :List_push) gay shit
DEBUG: (src/list.c :87 :List_push) gay shit
DEBUG: (src/list.c :87 :List_push) gay shit
DEBUG: (src/list.c :87 :List_push) gay shit
DEBUG: (src/list.c :87 :List_push) gay shit
DEBUG: (src/list.c :87 :List_push) gay shit
DEBUG: (src/list.c :87 :List_push) gay shit
DEBUG: (src/list.c :87 :List_push) gay shit
DEBUG: (src/list.c :87 :List_push) gay shit
DEBUG: (src/list.c :87 :List_push) gay shit
DEBUG: (src/list.c :87 :List_push) gay shit
DEBUG: (src/list.c :87 :List_push) gay shit
DEBUG: (src/list.c :87 :List_push) gay shit
DEBUG: (src/list.c :87 :List_push) gay shit
DEBUG: (src/list.c :87 :List_push) gay shit
DEBUG: (src/list.c :87 :List_push) gay shit
DEBUG: (src/list.c :87 :List_push) gay shit
DEBUG: (src/list.c :87 :List_push) gay shit
DEBUG: (src/list.c :87 :List_push) gay shit
DEBUG: (src/list.c :87 :List_push) gay shit
DEBUG: (src/list.c :87 :List_push) gay shit
DEBUG: (src/list.c :87 :List_push) gay shit
DEBUG: (src/list.c :87 :List_push) gay shit
DEBUG: (src/list.c :87 :List_push) gay shit
DEBUG: (src/list.c :87 :List_push) gay shit
DEBUG: (src/list.c :87 :List_push) gay shit
DEBUG: (src/list.c :87 :List_push) gay shit
DEBUG: (src/list.c :87 :List_push) gay shit
DEBUG: (src/list.c :87 :List_push) gay shit
DEBUG: (src/list.c :87 :List_push) gay shit
DEBUG: (src/list.c :87 :List_push) gay shit
DEBUG: (src/list.c :87 :List_push) gay shit
DEBUG: (src/list.c :87 :List_push) gay shit
DEBUG: (src/list.c :87 :List_push) gay shit
DEBUG: (src/list.c :87 :List_push) gay shit
DEBUG: (src/list.c :87 :List_push) gay shit
DEBUG: (src/list.c :87 :List_push) gay shit
DEBUG: (src/list.c :87 :List_push) gay shit
DEBUG: (src/list.c :87 :List_push) gay shit
DEBUG: (src/list.c :87 :List_push) gay shit
DEBUG: (src/list.c :87 :List_push) gay shit
DEBUG: (src/list.c :87 :List_push) gay shit
DEBUG: (src/list.c :87 :List_push) gay shit
DEBUG: (src/list.c :87 :List_push) gay shit
DEBUG: (src/list.c :87 :List_push) gay shit
DEBUG: (src/list.c :87 :List_push) gay shit
DEBUG: (src/list.c :87 :List_push) gay shit
DEBUG: (src/list.c :87 :List_push) gay shit
DEBUG: (src/list.c :87 :List_push) gay shit
DEBUG: (src/list.c :87 :List_push) gay shit
DEBUG: (src/list.c :87 :List_push) gay shit
DEBUG: (src/list.c :87 :List_push) gay shit
DEBUG: (src/list.c :87 :List_push) gay shit
DEBUG: (src/list.c :87 :List_push) gay shit
DEBUG: (src/list.c :87 :List_push) gay shit
DEBUG: (src/list.c :87 :List_push) gay shit
DEBUG: (src/list.c :87 :List_push) gay shit
DEBUG: (src/list.c :87 :List_push) gay shit
DEBUG: (src/list.c :87 :List_push) gay shit
DEBUG: (src/list.c :87 :List_push) gay shit
DEBUG: (src/list.c :87 :List_push) gay shit
DEBUG: (src/list.c :87 :List_push) gay shit
DEBUG: (src/list.c :87 :List_push) gay shit
DEBUG: (src/list.c :87 :List_push) gay shit
DEBUG: (src/list.c :87 :List_push) gay shit
DEBUG: (src/list.c :87 :List_push) gay shit
DEBUG: (src/list.c :87 :List_push) gay shit
DEBUG: (src/list.c :87 :List_push) gay shit
DEBUG: (src/list.c :87 :List_push) gay shit
DEBUG: (src/list.c :87 :List_push) gay shit
DEBUG: (src/list.c :87 :List_push) gay shit
DEBUG: (src/list.c :87 :List_push) gay shit
DEBUG: (src/list.c :87 :List_push) gay shit
DEBUG: (src/list.c :87 :List_push) gay shit
DEBUG: (src/list.c :87 :List_push) gay shit
DEBUG: (src/list.c :87 :List_push) gay shit
DEBUG: (src/list.c :87 :List_push) gay shit
DEBUG: (src/list.c :87 :List_push) gay shit
DEBUG: (src/list.c :87 :List_push) gay shit
DEBUG: (src/list.c :87 :List_push) gay shit
DEBUG: (src/list.c :87 :List_push) gay shit
DEBUG: (src/list.c :87 :List_push) gay shit
DEBUG: (src/list.c :87 :List_push) gay shit
DEBUG: (src/list.c :87 :List_push) gay shit
DEBUG: (src/list.c :87 :List_push) gay shit
DEBUG: (src/list.c :87 :List_push) gay shit
DEBUG: (src/list.c :87 :List_push) gay shit
DEBUG: (src/list.c :87 :List_push) gay shit
DEBUG: (src/list.c :87 :List_push) gay shit
DEBUG: (src/list.c :87 :List_push) gay shit
DEBUG: (src/list.c :87 :List_push) gay shit
DEBUG: (src/list.c :87 :List_push) gay shit
DEBUG: (src/list.c :87 :List_push) gay shit
DEBUG: (src/list.c :87 :List_push) gay shit
DEBUG: (src/list.c :87 :List_push) gay shit
DEBUG: (src/list.c :87 :List_push) gay shit
DEBUG: (src/list.c :87 :List_push) gay shit
DEBUG: (src/list.c :87 :List_push) gay shit
DEBUG: (src/list.c :87 :List_push) gay shit
DEBUG: (src/list.c :87 :List_push) gay shit
DEBUG: (src/list.c :87 :List_push) gay shit
DEBUG: (src/list.c :87 :List_push) gay shit
DEBUG: (src/list.c :87 :List_push) gay shit
DEBUG: (src/list.c :87 :List_push) gay shit
DEBUG: (src/list.c :87 :List_push) gay shit
DEBUG: (src/list.c :87 :List_push) gay shit
DEBUG: (src/list.c :87 :List_push) gay shit
DEBUG: (src/list.c :87 :List_push) gay shit
DEBUG: (src/list.c :87 :List_push) gay shit
DEBUG: (src/list.c :87 :List_push) gay shit
DEBUG: (src/list.c :87 :List_push) gay shit
DEBUG: (src/list.c :87 :List_push) gay shit
DEBUG: (src/list.c :87 :List_push) gay shit
DEBUG: (src/list.c :87 :List_push) gay shit
DEBUG: (src/list.c :87 :List_push) gay shit
DEBUG: (src/list.c :87 :List_push) gay shit
DEBUG: (src/list.c :87 :List_push) gay shit
DEBUG: (src/list.c :87 :List_push) gay shit
DEBUG: (src/list.c :87 :List_push) gay shit
DEBUG: (src/list.c :87 :List_push) gay shit
DEBUG: (src/list.c :87 :List_push) gay shit
DEBUG: (src/list.c :87 :List_push) gay shit
DEBUG: (src/list.c :87 :List_push) gay shit
DEBUG: (src/list.c :87 :List_push) gay shit
DEBUG: (src/list.c :87 :List_push) gay shit
DEBUG: (src/list.c :87 :List_push) gay shit
DEBUG: (src/list.c :87 :List_push) gay shit
DEBUG: (src/list.c :87 :List_push) gay shit
DEBUG: (src/list.c :87 :List_push) gay shit
DEBUG: (src/list.c :87 :List_push) gay shit
DEBUG: (src/list.c :87 :List_push) gay shit
DEBUG: (src/list.c :87 :List_push) gay shit
DEBUG: (src/list.c :87 :List_push) gay shit
DEBUG: (src/list.c :87 :List_push) gay shit
DEBUG: (src/list.c :87 :List_push) gay shit
DEBUG: (src/list.c :87 :List_push) gay shit
DEBUG: (src/list.c :87 :List_push) gay shit
DEBUG: (src/list.c :87 :List_push) gay shit
DEBUG: (src/list.c :87 :List_push) gay shit
DEBUG: (src/list.c :87 :List_push) gay shit
DEBUG: (src/list.c :87 :List_push) gay shit
DEBUG: (src/list.c :87 :List_push) gay shit
DEBUG: (src/list.c :87 :List_push) gay shit
DEBUG: (src/list.c :87 :List_push) gay shit
DEBUG: (src/list.c :87 :List_push) gay shit
DEBUG: (src/list.c :87 :List_push) gay shit
DEBUG: (src/list.c :87 :List_push) gay shit
DEBUG: (src/list.c :87 :List_push) gay shit
DEBUG: (src/list.c :87 :List_push) gay shit
DEBUG: (src/list.c :87 :List_push) gay shit
DEBUG: (src/list.c :87 :List_push) gay shit
DEBUG: (src/list.c :87 :List_push) gay shit
DEBUG: (src/list.c :87 :List_push) gay shit
DEBUG: (src/list.c :87 :List_push) gay shit
DEBUG: (src/list.c :87 :List_push) gay shit
DEBUG: (src/list.c :87 :List_push) gay shit
DEBUG: (src/list.c :87 :List_push) gay shit
DEBUG: (src/list.c :87 :List_push) gay shit
DEBUG: (src/list.c :87 :List_push) gay shit
DEBUG: (src/list.c :87 :List_push) gay shit
DEBUG: (src/list.c :87 :List_push) gay shit
DEBUG: (src/list.c :87 :List_push) gay shit
DEBUG: (src/list.c :87 :List_push) gay shit
DEBUG: (src/list.c :87 :List_push) gay shit
DEBUG: (src/list.c :87 :List_push) gay shit
DEBUG: (src/list.c :87 :List_push) gay shit
DEBUG: (src/list.c :87 :List_push) gay shit
DEBUG: (src/list.c :87 :List_push) gay shit
DEBUG: (src/list.c :87 :List_push) gay shit
DEBUG: (src/list.c :87 :List_push) gay shit
DEBUG: (src/list.c :87 :List_push) gay shit
DEBUG: (src/list.c :87 :List_push) gay shit
DEBUG: (src/list.c :87 :List_push) gay shit
DEBUG: (src/list.c :87 :List_push) gay shit
DEBUG: (src/list.c :87 :List_push) gay shit
DEBUG: (src/list.c :87 :List_push) gay shit
DEBUG: (src/list.c :87 :List_push) gay shit
DEBUG: (src/list.c :87 :List_push) gay shit
DEBUG: (src/list.c :87 :List_push) gay shit
DEBUG: (src/list.c :87 :List_push) gay shit
DEBUG: (src/list.c :87 :List_push) gay shit
DEBUG: (src/list.c :87 :List_push) gay shit
DEBUG: (src/list.c :87 :List_push) gay shit
DEBUG: (src/list.c :87 :List_push) gay shit
DEBUG: (src/list.c :87 :List_push) gay shit
DEBUG: (src/list.c :87 :List_push) gay shit
DEBUG: (src/list.c :87 :List_push) gay shit
DEBUG: (src/list.c :87 :List_push) gay shit
DEBUG: (src/list.c :87 :List_push) gay shit
DEBUG: (src/list.c :87 :List_push) gay shit
DEBUG: (src/list.c :87 :List_push) gay shit
DEBUG: (src/list.c :87 :List_push) gay shit
DEBUG: (src/list.c :87 :List_push) gay shit
DEBUG: (src/list.c :87 :List_push) gay shit
DEBUG: (src/list.c :87 :List_push) gay shit
DEBUG: (src/list.c :87 :List_push) gay shit
DEBUG: (src/list.c :87 :List_push) gay shit
DEBUG: (src/list.c :87 :List_push) gay shit
DEBUG: (src/list.c :87 :List_push) gay shit
DEBUG: (src/list.c :87 :List_push) gay shit
DEBUG: (src/list.c :87 :List_push) gay shit
DEBUG: (src/list.c :87 :List_push) gay shit
DEBUG: (src/list.c :87 :List_push) gay shit
DEBUG: (src/list.c :87 :List_push) gay shit
DEBUG: (src/list.c :87 :List_push) gay shit
DEBUG: (src/list.c :87 :List_push) gay shit
DEBUG: (src/list.c :87 :List_push) gay shit
DEBUG: (src/list.c :87 :List_push) gay shit
DEBUG: (src/list.c :87 :List_push) gay shit
DEBUG: (src/list.c :87 :List_push) gay shit
DEBUG: (src/list.c :87 :List_push) gay shit
DEBUG: (src/list.c :87 :List_push) gay shit
DEBUG: (src/list.c :87 :List_push) gay shit
DEBUG: (src/list.c :87 :List_push) gay shit
DEBUG: (src/list.c :87 :List_push) gay shit
DEBUG: (src/list.c :87 :List_push) gay shit
DEBUG: (src/list.c :87 :List_push) gay shit
DEBUG: (src/list.c :87 :List_push) gay shit
DEBUG: (src/list.c :87 :List_push) gay shit
DEBUG: (src/list.c :87 :List_push) gay shit
DEBUG: (src/list.c :87 :List_push) gay shit
DEBUG: (src/list.c :87 :List_push) gay shit
DEBUG: (src/list.c :87 :List_push) gay shit
DEBUG: (src/list.c :87 :List_push) gay shit
DEBUG: (src/list.c :87 :List_push) gay shit
DEBUG: (src/list.c :87 :List_push) gay shit
DEBUG: (src/list.c :87 :List_push) gay shit
DEBUG: (src/list.c :87 :List_push) gay shit
DEBUG: (src/list.c :87 :List_push) gay shit
DEBUG: (src/list.c :87 :List_push) gay shit
DEBUG: (src/list.c :87 :List_push) gay shit
DEBUG: (src/list.c :87 :List_push) gay shit
DEBUG: (src/list.c :87 :List_push) gay shit
DEBUG: (src/list.c :87 :List_push) gay shit
DEBUG: (src/list.c :87 :List_push) gay shit
DEBUG: (src/list.c :87 :List_push) gay shit
DEBUG: (src/list.c :87 :List_push) gay shit
DEBUG: (src/list.c :87 :List_push) gay shit
DEBUG: (src/list.c :87 :List_push) gay shit
DEBUG: (src/list.c :87 :List_push) gay shit
DEBUG: (src/list.c :87 :List_push) gay shit
DEBUG: (src/list.c :87 :List_push) gay shit
DEBUG: (src/list.c :87 :List_push) gay shit
DEBUG: (src/list.c :87 :List_push) gay shit
DEBUG: (src/list.c :87 :List_push) gay shit
DEBUG: (src/list.c :87 :List_push) gay shit
DEBUG: (src/list.c :87 :List_push) gay shit
DEBUG: (src/list.c :87 :List_push) gay shit
DEBUG: (src/list.c :87 :List_push) gay shit
DEBUG: (src/list.c :87 :List_push) gay shit
DEBUG: (src/list.c :87 :List_push) gay shit
DEBUG: (src/list.c :87 :List_push) gay shit
DEBUG: (src/list.c :87 :List_push) gay shit
DEBUG: (src/list.c :87 :List_push) gay shit
DEBUG: (src/list.c :87 :List_push) gay shit
DEBUG: (src/list.c :87 :List_push) gay shit
DEBUG: (src/list.c :87 :List_push) gay shit
DEBUG: (src/list.c :87 :List_push) gay shit
DEBUG: (src/list.c :87 :List_push) gay shit
DEBUG: (src/list.c :87 :List_push) gay shit
DEBUG: (src/list.c :87 :List_push) gay shit
DEBUG: (src/list.c :87 :List_push) gay shit
DEBUG: (src/list.c :87 :List_push) gay shit
DEBUG: (src/list.c :87 :List_push) gay shit
DEBUG: (src/list.c :87 :List_push) gay shit
DEBUG: (src/list.c :87 :List_push) gay shit
DEBUG: (src/list.c :87 :List_push) gay shit
DEBUG: (src/list.c :87 :List_push) gay shit
DEBUG: (src/list.c :87 :List_push) gay shit
DEBUG: (src/list.c :87 :List_push) gay shit
DEBUG: (src/list.c :87 :List_push) gay shit
DEBUG: (src/list.c :87 :List_push) gay shit
DEBUG: (src/list.c :87 :List_push) gay shit
DEBUG: (src/list.c :87 :List_push) gay shit
DEBUG: (src/list.c :87 :List_push) gay shit
DEBUG: (src/list.c :87 :List_push) gay shit
DEBUG: (src/list.c :87 :List_push) gay shit
DEBUG: (src/list.c :87 :List_push) gay shit
DEBUG: (src/list.c :87 :List_push) gay shit
DEBUG: (src/list.c :87 :List_push) gay shit
DEBUG: (src/list.c :87 :List_push) gay shit
DEBUG: (src/list.c :87 :List_push) gay shit
DEBUG: (src/list.c :87 :List_push) gay shit
DEBUG: (src/list.c :87 :List_push) gay shit
DEBUG: (src/list.c :87 :List_push) gay shit
DEBUG: (src/list.c :87 :List_push) gay shit
DEBUG: (src/list.c :87 :List_push) gay shit
DEBUG: (src/list.c :87 :List_push) gay shit
DEBUG: (src/list.c :87 :List_push) gay shit
DEBUG: (src/list.c :87 :List_push) gay shit
DEBUG: (src/list.c :87 :List_push) gay shit
DEBUG: (src/list.c :87 :List_push) gay shit
DEBUG: (src/list.c :87 :List_push) gay shit
DEBUG: (src/list.c :87 :List_push) gay shit
DEBUG: (src/list.c :87 :List_push) gay shit
DEBUG: (src/list.c :87 :List_push) gay shit
DEBUG: (src/list.c :87 :List_push) gay shit
DEBUG: (src/list.c :87 :List_push) gay shit
DEBUG: (src/list.c :87 :List_push) gay shit
DEBUG: (src/list.c :87 :List_push) gay shit
DEBUG: (src/list.c :87 :List_push) gay shit
DEBUG: (src/list.c :87 :List_push) gay shit
DEBUG: (src/list.c :87 :List_push) gay shit
DEBUG: (src/list.c :87 :List_push) gay shit
DEBUG: (src/list.c :87 :List_push) gay shit
DEBUG: (src/list.c :87 :List_push) gay shit
DEBUG: (src/list.c :87 :List_push) gay shit
DEBUG: (src/list.c :87 :List_push) gay shit
DEBUG: (src/list.c :87 :List_push) gay shit
DEBUG: (src/list.c :87 :List_push) gay shit
DEBUG: (src/list.c :87 :List_push) gay shit
DEBUG: (src/list.c :87 :List_push) gay shit
DEBUG: (src/list.c :87 :List_push) gay shit
DEBUG: (src/list.c :87 :List_push) gay shit
DEBUG: (src/list.c :87 :List_push) gay shit
DEBUG: (src/list.c :87 :List_push) gay shit
DEBUG: (src/list.c :87 :List_push) gay shit
DEBUG: (src/list.c :87 :List_push) gay shit
DEBUG: (src/list.c :87 :List_push) gay shit
DEBUG: (src/list.c :87 :List_push) gay shit
DEBUG: (src/list.c :87 :List_push) gay shit
DEBUG: (src/list.c :87 :List_push) gay shit
DEBUG: (src/list.c :87 :List_push) gay shit
DEBUG: (src/list.c :87 :List_push) gay shit
DEBUG: (src/list.c :87 :List_push) gay shit
DEBUG: (src/list.c :87 :List_push) gay shit
DEBUG: (src/list.c :87 :List_push) gay shit
DEBUG: (src/list.c :87 :List_push) gay shit
DEBUG: (src/list.c :87 :List_push) gay shit
DEBUG: (src/list.c :87 :List_push) gay shit
DEBUG: (src/list.c :87 :List_push) gay shit
DEBUG: (src/list.c :87 :List_push) gay shit
DEBUG: (src/list.c :87 :List_push) gay shit
DEBUG: (src/list.c :87 :List_push) gay shit
DEBUG: (src/list.c :87 :List_push) gay shit
DEBUG: (src/list.c :87 :List_push) gay shit
DEBUG: (src/list.c :87 :List_push) gay shit
DEBUG: (src/list.c :87 :List_push) gay shit
DEBUG: (src/list.c :87 :List_push) gay shit
DEBUG: (src/list.c :87 :List_push) gay shit
DEBUG: (src/list.c :87 :List_push) gay shit
DEBUG: (src/list.c :87 :List_push) gay shit
DEBUG: (src/list.c :87 :List_push) gay shit
DEBUG: (src/list.c :87 :List_push) gay shit
DEBUG: (src/list.c :87 :List_push) gay shit
DEBUG: (src/list.c :87 :List_push) gay shit
DEBUG: (src/list.c :87 :List_push) gay shit
DEBUG: (src/list.c :87 :List_push) gay shit
DEBUG: (src/list.c :87 :List_push) gay shit
DEBUG: (src/list.c :87 :List_push) gay shit
DEBUG: (src/list.c :87 :List_push) gay shit
DEBUG: (src/list.c :87 :List_push) gay shit
DEBUG: (src/list.c :87 :List_push) gay shit
DEBUG: (src/list.c :87 :List_push) gay shit
DEBUG: (src/list.c :87 :List_push) gay shit
DEBUG: (src/list.c :87 :List_push) gay shit
DEBUG: (src/list.c :87 :List_push) gay shit
DEBUG: (src/list.c :87 :List_push) gay shit
DEBUG: (src/list.c :87 :List_push) gay shit
DEBUG: (src/list.c :87 :List_push) gay shit
DEBUG: (src/list.c :87 :List_push) gay shit
DEBUG: (src/list.c :87 :List_push) gay shit
DEBUG: (src/list.c :87 :List_push) gay shit
DEBUG: (src/list.c :87 :List_push) gay shit
DEBUG: (src/list.c :87 :List_push) gay shit
DEBUG: (src/list.c :87 :List_push) gay shit
DEBUG: (src/list.c :87 :List_push) gay shit
DEBUG: (src/list.c :87 :List_push) gay shit
DEBUG: (src/list.c :87 :List_push) gay shit
DEBUG: (src/list.c :87 :List_push) gay shit
DEBUG: (src/list.c :87 :List_push) gay shit
DEBUG: (src/list.c :87 :List_push) gay shit
DEBUG: (src/list.c :87 :List_push) gay shit
DEBUG: (src/list.c :87 :List_push) gay shit
DEBUG: (src/list.c :87 :List_push) gay shit
DEBUG: (src/list.c :87 :List_push) gay shit
DEBUG: (src/list.c :87 :List_push) gay shit
DEBUG: (src/list.c :87 :List_push) gay shit
DEBUG: (src/list.c :87 :List_push) gay shit
DEBUG: (src/list.c :87 :List_push) gay shit
DEBUG: (src/list.c :87 :List_push) gay shit
DEBUG: (src/list.c :87 :List_push) gay shit
DEBUG: (src/list.c :87 :List_push) gay shit
DEBUG: (src/list.c :87 :List_push) gay shit
DEBUG: (src/list.c :87 :List_push) gay shit
DEBUG: (src/list.c :87 :List_push) gay shit
DEBUG: (src/list.c :87 :List_push) gay shit
DEBUG: (src/list.c :87 :List_push) gay shit
DEBUG: (src/list.c :87 :List_push) gay shit
DEBUG: (src/list.c :87 :List_push) gay shit
DEBUG: (src/list.c :87 :List_push) gay shit
DEBUG: (src/list.c :87 :List_push) gay shit
DEBUG: (src/list.c :87 :List_push) gay shit
DEBUG: (src/list.c :87 :List_push) gay shit
DEBUG: (src/list.c :87 :List_push) gay shit
DEBUG: (src/list.c :87 :List_push) gay shit
DEBUG: (src/list.c :87 :List_push) gay shit
DEBUG: (src/list.c :87 :List_push) gay shit
DEBUG: (src/list.c :87 :List_push) gay shit
DEBUG: (src/list.c :87 :List_push) gay shit
DEBUG: (src/list.c :87 :List_push) gay shit
DEBUG: (src/list.c :87 :List_push) gay shit
DEBUG: (src/list.c :87 :List_push) gay shit
DEBUG: (src/list.c :87 :List_push) gay shit
DEBUG: (src/list.c :87 :List_push) gay shit
DEBUG: (src/list.c :87 :List_push) gay shit
DEBUG: (src/list.c :87 :List_push) gay shit
DEBUG: (src/list.c :87 :List_push) gay shit
DEBUG: (src/list.c :87 :List_push) gay shit
DEBUG: (src/list.c :87 :List_push) gay shit
DEBUG: (src/list.c :87 :List_push) gay shit
DEBUG: (src/list.c :87 :List_push) gay shit
DEBUG: (src/list.c :87 :List_push) gay shit
DEBUG: (src/list.c :87 :List_push) gay shit
DEBUG: (src/list.c :87 :List_push) gay shit
DEBUG: (src/list.c :87 :List_push) gay shit
DEBUG: (src/list.c :87 :List_push) gay shit
DEBUG: (src/list.c :87 :List_push) gay shit
DEBUG: (src/list.c :87 :List_push) gay shit
DEBUG: (src/list.c :87 :List_push) gay shit
DEBUG: (src/list.c :87 :List_push) gay shit
DEBUG: (src/list.c :87 :List_push) gay shit
DEBUG: (src/list.c :87 :List_push) gay shit
DEBUG: (src/list.c :87 :List_push) gay shit
DEBUG: (src/list.c :87 :List_push) gay shit
DEBUG: (src/list.c :87 :List_push) gay shit
DEBUG: (src/list.c :87 :List_push) gay shit
DEBUG: (src/list.c :87 :List_push) gay shit
DEBUG: (src/list.c :87 :List_push) gay shit
DEBUG: (src/list.c :87 :List_push) gay shit
DEBUG: (src/list.c :87 :List_push) gay shit
DEBUG: (src/list.c :87 :List_push) gay shit
DEBUG: (src/list.c :87 :List_push) gay shit
DEBUG: (src/list.c :87 :List_push) gay shit
DEBUG: (src/list.c :87 :List_push) gay shit
DEBUG: (src/list.c :87 :List_push) gay shit
DEBUG: (src/list.c :87 :List_push) gay shit
DEBUG: (src/list.c :87 :List_push) gay shit
DEBUG: (src/list.c :87 :List_push) gay shit
DEBUG: (src/list.c :87 :List_push) gay shit
DEBUG: (src/list.c :87 :List_push) gay shit
DEBUG: (src/list.c :87 :List_push) gay shit
DEBUG: (src/list.c :87 :List_push) gay shit
DEBUG: (src/list.c :87 :List_push) gay shit
DEBUG: (src/list.c :87 :List_push) gay shit
DEBUG: (src/list.c :87 :List_push) gay shit
DEBUG: (src/list.c :87 :List_push) gay shit
DEBUG: (src/list.c :87 :List_push) gay shit
DEBUG: (src/list.c :87 :List_push) gay shit
DEBUG: (src/list.c :87 :List_push) gay shit
DEBUG: (src/list.c :87 :List_push) gay shit
DEBUG: (src/list.c :87 :List_push) gay shit
DEBUG: (src/list.c :87 :List_push) gay shit
DEBUG: (src/list.c :87 :List_push) gay shit
DEBUG: (src/list.c :87 :List_push) gay shit
DEBUG: (src/list.c :87 :List_push) gay shit
DEBUG: (src/list.c :87 :List_push) gay shit
DEBUG: (src/list.c :87 :List_push) gay shit
DEBUG: (src/list.c :87 :List_push) gay shit
DEBUG: (src/list.c :87 :List_push) gay shit
DEBUG: (src/list.c :87 :List_push) gay shit
DEBUG: (src/list.c :87 :List_push) gay shit
DEBUG: (src/list.c :87 :List_push) gay shit
DEBUG: (src/list.c :87 :List_push) gay shit
DEBUG: (src/list.c :87 :List_push) gay shit
DEBUG: (src/list.c :87 :List_push) gay shit
DEBUG: (src/list.c :87 :List_push) gay shit
DEBUG: (src/list.c :87 :List_push) gay shit
DEBUG: (src/list.c :87 :List_push) gay shit
DEBUG: (src/list.c :87 :List_push) gay shit
DEBUG: (src/list.c :87 :List_push) gay shit
DEBUG: (src/list.c :87 :List_push) gay shit
DEBUG: (src/list.c :87 :List_push) gay shit
DEBUG: (src/list.c :87 :List_push) gay shit
DEBUG: (src/list.c :87 :List_push) gay shit
DEBUG: (src/list.c :87 :List_push) gay shit
DEBUG: (src/list.c :87 :List_push) gay shit
DEBUG: (src/list.c :87 :List_push) gay shit
DEBUG: (src/list.c :87 :List_push) gay shit
DEBUG: (src/list.c :87 :List_push) gay shit
DEBUG: (src/list.c :87 :List_push) gay shit
DEBUG: (src/list.c :87 :List_push) gay shit
DEBUG: (src/list.c :87 :List_push) gay shit
DEBUG: (src/list.c :87 :List_push) gay shit
DEBUG: (src/list.c :87 :List_push) gay shit
DEBUG: (src/list.c :87 :List_push) gay shit
DEBUG: (src/list.c :87 :List_push) gay shit
DEBUG: (src/list.c :87 :List_push) gay shit
DEBUG: (src/list.c :87 :List_push) gay shit
DEBUG: (src/list.c :87 :List_push) gay shit
DEBUG: (src/list.c :87 :List_push) gay shit
DEBUG: (src/list.c :87 :List_push) gay shit
DEBUG: (src/list.c :87 :List_push) gay shit
DEBUG: (src/list.c :87 :List_push) gay shit
DEBUG: (src/list.c :87 :List_push) gay shit
DEBUG: (src/list.c :87 :List_push) gay shit
DEBUG: (src/list.c :87 :List_push) gay shit
DEBUG: (src/list.c :87 :List_push) gay shit
DEBUG: (src/list.c :87 :List_push) gay shit
DEBUG: (src/list.c :87 :List_push) gay shit
DEBUG: (src/list.c :87 :List_push) gay shit
DEBUG: (src/list.c :87 :List_push) gay shit
DEBUG: (src/list.c :87 :List_push) gay shit
DEBUG: (src/list.c :87 :List_push) gay shit
DEBUG: (src/list.c :87 :List_push) gay shit
DEBUG: (src/list.c :87 :List_push) gay shit
DEBUG: (src/list.c :87 :List_push) gay shit
DEBUG: (src/list.c :87 :List_push) gay shit
DEBUG: (src/list.c :87 :List_push) gay shit
DEBUG: (src/list.c :87 :List_push) gay shit
DEBUG: (src/list.c :87 :List_push) gay shit
DEBUG: (src/list.c :87 :List_push) gay shit
DEBUG: (src/list.c :87 :List_push) gay shit
DEBUG: (src/list.c :87 :List_push) gay shit
DEBUG: (src/list.c :87 :List_push) gay shit
DEBUG: (src/list.c :87 :List_push) gay shit
DEBUG: (src/list.c :87 :List_push) gay shit
DEBUG: (src/list.c :87 :List_push) gay shit
DEBUG: (src/list.c :87 :List_push) gay shit
DEBUG: (src/list.c :87 :List_push) gay shit
DEBUG: (src/list.c :87 :List_push) gay shit
DEBUG: (src/list.c :87 :List_push) gay shit
DEBUG: (src/list.c :87 :List_push) gay shit
DEBUG: (src/list.c :87 :List_push) gay shit
DEBUG: (src/list.c :87 :List_push) gay shit
DEBUG: (src/list.c :87 :List_push) gay shit
DEBUG: (src/list.c :87 :List_push) gay shit
DEBUG: (src/list.c :87 :List_push) gay shit
DEBUG: (src/list.c :87 :List_push) gay shit
DEBUG: (src/list.c :87 :List_push) gay shit
DEBUG: (src/list.c :87 :List_push) gay shit
DEBUG: (src/list.c :87 :List_push) gay shit
DEBUG: (src/list.c :87 :List_push) gay shit
DEBUG: (src/list.c :87 :List_push) gay shit
DEBUG: (src/list.c :87 :List_push) gay shit
DEBUG: (src/list.c :87 :List_push) gay shit
DEBUG: (src/list.c :87 :List_push) gay shit
DEBUG: (src/list.c :87 :List_push) gay shit
DEBUG: (src/list.c :87 :List_push) gay shit
DEBUG: (src/list.c :87 :List_push) gay shit
DEBUG: (src/list.c :87 :List_push) gay shit
DEBUG: (src/list.c :87 :List_push) gay shit
DEBUG: (src/list.c :87 :List_push) gay shit
DEBUG: (src/list.c :87 :List_push) gay shit
DEBUG: (src/list.c :87 :List_push) gay shit
DEBUG: (src/list.c :87 :List_push) gay shit
DEBUG: (src/list.c :87 :List_push) gay shit
DEBUG: (src/list.c :87 :List_push) gay shit
DEBUG: (src/list.c :87 :List_push) gay shit
DEBUG: (src/list.c :87 :List_push) gay shit
DEBUG: (src/list.c :87 :List_push) gay shit
DEBUG: (src/list.c :87 :List_push) gay shit
DEBUG: (src/list.c :87 :List_push) gay shit
DEBUG: (src/list.c :87 :List_push) gay shit
DEBUG: (src/list.c :87 :List_push) gay shit
DEBUG: (src/list.c :87 :List_push) gay shit
DEBUG: (src/list.c :87 :List_push) gay shit
DEBUG: (src/list.c :87 :List_push) gay shit
DEBUG: (src/list.c :87 :List_push) gay shit
DEBUG: (src/list.c :87 :List_push) gay shit
DEBUG: (src/list.c :87 :List_push) gay shit
DEBUG: (src/list.c :87 :List_push) gay shit
DEBUG: (src/list.c :87 :List_push) gay shit
DEBUG: (src/list.c :87 :List_push) gay shit
DEBUG: (src/list.c :87 :List_push) gay shit
DEBUG: (src/list.c :87 :List_push) gay shit
DEBUG: (src/list.c :87 :List_push) gay shit
DEBUG: (src/list.c :87 :List_push) gay shit
DEBUG: (src/list.c :87 :List_push) gay shit
DEBUG: (src/list.c :87 :List_push) gay shit
DEBUG: (src/list.c :87 :List_push) gay shit
DEBUG: (src/list.c :87 :List_push) gay shit
DEBUG: (src/list.c :87 :List_push) gay shit
DEBUG: (src/list.c :87 :List_push) gay shit
DEBUG: (src/list.c :87 :List_push) gay shit
DEBUG: (src/list.c :87 :List_push) gay shit
DEBUG: (src/list.c :87 :List_push) gay shit
DEBUG: (src/list.c :87 :List_push) gay shit
DEBUG: (src/list.c :87 :List_push) gay shit
DEBUG: (src/list.c :87 :List_push) gay shit
DEBUG: (src/list.c :87 :List_push) gay shit
DEBUG: (src/list.c :87 :List_push) gay shit
DEBUG: (src/list.c :87 :List_push) gay shit
DEBUG: (src/list.c :87 :List_push) gay shit
DEBUG: (src/list.c :87 :List_push) gay shit
DEBUG: (src/list.c :87 :List_push) gay shit
DEBUG: (src/list.c :87 :List_push) gay shit
DEBUG: (src/list.c :87 :List_push) gay shit
DEBUG: (src/list.c :87 :List_push) gay shit
DEBUG: (src/list.c :87 :List_push) gay shit
DEBUG: (src/list.c :87 :List_push) gay shit
DEBUG: (src/list.c :87 :List_push) gay shit
DEBUG: (src/list.c :87 :List_push) gay shit
DEBUG: (src/list.c :87 :List_push) gay shit
DEBUG: (src/list.c :87 :List_push) gay shit
DEBUG: (src/list.c :87 :List_push) gay shit
DEBUG: (src/list.c :87 :List_push) gay shit
DEBUG: (src/list.c :87 :List_push) gay shit
DEBUG: (src/list.c :87 :List_push) gay shit
DEBUG: (src/list.c :87 :List_push) gay shit
DEBUG: (src/list.c :87 :List_push) gay shit
DEBUG: (src/list.c :87 :List_push) gay shit
DEBUG: (src/list.c :87 :List_push) gay shit
DEBUG: (src/list.c :87 :List_push) gay shit
DEBUG: (src/list.c :87 :List_push) gay shit
DEBUG: (src/list.c :87 :List_push) gay shit
DEBUG: (src/list.c :87 :List_push) gay shit
DEBUG: (src/list.c :87 :List_push) gay shit
DEBUG: (src/list.c :87 :List_push) gay shit
DEBUG: (src/list.c :87 :List_push) gay shit
DEBUG: (src/list.c :87 :List_push) gay shit
DEBUG: (src/list.c :87 :List_push) gay shit
DEBUG: (src/list.c :87 :List_push) gay shit
DEBUG: (src/list.c :87 :List_push) gay shit
DEBUG: (src/list.c :87 :List_push) gay shit
DEBUG: (src/list.c :87 :List_push) gay shit
DEBUG: (src/list.c :87 :List_push) gay shit
DEBUG: (src/list.c :87 :List_push) gay shit
DEBUG: (src/list.c :87 :List_push) gay shit
DEBUG: (src/list.c :87 :List_push) gay shit
DEBUG: (src/list.c :87 :List_push) gay shit
DEBUG: (src/list.c :87 :List_push) gay shit
DEBUG: (src/list.c :87 :List_push) gay shit
DEBUG: (src/list.c :87 :List_push) gay shit
DEBUG: (src/list.c :87 :List_push) gay shit
DEBUG: (src/list.c :87 :List_push) gay shit
DEBUG: (src/list.c :87 :List_push) gay shit
DEBUG: (src/list.c :87 :List_push) gay shit
DEBUG: (src/list.c :87 :List_push) gay shit
DEBUG: (src/list.c :87 :List_push) gay shit
DEBUG: (src/list.c :87 :List_push) gay shit
DEBUG: (src/list.c :87 :List_push) gay shit
DEBUG: (src/list.c :87 :List_push) gay shit
DEBUG: (src/list.c :87 :List_push) gay shit
DEBUG: (src/list.c :87 :List_push) gay shit
DEBUG: (src/list.c :87 :List_push) gay shit
DEBUG: (src/list.c :87 :List_push) gay shit
DEBUG: (src/list.c :87 :List_push) gay shit
DEBUG: (src/list.c :87 :List_push) gay shit
DEBUG: (src/list.c :87 :List_push) gay shit
DEBUG: (src/list.c :87 :List_push) gay shit
DEBUG: (src/list.c :87 :List_push) gay shit
DEBUG: (src/list.c :87 :List_push) gay shit
DEBUG: (src/list.c :87 :List_push) gay shit
DEBUG: (src/list.c :87 :List_push) gay shit
DEBUG: (src/list.c :87 :List_push) gay shit
DEBUG: (src/list.c :87 :List_push) gay shit
DEBUG: (src/list.c :87 :List_push) gay shit
DEBUG: (src/list.c :87 :List_push) gay shit
DEBUG: (src/list.c :87 :List_push) gay shit
DEBUG: (src/list.c :87 :List_push) gay shit
DEBUG: (src/list.c :87 :List_push) gay shit
DEBUG: (src/list.c :87 :List_push) gay shit
DEBUG: (src/list.c :87 :List_push) gay shit
DEBUG: (src/list.c :87 :List_push) gay shit
DEBUG: (src/list.c :87 :List_push) gay shit
DEBUG: (src/list.c :87 :List_push) gay shit
DEBUG: (src/list.c :87 :List_push) gay shit
DEBUG: (src/list.c :87 :List_push) gay shit
DEBUG: (src/list.c :87 :List_push) gay shit
DEBUG: (src/list.c :87 :List_push) gay shit
DEBUG: (src/list.c :87 :List_push) gay shit
DEBUG: (src/list.c :87 :List_push) gay shit
DEBUG: (src/list.c :87 :List_push) gay shit
DEBUG: (src/list.c :87 :List_push) gay shit
DEBUG: (src/list.c :87 :List_push) gay shit
DEBUG: (src/list.c :87 :List_push) gay shit
DEBUG: (src/list.c :87 :List_push) gay shit
DEBUG: (src/list.c :87 :List_push) gay shit
DEBUG: (src/list.c :87 :List_push) gay shit
DEBUG: (src/list.c :87 :List_push) gay shit
DEBUG: (src/list.c :87 :List_push) gay shit
DEBUG: (src/list.c :87 :List_push) gay shit
DEBUG: (src/list.c :87 :List_push) gay shit
DEBUG: (src/list.c :87 :List_push) gay shit
DEBUG: (src/list.c :87 :List_push) gay shit
DEBUG: (src/list.c :87 :List_push) gay shit
DEBUG: (src/list.c :87 :List_push) gay shit
DEBUG: (src/list.c :87 :List_push) gay shit
DEBUG: (src/list.c :87 :List_push) gay shit
DEBUG: (src/list.c :87 :List_push) gay shit
DEBUG: (src/list.c :87 :List_push) gay shit
DEBUG: (src/list.c :87 :List_push) gay shit
DEBUG: (src/list.c :87 :List_push) gay shit
DEBUG: (src/list.c :87 :List_push) gay shit
DEBUG: (src/list.c :87 :List_push) gay shit
DEBUG: (src/list.c :87 :List_push) gay shit
DEBUG: (src/list.c :87 :List_push) gay shit
DEBUG: (src/list.c :87 :List_push) gay shit
DEBUG: (src/list.c :87 :List_push) gay shit
DEBUG: (src/list.c :87 :List_push) gay shit
DEBUG: (src/list.c :87 :List_push) gay shit
DEBUG: (src/list.c :87 :List_push) gay shit
DEBUG: (src/list.c :87 :List_push) gay shit
DEBUG: (src/list.c :87 :List_push) gay shit
DEBUG: (src/list.c :87 :List_push) gay shit
DEBUG: (src/list.c :87 :List_push) gay shit
DEBUG: (src/list.c :87 :List_push) gay shit
DEBUG: (src/list.c :87 :List_push) gay shit
DEBUG: (src/list.c :87 :List_push) gay shit
DEBUG: (src/list.c :87 :List_push) gay shit
DEBUG: (src/list.c :87 :List_push) gay shit
DEBUG: (src/list.c :87 :List_push) gay shit
DEBUG: (src/list.c :87 :List_push) gay shit
DEBUG: (src/list.c :87 :List_push) gay shit
DEBUG: (src/list.c :87 :List_push) gay shit
DEBUG: (src/list.c :87 :List_push) gay shit
DEBUG: (src/list.c :87 :List_push) gay shit
DEBUG: (src/list.c :87 :List_push) gay shit
DEBUG: (src/list.c :87 :List_push) gay shit
DEBUG: (src/list.c :87 :List_push) gay shit
DEBUG: (src/list.c :87 :List_push) gay shit
DEBUG: (src/list.c :87 :List_push) gay shit
DEBUG: (src/list.c :87 :List_push) gay shit
DEBUG: (src/list.c :87 :List_push) gay shit
DEBUG: (src/list.c :87 :List_push) gay shit
DEBUG: (src/list.c :87 :List_push) gay shit
DEBUG: (src/list.c :87 :List_push) gay shit
DEBUG: (src/list.c :87 :List_push) gay shit
DEBUG: (src/list.c :87 :List_push) gay shit
DEBUG: (src/list.c :87 :List_push) gay shit
DEBUG: (src/list.c :87 :List_push) gay shit
DEBUG: (src/list.c :87 :List_push) gay shit
DEBUG: (src/list.c :87 :List_push) gay shit
DEBUG: (src/list.c :87 :List_push) gay shit
DEBUG: (src/list.c :87 :List_push) gay shit
DEBUG: (src/list.c :87 :List_push) gay shit
DEBUG: (src/list.c :87 :List_push) gay shit
DEBUG: (src/list.c :87 :List_push) gay shit
DEBUG: (src/list.c :87 :List_push) gay shit
DEBUG: (src/list.c :87 :List_push) gay shit
DEBUG: (src/list.c :87 :List_push) gay shit
DEBUG: (src/list.c :87 :List_push) gay shit
DEBUG: (src/list.c :87 :List_push) gay shit
DEBUG: (src/list.c :87 :List_push) gay shit
DEBUG: (src/list.c :87 :List_push) gay shit
DEBUG: (src/list.c :87 :List_push) gay shit
DEBUG: (src/list.c :87 :List_push) gay shit
DEBUG: (src/list.c :87 :List_push) gay shit
DEBUG: (src/list.c :87 :List_push) gay shit
DEBUG: (src/list.c :87 :List_push) gay shit
DEBUG: (src/list.c :87 :List_push) gay shit
DEBUG: (src/list.c :87 :List_push) gay shit
DEBUG: (src/list.c :87 :List_push) gay shit
DEBUG: (src/list.c :87 :List_push) gay shit
DEBUG: (src/list.c :87 :List_push) gay shit
DEBUG: (src/list.c :87 :List_push) gay shit
DEBUG: (src/list.c :87 :List_push) gay shit
DEBUG: (src/list.c :87 :List_push) gay shit
DEBUG: (src/list.c :87 :List_push) gay shit
DEBUG: (src/list.c :87 :List_push) gay shit
DEBUG: (src/list.c :87 :List_push) gay shit
DEBUG: (src/list.c :87 :List_push) gay shit
DEBUG: (src/list.c :87 :List_push) gay shit
DEBUG: (src/list.c :87 :List_push) gay shit
DEBUG: (src/list.c :87 :List_push) gay shit
DEBUG: (src/list.c :87 :List_push) gay shit
DEBUG: (src/list.c :87 :List_push) gay shit
DEBUG: (src/list.c :87 :List_push) gay shit
DEBUG: (src/list.c :87 :List_push) gay shit
DEBUG: (src/list.c :87 :List_push) gay shit
DEBUG: (src/list.c :87 :List_push) gay shit
DEBUG: (src/list.c :87 :List_push) gay shit
DEBUG: (src/list.c :87 :List_push) gay shit
DEBUG: (src/list.c :87 :List_push) gay shit
DEBUG: (src/list.c :87 :List_push) gay shit
DEBUG: (src/list.c :87 :List_push) gay shit
DEBUG: (src/list.c :87 :List_push) gay shit
DEBUG: (src/list.c :87 :List_push) gay shit
DEBUG: (src/list.c :87 :List_push) gay shit
DEBUG: (src/list.c :87 :List_push) gay shit
DEBUG: (src/list.c :87 :List_push) gay shit
DEBUG: (src/list.c :87 :List_push) gay shit
DEBUG: (src/list.c :87 :List_push) gay shit
DEBUG: (src/list.c :87 :List_push) gay shit
DEBUG: (src/list.c :87 :List_push) gay shit
DEBUG: (src/list.c :87 :List_push) gay shit
DEBUG: (src/list.c :87 :List_push) gay shit
DEBUG: (src/list.c :87 :List_push) gay shit
DEBUG: (src/list.c :87 :List_push) gay shit
DEBUG: (src/list.c :87 :List_push) gay shit
DEBUG: (src/list.c :87 :List_push) gay shit
DEBUG: (src/list.c :87 :List_push) gay shit
DEBUG: (src/list.c :87 :List_push) gay shit
DEBUG: (src/list.c :87 :List_push) gay shit
DEBUG: (src/list.c :87 :List_push) gay shit
DEBUG: (src/list.c :87 :List_push) gay shit
DEBUG: (src/list.c :87 :List_push) gay shit
DEBUG: (src/list.c :87 :List_push) gay shit
DEBUG: (src/list.c :87 :List_push) gay shit
DEBUG: (src/list.c :87 :List_push) gay shit
DEBUG: (src/list.c :87 :List_push) gay shit
DEBUG: (src/list.c :87 :List_push) gay shit
DEBUG: (src/list.c :87 :List_push) gay shit
DEBUG: (src/list.c :87 :List_push) gay shit
DEBUG: (src/list.c :87 :List_push) gay shit
DEBUG: (src/list.c :87 :List_push) gay shit
DEBUG: (src/list.c :87 :List_push) gay shit
DEBUG: (src/list.c :87 :List_push) gay shit
DEBUG: (src/list.c :87 :List_push) gay shit
DEBUG: (src/list.c :87 :List_push) gay shit
DEBUG: (src/list.c :87 :List_push) gay shit
DEBUG: (src/list.c :87 :List_push) gay shit
DEBUG: (src/list.c :87 :List_push) gay shit
DEBUG: (src/list.c :87 :List_push) gay shit
DEBUG: (src/list.c :87 :List_push) gay shit
DEBUG: (src/list.c :87 :List_push) gay shit
DEBUG: (src/list.c :87 :List_push) gay shit
DEBUG: (src/list.c :87 :List_push) gay shit
DEBUG: (src/list.c :87 :List_push) gay shit
DEBUG: (src/list.c :87 :List_push) gay shit
DEBUG: (src/list.c :87 :List_push) gay shit
DEBUG: (src/list.c :87 :List_push) gay shit
DEBUG: (src/list.c :87 :List_push) gay shit
DEBUG: (src/list.c :87 :List_push) gay shit
DEBUG: (src/list.c :87 :List_push) gay shit
DEBUG: (src/list.c :87 :List_push) gay shit
DEBUG: (src/list.c :87 :List_push) gay shit
DEBUG: (src/list.c :87 :List_push) gay shit
DEBUG: (src/list.c :87 :List_push) gay shit
DEBUG: (src/list.c :87 :List_push) gay shit
DEBUG: (src/list.c :87 :List_push) gay shit
DEBUG: (src/list.c :87 :List_push) gay shit
DEBUG: (src/list.c :87 :List_push) gay shit
DEBUG: (src/list.c :87 :List_push) gay shit
DEBUG: (src/list.c :87 :List_push) gay shit
DEBUG: (src/list.c :87 :List_push) gay shit
DEBUG: (src/list.c :87 :List_push) gay shit
DEBUG: (src/list.c :87 :List_push) gay shit
DEBUG: (src/list.c :87 :List_push) gay shit
DEBUG: (src/list.c :87 :List_push) gay shit
DEBUG: (src/list.c :87 :List_push) gay shit
DEBUG: (src/list.c :87 :List_push) gay shit
DEBUG: (src/list.c :87 :List_push) gay shit
DEBUG: (src/list.c :87 :List_push) gay shit
DEBUG: (src/list.c :87 :List_push) gay shit
DEBUG: (src/list.c :87 :List_push) gay shit
DEBUG: (src/list.c :87 :List_push) gay shit
DEBUG: (src/list.c :87 :List_push) gay shit
DEBUG: (src/list.c :87 :List_push) gay shit
DEBUG: (src/list.c :87 :List_push) gay shit
DEBUG: (src/list.c :87 :List_push) gay shit
DEBUG: (src/list.c :87 :List_push) gay shit
DEBUG: (src/list.c :87 :List_push) gay shit
DEBUG: (src/list.c :87 :List_push) gay shit
DEBUG: (src/list.c :87 :List_push) gay shit
DEBUG: (src/list.c :87 :List_push) gay shit
DEBUG: (src/list.c :87 :List_push) gay shit
DEBUG: (src/list.c :87 :List_push) gay shit
DEBUG: (src/list.c :87 :List_push) gay shit
DEBUG: (src/list.c :87 :List_push) gay shit
DEBUG: (src/list.c :87 :List_push) gay shit
DEBUG: (src/list.c :87 :List_push) gay shit
DEBUG: (src/list.c :87 :List_push) gay shit
DEBUG: (src/list.c :87 :List_push) gay shit
DEBUG: (src/list.c :87 :List_push) gay shit
DEBUG: (src/list.c :87 :List_push) gay shit
DEBUG: (src/list.c :87 :List_push) gay shit
DEBUG: (src/list.c :87 :List_push) gay shit
DEBUG: (src/list.c :87 :List_push) gay shit
DEBUG: (src/list.c :87 :List_push) gay shit
DEBUG: (src/list.c :87 :List_push) gay shit
DEBUG: (src/list.c :87 :List_push) gay shit
DEBUG: (src/list.c :87 :List_push) gay shit
DEBUG: (src/list.c :87 :List_push) gay shit
DEBUG: (src/list.c :87 :List_push) gay shit
DEBUG: (src/list.c :87 :List_push) gay shit
DEBUG: (src/list.c :87 :List_push) gay shit
DEBUG: (src/list.c :87 :List_push) gay shit
DEBUG: (src/list.c :87 :List_push) gay shit
DEBUG: (src/list.c :87 :List_push) gay shit
DEBUG: (src/list.c :87 :List_push) gay shit
DEBUG: (src/list.c :87 :List_push) gay shit
DEBUG: (src/list.c :87 :List_push) gay shit
DEBUG: (src/list.c :87 :List_push) gay shit
DEBUG: (src/list.c :87 :List_push) gay shit
DEBUG: (src/list.c :87 :List_push) gay shit
DEBUG: (src/list.c :87 :List_push) gay shit
DEBUG: (src/list.c :87 :List_push) gay shit
DEBUG: (src/list.c :87 :List_push) gay shit
DEBUG: (src/list.c :87 :List_push) gay shit
DEBUG: (src/list.c :87 :List_push) gay shit
DEBUG: (src/list.c :87 :List_push) gay shit
DEBUG: (src/list.c :87 :List_push) gay shit
DEBUG: (src/list.c :87 :List_push) gay shit
DEBUG: (src/list.c :87 :List_push) gay shit
DEBUG: (src/list.c :87 :List_push) gay shit
DEBUG: (src/list.c :87 :List_push) gay shit
DEBUG: (src/list.c :87 :List_push) gay shit
DEBUG: (src/list.c :87 :List_push) gay shit
DEBUG: (src/list.c :87 :List_push) gay shit
DEBUG: (src/list.c :87 :List_push) gay shit
DEBUG: (src/list.c :87 :List_push) gay shit
DEBUG: (src/list.c :87 :List_push) gay shit
DEBUG: (src/list.c :87 :List_push) gay shit
DEBUG: (src/list.c :87 :List_push) gay shit
DEBUG: (src/list.c :87 :List_push) gay shit
DEBUG: (src/list.c :87 :List_push) gay shit
DEBUG: (src/list.c :87 :List_push) gay shit
DEBUG: (src/list.c :87 :List_push) gay shit
DEBUG: (src/list.c :87 :List_push) gay shit
DEBUG: (src/list.c :87 :List_push) gay shit
DEBUG: (src/list.c :87 :List_push) gay shit
DEBUG: (src/list.c :87 :List_push) gay shit
DEBUG: (src/list.c :87 :List_push) gay shit
DEBUG: (src/list.c :87 :List_push) gay shit
DEBUG: (src/list.c :87 :List_push) gay shit
DEBUG: (src/list.c :87 :List_push) gay shit
DEBUG: (src/list.c :87 :List_push) gay shit
DEBUG: (src/list.c :87 :List_push) gay shit
DEBUG: (src/list.c :87 :List_push) gay shit
DEBUG: (src/list.c :87 :List_push) gay shit
DEBUG: (src/list.c :87 :List_push) gay shit
DEBUG: (src/list.c :87 :List_push) gay shit
DEBUG: (src/list.c :87 :List_push) gay shit
DEBUG: (src/list.c :87 :List_push) gay shit
DEBUG: (src/list.c :87 :List_push) gay shit
DEBUG: (src/list.c :87 :List_push) gay shit
DEBUG: (src/list.c :87 :List_push) gay shit
DEBUG: (src/list.c :87 :List_push) gay shit
DEBUG: (src/list.c :87 :List_push) gay shit
DEBUG: (src/list.c :87 :List_push) gay shit
DEBUG: (src/list.c :87 :List_push) gay shit
DEBUG: (src/list.c :87 :List_push) gay shit
DEBUG: (src/list.c :87 :List_push) gay shit
DEBUG: (src/list.c :87 :List_push) gay shit
DEBUG: (src/list.c :87 :List_push) gay shit
DEBUG: (src/list.c :87 :List_push) gay shit
DEBUG: (src/list.c :87 :List_push) gay shit
DEBUG: (src/list.c :87 :List_push) gay shit
DEBUG: (src/list.c :87 :List_push) gay shit
DEBUG: (src/list.c :87 :List_push) gay shit
DEBUG: (src/list.c :87 :List_push) gay shit
DEBUG: (src/list.c :87 :List_push) gay shit
DEBUG: (src/list.c :87 :List_push) gay shit
DEBUG: (src/list.c :87 :List_push) gay shit
DEBUG: (src/list.c :87 :List_push) gay shit
DEBUG: (src/list.c :87 :List_push) gay shit
DEBUG: (src/list.c :87 :List_push) gay shit
DEBUG: (src/list.c :87 :List_push) gay shit
DEBUG: (src/list.c :87 :List_push) gay shit
DEBUG: (src/list.c :87 :List_push) gay shit
DEBUG: (src/list.c :87 :List_push) gay shit
DEBUG: (src/list.c :87 :List_push) gay shit
DEBUG: (src/list.c :87 :List_push) gay shit
DEBUG: (src/list.c :87 :List_push) gay shit
DEBUG: (src/list.c :87 :List_push) gay shit
DEBUG: (src/list.c :87 :List_push) gay shit
DEBUG: (src/list.c :87 :List_push) gay shit
DEBUG: (src/list.c :87 :List_push) gay shit
DEBUG: (src/list.c :87 :List_push) gay shit
DEBUG: (src/list.c :87 :List_push) gay shit
DEBUG: (src/list.c :87 :List_push) gay shit
DEBUG: (src/list.c :87 :List_push) gay shit
DEBUG: (src/list.c :87 :List_push) gay shit
DEBUG: (src/list.c :87 :List_push) gay shit
DEBUG: (src/list.c :87 :List_push) gay shit
DEBUG: (src/list.c :87 :List_push) gay shit
DEBUG: (src/list.c :87 :List_push) gay shit
DEBUG: (src/list.c :87 :List_push) gay shit
DEBUG: (src/list.c :87 :List_push) gay shit
DEBUG: (src/list.c :87 :List_push) gay shit
DEBUG: (src/list.c :87 :List_push) gay shit
DEBUG: (src/list.c :87 :List_push) gay shit
DEBUG: (src/list.c :87 :List_push) gay shit
DEBUG: (src/list.c :87 :List_push) gay shit
DEBUG: (src/list.c :87 :List_push) gay shit
DEBUG: (src/list.c :87 :List_push) gay shit
DEBUG: (src/list.c :87 :List_push) gay shit
DEBUG: (src/list.c :87 :List_push) gay shit
DEBUG: (src/list.c :87 :List_push) gay shit
DEBUG: (src/list.c :87 :List_push) gay shit
DEBUG: (src/list.c :87 :List_push) gay shit
DEBUG: (src/list.c :87 :List_push) gay shit
DEBUG: (src/list.c :87 :List_push) gay shit
DEBUG: (src/list.c :87 :List_push) gay shit
DEBUG: (src/list.c :87 :List_push) gay shit
DEBUG: (src/list.c :87 :List_push) gay shit
DEBUG: (src/list.c :87 :List_push) gay shit
DEBUG: (src/list.c :87 :List_push) gay shit
DEBUG: (src/list.c :87 :List_push) gay shit
DEBUG: (src/list.c :87 :List_push) gay shit
DEBUG: (src/list.c :87 :List_push) gay shit
DEBUG: (src/list.c :87 :List_push) gay shit
DEBUG: (src/list.c :87 :List_push) gay shit
DEBUG: (src/list.c :87 :List_push) gay shit
DEBUG: (src/list.c :87 :List_push) gay shit
DEBUG: (src/list.c :87 :List_push) gay shit
DEBUG: (src/list.c :87 :List_push) gay shit
DEBUG: (src/list.c :87 :List_push) gay shit
DEBUG: (src/list.c :87 :List_push) gay shit
DEBUG: (src/list.c :87 :List_push) gay shit
DEBUG: (src/list.c :87 :List_push) gay shit
DEBUG: (src/list.c :87 :List_push) gay shit
DEBUG: (src/list.c :87 :List_push) gay shit
DEBUG: (src/list.c :87 :List_push) gay shit
DEBUG: (src/list.c :87 :List_push) gay shit
DEBUG: (src/list.c :87 :List_push) gay shit
DEBUG: (src/list.c :87 :List_push) gay shit
DEBUG: (src/list.c :87 :List_push) gay shit
DEBUG: (src/list.c :87 :List_push) gay shit
DEBUG: (src/list.c :87 :List_push) gay shit
DEBUG: (src/list.c :87 :List_push) gay shit
DEBUG: (src/list.c :87 :List_push) gay shit
DEBUG: (src/list.c :87 :List_push) gay shit
DEBUG: (src/list.c :87 :List_push) gay shit
DEBUG: (src/list.c :87 :List_push) gay shit
DEBUG: (src/list.c :87 :List_push) gay shit
DEBUG: (src/list.c :87 :List_push) gay shit
DEBUG: (src/list.c :87 :List_push) gay shit
DEBUG: (src/list.c :87 :List_push) gay shit
DEBUG: (src/list.c :87 :List_push) gay shit
DEBUG: (src/list.c :87 :List_push) gay shit
DEBUG: (src/list.c :87 :List_push) gay shit
DEBUG: (src/list.c :87 :List_push) gay shit
DEBUG: (src/list.c :87 :List_push) gay shit
DEBUG: (src/list.c :87 :List_push) gay shit
DEBUG: (src/list.c :87 :List_push) gay shit
DEBUG: (src/list.c :87 :List_push) gay shit
DEBUG: (src/list.c :87 :List_push) gay shit
DEBUG: (src/list.c :87 :List_push) gay shit
DEBUG: (src/list.c :87 :List_push) gay shit
DEBUG: (src/list.c :87 :List_push) gay shit
DEBUG: (src/list.c :87 :List_push) gay shit
DEBUG: (src/list.c :87 :List_push) gay shit
DEBUG: (src/list.c :87 :List_push) gay shit
DEBUG: (src/list.c :87 :List_push) gay shit
DEBUG: (src/list.c :87 :List_push) gay shit
DEBUG: (src/list.c :87 :List_push) gay shit
DEBUG: (src/list.c :87 :List_push) gay shit
DEBUG: (src/list.c :87 :List_push) gay shit
DEBUG: (src/list.c :87 :List_push) gay shit
DEBUG: (src/list.c :87 :List_push) gay shit
DEBUG: (src/list.c :87 :List_push) gay shit
DEBUG: (src/list.c :87 :List_push) gay shit
DEBUG: (src/list.c :87 :List_push) gay shit
DEBUG: (src/list.c :87 :List_push) gay shit
DEBUG: (src/list.c :87 :List_push) gay shit
DEBUG: (src/list.c :87 :List_push) gay shit
DEBUG: (src/list.c :87 :List_push) gay shit
DEBUG: (src/list.c :87 :List_push) gay shit
DEBUG: (src/list.c :87 :List_push) gay shit
DEBUG: (src/list.c :87 :List_push) gay shit
DEBUG: (src/list.c :87 :List_push) gay shit
DEBUG: (src/list.c :87 :List_push) gay shit
DEBUG: (src/list.c :87 :List_push) gay shit
DEBUG: (src/list.c :87 :List_push) gay shit
DEBUG: (src/list.c :87 :List_push) gay shit
DEBUG: (src/list.c :87 :List_push) gay shit
DEBUG: (src/list.c :87 :List_push) gay shit
DEBUG: (src/list.c :87 :List_push) gay shit
DEBUG: (src/list.c :87 :List_push) gay shit
DEBUG: (src/list.c :87 :List_push) gay shit
DEBUG: (src/list.c :87 :List_push) gay shit
DEBUG: (src/list.c :87 :List_push) gay shit
DEBUG: (src/list.c :87 :List_push) gay shit
DEBUG: (src/list.c :87 :List_push) gay shit
DEBUG: (src/list.c :87 :List_push) gay shit
DEBUG: (src/list.c :87 :List_push) gay shit
DEBUG: (src/list.c :87 :List_push) gay shit
DEBUG: (src/list.c :87 :List_push) gay shit
DEBUG: (src/list.c :87 :List_push) gay shit
DEBUG: (src/list.c :87 :List_push) gay shit
DEBUG: (src/list.c :87 :List_push) gay shit
DEBUG: (src/list.c :87 :List_push) gay shit
DEBUG: (src/list.c :87 :List_push) gay shit
DEBUG: (src/list.c :87 :List_push) gay shit
DEBUG: (src/list.c :87 :List_push) gay shit
DEBUG: (src/list.c :87 :List_push) gay shit
DEBUG: (src/list.c :87 :List_push) gay shit
DEBUG: (src/list.c :87 :List_push) gay shit
DEBUG: (src/list.c :87 :List_push) gay shit
DEBUG: (src/list.c :87 :List_push) gay shit
DEBUG: (src/list.c :87 :List_push) gay shit
DEBUG: (src/list.c :87 :List_push) gay shit
DEBUG: (src/list.c :87 :List_push) gay shit
DEBUG: (src/list.c :87 :List_push) gay shit
DEBUG: (src/list.c :87 :List_push) gay shit
DEBUG: (src/list.c :87 :List_push) gay shit
DEBUG: (src/list.c :87 :List_push) gay shit
DEBUG: (src/list.c :87 :List_push) gay shit
DEBUG: (src/list.c :87 :List_push) gay shit
DEBUG: (src/list.c :87 :List_push) gay shit
DEBUG: (src/list.c :87 :List_push) gay shit
DEBUG: (src/list.c :87 :List_push) gay shit
DEBUG: (src/list.c :87 :List_push) gay shit
DEBUG: (src/list.c :87 :List_push) gay shit
DEBUG: (src/list.c :87 :List_push) gay shit
DEBUG: (src/list.c :87 :List_push) gay shit
DEBUG: (src/list.c :87 :List_push) gay shit
DEBUG: (src/list.c :87 :List_push) gay shit
DEBUG: (src/list.c :87 :List_push) gay shit
DEBUG: (src/list.c :87 :List_push) gay shit
DEBUG: (src/list.c :87 :List_push) gay shit
DEBUG: (src/list.c :87 :List_push) gay shit
DEBUG: (src/list.c :87 :List_push) gay shit
DEBUG: (src/list.c :87 :List_push) gay shit
DEBUG: (src/list.c :87 :List_push) gay shit
DEBUG: (src/list.c :87 :List_push) gay shit
DEBUG: (src/list.c :87 :List_push) gay shit
DEBUG: (src/list.c :87 :List_push) gay shit
DEBUG: (src/list.c :87 :List_push) gay shit
DEBUG: (src/list.c :87 :List_push) gay shit
DEBUG: (src/list.c :87 :List_push) gay shit
DEBUG: (src/list.c :87 :List_push) gay shit
DEBUG: (src/list.c :87 :List_push) gay shit
DEBUG: (src/list.c :87 :List_push) gay shit
DEBUG: (src/list.c :87 :List_push) gay shit
DEBUG: (src/list.c :87 :List_push) gay shit
DEBUG: (src/list.c :87 :List_push) gay shit
DEBUG: (src/list.c :87 :List_push) gay shit
DEBUG: (src/list.c :87 :List_push) gay shit
DEBUG: (src/list.c :87 :List_push) gay shit
DEBUG: (src/list.c :87 :List_push) gay shit
DEBUG: (src/list.c :87 :List_push) gay shit
DEBUG: (src/list.c :87 :List_push) gay shit
DEBUG: (src/list.c :87 :List_push) gay shit
DEBUG: (src/list.c :87 :List_push) gay shit
DEBUG: (src/list.c :87 :List_push) gay shit
DEBUG: (src/list.c :87 :List_push) gay shit
DEBUG: (src/list.c :87 :List_push) gay shit
DEBUG: (src/list.c :87 :List_push) gay shit
DEBUG: (src/list.c :87 :List_push) gay shit
DEBUG: (src/list.c :87 :List_push) gay shit
DEBUG: (src/list.c :87 :List_push) gay shit
DEBUG: (src/list.c :87 :List_push) gay shit
DEBUG: (src/list.c :87 :List_push) gay shit
DEBUG: (src/list.c :87 :List_push) gay shit
DEBUG: (src/list.c :87 :List_push) gay shit
DEBUG: (src/list.c :87 :List_push) gay shit
DEBUG: (src/list.c :87 :List_push) gay shit
DEBUG: (src/list.c :87 :List_push) gay shit
DEBUG: (src/list.c :87 :List_push) gay shit
DEBUG: (src/list.c :87 :List_push) gay shit
DEBUG: (src/list.c :87 :List_push) gay shit
DEBUG: (src/list.c :87 :List_push) gay shit
DEBUG: (src/list.c :87 :List_push) gay shit
DEBUG: (src/list.c :87 :List_push) gay shit
DEBUG: (src/list.c :87 :List_push) gay shit
DEBUG: (src/list.c :87 :List_push) gay shit
DEBUG: (src/list.c :87 :List_push) gay shit
DEBUG: (src/list.c :87 :List_push) gay shit
DEBUG: (src/list.c :87 :List_push) gay shit
DEBUG: (src/list.c :87 :List_push) gay shit
DEBUG: (src/list.c :87 :List_push) gay shit
DEBUG: (src/list.c :87 :List_push) gay shit
DEBUG: (src/list.c :87 :List_push) gay shit
DEBUG: (src/list.c :87 :List_push) gay shit
DEBUG: (src/list.c :87 :List_push) gay shit
DEBUG: (src/list.c :87 :List_push) gay shit
DEBUG: (src/list.c :87 :List_push) gay shit
DEBUG: (src/list.c :87 :List_push) gay shit
DEBUG: (src/list.c :87 :List_push) gay shit
DEBUG: (src/list.c :87 :List_push) gay shit
DEBUG: (src/list.c :87 :List_push) gay shit
DEBUG: (src/list.c :87 :List_push) gay shit
DEBUG: (src/list.c :87 :List_push) gay shit
DEBUG: (src/list.c :87 :List_push) gay shit
DEBUG: (src/list.c :87 :List_push) gay shit
DEBUG: (src/list.c :87 :List_push) gay shit
DEBUG: (src/list.c :87 :List_push) gay shit
DEBUG: (src/list.c :87 :List_push) gay shit
DEBUG: (src/list.c :87 :List_push) gay shit
DEBUG: (src/list.c :87 :List_push) gay shit
DEBUG: (src/list.c :87 :List_push) gay shit
DEBUG: (src/list.c :87 :List_push) gay shit
DEBUG: (src/list.c :87 :List_push) gay shit
DEBUG: (src/list.c :87 :List_push) gay shit
DEBUG: (src/list.c :87 :List_push) gay shit
DEBUG: (src/list.c :87 :List_push) gay shit
DEBUG: (src/list.c :87 :List_push) gay shit
DEBUG: (src/list.c :87 :List_push) gay shit
DEBUG: (src/list.c :87 :List_push) gay shit
DEBUG: (src/list.c :87 :List_push) gay shit
DEBUG: (src/list.c :87 :List_push) gay shit
DEBUG: (src/list.c :87 :List_push) gay shit
DEBUG: (src/list.c :87 :List_push) gay shit
DEBUG: (src/list.c :87 :List_push) gay shit
DEBUG: (src/list.c :87 :List_push) gay shit
DEBUG: (src/list.c :87 :List_push) gay shit
DEBUG: (src/list.c :87 :List_push) gay shit
DEBUG: (src/list.c :87 :List_push) gay shit
DEBUG: (src/list.c :87 :List_push) gay shit
DEBUG: (src/list.c :87 :List_push) gay shit
DEBUG: (src/list.c :87 :List_push) gay shit
DEBUG: (src/list.c :87 :List_push) gay shit
DEBUG: (src/list.c :87 :List_push) gay shit
DEBUG: (src/list.c :87 :List_push) gay shit
DEBUG: (src/list.c :87 :List_push) gay shit
DEBUG: (src/list.c :87 :List_push) gay shit
DEBUG: (src/list.c :87 :List_push) gay shit
DEBUG: (src/list.c :87 :List_push) gay shit
DEBUG: (src/list.c :87 :List_push) gay shit
DEBUG: (src/list.c :87 :List_push) gay shit
DEBUG: (src/list.c :87 :List_push) gay shit
DEBUG: (src/list.c :87 :List_push) gay shit
DEBUG: (src/list.c :87 :List_push) gay shit
DEBUG: (src/list.c :87 :List_push) gay shit
DEBUG: (src/list.c :87 :List_push) gay shit
DEBUG: (src/list.c :87 :List_push) gay shit
DEBUG: (src/list.c :87 :List_push) gay shit
DEBUG: (src/list.c :87 :List_push) gay shit
DEBUG: (src/list.c :87 :List_push) gay shit
DEBUG: (src/list.c :87 :List_push) gay shit
DEBUG: (src/list.c :87 :List_push) gay shit
DEBUG: (src/list.c :87 :List_push) gay shit
DEBUG: (src/list.c :87 :List_push) gay shit
DEBUG: (src/list.c :87 :List_push) gay shit
DEBUG: (src/list.c :87 :List_push) gay shit
DEBUG: (src/list.c :87 :List_push) gay shit
DEBUG: (src/list.c :87 :List_push) gay shit
DEBUG: (src/list.c :87 :List_push) gay shit
DEBUG: (src/list.c :87 :List_push) gay shit
DEBUG: (src/list.c :87 :List_push) gay shit
DEBUG: (src/list.c :87 :List_push) gay shit
DEBUG: (src/list.c :87 :List_push) gay shit
DEBUG: (src/list.c :87 :List_push) gay shit
DEBUG: (src/list.c :87 :List_push) gay shit
DEBUG: (src/list.c :87 :List_push) gay shit
DEBUG: (src/list.c :87 :List_push) gay shit
DEBUG: (src/list.c :87 :List_push) gay shit
DEBUG: (src/list.c :87 :List_push) gay shit
DEBUG: (src/list.c :87 :List_push) gay shit
DEBUG: (src/list.c :87 :List_push) gay shit
DEBUG: (src/list.c :87 :List_push) gay shit
DEBUG: (src/list.c :87 :List_push) gay shit
DEBUG: (src/list.c :87 :List_push) gay shit
DEBUG: (src/list.c :87 :List_push) gay shit
DEBUG: (src/list.c :87 :List_push) gay shit
DEBUG: (src/list.c :87 :List_push) gay shit
DEBUG: (src/list.c :87 :List_push) gay shit
DEBUG: (src/list.c :87 :List_push) gay shit
DEBUG: (src/list.c :87 :List_push) gay shit
DEBUG: (src/list.c :87 :List_push) gay shit
DEBUG: (src/list.c :87 :List_push) gay shit
DEBUG: (src/list.c :87 :List_push) gay shit
DEBUG: (src/list.c :87 :List_push) gay shit
DEBUG: (src/list.c :87 :List_push) gay shit
DEBUG: (src/list.c :87 :List_push) gay shit
DEBUG: (src/list.c :87 :List_push) gay shit
DEBUG: (src/list.c :87 :List_push) gay shit
DEBUG: (src/list.c :87 :List_push) gay shit
DEBUG: (src/list.c :87 :List_push) gay shit
DEBUG: (src/list.c :87 :List_push) gay shit
DEBUG: (src/list.c :87 :List_push) gay shit
DEBUG: (src/list.c :87 :List_push) gay shit
DEBUG: (src/list.c :87 :List_push) gay shit
DEBUG: (src/list.c :87 :List_push) gay shit
DEBUG: (src/list.c :87 :List_push) gay shit
DEBUG: (src/list.c :87 :List_push) gay shit
DEBUG: (src/list.c :87 :List_push) gay shit
DEBUG: (src/list.c :87 :List_push) gay shit
DEBUG: (src/list.c :87 :List_push) gay shit
DEBUG: (src/list.c :87 :List_push) gay shit
DEBUG: (src/list.c :87 :List_push) gay shit
DEBUG: (src/list.c :87 :List_push) gay shit
DEBUG: (src/list.c :87 :List_push) gay shit
DEBUG: (src/list.c :87 :List_push) gay shit
DEBUG: (src/list.c :87 :List_push) gay shit
DEBUG: (src/list.c :87 :List_push) gay shit
DEBUG: (src/list.c :87 :List_push) gay shit
DEBUG: (src/list.c :87 :List_push) gay shit
DEBUG: (src/list.c :87 :List_push) gay shit
DEBUG: (src/list.c :87 :List_push) gay shit
DEBUG: (src/list.c :87 :List_push) gay shit
DEBUG: (src/list.c :87 :List_push) gay shit
DEBUG: (src/list.c :87 :List_push) gay shit
DEBUG: (src/list.c :87 :List_push) gay shit
DEBUG: (src/list.c :87 :List_push) gay shit
DEBUG: (src/list.c :87 :List_push) gay shit
DEBUG: (src/list.c :87 :List_push) gay shit
DEBUG: (src/list.c :87 :List_push) gay shit
DEBUG: (src/list.c :87 :List_push) gay shit
DEBUG: (src/list.c :87 :List_push) gay shit
DEBUG: (src/list.c :87 :List_push) gay shit
DEBUG: (src/list.c :87 :List_push) gay shit
DEBUG: (src/list.c :87 :List_push) gay shit
DEBUG: (src/list.c :87 :List_push) gay shit
DEBUG: (src/list.c :87 :List_push) gay shit
DEBUG: (src/list.c :87 :List_push) gay shit
DEBUG: (src/list.c :87 :List_push) gay shit
DEBUG: (src/list.c :87 :List_push) gay shit
DEBUG: (src/list.c :87 :List_push) gay shit
DEBUG: (src/list.c :87 :List_push) gay shit
DEBUG: (src/list.c :87 :List_push) gay shit
DEBUG: (src/list.c :87 :List_push) gay shit
DEBUG: (src/list.c :87 :List_push) gay shit
DEBUG: (src/list.c :87 :List_push) gay shit
DEBUG: (src/list.c :87 :List_push) gay shit
DEBUG: (src/list.c :87 :List_push) gay shit
DEBUG: (src/list.c :87 :List_push) gay shit
DEBUG: (src/list.c :87 :List_push) gay shit
DEBUG: (src/list.c :87 :List_push) gay shit
DEBUG: (src/list.c :87 :List_push) gay shit
DEBUG: (src/list.c :87 :List_push) gay shit
DEBUG: (src/list.c :87 :List_push) gay shit
DEBUG: (src/list.c :87 :List_push) gay shit
DEBUG: (src/list.c :87 :List_push) gay shit
DEBUG: (src/list.c :87 :List_push) gay shit
DEBUG: (src/list.c :87 :List_push) gay shit
DEBUG: (src/list.c :87 :List_push) gay shit
DEBUG: (src/list.c :87 :List_push) gay shit
DEBUG: (src/list.c :87 :List_push) gay shit
DEBUG: (src/list.c :87 :List_push) gay shit
DEBUG: (src/list.c :87 :List_push) gay shit
DEBUG: (src/list.c :87 :List_push) gay shit
DEBUG: (src/list.c :87 :List_push) gay shit
DEBUG: (src/list.c :87 :List_push) gay shit
DEBUG: (src/list.c :87 :List_push) gay shit
DEBUG: (src/list.c :87 :List_push) gay shit
DEBUG: (src/list.c :87 :List_push) gay shit
DEBUG: (src/list.c :87 :List_push) gay shit
DEBUG: (src/list.c :87 :List_push) gay shit
DEBUG: (src/list.c :87 :List_push) gay shit
DEBUG: (src/list.c :87 :List_push) gay shit
DEBUG: (src/list.c :87 :List_push) gay shit
DEBUG: (src/list.c :87 :List_push) gay shit
DEBUG: (src/list.c :87 :List_push) gay shit
DEBUG: (src/list.c :87 :List_push) gay shit
DEBUG: (src/list.c :87 :List_push) gay shit
DEBUG: (src/list.c :87 :List_push) gay shit
DEBUG: (src/list.c :87 :List_push) gay shit
DEBUG: (src/list.c :87 :List_push) gay shit
DEBUG: (src/list.c :87 :List_push) gay shit
DEBUG: (src/list.c :87 :List_push) gay shit
DEBUG: (src/list.c :87 :List_push) gay shit
DEBUG: (src/list.c :87 :List_push) gay shit
DEBUG: (src/list.c :87 :List_push) gay shit
DEBUG: (src/list.c :87 :List_push) gay shit
DEBUG: (src/list.c :87 :List_push) gay shit
DEBUG: (src/list.c :87 :List_push) gay shit
DEBUG: (src/list.c :87 :List_push) gay shit
DEBUG: (src/list.c :87 :List_push) gay shit
DEBUG: (src/list.c :87 :List_push) gay shit
DEBUG: (src/list.c :87 :List_push) gay shit
DEBUG: (src/list.c :87 :List_push) gay shit
DEBUG: (src/list.c :87 :List_push) gay shit
DEBUG: (src/list.c :87 :List_push) gay shit
DEBUG: (src/list.c :87 :List_push) gay shit
DEBUG: (src/list.c :87 :List_push) gay shit
DEBUG: (src/list.c :87 :List_push) gay shit
DEBUG: (src/list.c :87 :List_push) gay shit
DEBUG: (src/list.c :87 :List_push) gay shit
DEBUG: (src/list.c :87 :List_push) gay shit
DEBUG: (src/list.c :87 :List_push) gay shit
DEBUG: (src/list.c :87 :List_push) gay shit
DEBUG: (src/list.c :87 :List_push) gay shit
DEBUG: (src/list.c :87 :List_push) gay shit
DEBUG: (src/list.c :87 :List_push) gay shit
DEBUG: (src/list.c :87 :List_push) gay shit
DEBUG: (src/list.c :87 :List_push) gay shit
DEBUG: (src/list.c :87 :List_push) gay shit
DEBUG: (src/list.c :87 :List_push) gay shit
DEBUG: (src/list.c :87 :List_push) gay shit
DEBUG: (src/list.c :87 :List_push) gay shit
DEBUG: (src/list.c :87 :List_push) gay shit
DEBUG: (src/list.c :87 :List_push) gay shit
DEBUG: (src/list.c :87 :List_push) gay shit
DEBUG: (src/list.c :87 :List_push) gay shit
DEBUG: (src/list.c :87 :List_push) gay shit
DEBUG: (src/list.c :87 :List_push) gay shit
DEBUG: (src/list.c :87 :List_push) gay shit
DEBUG: (src/list.c :87 :List_push) gay shit
DEBUG: (src/list.c :87 :List_push) gay shit
DEBUG: (src/list.c :87 :List_push) gay shit
DEBUG: (src/list.c :87 :List_push) gay shit
DEBUG: (src/list.c :87 :List_push) gay shit
DEBUG: (src/list.c :87 :List_push) gay shit
DEBUG: (src/list.c :87 :List_push) gay shit
DEBUG: (src/list.c :87 :List_push) gay shit
DEBUG: (src/list.c :87 :List_push) gay shit
DEBUG: (src/list.c :87 :List_push) gay shit
DEBUG: (src/list.c :87 :List_push) gay shit
DEBUG: (src/list.c :87 :List_push) gay shit
DEBUG: (src/list.c :87 :List_push) gay shit
DEBUG: (src/list.c :87 :List_push) gay shit
DEBUG: (src/list.c :87 :List_push) gay shit
DEBUG: (src/list.c :87 :List_push) gay shit
DEBUG: (src/list.c :87 :List_push) gay shit
DEBUG: (src/list.c :87 :List_push) gay shit
DEBUG: (src/list.c :87 :List_push) gay shit
DEBUG: (src/list.c :87 :List_push) gay shit
DEBUG: (src/list.c :87 :List_push) gay shit
DEBUG: (src/list.c :87 :List_push) gay shit
DEBUG: (src/list.c :87 :List_push) gay shit
DEBUG: (src/list.c :87 :List_push) gay shit
DEBUG: (src/list.c :87 :List_push) gay shit
DEBUG: (src/list.c :87 :List_push) gay shit
DEBUG: (src/list.c :87 :List_push) gay shit
DEBUG: (src/list.c :87 :List_push) gay shit
DEBUG: (src/list.c :87 :List_push) gay shit
DEBUG: (src/list.c :87 :List_push) gay shit
DEBUG: (src/list.c :87 :List_push) gay shit
DEBUG: (src/list.c :87 :List_push) gay shit
DEBUG: (src/list.c :87 :List_push) gay shit
DEBUG: (src/list.c :87 :List_push) gay shit
DEBUG: (src/list.c :87 :List_push) gay shit
DEBUG: (src/list.c :87 :List_push) gay shit
DEBUG: (src/list.c :87 :List_push) gay shit
DEBUG: (src/list.c :87 :List_push) gay shit
DEBUG: (src/list.c :87 :List_push) gay shit
DEBUG: (src/list.c :87 :List_push) gay shit
DEBUG: (src/list.c :87 :List_push) gay shit
DEBUG: (src/list.c :87 :List_push) gay shit
DEBUG: (src/list.c :87 :List_push) gay shit
DEBUG: (src/list.c :87 :List_push) gay shit
DEBUG: (src/list.c :87 :List_push) gay shit
DEBUG: (src/list.c :87 :List_push) gay shit
DEBUG: (src/list.c :87 :List_push) gay shit
DEBUG: (src/list.c :87 :List_push) gay shit
DEBUG: (src/list.c :87 :List_push) gay shit
DEBUG: (src/list.c :87 :List_push) gay shit
DEBUG: (src/list.c :87 :List_push) gay shit
DEBUG: (src/list.c :87 :List_push) gay shit
DEBUG: (src/list.c :87 :List_push) gay shit
DEBUG: (src/list.c :87 :List_push) gay shit
DEBUG: (src/list.c :87 :List_push) gay shit
DEBUG: (src/list.c :87 :List_push) gay shit
DEBUG: (src/list.c :87 :List_push) gay shit
DEBUG: (src/list.c :87 :List_push) gay shit
DEBUG: (src/list.c :87 :List_push) gay shit
DEBUG: (src/list.c :87 :List_push) gay shit
DEBUG: (src/list.c :87 :List_push) gay shit
DEBUG: (src/list.c :87 :List_push) gay shit
DEBUG: (src/list.c :87 :List_push) gay shit
DEBUG: (src/list.c :87 :List_push) gay shit
DEBUG: (src/list.c :87 :List_push) gay shit
DEBUG: (src/list.c :87 :List_push) gay shit
DEBUG: (src/list.c :87 :List_push) gay shit
DEBUG: (src/list.c :87 :List_push) gay shit
DEBUG: (src/list.c :87 :List_push) gay shit
DEBUG: (src/list.c :87 :List_push) gay shit
DEBUG: (src/list.c :87 :List_push) gay shit
DEBUG: (src/list.c :87 :List_push) gay shit
DEBUG: (src/list.c :87 :List_push) gay shit
DEBUG: (src/list.c :87 :List_push) gay shit
DEBUG: (src/list.c :87 :List_push) gay shit
DEBUG: (src/list.c :87 :List_push) gay shit
DEBUG: (src/list.c :87 :List_push) gay shit
DEBUG: (src/list.c :87 :List_push) gay shit
DEBUG: (src/list.c :87 :List_push) gay shit
DEBUG: (src/list.c :87 :List_push) gay shit
DEBUG: (src/list.c :87 :List_push) gay shit
DEBUG: (src/list.c :87 :List_push) gay shit
DEBUG: (src/list.c :87 :List_push) gay shit
DEBUG: (src/list.c :87 :List_push) gay shit
DEBUG: (src/list.c :87 :List_push) gay shit
DEBUG: (src/list.c :87 :List_push) gay shit
DEBUG: (src/list.c :87 :List_push) gay shit
DEBUG: (src/list.c :87 :List_push) gay shit
DEBUG: (src/list.c :87 :List_push) gay shit
DEBUG: (src/list.c :87 :List_push) gay shit
DEBUG: (src/list.c :87 :List_push) gay shit
DEBUG: (src/list.c :87 :List_push) gay shit
DEBUG: (src/list.c :87 :List_push) gay shit
DEBUG: (src/list.c :87 :List_push) gay shit
DEBUG: (src/list.c :87 :List_push) gay shit
DEBUG: (src/list.c :87 :List_push) gay shit
DEBUG: (src/list.c :87 :List_push) gay shit
DEBUG: (src/list.c :87 :List_push) gay shit
DEBUG: (src/list.c :87 :List_push) gay shit
DEBUG: (src/list.c :87 :List_push) gay shit
DEBUG: (src/list.c :87 :List_push) gay shit
DEBUG: (src/list.c :87 :List_push) gay shit
DEBUG: (src/list.c :87 :List_push) gay shit
DEBUG: (src/list.c :87 :List_push) gay shit
DEBUG: (src/list.c :87 :List_push) gay shit
DEBUG: (src/list.c :87 :List_push) gay shit
DEBUG: (src/list.c :87 :List_push) gay shit
DEBUG: (src/list.c :87 :List_push) gay shit
DEBUG: (src/list.c :87 :List_push) gay shit
DEBUG: (src/list.c :87 :List_push) gay shit
DEBUG: (src/list.c :87 :List_push) gay shit
DEBUG: (src/list.c :87 :List_push) gay shit
DEBUG: (src/list.c :87 :List_push) gay shit
DEBUG: (src/list.c :87 :List_push) gay shit
DEBUG: (src/list.c :87 :List_push) gay shit
DEBUG: (src/list.c :87 :List_push) gay shit
DEBUG: (src/list.c :87 :List_push) gay shit
DEBUG: (src/list.c :87 :List_push) gay shit
DEBUG: (src/list.c :87 :List_push) gay shit
DEBUG: (src/list.c :87 :List_push) gay shit
DEBUG: (src/list.c :87 :List_push) gay shit
DEBUG: (src/list.c :87 :List_push) gay shit
DEBUG: (src/list.c :87 :List_push) gay shit
DEBUG: (src/list.c :87 :List_push) gay shit
DEBUG: (src/list.c :87 :List_push) gay shit
DEBUG: (src/list.c :87 :List_push) gay shit
DEBUG: (src/list.c :87 :List_push) gay shit
DEBUG: (src/list.c :87 :List_push) gay shit
DEBUG: (src/list.c :87 :List_push) gay shit
DEBUG: (src/list.c :87 :List_push) gay shit
DEBUG: (src/list.c :87 :List_push) gay shit
DEBUG: (src/list.c :87 :List_push) gay shit
DEBUG: (src/list.c :87 :List_push) gay shit
DEBUG: (src/list.c :87 :List_push) gay shit
DEBUG: (src/list.c :87 :List_push) gay shit
DEBUG: (src/list.c :87 :List_push) gay shit
DEBUG: (src/list.c :87 :List_push) gay shit
DEBUG: (src/list.c :87 :List_push) gay shit
DEBUG: (src/list.c :87 :List_push) gay shit
DEBUG: (src/list.c :87 :List_push) gay shit
DEBUG: (src/list.c :87 :List_push) gay shit
DEBUG: (src/list.c :87 :List_push) gay shit
DEBUG: (src/list.c :87 :List_push) gay shit
DEBUG: (src/list.c :87 :List_push) gay shit
DEBUG: (src/list.c :87 :List_push) gay shit
DEBUG: (src/list.c :87 :List_push) gay shit
DEBUG: (src/list.c :87 :List_push) gay shit
DEBUG: (src/list.c :87 :List_push) gay shit
DEBUG: (src/list.c :87 :List_push) gay shit
DEBUG: (src/list.c :87 :List_push) gay shit
DEBUG: (src/list.c :87 :List_push) gay shit
DEBUG: (src/list.c :87 :List_push) gay shit
DEBUG: (src/list.c :87 :List_push) gay shit
DEBUG: (src/list.c :87 :List_push) gay shit
DEBUG: (src/list.c :87 :List_push) gay shit
DEBUG: (src/list.c :87 :List_push) gay shit
DEBUG: (src/list.c :87 :List_push) gay shit
DEBUG: (src/list.c :87 :List_push) gay shit
DEBUG: (src/list.c :87 :List_push) gay shit
DEBUG: (src/list.c :87 :List_push) gay shit
DEBUG: (src/list.c :87 :List_push) gay shit
DEBUG: (src/list.c :87 :List_push) gay shit
DEBUG: (src/list.c :87 :List_push) gay shit
DEBUG: (src/list.c :87 :List_push) gay shit
DEBUG: (src/list.c :87 :List_push) gay shit
DEBUG: (src/list.c :87 :List_push) gay shit
DEBUG: (src/list.c :87 :List_push) gay shit
DEBUG: (src/list.c :87 :List_push) gay shit
DEBUG: (src/list.c :87 :List_push) gay shit
DEBUG: (src/list.c :87 :List_push) gay shit
DEBUG: (src/list.c :87 :List_push) gay shit
DEBUG: (src/list.c :87 :List_push) gay shit
DEBUG: (src/list.c :87 :List_push) gay shit
DEBUG: (src/list.c :87 :List_push) gay shit
DEBUG: (src/list.c :87 :List_push) gay shit
DEBUG: (src/list.c :87 :List_push) gay shit
DEBUG: (src/list.c :87 :List_push) gay shit
DEBUG: (src/list.c :87 :List_push) gay shit
DEBUG: (src/list.c :87 :List_push) gay shit
DEBUG: (src/list.c :87 :List_push) gay shit
DEBUG: (src/list.c :87 :List_push) gay shit
DEBUG: (src/list.c :87 :List_push) gay shit
DEBUG: (src/list.c :87 :List_push) gay shit
DEBUG: (src/list.c :87 :List_push) gay shit
DEBUG: (src/list.c :87 :List_push) gay shit
DEBUG: (src/list.c :87 :List_push) gay shit
DEBUG: (src/list.c :87 :List_push) gay shit
DEBUG: (src/list.c :87 :List_push) gay shit
DEBUG: (src/list.c :87 :List_push) gay shit
DEBUG: (src/list.c :87 :List_push) gay shit
DEBUG: (src/list.c :87 :List_push) gay shit
DEBUG: (src/list.c :87 :List_push) gay shit
DEBUG: (src/list.c :87 :List_push) gay shit
DEBUG: (src/list.c :87 :List_push) gay shit
DEBUG: (src/list.c :87 :List_push) gay shit
DEBUG: (src/list.c :87 :List_push) gay shit
DEBUG: (src/list.c :87 :List_push) gay shit
DEBUG: (src/list.c :87 :List_push) gay shit
DEBUG: (src/list.c :87 :List_push) gay shit
DEBUG: (src/list.c :87 :List_push) gay shit
DEBUG: (src/list.c :87 :List_push) gay shit
DEBUG: (src/list.c :87 :List_push) gay shit
DEBUG: (src/list.c :87 :List_push) gay shit
DEBUG: (src/list.c :87 :List_push) gay shit
DEBUG: (src/list.c :87 :List_push) gay shit
DEBUG: (src/list.c :87 :List_push) gay shit
DEBUG: (src/list.c :87 :List_push) gay shit
DEBUG: (src/list.c :87 :List_push) gay shit
DEBUG: (src/list.c :87 :List_push) gay shit
DEBUG: (src/list.c :87 :List_push) gay shit
DEBUG: (src/list.c :87 :List_push) gay shit
DEBUG: (src/list.c :87 :List_push) gay shit
DEBUG: (src/list.c :87 :List_push) gay shit
DEBUG: (src/list.c :87 :List_push) gay shit
DEBUG: (src/list.c :87 :List_push) gay shit
DEBUG: (src/list.c :87 :List_push) gay shit
DEBUG: (src/list.c :87 :List_push) gay shit
DEBUG: (src/list.c :87 :List_push) gay shit
DEBUG: (src/list.c :87 :List_push) gay shit
DEBUG: (src/list.c :87 :List_push) gay shit
DEBUG: (src/list.c :87 :List_push) gay shit
DEBUG: (src/list.c :87 :List_push) gay shit
DEBUG: (src/list.c :87 :List_push) gay shit
DEBUG: (src/list.c :87 :List_push) gay shit
DEBUG: (src/list.c :87 :List_push) gay shit
DEBUG: (src/list.c :87 :List_push) gay shit
DEBUG: (src/list.c :87 :List_push) gay shit
DEBUG: (src/list.c :87 :List_push) gay shit
DEBUG: (src/list.c :87 :List_push) gay shit
DEBUG: (src/list.c :87 :List_push) gay shit
DEBUG: (src/list.c :87 :List_push) gay shit
DEBUG: (src/list.c :87 :List_push) gay shit
DEBUG: (src/list.c :87 :List_push) gay shit
DEBUG: (src/list.c :87 :List_push) gay shit
DEBUG: (src/list.c :87 :List_push) gay shit
DEBUG: (src/list.c :87 :List_push) gay shit
DEBUG: (src/list.c :87 :List_push) gay shit
DEBUG: (src/list.c :87 :List_push) gay shit
DEBUG: (src/list.c :87 :List_push) gay shit
DEBUG: (src/list.c :87 :List_push) gay shit
DEBUG: (src/list.c :87 :List_push) gay shit
DEBUG: (src/list.c :87 :List_push) gay shit
DEBUG: (src/list.c :87 :List_push) gay shit
DEBUG: (src/list.c :87 :List_push) gay shit
DEBUG: (src/list.c :87 :List_push) gay shit
DEBUG: (src/list.c :87 :List_push) gay shit
DEBUG: (src/list.c :87 :List_push) gay shit
DEBUG: (src/list.c :87 :List_push) gay shit
DEBUG: (src/list.c :87 :List_push) gay shit
DEBUG: (src/list.c :87 :List_push) gay shit
DEBUG: (src/list.c :87 :List_push) gay shit
DEBUG: (src/list.c :87 :List_push) gay shit
DEBUG: (src/list.c :87 :List_push) gay shit
DEBUG: (src/list.c :87 :List_push) gay shit
DEBUG: (src/list.c :87 :List_push) gay shit
DEBUG: (src/list.c :87 :List_push) gay shit
DEBUG: (src/list.c :87 :List_push) gay shit
DEBUG: (src/list.c :87 :List_push) gay shit
DEBUG: (src/list.c :87 :List_push) gay shit
DEBUG: (src/list.c :87 :List_push) gay shit
DEBUG: (src/list.c :87 :List_push) gay shit
DEBUG: (src/list.c :87 :List_push) gay shit
DEBUG: (src/list.c :87 :List_push) gay shit
DEBUG: (src/list.c :87 :List_push) gay shit
DEBUG: (src/list.c :87 :List_push) gay shit
DEBUG: (src/list.c :87 :List_push) gay shit
DEBUG: (src/list.c :87 :List_push) gay shit
DEBUG: (src/list.c :87 :List_push) gay shit
DEBUG: (src/list.c :87 :List_push) gay shit
DEBUG: (src/list.c :87 :List_push) gay shit
DEBUG: (src/list.c :87 :List_push) gay shit
DEBUG: (src/list.c :87 :List_push) gay shit
DEBUG: (src/list.c :87 :List_push) gay shit
DEBUG: (src/list.c :87 :List_push) gay shit
DEBUG: (src/list.c :87 :List_push) gay shit
DEBUG: (src/list.c :87 :List_push) gay shit
DEBUG: (src/list.c :87 :List_push) gay shit
DEBUG: (src/list.c :87 :List_push) gay shit
DEBUG: (src/list.c :87 :List_push) gay shit
DEBUG: (src/list.c :87 :List_push) gay shit
DEBUG: (src/list.c :87 :List_push) gay shit
DEBUG: (src/list.c :87 :List_push) gay shit
DEBUG: (src/list.c :87 :List_push) gay shit
DEBUG: (src/list.c :87 :List_push) gay shit
DEBUG: (src/list.c :87 :List_push) gay shit
DEBUG: (src/list.c :87 :List_push) gay shit
DEBUG: (src/list.c :87 :List_push) gay shit
DEBUG: (src/list.c :87 :List_push) gay shit
DEBUG: (src/list.c :87 :List_push) gay shit
DEBUG: (src/list.c :87 :List_push) gay shit
DEBUG: (src/list.c :87 :List_push) gay shit
DEBUG: (src/list.c :87 :List_push) gay shit
DEBUG: (src/list.c :87 :List_push) gay shit
DEBUG: (src/list.c :87 :List_push) gay shit
DEBUG: (src/list.c :87 :List_push) gay shit
DEBUG: (src/list.c :87 :List_push) gay shit
DEBUG: (src/list.c :87 :List_push) gay shit
DEBUG: (src/list.c :87 :List_push) gay shit
DEBUG: (src/list.c :87 :List_push) gay shit
DEBUG: (src/list.c :87 :List_push) gay shit
DEBUG: (src/list.c :87 :List_push) gay shit
DEBUG: (src/list.c :87 :List_push) gay shit
DEBUG: (src/list.c :87 :List_push) gay shit
DEBUG: (src/list.c :87 :List_push) gay shit
DEBUG: (src/list.c :87 :List_push) gay shit
DEBUG: (src/list.c :87 :List_push) gay shit
DEBUG: (src/list.c :87 :List_push) gay shit
DEBUG: (src/list.c :87 :List_push) gay shit
DEBUG: (src/list.c :87 :List_push) gay shit
DEBUG: (src/list.c :87 :List_push) gay shit
DEBUG: (src/list.c :87 :List_push) gay shit
DEBUG: (src/list.c :87 :List_push) gay shit
DEBUG: (src/list.c :87 :List_push) gay shit
DEBUG: (src/list.c :87 :List_push) gay shit
DEBUG: (src/list.c :87 :List_push) gay shit
DEBUG: (src/list.c :87 :List_push) gay shit
DEBUG: (src/list.c :87 :List_push) gay shit
DEBUG: (src/list.c :87 :List_push) gay shit
DEBUG: (src/list.c :87 :List_push) gay shit
DEBUG: (src/list.c :87 :List_push) gay shit
DEBUG: (src/list.c :87 :List_push) gay shit
DEBUG: (src/list.c :87 :List_push) gay shit
DEBUG: (src/list.c :87 :List_push) gay shit
DEBUG: (src/list.c :87 :List_push) gay shit
DEBUG: (src/list.c :87 :List_push) gay shit
DEBUG: (src/list.c :87 :List_push) gay shit
DEBUG: (src/list.c :87 :List_push) gay shit
DEBUG: (src/list.c :87 :List_push) gay shit
DEBUG: (src/list.c :87 :List_push) gay shit
DEBUG: (src/list.c :87 :List_push) gay shit
DEBUG: (src/list.c :87 :List_push) gay shit
DEBUG: (src/list.c :87 :List_push) gay shit
DEBUG: (src/list.c :87 :List_push) gay shit
DEBUG: (src/list.c :87 :List_push) gay shit
DEBUG: (src/list.c :87 :List_push) gay shit
DEBUG: (src/list.c :87 :List_push) gay shit
DEBUG: (src/list.c :87 :List_push) gay shit
DEBUG: (src/list.c :87 :List_push) gay shit
DEBUG: (src/list.c :87 :List_push) gay shit
DEBUG: (src/list.c :87 :List_push) gay shit
DEBUG: (src/list.c :87 :List_push) gay shit
DEBUG: (src/list.c :87 :List_push) gay shit
DEBUG: (src/list.c :87 :List_push) gay shit
DEBUG: (src/list.c :87 :List_push) gay shit
DEBUG: (src/list.c :87 :List_push) gay shit
DEBUG: (src/list.c :87 :List_push) gay shit
DEBUG: (src/list.c :87 :List_push) gay shit
DEBUG: (src/list.c :87 :List_push) gay shit
DEBUG: (src/list.c :87 :List_push) gay shit
DEBUG: (src/list.c :87 :List_push) gay shit
DEBUG: (src/list.c :87 :List_push) gay shit
DEBUG: (src/list.c :87 :List_push) gay shit
DEBUG: (src/list.c :87 :List_push) gay shit
DEBUG: (src/list.c :87 :List_push) gay shit
DEBUG: (src/list.c :87 :List_push) gay shit
DEBUG: (src/list.c :87 :List_push) gay shit
DEBUG: (src/list.c :87 :List_push) gay shit
DEBUG: (src/list.c :87 :List_push) gay shit
DEBUG: (src/list.c :87 :List_push) gay shit
DEBUG: (src/list.c :87 :List_push) gay shit
DEBUG: (src/list.c :87 :List_push) gay shit
DEBUG: (src/list.c :87 :List_push) gay shit
DEBUG: (src/list.c :87 :List_push) gay shit
DEBUG: (src/list.c :87 :List_push) gay shit
DEBUG: (src/list.c :87 :List_push) gay shit
DEBUG: (src/list.c :87 :List_push) gay shit
DEBUG: (src/list.c :87 :List_push) gay shit
DEBUG: (src/list.c :87 :List_push) gay shit
DEBUG: (src/list.c :87 :List_push) gay shit
DEBUG: (src/list.c :87 :List_push) gay shit
DEBUG: (src/list.c :87 :List_push) gay shit
DEBUG: (src/list.c :87 :List_push) gay shit
DEBUG: (src/list.c :87 :List_push) gay shit
DEBUG: (src/list.c :87 :List_push) gay shit
DEBUG: (src/list.c :87 :List_push) gay shit
DEBUG: (src/list.c :87 :List_push) gay shit
DEBUG: (src/list.c :87 :List_push) gay shit
DEBUG: (src/list.c :87 :List_push) gay shit
DEBUG: (src/list.c :87 :List_push) gay shit
DEBUG: (src/list.c :87 :List_push) gay shit
DEBUG: (src/list.c :87 :List_push) gay shit
DEBUG: (src/list.c :87 :List_push) gay shit
DEBUG: (src/list.c :87 :List_push) gay shit
DEBUG: (src/list.c :87 :List_push) gay shit
DEBUG: (src/list.c :87 :List_push) gay shit
DEBUG: (src/list.c :87 :List_push) gay shit
DEBUG: (src/list.c :87 :List_push) gay shit
DEBUG: (src/list.c :87 :List_push) gay shit
DEBUG: (src/list.c :87 :List_push) gay shit
DEBUG: (src/list.c :87 :List_push) gay shit
DEBUG: (src/list.c :87 :List_push) gay shit
DEBUG: (src/list.c :87 :List_push) gay shit
DEBUG: (src/list.c :87 :List_push) gay shit
DEBUG: (src/list.c :87 :List_push) gay shit
DEBUG: (src/list.c :87 :List_push) gay shit
DEBUG: (src/list.c :87 :List_push) gay shit
DEBUG: (src/list.c :87 :List_push) gay shit
DEBUG: (src/list.c :87 :List_push) gay shit
DEBUG: (src/list.c :87 :List_push) gay shit
DEBUG: (src/list.c :87 :List_push) gay shit
DEBUG: (src/list.c :87 :List_push) gay shit
DEBUG: (src/list.c :87 :List_push) gay shit
DEBUG: (src/list.c :87 :List_push) gay shit
DEBUG: (src/list.c :87 :List_push) gay shit
DEBUG: (src/list.c :87 :List_push) gay shit
DEBUG: (src/list.c :87 :List_push) gay shit
DEBUG: (src/list.c :87 :List_push) gay shit
DEBUG: (src/list.c :87 :List_push) gay shit
DEBUG: (src/list.c :87 :List_push) gay shit
DEBUG: (src/list.c :87 :List_push) gay shit
DEBUG: (src/list.c :87 :List_push) gay shit
DEBUG: (src/list.c :87 :List_push) gay shit
DEBUG: (src/list.c :87 :List_push) gay shit
DEBUG: (src/list.c :87 :List_push) gay shit
DEBUG: (src/list.c :87 :List_push) gay shit
DEBUG: (src/list.c :87 :List_push) gay shit
DEBUG: (src/list.c :87 :List_push) gay shit
DEBUG: (src/list.c :87 :List_push) gay shit
DEBUG: (src/list.c :87 :List_push) gay shit
DEBUG: (src/list.c :87 :List_push) gay shit
DEBUG: (src/list.c :87 :List_push) gay shit
DEBUG: (src/list.c :87 :List_push) gay shit
DEBUG: (src/list.c :87 :List_push) gay shit
DEBUG: (src/list.c :87 :List_push) gay shit
DEBUG: (src/list.c :87 :List_push) gay shit
DEBUG: (src/list.c :87 :List_push) gay shit
DEBUG: (src/list.c :87 :List_push) gay shit
DEBUG: (src/list.c :87 :List_push) gay shit
DEBUG: (src/list.c :87 :List_push) gay shit
DEBUG: (src/list.c :87 :List_push) gay shit
DEBUG: (src/list.c :87 :List_push) gay shit
DEBUG: (src/list.c :87 :List_push) gay shit
DEBUG: (src/list.c :87 :List_push) gay shit
DEBUG: (src/list.c :87 :List_push) gay shit
DEBUG: (src/list.c :87 :List_push) gay shit
DEBUG: (src/list.c :87 :List_push) gay shit
DEBUG: (src/list.c :87 :List_push) gay shit
DEBUG: (src/list.c :87 :List_push) gay shit
DEBUG: (src/list.c :87 :List_push) gay shit
DEBUG: (src/list.c :87 :List_push) gay shit
DEBUG: (src/list.c :87 :List_push) gay shit
DEBUG: (src/list.c :87 :List_push) gay shit
DEBUG: (src/list.c :87 :List_push) gay shit
DEBUG: (src/list.c :87 :List_push) gay shit
DEBUG: (src/list.c :87 :List_push) gay shit
DEBUG: (src/list.c :87 :List_push) gay shit
DEBUG: (src/list.c :87 :List_push) gay shit
DEBUG: (src/list.c :87 :List_push) gay shit
DEBUG: (src/list.c :87 :List_push) gay shit
DEBUG: (src/list.c :87 :List_push) gay shit
DEBUG: (src/list.c :87 :List_push) gay shit
DEBUG: (src/list.c :87 :List_push) gay shit
DEBUG: (src/list.c :87 :List_push) gay shit
DEBUG: (src/list.c :87 :List_push) gay shit
DEBUG: (src/list.c :87 :List_push) gay shit
DEBUG: (src/list.c :87 :List_push) gay shit
DEBUG: (src/list.c :87 :List_push) gay shit
DEBUG: (src/list.c :87 :List_push) gay shit
DEBUG: (src/list.c :87 :List_push) gay shit
DEBUG: (src/list.c :87 :List_push) gay shit
DEBUG: (src/list.c :87 :List_push) gay shit
DEBUG: (src/list.c :87 :List_push) gay shit
DEBUG: (src/list.c :87 :List_push) gay shit
DEBUG: (src/list.c :87 :List_push) gay shit
DEBUG: (src/list.c :87 :List_push) gay shit
DEBUG: (src/list.c :87 :List_push) gay shit
DEBUG: (src/list.c :87 :List_push) gay shit
DEBUG: (src/list.c :87 :List_push) gay shit
DEBUG: (src/list.c :87 :List_push) gay shit
DEBUG: (src/list.c :87 :List_push) gay shit
DEBUG: (src/list.c :87 :List_push) gay shit
DEBUG: (src/list.c :87 :List_push) gay shit
DEBUG: (src/list.c :87 :List_push) gay shit
DEBUG: (src/list.c :87 :List_push) gay shit
DEBUG: (src/list.c :87 :List_push) gay shit
DEBUG: (src/list.c :87 :List_push) gay shit
DEBUG: (src/list.c :87 :List_push) gay shit
DEBUG: (src/list.c :87 :List_push) gay shit
DEBUG: (src/list.c :87 :List_push) gay shit
DEBUG: (src/list.c :87 :List_push) gay shit
DEBUG: (src/list.c :87 :List_push) gay shit
DEBUG: (src/list.c :87 :List_push) gay shit
DEBUG: (src/list.c :87 :List_push) gay shit
DEBUG: (src/list.c :87 :List_push) gay shit
DEBUG: (src/list.c :87 :List_push) gay shit
DEBUG: (src/list.c :87 :List_push) gay shit
DEBUG: (src/list.c :87 :List_push) gay shit
DEBUG: (src/list.c :87 :List_push) gay shit
DEBUG: (src/list.c :87 :List_push) gay shit
DEBUG: (src/list.c :87 :List_push) gay shit
DEBUG: (src/list.c :87 :List_push) gay shit
DEBUG: (src/list.c :87 :List_push) gay shit
DEBUG: (src/list.c :87 :List_push) gay shit
DEBUG: (src/list.c :87 :List_push) gay shit
DEBUG: (src/list.c :87 :List_push) gay shit
DEBUG: (src/list.c :87 :List_push) gay shit
DEBUG: (src/list.c :87 :List_push) gay shit
DEBUG: (src/list.c :87 :List_push) gay shit
DEBUG: (src/list.c :87 :List_push) gay shit
DEBUG: (src/list.c :87 :List_push) gay shit
DEBUG: (src/list.c :87 :List_push) gay shit
DEBUG: (src/list.c :87 :List_push) gay shit
DEBUG: (src/list.c :87 :List_push) gay shit
DEBUG: (src/list.c :87 :List_push) gay shit
DEBUG: (src/list.c :87 :List_push) gay shit
DEBUG: (src/list.c :87 :List_push) gay shit
DEBUG: (src/list.c :87 :List_push) gay shit
DEBUG: (src/list.c :87 :List_push) gay shit
DEBUG: (src/list.c :87 :List_push) gay shit
DEBUG: (src/list.c :87 :List_push) gay shit
DEBUG: (src/list.c :87 :List_push) gay shit
DEBUG: (src/list.c :87 :List_push) gay shit
DEBUG: (src/list.c :87 :List_push) gay shit
DEBUG: (src/list.c :87 :List_push) gay shit
DEBUG: (src/list.c :87 :List_push) gay shit
DEBUG: (src/list.c :87 :List_push) gay shit
DEBUG: (src/list.c :87 :List_push) gay shit
DEBUG: (src/list.c :87 :List_push) gay shit
DEBUG: (src/list.c :87 :List_push) gay shit
DEBUG: (src/list.c :87 :List_push) gay shit
DEBUG: (src/list.c :87 :List_push) gay shit
DEBUG: (src/list.c :87 :List_push) gay shit
DEBUG: (src/list.c :87 :List_push) gay shit
DEBUG: (src/list.c :87 :List_push) gay shit
DEBUG: (src/list.c :87 :List_push) gay shit
DEBUG: (src/list.c :87 :List_push) gay shit
DEBUG: (src/list.c :87 :List_push) gay shit
DEBUG: (src/list.c :87 :List_push) gay shit
DEBUG: (src/list.c :87 :List_push) gay shit
DEBUG: (src/list.c :87 :List_push) gay shit
DEBUG: (src/list.c :87 :List_push) gay shit
DEBUG: (src/list.c :87 :List_push) gay shit
DEBUG: (src/list.c :87 :List_push) gay shit
DEBUG: (src/list.c :87 :List_push) gay shit
DEBUG: (src/list.c :87 :List_push) gay shit
DEBUG: (src/list.c :87 :List_push) gay shit
DEBUG: (src/list.c :87 :List_push) gay shit
DEBUG: (src/list.c :87 :List_push) gay shit
DEBUG: (src/list.c :87 :List_push) gay shit
DEBUG: (src/list.c :87 :List_push) gay shit
DEBUG: (src/list.c :87 :List_push) gay shit
DEBUG: (src/list.c :87 :List_push) gay shit
DEBUG: (src/list.c :87 :List_push) gay shit
DEBUG: (src/list.c :87 :List_push) gay shit
DEBUG: (src/list.c :87 :List_push) gay shit
DEBUG: (src/list.c :87 :List_push) gay shit
DEBUG: (src/list.c :87 :List_push) gay shit
DEBUG: (src/list.c :87 :List_push) gay shit
DEBUG: (src/list.c :87 :List_push) gay shit
DEBUG: (src/list.c :87 :List_push) gay shit
DEBUG: (src/list.c :87 :List_push) gay shit
DEBUG: (src/list.c :87 :List_push) gay shit
DEBUG: (src/list.c :87 :List_push) gay shit
DEBUG: (src/list.c :87 :List_push) gay shit
DEBUG: (src/list.c :87 :List_push) gay shit
DEBUG: (src/list.c :87 :List_push) gay shit
DEBUG: (src/list.c :87 :List_push) gay shit
DEBUG: (src/list.c :87 :List_push) gay shit
DEBUG: (src/list.c :87 :List_push) gay shit
DEBUG: (src/list.c :87 :List_push) gay shit
DEBUG: (src/list.c :87 :List_push) gay shit
DEBUG: (src/list.c :87 :List_push) gay shit
DEBUG: (src/list.c :87 :List_push) gay shit
DEBUG: (src/list.c :87 :List_push) gay shit
DEBUG: (src/list.c :87 :List_push) gay shit
DEBUG: (src/list.c :87 :List_push) gay shit
DEBUG: (src/list.c :87 :List_push) gay shit
DEBUG: (src/list.c :87 :List_push) gay shit
DEBUG: (src/list.c :87 :List_push) gay shit
DEBUG: (src/list.c :87 :List_push) gay shit
DEBUG: (src/list.c :87 :List_push) gay shit
DEBUG: (src/list.c :87 :List_push) gay shit
DEBUG: (src/list.c :87 :List_push) gay shit
DEBUG: (src/list.c :87 :List_push) gay shit
DEBUG: (src/list.c :87 :List_push) gay shit
DEBUG: (src/list.c :87 :List_push) gay shit
DEBUG: (src/list.c :87 :List_push) gay shit
DEBUG: (src/list.c :87 :List_push) gay shit
DEBUG: (src/list.c :87 :List_push) gay shit
DEBUG: (src/list.c :87 :List_push) gay shit
DEBUG: (src/list.c :87 :List_push) gay shit
DEBUG: (src/list.c :87 :List_push) gay shit
DEBUG: (src/list.c :87 :List_push) gay shit
DEBUG: (src/list.c :87 :List_push) gay shit
DEBUG: (src/list.c :87 :List_push) gay shit
DEBUG: (src/list.c :87 :List_push) gay shit
DEBUG: (src/list.c :87 :List_push) gay shit
DEBUG: (src/list.c :87 :List_push) gay shit
DEBUG: (src/list.c :87 :List_push) gay shit
DEBUG: (src/list.c :87 :List_push) gay shit
DEBUG: (src/list.c :87 :List_push) gay shit
DEBUG: (src/list.c :87 :List_push) gay shit
DEBUG: (src/list.c :87 :List_push) gay shit
DEBUG: (src/list.c :87 :List_push) gay shit
DEBUG: (src/list.c :87 :List_push) gay shit
DEBUG: (src/list.c :87 :List_push) gay shit
DEBUG: (src/list.c :87 :List_push) gay shit
DEBUG: (src/list.c :87 :List_push) gay shit
DEBUG: (src/list.c :87 :List_push) gay shit
DEBUG: (src/list.c :87 :List_push) gay shit
DEBUG: (src/list.c :87 :List_push) gay shit
DEBUG: (src/list.c :87 :List_push) gay shit
DEBUG: (src/list.c :87 :List_push) gay shit
DEBUG: (src/list.c :87 :List_push) gay shit
DEBUG: (src/list.c :87 :List_push) gay shit
DEBUG: (src/list.c :87 :List_push) gay shit
DEBUG: (src/list.c :87 :List_push) gay shit
DEBUG: (src/list.c :87 :List_push) gay shit
DEBUG: (src/list.c :87 :List_push) gay shit
DEBUG: (src/list.c :87 :List_push) gay shit
DEBUG: (src/list.c :87 :List_push) gay shit
DEBUG: (src/list.c :87 :List_push) gay shit
DEBUG: (src/list.c :87 :List_push) gay shit
DEBUG: (src/list.c :87 :List_push) gay shit
DEBUG: (src/list.c :87 :List_push) gay shit
DEBUG: (src/list.c :87 :List_push) gay shit
DEBUG: (src/list.c :87 :List_push) gay shit
DEBUG: (src/list.c :87 :List_push) gay shit
DEBUG: (src/list.c :87 :List_push) gay shit
DEBUG: (src/list.c :87 :List_push) gay shit
DEBUG: (src/list.c :87 :List_push) gay shit
DEBUG: (src/list.c :87 :List_push) gay shit
DEBUG: (src/list.c :87 :List_push) gay shit
DEBUG: (src/list.c :87 :List_push) gay shit
DEBUG: (src/list.c :87 :List_push) gay shit
DEBUG: (src/list.c :87 :List_push) gay shit
DEBUG: (src/list.c :87 :List_push) gay shit
DEBUG: (src/list.c :87 :List_push) gay shit
DEBUG: (src/list.c :87 :List_push) gay shit
DEBUG: (src/list.c :87 :List_push) gay shit
DEBUG: (src/list.c :87 :List_push) gay shit
DEBUG: (src/list.c :87 :List_push) gay shit
DEBUG: (src/list.c :87 :List_push) gay shit
DEBUG: (src/list.c :87 :List_push) gay shit
DEBUG: (src/list.c :87 :List_push) gay shit
DEBUG: (src/list.c :87 :List_push) gay shit
DEBUG: (src/list.c :87 :List_push) gay shit
DEBUG: (src/list.c :87 :List_push) gay shit
DEBUG: (src/list.c :87 :List_push) gay shit
DEBUG: (src/list.c :87 :List_push) gay shit
DEBUG: (src/list.c :87 :List_push) gay shit
DEBUG: (src/list.c :87 :List_push) gay shit
DEBUG: (src/list.c :87 :List_push) gay shit
DEBUG: (src/list.c :87 :List_push) gay shit
DEBUG: (src/list.c :87 :List_push) gay shit
DEBUG: (src/list.c :87 :List_push) gay shit
DEBUG: (src/list.c :87 :List_push) gay shit
DEBUG: (src/list.c :87 :List_push) gay shit
DEBUG: (src/list.c :87 :List_push) gay shit
DEBUG: (src/list.c :87 :List_push) gay shit
DEBUG: (src/list.c :87 :List_push) gay shit
DEBUG: (src/list.c :87 :List_push) gay shit
DEBUG: (src/list.c :87 :List_push) gay shit
DEBUG: (src/list.c :87 :List_push) gay shit
DEBUG: (src/list.c :87 :List_push) gay shit
DEBUG: (src/list.c :87 :List_push) gay shit
DEBUG: (src/list.c :87 :List_push) gay shit
DEBUG: (src/list.c :87 :List_push) gay shit
DEBUG: (src/list.c :87 :List_push) gay shit
DEBUG: (src/list.c :87 :List_push) gay shit
DEBUG: (src/list.c :87 :List_push) gay shit
DEBUG: (src/list.c :87 :List_push) gay shit
DEBUG: (src/list.c :87 :List_push) gay shit
DEBUG: (src/list.c :87 :List_push) gay shit
DEBUG: (src/list.c :87 :List_push) gay shit
DEBUG: (src/list.c :87 :List_push) gay shit
DEBUG: (src/list.c :87 :List_push) gay shit
DEBUG: (src/list.c :87 :List_push) gay shit
DEBUG: (src/list.c :87 :List_push) gay shit
DEBUG: (src/list.c :87 :List_push) gay shit
DEBUG: (src/list.c :87 :List_push) gay shit
DEBUG: (src/list.c :87 :List_push) gay shit
DEBUG: (src/list.c :87 :List_push) gay shit
DEBUG: (src/list.c :87 :List_push) gay shit
DEBUG: (src/list.c :87 :List_push) gay shit
DEBUG: (src/list.c :87 :List_push) gay shit
DEBUG: (src/list.c :87 :List_push) gay shit
DEBUG: (src/list.c :87 :List_push) gay shit
DEBUG: (src/list.c :87 :List_push) gay shit
DEBUG: (src/list.c :87 :List_push) gay shit
DEBUG: (src/list.c :87 :List_push) gay shit
DEBUG: (src/list.c :87 :List_push) gay shit
DEBUG: (src/list.c :87 :List_push) gay shit
DEBUG: (src/list.c :87 :List_push) gay shit
DEBUG: (src/list.c :87 :List_push) gay shit
DEBUG: (src/list.c :87 :List_push) gay shit
DEBUG: (src/list.c :87 :List_push) gay shit
DEBUG: (src/list.c :87 :List_push) gay shit
DEBUG: (src/list.c :87 :List_push) gay shit
DEBUG: (src/list.c :87 :List_push) gay shit
DEBUG: (src/list.c :87 :List_push) gay shit
DEBUG: (src/list.c :87 :List_push) gay shit
DEBUG: (src/list.c :87 :List_push) gay shit
DEBUG: (src/list.c :87 :List_push) gay shit
DEBUG: (src/list.c :87 :List_push) gay shit
DEBUG: (src/list.c :87 :List_push) gay shit
DEBUG: (src/list.c :87 :List_push) gay shit
DEBUG: (src/list.c :87 :List_push) gay shit
DEBUG: (src/list.c :87 :List_push) gay shit
DEBUG: (src/list.c :87 :List_push) gay shit
DEBUG: (src/list.c :87 :List_push) gay shit
DEBUG: (src/list.c :87 :List_push) gay shit
DEBUG: (src/list.c :87 :List_push) gay shit
DEBUG: (src/list.c :87 :List_push) gay shit
DEBUG: (src/list.c :87 :List_push) gay shit
DEBUG: (src/list.c :87 :List_push) gay shit
DEBUG: (src/list.c :87 :List_push) gay shit
DEBUG: (src/list.c :87 :List_push) gay shit
DEBUG: (src/list.c :87 :List_push) gay shit
DEBUG: (src/list.c :87 :List_push) gay shit
DEBUG: (src/list.c :87 :List_push) gay shit
DEBUG: (src/list.c :87 :List_push) gay shit
DEBUG: (src/list.c :87 :List_push) gay shit
DEBUG: (src/list.c :87 :List_push) gay shit
DEBUG: (src/list.c :87 :List_push) gay shit
DEBUG: (src/list.c :87 :List_push) gay shit
DEBUG: (src/list.c :87 :List_push) gay shit
DEBUG: (src/list.c :87 :List_push) gay shit
DEBUG: (src/list.c :87 :List_push) gay shit
DEBUG: (src/list.c :87 :List_push) gay shit
DEBUG: (src/list.c :87 :List_push) gay shit
DEBUG: (src/list.c :87 :List_push) gay shit
DEBUG: (src/list.c :87 :List_push) gay shit
DEBUG: (src/list.c :87 :List_push) gay shit
DEBUG: (src/list.c :87 :List_push) gay shit
DEBUG: (src/list.c :87 :List_push) gay shit
DEBUG: (src/list.c :87 :List_push) gay shit
DEBUG: (src/list.c :87 :List_push) gay shit
DEBUG: (src/list.c :87 :List_push) gay shit
DEBUG: (src/list.c :87 :List_push) gay shit
DEBUG: (src/list.c :87 :List_push) gay shit
DEBUG: (src/list.c :87 :List_push) gay shit
DEBUG: (src/list.c :87 :List_push) gay shit
DEBUG: (src/list.c :87 :List_push) gay shit
DEBUG: (src/list.c :87 :List_push) gay shit
DEBUG: (src/list.c :87 :List_push) gay shit
DEBUG: (src/list.c :87 :List_push) gay shit
DEBUG: (src/list.c :87 :List_push) gay shit
DEBUG: (src/list.c :87 :List_push) gay shit
DEBUG: (src/list.c :87 :List_push) gay shit
DEBUG: (src/list.c :87 :List_push) gay shit
DEBUG: (src/list.c :87 :List_push) gay shit
DEBUG: (src/list.c :87 :List_push) gay shit
DEBUG: (src/list.c :87 :List_push) gay shit
DEBUG: (src/list.c :87 :List_push) gay shit
DEBUG: (src/list.c :87 :List_push) gay shit
DEBUG: (src/list.c :87 :List_push) gay shit
DEBUG: (src/list.c :87 :List_push) gay shit
DEBUG: (src/list.c :87 :List_push) gay shit
DEBUG: (src/list.c :87 :List_push) gay shit
DEBUG: (src/list.c :87 :List_push) gay shit
DEBUG: (src/list.c :87 :List_push) gay shit
DEBUG: (src/list.c :87 :List_push) gay shit
DEBUG: (src/list.c :87 :List_push) gay shit
DEBUG: (src/list.c :87 :List_push) gay shit
DEBUG: (src/list.c :87 :List_push) gay shit
DEBUG: (src/list.c :87 :List_push) gay shit
DEBUG: (src/list.c :87 :List_push) gay shit
DEBUG: (src/list.c :87 :List_push) gay shit
DEBUG: (src/list.c :87 :List_push) gay shit
DEBUG: (src/list.c :87 :List_push) gay shit
DEBUG: (src/list.c :87 :List_push) gay shit
DEBUG: (src/list.c :87 :List_push) gay shit
DEBUG: (src/list.c :87 :List_push) gay shit
DEBUG: (src/list.c :87 :List_push) gay shit
DEBUG: (src/list.c :87 :List_push) gay shit
DEBUG: (src/list.c :87 :List_push) gay shit
DEBUG: (src/list.c :87 :List_push) gay shit
DEBUG: (src/list.c :87 :List_push) gay shit
DEBUG: (src/list.c :87 :List_push) gay shit
DEBUG: (src/list.c :87 :List_push) gay shit
DEBUG: (src/list.c :87 :List_push) gay shit
DEBUG: (src/list.c :87 :List_push) gay shit
DEBUG: (src/list.c :87 :List_push) gay shit
DEBUG: (src/list.c :87 :List_push) gay shit
DEBUG: (src/list.c :87 :List_push) gay shit
DEBUG: (src/list.c :87 :List_push) gay shit
DEBUG: (src/list.c :87 :List_push) gay shit
DEBUG: (src/list.c :87 :List_push) gay shit
DEBUG: (src/list.c :87 :List_push) gay shit
DEBUG: (src/list.c :87 :List_push) gay shit
DEBUG: (src/list.c :87 :List_push) gay shit
DEBUG: (src/list.c :87 :List_push) gay shit
DEBUG: (src/list.c :87 :List_push) gay shit
DEBUG: (src/list.c :87 :List_push) gay shit
DEBUG: (src/list.c :87 :List_push) gay shit
DEBUG: (src/list.c :87 :List_push) gay shit
DEBUG: (src/list.c :87 :List_push) gay shit
DEBUG: (src/list.c :87 :List_push) gay shit
DEBUG: (src/list.c :87 :List_push) gay shit
DEBUG: (src/list.c :87 :List_push) gay shit
DEBUG: (src/list.c :87 :List_push) gay shit
DEBUG: (src/list.c :87 :List_push) gay shit
DEBUG: (src/list.c :87 :List_push) gay shit
DEBUG: (src/list.c :87 :List_push) gay shit
DEBUG: (src/list.c :87 :List_push) gay shit
DEBUG: (src/list.c :87 :List_push) gay shit
DEBUG: (src/list.c :87 :List_push) gay shit
DEBUG: (src/list.c :87 :List_push) gay shit
DEBUG: (src/list.c :87 :List_push) gay shit
DEBUG: (src/list.c :87 :List_push) gay shit
DEBUG: (src/list.c :87 :List_push) gay shit
DEBUG: (src/list.c :87 :List_push) gay shit
DEBUG: (src/list.c :87 :List_push) gay shit
DEBUG: (src/list.c :87 :List_push) gay shit
DEBUG: (src/list.c :87 :List_push) gay shit
DEBUG: (src/list.c :87 :List_push) gay shit
DEBUG: (src/list.c :87 :List_push) gay shit
DEBUG: (src/list.c :87 :List_push) gay shit
DEBUG: (src/list.c :87 :List_push) gay shit
DEBUG: (src/list.c :87 :List_push) gay shit
DEBUG: (src/list.c :87 :List_push) gay shit
DEBUG: (src/list.c :87 :List_push) gay shit
DEBUG: (src/list.c :87 :List_push) gay shit
DEBUG: (src/list.c :87 :List_push) gay shit
DEBUG: (src/list.c :87 :List_push) gay shit
DEBUG: (src/list.c :87 :List_push) gay shit
DEBUG: (src/list.c :87 :List_push) gay shit
DEBUG: (src/list.c :87 :List_push) gay shit
DEBUG: (src/list.c :87 :List_push) gay shit
DEBUG: (src/list.c :87 :List_push) gay shit
DEBUG: (src/list.c :87 :List_push) gay shit
DEBUG: (src/list.c :87 :List_push) gay shit
DEBUG: (src/list.c :87 :List_push) gay shit
DEBUG: (src/list.c :87 :List_push) gay shit
DEBUG: (src/list.c :87 :List_push) gay shit
DEBUG: (src/list.c :87 :List_push) gay shit
DEBUG: (src/list.c :87 :List_push) gay shit
DEBUG: (src/list.c :87 :List_push) gay shit
DEBUG: (src/list.c :87 :List_push) gay shit
DEBUG: (src/list.c :87 :List_push) gay shit
DEBUG: (src/list.c :87 :List_push) gay shit
DEBUG: (src/list.c :87 :List_push) gay shit
DEBUG: (src/list.c :87 :List_push) gay shit
DEBUG: (src/list.c :87 :List_push) gay shit
DEBUG: (src/list.c :87 :List_push) gay shit
DEBUG: (src/list.c :87 :List_push) gay shit
DEBUG: (src/list.c :87 :List_push) gay shit
DEBUG: (src/list.c :87 :List_push) gay shit
DEBUG: (src/list.c :87 :List_push) gay shit
DEBUG: (src/list.c :87 :List_push) gay shit
DEBUG: (src/list.c :87 :List_push) gay shit
DEBUG: (src/list.c :87 :List_push) gay shit
DEBUG: (src/list.c :87 :List_push) gay shit
DEBUG: (src/list.c :87 :List_push) gay shit
DEBUG: (src/list.c :87 :List_push) gay shit
DEBUG: (src/list.c :87 :List_push) gay shit
DEBUG: (src/list.c :87 :List_push) gay shit
DEBUG: (src/list.c :87 :List_push) gay shit
DEBUG: (src/list.c :87 :List_push) gay shit
DEBUG: (src/list.c :87 :List_push) gay shit
DEBUG: (src/list.c :87 :List_push) gay shit
DEBUG: (src/list.c :87 :List_push) gay shit
DEBUG: (src/list.c :87 :List_push) gay shit
DEBUG: (src/list.c :87 :List_push) gay shit
DEBUG: (src/list.c :87 :List_push) gay shit
DEBUG: (src/list.c :87 :List_push) gay shit
DEBUG: (src/list.c :87 :List_push) gay shit
DEBUG: (src/list.c :87 :List_push) gay shit
DEBUG: (src/list.c :87 :List_push) gay shit
DEBUG: (src/list.c :87 :List_push) gay shit
DEBUG: (src/list.c :87 :List_push) gay shit
DEBUG: (src/list.c :87 :List_push) gay shit
DEBUG: (src/list.c :87 :List_push) gay shit
DEBUG: (src/list.c :87 :List_push) gay shit
DEBUG: (src/list.c :87 :List_push) gay shit
DEBUG: (src/list.c :87 :List_push) gay shit
DEBUG: (src/list.c :87 :List_push) gay shit
DEBUG: (src/list.c :87 :List_push) gay shit
DEBUG: (src/list.c :87 :List_push) gay shit
DEBUG: (src/list.c :87 :List_push) gay shit
DEBUG: (src/list.c :87 :List_push) gay shit
DEBUG: (src/list.c :87 :List_push) gay shit
DEBUG: (src/list.c :87 :List_push) gay shit
DEBUG: (src/list.c :87 :List_push) gay shit
DEBUG: (src/list.c :87 :List_push) gay shit
DEBUG: (src/list.c :87 :List_push) gay shit
DEBUG: (src/list.c :87 :List_push) gay shit
DEBUG: (src/list.c :87 :List_push) gay shit
DEBUG: (src/list.c :87 :List_push) gay shit
DEBUG: (src/list.c :87 :List_push) gay shit
DEBUG: (src/list.c :87 :List_push) gay shit
DEBUG: (src/list.c :87 :List_push) gay shit
DEBUG: (src/list.c :87 :List_push) gay shit
DEBUG: (src/list.c :87 :List_push) gay shit
DEBUG: (src/list.c :87 :List_push) gay shit
DEBUG: (src/list.c :87 :List_push) gay shit
DEBUG: (src/list.c :87 :List_push) gay shit
DEBUG: (src/list.c :87 :List_push) gay shit
DEBUG: (src/list.c :87 :List_push) gay shit
DEBUG: (src/list.c :87 :List_push) gay shit
DEBUG: (src/list.c :87 :List_push) gay shit
DEBUG: (src/list.c :87 :List_push) gay shit
DEBUG: (src/list.c :87 :List_push) gay shit
DEBUG: (src/list.c :87 :List_push) gay shit
DEBUG: (src/list.c :87 :List_push) gay shit
DEBUG: (src/list.c :87 :List_push) gay shit
DEBUG: (src/list.c :87 :List_push) gay shit
DEBUG: (src/list.c :87 :List_push) gay shit
DEBUG: (src/list.c :87 :List_push) gay shit
DEBUG: (src/list.c :87 :List_push) gay shit
DEBUG: (src/list.c :87 :List_push) gay shit
DEBUG: (src/list.c :87 :List_push) gay shit
DEBUG: (src/list.c :87 :List_push) gay shit
DEBUG: (src/list.c :87 :List_push) gay shit
DEBUG: (src/list.c :87 :List_push) gay shit
DEBUG: (src/list.c :87 :List_push) gay shit
DEBUG: (src/list.c :87 :List_push) gay shit
DEBUG: (src/list.c :87 :List_push) gay shit
DEBUG: (src/list.c :87 :List_push) gay shit
DEBUG: (src/list.c :87 :List_push) gay shit
DEBUG: (src/list.c :87 :List_push) gay shit
DEBUG: (src/list.c :87 :List_push) gay shit
DEBUG: (src/list.c :87 :List_push) gay shit
DEBUG: (src/list.c :87 :List_push) gay shit
DEBUG: (src/list.c :87 :List_push) gay shit
DEBUG: (src/list.c :87 :List_push) gay shit
DEBUG: (src/list.c :87 :List_push) gay shit
DEBUG: (src/list.c :87 :List_push) gay shit
DEBUG: (src/list.c :87 :List_push) gay shit
DEBUG: (src/list.c :87 :List_push) gay shit
DEBUG: (src/list.c :87 :List_push) gay shit
DEBUG: (src/list.c :87 :List_push) gay shit
DEBUG: (src/list.c :87 :List_push) gay shit
DEBUG: (src/list.c :87 :List_push) gay shit
DEBUG: (src/list.c :87 :List_push) gay shit
DEBUG: (src/list.c :87 :List_push) gay shit
DEBUG: (src/list.c :87 :List_push) gay shit
DEBUG: (src/list.c :87 :List_push) gay shit
DEBUG: (src/list.c :87 :List_push) gay shit
DEBUG: (src/list.c :87 :List_push) gay shit
DEBUG: (src/list.c :87 :List_push) gay shit
DEBUG: (src/list.c :87 :List_push) gay shit
DEBUG: (src/list.c :87 :List_push) gay shit
DEBUG: (src/list.c :87 :List_push) gay shit
DEBUG: (src/list.c :87 :List_push) gay shit
DEBUG: (src/list.c :87 :List_push) gay shit
DEBUG: (src/list.c :87 :List_push) gay shit
DEBUG: (src/list.c :87 :List_push) gay shit
DEBUG: (src/list.c :87 :List_push) gay shit
DEBUG: (src/list.c :87 :List_push) gay shit
DEBUG: (src/list.c :87 :List_push) gay shit
DEBUG: (src/list.c :87 :List_push) gay shit
DEBUG: (src/list.c :87 :List_push) gay shit
DEBUG: (src/list.c :87 :List_push) gay shit
DEBUG: (src/list.c :87 :List_push) gay shit
DEBUG: (src/list.c :87 :List_push) gay shit
DEBUG: (src/list.c :87 :List_push) gay shit
DEBUG: (src/list.c :87 :List_push) gay shit
DEBUG: (src/list.c :87 :List_push) gay shit
DEBUG: (src/list.c :87 :List_push) gay shit
DEBUG: (src/list.c :87 :List_push) gay shit
DEBUG: (src/list.c :87 :List_push) gay shit
DEBUG: (src/list.c :87 :List_push) gay shit
DEBUG: (src/list.c :87 :List_push) gay shit
DEBUG: (src/list.c :87 :List_push) gay shit
DEBUG: (src/list.c :87 :List_push) gay shit
DEBUG: (src/list.c :87 :List_push) gay shit
DEBUG: (src/list.c :87 :List_push) gay shit
DEBUG: (src/list.c :87 :List_push) gay shit
DEBUG: (src/list.c :87 :List_push) gay shit
DEBUG: (src/list.c :87 :List_push) gay shit
DEBUG: (src/list.c :87 :List_push) gay shit
DEBUG: (src/list.c :87 :List_push) gay shit
DEBUG: (src/list.c :87 :List_push) gay shit
DEBUG: (src/list.c :87 :List_push) gay shit
DEBUG: (src/list.c :87 :List_push) gay shit
DEBUG: (src/list.c :87 :List_push) gay shit
DEBUG: (src/list.c :87 :List_push) gay shit
DEBUG: (src/list.c :87 :List_push) gay shit
DEBUG: (src/list.c :87 :List_push) gay shit
DEBUG: (src/list.c :87 :List_push) gay shit
DEBUG: (src/list.c :87 :List_push) gay shit
DEBUG: (src/list.c :87 :List_push) gay shit
DEBUG: (src/list.c :87 :List_push) gay shit
DEBUG: (src/list.c :87 :List_push) gay shit
DEBUG: (src/list.c :87 :List_push) gay shit
DEBUG: (src/list.c :87 :List_push) gay shit
DEBUG: (src/list.c :87 :List_push) gay shit
DEBUG: (src/list.c :87 :List_push) gay shit
DEBUG: (src/list.c :87 :List_push) gay shit
DEBUG: (src/list.c :87 :List_push) gay shit
DEBUG: (src/list.c :87 :List_push) gay shit
DEBUG: (src/list.c :87 :List_push) gay shit
DEBUG: (src/list.c :87 :List_push) gay shit
DEBUG: (src/list.c :87 :List_push) gay shit
DEBUG: (src/list.c :87 :List_push) gay shit
DEBUG: (src/list.c :87 :List_push) gay shit
DEBUG: (src/list.c :87 :List_push) gay shit
DEBUG: (src/list.c :87 :List_push) gay shit
DEBUG: (src/list.c :87 :List_push) gay shit
DEBUG: (src/list.c :87 :List_push) gay shit
DEBUG: (src/list.c :87 :List_push) gay shit
DEBUG: (src/list.c :87 :List_push) gay shit
DEBUG: (src/list.c :87 :List_push) gay shit
DEBUG: (src/list.c :87 :List_push) gay shit
DEBUG: (src/list.c :87 :List_push) gay shit
DEBUG: (src/list.c :87 :List_push) gay shit
DEBUG: (src/list.c :87 :List_push) gay shit
DEBUG: (src/list.c :87 :List_push) gay shit
DEBUG: (src/list.c :87 :List_push) gay shit
DEBUG: (src/list.c :87 :List_push) gay shit
DEBUG: (src/list.c :87 :List_push) gay shit
DEBUG: (src/list.c :87 :List_push) gay shit
DEBUG: (src/list.c :87 :List_push) gay shit
DEBUG: (src/list.c :87 :List_push) gay shit
DEBUG: (src/list.c :87 :List_push) gay shit
DEBUG: (src/list.c :87 :List_push) gay shit
DEBUG: (src/list.c :87 :List_push) gay shit
DEBUG: (src/list.c :87 :List_push) gay shit
DEBUG: (src/list.c :87 :List_push) gay shit
DEBUG: (src/list.c :87 :List_push) gay shit
DEBUG: (src/list.c :87 :List_push) gay shit
DEBUG: (src/list.c :87 :List_push) gay shit
DEBUG: (src/list.c :87 :List_push) gay shit
DEBUG: (src/list.c :87 :List_push) gay shit
DEBUG: (src/list.c :87 :List_push) gay shit
DEBUG: (src/list.c :87 :List_push) gay shit
DEBUG: (src/list.c :87 :List_push) gay shit
DEBUG: (src/list.c :87 :List_push) gay shit
DEBUG: (src/list.c :87 :List_push) gay shit
DEBUG: (src/list.c :87 :List_push) gay shit
DEBUG: (src/list.c :87 :List_push) gay shit
DEBUG: (src/list.c :87 :List_push) gay shit
DEBUG: (src/list.c :87 :List_push) gay shit
DEBUG: (src/list.c :87 :List_push) gay shit
DEBUG: (src/list.c :87 :List_push) gay shit
DEBUG: (src/list.c :87 :List_push) gay shit
DEBUG: (src/list.c :87 :List_push) gay shit
DEBUG: (src/list.c :87 :List_push) gay shit
DEBUG: (src/list.c :87 :List_push) gay shit
DEBUG: (src/list.c :87 :List_push) gay shit
DEBUG: (src/list.c :87 :List_push) gay shit
DEBUG: (src/list.c :87 :List_push) gay shit
DEBUG: (src/list.c :87 :List_push) gay shit
DEBUG: (src/list.c :87 :List_push) gay shit
DEBUG: (src/list.c :87 :List_push) gay shit
DEBUG: (src/list.c :87 :List_push) gay shit
DEBUG: (src/list.c :87 :List_push) gay shit
DEBUG: (src/list.c :87 :List_push) gay shit
DEBUG: (src/list.c :87 :List_push) gay shit
DEBUG: (src/list.c :87 :List_push) gay shit
DEBUG: (src/list.c :87 :List_push) gay shit
DEBUG: (src/list.c :87 :List_push) gay shit
DEBUG: (src/list.c :87 :List_push) gay shit
DEBUG: (src/list.c :87 :List_push) gay shit
DEBUG: (src/list.c :87 :List_push) gay shit
DEBUG: (src/list.c :87 :List_push) gay shit
DEBUG: (src/list.c :87 :List_push) gay shit
DEBUG: (src/list.c :87 :List_push) gay shit
DEBUG: (src/list.c :87 :List_push) gay shit
DEBUG: (src/list.c :87 :List_push) gay shit
DEBUG: (src/list.c :87 :List_push) gay shit
DEBUG: (src/list.c :87 :List_push) gay shit
DEBUG: (src/list.c :87 :List_push) gay shit
DEBUG: (src/list.c :87 :List_push) gay shit
DEBUG: (src/list.c :87 :List_push) gay shit
DEBUG: (src/list.c :87 :List_push) gay shit
DEBUG: (src/list.c :87 :List_push) gay shit
DEBUG: (src/list.c :87 :List_push) gay shit
DEBUG: (src/list.c :87 :List_push) gay shit
DEBUG: (src/list.c :87 :List_push) gay shit
DEBUG: (src/list.c :87 :List_push) gay shit
DEBUG: (src/list.c :87 :List_push) gay shit
DEBUG: (src/list.c :87 :List_push) gay shit
DEBUG: (src/list.c :87 :List_push) gay shit
DEBUG: (src/list.c :87 :List_push) gay shit
DEBUG: (src/list.c :87 :List_push) gay shit
DEBUG: (src/list.c :87 :List_push) gay shit
DEBUG: (src/list.c :87 :List_push) gay shit
DEBUG: (src/list.c :87 :List_push) gay shit
DEBUG: (src/list.c :87 :List_push) gay shit
DEBUG: (src/list.c :87 :List_push) gay shit
DEBUG: (src/list.c :87 :List_push) gay shit
DEBUG: (src/list.c :87 :List_push) gay shit
DEBUG: (src/list.c :87 :List_push) gay shit
DEBUG: (src/list.c :87 :List_push) gay shit
DEBUG: (src/list.c :87 :List_push) gay shit
DEBUG: (src/list.c :87 :List_push) gay shit
DEBUG: (src/list.c :87 :List_push) gay shit
DEBUG: (src/list.c :87 :List_push) gay shit
DEBUG: (src/list.c :87 :List_push) gay shit
DEBUG: (src/list.c :87 :List_push) gay shit
DEBUG: (src/list.c :87 :List_push) gay shit
DEBUG: (src/list.c :87 :List_push) gay shit
DEBUG: (src/list.c :87 :List_push) gay shit
DEBUG: (src/list.c :87 :List_push) gay shit
DEBUG: (src/list.c :87 :List_push) gay shit
DEBUG: (src/list.c :87 :List_push) gay shit
DEBUG: (src/list.c :87 :List_push) gay shit
DEBUG: (src/list.c :87 :List_push) gay shit
DEBUG: (src/list.c :87 :List_push) gay shit
DEBUG: (src/list.c :87 :List_push) gay shit
DEBUG: (src/list.c :87 :List_push) gay shit
DEBUG: (src/list.c :87 :List_push) gay shit
DEBUG: (src/list.c :87 :List_push) gay shit
DEBUG: (src/list.c :87 :List_push) gay shit
DEBUG: (src/list.c :87 :List_push) gay shit
DEBUG: (src/list.c :87 :List_push) gay shit
DEBUG: (src/list.c :87 :List_push) gay shit
DEBUG: (src/list.c :87 :List_push) gay shit
DEBUG: (src/list.c :87 :List_push) gay shit
DEBUG: (src/list.c :87 :List_push) gay shit
DEBUG: (src/list.c :87 :List_push) gay shit
DEBUG: (src/list.c :87 :List_push) gay shit
DEBUG: (src/list.c :87 :List_push) gay shit
DEBUG: (src/list.c :87 :List_push) gay shit
DEBUG: (src/list.c :87 :List_push) gay shit
DEBUG: (src/list.c :87 :List_push) gay shit
DEBUG: (src/list.c :87 :List_push) gay shit
DEBUG: (src/list.c :87 :List_push) gay shit
DEBUG: (src/list.c :87 :List_push) gay shit
DEBUG: (src/list.c :87 :List_push) gay shit
DEBUG: (src/list.c :87 :List_push) gay shit
DEBUG: (src/list.c :87 :List_push) gay shit
DEBUG: (src/list.c :87 :List_push) gay shit
DEBUG: (src/list.c :87 :List_push) gay shit
DEBUG: (src/list.c :87 :List_push) gay shit
DEBUG: (src/list.c :87 :List_push) gay shit
DEBUG: (src/list.c :87 :List_push) gay shit
DEBUG: (src/list.c :87 :List_push) gay shit
DEBUG: (src/list.c :87 :List_push) gay shit
DEBUG: (src/list.c :87 :List_push) gay shit
DEBUG: (src/list.c :87 :List_push) gay shit
DEBUG: (src/list.c :87 :List_push) gay shit
DEBUG: (src/list.c :87 :List_push) gay shit
DEBUG: (src/list.c :87 :List_push) gay shit
DEBUG: (src/list.c :87 :List_push) gay shit
DEBUG: (src/list.c :87 :List_push) gay shit
DEBUG: (src/list.c :87 :List_push) gay shit
DEBUG: (src/list.c :87 :List_push) gay shit
DEBUG: (src/list.c :87 :List_push) gay shit
DEBUG: (src/list.c :87 :List_push) gay shit
DEBUG: (src/list.c :87 :List_push) gay shit
DEBUG: (src/list.c :87 :List_push) gay shit
DEBUG: (src/list.c :87 :List_push) gay shit
DEBUG: (src/list.c :87 :List_push) gay shit
DEBUG: (src/list.c :87 :List_push) gay shit
DEBUG: (src/list.c :87 :List_push) gay shit
DEBUG: (src/list.c :87 :List_push) gay shit
DEBUG: (src/list.c :87 :List_push) gay shit
DEBUG: (src/list.c :87 :List_push) gay shit
DEBUG: (src/list.c :87 :List_push) gay shit
DEBUG: (src/list.c :87 :List_push) gay shit
DEBUG: (src/list.c :87 :List_push) gay shit
DEBUG: (src/list.c :87 :List_push) gay shit
DEBUG: (src/list.c :87 :List_push) gay shit
DEBUG: (src/list.c :87 :List_push) gay shit
DEBUG: (src/list.c :87 :List_push) gay shit
DEBUG: (src/list.c :87 :List_push) gay shit
DEBUG: (src/list.c :87 :List_push) gay shit
DEBUG: (src/list.c :87 :List_push) gay shit
DEBUG: (src/list.c :87 :List_push) gay shit
DEBUG: (src/list.c :87 :List_push) gay shit
DEBUG: (src/list.c :87 :List_push) gay shit
DEBUG: (src/list.c :87 :List_push) gay shit
DEBUG: (src/list.c :87 :List_push) gay shit
DEBUG: (src/list.c :87 :List_push) gay shit
DEBUG: (src/list.c :87 :List_push) gay shit
DEBUG: (src/list.c :87 :List_push) gay shit
DEBUG: (src/list.c :87 :List_push) gay shit
DEBUG: (src/list.c :87 :List_push) gay shit
DEBUG: (src/list.c :87 :List_push) gay shit
DEBUG: (src/list.c :87 :List_push) gay shit
DEBUG: (src/list.c :87 :List_push) gay shit
DEBUG: (src/list.c :87 :List_push) gay shit
DEBUG: (src/list.c :87 :List_push) gay shit
DEBUG: (src/list.c :87 :List_push) gay shit
DEBUG: (src/list.c :87 :List_push) gay shit
DEBUG: (src/list.c :87 :List_push) gay shit
DEBUG: (src/list.c :87 :List_push) gay shit
DEBUG: (src/list.c :87 :List_push) gay shit
DEBUG: (src/list.c :87 :List_push) gay shit
DEBUG: (src/list.c :87 :List_push) gay shit
DEBUG: (src/list.c :87 :List_push) gay shit
DEBUG: (src/list.c :87 :List_push) gay shit
DEBUG: (src/list.c :87 :List_push) gay shit
DEBUG: (src/list.c :87 :List_push) gay shit
DEBUG: (src/list.c :87 :List_push) gay shit
DEBUG: (src/list.c :87 :List_push) gay shit
DEBUG: (src/list.c :87 :List_push) gay shit
DEBUG: (src/list.c :87 :List_push) gay shit
DEBUG: (src/list.c :87 :List_push) gay shit
DEBUG: (src/list.c :87 :List_push) gay shit
DEBUG: (src/list.c :87 :List_push) gay shit
DEBUG: (src/list.c :87 :List_push) gay shit
DEBUG: (src/list.c :87 :List_push) gay shit
DEBUG: (src/list.c :87 :List_push) gay shit
DEBUG: (src/list.c :87 :List_push) gay shit
DEBUG: (src/list.c :87 :List_push) gay shit
DEBUG: (src/list.c :87 :List_push) gay shit
DEBUG: (src/list.c :87 :List_push) gay shit
DEBUG: (src/list.c :87 :List_push) gay shit
DEBUG: (src/list.c :87 :List_push) gay shit
DEBUG: (src/list.c :87 :List_push) gay shit
DEBUG: (src/list.c :87 :List_push) gay shit
DEBUG: (src/list.c :87 :List_push) gay shit
DEBUG: (src/list.c :87 :List_push) gay shit
DEBUG: (src/list.c :87 :List_push) gay shit
DEBUG: (src/list.c :87 :List_push) gay shit
DEBUG: (src/list.c :87 :List_push) gay shit
DEBUG: (src/list.c :87 :List_push) gay shit
DEBUG: (src/list.c :87 :List_push) gay shit
DEBUG: (src/list.c :87 :List_push) gay shit
DEBUG: (src/list.c :87 :List_push) gay shit
DEBUG: (src/list.c :87 :List_push) gay shit
DEBUG: (src/list.c :87 :List_push) gay shit
DEBUG: (src/list.c :87 :List_push) gay shit
DEBUG: (src/list.c :87 :List_push) gay shit
DEBUG: (src/list.c :87 :List_push) gay shit
DEBUG: (src/list.c :87 :List_push) gay shit
DEBUG: (src/list.c :87 :List_push) gay shit
DEBUG: (src/list.c :87 :List_push) gay shit
DEBUG: (src/list.c :87 :List_push) gay shit
DEBUG: (src/list.c :87 :List_push) gay shit
DEBUG: (src/list.c :87 :List_push) gay shit
DEBUG: (src/list.c :87 :List_push) gay shit
DEBUG: (src/list.c :87 :List_push) gay shit
DEBUG: (src/list.c :87 :List_push) gay shit
DEBUG: (src/list.c :87 :List_push) gay shit
DEBUG: (src/list.c :87 :List_push) gay shit
DEBUG: (src/list.c :87 :List_push) gay shit
DEBUG: (src/list.c :87 :List_push) gay shit
DEBUG: (src/list.c :87 :List_push) gay shit
DEBUG: (src/list.c :87 :List_push) gay shit
DEBUG: (src/list.c :87 :List_push) gay shit
DEBUG: (src/list.c :87 :List_push) gay shit
DEBUG: (src/list.c :87 :List_push) gay shit
DEBUG: (src/list.c :87 :List_push) gay shit
DEBUG: (src/list.c :87 :List_push) gay shit
DEBUG: (src/list.c :87 :List_push) gay shit
DEBUG: (src/list.c :87 :List_push) gay shit
DEBUG: (src/list.c :87 :List_push) gay shit
DEBUG: (src/list.c :87 :List_push) gay shit
DEBUG: (src/list.c :87 :List_push) gay shit
DEBUG: (src/list.c :87 :List_push) gay shit
DEBUG: (src/list.c :87 :List_push) gay shit
DEBUG: (src/list.c :87 :List_push) gay shit
DEBUG: (src/list.c :87 :List_push) gay shit
DEBUG: (src/list.c :87 :List_push) gay shit
DEBUG: (src/list.c :87 :List_push) gay shit
DEBUG: (src/list.c :87 :List_push) gay shit
DEBUG: (src/list.c :87 :List_push) gay shit
DEBUG: (src/list.c :87 :List_push) gay shit
DEBUG: (src/list.c :87 :List_push) gay shit
DEBUG: (src/list.c :87 :List_push) gay shit
DEBUG: (src/list.c :87 :List_push) gay shit
DEBUG: (src/list.c :87 :List_push) gay shit
DEBUG: (src/list.c :87 :List_push) gay shit
DEBUG: (src/list.c :87 :List_push) gay shit
DEBUG: (src/list.c :87 :List_push) gay shit
DEBUG: (src/list.c :87 :List_push) gay shit
DEBUG: (src/list.c :87 :List_push) gay shit
DEBUG: (src/list.c :87 :List_push) gay shit
DEBUG: (src/list.c :87 :List_push) gay shit
DEBUG: (src/list.c :87 :List_push) gay shit
DEBUG: (src/list.c :87 :List_push) gay shit
DEBUG: (src/list.c :87 :List_push) gay shit
DEBUG: (src/list.c :87 :List_push) gay shit
DEBUG: (src/list.c :87 :List_push) gay shit
DEBUG: (src/list.c :87 :List_push) gay shit
DEBUG: (src/list.c :87 :List_push) gay shit
DEBUG: (src/list.c :87 :List_push) gay shit
DEBUG: (src/list.c :87 :List_push) gay shit
DEBUG: (src/list.c :87 :List_push) gay shit
DEBUG: (src/list.c :87 :List_push) gay shit
DEBUG: (src/list.c :87 :List_push) gay shit
DEBUG: (src/list.c :87 :List_push) gay shit
DEBUG: (src/list.c :87 :List_push) gay shit
DEBUG: (src/list.c :87 :List_push) gay shit
DEBUG: (src/list.c :87 :List_push) gay shit
DEBUG: (src/list.c :87 :List_push) gay shit
DEBUG: (src/list.c :87 :List_push) gay shit
DEBUG: (src/list.c :87 :List_push) gay shit
DEBUG: (src/list.c :87 :List_push) gay shit
DEBUG: (src/list.c :87 :List_push) gay shit
DEBUG: (src/list.c :87 :List_push) gay shit
DEBUG: (src/list.c :87 :List_push) gay shit
DEBUG: (src/list.c :87 :List_push) gay shit
DEBUG: (src/list.c :87 :List_push) gay shit
DEBUG: (src/list.c :87 :List_push) gay shit
DEBUG: (src/list.c :87 :List_push) gay shit
DEBUG: (src/list.c :87 :List_push) gay shit
DEBUG: (src/list.c :87 :List_push) gay shit
DEBUG: (src/list.c :87 :List_push) gay shit
DEBUG: (src/list.c :87 :List_push) gay shit
DEBUG: (src/list.c :87 :List_push) gay shit
DEBUG: (src/list.c :87 :List_push) gay shit
DEBUG: (src/list.c :87 :List_push) gay shit
DEBUG: (src/list.c :87 :List_push) gay shit
DEBUG: (src/list.c :87 :List_push) gay shit
DEBUG: (src/list.c :87 :List_push) gay shit
DEBUG: (src/list.c :87 :List_push) gay shit
DEBUG: (src/list.c :87 :List_push) gay shit
DEBUG: (src/list.c :87 :List_push) gay shit
DEBUG: (src/list.c :87 :List_push) gay shit
DEBUG: (src/list.c :87 :List_push) gay shit
DEBUG: (src/list.c :87 :List_push) gay shit
DEBUG: (src/list.c :87 :List_push) gay shit
DEBUG: (src/list.c :87 :List_push) gay shit
DEBUG: (src/list.c :87 :List_push) gay shit
DEBUG: (src/list.c :87 :List_push) gay shit
DEBUG: (src/list.c :87 :List_push) gay shit
DEBUG: (src/list.c :87 :List_push) gay shit
DEBUG: (src/list.c :87 :List_push) gay shit
DEBUG: (src/list.c :87 :List_push) gay shit
DEBUG: (src/list.c :87 :List_push) gay shit
DEBUG: (src/list.c :87 :List_push) gay shit
DEBUG: (src/list.c :87 :List_push) gay shit
DEBUG: (src/list.c :87 :List_push) gay shit
DEBUG: (src/list.c :87 :List_push) gay shit
DEBUG: (src/list.c :87 :List_push) gay shit
DEBUG: (src/list.c :87 :List_push) gay shit
DEBUG: (src/list.c :87 :List_push) gay shit
DEBUG: (src/list.c :87 :List_push) gay shit
DEBUG: (src/list.c :87 :List_push) gay shit
DEBUG: (src/list.c :87 :List_push) gay shit
DEBUG: (src/list.c :87 :List_push) gay shit
DEBUG: (src/list.c :87 :List_push) gay shit
DEBUG: (src/list.c :87 :List_push) gay shit
DEBUG: (src/list.c :87 :List_push) gay shit
DEBUG: (src/list.c :87 :List_push) gay shit
DEBUG: (src/list.c :87 :List_push) gay shit
DEBUG: (src/list.c :87 :List_push) gay shit
DEBUG: (src/list.c :87 :List_push) gay shit
DEBUG: (src/list.c :87 :List_push) gay shit
DEBUG: (src/list.c :87 :List_push) gay shit
DEBUG: (src/list.c :87 :List_push) gay shit
DEBUG: (src/list.c :87 :List_push) gay shit
DEBUG: (src/list.c :87 :List_push) gay shit
DEBUG: (src/list.c :87 :List_push) gay shit
DEBUG: (src/list.c :87 :List_push) gay shit
DEBUG: (src/list.c :87 :List_push) gay shit
DEBUG: (src/list.c :87 :List_push) gay shit
DEBUG: (src/list.c :87 :List_push) gay shit
DEBUG: (src/list.c :87 :List_push) gay shit
DEBUG: (src/list.c :87 :List_push) gay shit
DEBUG: (src/list.c :87 :List_push) gay shit
DEBUG: (src/list.c :87 :List_push) gay shit
DEBUG: (src/list.c :87 :List_push) gay shit
DEBUG: (src/list.c :87 :List_push) gay shit
DEBUG: (src/list.c :87 :List_push) gay shit
DEBUG: (src/list.c :87 :List_push) gay shit
DEBUG: (src/list.c :87 :List_push) gay shit
DEBUG: (src/list.c :87 :List_push) gay shit
DEBUG: (src/list.c :87 :List_push) gay shit
DEBUG: (src/list.c :87 :List_push) gay shit
DEBUG: (src/list.c :87 :List_push) gay shit
DEBUG: (src/list.c :87 :List_push) gay shit
DEBUG: (src/list.c :87 :List_push) gay shit
DEBUG: (src/list.c :87 :List_push) gay shit
DEBUG: (src/list.c :87 :List_push) gay shit
DEBUG: (src/list.c :87 :List_push) gay shit
DEBUG: (src/list.c :87 :List_push) gay shit
DEBUG: (src/list.c :87 :List_push) gay shit
DEBUG: (src/list.c :87 :List_push) gay shit
DEBUG: (src/list.c :87 :List_push) gay shit
DEBUG: (src/list.c :87 :List_push) gay shit
DEBUG: (src/list.c :87 :List_push) gay shit
DEBUG: (src/list.c :87 :List_push) gay shit
DEBUG: (src/list.c :87 :List_push) gay shit
DEBUG: (src/list.c :87 :List_push) gay shit
DEBUG: (src/list.c :87 :List_push) gay shit
DEBUG: (src/list.c :87 :List_push) gay shit
DEBUG: (src/list.c :87 :List_push) gay shit
DEBUG: (src/list.c :87 :List_push) gay shit
DEBUG: (src/list.c :87 :List_push) gay shit
DEBUG: (src/list.c :87 :List_push) gay shit
DEBUG: (src/list.c :87 :List_push) gay shit
DEBUG: (src/list.c :87 :List_push) gay shit
DEBUG: (src/list.c :87 :List_push) gay shit
DEBUG: (src/list.c :87 :List_push) gay shit
DEBUG: (src/list.c :87 :List_push) gay shit
DEBUG: (src/list.c :87 :List_push) gay shit
DEBUG: (src/list.c :87 :List_push) gay shit
DEBUG: (src/list.c :87 :List_push) gay shit
DEBUG: (src/list.c :87 :List_push) gay shit
DEBUG: (src/list.c :87 :List_push) gay shit
DEBUG: (src/list.c :87 :List_push) gay shit
DEBUG: (src/list.c :87 :List_push) gay shit
DEBUG: (src/list.c :87 :List_push) gay shit
DEBUG: (src/list.c :87 :List_push) gay shit
DEBUG: (src/list.c :87 :List_push) gay shit
DEBUG: (src/list.c :87 :List_push) gay shit
DEBUG: (src/list.c :87 :List_push) gay shit
DEBUG: (src/list.c :87 :List_push) gay shit
DEBUG: (src/list.c :87 :List_push) gay shit
DEBUG: (src/list.c :87 :List_push) gay shit
DEBUG: (src/list.c :87 :List_push) gay shit
DEBUG: (src/list.c :87 :List_push) gay shit
DEBUG: (src/list.c :87 :List_push) gay shit
DEBUG: (src/list.c :87 :List_push) gay shit
DEBUG: (src/list.c :87 :List_push) gay shit
DEBUG: (src/list.c :87 :List_push) gay shit
DEBUG: (src/list.c :87 :List_push) gay shit
DEBUG: (src/list.c :87 :List_push) gay shit
DEBUG: (src/list.c :87 :List_push) gay shit
DEBUG: (src/list.c :87 :List_push) gay shit
DEBUG: (src/list.c :87 :List_push) gay shit
DEBUG: (src/list.c :87 :List_push) gay shit
DEBUG: (src/list.c :87 :List_push) gay shit
DEBUG: (src/list.c :87 :List_push) gay shit
DEBUG: (src/list.c :87 :List_push) gay shit
DEBUG: (src/list.c :87 :List_push) gay shit
DEBUG: (src/list.c :87 :List_push) gay shit
DEBUG: (src/list.c :87 :List_push) gay shit
DEBUG: (src/list.c :87 :List_push) gay shit
DEBUG: (src/list.c :87 :List_push) gay shit
DEBUG: (src/list.c :87 :List_push) gay shit
DEBUG: (src/list.c :87 :List_push) gay shit
DEBUG: (src/list.c :87 :List_push) gay shit
DEBUG: (src/list.c :87 :List_push) gay shit
DEBUG: (src/list.c :87 :List_push) gay shit
DEBUG: (src/list.c :87 :List_push) gay shit
DEBUG: (src/list.c :87 :List_push) gay shit
DEBUG: (src/list.c :87 :List_push) gay shit
DEBUG: (src/list.c :87 :List_push) gay shit
DEBUG: (src/list.c :87 :List_push) gay shit
DEBUG: (src/list.c :87 :List_push) gay shit
DEBUG: (src/list.c :87 :List_push) gay shit
DEBUG: (src/list.c :87 :List_push) gay shit
DEBUG: (src/list.c :87 :List_push) gay shit
DEBUG: (src/list.c :87 :List_push) gay shit
DEBUG: (src/list.c :87 :List_push) gay shit
DEBUG: (src/list.c :87 :List_push) gay shit
DEBUG: (src/list.c :87 :List_push) gay shit
DEBUG: (src/list.c :87 :List_push) gay shit
DEBUG: (src/list.c :87 :List_push) gay shit
DEBUG: (src/list.c :87 :List_push) gay shit
DEBUG: (src/list.c :87 :List_push) gay shit
DEBUG: (src/list.c :87 :List_push) gay shit
DEBUG: (src/list.c :87 :List_push) gay shit
DEBUG: (src/list.c :87 :List_push) gay shit
DEBUG: (src/list.c :87 :List_push) gay shit
DEBUG: (src/list.c :87 :List_push) gay shit
DEBUG: (src/list.c :87 :List_push) gay shit
DEBUG: (src/list.c :87 :List_push) gay shit
DEBUG: (src/list.c :87 :List_push) gay shit
DEBUG: (src/list.c :87 :List_push) gay shit
DEBUG: (src/list.c :87 :List_push) gay shit
DEBUG: (src/list.c :87 :List_push) gay shit
DEBUG: (src/list.c :87 :List_push) gay shit
DEBUG: (src/list.c :87 :List_push) gay shit
DEBUG: (src/list.c :87 :List_push) gay shit
DEBUG: (src/list.c :87 :List_push) gay shit
DEBUG: (src/list.c :87 :List_push) gay shit
DEBUG: (src/list.c :87 :List_push) gay shit
DEBUG: (src/list.c :87 :List_push) gay shit
DEBUG: (src/list.c :87 :List_push) gay shit
DEBUG: (src/list.c :87 :List_push) gay shit
DEBUG: (src/list.c :87 :List_push) gay shit
DEBUG: (src/list.c :87 :List_push) gay shit
DEBUG: (src/list.c :87 :List_push) gay shit
DEBUG: (src/list.c :87 :List_push) gay shit
DEBUG: (src/list.c :87 :List_push) gay shit
DEBUG: (src/list.c :87 :List_push) gay shit
DEBUG: (src/list.c :87 :List_push) gay shit
DEBUG: (src/list.c :87 :List_push) gay shit
DEBUG: (src/list.c :87 :List_push) gay shit
DEBUG: (src/list.c :87 :List_push) gay shit
DEBUG: (src/list.c :87 :List_push) gay shit
DEBUG: (src/list.c :87 :List_push) gay shit
DEBUG: (src/list.c :87 :List_push) gay shit
DEBUG: (src/list.c :87 :List_push) gay shit
DEBUG: (src/list.c :87 :List_push) gay shit
DEBUG: (src/list.c :87 :List_push) gay shit
DEBUG: (src/list.c :87 :List_push) gay shit
DEBUG: (src/list.c :87 :List_push) gay shit
DEBUG: (src/list.c :87 :List_push) gay shit
DEBUG: (src/list.c :87 :List_push) gay shit
DEBUG: (src/list.c :87 :List_push) gay shit
DEBUG: (src/list.c :87 :List_push) gay shit
DEBUG: (src/list.c :87 :List_push) gay shit
DEBUG: (src/list.c :87 :List_push) gay shit
DEBUG: (src/list.c :87 :List_push) gay shit
DEBUG: (src/list.c :87 :List_push) gay shit
DEBUG: (src/list.c :87 :List_push) gay shit
DEBUG: (src/list.c :87 :List_push) gay shit
DEBUG: (src/list.c :87 :List_push) gay shit
DEBUG: (src/list.c :87 :List_push) gay shit
DEBUG: (src/list.c :87 :List_push) gay shit
DEBUG: (src/list.c :87 :List_push) gay shit
DEBUG: (src/list.c :87 :List_push) gay shit
DEBUG: (src/list.c :87 :List_push) gay shit
DEBUG: (src/list.c :87 :List_push) gay shit
DEBUG: (src/list.c :87 :List_push) gay shit
DEBUG: (src/list.c :87 :List_push) gay shit
DEBUG: (src/list.c :87 :List_push) gay shit
DEBUG: (src/list.c :87 :List_push) gay shit
DEBUG: (src/list.c :87 :List_push) gay shit
DEBUG: (src/list.c :87 :List_push) gay shit
DEBUG: (src/list.c :87 :List_push) gay shit
DEBUG: (src/list.c :87 :List_push) gay shit
DEBUG: (src/list.c :87 :List_push) gay shit
DEBUG: (src/list.c :87 :List_push) gay shit
DEBUG: (src/list.c :87 :List_push) gay shit
DEBUG: (src/list.c :87 :List_push) gay shit
DEBUG: (src/list.c :87 :List_push) gay shit
DEBUG: (src/list.c :87 :List_push) gay shit
DEBUG: (src/list.c :87 :List_push) gay shit
DEBUG: (src/list.c :87 :List_push) gay shit
DEBUG: (src/list.c :87 :List_push) gay shit
DEBUG: (src/list.c :87 :List_push) gay shit
DEBUG: (src/list.c :87 :List_push) gay shit
DEBUG: (src/list.c :87 :List_push) gay shit
DEBUG: (src/list.c :87 :List_push) gay shit
DEBUG: (src/list.c :87 :List_push) gay shit
DEBUG: (src/list.c :87 :List_push) gay shit
DEBUG: (src/list.c :87 :List_push) gay shit
DEBUG: (src/list.c :87 :List_push) gay shit
DEBUG: (src/list.c :87 :List_push) gay shit
DEBUG: (src/list.c :87 :List_push) gay shit
DEBUG: (src/list.c :87 :List_push) gay shit
DEBUG: (src/list.c :87 :List_push) gay shit
DEBUG: (src/list.c :87 :List_push) gay shit
DEBUG: (src/list.c :87 :List_push) gay shit
DEBUG: (src/list.c :87 :List_push) gay shit
DEBUG: (src/list.c :87 :List_push) gay shit
DEBUG: (src/list.c :87 :List_push) gay shit
DEBUG: (src/list.c :87 :List_push) gay shit
DEBUG: (src/list.c :87 :List_push) gay shit
DEBUG: (src/list.c :87 :List_push) gay shit
DEBUG: (src/list.c :87 :List_push) gay shit
DEBUG: (src/list.c :87 :List_push) gay shit
DEBUG: (src/list.c :87 :List_push) gay shit
DEBUG: (src/list.c :87 :List_push) gay shit
DEBUG: (src/list.c :87 :List_push) gay shit
DEBUG: (src/list.c :87 :List_push) gay shit
DEBUG: (src/list.c :87 :List_push) gay shit
DEBUG: (src/list.c :87 :List_push) gay shit
DEBUG: (src/list.c :87 :List_push) gay shit
DEBUG: (src/list.c :87 :List_push) gay shit
DEBUG: (src/list.c :87 :List_push) gay shit
DEBUG: (src/list.c :87 :List_push) gay shit
DEBUG: (src/list.c :87 :List_push) gay shit
DEBUG: (src/list.c :87 :List_push) gay shit
DEBUG: (src/list.c :87 :List_push) gay shit
DEBUG: (src/list.c :87 :List_push) gay shit
DEBUG: (src/list.c :87 :List_push) gay shit
DEBUG: (src/list.c :87 :List_push) gay shit
DEBUG: (src/list.c :87 :List_push) gay shit
DEBUG: (src/list.c :87 :List_push) gay shit
DEBUG: (src/list.c :87 :List_push) gay shit
DEBUG: (src/list.c :87 :List_push) gay shit
DEBUG: (src/list.c :87 :List_push) gay shit
DEBUG: (src/list.c :87 :List_push) gay shit
DEBUG: (src/list.c :87 :List_push) gay shit
DEBUG: (src/list.c :87 :List_push) gay shit
DEBUG: (src/list.c :87 :List_push) gay shit
DEBUG: (src/list.c :87 :List_push) gay shit
DEBUG: (src/list.c :87 :List_push) gay shit
DEBUG: (src/list.c :87 :List_push) gay shit
DEBUG: (src/list.c :87 :List_push) gay shit
DEBUG: (src/list.c :87 :List_push) gay shit
DEBUG: (src/list.c :87 :List_push) gay shit
DEBUG: (src/list.c :87 :List_push) gay shit
DEBUG: (src/list.c :87 :List_push) gay shit
DEBUG: (src/list.c :87 :List_push) gay shit
DEBUG: (src/list.c :87 :List_push) gay shit
DEBUG: (src/list.c :87 :List_push) gay shit
DEBUG: (src/list.c :87 :List_push) gay shit
DEBUG: (src/list.c :87 :List_push) gay shit
DEBUG: (src/list.c :87 :List_push) gay shit
DEBUG: (src/list.c :87 :List_push) gay shit
DEBUG: (src/list.c :87 :List_push) gay shit
DEBUG: (src/list.c :87 :List_push) gay shit
DEBUG: (src/list.c :87 :List_push) gay shit
DEBUG: (src/list.c :87 :List_push) gay shit
DEBUG: (src/list.c :87 :List_push) gay shit
DEBUG: (src/list.c :87 :List_push) gay shit
DEBUG: (src/list.c :87 :List_push) gay shit
DEBUG: (src/list.c :87 :List_push) gay shit
DEBUG: (src/list.c :87 :List_push) gay shit
DEBUG: (src/list.c :87 :List_push) gay shit
DEBUG: (src/list.c :87 :List_push) gay shit
DEBUG: (src/list.c :87 :List_push) gay shit
DEBUG: (src/list.c :87 :List_push) gay shit
DEBUG: (src/list.c :87 :List_push) gay shit
DEBUG: (src/list.c :87 :List_push) gay shit
DEBUG: (src/list.c :87 :List_push) gay shit
DEBUG: (src/list.c :87 :List_push) gay shit
DEBUG: (src/list.c :87 :List_push) gay shit
DEBUG: (src/list.c :87 :List_push) gay shit
DEBUG: (src/list.c :87 :List_push) gay shit
DEBUG: (src/list.c :87 :List_push) gay shit
DEBUG: (src/list.c :87 :List_push) gay shit
DEBUG: (src/list.c :87 :List_push) gay shit
DEBUG: (src/list.c :87 :List_push) gay shit
DEBUG: (src/list.c :87 :List_push) gay shit
DEBUG: (src/list.c :87 :List_push) gay shit
DEBUG: (src/list.c :87 :List_push) gay shit
DEBUG: (src/list.c :87 :List_push) gay shit
DEBUG: (src/list.c :87 :List_push) gay shit
DEBUG: (src/list.c :87 :List_push) gay shit
DEBUG: (src/list.c :87 :List_push) gay shit
DEBUG: (src/list.c :87 :List_push) gay shit
DEBUG: (src/list.c :87 :List_push) gay shit
DEBUG: (src/list.c :87 :List_push) gay shit
DEBUG: (src/list.c :87 :List_push) gay shit
DEBUG: (src/list.c :87 :List_push) gay shit
DEBUG: (src/list.c :87 :List_push) gay shit
DEBUG: (src/list.c :87 :List_push) gay shit
DEBUG: (src/list.c :87 :List_push) gay shit
DEBUG: (src/list.c :87 :List_push) gay shit
DEBUG: (src/list.c :87 :List_push) gay shit
DEBUG: (src/list.c :87 :List_push) gay shit
DEBUG: (src/list.c :87 :List_push) gay shit
DEBUG: (src/list.c :87 :List_push) gay shit
DEBUG: (src/list.c :87 :List_push) gay shit
DEBUG: (src/list.c :87 :List_push) gay shit
DEBUG: (src/list.c :87 :List_push) gay shit
DEBUG: (src/list.c :87 :List_push) gay shit
DEBUG: (src/list.c :87 :List_push) gay shit
DEBUG: (src/list.c :87 :List_push) gay shit
DEBUG: (src/list.c :87 :List_push) gay shit
DEBUG: (src/list.c :87 :List_push) gay shit
DEBUG: (src/list.c :87 :List_push) gay shit
DEBUG: (src/list.c :87 :List_push) gay shit
DEBUG: (src/list.c :87 :List_push) gay shit
DEBUG: (src/list.c :87 :List_push) gay shit
DEBUG: (src/list.c :87 :List_push) gay shit
DEBUG: (src/list.c :87 :List_push) gay shit
DEBUG: (src/list.c :87 :List_push) gay shit
DEBUG: (src/list.c :87 :List_push) gay shit
DEBUG: (src/list.c :87 :List_push) gay shit
DEBUG: (src/list.c :87 :List_push) gay shit
DEBUG: (src/list.c :87 :List_push) gay shit
DEBUG: (src/list.c :87 :List_push) gay shit
DEBUG: (src/list.c :87 :List_push) gay shit
DEBUG: (src/list.c :87 :List_push) gay shit
DEBUG: (src/list.c :87 :List_push) gay shit
DEBUG: (src/list.c :87 :List_push) gay shit
DEBUG: (src/list.c :87 :List_push) gay shit
DEBUG: (src/list.c :87 :List_push) gay shit
DEBUG: (src/list.c :87 :List_push) gay shit
DEBUG: (src/list.c :87 :List_push) gay shit
DEBUG: (src/list.c :87 :List_push) gay shit
DEBUG: (src/list.c :87 :List_push) gay shit
DEBUG: (src/list.c :87 :List_push) gay shit
DEBUG: (src/list.c :87 :List_push) gay shit
DEBUG: (src/list.c :87 :List_push) gay shit
DEBUG: (src/list.c :87 :List_push) gay shit
DEBUG: (src/list.c :87 :List_push) gay shit
DEBUG: (src/list.c :87 :List_push) gay shit
DEBUG: (src/list.c :87 :List_push) gay shit
DEBUG: (src/list.c :87 :List_push) gay shit
DEBUG: (src/list.c :87 :List_push) gay shit
DEBUG: (src/list.c :87 :List_push) gay shit
DEBUG: (src/list.c :87 :List_push) gay shit
DEBUG: (src/list.c :87 :List_push) gay shit
DEBUG: (src/list.c :87 :List_push) gay shit
DEBUG: (src/list.c :87 :List_push) gay shit
DEBUG: (src/list.c :87 :List_push) gay shit
DEBUG: (src/list.c :87 :List_push) gay shit
DEBUG: (src/list.c :87 :List_push) gay shit
DEBUG: (src/list.c :87 :List_push) gay shit
DEBUG: (src/list.c :87 :List_push) gay shit
DEBUG: (src/list.c :87 :List_push) gay shit
DEBUG: (src/list.c :87 :List_push) gay shit
DEBUG: (src/list.c :87 :List_push) gay shit
DEBUG: (src/list.c :87 :List_push) gay shit
DEBUG: (src/list.c :87 :List_push) gay shit
DEBUG: (src/list.c :87 :List_push) gay shit
DEBUG: (src/list.c :87 :List_push) gay shit
DEBUG: (src/list.c :87 :List_push) gay shit
DEBUG: (src/list.c :87 :List_push) gay shit
DEBUG: (src/list.c :87 :List_push) gay shit
DEBUG: (src/list.c :87 :List_push) gay shit
DEBUG: (src/list.c :87 :List_push) gay shit
DEBUG: (src/list.c :87 :List_push) gay shit
DEBUG: (src/list.c :87 :List_push) gay shit
DEBUG: (src/list.c :87 :List_push) gay shit
DEBUG: (src/list.c :87 :List_push) gay shit
DEBUG: (src/list.c :87 :List_push) gay shit
DEBUG: (src/list.c :87 :List_push) gay shit
DEBUG: (src/list.c :87 :List_push) gay shit
DEBUG: (src/list.c :87 :List_push) gay shit
DEBUG: (src/list.c :87 :List_push) gay shit
DEBUG: (src/list.c :87 :List_push) gay shit
DEBUG: (src/list.c :87 :List_push) gay shit
DEBUG: (src/list.c :87 :List_push) gay shit
DEBUG: (src/list.c :87 :List_push) gay shit
DEBUG: (src/list.c :87 :List_push) gay shit
DEBUG: (src/list.c :87 :List_push) gay shit
DEBUG: (src/list.c :87 :List_push) gay shit
DEBUG: (src/list.c :87 :List_push) gay shit
DEBUG: (src/list.c :87 :List_push) gay shit
DEBUG: (src/list.c :87 :List_push) gay shit
DEBUG: (src/list.c :87 :List_push) gay shit
DEBUG: (src/list.c :87 :List_push) gay shit
DEBUG: (src/list.c :87 :List_push) gay shit
DEBUG: (src/list.c :87 :List_push) gay shit
DEBUG: (src/list.c :87 :List_push) gay shit
DEBUG: (src/list.c :87 :List_push) gay shit
DEBUG: (src/list.c :87 :List_push) gay shit
DEBUG: (src/list.c :87 :List_push) gay shit
DEBUG: (src/list.c :87 :List_push) gay shit
DEBUG: (src/list.c :87 :List_push) gay shit
DEBUG: (src/list.c :87 :List_push) gay shit
DEBUG: (src/list.c :87 :List_push) gay shit
DEBUG: (src/list.c :87 :List_push) gay shit
DEBUG: (src/list.c :87 :List_push) gay shit
DEBUG: (src/list.c :87 :List_push) gay shit
DEBUG: (src/list.c :87 :List_push) gay shit
DEBUG: (src/list.c :87 :List_push) gay shit
DEBUG: (src/list.c :87 :List_push) gay shit
DEBUG: (src/list.c :87 :List_push) gay shit
DEBUG: (src/list.c :87 :List_push) gay shit
DEBUG: (src/list.c :87 :List_push) gay shit
DEBUG: (src/list.c :87 :List_push) gay shit
DEBUG: (src/list.c :87 :List_push) gay shit
DEBUG: (src/list.c :87 :List_push) gay shit
DEBUG: (src/list.c :87 :List_push) gay shit
DEBUG: (src/list.c :87 :List_push) gay shit
DEBUG: (src/list.c :87 :List_push) gay shit
DEBUG: (src/list.c :87 :List_push) gay shit
DEBUG: (src/list.c :87 :List_push) gay shit
DEBUG: (src/list.c :87 :List_push) gay shit
DEBUG: (src/list.c :87 :List_push) gay shit
DEBUG: (src/list.c :87 :List_push) gay shit
DEBUG: (src/list.c :87 :List_push) gay shit
DEBUG: (src/list.c :87 :List_push) gay shit
DEBUG: (src/list.c :87 :List_push) gay shit
DEBUG: (src/list.c :87 :List_push) gay shit
DEBUG: (src/list.c :87 :List_push) gay shit
DEBUG: (src/list.c :87 :List_push) gay shit
DEBUG: (src/list.c :87 :List_push) gay shit
DEBUG: (src/list.c :87 :List_push) gay shit
DEBUG: (src/list.c :87 :List_push) gay shit
DEBUG: (src/list.c :87 :List_push) gay shit
DEBUG: (src/list.c :87 :List_push) gay shit
DEBUG: (src/list.c :87 :List_push) gay shit
DEBUG: (src/list.c :87 :List_push) gay shit
DEBUG: (src/list.c :87 :List_push) gay shit
DEBUG: (src/list.c :87 :List_push) gay shit
DEBUG: (src/list.c :87 :List_push) gay shit
DEBUG: (src/list.c :87 :List_push) gay shit
DEBUG: (src/list.c :87 :List_push) gay shit
DEBUG: (src/list.c :87 :List_push) gay shit
DEBUG: (src/list.c :87 :List_push) gay shit
DEBUG: (src/list.c :87 :List_push) gay shit
DEBUG: (src/list.c :87 :List_push) gay shit
DEBUG: (src/list.c :87 :List_push) gay shit
DEBUG: (src/list.c :87 :List_push) gay shit
DEBUG: (src/list.c :87 :List_push) gay shit
DEBUG: (src/list.c :87 :List_push) gay shit
DEBUG: (src/list.c :87 :List_push) gay shit
DEBUG: (src/list.c :87 :List_push) gay shit
DEBUG: (src/list.c :87 :List_push) gay shit
DEBUG: (src/list.c :87 :List_push) gay shit
DEBUG: (src/list.c :87 :List_push) gay shit
DEBUG: (src/list.c :87 :List_push) gay shit
DEBUG: (src/list.c :87 :List_push) gay shit
DEBUG: (src/list.c :87 :List_push) gay shit
DEBUG: (src/list.c :87 :List_push) gay shit
DEBUG: (src/list.c :87 :List_push) gay shit
DEBUG: (src/list.c :87 :List_push) gay shit
DEBUG: (src/list.c :87 :List_push) gay shit
DEBUG: (src/list.c :87 :List_push) gay shit
DEBUG: (src/list.c :87 :List_push) gay shit
DEBUG: (src/list.c :87 :List_push) gay shit
DEBUG: (src/list.c :87 :List_push) gay shit
DEBUG: (src/list.c :87 :List_push) gay shit
DEBUG: (src/list.c :87 :List_push) gay shit
DEBUG: (src/list.c :87 :List_push) gay shit
DEBUG: (src/list.c :87 :List_push) gay shit
DEBUG: (src/list.c :87 :List_push) gay shit
DEBUG: (src/list.c :87 :List_push) gay shit
DEBUG: (src/list.c :87 :List_push) gay shit
DEBUG: (src/list.c :87 :List_push) gay shit
DEBUG: (src/list.c :87 :List_push) gay shit
DEBUG: (src/list.c :87 :List_push) gay shit
DEBUG: (src/list.c :87 :List_push) gay shit
DEBUG: (src/list.c :87 :List_push) gay shit
DEBUG: (src/list.c :87 :List_push) gay shit
DEBUG: (src/list.c :87 :List_push) gay shit
DEBUG: (src/list.c :87 :List_push) gay shit
DEBUG: (src/list.c :87 :List_push) gay shit
DEBUG: (src/list.c :87 :List_push) gay shit
DEBUG: (src/list.c :87 :List_push) gay shit
DEBUG: (src/list.c :87 :List_push) gay shit
DEBUG: (src/list.c :87 :List_push) gay shit
DEBUG: (src/list.c :87 :List_push) gay shit
DEBUG: (src/list.c :87 :List_push) gay shit
DEBUG: (src/list.c :87 :List_push) gay shit
DEBUG: (src/list.c :87 :List_push) gay shit
DEBUG: (src/list.c :87 :List_push) gay shit
DEBUG: (src/list.c :87 :List_push) gay shit
DEBUG: (src/list.c :87 :List_push) gay shit
DEBUG: (src/list.c :87 :List_push) gay shit
DEBUG: (src/list.c :87 :List_push) gay shit
DEBUG: (src/list.c :87 :List_push) gay shit
DEBUG: (src/list.c :87 :List_push) gay shit
DEBUG: (src/list.c :87 :List_push) gay shit
DEBUG: (src/list.c :87 :List_push) gay shit
DEBUG: (src/list.c :87 :List_push) gay shit
DEBUG: (src/list.c :87 :List_push) gay shit
DEBUG: (src/list.c :87 :List_push) gay shit
DEBUG: (src/list.c :87 :List_push) gay shit
DEBUG: (src/list.c :87 :List_push) gay shit
DEBUG: (src/list.c :87 :List_push) gay shit
DEBUG: (src/list.c :87 :List_push) gay shit
DEBUG: (src/list.c :87 :List_push) gay shit
DEBUG: (src/list.c :87 :List_push) gay shit
DEBUG: (src/list.c :87 :List_push) gay shit
DEBUG: (src/list.c :87 :List_push) gay shit
DEBUG: (src/list.c :87 :List_push) gay shit
DEBUG: (src/list.c :87 :List_push) gay shit
DEBUG: (src/list.c :87 :List_push) gay shit
DEBUG: (src/list.c :87 :List_push) gay shit
DEBUG: (src/list.c :87 :List_push) gay shit
DEBUG: (src/list.c :87 :List_push) gay shit
DEBUG: (src/list.c :87 :List_push) gay shit
DEBUG: (src/list.c :87 :List_push) gay shit
DEBUG: (src/list.c :87 :List_push) gay shit
DEBUG: (src/list.c :87 :List_push) gay shit
DEBUG: (src/list.c :87 :List_push) gay shit
DEBUG: (src/list.c :87 :List_push) gay shit
DEBUG: (src/list.c :87 :List_push) gay shit
DEBUG: (src/list.c :87 :List_push) gay shit
DEBUG: (src/list.c :87 :List_push) gay shit
DEBUG: (src/list.c :87 :List_push) gay shit
DEBUG: (src/list.c :87 :List_push) gay shit
DEBUG: (src/list.c :87 :List_push) gay shit
DEBUG: (src/list.c :87 :List_push) gay shit
DEBUG: (src/list.c :87 :List_push) gay shit
DEBUG: (src/list.c :87 :List_push) gay shit
DEBUG: (src/list.c :87 :List_push) gay shit
DEBUG: (src/list.c :87 :List_push) gay shit
DEBUG: (src/list.c :87 :List_push) gay shit
DEBUG: (src/list.c :87 :List_push) gay shit
DEBUG: (src/list.c :87 :List_push) gay shit
DEBUG: (src/list.c :87 :List_push) gay shit
DEBUG: (src/list.c :87 :List_push) gay shit
DEBUG: (src/list.c :87 :List_push) gay shit
DEBUG: (src/list.c :87 :List_push) gay shit
DEBUG: (src/list.c :87 :List_push) gay shit
DEBUG: (src/list.c :87 :List_push) gay shit
DEBUG: (src/list.c :87 :List_push) gay shit
DEBUG: (src/list.c :87 :List_push) gay shit
DEBUG: (src/list.c :87 :List_push) gay shit
DEBUG: (src/list.c :87 :List_push) gay shit
DEBUG: (src/list.c :87 :List_push) gay shit
DEBUG: (src/list.c :87 :List_push) gay shit
DEBUG: (src/list.c :87 :List_push) gay shit
DEBUG: (src/list.c :87 :List_push) gay shit
DEBUG: (src/list.c :87 :List_push) gay shit
DEBUG: (src/list.c :87 :List_push) gay shit
DEBUG: (src/list.c :87 :List_push) gay shit
DEBUG: (src/list.c :87 :List_push) gay shit
DEBUG: (src/list.c :87 :List_push) gay shit
DEBUG: (src/list.c :87 :List_push) gay shit
DEBUG: (src/list.c :87 :List_push) gay shit
DEBUG: (src/list.c :87 :List_push) gay shit
DEBUG: (src/list.c :87 :List_push) gay shit
DEBUG: (src/list.c :87 :List_push) gay shit
DEBUG: (src/list.c :87 :List_push) gay shit
DEBUG: (src/list.c :87 :List_push) gay shit
DEBUG: (src/list.c :87 :List_push) gay shit
DEBUG: (src/list.c :87 :List_push) gay shit
DEBUG: (src/list.c :87 :List_push) gay shit
DEBUG: (src/list.c :87 :List_push) gay shit
DEBUG: (src/list.c :87 :List_push) gay shit
DEBUG: (src/list.c :87 :List_push) gay shit
DEBUG: (src/list.c :87 :List_push) gay shit
DEBUG: (src/list.c :87 :List_push) gay shit
DEBUG: (src/list.c :87 :List_push) gay shit
DEBUG: (src/list.c :87 :List_push) gay shit
DEBUG: (src/list.c :87 :List_push) gay shit
DEBUG: (src/list.c :87 :List_push) gay shit
DEBUG: (src/list.c :87 :List_push) gay shit
DEBUG: (src/list.c :87 :List_push) gay shit
DEBUG: (src/list.c :87 :List_push) gay shit
DEBUG: (src/list.c :87 :List_push) gay shit
DEBUG: (src/list.c :87 :List_push) gay shit
DEBUG: (src/list.c :87 :List_push) gay shit
DEBUG: (src/list.c :87 :List_push) gay shit
DEBUG: (src/list.c :87 :List_push) gay shit
DEBUG: (src/list.c :87 :List_push) gay shit
DEBUG: (src/list.c :87 :List_push) gay shit
DEBUG: (src/list.c :87 :List_push) gay shit
DEBUG: (src/list.c :87 :List_push) gay shit
DEBUG: (src/list.c :87 :List_push) gay shit
DEBUG: (src/list.c :87 :List_push) gay shit
DEBUG: (src/list.c :87 :List_push) gay shit
DEBUG: (src/list.c :87 :List_push) gay shit
DEBUG: (src/list.c :87 :List_push) gay shit
DEBUG: (src/list.c :87 :List_push) gay shit
DEBUG: (src/list.c :87 :List_push) gay shit
DEBUG: (src/list.c :87 :List_push) gay shit
DEBUG: (src/list.c :87 :List_push) gay shit
DEBUG: (src/list.c :87 :List_push) gay shit
DEBUG: (src/list.c :87 :List_push) gay shit
DEBUG: (src/list.c :87 :List_push) gay shit
DEBUG: (src/list.c :87 :List_push) gay shit
DEBUG: (src/list.c :87 :List_push) gay shit
DEBUG: (src/list.c :87 :List_push) gay shit
DEBUG: (src/list.c :87 :List_push) gay shit
DEBUG: (src/list.c :87 :List_push) gay shit
DEBUG: (src/list.c :87 :List_push) gay shit
DEBUG: (src/list.c :87 :List_push) gay shit
DEBUG: (src/list.c :87 :List_push) gay shit
DEBUG: (src/list.c :87 :List_push) gay shit
DEBUG: (src/list.c :87 :List_push) gay shit
DEBUG: (src/list.c :87 :List_push) gay shit
DEBUG: (src/list.c :87 :List_push) gay shit
DEBUG: (src/list.c :87 :List_push) gay shit
DEBUG: (src/list.c :87 :List_push) gay shit
DEBUG: (src/list.c :87 :List_push) gay shit
DEBUG: (src/list.c :87 :List_push) gay shit
DEBUG: (src/list.c :87 :List_push) gay shit
DEBUG: (src/list.c :87 :List_push) gay shit
DEBUG: (src/list.c :87 :List_push) gay shit
DEBUG: (src/list.c :87 :List_push) gay shit
DEBUG: (src/list.c :87 :List_push) gay shit
DEBUG: (src/list.c :87 :List_push) gay shit
DEBUG: (src/list.c :87 :List_push) gay shit
DEBUG: (src/list.c :87 :List_push) gay shit
DEBUG: (src/list.c :87 :List_push) gay shit
DEBUG: (src/list.c :87 :List_push) gay shit
DEBUG: (src/list.c :87 :List_push) gay shit
DEBUG: (src/list.c :87 :List_push) gay shit
DEBUG: (src/list.c :87 :List_push) gay shit
DEBUG: (src/list.c :87 :List_push) gay shit
DEBUG: (src/list.c :87 :List_push) gay shit
DEBUG: (src/list.c :87 :List_push) gay shit
DEBUG: (src/list.c :87 :List_push) gay shit
DEBUG: (src/list.c :87 :List_push) gay shit
DEBUG: (src/list.c :87 :List_push) gay shit
DEBUG: (src/list.c :87 :List_push) gay shit
DEBUG: (src/list.c :87 :List_push) gay shit
DEBUG: (src/list.c :87 :List_push) gay shit
DEBUG: (src/list.c :87 :List_push) gay shit
DEBUG: (src/list.c :87 :List_push) gay shit
DEBUG: (src/list.c :87 :List_push) gay shit
DEBUG: (src/list.c :87 :List_push) gay shit
DEBUG: (src/list.c :87 :List_push) gay shit
DEBUG: (src/list.c :87 :List_push) gay shit
DEBUG: (src/list.c :87 :List_push) gay shit
DEBUG: (src/list.c :87 :List_push) gay shit
DEBUG: (src/list.c :87 :List_push) gay shit
DEBUG: (src/list.c :87 :List_push) gay shit
DEBUG: (src/list.c :87 :List_push) gay shit
DEBUG: (src/list.c :87 :List_push) gay shit
DEBUG: (src/list.c :87 :List_push) gay shit
DEBUG: (src/list.c :87 :List_push) gay shit
DEBUG: (src/list.c :87 :List_push) gay shit
DEBUG: (src/list.c :87 :List_push) gay shit
DEBUG: (src/list.c :87 :List_push) gay shit
DEBUG: (src/list.c :87 :List_push) gay shit
DEBUG: (src/list.c :87 :List_push) gay shit
DEBUG: (src/list.c :87 :List_push) gay shit
DEBUG: (src/list.c :87 :List_push) gay shit
DEBUG: (src/list.c :87 :List_push) gay shit
DEBUG: (src/list.c :87 :List_push) gay shit
DEBUG: (src/list.c :87 :List_push) gay shit
DEBUG: (src/list.c :87 :List_push) gay shit
DEBUG: (src/list.c :87 :List_push) gay shit
DEBUG: (src/list.c :87 :List_push) gay shit
DEBUG: (src/list.c :87 :List_push) gay shit
DEBUG: (src/list.c :87 :List_push) gay shit
DEBUG: (src/list.c :87 :List_push) gay shit
DEBUG: (src/list.c :87 :List_push) gay shit
DEBUG: (src/list.c :87 :List_push) gay shit
DEBUG: (src/list.c :87 :List_push) gay shit
DEBUG: (src/list.c :87 :List_push) gay shit
DEBUG: (src/list.c :87 :List_push) gay shit
DEBUG: (src/list.c :87 :List_push) gay shit
DEBUG: (src/list.c :87 :List_push) gay shit
DEBUG: (src/list.c :87 :List_push) gay shit
DEBUG: (src/list.c :87 :List_push) gay shit
DEBUG: (src/list.c :87 :List_push) gay shit
DEBUG: (src/list.c :87 :List_push) gay shit
DEBUG: (src/list.c :87 :List_push) gay shit
DEBUG: (src/list.c :87 :List_push) gay shit
DEBUG: (src/list.c :87 :List_push) gay shit
DEBUG: (src/list.c :87 :List_push) gay shit
DEBUG: (src/list.c :87 :List_push) gay shit
DEBUG: (src/list.c :87 :List_push) gay shit
DEBUG: (src/list.c :87 :List_push) gay shit
DEBUG: (src/list.c :87 :List_push) gay shit
DEBUG: (src/list.c :87 :List_push) gay shit
DEBUG: (src/list.c :87 :List_push) gay shit
DEBUG: (src/list.c :87 :List_push) gay shit
DEBUG: (src/list.c :87 :List_push) gay shit
DEBUG: (src/list.c :87 :List_push) gay shit
DEBUG: (src/list.c :87 :List_push) gay shit
DEBUG: (src/list.c :87 :List_push) gay shit
DEBUG: (src/list.c :87 :List_push) gay shit
DEBUG: (src/list.c :87 :List_push) gay shit
DEBUG: (src/list.c :87 :List_push) gay shit
DEBUG: (src/list.c :87 :List_push) gay shit
DEBUG: (src/list.c :87 :List_push) gay shit
DEBUG: (src/list.c :87 :List_push) gay shit
DEBUG: (src/list.c :87 :List_push) gay shit
DEBUG: (src/list.c :87 :List_push) gay shit
DEBUG: (src/list.c :87 :List_push) gay shit
DEBUG: (src/list.c :87 :List_push) gay shit
DEBUG: (src/list.c :87 :List_push) gay shit
DEBUG: (src/list.c :87 :List_push) gay shit
DEBUG: (src/list.c :87 :List_push) gay shit
DEBUG: (src/list.c :87 :List_push) gay shit
DEBUG: (src/list.c :87 :List_push) gay shit
DEBUG: (src/list.c :87 :List_push) gay shit
DEBUG: (src/list.c :87 :List_push) gay shit
DEBUG: (src/list.c :87 :List_push) gay shit
DEBUG: (src/list.c :87 :List_push) gay shit
DEBUG: (src/list.c :87 :List_push) gay shit
DEBUG: (src/list.c :87 :List_push) gay shit
DEBUG: (src/list.c :87 :List_push) gay shit
DEBUG: (src/list.c :87 :List_push) gay shit
DEBUG: (src/list.c :87 :List_push) gay shit
DEBUG: (src/list.c :87 :List_push) gay shit
DEBUG: (src/list.c :87 :List_push) gay shit
DEBUG: (src/list.c :87 :List_push) gay shit
DEBUG: (src/list.c :87 :List_push) gay shit
DEBUG: (src/list.c :87 :List_push) gay shit
DEBUG: (src/list.c :87 :List_push) gay shit
DEBUG: (src/list.c :87 :List_push) gay shit
DEBUG: (src/list.c :87 :List_push) gay shit
DEBUG: (src/list.c :87 :List_push) gay shit
DEBUG: (src/list.c :87 :List_push) gay shit
DEBUG: (src/list.c :87 :List_push) gay shit
DEBUG: (src/list.c :87 :List_push) gay shit
DEBUG: (src/list.c :87 :List_push) gay shit
DEBUG: (src/list.c :87 :List_push) gay shit
DEBUG: (src/list.c :87 :List_push) gay shit
DEBUG: (src/list.c :87 :List_push) gay shit
DEBUG: (src/list.c :87 :List_push) gay shit
DEBUG: (src/list.c :87 :List_push) gay shit
DEBUG: (src/list.c :87 :List_push) gay shit
DEBUG: (src/list.c :87 :List_push) gay shit
DEBUG: (src/list.c :87 :List_push) gay shit
DEBUG: (src/list.c :87 :List_push) gay shit
DEBUG: (src/list.c :87 :List_push) gay shit
DEBUG: (src/list.c :87 :List_push) gay shit
DEBUG: (src/list.c :87 :List_push) gay shit
DEBUG: (src/list.c :87 :List_push) gay shit
DEBUG: (src/list.c :87 :List_push) gay shit
DEBUG: (src/list.c :87 :List_push) gay shit
DEBUG: (src/list.c :87 :List_push) gay shit
DEBUG: (src/list.c :87 :List_push) gay shit
DEBUG: (src/list.c :87 :List_push) gay shit
DEBUG: (src/list.c :87 :List_push) gay shit
DEBUG: (src/list.c :87 :List_push) gay shit
DEBUG: (src/list.c :87 :List_push) gay shit
DEBUG: (src/list.c :87 :List_push) gay shit
DEBUG: (src/list.c :87 :List_push) gay shit
DEBUG: (src/list.c :87 :List_push) gay shit
DEBUG: (src/list.c :87 :List_push) gay shit
DEBUG: (src/list.c :87 :List_push) gay shit
DEBUG: (src/list.c :87 :List_push) gay shit
DEBUG: (src/list.c :87 :List_push) gay shit
DEBUG: (src/list.c :87 :List_push) gay shit
DEBUG: (src/list.c :87 :List_push) gay shit
DEBUG: (src/list.c :87 :List_push) gay shit
DEBUG: (src/list.c :87 :List_push) gay shit
DEBUG: (src/list.c :87 :List_push) gay shit
DEBUG: (src/list.c :87 :List_push) gay shit
DEBUG: (src/list.c :87 :List_push) gay shit
DEBUG: (src/list.c :87 :List_push) gay shit
DEBUG: (src/list.c :87 :List_push) gay shit
DEBUG: (src/list.c :87 :List_push) gay shit
DEBUG: (src/list.c :87 :List_push) gay shit
DEBUG: (src/list.c :87 :List_push) gay shit
DEBUG: (src/list.c :87 :List_push) gay shit
DEBUG: (src/list.c :87 :List_push) gay shit
DEBUG: (src/list.c :87 :List_push) gay shit
DEBUG: (src/list.c :87 :List_push) gay shit
DEBUG: (src/list.c :87 :List_push) gay shit
DEBUG: (src/list.c :87 :List_push) gay shit
DEBUG: (src/list.c :87 :List_push) gay shit
DEBUG: (src/list.c :87 :List_push) gay shit
DEBUG: (src/list.c :87 :List_push) gay shit
DEBUG: (src/list.c :87 :List_push) gay shit
DEBUG: (src/list.c :87 :List_push) gay shit
DEBUG: (src/list.c :87 :List_push) gay shit
DEBUG: (src/list.c :87 :List_push) gay shit
DEBUG: (src/list.c :87 :List_push) gay shit
DEBUG: (src/list.c :87 :List_push) gay shit
DEBUG: (src/list.c :87 :List_push) gay shit
DEBUG: (src/list.c :87 :List_push) gay shit
DEBUG: (src/list.c :87 :List_push) gay shit
DEBUG: (src/list.c :87 :List_push) gay shit
DEBUG: (src/list.c :87 :List_push) gay shit
DEBUG: (src/list.c :87 :List_push) gay shit
DEBUG: (src/list.c :87 :List_push) gay shit
DEBUG: (src/list.c :87 :List_push) gay shit
DEBUG: (src/list.c :87 :List_push) gay shit
DEBUG: (src/list.c :87 :List_push) gay shit
DEBUG: (src/list.c :87 :List_push) gay shit
DEBUG: (src/list.c :87 :List_push) gay shit
DEBUG: (src/list.c :87 :List_push) gay shit
DEBUG: (src/list.c :87 :List_push) gay shit
DEBUG: (src/list.c :87 :List_push) gay shit
DEBUG: (src/list.c :87 :List_push) gay shit
DEBUG: (src/list.c :87 :List_push) gay shit
DEBUG: (src/list.c :87 :List_push) gay shit
DEBUG: (src/list.c :87 :List_push) gay shit
DEBUG: (src/list.c :87 :List_push) gay shit
DEBUG: (src/list.c :87 :List_push) gay shit
DEBUG: (src/list.c :87 :List_push) gay shit
DEBUG: (src/list.c :87 :List_push) gay shit
DEBUG: (src/list.c :87 :List_push) gay shit
DEBUG: (src/list.c :87 :List_push) gay shit
DEBUG: (src/list.c :87 :List_push) gay shit
DEBUG: (src/list.c :87 :List_push) gay shit
DEBUG: (src/list.c :87 :List_push) gay shit
DEBUG: (src/list.c :87 :List_push) gay shit
DEBUG: (src/list.c :87 :List_push) gay shit
DEBUG: (src/list.c :87 :List_push) gay shit
DEBUG: (src/list.c :87 :List_push) gay shit
DEBUG: (src/list.c :87 :List_push) gay shit
DEBUG: (src/list.c :87 :List_push) gay shit
DEBUG: (src/list.c :87 :List_push) gay shit
DEBUG: (src/list.c :87 :List_push) gay shit
DEBUG: (src/list.c :87 :List_push) gay shit
DEBUG: (src/list.c :87 :List_push) gay shit
DEBUG: (src/list.c :87 :List_push) gay shit
DEBUG: (src/list.c :87 :List_push) gay shit
DEBUG: (src/list.c :87 :List_push) gay shit
DEBUG: (src/list.c :87 :List_push) gay shit
DEBUG: (src/list.c :87 :List_push) gay shit
DEBUG: (src/list.c :87 :List_push) gay shit
DEBUG: (src/list.c :87 :List_push) gay shit
DEBUG: (src/list.c :87 :List_push) gay shit
DEBUG: (src/list.c :87 :List_push) gay shit
DEBUG: (src/list.c :87 :List_push) gay shit
DEBUG: (src/list.c :87 :List_push) gay shit
DEBUG: (src/list.c :87 :List_push) gay shit
DEBUG: (src/list.c :87 :List_push) gay shit
DEBUG: (src/list.c :87 :List_push) gay shit
DEBUG: (src/list.c :87 :List_push) gay shit
DEBUG: (src/list.c :87 :List_push) gay shit
DEBUG: (src/list.c :87 :List_push) gay shit
DEBUG: (src/list.c :87 :List_push) gay shit
DEBUG: (src/list.c :87 :List_push) gay shit
DEBUG: (src/list.c :87 :List_push) gay shit
DEBUG: (src/list.c :87 :List_push) gay shit
DEBUG: (src/list.c :87 :List_push) gay shit
DEBUG: (src/list.c :87 :List_push) gay shit
DEBUG: (src/list.c :87 :List_push) gay shit
DEBUG: (src/list.c :87 :List_push) gay shit
DEBUG: (src/list.c :87 :List_push) gay shit
DEBUG: (src/list.c :87 :List_push) gay shit
DEBUG: (src/list.c :87 :List_push) gay shit
DEBUG: (src/list.c :87 :List_push) gay shit
DEBUG: (src/list.c :87 :List_push) gay shit
DEBUG: (src/list.c :87 :List_push) gay shit
DEBUG: (src/list.c :87 :List_push) gay shit
DEBUG: (src/list.c :87 :List_push) gay shit
DEBUG: (src/list.c :87 :List_push) gay shit
DEBUG: (src/list.c :87 :List_push) gay shit
DEBUG: (src/list.c :87 :List_push) gay shit
DEBUG: (src/list.c :87 :List_push) gay shit
DEBUG: (src/list.c :87 :List_push) gay shit
DEBUG: (src/list.c :87 :List_push) gay shit
DEBUG: (src/list.c :87 :List_push) gay shit
DEBUG: (src/list.c :87 :List_push) gay shit
DEBUG: (src/list.c :87 :List_push) gay shit
DEBUG: (src/list.c :87 :List_push) gay shit
DEBUG: (src/list.c :87 :List_push) gay shit
DEBUG: (src/list.c :87 :List_push) gay shit
DEBUG: (src/list.c :87 :List_push) gay shit
DEBUG: (src/list.c :87 :List_push) gay shit
DEBUG: (src/list.c :87 :List_push) gay shit
DEBUG: (src/list.c :87 :List_push) gay shit
DEBUG: (src/list.c :87 :List_push) gay shit
DEBUG: (src/list.c :87 :List_push) gay shit
DEBUG: (src/list.c :87 :List_push) gay shit
DEBUG: (src/list.c :87 :List_push) gay shit
DEBUG: (src/list.c :87 :List_push) gay shit
DEBUG: (src/list.c :87 :List_push) gay shit
DEBUG: (src/list.c :87 :List_push) gay shit
DEBUG: (src/list.c :87 :List_push) gay shit
DEBUG: (src/list.c :87 :List_push) gay shit
DEBUG: (src/list.c :87 :List_push) gay shit
DEBUG: (src/list.c :87 :List_push) gay shit
DEBUG: (src/list.c :87 :List_push) gay shit
DEBUG: (src/list.c :87 :List_push) gay shit
DEBUG: (src/list.c :87 :List_push) gay shit
DEBUG: (src/list.c :87 :List_push) gay shit
DEBUG: (src/list.c :87 :List_push) gay shit
DEBUG: (src/list.c :87 :List_push) gay shit
DEBUG: (src/list.c :87 :List_push) gay shit
DEBUG: (src/list.c :87 :List_push) gay shit
DEBUG: (src/list.c :87 :List_push) gay shit
DEBUG: (src/list.c :87 :List_push) gay shit
DEBUG: (src/list.c :87 :List_push) gay shit
DEBUG: (src/list.c :87 :List_push) gay shit
DEBUG: (src/list.c :87 :List_push) gay shit
DEBUG: (src/list.c :87 :List_push) gay shit
DEBUG: (src/list.c :87 :List_push) gay shit
DEBUG: (src/list.c :87 :List_push) gay shit
DEBUG: (src/list.c :87 :List_push) gay shit
DEBUG: (src/list.c :87 :List_push) gay shit
DEBUG: (src/list.c :87 :List_push) gay shit
DEBUG: (src/list.c :87 :List_push) gay shit
DEBUG: (src/list.c :87 :List_push) gay shit
DEBUG: (src/list.c :87 :List_push) gay shit
DEBUG: (src/list.c :87 :List_push) gay shit
DEBUG: (src/list.c :87 :List_push) gay shit
DEBUG: (src/list.c :87 :List_push) gay shit
DEBUG: (src/list.c :87 :List_push) gay shit
DEBUG: (src/list.c :87 :List_push) gay shit
DEBUG: (src/list.c :87 :List_push) gay shit
DEBUG: (src/list.c :87 :List_push) gay shit
DEBUG: (src/list.c :87 :List_push) gay shit
DEBUG: (src/list.c :87 :List_push) gay shit
DEBUG: (src/list.c :87 :List_push) gay shit
DEBUG: (src/list.c :87 :List_push) gay shit
DEBUG: (src/list.c :87 :List_push) gay shit
DEBUG: (src/list.c :87 :List_push) gay shit
DEBUG: (src/list.c :87 :List_push) gay shit
DEBUG: (src/list.c :87 :List_push) gay shit
DEBUG: (src/list.c :87 :List_push) gay shit
DEBUG: (src/list.c :87 :List_push) gay shit
DEBUG: (src/list.c :87 :List_push) gay shit
DEBUG: (src/list.c :87 :List_push) gay shit
DEBUG: (src/list.c :87 :List_push) gay shit
DEBUG: (src/list.c :87 :List_push) gay shit
DEBUG: (src/list.c :87 :List_push) gay shit
DEBUG: (src/list.c :87 :List_push) gay shit
DEBUG: (src/list.c :87 :List_push) gay shit
DEBUG: (src/list.c :87 :List_push) gay shit
DEBUG: (src/list.c :87 :List_push) gay shit
DEBUG: (src/list.c :87 :List_push) gay shit
DEBUG: (src/list.c :87 :List_push) gay shit
DEBUG: (src/list.c :87 :List_push) gay shit
DEBUG: (src/list.c :87 :List_push) gay shit
DEBUG: (src/list.c :87 :List_push) gay shit
DEBUG: (src/list.c :87 :List_push) gay shit
DEBUG: (src/list.c :87 :List_push) gay shit
DEBUG: (src/list.c :87 :List_push) gay shit
DEBUG: (src/list.c :87 :List_push) gay shit
DEBUG: (src/list.c :87 :List_push) gay shit
DEBUG: (src/list.c :87 :List_push) gay shit
DEBUG: (src/list.c :87 :List_push) gay shit
DEBUG: (src/list.c :87 :List_push) gay shit
DEBUG: (src/list.c :87 :List_push) gay shit
DEBUG: (src/list.c :87 :List_push) gay shit
DEBUG: (src/list.c :87 :List_push) gay shit
DEBUG: (src/list.c :87 :List_push) gay shit
DEBUG: (src/list.c :87 :List_push) gay shit
DEBUG: (src/list.c :87 :List_push) gay shit
DEBUG: (src/list.c :87 :List_push) gay shit
DEBUG: (src/list.c :87 :List_push) gay shit
DEBUG: (src/list.c :87 :List_push) gay shit
DEBUG: (src/list.c :87 :List_push) gay shit
DEBUG: (src/list.c :87 :List_push) gay shit
DEBUG: (src/list.c :87 :List_push) gay shit
DEBUG: (src/list.c :87 :List_push) gay shit
DEBUG: (src/list.c :87 :List_push) gay shit
DEBUG: (src/list.c :87 :List_push) gay shit
DEBUG: (src/list.c :87 :List_push) gay shit
DEBUG: (src/list.c :87 :List_push) gay shit
DEBUG: (src/list.c :87 :List_push) gay shit
DEBUG: (src/list.c :87 :List_push) gay shit
DEBUG: (src/list.c :87 :List_push) gay shit
DEBUG: (src/list.c :87 :List_push) gay shit
DEBUG: (src/list.c :87 :List_push) gay shit
DEBUG: (src/list.c :87 :List_push) gay shit
DEBUG: (src/list.c :87 :List_push) gay shit
DEBUG: (src/list.c :87 :List_push) gay shit
DEBUG: (src/list.c :87 :List_push) gay shit
DEBUG: (src/list.c :87 :List_push) gay shit
DEBUG: (src/list.c :87 :List_push) gay shit
DEBUG: (src/list.c :87 :List_push) gay shit
DEBUG: (src/list.c :87 :List_push) gay shit
DEBUG: (src/list.c :87 :List_push) gay shit
DEBUG: (src/list.c :87 :List_push) gay shit
DEBUG: (src/list.c :87 :List_push) gay shit
DEBUG: (src/list.c :87 :List_push) gay shit
DEBUG: (src/list.c :87 :List_push) gay shit
DEBUG: (src/list.c :87 :List_push) gay shit
DEBUG: (src/list.c :87 :List_push) gay shit
DEBUG: (src/list.c :87 :List_push) gay shit
DEBUG: (src/list.c :87 :List_push) gay shit
DEBUG: (src/list.c :87 :List_push) gay shit
DEBUG: (src/list.c :87 :List_push) gay shit
DEBUG: (src/list.c :87 :List_push) gay shit
DEBUG: (src/list.c :87 :List_push) gay shit
DEBUG: (src/list.c :87 :List_push) gay shit
DEBUG: (src/list.c :87 :List_push) gay shit
DEBUG: (src/list.c :87 :List_push) gay shit
DEBUG: (src/list.c :87 :List_push) gay shit
DEBUG: (src/list.c :87 :List_push) gay shit
DEBUG: (src/list.c :87 :List_push) gay shit
DEBUG: (src/list.c :87 :List_push) gay shit
DEBUG: (src/list.c :87 :List_push) gay shit
DEBUG: (src/list.c :87 :List_push) gay shit
DEBUG: (src/list.c :87 :List_push) gay shit
DEBUG: (src/list.c :87 :List_push) gay shit
DEBUG: (src/list.c :87 :List_push) gay shit
DEBUG: (src/list.c :87 :List_push) gay shit
DEBUG: (src/list.c :87 :List_push) gay shit
DEBUG: (src/list.c :87 :List_push) gay shit
DEBUG: (src/list.c :87 :List_push) gay shit
DEBUG: (src/list.c :87 :List_push) gay shit
DEBUG: (src/list.c :87 :List_push) gay shit
DEBUG: (src/list.c :87 :List_push) gay shit
DEBUG: (src/list.c :87 :List_push) gay shit
DEBUG: (src/list.c :87 :List_push) gay shit
DEBUG: (src/list.c :87 :List_push) gay shit
DEBUG: (src/list.c :87 :List_push) gay shit
DEBUG: (src/list.c :87 :List_push) gay shit
DEBUG: (src/list.c :87 :List_push) gay shit
DEBUG: (src/list.c :87 :List_push) gay shit
DEBUG: (src/list.c :87 :List_push) gay shit
DEBUG: (src/list.c :87 :List_push) gay shit
DEBUG: (src/list.c :87 :List_push) gay shit
DEBUG: (src/list.c :87 :List_push) gay shit
DEBUG: (src/list.c :87 :List_push) gay shit
DEBUG: (src/list.c :87 :List_push) gay shit
DEBUG: (src/list.c :87 :List_push) gay shit
DEBUG: (src/list.c :87 :List_push) gay shit
DEBUG: (src/list.c :87 :List_push) gay shit
DEBUG: (src/list.c :87 :List_push) gay shit
DEBUG: (src/list.c :87 :List_push) gay shit
DEBUG: (src/list.c :87 :List_push) gay shit
DEBUG: (src/list.c :87 :List_push) gay shit
DEBUG: (src/list.c :87 :List_push) gay shit
DEBUG: (src/list.c :87 :List_push) gay shit
DEBUG: (src/list.c :87 :List_push) gay shit
DEBUG: (src/list.c :87 :List_push) gay shit
DEBUG: (src/list.c :87 :List_push) gay shit
DEBUG: (src/list.c :87 :List_push) gay shit
DEBUG: (src/list.c :87 :List_push) gay shit
DEBUG: (src/list.c :87 :List_push) gay shit
DEBUG: (src/list.c :87 :List_push) gay shit
DEBUG: (src/list.c :87 :List_push) gay shit
DEBUG: (src/list.c :87 :List_push) gay shit
DEBUG: (src/list.c :87 :List_push) gay shit
DEBUG: (src/list.c :87 :List_push) gay shit
DEBUG: (src/list.c :87 :List_push) gay shit
DEBUG: (src/list.c :87 :List_push) gay shit
DEBUG: (src/list.c :87 :List_push) gay shit
DEBUG: (src/list.c :87 :List_push) gay shit
DEBUG: (src/list.c :87 :List_push) gay shit
DEBUG: (src/list.c :87 :List_push) gay shit
DEBUG: (src/list.c :87 :List_push) gay shit
DEBUG: (src/list.c :87 :List_push) gay shit
DEBUG: (src/list.c :87 :List_push) gay shit
DEBUG: (src/list.c :87 :List_push) gay shit
DEBUG: (src/list.c :87 :List_push) gay shit
DEBUG: (src/list.c :87 :List_push) gay shit
DEBUG: (src/list.c :87 :List_push) gay shit
DEBUG: (src/list.c :87 :List_push) gay shit
DEBUG: (src/list.c :87 :List_push) gay shit
DEBUG: (src/list.c :87 :List_push) gay shit
DEBUG: (src/list.c :87 :List_push) gay shit
DEBUG: (src/list.c :87 :List_push) gay shit
DEBUG: (src/list.c :87 :List_push) gay shit
DEBUG: (src/list.c :87 :List_push) gay shit
DEBUG: (src/list.c :87 :List_push) gay shit
DEBUG: (src/list.c :87 :List_push) gay shit
DEBUG: (src/list.c :87 :List_push) gay shit
DEBUG: (src/list.c :87 :List_push) gay shit
DEBUG: (src/list.c :87 :List_push) gay shit
DEBUG: (src/list.c :87 :List_push) gay shit
DEBUG: (src/list.c :87 :List_push) gay shit
DEBUG: (src/list.c :87 :List_push) gay shit
DEBUG: (src/list.c :87 :List_push) gay shit
DEBUG: (src/list.c :87 :List_push) gay shit
DEBUG: (src/list.c :87 :List_push) gay shit
DEBUG: (src/list.c :87 :List_push) gay shit
DEBUG: (src/list.c :87 :List_push) gay shit
DEBUG: (src/list.c :87 :List_push) gay shit
DEBUG: (src/list.c :87 :List_push) gay shit
DEBUG: (src/list.c :87 :List_push) gay shit
DEBUG: (src/list.c :87 :List_push) gay shit
DEBUG: (src/list.c :87 :List_push) gay shit
DEBUG: (src/list.c :87 :List_push) gay shit
DEBUG: (src/list.c :87 :List_push) gay shit
DEBUG: (src/list.c :87 :List_push) gay shit
DEBUG: (src/list.c :87 :List_push) gay shit
DEBUG: (src/list.c :87 :List_push) gay shit
DEBUG: (src/list.c :87 :List_push) gay shit
DEBUG: (src/list.c :87 :List_push) gay shit
DEBUG: (src/list.c :87 :List_push) gay shit
DEBUG: (src/list.c :87 :List_push) gay shit
DEBUG: (src/list.c :87 :List_push) gay shit
DEBUG: (src/list.c :87 :List_push) gay shit
DEBUG: (src/list.c :87 :List_push) gay shit
DEBUG: (src/list.c :87 :List_push) gay shit
DEBUG: (src/list.c :87 :List_push) gay shit
DEBUG: (src/list.c :87 :List_push) gay shit
DEBUG: (src/list.c :87 :List_push) gay shit
DEBUG: (src/list.c :87 :List_push) gay shit
DEBUG: (src/list.c :87 :List_push) gay shit
DEBUG: (src/list.c :87 :List_push) gay shit
DEBUG: (src/list.c :87 :List_push) gay shit
DEBUG: (src/list.c :87 :List_push) gay shit
DEBUG: (src/list.c :87 :List_push) gay shit
DEBUG: (src/list.c :87 :List_push) gay shit
DEBUG: (src/list.c :87 :List_push) gay shit
DEBUG: (src/list.c :87 :List_push) gay shit
DEBUG: (src/list.c :87 :List_push) gay shit
DEBUG: (src/list.c :87 :List_push) gay shit
DEBUG: (src/list.c :87 :List_push) gay shit
DEBUG: (src/list.c :87 :List_push) gay shit
DEBUG: (src/list.c :87 :List_push) gay shit
DEBUG: (src/list.c :87 :List_push) gay shit
DEBUG: (src/list.c :87 :List_push) gay shit
DEBUG: (src/list.c :87 :List_push) gay shit
DEBUG: (src/list.c :87 :List_push) gay shit
DEBUG: (src/list.c :87 :List_push) gay shit
DEBUG: (src/list.c :87 :List_push) gay shit
DEBUG: (src/list.c :87 :List_push) gay shit
DEBUG: (src/list.c :87 :List_push) gay shit
DEBUG: (src/list.c :87 :List_push) gay shit
DEBUG: (src/list.c :87 :List_push) gay shit
DEBUG: (src/list.c :87 :List_push) gay shit
DEBUG: (src/list.c :87 :List_push) gay shit
DEBUG: (src/list.c :87 :List_push) gay shit
DEBUG: (src/list.c :87 :List_push) gay shit
DEBUG: (src/list.c :87 :List_push) gay shit
DEBUG: (src/list.c :87 :List_push) gay shit
DEBUG: (src/list.c :87 :List_push) gay shit
DEBUG: (src/list.c :87 :List_push) gay shit
DEBUG: (src/list.c :87 :List_push) gay shit
DEBUG: (src/list.c :87 :List_push) gay shit
DEBUG: (src/list.c :87 :List_push) gay shit
DEBUG: (src/list.c :87 :List_push) gay shit
DEBUG: (src/list.c :87 :List_push) gay shit
DEBUG: (src/list.c :87 :List_push) gay shit
DEBUG: (src/list.c :87 :List_push) gay shit
DEBUG: (src/list.c :87 :List_push) gay shit
DEBUG: (src/list.c :87 :List_push) gay shit
DEBUG: (src/list.c :87 :List_push) gay shit
DEBUG: (src/list.c :87 :List_push) gay shit
DEBUG: (src/list.c :87 :List_push) gay shit
DEBUG: (src/list.c :87 :List_push) gay shit
DEBUG: (src/list.c :87 :List_push) gay shit
DEBUG: (src/list.c :87 :List_push) gay shit
DEBUG: (src/list.c :87 :List_push) gay shit
DEBUG: (src/list.c :87 :List_push) gay shit
DEBUG: (src/list.c :87 :List_push) gay shit
DEBUG: (src/list.c :87 :List_push) gay shit
DEBUG: (src/list.c :87 :List_push) gay shit
DEBUG: (src/list.c :87 :List_push) gay shit
DEBUG: (src/list.c :87 :List_push) gay shit
DEBUG: (src/list.c :87 :List_push) gay shit
DEBUG: (src/list.c :87 :List_push) gay shit
DEBUG: (src/list.c :87 :List_push) gay shit
DEBUG: (src/list.c :87 :List_push) gay shit
DEBUG: (src/list.c :87 :List_push) gay shit
DEBUG: (src/list.c :87 :List_push) gay shit
DEBUG: (src/list.c :87 :List_push) gay shit
DEBUG: (src/list.c :87 :List_push) gay shit
DEBUG: (src/list.c :87 :List_push) gay shit
DEBUG: (src/list.c :87 :List_push) gay shit
DEBUG: (src/list.c :87 :List_push) gay shit
DEBUG: (src/list.c :87 :List_push) gay shit
DEBUG: (src/list.c :87 :List_push) gay shit
DEBUG: (src/list.c :87 :List_push) gay shit
DEBUG: (src/list.c :87 :List_push) gay shit
DEBUG: (src/list.c :87 :List_push) gay shit
DEBUG: (src/list.c :87 :List_push) gay shit
DEBUG: (src/list.c :87 :List_push) gay shit
DEBUG: (src/list.c :87 :List_push) gay shit
DEBUG: (src/list.c :87 :List_push) gay shit
DEBUG: (src/list.c :87 :List_push) gay shit
DEBUG: (src/list.c :87 :List_push) gay shit
DEBUG: (src/list.c :87 :List_push) gay shit
DEBUG: (src/list.c :87 :List_push) gay shit
DEBUG: (src/list.c :87 :List_push) gay shit
DEBUG: (src/list.c :87 :List_push) gay shit
DEBUG: (src/list.c :87 :List_push) gay shit
DEBUG: (src/list.c :87 :List_push) gay shit
DEBUG: (src/list.c :87 :List_push) gay shit
DEBUG: (src/list.c :87 :List_push) gay shit
DEBUG: (src/list.c :87 :List_push) gay shit
DEBUG: (src/list.c :87 :List_push) gay shit
DEBUG: (src/list.c :87 :List_push) gay shit
DEBUG: (src/list.c :87 :List_push) gay shit
DEBUG: (src/list.c :87 :List_push) gay shit
DEBUG: (src/list.c :87 :List_push) gay shit
DEBUG: (src/list.c :87 :List_push) gay shit
DEBUG: (src/list.c :87 :List_push) gay shit
DEBUG: (src/list.c :87 :List_push) gay shit
DEBUG: (src/list.c :87 :List_push) gay shit
DEBUG: (src/list.c :87 :List_push) gay shit
DEBUG: (src/list.c :87 :List_push) gay shit
DEBUG: (src/list.c :87 :List_push) gay shit
DEBUG: (src/list.c :87 :List_push) gay shit
DEBUG: (src/list.c :87 :List_push) gay shit
DEBUG: (src/list.c :87 :List_push) gay shit
DEBUG: (src/list.c :87 :List_push) gay shit
DEBUG: (src/list.c :87 :List_push) gay shit
DEBUG: (src/list.c :87 :List_push) gay shit
DEBUG: (src/list.c :87 :List_push) gay shit
DEBUG: (src/list.c :87 :List_push) gay shit
DEBUG: (src/list.c :87 :List_push) gay shit
DEBUG: (src/list.c :87 :List_push) gay shit
DEBUG: (src/list.c :87 :List_push) gay shit
DEBUG: (src/list.c :87 :List_push) gay shit
DEBUG: (src/list.c :87 :List_push) gay shit
DEBUG: (src/list.c :87 :List_push) gay shit
DEBUG: (src/list.c :87 :List_push) gay shit
DEBUG: (src/list.c :87 :List_push) gay shit
DEBUG: (src/list.c :87 :List_push) gay shit
DEBUG: (src/list.c :87 :List_push) gay shit
DEBUG: (src/list.c :87 :List_push) gay shit
DEBUG: (src/list.c :87 :List_push) gay shit
DEBUG: (src/list.c :87 :List_push) gay shit
DEBUG: (src/list.c :87 :List_push) gay shit
DEBUG: (src/list.c :87 :List_push) gay shit
DEBUG: (src/list.c :87 :List_push) gay shit
DEBUG: (src/list.c :87 :List_push) gay shit
DEBUG: (src/list.c :87 :List_push) gay shit
DEBUG: (src/list.c :87 :List_push) gay shit
DEBUG: (src/list.c :87 :List_push) gay shit
DEBUG: (src/list.c :87 :List_push) gay shit
DEBUG: (src/list.c :87 :List_push) gay shit
DEBUG: (src/list.c :87 :List_push) gay shit
DEBUG: (src/list.c :87 :List_push) gay shit
DEBUG: (src/list.c :87 :List_push) gay shit
DEBUG: (src/list.c :87 :List_push) gay shit
DEBUG: (src/list.c :87 :List_push) gay shit
DEBUG: (src/list.c :87 :List_push) gay shit
DEBUG: (src/list.c :87 :List_push) gay shit
DEBUG: (src/list.c :87 :List_push) gay shit
DEBUG: (src/list.c :87 :List_push) gay shit
DEBUG: (src/list.c :87 :List_push) gay shit
DEBUG: (src/list.c :87 :List_push) gay shit
DEBUG: (src/list.c :87 :List_push) gay shit
DEBUG: (src/list.c :87 :List_push) gay shit
DEBUG: (src/list.c :87 :List_push) gay shit
DEBUG: (src/list.c :87 :List_push) gay shit
DEBUG: (src/list.c :87 :List_push) gay shit
DEBUG: (src/list.c :87 :List_push) gay shit
DEBUG: (src/list.c :87 :List_push) gay shit
DEBUG: (src/list.c :87 :List_push) gay shit
DEBUG: (src/list.c :87 :List_push) gay shit
DEBUG: (src/list.c :87 :List_push) gay shit
DEBUG: (src/list.c :87 :List_push) gay shit
DEBUG: (src/list.c :87 :List_push) gay shit
DEBUG: (src/list.c :87 :List_push) gay shit
DEBUG: (src/list.c :87 :List_push) gay shit
DEBUG: (src/list.c :87 :List_push) gay shit
DEBUG: (src/list.c :87 :List_push) gay shit
DEBUG: (src/list.c :87 :List_push) gay shit
DEBUG: (src/list.c :87 :List_push) gay shit
DEBUG: (src/list.c :87 :List_push) gay shit
DEBUG: (src/list.c :87 :List_push) gay shit
DEBUG: (src/list.c :87 :List_push) gay shit
DEBUG: (src/list.c :87 :List_push) gay shit
DEBUG: (src/list.c :87 :List_push) gay shit
DEBUG: (src/list.c :87 :List_push) gay shit
DEBUG: (src/list.c :87 :List_push) gay shit
DEBUG: (src/list.c :87 :List_push) gay shit
DEBUG: (src/list.c :87 :List_push) gay shit
DEBUG: (src/list.c :87 :List_push) gay shit
DEBUG: (src/list.c :87 :List_push) gay shit
DEBUG: (src/list.c :87 :List_push) gay shit
DEBUG: (src/list.c :87 :List_push) gay shit
DEBUG: (src/list.c :87 :List_push) gay shit
DEBUG: (src/list.c :87 :List_push) gay shit
DEBUG: (src/list.c :87 :List_push) gay shit
DEBUG: (src/list.c :87 :List_push) gay shit
DEBUG: (src/list.c :87 :List_push) gay shit
DEBUG: (src/list.c :87 :List_push) gay shit
DEBUG: (src/list.c :87 :List_push) gay shit
DEBUG: (src/list.c :87 :List_push) gay shit
DEBUG: (src/list.c :87 :List_push) gay shit
DEBUG: (src/list.c :87 :List_push) gay shit
DEBUG: (src/list.c :87 :List_push) gay shit
DEBUG: (src/list.c :87 :List_push) gay shit
DEBUG: (src/list.c :87 :List_push) gay shit
DEBUG: (src/list.c :87 :List_push) gay shit
DEBUG: (src/list.c :87 :List_push) gay shit
DEBUG: (src/list.c :87 :List_push) gay shit
DEBUG: (src/list.c :87 :List_push) gay shit
DEBUG: (src/list.c :87 :List_push) gay shit
DEBUG: (src/list.c :87 :List_push) gay shit
DEBUG: (src/list.c :87 :List_push) gay shit
DEBUG: (src/list.c :87 :List_push) gay shit
DEBUG: (src/list.c :87 :List_push) gay shit
DEBUG: (src/list.c :87 :List_push) gay shit
DEBUG: (src/list.c :87 :List_push) gay shit
DEBUG: (src/list.c :87 :List_push) gay shit
DEBUG: (src/list.c :87 :List_push) gay shit
DEBUG: (src/list.c :87 :List_push) gay shit
DEBUG: (src/list.c :87 :List_push) gay shit
DEBUG: (src/list.c :87 :List_push) gay shit
DEBUG: (src/list.c :87 :List_push) gay shit
DEBUG: (src/list.c :87 :List_push) gay shit
DEBUG: (src/list.c :87 :List_push) gay shit
DEBUG: (src/list.c :87 :List_push) gay shit
DEBUG: (src/list.c :87 :List_push) gay shit
DEBUG: (src/list.c :87 :List_push) gay shit
DEBUG: (src/list.c :87 :List_push) gay shit
DEBUG: (src/list.c :87 :List_push) gay shit
DEBUG: (src/list.c :87 :List_push) gay shit
DEBUG: (src/list.c :87 :List_push) gay shit
DEBUG: (src/list.c :87 :List_push) gay shit
DEBUG: (src/list.c :87 :List_push) gay shit
DEBUG: (src/list.c :87 :List_push) gay shit
DEBUG: (src/list.c :87 :List_push) gay shit
DEBUG: (src/list.c :87 :List_push) gay shit
DEBUG: (src/list.c :87 :List_push) gay shit
DEBUG: (src/list.c :87 :List_push) gay shit
DEBUG: (src/list.c :87 :List_push) gay shit
DEBUG: (src/list.c :87 :List_push) gay shit
DEBUG: (src/list.c :87 :List_push) gay shit
DEBUG: (src/list.c :87 :List_push) gay shit
DEBUG: (src/list.c :87 :List_push) gay shit
DEBUG: (src/list.c :87 :List_push) gay shit
DEBUG: (src/list.c :87 :List_push) gay shit
DEBUG: (src/list.c :87 :List_push) gay shit
DEBUG: (src/list.c :87 :List_push) gay shit
DEBUG: (src/list.c :87 :List_push) gay shit
DEBUG: (src/list.c :87 :List_push) gay shit
DEBUG: (src/list.c :87 :List_push) gay shit
DEBUG: (src/list.c :87 :List_push) gay shit
DEBUG: (src/list.c :87 :List_push) gay shit
DEBUG: (src/list.c :87 :List_push) gay shit
DEBUG: (src/list.c :87 :List_push) gay shit
DEBUG: (src/list.c :87 :List_push) gay shit
DEBUG: (src/list.c :87 :List_push) gay shit
DEBUG: (src/list.c :87 :List_push) gay shit
DEBUG: (src/list.c :87 :List_push) gay shit
DEBUG: (src/list.c :87 :List_push) gay shit
DEBUG: (src/list.c :87 :List_push) gay shit
DEBUG: (src/list.c :87 :List_push) gay shit
DEBUG: (src/list.c :87 :List_push) gay shit
DEBUG: (src/list.c :87 :List_push) gay shit
DEBUG: (src/list.c :87 :List_push) gay shit
DEBUG: (src/list.c :87 :List_push) gay shit
DEBUG: (src/list.c :87 :List_push) gay shit
DEBUG: (src/list.c :87 :List_push) gay shit
DEBUG: (src/list.c :87 :List_push) gay shit
DEBUG: (src/list.c :87 :List_push) gay shit
DEBUG: (src/list.c :87 :List_push) gay shit
DEBUG: (src/list.c :87 :List_push) gay shit
DEBUG: (src/list.c :87 :List_push) gay shit
DEBUG: (src/list.c :87 :List_push) gay shit
DEBUG: (src/list.c :87 :List_push) gay shit
DEBUG: (src/list.c :87 :List_push) gay shit
DEBUG: (src/list.c :87 :List_push) gay shit
DEBUG: (src/list.c :87 :List_push) gay shit
DEBUG: (src/list.c :87 :List_push) gay shit
DEBUG: (src/list.c :87 :List_push) gay shit
DEBUG: (src/list.c :87 :List_push) gay shit
DEBUG: (src/list.c :87 :List_push) gay shit
DEBUG: (src/list.c :87 :List_push) gay shit
DEBUG: (src/list.c :87 :List_push) gay shit
DEBUG: (src/list.c :87 :List_push) gay shit
DEBUG: (src/list.c :87 :List_push) gay shit
DEBUG: (src/list.c :87 :List_push) gay shit
DEBUG: (src/list.c :87 :List_push) gay shit
DEBUG: (src/list.c :87 :List_push) gay shit
DEBUG: (src/list.c :87 :List_push) gay shit
DEBUG: (src/list.c :87 :List_push) gay shit
DEBUG: (src/list.c :87 :List_push) gay shit
DEBUG: (src/list.c :87 :List_push) gay shit
DEBUG: (src/list.c :87 :List_push) gay shit
DEBUG: (src/list.c :87 :List_push) gay shit
DEBUG: (src/list.c :87 :List_push) gay shit
DEBUG: (src/list.c :87 :List_push) gay shit
DEBUG: (src/list.c :87 :List_push) gay shit
DEBUG: (src/list.c :87 :List_push) gay shit
DEBUG: (src/list.c :87 :List_push) gay shit
DEBUG: (src/list.c :87 :List_push) gay shit
DEBUG: (src/list.c :87 :List_push) gay shit
DEBUG: (src/list.c :87 :List_push) gay shit
DEBUG: (src/list.c :87 :List_push) gay shit
DEBUG: (src/list.c :87 :List_push) gay shit
DEBUG: (src/list.c :87 :List_push) gay shit
DEBUG: (src/list.c :87 :List_push) gay shit
DEBUG: (src/list.c :87 :List_push) gay shit
DEBUG: (src/list.c :87 :List_push) gay shit
DEBUG: (src/list.c :87 :List_push) gay shit
DEBUG: (src/list.c :87 :List_push) gay shit
DEBUG: (src/list.c :87 :List_push) gay shit
DEBUG: (src/list.c :87 :List_push) gay shit
DEBUG: (src/list.c :87 :List_push) gay shit
DEBUG: (src/list.c :87 :List_push) gay shit
DEBUG: (src/list.c :87 :List_push) gay shit
DEBUG: (src/list.c :87 :List_push) gay shit
DEBUG: (src/list.c :87 :List_push) gay shit
DEBUG: (src/list.c :87 :List_push) gay shit
DEBUG: (src/list.c :87 :List_push) gay shit
DEBUG: (src/list.c :87 :List_push) gay shit
DEBUG: (src/list.c :87 :List_push) gay shit
DEBUG: (src/list.c :87 :List_push) gay shit
DEBUG: (src/list.c :87 :List_push) gay shit
DEBUG: (src/list.c :87 :List_push) gay shit
DEBUG: (src/list.c :87 :List_push) gay shit
DEBUG: (src/list.c :87 :List_push) gay shit
DEBUG: (src/list.c :87 :List_push) gay shit
DEBUG: (src/list.c :87 :List_push) gay shit
DEBUG: (src/list.c :87 :List_push) gay shit
DEBUG: (src/list.c :87 :List_push) gay shit
DEBUG: (src/list.c :87 :List_push) gay shit
DEBUG: (src/list.c :87 :List_push) gay shit
DEBUG: (src/list.c :87 :List_push) gay shit
DEBUG: (src/list.c :87 :List_push) gay shit
DEBUG: (src/list.c :87 :List_push) gay shit
DEBUG: (src/list.c :87 :List_push) gay shit
DEBUG: (src/list.c :87 :List_push) gay shit
DEBUG: (src/list.c :87 :List_push) gay shit
DEBUG: (src/list.c :87 :List_push) gay shit
DEBUG: (src/list.c :87 :List_push) gay shit
DEBUG: (src/list.c :87 :List_push) gay shit
DEBUG: (src/list.c :87 :List_push) gay shit
DEBUG: (src/list.c :87 :List_push) gay shit
DEBUG: (src/list.c :87 :List_push) gay shit
DEBUG: (src/list.c :87 :List_push) gay shit
DEBUG: (src/list.c :87 :List_push) gay shit
DEBUG: (src/list.c :87 :List_push) gay shit
DEBUG: (src/list.c :87 :List_push) gay shit
DEBUG: (src/list.c :87 :List_push) gay shit
DEBUG: (src/list.c :87 :List_push) gay shit
DEBUG: (src/list.c :87 :List_push) gay shit
DEBUG: (src/list.c :87 :List_push) gay shit
DEBUG: (src/list.c :87 :List_push) gay shit
DEBUG: (src/list.c :87 :List_push) gay shit
DEBUG: (src/list.c :87 :List_push) gay shit
DEBUG: (src/list.c :87 :List_push) gay shit
DEBUG: (src/list.c :87 :List_push) gay shit
DEBUG: (src/list.c :87 :List_push) gay shit
DEBUG: (src/list.c :87 :List_push) gay shit
DEBUG: (src/list.c :87 :List_push) gay shit
DEBUG: (src/list.c :87 :List_push) gay shit
DEBUG: (src/list.c :87 :List_push) gay shit
DEBUG: (src/list.c :87 :List_push) gay shit
DEBUG: (src/list.c :87 :List_push) gay shit
DEBUG: (src/list.c :87 :List_push) gay shit
DEBUG: (src/list.c :87 :List_push) gay shit
DEBUG: (src/list.c :87 :List_push) gay shit
DEBUG: (src/list.c :87 :List_push) gay shit
DEBUG: (src/list.c :87 :List_push) gay shit
DEBUG: (src/list.c :87 :List_push) gay shit
DEBUG: (src/list.c :87 :List_push) gay shit
DEBUG: (src/list.c :87 :List_push) gay shit
DEBUG: (src/list.c :87 :List_push) gay shit
DEBUG: (src/list.c :87 :List_push) gay shit
DEBUG: (src/list.c :87 :List_push) gay shit
DEBUG: (src/list.c :87 :List_push) gay shit
DEBUG: (src/list.c :87 :List_push) gay shit
DEBUG: (src/list.c :87 :List_push) gay shit
DEBUG: (src/list.c :87 :List_push) gay shit
DEBUG: (src/list.c :87 :List_push) gay shit
DEBUG: (src/list.c :87 :List_push) gay shit
DEBUG: (src/list.c :87 :List_push) gay shit
DEBUG: (src/list.c :87 :List_push) gay shit
DEBUG: (src/list.c :87 :List_push) gay shit
DEBUG: (src/list.c :87 :List_push) gay shit
DEBUG: (src/list.c :87 :List_push) gay shit
DEBUG: (src/list.c :87 :List_push) gay shit
DEBUG: (src/list.c :87 :List_push) gay shit
DEBUG: (src/list.c :87 :List_push) gay shit
DEBUG: (src/list.c :87 :List_push) gay shit
DEBUG: (src/list.c :87 :List_push) gay shit
DEBUG: (src/list.c :87 :List_push) gay shit
DEBUG: (src/list.c :87 :List_push) gay shit
DEBUG: (src/list.c :87 :List_push) gay shit
DEBUG: (src/list.c :87 :List_push) gay shit
DEBUG: (src/list.c :87 :List_push) gay shit
DEBUG: (src/list.c :87 :List_push) gay shit
DEBUG: (src/list.c :87 :List_push) gay shit
DEBUG: (src/list.c :87 :List_push) gay shit
DEBUG: (src/list.c :87 :List_push) gay shit
DEBUG: (src/list.c :87 :List_push) gay shit
DEBUG: (src/list.c :87 :List_push) gay shit
DEBUG: (src/list.c :87 :List_push) gay shit
DEBUG: (src/list.c :87 :List_push) gay shit
DEBUG: (src/list.c :87 :List_push) gay shit
DEBUG: (src/list.c :87 :List_push) gay shit
DEBUG: (src/list.c :87 :List_push) gay shit
DEBUG: (src/list.c :87 :List_push) gay shit
DEBUG: (src/list.c :87 :List_push) gay shit
DEBUG: (src/list.c :87 :List_push) gay shit
DEBUG: (src/list.c :87 :List_push) gay shit
DEBUG: (src/list.c :87 :List_push) gay shit
DEBUG: (src/list.c :87 :List_push) gay shit
DEBUG: (src/list.c :87 :List_push) gay shit
DEBUG: (src/list.c :87 :List_push) gay shit
DEBUG: (src/list.c :87 :List_push) gay shit
DEBUG: (src/list.c :87 :List_push) gay shit
DEBUG: (src/list.c :87 :List_push) gay shit
DEBUG: (src/list.c :87 :List_push) gay shit
DEBUG: (src/list.c :87 :List_push) gay shit
DEBUG: (src/list.c :87 :List_push) gay shit
DEBUG: (src/list.c :87 :List_push) gay shit
DEBUG: (src/list.c :87 :List_push) gay shit
DEBUG: (src/list.c :87 :List_push) gay shit
DEBUG: (src/list.c :87 :List_push) gay shit
DEBUG: (src/list.c :87 :List_push) gay shit
DEBUG: (src/list.c :87 :List_push) gay shit
DEBUG: (src/list.c :87 :List_push) gay shit
DEBUG: (src/list.c :87 :List_push) gay shit
DEBUG: (src/list.c :87 :List_push) gay shit
DEBUG: (src/list.c :87 :List_push) gay shit
DEBUG: (src/list.c :87 :List_push) gay shit
DEBUG: (src/list.c :87 :List_push) gay shit
DEBUG: (src/list.c :87 :List_push) gay shit
DEBUG: (src/list.c :87 :List_push) gay shit
DEBUG: (src/list.c :87 :List_push) gay shit
DEBUG: (src/list.c :87 :List_push) gay shit
DEBUG: (src/list.c :87 :List_push) gay shit
DEBUG: (src/list.c :87 :List_push) gay shit
DEBUG: (src/list.c :87 :List_push) gay shit
DEBUG: (src/list.c :87 :List_push) gay shit
DEBUG: (src/list.c :87 :List_push) gay shit
DEBUG: (src/list.c :87 :List_push) gay shit
DEBUG: (src/list.c :87 :List_push) gay shit
DEBUG: (src/list.c :87 :List_push) gay shit
DEBUG: (src/list.c :87 :List_push) gay shit
DEBUG: (src/list.c :87 :List_push) gay shit
DEBUG: (src/list.c :87 :List_push) gay shit
DEBUG: (src/list.c :87 :List_push) gay shit
DEBUG: (src/list.c :87 :List_push) gay shit
DEBUG: (src/list.c :87 :List_push) gay shit
DEBUG: (src/list.c :87 :List_push) gay shit
DEBUG: (src/list.c :87 :List_push) gay shit
DEBUG: (src/list.c :87 :List_push) gay shit
DEBUG: (src/list.c :87 :List_push) gay shit
DEBUG: (src/list.c :87 :List_push) gay shit
DEBUG: (src/list.c :87 :List_push) gay shit
DEBUG: (src/list.c :87 :List_push) gay shit
DEBUG: (src/list.c :87 :List_push) gay shit
DEBUG: (src/list.c :87 :List_push) gay shit
DEBUG: (src/list.c :87 :List_push) gay shit
DEBUG: (src/list.c :87 :List_push) gay shit
DEBUG: (src/list.c :87 :List_push) gay shit
DEBUG: (src/list.c :87 :List_push) gay shit
DEBUG: (src/list.c :87 :List_push) gay shit
DEBUG: (src/list.c :87 :List_push) gay shit
DEBUG: (src/list.c :87 :List_push) gay shit
DEBUG: (src/list.c :87 :List_push) gay shit
DEBUG: (src/list.c :87 :List_push) gay shit
DEBUG: (src/list.c :87 :List_push) gay shit
DEBUG: (src/list.c :87 :List_push) gay shit
DEBUG: (src/list.c :87 :List_push) gay shit
DEBUG: (src/list.c :87 :List_push) gay shit
DEBUG: (src/list.c :87 :List_push) gay shit
DEBUG: (src/list.c :87 :List_push) gay shit
DEBUG: (src/list.c :87 :List_push) gay shit
DEBUG: (src/list.c :87 :List_push) gay shit
DEBUG: (src/list.c :87 :List_push) gay shit
DEBUG: (src/list.c :87 :List_push) gay shit
DEBUG: (src/list.c :87 :List_push) gay shit
DEBUG: (src/list.c :87 :List_push) gay shit
DEBUG: (src/list.c :87 :List_push) gay shit
DEBUG: (src/list.c :87 :List_push) gay shit
DEBUG: (src/list.c :87 :List_push) gay shit
DEBUG: (src/list.c :87 :List_push) gay shit
DEBUG: (src/list.c :87 :List_push) gay shit
DEBUG: (src/list.c :87 :List_push) gay shit
DEBUG: (src/list.c :87 :List_push) gay shit
DEBUG: (src/list.c :87 :List_push) gay shit
DEBUG: (src/list.c :87 :List_push) gay shit
DEBUG: (src/list.c :87 :List_push) gay shit
DEBUG: (src/list.c :87 :List_push) gay shit
DEBUG: (src/list.c :87 :List_push) gay shit
DEBUG: (src/list.c :87 :List_push) gay shit
DEBUG: (src/list.c :87 :List_push) gay shit
DEBUG: (src/list.c :87 :List_push) gay shit
DEBUG: (src/list.c :87 :List_push) gay shit
DEBUG: (src/list.c :87 :List_push) gay shit
DEBUG: (src/list.c :87 :List_push) gay shit
DEBUG: (src/list.c :87 :List_push) gay shit
DEBUG: (src/list.c :87 :List_push) gay shit
DEBUG: (src/list.c :87 :List_push) gay shit
DEBUG: (src/list.c :87 :List_push) gay shit
DEBUG: (src/list.c :87 :List_push) gay shit
DEBUG: (src/list.c :87 :List_push) gay shit
DEBUG: (src/list.c :87 :List_push) gay shit
DEBUG: (src/list.c :87 :List_push) gay shit
DEBUG: (src/list.c :87 :List_push) gay shit
DEBUG: (src/list.c :87 :List_push) gay shit
DEBUG: (src/list.c :87 :List_push) gay shit
DEBUG: (src/list.c :87 :List_push) gay shit
DEBUG: (src/list.c :87 :List_push) gay shit
DEBUG: (src/list.c :87 :List_push) gay shit
DEBUG: (src/list.c :87 :List_push) gay shit
DEBUG: (src/list.c :87 :List_push) gay shit
DEBUG: (src/list.c :87 :List_push) gay shit
DEBUG: (src/list.c :87 :List_push) gay shit
DEBUG: (src/list.c :87 :List_push) gay shit
DEBUG: (src/list.c :87 :List_push) gay shit
DEBUG: (src/list.c :87 :List_push) gay shit
DEBUG: (src/list.c :87 :List_push) gay shit
DEBUG: (src/list.c :87 :List_push) gay shit
DEBUG: (src/list.c :87 :List_push) gay shit
DEBUG: (src/list.c :87 :List_push) gay shit
DEBUG: (src/list.c :87 :List_push) gay shit
DEBUG: (src/list.c :87 :List_push) gay shit
DEBUG: (src/list.c :87 :List_push) gay shit
DEBUG: (src/list.c :87 :List_push) gay shit
DEBUG: (src/list.c :87 :List_push) gay shit
DEBUG: (src/list.c :87 :List_push) gay shit
DEBUG: (src/list.c :87 :List_push) gay shit
DEBUG: (src/list.c :87 :List_push) gay shit
DEBUG: (src/list.c :87 :List_push) gay shit
DEBUG: (src/list.c :87 :List_push) gay shit
DEBUG: (src/list.c :87 :List_push) gay shit
DEBUG: (src/list.c :87 :List_push) gay shit
DEBUG: (src/list.c :87 :List_push) gay shit
DEBUG: (src/list.c :87 :List_push) gay shit
DEBUG: (src/list.c :87 :List_push) gay shit
DEBUG: (src/list.c :87 :List_push) gay shit
DEBUG: (src/list.c :87 :List_push) gay shit
DEBUG: (src/list.c :87 :List_push) gay shit
DEBUG: (src/list.c :87 :List_push) gay shit
DEBUG: (src/list.c :87 :List_push) gay shit
DEBUG: (src/list.c :87 :List_push) gay shit
DEBUG: (src/list.c :87 :List_push) gay shit
DEBUG: (src/list.c :87 :List_push) gay shit
DEBUG: (src/list.c :87 :List_push) gay shit
DEBUG: (src/list.c :87 :List_push) gay shit
DEBUG: (src/list.c :87 :List_push) gay shit
DEBUG: (src/list.c :87 :List_push) gay shit
DEBUG: (src/list.c :87 :List_push) gay shit
DEBUG: (src/list.c :87 :List_push) gay shit
DEBUG: (src/list.c :87 :List_push) gay shit
DEBUG: (src/list.c :87 :List_push) gay shit
DEBUG: (src/list.c :87 :List_push) gay shit
DEBUG: (src/list.c :87 :List_push) gay shit
DEBUG: (src/list.c :87 :List_push) gay shit
DEBUG: (src/list.c :87 :List_push) gay shit
DEBUG: (src/list.c :87 :List_push) gay shit
DEBUG: (src/list.c :87 :List_push) gay shit
DEBUG: (src/list.c :87 :List_push) gay shit
DEBUG: (src/list.c :87 :List_push) gay shit
DEBUG: (src/list.c :87 :List_push) gay shit
DEBUG: (src/list.c :87 :List_push) gay shit
DEBUG: (src/list.c :87 :List_push) gay shit
DEBUG: (src/list.c :87 :List_push) gay shit
DEBUG: (src/list.c :87 :List_push) gay shit
DEBUG: (src/list.c :87 :List_push) gay shit
DEBUG: (src/list.c :87 :List_push) gay shit
DEBUG: (src/list.c :87 :List_push) gay shit
DEBUG: (src/list.c :87 :List_push) gay shit
DEBUG: (src/list.c :87 :List_push) gay shit
DEBUG: (src/list.c :87 :List_push) gay shit
DEBUG: (src/list.c :87 :List_push) gay shit
DEBUG: (src/list.c :87 :List_push) gay shit
DEBUG: (src/list.c :87 :List_push) gay shit
DEBUG: (src/list.c :87 :List_push) gay shit
DEBUG: (src/list.c :87 :List_push) gay shit
DEBUG: (src/list.c :87 :List_push) gay shit
DEBUG: (src/list.c :87 :List_push) gay shit
DEBUG: (src/list.c :87 :List_push) gay shit
DEBUG: (src/list.c :87 :List_push) gay shit
DEBUG: (src/list.c :87 :List_push) gay shit
DEBUG: (src/list.c :87 :List_push) gay shit
DEBUG: (src/list.c :87 :List_push) gay shit
DEBUG: (src/list.c :87 :List_push) gay shit
DEBUG: (src/list.c :87 :List_push) gay shit
DEBUG: (src/list.c :87 :List_push) gay shit
DEBUG: (src/list.c :87 :List_push) gay shit
DEBUG: (src/list.c :87 :List_push) gay shit
DEBUG: (src/list.c :87 :List_push) gay shit
DEBUG: (src/list.c :87 :List_push) gay shit
DEBUG: (src/list.c :87 :List_push) gay shit
DEBUG: (src/list.c :87 :List_push) gay shit
DEBUG: (src/list.c :87 :List_push) gay shit
DEBUG: (src/list.c :87 :List_push) gay shit
DEBUG: (src/list.c :87 :List_push) gay shit
DEBUG: (src/list.c :87 :List_push) gay shit
DEBUG: (src/list.c :87 :List_push) gay shit
DEBUG: (src/list.c :87 :List_push) gay shit
DEBUG: (src/list.c :87 :List_push) gay shit
DEBUG: (src/list.c :87 :List_push) gay shit
DEBUG: (src/list.c :87 :List_push) gay shit
DEBUG: (src/list.c :87 :List_push) gay shit
DEBUG: (src/list.c :87 :List_push) gay shit
DEBUG: (src/list.c :87 :List_push) gay shit
DEBUG: (src/list.c :87 :List_push) gay shit
DEBUG: (src/list.c :87 :List_push) gay shit
DEBUG: (src/list.c :87 :List_push) gay shit
DEBUG: (src/list.c :87 :List_push) gay shit
DEBUG: (src/list.c :87 :List_push) gay shit
DEBUG: (src/list.c :87 :List_push) gay shit
DEBUG: (src/list.c :87 :List_push) gay shit
DEBUG: (src/list.c :87 :List_push) gay shit
DEBUG: (src/list.c :87 :List_push) gay shit
DEBUG: (src/list.c :87 :List_push) gay shit
DEBUG: (src/list.c :87 :List_push) gay shit
DEBUG: (src/list.c :87 :List_push) gay shit
DEBUG: (src/list.c :87 :List_push) gay shit
DEBUG: (src/list.c :87 :List_push) gay shit
DEBUG: (src/list.c :87 :List_push) gay shit
DEBUG: (src/list.c :87 :List_push) gay shit
DEBUG: (src/list.c :87 :List_push) gay shit
DEBUG: (src/list.c :87 :List_push) gay shit
DEBUG: (src/list.c :87 :List_push) gay shit
DEBUG: (src/list.c :87 :List_push) gay shit
DEBUG: (src/list.c :87 :List_push) gay shit
DEBUG: (src/list.c :87 :List_push) gay shit
DEBUG: (src/list.c :87 :List_push) gay shit
DEBUG: (src/list.c :87 :List_push) gay shit
DEBUG: (src/list.c :87 :List_push) gay shit
DEBUG: (src/list.c :87 :List_push) gay shit
DEBUG: (src/list.c :87 :List_push) gay shit
DEBUG: (src/list.c :87 :List_push) gay shit
DEBUG: (src/list.c :87 :List_push) gay shit
DEBUG: (src/list.c :87 :List_push) gay shit
DEBUG: (src/list.c :87 :List_push) gay shit
DEBUG: (src/list.c :87 :List_push) gay shit
DEBUG: (src/list.c :87 :List_push) gay shit
DEBUG: (src/list.c :87 :List_push) gay shit
DEBUG: (src/list.c :87 :List_push) gay shit
DEBUG: (src/list.c :87 :List_push) gay shit
DEBUG: (src/list.c :87 :List_push) gay shit
DEBUG: (src/list.c :87 :List_push) gay shit
DEBUG: (src/list.c :87 :List_push) gay shit
DEBUG: (src/list.c :87 :List_push) gay shit
DEBUG: (src/list.c :87 :List_push) gay shit
DEBUG: (src/list.c :87 :List_push) gay shit
DEBUG: (src/list.c :87 :List_push) gay shit
DEBUG: (src/list.c :87 :List_push) gay shit
DEBUG: (src/list.c :87 :List_push) gay shit
DEBUG: (src/list.c :87 :List_push) gay shit
DEBUG: (src/list.c :87 :List_push) gay shit
DEBUG: (src/list.c :87 :List_push) gay shit
DEBUG: (src/list.c :87 :List_push) gay shit
DEBUG: (src/list.c :87 :List_push) gay shit
DEBUG: (src/list.c :87 :List_push) gay shit
DEBUG: (src/list.c :87 :List_push) gay shit
DEBUG: (src/list.c :87 :List_push) gay shit
DEBUG: (src/list.c :87 :List_push) gay shit
DEBUG: (src/list.c :87 :List_push) gay shit
DEBUG: (src/list.c :87 :List_push) gay shit
DEBUG: (src/list.c :87 :List_push) gay shit
DEBUG: (src/list.c :87 :List_push) gay shit
DEBUG: (src/list.c :87 :List_push) gay shit
DEBUG: (src/list.c :87 :List_push) gay shit
DEBUG: (src/list.c :87 :List_push) gay shit
DEBUG: (src/list.c :87 :List_push) gay shit
DEBUG: (src/list.c :87 :List_push) gay shit
DEBUG: (src/list.c :87 :List_push) gay shit
DEBUG: (src/list.c :87 :List_push) gay shit
DEBUG: (src/list.c :87 :List_push) gay shit
DEBUG: (src/list.c :87 :List_push) gay shit
DEBUG: (src/list.c :87 :List_push) gay shit
DEBUG: (src/list.c :87 :List_push) gay shit
DEBUG: (src/list.c :87 :List_push) gay shit
DEBUG: (src/list.c :87 :List_push) gay shit
DEBUG: (src/list.c :87 :List_push) gay shit
DEBUG: (src/list.c :87 :List_push) gay shit
DEBUG: (src/list.c :87 :List_push) gay shit
DEBUG: (src/list.c :87 :List_push) gay shit
DEBUG: (src/list.c :87 :List_push) gay shit
DEBUG: (src/list.c :87 :List_push) gay shit
DEBUG: (src/list.c :87 :List_push) gay shit
DEBUG: (src/list.c :87 :List_push) gay shit
DEBUG: (src/list.c :87 :List_push) gay shit
DEBUG: (src/list.c :87 :List_push) gay shit
DEBUG: (src/list.c :87 :List_push) gay shit
DEBUG: (src/list.c :87 :List_push) gay shit
DEBUG: (src/list.c :87 :List_push) gay shit
DEBUG: (src/list.c :87 :List_push) gay shit
DEBUG: (src/list.c :87 :List_push) gay shit
DEBUG: (src/list.c :87 :List_push) gay shit
DEBUG: (src/list.c :87 :List_push) gay shit
DEBUG: (src/list.c :87 :List_push) gay shit
DEBUG: (src/list.c :87 :List_push) gay shit
DEBUG: (src/list.c :87 :List_push) gay shit
DEBUG: (src/list.c :87 :List_push) gay shit
DEBUG: (src/list.c :87 :List_push) gay shit
DEBUG: (src/list.c :87 :List_push) gay shit
DEBUG: (src/list.c :87 :List_push) gay shit
DEBUG: (src/list.c :87 :List_push) gay shit
DEBUG: (src/list.c :87 :List_push) gay shit
DEBUG: (src/list.c :87 :List_push) gay shit
DEBUG: (src/list.c :87 :List_push) gay shit
DEBUG: (src/list.c :87 :List_push) gay shit
DEBUG: (src/list.c :87 :List_push) gay shit
DEBUG: (src/list.c :87 :List_push) gay shit
DEBUG: (src/list.c :87 :List_push) gay shit
DEBUG: (src/list.c :87 :List_push) gay shit
DEBUG: (src/list.c :87 :List_push) gay shit
DEBUG: (src/list.c :87 :List_push) gay shit
DEBUG: (src/list.c :87 :List_push) gay shit
DEBUG: (src/list.c :87 :List_push) gay shit
DEBUG: (src/list.c :87 :List_push) gay shit
DEBUG: (src/list.c :87 :List_push) gay shit
DEBUG: (src/list.c :87 :List_push) gay shit
DEBUG: (src/list.c :87 :List_push) gay shit
DEBUG: (src/list.c :87 :List_push) gay shit
DEBUG: (src/list.c :87 :List_push) gay shit
DEBUG: (src/list.c :87 :List_push) gay shit
DEBUG: (src/list.c :87 :List_push) gay shit
DEBUG: (src/list.c :87 :List_push) gay shit
DEBUG: (src/list.c :87 :List_push) gay shit
DEBUG: (src/list.c :87 :List_push) gay shit
DEBUG: (src/list.c :87 :List_push) gay shit
DEBUG: (src/list.c :87 :List_push) gay shit
DEBUG: (src/list.c :87 :List_push) gay shit
DEBUG: (src/list.c :87 :List_push) gay shit
DEBUG: (src/list.c :87 :List_push) gay shit
DEBUG: (src/list.c :87 :List_push) gay shit
DEBUG: (src/list.c :87 :List_push) gay shit
DEBUG: (src/list.c :87 :List_push) gay shit
DEBUG: (src/list.c :87 :List_push) gay shit
DEBUG: (src/list.c :87 :List_push) gay shit
DEBUG: (src/list.c :87 :List_push) gay shit
DEBUG: (src/list.c :87 :List_push) gay shit
DEBUG: (src/list.c :87 :List_push) gay shit
DEBUG: (src/list.c :87 :List_push) gay shit
DEBUG: (src/list.c :87 :List_push) gay shit
DEBUG: (src/list.c :87 :List_push) gay shit
DEBUG: (src/list.c :87 :List_push) gay shit
DEBUG: (src/list.c :87 :List_push) gay shit
DEBUG: (src/list.c :87 :List_push) gay shit
DEBUG: (src/list.c :87 :List_push) gay shit
DEBUG: (src/list.c :87 :List_push) gay shit
DEBUG: (src/list.c :87 :List_push) gay shit
DEBUG: (src/list.c :87 :List_push) gay shit
DEBUG: (src/list.c :87 :List_push) gay shit
DEBUG: (src/list.c :87 :List_push) gay shit
DEBUG: (src/list.c :87 :List_push) gay shit
DEBUG: (src/list.c :87 :List_push) gay shit
DEBUG: (src/list.c :87 :List_push) gay shit
DEBUG: (src/list.c :87 :List_push) gay shit
DEBUG: (src/list.c :87 :List_push) gay shit
DEBUG: (src/list.c :87 :List_push) gay shit
DEBUG: (src/list.c :87 :List_push) gay shit
DEBUG: (src/list.c :87 :List_push) gay shit
DEBUG: (src/list.c :87 :List_push) gay shit
DEBUG: (src/list.c :87 :List_push) gay shit
DEBUG: (src/list.c :87 :List_push) gay shit
DEBUG: (src/list.c :87 :List_push) gay shit
DEBUG: (src/list.c :87 :List_push) gay shit
DEBUG: (src/list.c :87 :List_push) gay shit
DEBUG: (src/list.c :87 :List_push) gay shit
DEBUG: (src/list.c :87 :List_push) gay shit
DEBUG: (src/list.c :87 :List_push) gay shit
DEBUG: (src/list.c :87 :List_push) gay shit
DEBUG: (src/list.c :87 :List_push) gay shit
DEBUG: (src/list.c :87 :List_push) gay shit
DEBUG: (src/list.c :87 :List_push) gay shit
DEBUG: (src/list.c :87 :List_push) gay shit
DEBUG: (src/list.c :87 :List_push) gay shit
DEBUG: (src/list.c :87 :List_push) gay shit
DEBUG: (src/list.c :87 :List_push) gay shit
DEBUG: (src/list.c :87 :List_push) gay shit
DEBUG: (src/list.c :87 :List_push) gay shit
DEBUG: (src/list.c :87 :List_push) gay shit
DEBUG: (src/list.c :87 :List_push) gay shit
DEBUG: (src/list.c :87 :List_push) gay shit
DEBUG: (src/list.c :87 :List_push) gay shit
DEBUG: (src/list.c :87 :List_push) gay shit
DEBUG: (src/list.c :87 :List_push) gay shit
DEBUG: (src/list.c :87 :List_push) gay shit
DEBUG: (src/list.c :87 :List_push) gay shit
DEBUG: (src/list.c :87 :List_push) gay shit
DEBUG: (src/list.c :87 :List_push) gay shit
DEBUG: (src/list.c :87 :List_push) gay shit
DEBUG: (src/list.c :87 :List_push) gay shit
DEBUG: (src/list.c :87 :List_push) gay shit
DEBUG: (src/list.c :87 :List_push) gay shit
DEBUG: (src/list.c :87 :List_push) gay shit
DEBUG: (src/list.c :87 :List_push) gay shit
DEBUG: (src/list.c :87 :List_push) gay shit
DEBUG: (src/list.c :87 :List_push) gay shit
DEBUG: (src/list.c :87 :List_push) gay shit
DEBUG: (src/list.c :87 :List_push) gay shit
DEBUG: (src/list.c :87 :List_push) gay shit
DEBUG: (src/list.c :87 :List_push) gay shit
DEBUG: (src/list.c :87 :List_push) gay shit
DEBUG: (src/list.c :87 :List_push) gay shit
DEBUG: (src/list.c :87 :List_push) gay shit
DEBUG: (src/list.c :87 :List_push) gay shit
DEBUG: (src/list.c :87 :List_push) gay shit
DEBUG: (src/list.c :87 :List_push) gay shit
DEBUG: (src/list.c :87 :List_push) gay shit
DEBUG: (src/list.c :87 :List_push) gay shit
DEBUG: (src/list.c :87 :List_push) gay shit
DEBUG: (src/list.c :87 :List_push) gay shit
DEBUG: (src/list.c :87 :List_push) gay shit
DEBUG: (src/list.c :87 :List_push) gay shit
DEBUG: (src/list.c :87 :List_push) gay shit
DEBUG: (src/list.c :87 :List_push) gay shit
DEBUG: (src/list.c :87 :List_push) gay shit
DEBUG: (src/list.c :87 :List_push) gay shit
DEBUG: (src/list.c :87 :List_push) gay shit
DEBUG: (src/list.c :87 :List_push) gay shit
DEBUG: (src/list.c :87 :List_push) gay shit
DEBUG: (src/list.c :87 :List_push) gay shit
DEBUG: (src/list.c :87 :List_push) gay shit
DEBUG: (src/list.c :87 :List_push) gay shit
DEBUG: (src/list.c :87 :List_push) gay shit
DEBUG: (src/list.c :87 :List_push) gay shit
DEBUG: (src/list.c :87 :List_push) gay shit
DEBUG: (src/list.c :87 :List_push) gay shit
DEBUG: (src/list.c :87 :List_push) gay shit
DEBUG: (src/list.c :87 :List_push) gay shit
DEBUG: (src/list.c :87 :List_push) gay shit
DEBUG: (src/list.c :87 :List_push) gay shit
DEBUG: (src/list.c :87 :List_push) gay shit
DEBUG: (src/list.c :87 :List_push) gay shit
DEBUG: (src/list.c :87 :List_push) gay shit
DEBUG: (src/list.c :87 :List_push) gay shit
DEBUG: (src/list.c :87 :List_push) gay shit
DEBUG: (src/list.c :87 :List_push) gay shit
DEBUG: (src/list.c :87 :List_push) gay shit
DEBUG: (src/list.c :87 :List_push) gay shit
DEBUG: (src/list.c :87 :List_push) gay shit
DEBUG: (src/list.c :87 :List_push) gay shit
DEBUG: (src/list.c :87 :List_push) gay shit
DEBUG: (src/list.c :87 :List_push) gay shit
DEBUG: (src/list.c :87 :List_push) gay shit
DEBUG: (src/list.c :87 :List_push) gay shit
DEBUG: (src/list.c :87 :List_push) gay shit
DEBUG: (src/list.c :87 :List_push) gay shit
DEBUG: (src/list.c :87 :List_push) gay shit
DEBUG: (src/list.c :87 :List_push) gay shit
DEBUG: (src/list.c :87 :List_push) gay shit
DEBUG: (src/list.c :87 :List_push) gay shit
DEBUG: (src/list.c :87 :List_push) gay shit
DEBUG: (src/list.c :87 :List_push) gay shit
DEBUG: (src/list.c :87 :List_push) gay shit
DEBUG: (src/list.c :87 :List_push) gay shit
DEBUG: (src/list.c :87 :List_push) gay shit
DEBUG: (src/list.c :87 :List_push) gay shit
DEBUG: (src/list.c :87 :List_push) gay shit
DEBUG: (src/list.c :87 :List_push) gay shit
DEBUG: (src/list.c :87 :List_push) gay shit
DEBUG: (src/list.c :87 :List_push) gay shit
DEBUG: (src/list.c :87 :List_push) gay shit
DEBUG: (src/list.c :87 :List_push) gay shit
DEBUG: (src/list.c :87 :List_push) gay shit
DEBUG: (src/list.c :87 :List_push) gay shit
DEBUG: (src/list.c :87 :List_push) gay shit
DEBUG: (src/list.c :87 :List_push) gay shit
DEBUG: (src/list.c :87 :List_push) gay shit
DEBUG: (src/list.c :87 :List_push) gay shit
DEBUG: (src/list.c :87 :List_push) gay shit
DEBUG: (src/list.c :87 :List_push) gay shit
DEBUG: (src/list.c :87 :List_push) gay shit
DEBUG: (src/list.c :87 :List_push) gay shit
DEBUG: (src/list.c :87 :List_push) gay shit
DEBUG: (src/list.c :87 :List_push) gay shit
DEBUG: (src/list.c :87 :List_push) gay shit
DEBUG: (src/list.c :87 :List_push) gay shit
DEBUG: (src/list.c :87 :List_push) gay shit
DEBUG: (src/list.c :87 :List_push) gay shit
DEBUG: (src/list.c :87 :List_push) gay shit
DEBUG: (src/list.c :87 :List_push) gay shit
DEBUG: (src/list.c :87 :List_push) gay shit
DEBUG: (src/list.c :87 :List_push) gay shit
DEBUG: (src/list.c :87 :List_push) gay shit
DEBUG: (src/list.c :87 :List_push) gay shit
DEBUG: (src/list.c :87 :List_push) gay shit
DEBUG: (src/list.c :87 :List_push) gay shit
DEBUG: (src/list.c :87 :List_push) gay shit
DEBUG: (src/list.c :87 :List_push) gay shit
DEBUG: (src/list.c :87 :List_push) gay shit
DEBUG: (src/list.c :87 :List_push) gay shit
DEBUG: (src/list.c :87 :List_push) gay shit
DEBUG: (src/list.c :87 :List_push) gay shit
DEBUG: (src/list.c :87 :List_push) gay shit
DEBUG: (src/list.c :87 :List_push) gay shit
DEBUG: (src/list.c :87 :List_push) gay shit
DEBUG: (src/list.c :87 :List_push) gay shit
DEBUG: (src/list.c :87 :List_push) gay shit
DEBUG: (src/list.c :87 :List_push) gay shit
DEBUG: (src/list.c :87 :List_push) gay shit
DEBUG: (src/list.c :87 :List_push) gay shit
DEBUG: (src/list.c :87 :List_push) gay shit
DEBUG: (src/list.c :87 :List_push) gay shit
DEBUG: (src/list.c :87 :List_push) gay shit
DEBUG: (src/list.c :87 :List_push) gay shit
DEBUG: (src/list.c :87 :List_push) gay shit
DEBUG: (src/list.c :87 :List_push) gay shit
DEBUG: (src/list.c :87 :List_push) gay shit
DEBUG: (src/list.c :87 :List_push) gay shit
DEBUG: (src/list.c :87 :List_push) gay shit
DEBUG: (src/list.c :87 :List_push) gay shit
DEBUG: (src/list.c :87 :List_push) gay shit
DEBUG: (src/list.c :87 :List_push) gay shit
DEBUG: (src/list.c :87 :List_push) gay shit
DEBUG: (src/list.c :87 :List_push) gay shit
DEBUG: (src/list.c :87 :List_push) gay shit
DEBUG: (src/list.c :87 :List_push) gay shit
DEBUG: (src/list.c :87 :List_push) gay shit
DEBUG: (src/list.c :87 :List_push) gay shit
DEBUG: (src/list.c :87 :List_push) gay shit
DEBUG: (src/list.c :87 :List_push) gay shit
DEBUG: (src/list.c :87 :List_push) gay shit
DEBUG: (src/list.c :87 :List_push) gay shit
DEBUG: (src/list.c :87 :List_push) gay shit
DEBUG: (src/list.c :87 :List_push) gay shit
DEBUG: (src/list.c :87 :List_push) gay shit
DEBUG: (src/list.c :87 :List_push) gay shit
DEBUG: (src/list.c :87 :List_push) gay shit
DEBUG: (src/list.c :87 :List_push) gay shit
DEBUG: (src/list.c :87 :List_push) gay shit
DEBUG: (src/list.c :87 :List_push) gay shit
DEBUG: (src/list.c :87 :List_push) gay shit
DEBUG: (src/list.c :87 :List_push) gay shit
DEBUG: (src/list.c :87 :List_push) gay shit
DEBUG: (src/list.c :87 :List_push) gay shit
DEBUG: (src/list.c :87 :List_push) gay shit
DEBUG: (src/list.c :87 :List_push) gay shit
DEBUG: (src/list.c :87 :List_push) gay shit
DEBUG: (src/list.c :87 :List_push) gay shit
DEBUG: (src/list.c :87 :List_push) gay shit
DEBUG: (src/list.c :87 :List_push) gay shit
DEBUG: (src/list.c :87 :List_push) gay shit
DEBUG: (src/list.c :87 :List_push) gay shit
DEBUG: (src/list.c :87 :List_push) gay shit
DEBUG: (src/list.c :87 :List_push) gay shit
DEBUG: (src/list.c :87 :List_push) gay shit
DEBUG: (src/list.c :87 :List_push) gay shit
DEBUG: (src/list.c :87 :List_push) gay shit
DEBUG: (src/list.c :87 :List_push) gay shit
DEBUG: (src/list.c :87 :List_push) gay shit
DEBUG: (src/list.c :87 :List_push) gay shit
DEBUG: (src/list.c :87 :List_push) gay shit
DEBUG: (src/list.c :87 :List_push) gay shit
DEBUG: (src/list.c :87 :List_push) gay shit
DEBUG: (src/list.c :87 :List_push) gay shit
DEBUG: (src/list.c :87 :List_push) gay shit
DEBUG: (src/list.c :87 :List_push) gay shit
DEBUG: (src/list.c :87 :List_push) gay shit
DEBUG: (src/list.c :87 :List_push) gay shit
DEBUG: (src/list.c :87 :List_push) gay shit
DEBUG: (src/list.c :87 :List_push) gay shit
DEBUG: (src/list.c :87 :List_push) gay shit
DEBUG: (src/list.c :87 :List_push) gay shit
DEBUG: (src/list.c :87 :List_push) gay shit
DEBUG: (src/list.c :87 :List_push) gay shit
DEBUG: (src/list.c :87 :List_push) gay shit
DEBUG: (src/list.c :87 :List_push) gay shit
DEBUG: (src/list.c :87 :List_push) gay shit
DEBUG: (src/list.c :87 :List_push) gay shit
DEBUG: (src/list.c :87 :List_push) gay shit
DEBUG: (src/list.c :87 :List_push) gay shit
DEBUG: (src/list.c :87 :List_push) gay shit
DEBUG: (src/list.c :87 :List_push) gay shit
DEBUG: (src/list.c :87 :List_push) gay shit
DEBUG: (src/list.c :87 :List_push) gay shit
DEBUG: (src/list.c :87 :List_push) gay shit
DEBUG: (src/list.c :87 :List_push) gay shit
DEBUG: (src/list.c :87 :List_push) gay shit
DEBUG: (src/list.c :87 :List_push) gay shit
DEBUG: (src/list.c :87 :List_push) gay shit
DEBUG: (src/list.c :87 :List_push) gay shit
DEBUG: (src/list.c :87 :List_push) gay shit
DEBUG: (src/list.c :87 :List_push) gay shit
DEBUG: (src/list.c :87 :List_push) gay shit
DEBUG: (src/list.c :87 :List_push) gay shit
DEBUG: (src/list.c :87 :List_push) gay shit
DEBUG: (src/list.c :87 :List_push) gay shit
DEBUG: (src/list.c :87 :List_push) gay shit
DEBUG: (src/list.c :87 :List_push) gay shit
DEBUG: (src/list.c :87 :List_push) gay shit
DEBUG: (src/list.c :87 :List_push) gay shit
DEBUG: (src/list.c :87 :List_push) gay shit
DEBUG: (src/list.c :87 :List_push) gay shit
DEBUG: (src/list.c :87 :List_push) gay shit
DEBUG: (src/list.c :87 :List_push) gay shit
DEBUG: (src/list.c :87 :List_push) gay shit
DEBUG: (src/list.c :87 :List_push) gay shit
DEBUG: (src/list.c :87 :List_push) gay shit
DEBUG: (src/list.c :87 :List_push) gay shit
DEBUG: (src/list.c :87 :List_push) gay shit
DEBUG: (src/list.c :87 :List_push) gay shit
DEBUG: (src/list.c :87 :List_push) gay shit
DEBUG: (src/list.c :87 :List_push) gay shit
DEBUG: (src/list.c :87 :List_push) gay shit
DEBUG: (src/list.c :87 :List_push) gay shit
DEBUG: (src/list.c :87 :List_push) gay shit
DEBUG: (src/list.c :87 :List_push) gay shit
DEBUG: (src/list.c :87 :List_push) gay shit
DEBUG: (src/list.c :87 :List_push) gay shit
DEBUG: (src/list.c :87 :List_push) gay shit
DEBUG: (src/list.c :87 :List_push) gay shit
DEBUG: (src/list.c :87 :List_push) gay shit
DEBUG: (src/list.c :87 :List_push) gay shit
DEBUG: (src/list.c :87 :List_push) gay shit
DEBUG: (src/list.c :87 :List_push) gay shit
DEBUG: (src/list.c :87 :List_push) gay shit
DEBUG: (src/list.c :87 :List_push) gay shit
DEBUG: (src/list.c :87 :List_push) gay shit
DEBUG: (src/list.c :87 :List_push) gay shit
DEBUG: (src/list.c :87 :List_push) gay shit
DEBUG: (src/list.c :87 :List_push) gay shit
DEBUG: (src/list.c :87 :List_push) gay shit
DEBUG: (src/list.c :87 :List_push) gay shit
DEBUG: (src/list.c :87 :List_push) gay shit
DEBUG: (src/list.c :87 :List_push) gay shit
DEBUG: (src/list.c :87 :List_push) gay shit
DEBUG: (src/list.c :87 :List_push) gay shit
DEBUG: (src/list.c :87 :List_push) gay shit
DEBUG: (src/list.c :87 :List_push) gay shit
DEBUG: (src/list.c :87 :List_push) gay shit
DEBUG: (src/list.c :87 :List_push) gay shit
DEBUG: (src/list.c :87 :List_push) gay shit
DEBUG: (src/list.c :87 :List_push) gay shit
DEBUG: (src/list.c :87 :List_push) gay shit
DEBUG: (src/list.c :87 :List_push) gay shit
DEBUG: (src/list.c :87 :List_push) gay shit
DEBUG: (src/list.c :87 :List_push) gay shit
DEBUG: (src/list.c :87 :List_push) gay shit
DEBUG: (src/list.c :87 :List_push) gay shit
DEBUG: (src/list.c :87 :List_push) gay shit
DEBUG: (src/list.c :87 :List_push) gay shit
DEBUG: (src/list.c :87 :List_push) gay shit
DEBUG: (src/list.c :87 :List_push) gay shit
DEBUG: (src/list.c :87 :List_push) gay shit
DEBUG: (src/list.c :87 :List_push) gay shit
DEBUG: (src/list.c :87 :List_push) gay shit
DEBUG: (src/list.c :87 :List_push) gay shit
DEBUG: (src/list.c :87 :List_push) gay shit
DEBUG: (src/list.c :87 :List_push) gay shit
DEBUG: (src/list.c :87 :List_push) gay shit
DEBUG: (src/list.c :87 :List_push) gay shit
DEBUG: (src/list.c :87 :List_push) gay shit
DEBUG: (src/list.c :87 :List_push) gay shit
DEBUG: (src/list.c :87 :List_push) gay shit
DEBUG: (src/list.c :87 :List_push) gay shit
DEBUG: (src/list.c :87 :List_push) gay shit
DEBUG: (src/list.c :87 :List_push) gay shit
DEBUG: (src/list.c :87 :List_push) gay shit
DEBUG: (src/list.c :87 :List_push) gay shit
DEBUG: (src/list.c :87 :List_push) gay shit
DEBUG: (src/list.c :87 :List_push) gay shit
DEBUG: (src/list.c :87 :List_push) gay shit
DEBUG: (src/list.c :87 :List_push) gay shit
DEBUG: (src/list.c :87 :List_push) gay shit
DEBUG: (src/list.c :87 :List_push) gay shit
DEBUG: (src/list.c :87 :List_push) gay shit
DEBUG: (src/list.c :87 :List_push) gay shit
DEBUG: (src/list.c :87 :List_push) gay shit
DEBUG: (src/list.c :87 :List_push) gay shit
DEBUG: (src/list.c :87 :List_push) gay shit
DEBUG: (src/list.c :87 :List_push) gay shit
DEBUG: (src/list.c :87 :List_push) gay shit
DEBUG: (src/list.c :87 :List_push) gay shit
DEBUG: (src/list.c :87 :List_push) gay shit
DEBUG: (src/list.c :87 :List_push) gay shit
DEBUG: (src/list.c :87 :List_push) gay shit
DEBUG: (src/list.c :87 :List_push) gay shit
DEBUG: (src/list.c :87 :List_push) gay shit
DEBUG: (src/list.c :87 :List_push) gay shit
DEBUG: (src/list.c :87 :List_push) gay shit
DEBUG: (src/list.c :87 :List_push) gay shit
DEBUG: (src/list.c :87 :List_push) gay shit
DEBUG: (src/list.c :87 :List_push) gay shit
DEBUG: (src/list.c :87 :List_push) gay shit
DEBUG: (src/list.c :87 :List_push) gay shit
DEBUG: (src/list.c :87 :List_push) gay shit
DEBUG: (src/list.c :87 :List_push) gay shit
DEBUG: (src/list.c :87 :List_push) gay shit
DEBUG: (src/list.c :87 :List_push) gay shit
DEBUG: (src/list.c :87 :List_push) gay shit
DEBUG: (src/list.c :87 :List_push) gay shit
DEBUG: (src/list.c :87 :List_push) gay shit
DEBUG: (src/list.c :87 :List_push) gay shit
DEBUG: (src/list.c :87 :List_push) gay shit
DEBUG: (src/list.c :87 :List_push) gay shit
DEBUG: (src/list.c :87 :List_push) gay shit
DEBUG: (src/list.c :87 :List_push) gay shit
DEBUG: (src/list.c :87 :List_push) gay shit
DEBUG: (test/list_algos_tests.c :73 :test_speed) time1: 55780 vs time2: 44783
DEBUG: (test/list_algos_tests.c :91 :all_tests) 
------test_insert
DEBUG: (src/list.c :87 :List_push) gay shit
DEBUG: (src/list.c :87 :List_push) gay shit
DEBUG: (test/list_tests.c :79 :main) -----RUNNING :././test/list_tests
DEBUG: (test/list_tests.c :71 :all_tests) 
------test_create
DEBUG: (test/list_tests.c :72 :all_tests) 
------test_destroy
DEBUG: (test/list_tests.c :73 :all_tests) 
------test_push_pop
DEBUG: (src/list.c :87 :List_push) gay shit
DEBUG: (src/list.c :87 :List_push) gay shit
DEBUG: (src/list.c :87 :List_push) gay shit
DEBUG: (test/list_tests.c :74 :all_tests) 
------test_unshift
DEBUG: (test/list_tests.c :75 :all_tests) 
------test_remove
DEBUG: (test/list_tests.c :47 :test_remove) good af
DEBUG: (test/list_tests.c :50 :test_remove) true_test_remove
DEBUG: (test/list_tests.c :76 :all_tests) 
------test_shift
DEBUG: (test/list_tests.c :59 :test_shift) true test_shift
DEBUG: (test/proc_request_tests.c :66 :main) -----RUNNING :././test/proc_request_tests
DEBUG: (test/proc_request_tests.c :60 :all_test) 
------test_create
DEBUG: (src/proc_request.c :112 :process_request) a/b/c address: (nil)
DEBUG: (src/proc_request.c :118 :process_request) command is create a/b/c
DEBUG: (src/proc_request.c :121 :process_request) data is : create and name is a/b/c
DEBUG: (src/proc_request.c :34 :create_request) 0x5600e3deb780
DEBUG: (src/tstree.c :46 :TSTree_delim_insert_base) node->stat is :0x5600e3deb8b0
DEBUG: (src/list.c :87 :List_push) gay shit
DEBUG: (src/tstree.c :46 :TSTree_delim_insert_base) node->stat is :0x5600e3deb980
DEBUG: (src/list.c :87 :List_push) gay shit
DEBUG: (src/proc_request.c :112 :process_request) a/b/c address: 0x5600e3deb9d0
DEBUG: (src/proc_request.c :118 :process_request) command is create a/b/d
DEBUG: (src/proc_request.c :121 :process_request) data is : create and name is a/b/d
DEBUG: (src/proc_request.c :34 :create_request) 0x5600e3debb10
DEBUG: (src/list.c :87 :List_push) gay shit
DEBUG: (src/list.c :87 :List_push) gay shit
DEBUG: (test/proc_request_tests.c :16 :test_create) root is 0x5600e3deb830
DEBUG: (test/proc_request_tests.c :61 :all_test) 
------test_update
DEBUG: (src/proc_request.c :112 :process_request) a/b/c address: 0x5600e3deb9d0
DEBUG: (src/proc_request.c :118 :process_request) command is update a/b/c 1 2 3 4
DEBUG: (src/proc_request.c :121 :process_request) data is : update and name is a/b/c
DEBUG: (src/list.c :87 :List_push) gay shit
DEBUG: (src/list.c :87 :List_push) gay shit
DEBUG: (src/tstree.c :155 :TSTree_delim_search) node be4 push: 0x5600e3deb7b0
DEBUG: (src/list.c :87 :List_push) gay shit
DEBUG: (src/tstree.c :159 :TSTree_delim_search) node after push: 0x5600e3deb7b0
DEBUG: (src/proc_request.c :58 :update_request) length of list is 3
DEBUG: (src/tstree.c :270 :update_tracer) oh ok man
DEBUG: (src/tstree.c :270 :update_tracer) oh ok man
DEBUG: (src/tstree.c :288 :update_tracer) oh ok again
DEBUG: (src/tstree.c :288 :update_tracer) oh ok again
DEBUG: (src/tstree.c :293 :update_tracer) stat is 10.000000
DEBUG: (src/proc_request.c :69 :update_request) a/b/: 2.500000
DEBUG: (test/proc_request_tests.c :22 :test_update) a/b/c: 4 and 10.000000
DEBUG: (src/proc_request.c :112 :process_request) a/b/c address: 0x5600e3deb9d0
DEBUG: (src/proc_request.c :118 :process_request) command is update clgt 1 2 3 4
DEBUG: (src/proc_request.c :121 :process_request) data is : update and name is clgt
DEBUG: (src/proc_request.c :58 :update_request) length of list is 0
DEBUG: (src/proc_request.c :112 :process_request) a/b/c address: 0x5600e3deb9d0
DEBUG: (src/proc_request.c :118 :process_request) command is update a/b/d 1 3 5
DEBUG: (src/proc_request.c :121 :process_request) data is : update and name is a/b/d
DEBUG: (src/list.c :87 :List_push) gay shit
DEBUG: (src/list.c :87 :List_push) gay shit
DEBUG: (src/tstree.c :155 :TSTree_delim_search) node be4 push: 0x5600e3debb40
DEBUG: (src/list.c :87 :List_push) gay shit
DEBUG: (src/tstree.c :159 :TSTree_delim_search) node after push: 0x5600e3debb40
DEBUG: (src/proc_request.c :58 :update_request) length of list is 3
DEBUG: (src/tstree.c :270 :update_tracer) oh ok man
DEBUG: (src/tstree.c :270 :update_tracer) oh ok man
DEBUG: (src/tstree.c :288 :update_tracer) oh ok again
DEBUG: (src/tstree.c :288 :update_tracer) oh ok again
DEBUG: (src/tstree.c :293 :update_tracer) stat is 9.000000
DEBUG: (src/proc_request.c :69 :update_request) a/b/: 5.500000
DEBUG: (test/proc_request_tests.c :27 :test_update) a/b/: 2 and 5.500000
DEBUG: (test/proc_request_tests.c :62 :all_test) 
------test_read
DEBUG: (src/proc_request.c :112 :process_request) a/b/c address: 0x5600e3deb9d0
DEBUG: (src/proc_request.c :118 :process_request) command is read a/b/c
DEBUG: (src/proc_request.c :121 :process_request) data is : read and name is a/b/c
DEBUG: (src/proc_request.c :127 :process_request) still ok?
DEBUG: (src/proc_request.c :42 :read_request) still ok here?
DEBUG: (src/proc_request.c :44 :read_request) after this?
DEBUG: (src/proc_request.c :48 :read_request) this? : 0x5600e3deb7b0, 0x5600e3deb780
DEBUG: (src/proc_request.c :112 :process_request) a/b/c address: 0x5600e3deb9d0
DEBUG: (src/proc_request.c :118 :process_request) command is read a/b/q
DEBUG: (src/proc_request.c :121 :process_request) data is : read and name is a/b/q
DEBUG: (src/proc_request.c :127 :process_request) still ok?
DEBUG: (src/proc_request.c :42 :read_request) still ok here?
DEBUG: (src/proc_request.c :44 :read_request) after this?
ERROR: (src/proc_request.c : 45 :read_request :errno None ) error: statistic doesn't exist
DEBUG: (test/proc_request_tests.c :37 :test_read) root is 0x5600e3deb830
DEBUG: (test/proc_request_tests.c :63 :all_test) 
------test_delete
DEBUG: (src/proc_request.c :112 :process_request) a/b/c address: 0x5600e3deb9d0
DEBUG: (src/proc_request.c :118 :process_request) command is delete a/b/f
DEBUG: (src/proc_request.c :121 :process_request) data is : delete and name is a/b/f
DEBUG: (src/list.c :87 :List_push) gay shit
DEBUG: (src/list.c :87 :List_push) gay shit
DEBUG: (test/proc_request_tests.c :43 :test_delete) root is 0x5600e3deb830
DEBUG: (src/proc_request.c :112 :process_request) a/b/c address: 0x5600e3deb9d0
DEBUG: (src/proc_request.c :118 :process_request) command is delete a/b/d
DEBUG: (src/proc_request.c :121 :process_request) data is : delete and name is a/b/d
DEBUG: (src/list.c :87 :List_push) gay shit
DEBUG: (src/list.c :87 :List_push) gay shit
DEBUG: (src/list.c :87 :List_push) gay shit
DEBUG: (src/tstree.c :270 :update_tracer) oh ok man
DEBUG: (src/tstree.c :270 :update_tracer) oh ok man
DEBUG: (src/tstree.c :288 :update_tracer) oh ok again
DEBUG: (src/tstree.c :288 :update_tracer) oh ok again
DEBUG: (src/tstree.c :293 :update_tracer) stat is 0.000000
DEBUG: (src/proc_request.c :112 :process_request) a/b/c address: 0x5600e3deb9d0
DEBUG: (src/proc_request.c :118 :process_request) command is read a/b/d
DEBUG: (src/proc_request.c :121 :process_request) data is : read and name is a/b/d
DEBUG: (src/proc_request.c :127 :process_request) still ok?
DEBUG: (src/proc_request.c :42 :read_request) still ok here?
DEBUG: (src/proc_request.c :44 :read_request) after this?
ERROR: (src/proc_request.c : 45 :read_request :errno None ) error: statistic doesn't exist
DEBUG: (test/proc_request_tests.c :47 :test_delete) 2.500000
DEBUG: (src/proc_request.c :112 :process_request) a/b/c address: 0x5600e3deb9d0
DEBUG: (src/proc_request.c :118 :process_request) command is delete a/b/
DEBUG: (src/proc_request.c :121 :process_request) data is : delete and name is a/b/
DEBUG: (src/list.c :87 :List_push) gay shit
DEBUG: (src/list.c :87 :List_push) gay shit
DEBUG: (src/tstree.c :270 :update_tracer) oh ok man
DEBUG: (src/tstree.c :288 :update_tracer) oh ok again
DEBUG: (src/tstree.c :293 :update_tracer) stat is 0.000000
DEBUG: (src/proc_request.c :112 :process_request) a/b/c address: (nil)
DEBUG: (src/proc_request.c :118 :process_request) command is read a/b/c
DEBUG: (src/proc_request.c :121 :process_request) data is : read and name is a/b/c
DEBUG: (src/proc_request.c :127 :process_request) still ok?
DEBUG: (src/proc_request.c :42 :read_request) still ok here?
DEBUG: (src/proc_request.c :44 :read_request) after this?
ERROR: (src/proc_request.c : 45 :read_request :errno None ) error: statistic doesn't exist
DEBUG: (test/queue_tests.c :41 :main) -----RUNNING :././test/queue_tests
DEBUG: (test/queue_tests.c :36 :all_tests) 
------test_create
DEBUG: (test/queue_tests.c :37 :all_tests) 
------test_send_recv
DEBUG: (src/list.c :87 :List_push) gay shit
DEBUG: (src/list.c :87 :List_push) gay shit
DEBUG: (src/list.c :87 :List_push) gay shit
DEBUG: (test/queue_tests.c :25 :test_send_recv) VAL: test1 data
DEBUG: (test/queue_tests.c :25 :test_send_recv) VAL: test2 data
DEBUG: (test/queue_tests.c :25 :test_send_recv) VAL: test3 data
DEBUG: (test/queue_tests.c :38 :all_tests) 
------test_destroy
DEBUG: (test/radixmap_tests.c :75 :main) -----RUNNING :././test/radixmap_tests
DEBUG: (test/radixmap_tests.c :72 :all_tests) 
------test_operations
DEBUG: (test/radixmap_tests.c :46 :test_operations) nothing goes wrong
DEBUG: (test/radixmap_tests.c :52 :test_operations) 9 ccc
DEBUG: (test/ringbuffer_tests.c :129 :main) -----RUNNING :././test/ringbuffer_tests
DEBUG: (test/ringbuffer_tests.c :117 :all_tests) 
------test_create
DEBUG: (test/ringbuffer_tests.c :118 :all_tests) 
------test_read_write
DEBUG: (test/ringbuffer_tests.c :20 :test_read_write) start end 0 0
DEBUG: (test/ringbuffer_tests.c :22 :test_read_write) start1 end 0 0
DEBUG: (test/ringbuffer_tests.c :26 :test_read_write) start2 end 5 0
DEBUG: (test/ringbuffer_tests.c :30 :test_read_write) start3 end 8 0
DEBUG: (test/ringbuffer_tests.c :35 :test_read_write) 89014
DEBUG: (test/ringbuffer_tests.c :119 :all_tests) 
------test_get_all
DEBUG: (test/ringbuffer_tests.c :120 :all_tests) 
------test_destroy
DEBUG: (test/ringbuffer_tests.c :121 :all_tests) 
------test_create1
DEBUG: (test/ringbuffer_tests.c :122 :all_tests) 
------test_read_write1
DEBUG: (test/ringbuffer_tests.c :51 :test_read_write1) start end 0 0
DEBUG: (test/ringbuffer_tests.c :53 :test_read_write1) start1 end 0 10
DEBUG: (test/ringbuffer_tests.c :57 :test_read_write1) start2 end 5 10
DEBUG: (test/ringbuffer_tests.c :61 :test_read_write1) start3 end 8 10
DEBUG: (test/ringbuffer_tests.c :66 :test_read_write1) 89014
DEBUG: (test/ringbuffer_tests.c :123 :all_tests) 
------test_destroy1
DEBUG: (test/stack_tests.c :41 :main) -----RUNNING :././test/stack_tests
DEBUG: (test/stack_tests.c :36 :all_tests) 
------test_create
DEBUG: (test/stack_tests.c :37 :all_tests) 
------test_push_pop
DEBUG: (src/list.c :87 :List_push) gay shit
DEBUG: (src/list.c :87 :List_push) gay shit
DEBUG: (src/list.c :87 :List_push) gay shit
DEBUG: (test/stack_tests.c :25 :test_push_pop) VAL: test1 data
DEBUG: (test/stack_tests.c :25 :test_push_pop) VAL: test2 data
DEBUG: (test/stack_tests.c :25 :test_push_pop) VAL: test3 data
DEBUG: (test/stack_tests.c :38 :all_tests) 
------test_destroy
DEBUG: (test/stats_tests.c :49 :main) -----RUNNING :././test/stats_tests
DEBUG: (test/stats_tests.c :45 :all_tests) 
------test_operations
sum : 55.846019, sumsq 425.164097, n: 10,min:0.333348, max: 9.678320,mean: 5.584602, stddev: 3.547868 
DEBUG: (test/stats_tests.c :46 :all_tests) 
------test_recreate
DEBUG: (test/suffix_tree_tests.c :16 :main) -----RUNNING :././test/suffix_tree_tests
DEBUG: (test/suffix_tree_tests.c :13 :all_test) 
------create_tree_test
WARN (src/suffix_tree.c: 9: Suffix_create_node : errno None)Creating root node, if you see this line twice, then there are 2 roots in your tree
DEBUG: (src/suffix_tree.c :44 :Suffix_tree_build) 
end: a
DEBUG: (src/suffix_tree.c :55 :Suffix_tree_build)  creating new edge node: 0x563435f81670 
 prev_node 0x563435f81670:
 active_node : 0x563435f81670 active_edge:   active_len: 0 
 remain: 0 
DEBUG: (src/suffix_tree.c :44 :Suffix_tree_build) 
end: b
DEBUG: (src/suffix_tree.c :55 :Suffix_tree_build)  creating new edge node: 0x563435f81670 
 prev_node 0x563435f81670:
 active_node : 0x563435f81670 active_edge:   active_len: 0 
 remain: 0 
DEBUG: (src/suffix_tree.c :44 :Suffix_tree_build) 
end: c
DEBUG: (src/suffix_tree.c :55 :Suffix_tree_build)  creating new edge node: 0x563435f81670 
 prev_node 0x563435f81670:
 active_node : 0x563435f81670 active_edge:   active_len: 0 
 remain: 0 
DEBUG: (src/suffix_tree.c :44 :Suffix_tree_build) 
end: a
DEBUG: (src/suffix_tree.c :59 :Suffix_tree_build) already exist edge node: 0x563435f81670 
 prev_node (nil):
 active_node : 0x563435f81670 active_edge: a active_len: 1 
 remain: 1 
DEBUG: (src/suffix_tree.c :44 :Suffix_tree_build) 
end: b
DEBUG: (src/suffix_tree.c :71 :Suffix_tree_build) already exist suffix,node: 0x563435f81670 
 prev_node (nil):
 active_node : 0x563435f81670 active_edge: a active_len: 2 
 remain: 2 
DEBUG: (src/suffix_tree.c :44 :Suffix_tree_build) 
end: x
DEBUG: (src/suffix_tree.c :87 :Suffix_tree_build) splitting existing edge, node: 0x563435f817b0 
 prev_node 0x563435f817b0:
 active_node : 0x563435f81670 active_edge: b active_len: 1 
 remain: 2 
DEBUG: (src/suffix_tree.c :87 :Suffix_tree_build) splitting existing edge, node: 0x563435f818f0 
 prev_node 0x563435f818f0:
 active_node : 0x563435f81670 active_edge: x active_len: 0 
 remain: 1 
DEBUG: (src/suffix_tree.c :55 :Suffix_tree_build)  creating new edge node: 0x563435f818f0 
 prev_node 0x563435f81670:
 active_node : 0x563435f81670 active_edge: x active_len: 0 
 remain: 0 
DEBUG: (src/suffix_tree.c :44 :Suffix_tree_build) 
end: a
DEBUG: (src/suffix_tree.c :59 :Suffix_tree_build) already exist edge node: 0x563435f818f0 
 prev_node (nil):
 active_node : 0x563435f81670 active_edge: a active_len: 1 
 remain: 1 
DEBUG: (src/suffix_tree.c :44 :Suffix_tree_build) 
end: b
DEBUG: (src/suffix_tree.c :71 :Suffix_tree_build) already exist suffix,node: 0x563435f818f0 
 prev_node (nil):
 active_node : 0x563435f81670 active_edge: a active_len: 2 
 remain: 2 
DEBUG: (src/suffix_tree.c :44 :Suffix_tree_build) 
end: c
DEBUG: (src/suffix_tree.c :68 :Suffix_tree_build)  active_node : 0x563435f817b0 active_edge: c active_len: 0 
DEBUG: (src/suffix_tree.c :71 :Suffix_tree_build) already exist suffix,node: 0x563435f818f0 
 prev_node (nil):
 active_node : 0x563435f817b0 active_edge: c active_len: 1 
 remain: 3 
DEBUG: (src/suffix_tree.c :44 :Suffix_tree_build) 
end: d
DEBUG: (src/suffix_tree.c :84 :Suffix_tree_build) ap.node 0x563435f817b0
DEBUG: (src/suffix_tree.c :87 :Suffix_tree_build) splitting existing edge, node: 0x563435f81a50 
 prev_node 0x563435f81a50:
 active_node : 0x563435f818f0 active_edge: c active_len: 1 
 remain: 3 
DEBUG: (src/suffix_tree.c :84 :Suffix_tree_build) ap.node 0x563435f818f0
DEBUG: (src/suffix_tree.c :87 :Suffix_tree_build) splitting existing edge, node: 0x563435f81b90 
 prev_node 0x563435f81b90:
 active_node : 0x563435f81670 active_edge: c active_len: 1 
 remain: 2 
DEBUG: (src/suffix_tree.c :87 :Suffix_tree_build) splitting existing edge, node: 0x563435f81cd0 
 prev_node 0x563435f81cd0:
 active_node : 0x563435f81670 active_edge: d active_len: 0 
 remain: 1 
DEBUG: (src/suffix_tree.c :55 :Suffix_tree_build)  creating new edge node: 0x563435f81cd0 
 prev_node 0x563435f81670:
 active_node : 0x563435f81670 active_edge: d active_len: 0 
 remain: 0 
DEBUG: (test/tstree_tests.c :82 :main) -----RUNNING :././test/tstree_tests
DEBUG: (test/tstree_tests.c :74 :all_tests) 
------test_insert
DEBUG: (test/tstree_tests.c :75 :all_tests) 
------test_search_exact
DEBUG: (test/tstree_tests.c :30 :test_search_exact) VALUEA
DEBUG: (test/tstree_tests.c :76 :all_tests) 
------test_search_prefix
DEBUG: (test/tstree_tests.c :38 :test_search_prefix) result :0x5640eb518954 ,expected 0x5640eb518954
DEBUG: (test/tstree_tests.c :41 :test_search_prefix) result :0x5640eb51893f,expected: 0x5640eb51893f
DEBUG: (test/tstree_tests.c :78 :all_tests) 
------test_traverse
DEBUG: (test/tstree_tests.c :57 :test_traverse) traverse count is :4
DEBUG: (test/tstree_tests.c :79 :all_tests) 
------test_destroy
